 ceshell

 Timestamp is 618b15bc (Tue Nov 09 17:43:40 2021)

 Preferred load address is 10000000

 Start         Length     Name                   Class
 0001:00000000 00000004H .CRT$XCA                CODE
 0001:00000004 00000018H .CRT$XCU                CODE
 0001:0000001c 00000004H .CRT$XCZ                CODE
 0001:00000020 00000004H .CRT$XIA                CODE
 0001:00000024 00000004H .CRT$XIZ                CODE
 0001:00000028 00000004H .CRT$XPA                CODE
 0001:0000002c 00000004H .CRT$XPZ                CODE
 0001:00000030 00000004H .CRT$XTA                CODE
 0001:00000034 00000004H .CRT$XTZ                CODE
 0001:00000040 0000244eH .rdata                  CODE
 0001:00002490 00000024H .rdata$debug            CODE
 0001:000024b4 0003c3a0H .text                   CODE
 0001:0003e854 000000a0H .text$yc                CODE
 0001:0003e8f4 0000004cH .text$yd                CODE
 0001:0003e940 000002c8H .xdata                  CODE
 0001:0003ec08 00000078H .idata$2                CODE
 0001:0003ec80 00000014H .idata$3                CODE
 0001:0003ec94 000005fcH .idata$4                CODE
 0001:0003f290 000003aaH .idata$6                CODE
 0001:0003f640 00000495H .edata                  CODE
 0002:00000000 000005fcH .idata$5                DATA
 0002:00000600 0000055cH .data                   DATA
 0002:00000b60 00000ae4H .bss                    DATA
 0003:00000000 00002250H .pdata                  DATA
 0004:00000000 0000160cH .rsrc$01                DATA
 0004:00001610 00010610H .rsrc$02                DATA

  Address         Publics by Value              Rva+Base       Lib:Object

 0000:00000000       ___safe_se_handler_table   00000000     <absolute>
 0000:00000000       ___safe_se_handler_count   00000000     <absolute>
 0001:00000000       __xc_a                     10001000     corelib0:crt0init.obj
 0001:0000001c       __xc_z                     1000101c     corelib0:crt0init.obj
 0001:00000020       __xi_a                     10001020     corelib0:crt0init.obj
 0001:00000024       __xi_z                     10001024     corelib0:crt0init.obj
 0001:00000028       __xp_a                     10001028     corelib0:crt0init.obj
 0001:0000002c       __xp_z                     1000102c     corelib0:crt0init.obj
 0001:00000030       __xt_a                     10001030     corelib0:crt0init.obj
 0001:00000034       __xt_z                     10001034     corelib0:crt0init.obj
 0001:0000005c       IID_IShellBrowser          1000105c     ceshapi:thunks.obj
 0001:0000006c       IID_IShellView             1000106c     ceshapi:thunks.obj
 0001:0000007c       IID_IContextMenu           1000107c     ceshapi:thunks.obj
 0001:0000008c       IID_IShellFolder           1000108c     ceshapi:thunks.obj
 0001:0000009c       IID_IPersistFolder         1000109c     ceshapi:thunks.obj
 0001:000000ac       IID_IShellDetails          100010ac     ceshapi:thunks.obj
 0001:000000bc       IID_IEnumIDList            100010bc     ceshapi:thunks.obj
 0001:000000cc       IID_IShellListView         100010cc     ceshapi:thunks.obj
 0001:000000dc       IID_IShellChangeNotify     100010dc     ceshapi:thunks.obj
 0001:000000ec       CLSID_CEShellBitBucket     100010ec     ceshapi:api.obj
 0001:000000fc       CLSID_CEShellDesktop       100010fc     ceshapi:api.obj
 0001:0000010c       CLSID_CEShellDrives        1000110c     ceshapi:api.obj
 0001:0000011c       CLSID_CEShellNetwork       1000111c     ceshapi:api.obj
 0001:0000012c       CLSID_CEShellZIP           1000112c     ceshapi:api.obj
 0001:0000013c       IID_IEnumFilter            1000113c     ceshapi:api.obj
 0001:0000014c       IID_IEnumFilterEx          1000114c     ceshapi:api.obj
 0001:0000015c       IID_IShellListViewEx       1000115c     ceshapi:api.obj
 0001:0000016c       SID_QIClientSite           1000116c     ceshapi:api.obj
 0001:0000017c       CLSID_StartFolder          1000117c     ceshapi:api.obj
 0001:0000018c       ??_C@_1BK@EPNJBMEE@?$AAs?$AAh?$AAe?$AAl?$AAl?$AAr?$AAe?$AAs?$AA?4?$AAd?$AAl?$AAl?$AA?$AA@ 1000118c     ceshapi:api.obj
 0001:000001a8       ??_C@_13FPGAJAPJ@?$AA?2?$AA?$AA@ 100011a8     ceshapi:api.obj
 0001:000001ac       ??_C@_1CC@PBBBHBAH@?$AAG?$AAe?$AAt?$AAD?$AAa?$AAt?$AAa?$AAD?$AAi?$AAr?$AAe?$AAc?$AAt?$AAo?$AAr?$AAy?$AA?$AA@ 100011ac     ceshapi:api.obj
 0001:000001d0       ??_C@_1BG@KOHEIBDA@?$AAo?$AAs?$AAs?$AAv?$AAc?$AAs?$AA?4?$AAd?$AAl?$AAl?$AA?$AA@ 100011d0     ceshapi:api.obj
 0001:000001e8       ??_C@_11LOCGONAA@?$AA?$AA@ 100011e8     ceshapi:api.obj
 0001:000001ec       ??_C@_13NEIAEHFG@?$AA?$CC?$AA?$AA@ 100011ec     ceshapi:api.obj
 0001:000001f0       ??_C@_19BEHMAPDG@?$AA?4?$AAl?$AAn?$AAk?$AA?$AA@ 100011f0     ceshapi:api.obj
 0001:000001fc       ??_C@_19CFMCKEMN@?$AA?2?$AA?$CK?$AA?4?$AA?$CK?$AA?$AA@ 100011fc     ceshapi:api.obj
 0001:00000238       ??_7IDropTarget@@6B@       10001238     ceshapi:drag.obj
 0001:00000254       ??_7CNullDropTarget@@6B@   10001254     ceshapi:drag.obj
 0001:00000270       ??_C@_1BO@CDANOBEI@?$AAD?$AAr?$AAa?$AAg?$AAC?$AAa?$AAp?$AAt?$AAu?$AAr?$AAe?$AAW?$AAn?$AAd?$AA?$AA@ 10001270     ceshapi:drag.obj
 0001:00000290       ??_C@_13JOFGPIOO@?$AA?4?$AA?$AA@ 10001290     ceshapi:browse.obj
 0001:00000294       ??_C@_13HOIJIPNN@?$AA?5?$AA?$AA@ 10001294     ceshapi:shortcut.obj
 0001:00000298       ??_C@_1BG@HINDONOE@?$AAS?$AAe?$AAl?$AAe?$AAc?$AAt?$AAI?$AAc?$AAo?$AAn?$AA?$AA@ 10001298     ceshapi:shortcut.obj
 0001:000002b0       ??_C@_15FBMLFFBN@?$AA?$CF?$AA1?$AA?$AA@ 100012b0     ceshapi:shortcut.obj
 0001:000002b8       ??_C@_1BI@IDMJHIIF@?$AAD?$AAe?$AAf?$AAa?$AAu?$AAl?$AAt?$AAI?$AAc?$AAo?$AAn?$AA?$AA@ 100012b8     ceshapi:shortcut.obj
 0001:000002d0       ??_C@_1EC@JMOJPOPA@?$AAS?$AAO?$AAF?$AAT?$AAW?$AAA?$AAR?$AAE?$AA?2?$AAM?$AAi?$AAc?$AAr?$AAo?$AAs?$AAo?$AAf?$AAt?$AA?2?$AAI?$AAn?$AAt?$AAe?$AAr?$AAn?$AAa?$AAt?$AAi?$AAo?$AAn?$AAa?$AAl@ 100012d0     ceshapi:shortcut.obj
 0001:00000314       ??_C@_17DNCLJFIF@?$AAA?$AAC?$AAP?$AA?$AA@ 10001314     ceshapi:shortcut.obj
 0001:0000031c       ??_C@_17ENEANJDH@?$AA?5?$AA?$CF?$AAs?$AA?$AA@ 1000131c     ceshapi:shortcut.obj
 0001:00000324       ??_C@_1BA@PJEPLMPO@?$AA?$CF?$AAd?$AA?$CD?$AA?$CC?$AA?$CF?$AAs?$AA?$CC?$AA?$AA@ 10001324     ceshapi:shortcut.obj
 0001:00000334       ??_C@_1BI@EEKPCHLN@?$AAD?$AAi?$AAs?$AAp?$AAl?$AAa?$AAy?$AAN?$AAa?$AAm?$AAe?$AA?$AA@ 10001334     ceshapi:shortcut.obj
 0001:0000034c       ??_C@_1BC@MCAABAB@?$AAC?$AAL?$AAS?$AAI?$AAD?$AA?2?$AA?$CF?$AAs?$AA?$AA@ 1000134c     ceshapi:shortcut.obj
 0001:00000360       ?LOCKED_FOLDERS@CFileOperation@@1QBIB 10001360     ceshapi:shfileop.obj
 0001:00000380       ?PROTECTED_FOLDERS@CFileOperation@@1QBIB 10001380     ceshapi:shfileop.obj
 0001:00000388       ?LONGEST_PATH@CFileOperation@@2KB 10001388     ceshapi:shfileop.obj
 0001:0000038c       ?m_cdwShowProgressThreshold@CProgressUI@@1KB 1000138c     ceshapi:shfileop.obj
 0001:00000390       ?SHOW_PROGRESS_THRESHOLD@CCalculateTotalSize@@1_KB 10001390     ceshapi:shfileop.obj
 0001:00000398       ??_7CCalculateTotalSize@@6B@ 10001398     ceshapi:shfileop.obj
 0001:000003a4       ??_7WalkAction@CDirectoryWalker@@6B@ 100013a4     ceshapi:shfileop.obj
 0001:000003ac       ??_7CFileOperation@@6B@    100013ac     ceshapi:shfileop.obj
 0001:000003c0       ??_7CRename@@6B@           100013c0     ceshapi:shfileop.obj
 0001:000003d4       ??_7CProgressUI@@6B@       100013d4     ceshapi:shfileop.obj
 0001:00000410       ??_C@_19LJDFFCJJ@?$AA?$CF?$AAs?$AA?$CF?$AAs?$AA?$AA@ 10001410     ceshapi:shfileop.obj
 0001:00000420       ??_C@_1EG@GCMJLFBA@?$AAA?$AAn?$AA?5?$AAu?$AAn?$AAk?$AAn?$AAo?$AAw?$AAn?$AA?5?$AAe?$AAr?$AAr?$AAo?$AAr?$AA?5?$AAo?$AAc?$AAc?$AAu?$AAr?$AAe?$AAd?$AA?5?$AA?$CI?$AA0?$AAx?$AA?$CF?$AA8?$AA?4?$AA8@ 10001420     ceshapi:shfileop.obj
 0001:00000468       ??_7CWalkingFileOperation@@6BCFileOperation@@@ 10001468     ceshapi:shfileop.obj
 0001:00000488       ??_7CWalkingFileOperation@@6BWalkAction@CDirectoryWalker@@@ 10001488     ceshapi:shfileop.obj
 0001:00000490       ??_C@_1CM@MCKGNODI@?$AAL?$AAo?$AAc?$AAa?$AAl?$AAi?$AAz?$AAe?$AAd?$AAR?$AAe?$AAs?$AAo?$AAu?$AAr?$AAc?$AAe?$AAN?$AAa?$AAm?$AAe?$AA?$AA@ 10001490     ceshapi:shfileop.obj
 0001:000004bc       ??_C@_1CE@IEGIIGGF@?$AA?$FL?$AA?4?$AAS?$AAh?$AAe?$AAl?$AAl?$AAC?$AAl?$AAa?$AAs?$AAs?$AAI?$AAn?$AAf?$AAo?$AA?$FN?$AA?$AA@ 100014bc     ceshapi:shfileop.obj
 0001:000004e0       ??_C@_1BI@IBKJFPKC@?$AAd?$AAe?$AAs?$AAk?$AAt?$AAo?$AAp?$AA?4?$AAi?$AAn?$AAi?$AA?$AA@ 100014e0     ceshapi:shfileop.obj
 0001:000004f8       ??_C@_15PKPONJIK@?$AA?2?$AA?$CK?$AA?$AA@ 100014f8     ceshapi:shfileop.obj
 0001:00000500       ??_7CCopyMove@@6BCFileOperation@@@ 10001500     ceshapi:shfileop.obj
 0001:00000524       ??_7CCopyMove@@6BWalkAction@CDirectoryWalker@@@ 10001524     ceshapi:shfileop.obj
 0001:0000052c       ??_7CDelete@@6BCFileOperation@@@ 1000152c     ceshapi:shfileop.obj
 0001:0000054c       ??_7CDelete@@6BWalkAction@CDirectoryWalker@@@ 1000154c     ceshapi:shfileop.obj
 0001:00000554       ??_7CCopy@@6BCFileOperation@@@ 10001554     ceshapi:shfileop.obj
 0001:00000578       ??_7CCopy@@6BWalkAction@CDirectoryWalker@@@ 10001578     ceshapi:shfileop.obj
 0001:00000580       ??_7CMove@@6BCFileOperation@@@ 10001580     ceshapi:shfileop.obj
 0001:000005a4       ??_7CMove@@6BWalkAction@CDirectoryWalker@@@ 100015a4     ceshapi:shfileop.obj
 0001:000005ac       CGID_CEShell               100015ac     ceshapi:fileopen.obj
 0001:00000688       ?s_szDesktopCLSID@FileOpenDlg_t@@1QBGB 10001688     ceshapi:fileopen.obj
 0001:000006d8       ?s_szBitBucketCLSID@FileOpenDlg_t@@1QBGB 100016d8     ceshapi:fileopen.obj
 0001:00000728       ?s_RegGUIDs@FileOpenDlg_t@@1QBGB 10001728     ceshapi:fileopen.obj
 0001:000007ac       ?s_RegDisplayName@FileOpenDlg_t@@1QBGB 100017ac     ceshapi:fileopen.obj
 0001:000007c8       ??_7FileOpenDlg_t@@6BIShellBrowser@@@ 100017c8     ceshapi:fileopen.obj
 0001:00000810       ??_7FileOpenDlg_t@@6BIOleCommandTarget@@@ 10001810     ceshapi:fileopen.obj
 0001:00000824       ??_C@_1BG@PFFEMDMJ@?$AAS?$AAi?$AAp?$AAG?$AAe?$AAt?$AAI?$AAn?$AAf?$AAo?$AA?$AA@ 10001824     ceshapi:fileopen.obj
 0001:0000083c       ??_C@_1BI@CJKPFBEK@?$AAc?$AAo?$AAr?$AAe?$AAd?$AAl?$AAl?$AA?4?$AAd?$AAl?$AAl?$AA?$AA@ 1000183c     ceshapi:fileopen.obj
 0001:00000854       ??_C@_1CK@BIJMMNGJ@?$AA?2?$AAw?$AAi?$AAn?$AAd?$AAo?$AAw?$AAs?$AA?2?$AAp?$AAe?$AAg?$AAh?$AAe?$AAl?$AAp?$AA?4?$AAe?$AAx?$AAe?$AA?$AA@ 10001854     ceshapi:fileopen.obj
 0001:00000880       ??_C@_1O@FHBGLCIO@?$AAC?$AAL?$AAS?$AAI?$AAD?$AA?2?$AA?$AA@ 10001880     ceshapi:fileopen.obj
 0001:000008f4       ??_C@_1O@ELLBDENI@?$AAS?$AAT?$AAA?$AAT?$AAI?$AAC?$AA?$AA@ 100018f4     ceshapi:fileopen.obj
 0001:00000904       ??_C@_17ECHFBE@?$AA?$CK?$AA?4?$AA?$CK?$AA?$AA@ 10001904     ceshapi:fileopen.obj
 0001:0000090c       ??_C@_15EAECJAPL@?$AA?$CK?$AA?$DP?$AA?$AA@ 1000190c     ceshapi:fileopen.obj
 0001:00000914       ??_C@_1O@MNPJHIFF@?$AA?1?$AA?3?$AA?$CC?$AA?$DM?$AA?$DO?$AA?$HM?$AA?$AA@ 10001914     ceshapi:fileopen.obj
 0001:00000924       ??_C@_1M@DFKENGJN@?$AA?$CF?$AAs?$AA?2?$AA?$CF?$AAs?$AA?$AA@ 10001924     ceshapi:fileopen.obj
 0001:00000930       ??_C@_15HEEKGCFC@?$AA?3?$AA?3?$AA?$AA@ 10001930     ceshapi:fileopen.obj
 0001:00000938       ??_C@_1BA@GOLMHEEM@?$AAS?$AAI?$AAP?$AAP?$AAR?$AAE?$AAF?$AA?$AA@ 10001938     ceshapi:fileopen.obj
 0001:00000948       ??_C@_1BA@NGKEOGJG@?$AAp?$AAe?$AAg?$AAh?$AAe?$AAl?$AAp?$AA?$AA@ 10001948     ceshapi:fileopen.obj
 0001:00000958       ??_C@_1DO@DGPHGJLL@?$AAf?$AAi?$AAl?$AAe?$AA?3?$AAw?$AAi?$AAn?$AAc?$AAe?$AA?4?$AAh?$AAt?$AAm?$AA?$CD?$AAO?$AAp?$AAe?$AAn?$AA_?$AAd?$AAi?$AAa?$AAl?$AAo?$AAg?$AA_?$AAb?$AAo?$AAx?$AA?$AA@ 10001958     ceshapi:fileopen.obj
 0001:00000998       ??_C@_1EE@JKCMNHGB@?$AAf?$AAi?$AAl?$AAe?$AA?3?$AAw?$AAi?$AAn?$AAc?$AAe?$AA?4?$AAh?$AAt?$AAm?$AA?$CD?$AAS?$AAa?$AAv?$AAe?$AA_?$AAA?$AAs?$AA_?$AAd?$AAi?$AAa?$AAl?$AAo?$AAg?$AA_?$AAb?$AAo@ 10001998     ceshapi:fileopen.obj
 0001:000009dc       ??_C@_19FJELMPGJ@?$AAB?$AAO?$AAO?$AAL?$AA?$AA@ 100019dc     ceshapi:fileopen.obj
 0001:00000a20       ??_C@_19PJLAHDGG@?$AA?4?$AAt?$AAt?$AAe?$AA?$AA@ 10001a20     ceshapi:font.obj
 0001:00000a2c       ??_7CShellMalloc@@6B@      10001a2c     ceshapi:malloc.obj
 0001:00000a50       ?HIBERNATE_FREEZE_CACHE@CIconCache@@1KB 10001a50     ceshapi:iconcache.obj
 0001:00000a54       ?LCID_ENGLISH@CIconCache@@1KB 10001a54     ceshapi:iconcache.obj
 0001:00000a58       ??_C@_1BI@IGBINLPG@?$AAc?$AAe?$AAs?$AAh?$AAe?$AAl?$AAl?$AA?4?$AAd?$AAl?$AAl?$AA?$AA@ 10001a58     ceshapi:iconcache.obj
 0001:00000a70       ??_C@_1CA@GCJCCFHN@?$AAS?$AAe?$AAl?$AAe?$AAc?$AAt?$AAI?$AAc?$AAo?$AAn?$AAI?$AAn?$AAd?$AAe?$AAx?$AA?$AA@ 10001a70     ceshapi:iconcache.obj
 0001:00000a90       ??_C@_1BE@DJANMP@?$AAI?$AAc?$AAo?$AAn?$AAI?$AAn?$AAd?$AAe?$AAx?$AA?$AA@ 10001a90     ceshapi:iconcache.obj
 0001:00000aa4       ??_C@_1BC@POAHOBOE@?$AAI?$AAc?$AAo?$AAn?$AAF?$AAi?$AAl?$AAe?$AA?$AA@ 10001aa4     ceshapi:iconcache.obj
 0001:00000ab8       ??_C@_1BA@MKGMBMD@?$AAA?$AAl?$AAt?$AAI?$AAc?$AAo?$AAn?$AA?$AA@ 10001ab8     ceshapi:iconcache.obj
 0001:00000ac8       ??_C@_1BA@LLGMNHOD@?$AAR?$AAe?$AAs?$AAt?$AAo?$AAr?$AAe?$AA?$AA@ 10001ac8     ceshapi:undo.obj
 0001:00000b28       ??_7CShellClassFactory@@6B@ 10001b28     ceshui:ceshellcf.obj
 0001:00000b3c       ?TYPE_MASK@CEItemID@@2KB   10001b3c     ceshui:idlist.obj
 0001:00000b40       ?TYPE_UNKNOWN@CEItemID@@2KB 10001b40     ceshui:idlist.obj
 0001:00000b44       ?TYPE_NAMESPACE@CEItemID@@2KB 10001b44     ceshui:idlist.obj
 0001:00000b48       ?TYPE_FILESYSTEM@CEItemID@@2KB 10001b48     ceshui:idlist.obj
 0001:00000b4c       ?ATTRIBUTES_MASK@CEItemID@@2KB 10001b4c     ceshui:idlist.obj
 0001:00000b50       ?ATTRIBUTES_UNKNOWN@CEItemID@@2KB 10001b50     ceshui:idlist.obj
 0001:00000b54       ?ATTRIBUTES_FILE@CEItemID@@2KB 10001b54     ceshui:idlist.obj
 0001:00000b58       ?ATTRIBUTES_LINK@CEItemID@@2KB 10001b58     ceshui:idlist.obj
 0001:00000b5c       ?ATTRIBUTES_IMAGE@CEItemID@@2KB 10001b5c     ceshui:idlist.obj
 0001:00000b60       ?ATTRIBUTES_DIRECTORY@CEItemID@@2KB 10001b60     ceshui:idlist.obj
 0001:00000b64       ?ATTRIBUTES_EXECUTABLE@CEItemID@@2KB 10001b64     ceshui:idlist.obj
 0001:00000b68       ?ATTRIBUTES_MOUNTPOINT@CEItemID@@2KB 10001b68     ceshui:idlist.obj
 0001:00000b6c       ?ATTRIBUTES_INROM@CEItemID@@2KB 10001b6c     ceshui:idlist.obj
 0001:00000b70       ?ATTRIBUTES_READONLY@CEItemID@@2KB 10001b70     ceshui:idlist.obj
 0001:00000b74       ?CACHE_MASK@CEItemID@@2KB  10001b74     ceshui:idlist.obj
 0001:00000b78       ?CACHE_EMPTY@CEItemID@@2KB 10001b78     ceshui:idlist.obj
 0001:00000b7c       ?CACHE_LASTWRITETIME@CEItemID@@2KB 10001b7c     ceshui:idlist.obj
 0001:00000b80       ?CACHE_SIZE@CEItemID@@2KB  10001b80     ceshui:idlist.obj
 0001:00000b84       ?CACHE_VOID@CEItemID@@2KB  10001b84     ceshui:idlist.obj
 0001:00000b88       ?DESKTOP@UserSettings@@1QBGB 10001b88     ceshui:usersettings.obj
 0001:00000bb4       ?EXPLORER@UserSettings@@1QBGB 10001bb4     ceshui:usersettings.obj
 0001:00000bc8       ?EXPLORER_SETTINGS@UserSettings@@2QBGB 10001bc8     ceshui:usersettings.obj
 0001:00000c28       ?BACKGROUND_IMAGE_LOCATION@UserSettings@@1QBGB 10001c28     ceshui:usersettings.obj
 0001:00000c3c       ?LISTVIEW_STYLE@UserSettings@@1QBGB 10001c3c     ceshui:usersettings.obj
 0001:00000c50       ?RECYCLE_BIN_PERCENTAGE@UserSettings@@1QBGB 10001c50     ceshui:usersettings.obj
 0001:00000c70       ?SHOW_FILE_NAME@UserSettings@@2QBGB 10001c70     ceshui:usersettings.obj
 0001:00000c8c       ?SHOW_FILE_TYPE@UserSettings@@2QBGB 10001c8c     ceshui:usersettings.obj
 0001:00000ca8       ?SHOW_FILE_SIZE@UserSettings@@2QBGB 10001ca8     ceshui:usersettings.obj
 0001:00000cc4       ?SHOW_DATE_MODIFIED@UserSettings@@2QBGB 10001cc4     ceshui:usersettings.obj
 0001:00000ce8       ?SHOW_EXTENSIONS@UserSettings@@1QBGB 10001ce8     ceshui:usersettings.obj
 0001:00000cf8       ?SHOW_HIDDEN_FILES@UserSettings@@1QBGB 10001cf8     ceshui:usersettings.obj
 0001:00000d08       ?SHOW_OVERLAY_MASK@UserSettings@@1QBGB 10001d08     ceshui:usersettings.obj
 0001:00000d28       ?SHOW_SYSTEM_FILES@UserSettings@@1QBGB 10001d28     ceshui:usersettings.obj
 0001:00000d38       ?TILE_BACKGROUND_IMAGE@UserSettings@@1QBGB 10001d38     ceshui:usersettings.obj
 0001:00000d44       ?USE_2ND_CLIPBOARD@UserSettings@@1QBGB 10001d44     ceshui:usersettings.obj
 0001:00000d64       ?USE_COMPATIBLE_BACKGROUND_IMAGE@UserSettings@@1QBGB 10001d64     ceshui:usersettings.obj
 0001:00000d90       ?USE_DRAG_DROP@UserSettings@@1QBGB 10001d90     ceshui:usersettings.obj
 0001:00000da8       ?USE_RECYCLE_BIN@UserSettings@@1QBGB 10001da8     ceshui:usersettings.obj
 0001:00000dc4       ?DEFAULT_LISTVIEW_STYLE@UserSettings@@1KB 10001dc4     ceshui:usersettings.obj
 0001:00000dc8       ?DEFAULT_RECYCLE_BIN_SIZE@UserSettings@@1KB 10001dc8     ceshui:usersettings.obj
 0001:00000dcc       ?DEFAULT_SHOW_FILE_NAME@UserSettings@@1HB 10001dcc     ceshui:usersettings.obj
 0001:00000dd0       ?DEFAULT_SHOW_EXTENSIONS@UserSettings@@1HB 10001dd0     ceshui:usersettings.obj
 0001:00000dd4       ?DEFAULT_SHOW_HIDDEN_FILES@UserSettings@@1HB 10001dd4     ceshui:usersettings.obj
 0001:00000dd8       ?DEFAULT_SHOW_FILE_SIZE@UserSettings@@1HB 10001dd8     ceshui:usersettings.obj
 0001:00000ddc       ?DEFAULT_SHOW_DATE_MODIFIED@UserSettings@@1HB 10001ddc     ceshui:usersettings.obj
 0001:00000de0       ?DEFAULT_SHOW_FILE_TYPE@UserSettings@@1HB 10001de0     ceshui:usersettings.obj
 0001:00000de4       ?DEFAULT_SHOW_OVERLAY_MASK@UserSettings@@1HB 10001de4     ceshui:usersettings.obj
 0001:00000de8       ?DEFAULT_SHOW_SYSTEM_FILES@UserSettings@@1HB 10001de8     ceshui:usersettings.obj
 0001:00000dec       ?DEFAULT_TILE_BACKGROUND_IMAGE@UserSettings@@1HB 10001dec     ceshui:usersettings.obj
 0001:00000df0       ?DEFAULT_USE_2ND_CLIPBOARD@UserSettings@@1HB 10001df0     ceshui:usersettings.obj
 0001:00000df4       ?DEFAULT_USE_COMPATIBLE_BACKGROUND_IMAGE@UserSettings@@1HB 10001df4     ceshui:usersettings.obj
 0001:00000df8       ?DEFAULT_USE_DRAG_DROP@UserSettings@@1HB 10001df8     ceshui:usersettings.obj
 0001:00000dfc       ??_C@_17JHAPGMHF@?$AA?3?$AA?3?$AA?$HL?$AA?$AA@ 10001dfc     ceshui:folderutils.obj
 0001:00000e04       ??_C@_1CK@BIEIJCIK@?$AA?$FL?$AAL?$AAo?$AAc?$AAa?$AAl?$AAi?$AAz?$AAe?$AAd?$AAF?$AAi?$AAl?$AAe?$AAN?$AAa?$AAm?$AAe?$AAs?$AA?$FN?$AA?$AA@ 10001e04     ceshui:folderutils.obj
 0001:00000e30       ??_C@_1M@OGLPPGPN@?$AA?$CF?$AAI?$AA6?$AA4?$AAu?$AA?$AA@ 10001e30     ceshui:shelldialogs.obj
 0001:00000e3c       ??_C@_19MNDKMKJC@?$AA?$CF?$AA0?$AA2?$AAd?$AA?$AA@ 10001e3c     ceshui:shelldialogs.obj
 0001:00000e48       ??_C@_15KNBIKKIN@?$AA?$CF?$AAd?$AA?$AA@ 10001e48     ceshui:shelldialogs.obj
 0001:00000e50       ??_C@_15JOGBDECP@?$AA?0?$AA?5?$AA?$AA@ 10001e50     ceshui:shelldialogs.obj
 0001:00000e58       ??_C@_1BA@ENINOPGK@?$AA?$CF?$AAs?$AA?5?$AA?$CI?$AA?$CF?$AAs?$AA?$CJ?$AA?$AA@ 10001e58     ceshui:shelldialogs.obj
 0001:00000e68       ??_C@_1BG@GLFMBHGH@?$AA?$CF?$AAs?$AA?$AN?$AA?6?$AA?$CF?$AAs?$AA?0?$AA?5?$AA?$CF?$AAs?$AA?$AA@ 10001e68     ceshui:shelldialogs.obj
 0001:00000e80       ??_C@_1BM@GNCNIGIG@?$AA?$CF?$AAs?$AA?$AN?$AA?6?$AA?$CF?$AAs?$AA?5?$AA?$CF?$AAs?$AA?0?$AA?5?$AA?$CF?$AAs?$AA?$AA@ 10001e80     ceshui:shelldialogs.obj
 0001:00000e9c       ??_C@_17LGKOMLJ@?$AA?4?$AA?4?$AA?4?$AA?$AA@ 10001e9c     ceshui:shelldialogs.obj
 0001:00000ea4       ?NOTIFY_FILTER@FileChangeNotify@@0KB 10001ea4     ceshui:filechangemgr.obj
 0001:00000ea8       ?NOTIFY_BUFFER_MAX@FileChangeNotify@@0KB 10001ea8     ceshui:filechangemgr.obj
 0001:00000eac       ??_7FileChangeNotify@@6B@  10001eac     ceshui:filechangemgr.obj
 0001:00000ec4       IID_IImagingFactory        10001ec4     ceshui:drivesfolder.obj
 0001:00000ed4       CLSID_ImagingFactory       10001ed4     ceshui:drivesfolder.obj
 0001:00000ee4       ??_7CDrivesFolder@@6BIShellFolder@@@ 10001ee4     ceshui:drivesfolder.obj
 0001:00000f18       ??_7CDrivesFolder@@6BIShellDetails@@@ 10001f18     ceshui:drivesfolder.obj
 0001:00000f2c       ??_7CDrivesFolder@@6BIPersistFolder@@@ 10001f2c     ceshui:drivesfolder.obj
 0001:00000f40       ??_7IShellDetails@@6B@     10001f40     ceshui:drivesfolder.obj
 0001:00000f58       ??_7ZipFolder@@6BIShellFolder@@@ 10001f58     ceshui:ZipFolder.obj
 0001:00000fa4       ??_7ZipFolder@@6BIShellDetails@@@ 10001fa4     ceshui:ZipFolder.obj
 0001:00000fb8       ??_7ZipFolder@@6BIPersistFolder@@@ 10001fb8     ceshui:ZipFolder.obj
 0001:00000fd0       ??_7CStartFolder@@6BIShellFolder@@@ 10001fd0     ceshui:startfolder.obj
 0001:0000101c       ??_7CStartFolder@@6BIShellDetails@@@ 1000201c     ceshui:startfolder.obj
 0001:00001030       ??_7CStartFolder@@6BIPersistFolder@@@ 10002030     ceshui:startfolder.obj
 0001:00001048       ??_C@_1EG@OEJJOGBF@?$AAS?$AAo?$AAf?$AAt?$AAw?$AAa?$AAr?$AAe?$AA?2?$AAM?$AAi?$AAc?$AAr?$AAo?$AAs?$AAo?$AAf?$AAt?$AA?2?$AAS?$AAh?$AAe?$AAl?$AAl?$AA?2?$AAS?$AAt?$AAa?$AAr?$AAt?$AAM?$AAe@ 10002048     ceshui:startfolder.obj
 0001:00001090       ??_C@_1M@PJMPBMAL@?$AAO?$AAr?$AAd?$AAe?$AAr?$AA?$AA@ 10002090     ceshui:startfolder.obj
 0001:0000109c       ??_7CNetworkFolder@@6BIShellFolder@@@ 1000209c     ceshui:netfolder.obj
 0001:000010d0       ??_7CNetworkFolder@@6BIPersistFolder@@@ 100020d0     ceshui:netfolder.obj
 0001:000010e4       ??_7CDesktopFolder@@6BIShellFolder@@@ 100020e4     ceshui:deskfolder.obj
 0001:00001118       ??_7CDesktopFolder@@6BIShellDetails@@@ 10002118     ceshui:deskfolder.obj
 0001:0000112c       ??_7CDesktopFolder@@6BIPersistFolder@@@ 1000212c     ceshui:deskfolder.obj
 0001:00001140       ??_C@_1BE@NKLACFNC@?$AAs?$AAh?$AAe?$AAl?$AAl?$AA?3?$AA?3?$AA?3?$AA?$HL?$AA?$AA@ 10002140     ceshui:deskfolder.obj
 0001:00001158       ??_7CFileFolder@@6BIShellFolder@@@ 10002158     ceshui:filefolder.obj
 0001:000011a0       ??_7CFileFolder@@6BIShellDetails@@@ 100021a0     ceshui:filefolder.obj
 0001:000011b4       ??_7CFileFolder@@6BIPersistFolder@@@ 100021b4     ceshui:filefolder.obj
 0001:000011c8       ??_C@_1CI@JMDKJINL@?$AAS?$AAH?$AAE?$AAL?$AAL?$AA_?$AAD?$AAA?$AAT?$AAA?$AA_?$AAT?$AAR?$AAA?$AAN?$AAS?$AAF?$AAE?$AAR?$AA?$AA@ 100021c8     ceshui:filefolder.obj
 0001:000011f0       ??_C@_1EO@LPCPAGIG@?$AA?$HL?$AA9?$AAd?$AA5?$AA0?$AA1?$AA5?$AA3?$AA3?$AA?9?$AAb?$AA3?$AA2?$AA0?$AA?9?$AA4?$AA7?$AA1?$AA3?$AA?9?$AAb?$AAa?$AA2?$AA8?$AA?9?$AAf?$AA5?$AA2?$AAc?$AA0?$AAf?$AAa@ 100021f0     ceshui:defshellview.obj
 0001:00001240       ?AUTOSIZE@ColumnDetails@CDefShellView@@2HB 10002240     ceshui:defshellview.obj
 0001:00001244       ?FILL@ColumnDetails@CDefShellView@@2HB 10002244     ceshui:defshellview.obj
 0001:00001248       ?WC_DEFSHELLVIEW@CDefShellView@@1QBGB 10002248     ceshui:defshellview.obj
 0001:00001264       ?IN_LABEL_EDIT@CDefShellView@@1IB 10002264     ceshui:defshellview.obj
 0001:00001268       ?IN_REFRESH@CDefShellView@@1IB 10002268     ceshui:defshellview.obj
 0001:0000126c       ?BACK_ENABLED@CDefShellView@@1IB 1000226c     ceshui:defshellview.obj
 0001:00001270       ?FWD_ENABLED@CDefShellView@@1IB 10002270     ceshui:defshellview.obj
 0001:00001274       ?SORT_DECENDING@CDefShellView@@1IB 10002274     ceshui:defshellview.obj
 0001:00001278       ?IN_LABEL_APPLY@CDefShellView@@1IB 10002278     ceshui:defshellview.obj
 0001:0000127c       ?PERSIST_VIEWMODE@CDefShellView@@1IB 1000227c     ceshui:defshellview.obj
 0001:00001280       ?SVM_CHANGENOTIFYEVENT@CDefShellView@@1IB 10002280     ceshui:defshellview.obj
 0001:00001284       ?SVM_SELECTIONCHANGED@CDefShellView@@1IB 10002284     ceshui:defshellview.obj
 0001:00001288       ?SVM_BROWSEOBJECT@CDefShellView@@1IB 10002288     ceshui:defshellview.obj
 0001:0000128c       ?s_szUserSpecifiedItem@CDefShellView@@1QBGB 1000228c     ceshui:defshellview.obj
 0001:00001290       ??_7IEnumFilter@@6B@       10002290     ceshui:defshellview.obj
 0001:000012a0       ??_C@_1BG@MBAMAOHI@?$AAc?$AAt?$AAl?$AAp?$AAn?$AAl?$AA?4?$AAe?$AAx?$AAe?$AA?$AA@ 100022a0     ceshui:defshellview.obj
 0001:000012b8       ??_C@_1BG@COALCEMK@?$AAP?$AAr?$AAo?$AAp?$AAe?$AAr?$AAt?$AAi?$AAe?$AAs?$AA?$AA@ 100022b8     ceshui:defshellview.obj
 0001:000012d0       ??_C@_17CMJHEBMJ@?$AA?2?$AA?2?$AA?$CK?$AA?$AA@ 100022d0     ceshui:defshellview.obj
 0001:000012d8       ??_C@_15ELOONFKJ@?$AA?3?$AA?5?$AA?$AA@ 100022d8     ceshui:defshellview.obj
 0001:000012e0       ??_C@_19LIJGBOL@?$AAT?$AAO?$AAD?$AAO?$AA?$AA@ 100022e0     ceshui:defshellview.obj
 0001:000012ec       ??_7IShellChangeNotify@@6B@ 100022ec     ceshui:defshellview.obj
 0001:000012fc       ??_7IDropSource@@6B@       100022fc     ceshui:defshellview.obj
 0001:00001310       ??_7IEnumFilterEx@@6B@     10002310     ceshui:defshellview.obj
 0001:00001328       ??_7IShellListViewEx@@6B@  10002328     ceshui:defshellview.obj
 0001:00001358       ??_7CDefShellView@@6BIShellView@@@ 10002358     ceshui:defshellview.obj
 0001:00001438       ??_7CDefShellView@@6BIOleCommandTarget@@@ 10002438     ceshui:defshellview.obj
 0001:0000144c       ??_7CDefShellView@@6BIOleInPlaceActiveObject@@@ 1000244c     ceshui:defshellview.obj
 0001:00001474       ??_7CDefShellView@@6BIShellChangeNotify@@@ 10002474     ceshui:defshellview.obj
 0001:00001484       ??_7CDefShellView@@6BIDropSource@@@ 10002484     ceshui:defshellview.obj
 0001:00001498       ??_7CDefShellView@@6BIDropTarget@@@ 10002498     ceshui:defshellview.obj
 0001:000014b4       ??_7CDefShellView@@6BIEnumFilterEx@@@ 100024b4     ceshui:defshellview.obj
 0001:000014cc       ??_7CDefShellView@@6BIShellListViewEx@@@ 100024cc     ceshui:defshellview.obj
 0001:000014f8       ??_C@_1EA@BFBEBPBN@?$AAw?$AAi?$AAn?$AAc?$AAe?$AA?4?$AAh?$AAt?$AAm?$AA?$CD?$AAW?$AAi?$AAn?$AAd?$AAo?$AAw?$AAs?$AA_?$AAE?$AAx?$AAp?$AAl?$AAo?$AAr?$AAe?$AAr?$AA_?$AAH?$AAe?$AAl?$AAp?$AA?$AA@ 100024f8     ceshui:defshellview.obj
 0001:00001538       ??_7IOleInPlaceActiveObject@@6B@ 10002538     ceshui:defshellview.obj
 0001:00001560       ??_C@_1BO@CCEKNIIA@?$AAE?$AAx?$AAp?$AAl?$AAo?$AAr?$AAe?$AAr?$AA?2?$AAS?$AAt?$AAa?$AAr?$AAt?$AA?$AA@ 10002560     ceshui:nsenum.obj
 0001:00001580       ??_C@_1CK@NBJJBODF@?$AAE?$AAx?$AAp?$AAl?$AAo?$AAr?$AAe?$AAr?$AA?2?$AAM?$AAy?$AA?5?$AAC?$AAo?$AAm?$AAp?$AAu?$AAt?$AAe?$AAr?$AA?$AA@ 10002580     ceshui:nsenum.obj
 0001:000015ac       ??_C@_1CC@PIFDOLHL@?$AAE?$AAx?$AAp?$AAl?$AAo?$AAr?$AAe?$AAr?$AA?2?$AAD?$AAe?$AAs?$AAk?$AAt?$AAo?$AAp?$AA?$AA@ 100025ac     ceshui:nsenum.obj
 0001:000015d0       ??_7CNameSpaceEnum@@6BIEnumIDList@@@ 100025d0     ceshui:nsenum.obj
 0001:000015ec       ??_7CNameSpaceEnum@@6BIEnumFilterEx@@@ 100025ec     ceshui:nsenum.obj
 0001:00001604       ??_7ZipFileSystemEnum@@6BIEnumIDList@@@ 10002604     ceshui:ZipFileSystemEnum.obj
 0001:00001620       ??_7ZipFileSystemEnum@@6BIEnumFilter@@@ 10002620     ceshui:ZipFileSystemEnum.obj
 0001:00001630       ??_7ZipFileInfo@ZipFileSystemEnum@@6B@ 10002630     ceshui:ZipFileSystemEnum.obj
 0001:0000163c       ?s_szREGShellSettings@CStartShellView@@0QBGB 1000263c     ceshui:startshellview.obj
 0001:00001670       ?s_szREGHasKeyboard@CStartShellView@@0QBGB 10002670     ceshui:startshellview.obj
 0001:00001688       ??_C@_1BM@DHELOIIL@?$AAS?$AAH?$AAG?$AAe?$AAt?$AAS?$AAy?$AAs?$AAC?$AAo?$AAl?$AAo?$AAr?$AA?$AA@ 10002688     ceshui:startshellview.obj
 0001:000016a8       ??_7CStartShellView@@6BIShellView@@@ 100026a8     ceshui:startshellview.obj
 0001:00001788       ??_7CStartShellView@@6BIOleCommandTarget@@@ 10002788     ceshui:startshellview.obj
 0001:0000179c       ??_7CStartShellView@@6BIOleInPlaceActiveObject@@@ 1000279c     ceshui:startshellview.obj
 0001:000017c4       ??_7CStartShellView@@6BIShellChangeNotify@@@ 100027c4     ceshui:startshellview.obj
 0001:000017d4       ??_7CStartShellView@@6BIDropSource@@@ 100027d4     ceshui:startshellview.obj
 0001:000017e8       ??_7CStartShellView@@6BIDropTarget@@@ 100027e8     ceshui:startshellview.obj
 0001:00001804       ??_7CStartShellView@@6BIEnumFilterEx@@@ 10002804     ceshui:startshellview.obj
 0001:0000181c       ??_7CStartShellView@@6BIShellListViewEx@@@ 1000281c     ceshui:startshellview.obj
 0001:00001848       ??_C@_1BK@NAKKEEKA@?$AAc?$AAo?$AAm?$AAm?$AAc?$AAt?$AAr?$AAl?$AA?4?$AAd?$AAl?$AAl?$AA?$AA@ 10002848     ceshui:startshellview.obj
 0001:00001864       ?m_szDesktopIni@CFileSystemEnum@@0QBGB 10002864     ceshui:fsenum.obj
 0001:0000187c       ??_7CFileSystemEnum@@6BIEnumIDList@@@ 1000287c     ceshui:fsenum.obj
 0001:00001898       ??_7CFileSystemEnum@@6BIEnumFilterEx@@@ 10002898     ceshui:fsenum.obj
 0001:000018b0       ?WC_DESKTOPVIEW@CDesktopView@@1QBGB 100028b0     ceshui:desktopview.obj
 0001:000018e0       ??_7CDesktopView@@6BIShellView@@@ 100028e0     ceshui:desktopview.obj
 0001:000019c4       ??_7CDesktopView@@6BIOleCommandTarget@@@ 100029c4     ceshui:desktopview.obj
 0001:000019d8       ??_7CDesktopView@@6BIOleInPlaceActiveObject@@@ 100029d8     ceshui:desktopview.obj
 0001:00001a00       ??_7CDesktopView@@6BIShellChangeNotify@@@ 10002a00     ceshui:desktopview.obj
 0001:00001a10       ??_7CDesktopView@@6BIDropSource@@@ 10002a10     ceshui:desktopview.obj
 0001:00001a24       ??_7CDesktopView@@6BIDropTarget@@@ 10002a24     ceshui:desktopview.obj
 0001:00001a40       ??_7CDesktopView@@6BIEnumFilterEx@@@ 10002a40     ceshui:desktopview.obj
 0001:00001a58       ??_7CDesktopView@@6BIShellListViewEx@@@ 10002a58     ceshui:desktopview.obj
 0001:00001a84       ??_C@_1BA@PICGEGJB@?$AAD?$AAI?$AAS?$AAP?$AAL?$AAA?$AAY?$AA?$AA@ 10002a84     ceshui:desktopview.obj
 0001:00001a94       ??_C@_19KEAKPOCH@?$AA?4?$AA2?$AAb?$AAp?$AA?$AA@ 10002a94     ceshui:desktopview.obj
 0001:00001aa0       ??_C@_1BM@GNBCOHIC@?$AAc?$AAp?$AAl?$AAm?$AAa?$AAi?$AAn?$AA?4?$AAc?$AAp?$AAl?$AA?0?$AA7?$AA?$AA@ 10002aa0     ceshui:desktopview.obj
 0001:00001abc       ??_C@_1BE@OLJKPLPN@?$AAH?$AAH?$AAT?$AAa?$AAs?$AAk?$AAB?$AAa?$AAr?$AA?$AA@ 10002abc     ceshui:desktopview.obj
 0001:00001ad0       ??_7CFileSystemDropTarget@@6B@ 10002ad0     ceshui:fsdrop.obj
 0001:00001af0       ??_7CNetworkRootView@@6BIShellView@@@ 10002af0     ceshui:netrootview.obj
 0001:00001bd4       ??_7CNetworkRootView@@6BIOleCommandTarget@@@ 10002bd4     ceshui:netrootview.obj
 0001:00001be8       ??_7CNetworkRootView@@6BIOleInPlaceActiveObject@@@ 10002be8     ceshui:netrootview.obj
 0001:00001c10       ??_7CNetworkRootView@@6BIShellChangeNotify@@@ 10002c10     ceshui:netrootview.obj
 0001:00001c20       ??_7CNetworkRootView@@6BIDropSource@@@ 10002c20     ceshui:netrootview.obj
 0001:00001c34       ??_7CNetworkRootView@@6BIDropTarget@@@ 10002c34     ceshui:netrootview.obj
 0001:00001c50       ??_7CNetworkRootView@@6BIEnumFilterEx@@@ 10002c50     ceshui:netrootview.obj
 0001:00001c68       ??_7CNetworkRootView@@6BIShellListViewEx@@@ 10002c68     ceshui:netrootview.obj
 0001:00001c94       ?CONTAINS_NAMESPACE_OBJECT@ShellDataTransfer@@2KB 10002c94     ceshui:datatrans.obj
 0001:00001c98       ?CONTAINS_COPY_DATA@ShellDataTransfer@@2KB 10002c98     ceshui:datatrans.obj
 0001:00001c9c       ?CONTAINS_CUT_DATA@ShellDataTransfer@@2KB 10002c9c     ceshui:datatrans.obj
 0001:00001ca0       ?RENAME_ON_COLLISION@ShellDataTransfer@@2KB 10002ca0     ceshui:datatrans.obj
 0001:00001ca4       ?NO_UNDO@ShellDataTransfer@@2KB 10002ca4     ceshui:datatrans.obj
 0001:00001ca8       ??_7CShellDataObject@@6B@  10002ca8     ceshui:datatrans.obj
 0001:00001cd8       ??_C@_1M@ELNLAPLA@?$AAp?$AAr?$AAi?$AAn?$AAt?$AA?$AA@ 10002cd8     ceshui:filemenu.obj
 0001:00001ce4       ??_C@_19LELMJPKF@?$AAe?$AAd?$AAi?$AAt?$AA?$AA@ 10002ce4     ceshui:filemenu.obj
 0001:00001cf0       ??_C@_19BDAJEHDN@?$AAo?$AAp?$AAe?$AAn?$AA?$AA@ 10002cf0     ceshui:filemenu.obj
 0001:00001cfc       ??_C@_1O@DMKCDJLF@?$AA?2?$AAS?$AAh?$AAe?$AAl?$AAl?$AA?$AA@ 10002cfc     ceshui:filemenu.obj
 0001:00001d0c       ??_7CFileMenu@@6B@         10002d0c     ceshui:filemenu.obj
 0001:00001d24       ?s_ScrollInterval@AutoScroll_t@@1HB 10002d24     ceshui:shelllistview.obj
 0001:00001d28       ?s_MinScrollVelocity@AutoScroll_t@@1HB 10002d28     ceshui:shelllistview.obj
 0001:00001d30       ??_7CShellListView@@6B@    10002d30     ceshui:shelllistview.obj
 0001:00001e28       ??_C@_1BM@FEGPDFAG@?$AAS?$AAy?$AAs?$AAL?$AAi?$AAs?$AAt?$AAV?$AAi?$AAe?$AAw?$AA3?$AA2?$AA?$AA@ 10002e28     ceshui:shelllistview.obj
 0001:00001e44       ?s_iKeyTSTAR@CGridListView@@1HB 10002e44     ceshui:gridlistview.obj
 0001:00001e48       ?s_iKeyTPOUND@CGridListView@@1HB 10002e48     ceshui:gridlistview.obj
 0001:00001e4c       ?s_bCutConstantAlpha@CGridListView@@1EB 10002e4c     ceshui:gridlistview.obj
 0001:00001e50       ??_7CGridListView@@6B@     10002e50     ceshui:gridlistview.obj
 0001:00001f48       ??_7TaskbarList_t@@6B@     10002f48     taskbarlist:taskbarlist.obj
 0001:00001f6c       ??_C@_1BE@OCKILLDG@?$AAS?$AAH?$AAE?$AAL?$AAL?$AAH?$AAO?$AAO?$AAK?$AA?$AA@ 10002f6c     taskbarlist:taskbarlist.obj
 0001:00001f80       ??_C@_13LBAGMAIH@?$AA?6?$AA?$AA@ 10002f80     folderattributes:iniutil.obj
 0001:00001f84       ??_C@_15HPOENKKJ@?$AAr?$AA?$CL?$AA?$AA@ 10002f84     folderattributes:iniutil.obj
 0001:00001f8c       ??_C@_13BPINEIPE@?$AAr?$AA?$AA@ 10002f8c     folderattributes:iniutil.obj
 0001:00001f90       ??_C@_1BI@LCJLCPGF@?$AAR?$AAe?$AAc?$AAy?$AAc?$AAl?$AAe?$AA?5?$AAB?$AAi?$AAn?$AA?$AA@ 10002f90     ceshuistd:properties.obj
 0001:00001fa8       ?g_fRecycleBinIsAvailable@@3HB 10002fa8     ceshrecbin:recbin.obj
 0001:00001fac       ?BITBUCKET@CRecycleBin@@0QBGB 10002fac     ceshrecbin:recbin.obj
 0001:00001fc0       ?DBVOLUMENAME@CRecycleBin@@0QBGB 10002fc0     ceshrecbin:recbin.obj
 0001:00001fdc       ?EXPLORER@CRecycleBin@@0QBGB 10002fdc     ceshrecbin:recbin.obj
 0001:00001ff0       ?RECYCLEINFO@CRecycleBin@@0QBGB 10002ff0     ceshrecbin:recbin.obj
 0001:00002008       ?RECYCLE_BIN_ENABLEDBFILE@CRecycleBin@@0QBGB 10003008     ceshrecbin:recbin.obj
 0001:00002038       ?RECYCLE_BIN_FLUSH@CRecycleBin@@0QBGB 10003038     ceshrecbin:recbin.obj
 0001:00002058       ??_7CRecycleBin@@6BIShellRecycleBin@@@ 10003058     ceshrecbin:recbin.obj
 0001:000020b0       ??_7CRecycleBin@@6BIEnumIDList@@@ 100030b0     ceshrecbin:recbin.obj
 0001:000020cc       ??_C@_1BA@FKJEBGCL@?$AA?$CF?$AAs?$AA?2?$AAt?$AAk?$AA?$CF?$AAx?$AA?$AA@ 100030cc     ceshrecbin:recbin.obj
 0001:000020dc       ??_C@_1O@CFJIAAME@?$AAD?$AAi?$AAa?$AAl?$AAo?$AAg?$AA?$AA@ 100030dc     ceshrecbin:recbin.obj
 0001:000020ec       ??_C@_19CBCNDKNF@?$AA?$CF?$AAd?$AA?$CF?$AA?$CF?$AA?$AA@ 100030ec     ceshrecbin:recbinprop.obj
 0001:000020f8       ??_7CRecycleBinFolder@@6BIShellFolder@@@ 100030f8     ceshrecbin:recyclefolder.obj
 0001:0000212c       ??_7CRecycleBinFolder@@6BIShellDetails@@@ 1000312c     ceshrecbin:recyclefolder.obj
 0001:00002140       ??_7CRecycleBinFolder@@6BIPersistFolder@@@ 10003140     ceshrecbin:recyclefolder.obj
 0001:00002154       ??_7CRecycleBinMenu@@6B@   10003154     ceshrecbin:recbinmenu.obj
 0001:0000216c       ??_7CRecBinDropTarget@@6B@ 1000316c     ceshrecbin:recbindrop.obj
 0001:000021b8       ??_7CRecycleBinView@@6BIShellView@@@ 100031b8     ceshrecbin:recbinview.obj
 0001:00002298       ??_7CRecycleBinView@@6BIOleCommandTarget@@@ 10003298     ceshrecbin:recbinview.obj
 0001:000022ac       ??_7CRecycleBinView@@6BIOleInPlaceActiveObject@@@ 100032ac     ceshrecbin:recbinview.obj
 0001:000022d4       ??_7CRecycleBinView@@6BIShellChangeNotify@@@ 100032d4     ceshrecbin:recbinview.obj
 0001:000022e4       ??_7CRecycleBinView@@6BIDropSource@@@ 100032e4     ceshrecbin:recbinview.obj
 0001:000022f8       ??_7CRecycleBinView@@6BIDropTarget@@@ 100032f8     ceshrecbin:recbinview.obj
 0001:00002314       ??_7CRecycleBinView@@6BIEnumFilterEx@@@ 10003314     ceshrecbin:recbinview.obj
 0001:0000232c       ??_7CRecycleBinView@@6BIShellListViewEx@@@ 1000332c     ceshrecbin:recbinview.obj
 0001:00002358       ?m_dwThreadDeathTimeout@CHandleArray@@1KB 10003358     handlearray:handlearray.obj
 0001:0000235c       ??_7CNotifiable@@6B@       1000335c     handlearray:handlearray.obj
 0001:00002374       IID_IMalloc                10003374     uuid:dcomuuid.obj
 0001:00002384       IID_IPersist               10003384     uuid:dcomuuid.obj
 0001:00002394       IID_IDataObject            10003394     uuid:dcomuuid.obj
 0001:000023a4       IID_IOleControlSite        100033a4     uuid:dcomuuid.obj
 0001:000023b4       IID_IOleWindow             100033b4     uuid:dcomuuid.obj
 0001:000023c4       IID_IOleInPlaceUIWindow    100033c4     uuid:dcomuuid.obj
 0001:000023d4       IID_IOleInPlaceActiveObject 100033d4     uuid:dcomuuid.obj
 0001:000023e4       IID_IDropSource            100033e4     uuid:dcomuuid.obj
 0001:000023f4       IID_IDropTarget            100033f4     uuid:dcomuuid.obj
 0001:00002404       IID_IUnknown               10003404     uuid:dcomuuid.obj
 0001:00002414       IID_IClassFactory          10003414     uuid:dcomuuid.obj
 0001:00002424       IID_IOleCommandTarget      10003424     uuid:dcomuuid.obj
 0001:00002434       IID_IServiceProvider       10003434     uuid:dcomuuid.obj
 0001:00002444       IID_ITaskbarList           10003444     uuid:shelluuid.obj
 0001:00002454       IID_ITaskbarList2          10003454     uuid:shelluuid.obj
 0001:00002464       CLSID_TaskbarList          10003464     uuid:shelluuid.obj
 0001:00002474       ??_C@_1BK@HMCKJION@?$AAa?$AAy?$AAg?$AAs?$AAh?$AAe?$AAl?$AAl?$AA?4?$AAd?$AAl?$AAl?$AA?$AA@ 10003474     aygutils:utils.obj
 0001:000024b4       PathIsRestrictedEx         100034b4 f   ceshapi:thunks.obj
 0001:000024b8       PathIsRestricted           100034b8 f   ceshapi:thunks.obj
 0001:000024bc       SHIsFileOperationRestrictedEx 100034bc f   ceshapi:thunks.obj
 0001:000024c0       SHIsFileOperationRestricted 100034c0 f   ceshapi:thunks.obj
 0001:000024c4       SHIsRestrictedProcess      100034c4 f   ceshapi:thunks.obj
 0001:000024c8       ?SHGetCEString@@YAJKQAG@Z  100034c8 f   ceshapi:thunks.obj
 0001:000024cc       ?SHUnpackDirID@@YAJPAGK0@Z 100034cc f   ceshapi:thunks.obj
 0001:000024d0       SHCanonicalizePath         100034d0 f   ceshapi:thunks.obj
 0001:000025f0       ?GetHInstance@@YAPAUHINSTANCE__@@XZ 100035f0 f i ceshapi:api.obj
 0001:00002640       SHGetDocumentsFolder       10003640 f   ceshapi:api.obj
 0001:0000277c       SHGetMalloc                1000377c f   ceshapi:api.obj
 0001:000027cc       SHGetSpecialFolderLocation 100037cc f   ceshapi:api.obj
 0001:00002944       SHBindToParent             10003944 f   ceshapi:api.obj
 0001:00002ae4       StrRetToBufW               10003ae4 f   ceshapi:api.obj
 0001:00002bdc       ?GetFileNameAndAttributes@@YAJPBGPAU_SHFILEINFOW@@IK@Z 10003bdc f   ceshapi:api.obj
 0001:00002d74       ?GetNamespaceNameAndAttributes@@YAJPBGPAU_SHFILEINFOW@@I@Z 10003d74 f   ceshapi:api.obj
 0001:00002f88       SHShowOutOfMemory          10003f88 f   ceshapi:api.obj
 0001:00002ff0       SHBindToObject             10003ff0 f   ceshapi:api.obj
 0001:000030b0       ?SHLoadDIBitmapBrush@@YAPAUHBRUSH__@@PBG@Z 100040b0 f   ceshapi:api.obj
 0001:000031ac       SHGetPathFromIDList        100041ac f   ceshapi:api.obj
 0001:000032d8       SHGetFileInfo              100042d8 f   ceshapi:api.obj
 0001:00003604       SHAddToRecentDocs          10004604 f   ceshapi:api.obj
 0001:000037c8       ?get_lock@?$singleton@V?$free_list@$0GE@Vallocator@ce@@@ce@@$03V?$static_allocator@V?$free_list@$0GE@Vallocator@ce@@@ce@@$03@2@@ce@@KAAAVcritical_section@2@XZ 100047c8 f i ceshapi:api.obj
 0001:0000381c       ?AddTail@CList@@QAAPAUtagLISTOBJ@@PAU2@@Z 1000481c f i ceshapi:drag.obj
 0001:00003884       ?Disconnect@CList@@QAAPAUtagLISTOBJ@@PAU2@@Z 10004884 f i ceshapi:drag.obj
 0001:0000390c       ??1CDropTargetList@@QAA@XZ 1000490c f   ceshapi:drag.obj
 0001:000039cc       ?GetControlKeysState@@YAGH@Z 100049cc f   ceshapi:drag.obj
 0001:00003a1c       ?DragDrop_WndProc@@YAJPAUHWND__@@IIJ@Z 10004a1c f   ceshapi:drag.obj
 0001:00003a34       ?HandleMessages@CDragOperation@@QAAHXZ 10004a34 f   ceshapi:drag.obj
 0001:00003cf0       ?HandleFeedBack@CDragOperation@@QAAHJ@Z 10004cf0 f   ceshapi:drag.obj
 0001:00003d5c       ?DragOver@CDragOperation@@QAAHXZ 10004d5c f   ceshapi:drag.obj
 0001:00003e30       ?CompleteDrop@CDragOperation@@QAAJXZ 10004e30 f   ceshapi:drag.obj
 0001:00003fbc       ?QueryInterface@CNullDropTarget@@UAAJABU_GUID@@PAPAX@Z 10004fbc f   ceshapi:drag.obj
 0001:0000402c       ?AddRef@CNullDropTarget@@UAAKXZ 1000502c f   ceshapi:drag.obj
 0001:00004040       ?Release@CNullDropTarget@@UAAKXZ 10005040 f   ceshapi:drag.obj
 0001:00004068       ?DragEnter@CNullDropTarget@@UAAJPAUIDataObject@@KU_POINTL@@PAK@Z 10005068 f   ceshapi:drag.obj
 0001:0000409c       ?DragOver@CNullDropTarget@@UAAJKU_POINTL@@PAK@Z 1000509c f   ceshapi:drag.obj
 0001:000040d0       ?DragLeave@CNullDropTarget@@UAAJXZ 100050d0 f   ceshapi:drag.obj
 0001:000040e4       ?Drop@CNullDropTarget@@UAAJPAUIDataObject@@KU_POINTL@@PAK@Z 100050e4 f   ceshapi:drag.obj
 0001:000040fc       ?DropTarget_SubClassProc@@YAJPAUHWND__@@IIJ@Z 100050fc f   ceshapi:drag.obj
 0001:0000425c       ?AddDropTarget@CDropTargetList@@QAAHPAUHWND__@@PAUIDropTarget@@@Z 1000525c f   ceshapi:drag.obj
 0001:000042dc       ?RemoveDropTarget@CDropTargetList@@QAAHPAUHWND__@@@Z 100052dc f   ceshapi:drag.obj
 0001:0000433c       ?UpdateTarget@CDragOperation@@QAAHXZ 1000533c f   ceshapi:drag.obj
 0001:00004558       RegisterDragDrop           10005558 f   ceshapi:drag.obj
 0001:00004604       RevokeDragDrop             10005604 f   ceshapi:drag.obj
 0001:00004684       ??0CDragOperation@@QAA@PAUIDataObject@@PAUIDropSource@@KPAKAAJ@Z 10005684 f   ceshapi:drag.obj
 0001:00004784       DoDragDrop                 10005784 f   ceshapi:drag.obj
 0001:000048e0       ?_BFSFGetIDListFromTreeItem@@YAPFAU_ITEMIDLIST@@PAUHWND__@@PAU_TREEITEM@@@Z 100058e0 f   ceshapi:browse.obj
 0001:00004a10       ?_BFSFUpdateISHCache@@YAPFAU_ITEMIDLIST@@PAU_bfsf@@PAU_TREEITEM@@PFAU1@@Z 10005a10 f   ceshapi:browse.obj
 0001:00004b4c       ?_BFSFAddItemToTree@@YAPAU_TREEITEM@@PAUHWND__@@PAU1@PFAU_ITEMIDLIST@@H@Z 10005b4c f   ceshapi:browse.obj
 0001:00004ba8       ?_BFSFTreeCompare@@YAHJJJ@Z 10005ba8 f   ceshapi:browse.obj
 0001:00004bdc       ?_BFSFFindItem@@YAPAU_TREEITEM@@PAUHWND__@@PFAU_ITEMIDLIST@@@Z 10005bdc f   ceshapi:browse.obj
 0001:00004ca4       ?_BFSFSelectPidl@@YAHPAU_bfsf@@PFBU_ITEMIDLIST@@@Z 10005ca4 f   ceshapi:browse.obj
 0001:00004e2c       ?_BFSFHandleSelChanged@@YAXPAU_bfsf@@PAUtagNMTREEVIEWW@@@Z 10005e2c f   ceshapi:browse.obj
 0001:00004efc       ?_BFSFGetDisplayInfo@@YAXPAU_bfsf@@PAUtagTVDISPINFOW@@@Z 10005efc f   ceshapi:browse.obj
 0001:00005114       ?_BrowseForFolderOnBFSFCommand@@YAXPAU_bfsf@@HPAUHWND__@@I@Z 10006114 f   ceshapi:browse.obj
 0001:00005378       ?_BFSFSort@@YAXPAU_bfsf@@PAU_TREEITEM@@PAUIShellFolder@@@Z 10006378 f   ceshapi:browse.obj
 0001:000053d8       ?_BFSFHandleItemExpanding@@YAHPAU_bfsf@@PAUtagNMTREEVIEWW@@@Z 100063d8 f   ceshapi:browse.obj
 0001:00005628       ?_BFSFSetSelection@@YAHPAU_bfsf@@HJ@Z 10006628 f   ceshapi:browse.obj
 0001:00005704       ?_BrowseForFolderOnBFSFInitDlg@@YAHPAUHWND__@@0J@Z 10006704 f   ceshapi:browse.obj
 0001:00005a30       ?_BrowseForFolderBFSFDlgProc@@YAHPAUHWND__@@IIJ@Z 10006a30 f   ceshapi:browse.obj
 0001:00005bec       SHBrowseForFolder          10006bec f   ceshapi:browse.obj
 0001:00005cd0       ?Shortcut_SplitArgs@@YAXPAGPAPAG@Z 10006cd0 f   ceshapi:shortcut.obj
 0001:00005d48       ?Shortcut_FixRegisteredAppInfoTarget@@YAHPAGI@Z 10006d48 f   ceshapi:shortcut.obj
 0001:00005e78       ?Shortcut_GetIconsFromArgs@@YAHPAG0IPAPAG10I@Z 10006e78 f   ceshapi:shortcut.obj
 0001:00006028       ?Shortcut_GetTargetEx@@YAHPBGPAGIPAPAG21IH@Z 10007028 f   ceshapi:shortcut.obj
 0001:00006388       SHGetShortcutTarget        10007388 f   ceshapi:shortcut.obj
 0001:000063b8       SHGetShortcutTargetEx      100073b8 f   ceshapi:shortcut.obj
 0001:000063e8       SHGetShortcutTargetClassName 100073e8 f   ceshapi:shortcut.obj
 0001:00006428       SHGetShortcutTargetI       10007428 f   ceshapi:shortcut.obj
 0001:0000645c       ?Shortcut_Write@@YAHPAXPBG@Z 1000745c f   ceshapi:shortcut.obj
 0001:000067a8       ?Shortcut_CreateEx@@YAHPBG00PAGPAKKH@Z 100077a8 f   ceshapi:shortcut.obj
 0001:00006a60       SHCreateShortcut           10007a60 f   ceshapi:shortcut.obj
 0001:00006b50       SHCreateShortcutEx         10007b50 f   ceshapi:shortcut.obj
 0001:00006c28       ??_ECCalculateTotalSize@@UAAPAXI@Z 10007c28 f i ceshapi:shfileop.obj
 0001:00006c28       ??_GCCalculateTotalSize@@UAAPAXI@Z 10007c28 f i ceshapi:shfileop.obj
 0001:00006c4c       ??_ECFileOperation@@UAAPAXI@Z 10007c4c f i ceshapi:shfileop.obj
 0001:00006c4c       ??_GCFileOperation@@UAAPAXI@Z 10007c4c f i ceshapi:shfileop.obj
 0001:00006c70       ?SHFO_ERR_INROM@CRename@@MAAIXZ 10007c70 f i ceshapi:shfileop.obj
 0001:00006c78       ?TraverseBack@CDirectoryWalker@@SAPBGPBGK@Z 10007c78 f   ceshapi:shfileop.obj
 0001:00006d70       ?FindParentDirectory@CDirectoryWalker@@SAHPBGPAGI@Z 10007d70 f   ceshapi:shfileop.obj
 0001:00006e40       ?PathIsVolumeRoot@CDirectoryWalker@@SAHPBG@Z 10007e40 f   ceshapi:shfileop.obj
 0001:00006f08       ?doDirectoryAction@CCalculateTotalSize@@UAAJW4WalkReason@WalkAction@CDirectoryWalker@@PBG@Z 10007f08 f   ceshapi:shfileop.obj
 0001:00006f30       ?doFileAction@CCalculateTotalSize@@UAAJPBGAAU_WIN32_FIND_DATAW@@@Z 10007f30 f   ceshapi:shfileop.obj
 0001:00006f8c       ??0CProgressUI@@IAA@XZ     10007f8c f   ceshapi:shfileop.obj
 0001:00006fbc       ?dialogProc@CProgressUI@@MAAHPAUHWND__@@IIJ@Z 10007fbc f   ceshapi:shfileop.obj
 0001:000070c8       ?_dialogThread@CProgressUI@@KAKPAX@Z 100080c8 f   ceshapi:shfileop.obj
 0001:000070dc       ?_dialogProc@CProgressUI@@KAHPAUHWND__@@IIJ@Z 100080dc f   ceshapi:shfileop.obj
 0001:00007154       ?createDialog@CProgressUI@@UAAXPAUHWND__@@@Z 10008154 f   ceshapi:shfileop.obj
 0001:00007194       ?destroyDialog@CProgressUI@@UAAXXZ 10008194 f   ceshapi:shfileop.obj
 0001:000071fc       ?showDialog@CProgressUI@@UAAXXZ 100081fc f   ceshapi:shfileop.obj
 0001:000072dc       ?hideDialog@CProgressUI@@UAAXXZ 100082dc f   ceshapi:shfileop.obj
 0001:00007310       ?isVisible@CProgressUI@@UAAHXZ 10008310 f   ceshapi:shfileop.obj
 0001:00007330       ?replaceCachedString@CProgressUI@@MAAXPAPAGPBG@Z 10008330 f   ceshapi:shfileop.obj
 0001:000073dc       ?setTitleString@CProgressUI@@UAAXPBG@Z 100083dc f   ceshapi:shfileop.obj
 0001:0000742c       ?setInfoString@CProgressUI@@UAAXPBG@Z 1000842c f   ceshapi:shfileop.obj
 0001:0000747c       ?setProgressPercent@CProgressUI@@UAAXK@Z 1000847c f   ceshapi:shfileop.obj
 0001:000074a4       ?setTimeInfoString@CProgressUI@@UAAXPBG@Z 100084a4 f   ceshapi:shfileop.obj
 0001:000074cc       ?calculateTimeRemaining@CProgressUI@@MAA_KK@Z 100084cc f   ceshapi:shfileop.obj
 0001:00007584       ?updateProgress@CProgressUI@@UAAXK@Z 10008584 f   ceshapi:shfileop.obj
 0001:0000770c       ?validate@CFileOperation@@MAAJXZ 1000870c f   ceshapi:shfileop.obj
 0001:00007748       ?doSpecialFolderCheck@CFileOperation@@IAAJPBG@Z 10008748 f   ceshapi:shfileop.obj
 0001:0000796c       ?showError@CFileOperation@@MAAXJ@Z 1000896c f   ceshapi:shfileop.obj
 0001:000079f0       ?execute@CFileOperation@@QAAJPAU_SHFILEOPSTRUCTW@@@Z 100089f0 f   ceshapi:shfileop.obj
 0001:00007b04       ??0CWalkingFileOperation@@QAA@XZ 10008b04 f   ceshapi:shfileop.obj
 0001:00007b68       ?validate@CWalkingFileOperation@@MAAJXZ 10008b68 f   ceshapi:shfileop.obj
 0001:00007c68       ?setCurrentFrom@CWalkingFileOperation@@MAAJPBG@Z 10008c68 f   ceshapi:shfileop.obj
 0001:00007cd4       ?ProgressCallback@CCopyMove@@KAKT_LARGE_INTEGER@@000KKPAX11@Z 10008cd4 f   ceshapi:shfileop.obj
 0001:00007da8       ?GetUniquePathName@CCopyMove@@MAAJPBG00PAGI@Z 10008da8 f   ceshapi:shfileop.obj
 0001:00008024       ?createDirectory@CCopyMove@@IAAJPBGH@Z 10009024 f   ceshapi:shfileop.obj
 0001:0000840c       ?confirmTo@CCopyMove@@IAAJPBGPAGI@Z 1000940c f   ceshapi:shfileop.obj
 0001:000085fc       ?validate@CCopyMove@@MAAJXZ 100095fc f   ceshapi:shfileop.obj
 0001:0000874c       ?setCurrentFrom@CCopyMove@@MAAJPBG@Z 1000974c f   ceshapi:shfileop.obj
 0001:00008b78       ?buildTo@CCopyMove@@IBAJPAGKPBG@Z 10009b78 f   ceshapi:shfileop.obj
 0001:00008d10       ?doDirectoryAction@CCopy@@UAAJW4WalkReason@WalkAction@CDirectoryWalker@@PBG@Z 10009d10 f   ceshapi:shfileop.obj
 0001:00008e48       ?doFileAction@CCopy@@UAAJPBGAAU_WIN32_FIND_DATAW@@@Z 10009e48 f   ceshapi:shfileop.obj
 0001:00009138       ?showError@CCopy@@MAAXJ@Z  1000a138 f   ceshapi:shfileop.obj
 0001:000094a4       ?setCurrentFrom@CMove@@MAAJPBG@Z 1000a4a4 f   ceshapi:shfileop.obj
 0001:000094f4       ?doDirectoryAction@CMove@@UAAJW4WalkReason@WalkAction@CDirectoryWalker@@PBG@Z 1000a4f4 f   ceshapi:shfileop.obj
 0001:00009664       ?doFileAction@CMove@@UAAJPBGAAU_WIN32_FIND_DATAW@@@Z 1000a664 f   ceshapi:shfileop.obj
 0001:00009b54       ?showError@CMove@@MAAXJ@Z  1000ab54 f   ceshapi:shfileop.obj
 0001:00009ec0       ?validate@CDelete@@MAAJXZ  1000aec0 f   ceshapi:shfileop.obj
 0001:0000a14c       ?setCurrentFrom@CDelete@@MAAJPBG@Z 1000b14c f   ceshapi:shfileop.obj
 0001:0000a19c       ?doDirectoryAction@CDelete@@UAAJW4WalkReason@WalkAction@CDirectoryWalker@@PBG@Z 1000b19c f   ceshapi:shfileop.obj
 0001:0000a330       ?doFileAction@CDelete@@UAAJPBGAAU_WIN32_FIND_DATAW@@@Z 1000b330 f   ceshapi:shfileop.obj
 0001:0000a748       ?showError@CDelete@@MAAXJ@Z 1000b748 f   ceshapi:shfileop.obj
 0001:0000aab4       ?validate@CRename@@MAAJXZ  1000bab4 f   ceshapi:shfileop.obj
 0001:0000ad7c       ?showError@CRename@@MAAXJ@Z 1000bd7c f   ceshapi:shfileop.obj
 0001:0000b13c       ?doOperation@CRename@@MAAJXZ 1000c13c f   ceshapi:shfileop.obj
 0001:0000b2e0       ??_GCRename@@UAAPAXI@Z     1000c2e0 f i ceshapi:shfileop.obj
 0001:0000b2e0       ??_ECRename@@UAAPAXI@Z     1000c2e0 f i ceshapi:shfileop.obj
 0001:0000b30c       ?Walk@CDirectoryWalker@@SAJPAGIPAUWalkAction@1@@Z 1000c30c f   ceshapi:shfileop.obj
 0001:0000b570       ??1CProgressUI@@UAA@XZ     1000c570 f   ceshapi:shfileop.obj
 0001:0000b5e4       ?dialogThread@CProgressUI@@MAAKXZ 1000c5e4 f   ceshapi:shfileop.obj
 0001:0000b6ec       ??1CWalkingFileOperation@@UAA@XZ 1000c6ec f   ceshapi:shfileop.obj
 0001:0000b760       ?initialize@CWalkingFileOperation@@MAAJXZ 1000c760 f   ceshapi:shfileop.obj
 0001:0000b924       ?doOperation@CWalkingFileOperation@@MAAJXZ 1000c924 f   ceshapi:shfileop.obj
 0001:0000ba1c       ?initialize@CCopyMove@@MAAJXZ 1000ca1c f   ceshapi:shfileop.obj
 0001:0000bb3c       ?doOperation@CDelete@@MAAJXZ 1000cb3c f   ceshapi:shfileop.obj
 0001:0000bb7c       ??1CCopyMove@@UAA@XZ       1000cb7c f i ceshapi:shfileop.obj
 0001:0000bbb8       ??_GCCopyMove@@UAAPAXI@Z   1000cbb8 f i ceshapi:shfileop.obj
 0001:0000bbb8       ??_ECCopyMove@@UAAPAXI@Z   1000cbb8 f i ceshapi:shfileop.obj
 0001:0000bbdc       ?SHFO_ERR_INROM@CDelete@@MAAIXZ 1000cbdc f i ceshapi:shfileop.obj
 0001:0000bbe4       ?SHFO_PROGRESS_PREPARING@CDelete@@MAAIXZ 1000cbe4 f i ceshapi:shfileop.obj
 0001:0000bbec       ??1CDelete@@UAA@XZ         1000cbec f i ceshapi:shfileop.obj
 0001:0000bc38       ??_ECDelete@@UAAPAXI@Z     1000cc38 f i ceshapi:shfileop.obj
 0001:0000bc38       ??_GCDelete@@UAAPAXI@Z     1000cc38 f i ceshapi:shfileop.obj
 0001:0000bc5c       ?SHFO_ERR_INROM@CCopy@@MAAIXZ 1000cc5c f i ceshapi:shfileop.obj
 0001:0000bc64       ?SHFO_PROGRESS_PREPARING@CCopy@@MAAIXZ 1000cc64 f i ceshapi:shfileop.obj
 0001:0000bc6c       ?SHFO_ERR_INROM@CMove@@MAAIXZ 1000cc6c f i ceshapi:shfileop.obj
 0001:0000bc74       ?SHFO_PROGRESS_PREPARING@CMove@@MAAIXZ 1000cc74 f i ceshapi:shfileop.obj
 0001:0000bc7c       ??_GCProgressUI@@UAAPAXI@Z 1000cc7c f i ceshapi:shfileop.obj
 0001:0000bc7c       ??_ECProgressUI@@UAAPAXI@Z 1000cc7c f i ceshapi:shfileop.obj
 0001:0000bca0       ??_GCWalkingFileOperation@@UAAPAXI@Z 1000cca0 f i ceshapi:shfileop.obj
 0001:0000bca0       ??_ECWalkingFileOperation@@UAAPAXI@Z 1000cca0 f i ceshapi:shfileop.obj
 0001:0000bcc4       SHFileOperationW           1000ccc4 f   ceshapi:shfileop.obj
 0001:0000be34       ??_ECCopy@@UAAPAXI@Z       1000ce34 f i ceshapi:shfileop.obj
 0001:0000be34       ??_GCCopy@@UAAPAXI@Z       1000ce34 f i ceshapi:shfileop.obj
 0001:0000be58       ??_GCMove@@UAAPAXI@Z       1000ce58 f i ceshapi:shfileop.obj
 0001:0000be58       ??_ECMove@@UAAPAXI@Z       1000ce58 f i ceshapi:shfileop.obj
 0001:0000be7c       ?GetDPIHInstance@@YAPAUHINSTANCE__@@XZ 1000ce7c f i ceshapi:fileopen.obj
 0001:0000bec4       ?ContextSensitiveHelp@FileOpenDlg_t@@UAAJH@Z 1000cec4 f i ceshapi:fileopen.obj
 0001:0000bed0       ?EnableModelessSB@FileOpenDlg_t@@UAAJH@Z 1000ced0 f i ceshapi:fileopen.obj
 0001:0000bedc       ?GetControlWindow@FileOpenDlg_t@@UAAJIPAPAUHWND__@@@Z 1000cedc f i ceshapi:fileopen.obj
 0001:0000bee8       ?GetViewStateStream@FileOpenDlg_t@@UAAJKPAPAUIStream@@@Z 1000cee8 f i ceshapi:fileopen.obj
 0001:0000bef4       ?InsertMenusSB@FileOpenDlg_t@@UAAJPAUHMENU__@@PAUtagOleMenuGroupWidths@@@Z 1000cef4 f i ceshapi:fileopen.obj
 0001:0000bf00       ?OnViewWindowActive@FileOpenDlg_t@@UAAJPAUIShellView@@@Z 1000cf00 f i ceshapi:fileopen.obj
 0001:0000bf0c       ?QueryActiveShellView@FileOpenDlg_t@@UAAJPAPAUIShellView@@@Z 1000cf0c f i ceshapi:fileopen.obj
 0001:0000bf18       ?RemoveMenusSB@FileOpenDlg_t@@UAAJPAUHMENU__@@@Z 1000cf18 f i ceshapi:fileopen.obj
 0001:0000bf24       ?SendControlMsg@FileOpenDlg_t@@UAAJIIIJPAJ@Z 1000cf24 f i ceshapi:fileopen.obj
 0001:0000bf30       ?SetMenuSB@FileOpenDlg_t@@UAAJPAUHMENU__@@PAXPAUHWND__@@@Z 1000cf30 f i ceshapi:fileopen.obj
 0001:0000bf3c       ?SetStatusTextSB@FileOpenDlg_t@@UAAJPBG@Z 1000cf3c f i ceshapi:fileopen.obj
 0001:0000bf48       ?SetToolbarItems@FileOpenDlg_t@@UAAJPAU_TBBUTTON@@II@Z 1000cf48 f i ceshapi:fileopen.obj
 0001:0000bf54       ?TranslateAcceleratorSB@FileOpenDlg_t@@UAAJPAUtagMSG@@G@Z 1000cf54 f i ceshapi:fileopen.obj
 0001:0000bf60       ?QueryStatus@FileOpenDlg_t@@UAAJPBU_GUID@@KQAU_tagOLECMD@@PAU_tagOLECMDTEXT@@@Z 1000cf60 f i ceshapi:fileopen.obj
 0001:0000bf6c       ?CenterWindowSIPAware@FileOpenDlg_t@@IAAHPAUHWND__@@H@Z 1000cf6c f   ceshapi:fileopen.obj
 0001:0000c09c       ?BUTTONSIZE@@YAHPBU_TBBUTTON@@HH@Z 1000d09c f i ceshapi:fileopen.obj
 0001:0000c0fc       ?DestroyActiveView@FileOpenDlg_t@@IAAXXZ 1000d0fc f   ceshapi:fileopen.obj
 0001:0000c20c       ?DrawPathBanner@FileOpenDlg_t@@IAAXPAUHDC__@@PAUtagRECT@@@Z 1000d20c f   ceshapi:fileopen.obj
 0001:0000c3cc       ?HaveSIP@FileOpenDlg_t@@IAAHXZ 1000d3cc f   ceshapi:fileopen.obj
 0001:0000c418       ?InitFilterBox@FileOpenDlg_t@@IAAKXZ 1000d418 f   ceshapi:fileopen.obj
 0001:0000c574       ?InitGlobals@FileOpenDlg_t@@IAAHXZ 1000d574 f   ceshapi:fileopen.obj
 0001:0000c6d0       ?IsBrowsableItem@FileOpenDlg_t@@IAAHPAUIShellFolder@@PFBU_ITEMIDLIST@@PAPFAU3@@Z 1000d6d0 f   ceshapi:fileopen.obj
 0001:0000c8dc       ?NavigateToFolder@FileOpenDlg_t@@IAAJPBG@Z 1000d8dc f   ceshapi:fileopen.obj
 0001:0000ca60       ?NotifyTypeChange@FileOpenDlg_t@@IAAHXZ 1000da60 f   ceshapi:fileopen.obj
 0001:0000caf4       ?ProcessDots@FileOpenDlg_t@@IAAHPBGPAG0@Z 1000daf4 f   ceshapi:fileopen.obj
 0001:0000ccfc       ?SetDefaultExtension@FileOpenDlg_t@@IAAHXZ 1000dcfc f   ceshapi:fileopen.obj
 0001:0000cdf4       ?UnInitGlobals@FileOpenDlg_t@@IAAXXZ 1000ddf4 f   ceshapi:fileopen.obj
 0001:0000ce90       ?UpdateToolbar@FileOpenDlg_t@@IAAXPAUHWND__@@@Z 1000de90 f   ceshapi:fileopen.obj
 0001:0000cf74       ?StaticSubclassProc@FileOpenDlg_t@@KAJPAUHWND__@@IIJ@Z 1000df74 f   ceshapi:fileopen.obj
 0001:0000d0e4       ?TTAddRef@FileOpenDlg_t@@KAKH@Z 1000e0e4 f   ceshapi:fileopen.obj
 0001:0000d178       ?TTRelease@FileOpenDlg_t@@KAKXZ 1000e178 f   ceshapi:fileopen.obj
 0001:0000d1ac       ?QueryInterface@FileOpenDlg_t@@UAAJABU_GUID@@PAPAX@Z 1000e1ac f   ceshapi:fileopen.obj
 0001:0000d26c       ?AddRef@FileOpenDlg_t@@UAAKXZ 1000e26c f   ceshapi:fileopen.obj
 0001:0000d280       ?GetWindow@FileOpenDlg_t@@UAAJPAPAUHWND__@@@Z 1000e280 f   ceshapi:fileopen.obj
 0001:0000d29c       ?Exec@FileOpenDlg_t@@UAAJPBU_GUID@@KKPAUtagVARIANT@@1@Z 1000e29c f   ceshapi:fileopen.obj
 0001:0000d2e4       ?FindNameInClassesRoot@FileOpenDlg_t@@KAHPBG0I@Z 1000e2e4 f   ceshapi:fileopen.obj
 0001:0000d41c       ?GetParsingName@FileOpenDlg_t@@KAHPBGPAGPAI@Z 1000e41c f   ceshapi:fileopen.obj
 0001:0000d83c       ?QueryInterface@FileOpenDlg_t@@W3AAJABU_GUID@@PAPAX@Z 1000e83c f i ceshapi:fileopen.obj
 0001:0000d844       ?AddRef@FileOpenDlg_t@@W3AAKXZ 1000e844 f i ceshapi:fileopen.obj
 0001:0000d84c       ?CreateCommandBar@FileOpenDlg_t@@IAAHXZ 1000e84c f   ceshapi:fileopen.obj
 0001:0000db30       ?HandleListViewNotify@FileOpenDlg_t@@IAAHIJPAJ@Z 1000eb30 f   ceshapi:fileopen.obj
 0001:0000dd90       ?HandleOK@FileOpenDlg_t@@IAAHXZ 1000ed90 f   ceshapi:fileopen.obj
 0001:0000e878       ?InitDialog@FileOpenDlg_t@@IAAHPAUHWND__@@@Z 1000f878 f   ceshapi:fileopen.obj
 0001:0000ead8       ?ViewSubclassProc@FileOpenDlg_t@@KAJPAUHWND__@@IIJ@Z 1000fad8 f   ceshapi:fileopen.obj
 0001:0000eb98       ?Release@FileOpenDlg_t@@UAAKXZ 1000fb98 f   ceshapi:fileopen.obj
 0001:0000ebdc       ?Release@FileOpenDlg_t@@W3AAKXZ 1000fbdc f i ceshapi:fileopen.obj
 0001:0000ebe4       ?ActivatePendingView@FileOpenDlg_t@@IAAXXZ 1000fbe4 f   ceshapi:fileopen.obj
 0001:0000ed90       ?HandleCommand@FileOpenDlg_t@@IAAHIJ@Z 1000fd90 f   ceshapi:fileopen.obj
 0001:0000f11c       ?DlgProc@FileOpenDlg_t@@KAHPAUHWND__@@IIJ@Z 1001011c f   ceshapi:fileopen.obj
 0001:0000f480       ?BrowseObject@FileOpenDlg_t@@UAAJPFBU_ITEMIDLIST@@I@Z 10010480 f   ceshapi:fileopen.obj
 0001:0000f7c8       ??0FileOpenDlg_t@@QAA@H@Z  100107c8 f   ceshapi:fileopen.obj
 0001:0000f834       ?Run@FileOpenDlg_t@@QAAHPAUtagOFNW@@@Z 10010834 f   ceshapi:fileopen.obj
 0001:0000fbc8       SHGetOpenFileName          10010bc8 f   ceshapi:fileopen.obj
 0001:0000fc54       SHSetSystemEUDCFont        10010c54 f   ceshapi:font.obj
 0001:0000fd54       SHRemoveFontResource       10010d54 f   ceshapi:font.obj
 0001:0000ff0c       ?QueryInterface@CShellMalloc@@UAAJABU_GUID@@PAPAX@Z 10010f0c f   ceshapi:malloc.obj
 0001:0000ff9c       ?AddRef@CShellMalloc@@UAAKXZ 10010f9c f   ceshapi:malloc.obj
 0001:0000ffb0       ?Alloc@CShellMalloc@@UAAPAXK@Z 10010fb0 f   ceshapi:malloc.obj
 0001:0000ffb8       ?Realloc@CShellMalloc@@UAAPAXPAXK@Z 10010fb8 f   ceshapi:malloc.obj
 0001:0000ffcc       ?Free@CShellMalloc@@UAAXPAX@Z 10010fcc f   ceshapi:malloc.obj
 0001:0000ffd4       ?GetSize@CShellMalloc@@UAAKPAX@Z 10010fd4 f   ceshapi:malloc.obj
 0001:0000ffdc       ?DidAlloc@CShellMalloc@@UAAHPAX@Z 10010fdc f   ceshapi:malloc.obj
 0001:0000ffe4       ?HeapMinimize@CShellMalloc@@UAAXXZ 10010fe4 f   ceshapi:malloc.obj
 0001:0000ffe8       ?Release@CShellMalloc@@UAAKXZ 10010fe8 f   ceshapi:malloc.obj
 0001:00010020       ??0CShellMalloc@@QAA@XZ    10011020 f   ceshapi:malloc.obj
 0001:00010038       ?DPI_ExtractIconEx@@YAPAUHICON__@@PBGHPAPAU1@1I@Z 10011038 f i ceshapi:iconcache.obj
 0001:000100a8       ??1CacheInfo@CIconCache@@QAA@XZ 100110a8 f   ceshapi:iconcache.obj
 0001:000100ec       ??0CIconCache@@QAA@XZ      100110ec f   ceshapi:iconcache.obj
 0001:00010184       ?GetDefaultImageIndex@CIconCache@@IBAHPBGKI@Z 10011184 f   ceshapi:iconcache.obj
 0001:00010318       ?GetSystemImageList@CIconCache@@QBAPAU_IMAGELIST@@I@Z 10011318 f   ceshapi:iconcache.obj
 0001:00010340       ?ExtractIcon@CIconCache@@IBAHPBGHPAPAUHICON__@@1@Z 10011340 f   ceshapi:iconcache.obj
 0001:000104c4       ?RebuildSystemImageList@CIconCache@@QAAHXZ 100114c4 f   ceshapi:iconcache.obj
 0001:00010658       ?GetFileWriteTime@CIconCache@@IAA?AU_FILETIME@@PBG@Z 10011658 f   ceshapi:iconcache.obj
 0001:000106a8       ?EmptyCache@CIconCache@@QAAHW4IC_EMPTYCACHEOPTIONS@1@@Z 100116a8 f   ceshapi:iconcache.obj
 0001:000107a8       ?CacheItemInfo@CIconCache@@IAAPAUCacheInfo@1@PBG00U_FILETIME@@@Z 100117a8 f   ceshapi:iconcache.obj
 0001:000111ec       ?GetItemInfo@CIconCache@@IAAPAUCacheInfo@1@PBGI00@Z 100121ec f   ceshapi:iconcache.obj
 0001:000113a8       ?GetType@CIconCache@@QAAHPBGKIPAGI@Z 100123a8 f   ceshapi:iconcache.obj
 0001:000114e8       ??1CIconCache@@QAA@XZ      100124e8 f   ceshapi:iconcache.obj
 0001:0001152c       ?GetImageIndex@CIconCache@@QAAHPBGKI@Z 1001252c f   ceshapi:iconcache.obj
 0001:000116ac       ?AddHead@CList@@QAAPAUtagLISTOBJ@@PAU2@@Z 100126ac f i ceshapi:undo.obj
 0001:00011714       ??0CShellUndo@@QAA@XZ      10012714 f   ceshapi:undo.obj
 0001:0001175c       ??1CShellUndo@@QAA@XZ      1001275c f   ceshapi:undo.obj
 0001:00011790       ?AddItem@CShellUndo@@QAAIPBG0@Z 10012790 f   ceshapi:undo.obj
 0001:000119c0       ?Close@CShellUndo@@QAAIXZ  100129c0 f   ceshapi:undo.obj
 0001:00011a0c       ?HasData@CShellUndo@@QAAHXZ 10012a0c f   ceshapi:undo.obj
 0001:00011a58       ?Undo@CShellUndo@@QAAIPAUHWND__@@@Z 10012a58 f   ceshapi:undo.obj
 0001:00011ef8       ?Clear@CShellUndo@@QAAIXZ  10012ef8 f   ceshapi:undo.obj
 0001:00011f4c       ?Open@CShellUndo@@QAAIH@Z  10012f4c f   ceshapi:undo.obj
 0001:00011fd0       HIDPI_InitScaling          10012fd0 f i ceshui:ceshell.obj
 0001:00012028       ?InitializeCEShell@@YAJXZ  10013028 f   ceshui:ceshell.obj
 0001:000120b4       ?UninitializeCEShell@@YAXXZ 100130b4 f   ceshui:ceshell.obj
 0001:00012140       DestroyShellObjects        10013140 f   ceshui:ceshell.obj
 0001:0001229c       InitializeShellObjects     1001329c f   ceshui:ceshell.obj
 0001:0001245c       DllMain                    1001345c f   ceshui:ceshell.obj
 0001:00012498       DllCanUnloadNow            10013498 f   ceshui:ceshellcf.obj
 0001:000124a0       ?QueryInterface@CShellClassFactory@@UAAJABU_GUID@@PAPAX@Z 100134a0 f   ceshui:ceshellcf.obj
 0001:00012530       ?AddRef@CShellClassFactory@@UAAKXZ 10013530 f   ceshui:ceshellcf.obj
 0001:00012544       ?CreateInstance@CShellClassFactory@@UAAJPAUIUnknown@@ABU_GUID@@PAPAX@Z 10013544 f   ceshui:ceshellcf.obj
 0001:00012790       ?LockServer@CShellClassFactory@@UAAJH@Z 10013790 f   ceshui:ceshellcf.obj
 0001:00012798       ?Release@CShellClassFactory@@UAAKXZ 10013798 f   ceshui:ceshellcf.obj
 0001:000127d0       DllGetClassObject          100137d0 f   ceshui:ceshellcf.obj
 0001:00012948       SHGetDesktopFolder         10013948 f   ceshui:api.obj
 0001:000129a0       ILFree                     100139a0 f   ceshui:idlist.obj
 0001:000129b0       ILNext                     100139b0 f   ceshui:idlist.obj
 0001:000129e8       ILIsEqual                  100139e8 f   ceshui:idlist.obj
 0001:00012a58       ILIsParent                 10013a58 f   ceshui:idlist.obj
 0001:00012b70       ?Create@CEItemID@@SAJKPBG0PAPAV1@@Z 10013b70 f   ceshui:idlist.obj
 0001:00012ca0       ?FillCache@CEItemID@@SAJPBU_FILETIME@@PBT_ULARGE_INTEGER@@QAXPAV1@@Z 10013ca0 f   ceshui:idlist.obj
 0001:00012d10       ??0NameSpaceCache_t@CEItemIDList@@QAA@XZ 10013d10 f   ceshui:idlist.obj
 0001:00012dd0       ??1NameSpaceCache_t@CEItemIDList@@QAA@XZ 10013dd0 f   ceshui:idlist.obj
 0001:00012e08       ?Get@NameSpaceCache_t@CEItemIDList@@QAAPFAU_ITEMIDLIST@@ABU_GUID@@@Z 10013e08 f   ceshui:idlist.obj
 0001:00012e7c       ?Cache@NameSpaceCache_t@CEItemIDList@@QAAXABU_GUID@@PFBU_ITEMIDLIST@@@Z 10013e7c f   ceshui:idlist.obj
 0001:00012eec       ?Create@CEItemIDList@@YAJPBGPAPFAU_ITEMIDLIST@@@Z 10013eec f   ceshui:idlist.obj
 0001:00012f08       ?Create@CEItemIDList@@YAJABU_GUID@@PAPFAU_ITEMIDLIST@@@Z 10013f08 f   ceshui:idlist.obj
 0001:0001308c       ?CacheFileData@CEItemIDList@@YAJAAU_WIN32_FIND_DATAW@@PFAU_ITEMIDLIST@@@Z 1001408c f   ceshui:idlist.obj
 0001:000130c8       ?CacheFileData@CEItemIDList@@YAJPBGPFAU_ITEMIDLIST@@@Z 100140c8 f   ceshui:idlist.obj
 0001:00013154       ?CacheVoid@CEItemIDList@@YAJPAXPFAU_ITEMIDLIST@@@Z 10014154 f   ceshui:idlist.obj
 0001:00013168       ?GetDisplayName@CEItemIDList@@YAPBGPFBU_ITEMIDLIST@@@Z 10014168 f   ceshui:idlist.obj
 0001:00013180       ?GetParsingName@CEItemIDList@@YAPBGPFBU_ITEMIDLIST@@@Z 10014180 f   ceshui:idlist.obj
 0001:00013194       ?IsNameSpaceType@CEItemIDList@@YAHPFBU_ITEMIDLIST@@@Z 10014194 f   ceshui:idlist.obj
 0001:000131b0       ?IsFileSystemType@CEItemIDList@@YAHPFBU_ITEMIDLIST@@@Z 100141b0 f   ceshui:idlist.obj
 0001:000131cc       ?IsDirectory@CEItemIDList@@YAHPFBU_ITEMIDLIST@@@Z 100141cc f   ceshui:idlist.obj
 0001:000131d8       ?IsExecutable@CEItemIDList@@YAHPFBU_ITEMIDLIST@@@Z 100141d8 f   ceshui:idlist.obj
 0001:000131e4       ?IsImage@CEItemIDList@@YAHPFBU_ITEMIDLIST@@@Z 100141e4 f   ceshui:idlist.obj
 0001:000131f0       ?IsLink@CEItemIDList@@YAHPFBU_ITEMIDLIST@@@Z 100141f0 f   ceshui:idlist.obj
 0001:000131fc       ?IsMountPoint@CEItemIDList@@YAHPFBU_ITEMIDLIST@@@Z 100141fc f   ceshui:idlist.obj
 0001:00013208       ?IsInROM@CEItemIDList@@YAHPFBU_ITEMIDLIST@@@Z 10014208 f   ceshui:idlist.obj
 0001:00013214       ?IsReadOnly@CEItemIDList@@YAHPFBU_ITEMIDLIST@@@Z 10014214 f   ceshui:idlist.obj
 0001:00013228       ?IsEqualToCLSID@CEItemIDList@@YAHPFBU_ITEMIDLIST@@ABU_GUID@@@Z 10014228 f   ceshui:idlist.obj
 0001:000132d8       ?AreEquivalent@CEItemIDList@@YAHPFBU_ITEMIDLIST@@0@Z 100142d8 f   ceshui:idlist.obj
 0001:00013350       ?HasLastWriteTimeCached@CEItemIDList@@YAHPFBU_ITEMIDLIST@@@Z 10014350 f   ceshui:idlist.obj
 0001:0001335c       ?HasSizeCached@CEItemIDList@@YAHPFBU_ITEMIDLIST@@@Z 1001435c f   ceshui:idlist.obj
 0001:00013368       ?HasVoidCached@CEItemIDList@@YAHPFBU_ITEMIDLIST@@@Z 10014368 f   ceshui:idlist.obj
 0001:00013374       ?_Grow@?$_string_t@G$0BA@U?$char_traits@G@ce@@Vallocator@2@@ce@@IAA_NI@Z 10014374 f i ceshui:idlist.obj
 0001:00013404       ?_Buynode@?$list@V?$_string_t@G$0BA@U?$char_traits@G@ce@@Vallocator@2@@ce@@Vallocator@2@@ce@@IAAPAU?$_ListNode@V?$_string_t@G$0BA@U?$char_traits@G@ce@@Vallocator@2@@ce@@@list_impl@2@PAU342@@Z 10014404 f i ceshui:idlist.obj
 0001:00013450       ILFindChild                10014450 f   ceshui:idlist.obj
 0001:000134b4       ?Update@NameSpaceCache_t@CEItemIDList@@QAAXPFBU_ITEMIDLIST@@@Z 100144b4 f   ceshui:idlist.obj
 0001:00013524       ?UpdateDisplayName@CEItemIDList@@YAJPBGPAPFAU_ITEMIDLIST@@@Z 10014524 f   ceshui:idlist.obj
 0001:00013734       ?GetLastWriteTime@CEItemIDList@@YAPBU_FILETIME@@PFBU_ITEMIDLIST@@@Z 10014734 f   ceshui:idlist.obj
 0001:00013748       ?GetSize@CEItemIDList@@YAPBT_ULARGE_INTEGER@@PFBU_ITEMIDLIST@@@Z 10014748 f   ceshui:idlist.obj
 0001:0001375c       ?GetVoid@CEItemIDList@@YAQAXPFBU_ITEMIDLIST@@@Z 1001475c f   ceshui:idlist.obj
 0001:00013770       ?hash_function@?$hash_traits@V?$_string_t@G$0BA@U?$char_traits@G@ce@@Vallocator@2@@ce@@@ce@@QBAIABV?$_string_t@G$0BA@U?$char_traits@G@ce@@Vallocator@2@@2@@Z 10014770 f i ceshui:idlist.obj
 0001:000137bc       ?erase@?$list@V?$_string_t@G$0BA@U?$char_traits@G@ce@@Vallocator@2@@ce@@Vallocator@2@@ce@@QAA?AV?$iterator@V?$_string_t@G$0BA@U?$char_traits@G@ce@@Vallocator@2@@ce@@@list_impl@2@V342@@Z 100147bc f i ceshui:idlist.obj
 0001:0001382c       ?assign@?$_string_t@G$0BA@U?$char_traits@G@ce@@Vallocator@2@@ce@@QAA_NPBGII@Z 1001482c f i ceshui:idlist.obj
 0001:00013894       ?erase@?$list@V?$_string_t@G$0BA@U?$char_traits@G@ce@@Vallocator@2@@ce@@Vallocator@2@@ce@@QAA?AV?$iterator@V?$_string_t@G$0BA@U?$char_traits@G@ce@@Vallocator@2@@ce@@@list_impl@2@V342@0@Z 10014894 f i ceshui:idlist.obj
 0001:000138ec       ?erase@?$vector@U?$pair@V?$iterator@V?$_string_t@G$0BA@U?$char_traits@G@ce@@Vallocator@2@@ce@@@list_impl@ce@@I@std@@Vallocator@ce@@U?$exponential_growth@$09@4@@ce@@QAAPAU?$pair@V?$iterator@V?$_string_t@G$0BA@U?$char_traits@G@ce@@Vallocator@2@@ce@@@list_impl@ce@@I@std@@PAU34@0@Z 100148ec f i ceshui:idlist.obj
 0001:00013950       ?erase@?$vector@U?$pair@V?$iterator@V?$_string_t@G$0BA@U?$char_traits@G@ce@@Vallocator@2@@ce@@@list_impl@ce@@I@std@@V?$reference_allocator@Vallocator@ce@@@details@ce@@U?$exponential_growth@$09@5@@ce@@QAAPAU?$pair@V?$iterator@V?$_string_t@G$0BA@U?$char_traits@G@ce@@Vallocator@2@@ce@@@list_impl@ce@@I@std@@PAU34@0@Z 10014950 f i ceshui:idlist.obj
 0001:000139b4       ??$?8G$0BA@$0BA@U?$char_traits@G@ce@@Vallocator@1@V21@@ce@@YA_NABV?$_string_t@G$0BA@U?$char_traits@G@ce@@Vallocator@2@@0@0@Z 100149b4 f i ceshui:idlist.obj
 0001:00013a00       ??0?$_string_t@G$0BA@U?$char_traits@G@ce@@Vallocator@2@@ce@@QAA@ABV01@@Z 10014a00 f i ceshui:idlist.obj
 0001:00013a48       ?clear@?$hash@V?$hash_set_traits@V?$_string_t@G$0BA@U?$char_traits@G@ce@@Vallocator@2@@ce@@U?$hash_traits@V?$_string_t@G$0BA@U?$char_traits@G@ce@@Vallocator@2@@ce@@@2@Vallocator@2@@details@ce@@@details@ce@@QAAXXZ 10014a48 f i ceshui:idlist.obj
 0001:00013a98       ??0?$_string_t@G$0BA@U?$char_traits@G@ce@@Vallocator@2@@ce@@QAA@PBG@Z 10014a98 f i ceshui:idlist.obj
 0001:00013b08       ??$insert@V?$_string_t@G$0BA@U?$char_traits@G@ce@@Vallocator@2@@ce@@@?$list@V?$_string_t@G$0BA@U?$char_traits@G@ce@@Vallocator@2@@ce@@Vallocator@2@@ce@@QAA?AV?$iterator@V?$_string_t@G$0BA@U?$char_traits@G@ce@@Vallocator@2@@ce@@@list_impl@1@V231@ABV?$_string_t@G$0BA@U?$char_traits@G@ce@@Vallocator@2@@1@@Z 10014b08 f i ceshui:idlist.obj
 0001:00013b58       ?ClearCache@ImageTypeCache_t@CEItemIDList@@QAAXXZ 10014b58 f   ceshui:idlist.obj
 0001:00013b80       ??1?$hash@V?$hash_set_traits@V?$_string_t@G$0BA@U?$char_traits@G@ce@@Vallocator@2@@ce@@U?$hash_traits@V?$_string_t@G$0BA@U?$char_traits@G@ce@@Vallocator@2@@ce@@@2@Vallocator@2@@details@ce@@@details@ce@@QAA@XZ 10014b80 f i ceshui:idlist.obj
 0001:00013bc0       ?_Insert_dispatch@?$vector@U?$pair@V?$iterator@V?$_string_t@G$0BA@U?$char_traits@G@ce@@Vallocator@2@@ce@@@list_impl@ce@@I@std@@Vallocator@ce@@U?$exponential_growth@$09@4@@ce@@AAA_NPAU?$pair@V?$iterator@V?$_string_t@G$0BA@U?$char_traits@G@ce@@Vallocator@2@@ce@@@list_impl@ce@@I@std@@IABU34@ABUtrue_type@detail@2@@Z 10014bc0 f i ceshui:idlist.obj
 0001:00013e08       ??1ImageTypeCache_t@CEItemIDList@@QAA@XZ 10014e08 f   ceshui:idlist.obj
 0001:00013e48       ??0ImageTypeCache_t@CEItemIDList@@QAA@XZ 10014e48 f   ceshui:idlist.obj
 0001:00013ecc       ?resize@?$vector@U?$pair@V?$iterator@V?$_string_t@G$0BA@U?$char_traits@G@ce@@Vallocator@2@@ce@@@list_impl@ce@@I@std@@Vallocator@ce@@U?$exponential_growth@$09@4@@ce@@QAA_NIABU?$pair@V?$iterator@V?$_string_t@G$0BA@U?$char_traits@G@ce@@Vallocator@2@@ce@@@list_impl@ce@@I@std@@@Z 10014ecc f i ceshui:idlist.obj
 0001:00013f28       ?_ready@?$hash@V?$hash_set_traits@V?$_string_t@G$0BA@U?$char_traits@G@ce@@Vallocator@2@@ce@@U?$hash_traits@V?$_string_t@G$0BA@U?$char_traits@G@ce@@Vallocator@2@@ce@@@2@Vallocator@2@@details@ce@@@details@ce@@IAA_NXZ 10014f28 f i ceshui:idlist.obj
 0001:00013f80       ?insert@?$hash@V?$hash_set_traits@V?$_string_t@G$0BA@U?$char_traits@G@ce@@Vallocator@2@@ce@@U?$hash_traits@V?$_string_t@G$0BA@U?$char_traits@G@ce@@Vallocator@2@@ce@@@2@Vallocator@2@@details@ce@@@details@ce@@QAA?AV?$iterator@V?$_string_t@G$0BA@U?$char_traits@G@ce@@Vallocator@2@@ce@@@list_impl@3@ABV?$_string_t@G$0BA@U?$char_traits@G@ce@@Vallocator@2@@3@@Z 10014f80 f i ceshui:idlist.obj
 0001:00014054       ?find@?$hash@V?$hash_set_traits@V?$_string_t@G$0BA@U?$char_traits@G@ce@@Vallocator@2@@ce@@U?$hash_traits@V?$_string_t@G$0BA@U?$char_traits@G@ce@@Vallocator@2@@ce@@@2@Vallocator@2@@details@ce@@@details@ce@@QAA?AV?$iterator@V?$_string_t@G$0BA@U?$char_traits@G@ce@@Vallocator@2@@ce@@@list_impl@3@ABV?$_string_t@G$0BA@U?$char_traits@G@ce@@Vallocator@2@@3@@Z 10015054 f i ceshui:idlist.obj
 0001:000140dc       ?Add@ImageTypeCache_t@CEItemIDList@@QAAHPBGH@Z 100150dc f   ceshui:idlist.obj
 0001:0001414c       ?IsImageType@ImageTypeCache_t@CEItemIDList@@QAAHPBG@Z 1001514c f   ceshui:idlist.obj
 0001:000142ac       ?UpdateAttributes@CEItemIDList@@YAJPBGKPAPFAU_ITEMIDLIST@@@Z 100152ac f   ceshui:idlist.obj
 0001:000144a4       ?UpdateAttributes@CEItemIDList@@YAJPBGPAPFAU_ITEMIDLIST@@@Z 100154a4 f   ceshui:idlist.obj
 0001:000144b8       ?UpdateAttributes@CEItemIDList@@YAJPFBU_ITEMIDLIST@@PAPFAU2@@Z 100154b8 f   ceshui:idlist.obj
 0001:00014540       ?GetBOOL@UserSettings@@KAHPAUHKEY__@@PBGH@Z 10015540 f   ceshui:usersettings.obj
 0001:00014598       ?GetDWORD@UserSettings@@KAKPAUHKEY__@@PBGK@Z 10015598 f   ceshui:usersettings.obj
 0001:000145f0       ?GetSZ@UserSettings@@KAHPAUHKEY__@@PBGPAGI1@Z 100155f0 f   ceshui:usersettings.obj
 0001:000146a8       ?GetDWORD@UserSettings@@KAKPAUHKEY__@@PBG1K@Z 100156a8 f   ceshui:usersettings.obj
 0001:0001472c       ?SetBOOL@UserSettings@@KAHPAUHKEY__@@PBG1H@Z 1001572c f   ceshui:usersettings.obj
 0001:000147c0       ?SetDWORD@UserSettings@@KAHPAUHKEY__@@PBG1K@Z 100157c0 f   ceshui:usersettings.obj
 0001:00014854       ?GetBackgroundImageLocation@UserSettings@@SAHPAGI@Z 10015854 f   ceshui:usersettings.obj
 0001:00014874       ?GetListviewStyle@UserSettings@@SAKXZ 10015874 f   ceshui:usersettings.obj
 0001:000148c0       ?GetRecycleBinSize@UserSettings@@SAKXZ 100158c0 f   ceshui:usersettings.obj
 0001:000148d0       ?GetShowFileName@UserSettings@@SAHXZ 100158d0 f   ceshui:usersettings.obj
 0001:000148e0       ?GetShowExtensions@UserSettings@@SAHXZ 100158e0 f   ceshui:usersettings.obj
 0001:000148f0       ?GetShowHiddenFiles@UserSettings@@SAHXZ 100158f0 f   ceshui:usersettings.obj
 0001:00014900       ?GetShowFileSize@UserSettings@@SAHXZ 10015900 f   ceshui:usersettings.obj
 0001:00014910       ?GetShowDateModified@UserSettings@@SAHXZ 10015910 f   ceshui:usersettings.obj
 0001:00014920       ?GetShowFileType@UserSettings@@SAHXZ 10015920 f   ceshui:usersettings.obj
 0001:00014930       ?GetShowSystemFiles@UserSettings@@SAHXZ 10015930 f   ceshui:usersettings.obj
 0001:00014940       ?GetTileBackgroundImage@UserSettings@@SAHXZ 10015940 f   ceshui:usersettings.obj
 0001:00014950       ?GetUse2ndClipboard@UserSettings@@SAHXZ 10015950 f   ceshui:usersettings.obj
 0001:00014960       ?GetUseCompatibleBackgroundImage@UserSettings@@SAHXZ 10015960 f   ceshui:usersettings.obj
 0001:00014970       ?GetUseDragDrop@UserSettings@@SAHXZ 10015970 f   ceshui:usersettings.obj
 0001:00014980       ?GetUseRecycleBin@UserSettings@@SAHXZ 10015980 f   ceshui:usersettings.obj
 0001:00014990       ?GetShowOverlayMask@UserSettings@@SAHXZ 10015990 f   ceshui:usersettings.obj
 0001:000149a0       ?SetListviewStyle@UserSettings@@SAHK@Z 100159a0 f   ceshui:usersettings.obj
 0001:000149e4       ?SetRecycleBinSize@UserSettings@@SAHK@Z 100159e4 f   ceshui:usersettings.obj
 0001:00014a18       ?SetShowExtensions@UserSettings@@SAHH@Z 10015a18 f   ceshui:usersettings.obj
 0001:00014a4c       ?SetShowHiddenFiles@UserSettings@@SAHH@Z 10015a4c f   ceshui:usersettings.obj
 0001:00014a80       ?SetShowSystemFiles@UserSettings@@SAHH@Z 10015a80 f   ceshui:usersettings.obj
 0001:00014ab4       ?SetUseRecycleBin@UserSettings@@SAHH@Z 10015ab4 f   ceshui:usersettings.obj
 0001:00014b08       ?Query@UserSettings@@SAXXZ 10015b08 f   ceshui:usersettings.obj
 0001:00014d40       ?FolderOptionsDlgProc@UserSettings@@KAHPAUHWND__@@IIJ@Z 10015d40 f   ceshui:usersettings.obj
 0001:00014eb4       ?ShowFolderOptions@UserSettings@@SAXXZ 10015eb4 f   ceshui:usersettings.obj
 0001:00014f30       ?NormalizeAndVerifyFileName@@YAJPBGPAGI@Z 10015f30 f   ceshui:folderutils.obj
 0001:00014fc0       ?CreateCustomFileTypeDescription@@YAJPBGPAGI@Z 10015fc0 f   ceshui:folderutils.obj
 0001:000150e0       ?PathFileExistsWithAttributes@@YAHPAGK@Z 100160e0 f   ceshui:folderutils.obj
 0001:0001512c       ?IsNamespace@@YAHPBG@Z     1001612c f   ceshui:folderutils.obj
 0001:0001514c       ?GetLocalizedNameDBString@@YAHPBGPAGI@Z 1001614c f   ceshui:folderutils.obj
 0001:00015264       ?GetDesktopIniFile@@YAJPBGPAGI@Z 10016264 f   ceshui:folderutils.obj
 0001:000152e0       ?_Grow@?$_string_t@G$0BA@U?$i_char_traits@G@ce@@Vallocator@2@@ce@@IAA_NI@Z 100162e0 f i ceshui:folderutils.obj
 0001:00015370       ?_Buynode@?$list@U?$pair@V?$_string_t@G$0BA@U?$i_char_traits@G@ce@@Vallocator@2@@ce@@V12@@std@@Vallocator@ce@@@ce@@IAAPAU?$_ListNode@U?$pair@V?$_string_t@G$0BA@U?$i_char_traits@G@ce@@Vallocator@2@@ce@@V12@@std@@@list_impl@2@PAU342@@Z 10016370 f i ceshui:folderutils.obj
 0001:000153bc       ?_Buynode@?$list@U?$pair@V?$_string_t@G$0BA@U?$i_char_traits@G@ce@@Vallocator@2@@ce@@PAVNameCache_t@@@std@@Vallocator@ce@@@ce@@IAAPAU?$_ListNode@U?$pair@V?$_string_t@G$0BA@U?$i_char_traits@G@ce@@Vallocator@2@@ce@@PAVNameCache_t@@@std@@@list_impl@2@PAU342@@Z 100163bc f i ceshui:folderutils.obj
 0001:00015408       ??1_buffer@?$_string_t@G$0BA@U?$i_char_traits@G@ce@@Vallocator@2@@ce@@QAA@XZ 10016408 f i ceshui:folderutils.obj
 0001:00015458       ?hash_function@?$hash_traits@V?$_string_t@G$0BA@U?$i_char_traits@G@ce@@Vallocator@2@@ce@@@ce@@QBAIABV?$_string_t@G$0BA@U?$i_char_traits@G@ce@@Vallocator@2@@2@@Z 10016458 f i ceshui:folderutils.obj
 0001:000154a4       ?erase@?$list@U?$pair@V?$_string_t@G$0BA@U?$i_char_traits@G@ce@@Vallocator@2@@ce@@V12@@std@@Vallocator@ce@@@ce@@QAA?AV?$iterator@U?$pair@V?$_string_t@G$0BA@U?$i_char_traits@G@ce@@Vallocator@2@@ce@@V12@@std@@@list_impl@2@V342@@Z 100164a4 f i ceshui:folderutils.obj
 0001:00015524       ?erase@?$list@U?$pair@V?$_string_t@G$0BA@U?$i_char_traits@G@ce@@Vallocator@2@@ce@@PAVNameCache_t@@@std@@Vallocator@ce@@@ce@@QAA?AV?$iterator@U?$pair@V?$_string_t@G$0BA@U?$i_char_traits@G@ce@@Vallocator@2@@ce@@PAVNameCache_t@@@std@@@list_impl@2@V342@@Z 10016524 f i ceshui:folderutils.obj
 0001:00015594       ?assign@?$_string_t@G$0BA@U?$i_char_traits@G@ce@@Vallocator@2@@ce@@QAA_NPBGII@Z 10016594 f i ceshui:folderutils.obj
 0001:000155fc       ?erase@?$list@U?$pair@V?$_string_t@G$0BA@U?$i_char_traits@G@ce@@Vallocator@2@@ce@@V12@@std@@Vallocator@ce@@@ce@@QAA?AV?$iterator@U?$pair@V?$_string_t@G$0BA@U?$i_char_traits@G@ce@@Vallocator@2@@ce@@V12@@std@@@list_impl@2@V342@0@Z 100165fc f i ceshui:folderutils.obj
 0001:00015654       ?erase@?$list@U?$pair@V?$_string_t@G$0BA@U?$i_char_traits@G@ce@@Vallocator@2@@ce@@PAVNameCache_t@@@std@@Vallocator@ce@@@ce@@QAA?AV?$iterator@U?$pair@V?$_string_t@G$0BA@U?$i_char_traits@G@ce@@Vallocator@2@@ce@@PAVNameCache_t@@@std@@@list_impl@2@V342@0@Z 10016654 f i ceshui:folderutils.obj
 0001:000156ac       ?erase@?$vector@U?$pair@V?$iterator@U?$pair@V?$_string_t@G$0BA@U?$i_char_traits@G@ce@@Vallocator@2@@ce@@V12@@std@@@list_impl@ce@@I@std@@Vallocator@ce@@U?$exponential_growth@$09@4@@ce@@QAAPAU?$pair@V?$iterator@U?$pair@V?$_string_t@G$0BA@U?$i_char_traits@G@ce@@Vallocator@2@@ce@@V12@@std@@@list_impl@ce@@I@std@@PAU34@0@Z 100166ac f i ceshui:folderutils.obj
 0001:00015710       ?erase@?$vector@U?$pair@V?$iterator@U?$pair@V?$_string_t@G$0BA@U?$i_char_traits@G@ce@@Vallocator@2@@ce@@PAVNameCache_t@@@std@@@list_impl@ce@@I@std@@Vallocator@ce@@U?$exponential_growth@$09@4@@ce@@QAAPAU?$pair@V?$iterator@U?$pair@V?$_string_t@G$0BA@U?$i_char_traits@G@ce@@Vallocator@2@@ce@@PAVNameCache_t@@@std@@@list_impl@ce@@I@std@@PAU34@0@Z 10016710 f i ceshui:folderutils.obj
 0001:00015774       ??0?$_string_t@G$0BA@U?$i_char_traits@G@ce@@Vallocator@2@@ce@@QAA@ABV01@@Z 10016774 f i ceshui:folderutils.obj
 0001:000157bc       ?erase@?$vector@U?$pair@V?$iterator@U?$pair@V?$_string_t@G$0BA@U?$i_char_traits@G@ce@@Vallocator@2@@ce@@V12@@std@@@list_impl@ce@@I@std@@V?$reference_allocator@Vallocator@ce@@@details@ce@@U?$exponential_growth@$09@5@@ce@@QAAPAU?$pair@V?$iterator@U?$pair@V?$_string_t@G$0BA@U?$i_char_traits@G@ce@@Vallocator@2@@ce@@V12@@std@@@list_impl@ce@@I@std@@PAU34@0@Z 100167bc f i ceshui:folderutils.obj
 0001:00015820       ?erase@?$vector@U?$pair@V?$iterator@U?$pair@V?$_string_t@G$0BA@U?$i_char_traits@G@ce@@Vallocator@2@@ce@@PAVNameCache_t@@@std@@@list_impl@ce@@I@std@@V?$reference_allocator@Vallocator@ce@@@details@ce@@U?$exponential_growth@$09@5@@ce@@QAAPAU?$pair@V?$iterator@U?$pair@V?$_string_t@G$0BA@U?$i_char_traits@G@ce@@Vallocator@2@@ce@@PAVNameCache_t@@@std@@@list_impl@ce@@I@std@@PAU34@0@Z 10016820 f i ceshui:folderutils.obj
 0001:00015884       ??$?8G$0BA@$0BA@U?$i_char_traits@G@ce@@Vallocator@1@V21@@ce@@YA_NABV?$_string_t@G$0BA@U?$i_char_traits@G@ce@@Vallocator@2@@0@0@Z 10016884 f i ceshui:folderutils.obj
[...]
 0002:0000041c       __imp_CeDeleteRecord       1004141c     coredll:COREDLL.dll
 0002:00000420       __imp_GetSystemMemoryDivision 10041420     coredll:COREDLL.dll
 0002:00000424       __imp_CeFlushDBVol         10041424     coredll:COREDLL.dll
 0002:00000428       __imp_CeWriteRecordProps   10041428     coredll:COREDLL.dll
 0002:0000042c       __imp_LocalFileTimeToFileTime 1004142c     coredll:COREDLL.dll
 0002:00000430       __imp_GetLocalTime         10041430     coredll:COREDLL.dll
 0002:00000434       __imp_InterlockedExchange  10041434     coredll:COREDLL.dll
 0002:00000438       __imp_DrawFocusRect        10041438     coredll:COREDLL.dll
 0002:0000043c       __imp_WaitForMultipleObjects 1004143c     coredll:COREDLL.dll
 0002:00000440       __imp__msize               10041440     corelib1:COREDLL.dll
 0002:00000444       __imp_realloc              10041444     corelib1:COREDLL.dll
 0002:00000448       __imp_malloc               10041448     corelib1:COREDLL.dll
 0002:0000044c       __imp_free                 1004144c     corelib1:COREDLL.dll
 0002:00000450       __imp___report_gsfailure   10041450     corelib1:COREDLL.dll
 0002:00000454       __imp___security_gen_cookie2 10041454     corelib1:COREDLL.dll
 0002:00000458       __imp__XcptFilter          10041458     corelib1:COREDLL.dll
 0002:0000045c       __imp__ultow               1004145c     corelib1:COREDLL.dll
 0002:00000460       __imp__wfopen              10041460     corelib1:COREDLL.dll
 0002:00000464       __imp_fgetpos              10041464     corelib1:COREDLL.dll
 0002:00000468       __imp_feof                 10041468     corelib1:COREDLL.dll
 0002:0000046c       __imp_fsetpos              1004146c     corelib1:COREDLL.dll
 0002:00000470       __imp_fputws               10041470     corelib1:COREDLL.dll
 0002:00000474       __imp__fileno              10041474     corelib1:COREDLL.dll
 0002:00000478       __imp_ftell                10041478     corelib1:COREDLL.dll
 0002:0000047c       __imp_fgetws               1004147c     corelib1:COREDLL.dll
 0002:00000480       __imp_fseek                10041480     corelib1:COREDLL.dll
 0002:00000484       __imp_fclose               10041484     corelib1:COREDLL.dll
 0002:00000488       __imp___rt_udiv            10041488     corelib1:COREDLL.dll
 0002:0000048c       __imp___rt_sdiv            1004148c     corelib1:COREDLL.dll
 0002:00000490       __imp_wcsncpy_s            10041490     corelib1:COREDLL.dll
 0002:00000494       __imp_wcsncmp              10041494     corelib1:COREDLL.dll
 0002:00000498       __imp_wcsncpy              10041498     corelib1:COREDLL.dll
 0002:0000049c       __imp__wtoi                1004149c     corelib1:COREDLL.dll
 0002:000004a0       __imp_wcsstr               100414a0     corelib1:COREDLL.dll
 0002:000004a4       __imp_memmove              100414a4     corelib1:COREDLL.dll
 0002:000004a8       __imp_swprintf             100414a8     corelib1:COREDLL.dll
 0002:000004ac       __imp__wtol                100414ac     corelib1:COREDLL.dll
 0002:000004b0       __imp_wcscat               100414b0     corelib1:COREDLL.dll
 0002:000004b4       __imp_wcsrchr              100414b4     corelib1:COREDLL.dll
 0002:000004b8       __imp_wcspbrk              100414b8     corelib1:COREDLL.dll
 0002:000004bc       __imp__wcsnicmp            100414bc     corelib1:COREDLL.dll
 0002:000004c0       __imp___rt_udiv64by64      100414c0     corelib1:COREDLL.dll
 0002:000004c4       __imp_??_V@YAXPAX@Z        100414c4     corelib1:COREDLL.dll
 0002:000004c8       __imp_??_U@YAPAXI@Z        100414c8     corelib1:COREDLL.dll
 0002:000004cc       __imp_wcschr               100414cc     corelib1:COREDLL.dll
 0002:000004d0       __imp_strlen               100414d0     corelib1:COREDLL.dll
 0002:000004d4       __imp_wcslen               100414d4     corelib1:COREDLL.dll
 0002:000004d8       __imp_wcscmp               100414d8     corelib1:COREDLL.dll
 0002:000004dc       __imp_wcscpy_s             100414dc     corelib1:COREDLL.dll
 0002:000004e0       __imp__purecall            100414e0     corelib1:COREDLL.dll
 0002:000004e4       __imp_memcpy               100414e4     corelib1:COREDLL.dll
 0002:000004e8       __imp___C_specific_handler 100414e8     corelib1:COREDLL.dll
 0002:000004ec       __imp_memcmp               100414ec     corelib1:COREDLL.dll
 0002:000004f0       __imp_wcscpy               100414f0     corelib1:COREDLL.dll
 0002:000004f4       __imp_??3@YAXPAX@Z         100414f4     corelib1:COREDLL.dll
 0002:000004f8       __imp_memset               100414f8     corelib1:COREDLL.dll
 0002:000004fc       __imp_mbstowcs             100414fc     corelib1:COREDLL.dll
 0002:00000500       __imp_??2@YAPAXI@Z         10041500     corelib1:COREDLL.dll
 0002:00000504       __imp__wcsicmp             10041504     corelib1:COREDLL.dll
 0002:00000508       __imp_TerminateProcess     10041508     coredll:COREDLL.dll
 0002:0000050c       \177COREDLL_NULL_THUNK_DATA 1004150c     coredll:COREDLL.dll
 0002:00000510       __imp_SysAllocString       10041510     oleaut32:OLEAUT32.dll
 0002:00000514       __imp_VariantInit          10041514     oleaut32:OLEAUT32.dll
 0002:00000518       __imp_VariantClear         10041518     oleaut32:OLEAUT32.dll
 0002:0000051c       \177OLEAUT32_NULL_THUNK_DATA 1004151c     oleaut32:OLEAUT32.dll
 0002:00000520       __imp_InitCommonControlsEx 10041520     commctrl:commctrl.dll
 0002:00000524       __imp_CommandBar_AddAdornments 10041524     commctrl:commctrl.dll
 0002:00000528       __imp_CommandBar_AddBitmap 10041528     commctrl:commctrl.dll
 0002:0000052c       __imp_CommandBar_InsertControl 1004152c     commctrl:commctrl.dll
 0002:00000530       __imp_CommandBar_Create    10041530     commctrl:commctrl.dll
 0002:00000534       __imp_CommandBar_Height    10041534     commctrl:commctrl.dll
 0002:00000538       __imp_PropertySheetW       10041538     commctrl:commctrl.dll
 0002:0000053c       \177commctrl_NULL_THUNK_DATA 1004153c     commctrl:commctrl.dll
 0002:00000540       __imp_CoInitializeEx       10041540     ole32:ole32.dll
 0002:00000544       __imp_CoCreateInstance     10041544     ole32:ole32.dll
 0002:00000548       __imp_CoGetClassObject     10041548     ole32:ole32.dll
 0002:0000054c       __imp_CLSIDFromString      1004154c     ole32:ole32.dll
 0002:00000550       __imp_StringFromCLSID      10041550     ole32:ole32.dll
 0002:00000554       __imp_CoTaskMemFree        10041554     ole32:ole32.dll
 0002:00000558       __imp_CoUninitialize       10041558     ole32:ole32.dll
 0002:0000055c       \177ole32_NULL_THUNK_DATA  1004155c     ole32:ole32.dll
 0002:00000560       __imp_?ILCopy@@YAPFAU_ITEMIDLIST@@PFBU1@I@Z 10041560     shcore:shcore.dll
 0002:00000564       __imp_?ILFindLast@@YAPFAU_ITEMIDLIST@@PFBU1@@Z 10041564     shcore:shcore.dll
 0002:00000568       __imp_PathIsValidPath      10041568     shcore:shcore.dll
 0002:0000056c       __imp_PathIsValidFileName  1004156c     shcore:shcore.dll
 0002:00000570       __imp_PathIsSameDevice     10041570     shcore:shcore.dll
 0002:00000574       __imp_?ILCount@@YAKPFBU_ITEMIDLIST@@@Z 10041574     shcore:shcore.dll
 0002:00000578       __imp_PathIsExe            10041578     shcore:shcore.dll
 0002:0000057c       __imp_PathIsNandFlash      1004157c     shcore:shcore.dll
 0002:00000580       __imp_PathIsRemovableDevice 10041580     shcore:shcore.dll
 0002:00000584       __imp_PathRemoveTrailingSlashes 10041584     shcore:shcore.dll
 0002:00000588       __imp_PathIsLink           10041588     shcore:shcore.dll
 0002:0000058c       __imp_PathIsGUID           1004158c     shcore:shcore.dll
 0002:00000590       __imp_?ILConcatenate@@YAPFAU_ITEMIDLIST@@PFBU1@0@Z 10041590     shcore:shcore.dll
 0002:00000594       __imp_?ILRemoveLast@@YAHPFAU_ITEMIDLIST@@@Z 10041594     shcore:shcore.dll
 0002:00000598       __imp_PathFindRootDevice   10041598     shcore:shcore.dll
 0002:0000059c       __imp_PathRemoveQuotesAndArgs 1004159c     shcore:shcore.dll
 0002:000005a0       __imp_PathIsExtension      100415a0     shcore:shcore.dll
 0002:000005a4       __imp_PathMakeUniqueNameEx 100415a4     shcore:shcore.dll
 0002:000005a8       __imp_PathIsLocal          100415a8     shcore:shcore.dll
 0002:000005ac       __imp_PathIsImage          100415ac     shcore:shcore.dll
 0002:000005b0       __imp_PathMakeUniqueName   100415b0     shcore:shcore.dll
 0002:000005b4       __imp_?ILSize@@YAIPFBU_ITEMIDLIST@@I@Z 100415b4     shcore:shcore.dll
 0002:000005b8       \177shcore_NULL_THUNK_DATA 100415b8     shcore:shcore.dll
 0002:000005bc       __imp_PathFileExistsW      100415bc     shlwapi:shlwapi.dll
 0002:000005c0       __imp_PathFindFileNameW    100415c0     shlwapi:shlwapi.dll
 0002:000005c4       __imp_PathFindExtensionW   100415c4     shlwapi:shlwapi.dll
 0002:000005c8       __imp_PathRemoveExtensionW 100415c8     shlwapi:shlwapi.dll
 0002:000005cc       __imp_PathRemoveArgsW      100415cc     shlwapi:shlwapi.dll
 0002:000005d0       __imp_PathGetArgsW         100415d0     shlwapi:shlwapi.dll
 0002:000005d4       __imp_PathIsDirectoryW     100415d4     shlwapi:shlwapi.dll
 0002:000005d8       __imp_PathAddBackslashW    100415d8     shlwapi:shlwapi.dll
 0002:000005dc       __imp_PathRemoveFileSpecW  100415dc     shlwapi:shlwapi.dll
 0002:000005e0       __imp_PathCompactPathW     100415e0     shlwapi:shlwapi.dll
 0002:000005e4       __imp_PathIsUNCServerShareW 100415e4     shlwapi:shlwapi.dll
 0002:000005e8       __imp_PathCombineW         100415e8     shlwapi:shlwapi.dll
 0002:000005ec       __imp_PathRemoveBackslashW 100415ec     shlwapi:shlwapi.dll
 0002:000005f0       __imp_PathMatchSpecW       100415f0     shlwapi:shlwapi.dll
 0002:000005f4       __imp_PathRemoveBlanksW    100415f4     shlwapi:shlwapi.dll
 0002:000005f8       \177shlwapi_NULL_THUNK_DATA 100415f8     shlwapi:shlwapi.dll
 0002:00000600       ?g_hLanguageDB@@3PAXA      10041600     ceshui:ceshell.obj
 0002:00000620       ?dpCurSettings@@3U_DBGPARAM@@A 10041620     ceshui:ceshell.obj
 0002:00000a64       ?dwRecycleBinSize@UserSettings@@1KA 10041a64     ceshui:usersettings.obj
 0002:00000a68       ?fShowOverlayMask@UserSettings@@1HA 10041a68     ceshui:usersettings.obj
 0002:00000a6c       ?fUseCompatibleBackgroundImage@UserSettings@@1HA 10041a6c     ceshui:usersettings.obj
 0002:00000a70       ?fUseDragDrop@UserSettings@@1HA 10041a70     ceshui:usersettings.obj
 0002:00000b2c       ?s_CurrentUndoStr@CDefShellView@@1IA 10041b2c     ceshui:defshellview.obj
 0002:00000b48       ?m_cPopulateItemInterval@CShellListView@@1HA 10041b48     ceshui:shelllistview.obj
 0002:00000b4c       ?s_fUseLongFileDate@ShellFormat@@1HA 10041b4c     ceshuistd:uiplatform.obj
 0002:00000b50       ?m_fFlushVolume@CRecycleBin@@0HA 10041b50     ceshrecbin:recbin.obj
 0002:00000b54       __security_cookie          10041b54     corelib0:seccinit.obj
 0002:00000b58       __security_cookie_complement 10041b58     corelib0:seccinit.obj
 0002:00000b60       ??_B?1??get_lock@?$singleton@V?$free_list@$0GE@Vallocator@ce@@@ce@@$03V?$static_allocator@V?$free_list@$0GE@Vallocator@ce@@@ce@@$03@2@@ce@@KAAAVcritical_section@2@XZ@51 10041b60     ceshapi:api.obj
 0002:00000b64       ?cs@?1??get_lock@?$singleton@V?$free_list@$0GE@Vallocator@ce@@@ce@@$03V?$static_allocator@V?$free_list@$0GE@Vallocator@ce@@@ce@@$03@2@@ce@@KAAAVcritical_section@3@XZ@4V43@A 10041b64     ceshapi:api.obj
 0002:00000b78       ?_factory@?$singleton@V?$free_list@$0GE@Vallocator@ce@@@ce@@$03V?$static_allocator@V?$free_list@$0GE@Vallocator@ce@@@ce@@$03@2@@ce@@1Ulock_factory@12@A 10041b78     ceshapi:api.obj
 0002:00000b7c       ?hwndCurrent@@3PAUHWND__@@A 10041b7c     ceshapi:drag.obj
 0002:00000b80       ?lpfnCurrent@@3P6AJPAUHWND__@@IIJ@ZA 10041b80     ceshapi:drag.obj
 0002:00000b84       ?g_pDropTargetList@@3PAVCDropTargetList@@A 10041b84     ceshapi:drag.obj
 0002:00000b88       ?s_TTRefCount@FileOpenDlg_t@@1KA 10041b88     ceshapi:fileopen.obj
 0002:00000b8c       ?s_pwszTooltips@FileOpenDlg_t@@1PAPAGA 10041b8c     ceshapi:fileopen.obj
 0002:00000b9c       ?pIconCache@CIconCache@@2PAV1@A 10041b9c     ceshapi:iconcache.obj
 0002:00000ba0       ?g_cs@@3UCRITICAL_SECTION@@A 10041ba0     ceshui:ceshell.obj
 0002:00000bb4       ?g_guidNameLangVol@@3U_CEGUID@@A 10041bb4     ceshui:ceshell.obj
 0002:00000bc4       g_HIDPI_LogPixelsY         10041bc4     ceshui:ceshell.obj
 0002:00000bc8       g_HIDPI_LogPixelsX         10041bc8     ceshui:ceshell.obj
 0002:00000bcc       ?HINST_THISDLL@@3PAUHINSTANCE__@@A 10041bcc     ceshui:ceshell.obj
 0002:00000bd0       ?_HINST_CESHELL@@3PAUHINSTANCE__@@A 10041bd0     ceshui:ceshell.obj
 0002:00000bd4       ?_HINST_CESHELLDPI@@3PAUHINSTANCE__@@A 10041bd4     ceshui:ceshell.obj
 0002:00000bd8       ?g_pShellMalloc@@3PAUIMalloc@@A 10041bd8     ceshui:ceshell.obj
 0002:00000bdc       ?g_pFileChangeManager@@3PAVFileChangeManager@@A 10041bdc     ceshui:ceshell.obj
 0002:00000be0       ?g_pUndo@@3PAVCShellUndo@@A 10041be0     ceshui:ceshell.obj
 0002:00000be4       ?g_pRecBin@@3PAVIShellRecycleBin@@A 10041be4     ceshui:ceshell.obj
 0002:00000be8       ?g_dwRefCount@@3KA         10041be8     ceshui:ceshell.obj
 0002:00000bec       ?g_fCEShellInitialized@@3HA 10041bec     ceshui:ceshell.obj
 0002:00000bf0       ?ImageTypeCache@CEItemIDList@@3VImageTypeCache_t@1@A 10041bf0     ceshui:idlist.obj
 0002:00000c48       ?NameSpaceCache@CEItemIDList@@3VNameSpaceCache_t@1@A 10041c48     ceshui:idlist.obj
 0002:00000c98       ?szBackgoundImageLocation@UserSettings@@1PAGA 10041c98     ceshui:usersettings.obj
 0002:00000ea0       ?fShowFileName@UserSettings@@1HA 10041ea0     ceshui:usersettings.obj
 0002:00000ea4       ?fShowExtensions@UserSettings@@1HA 10041ea4     ceshui:usersettings.obj
 0002:00000ea8       ?fShowHiddenFiles@UserSettings@@1HA 10041ea8     ceshui:usersettings.obj
 0002:00000eac       ?fShowFileSize@UserSettings@@1HA 10041eac     ceshui:usersettings.obj
 0002:00000eb0       ?fShowDateModified@UserSettings@@1HA 10041eb0     ceshui:usersettings.obj
 0002:00000eb4       ?fShowFileType@UserSettings@@1HA 10041eb4     ceshui:usersettings.obj
 0002:00000eb8       ?fShowSystemFiles@UserSettings@@1HA 10041eb8     ceshui:usersettings.obj
 0002:00000ebc       ?fTileBackgroundImage@UserSettings@@1HA 10041ebc     ceshui:usersettings.obj
 0002:00000ec0       ?fUse2ndClipboard@UserSettings@@1HA 10041ec0     ceshui:usersettings.obj
 0002:00000ec4       ?hFolderOptionsDlg@UserSettings@@1PAUHWND__@@A 10041ec4     ceshui:usersettings.obj
 0002:00000ec8       ?fUseRecycleBin@UserSettings@@1HA 10041ec8     ceshui:usersettings.obj
 0002:00000ecc       ?FolderCache@@3VFolderCache_t@@A 10041ecc     ceshui:folderutils.obj
 0002:00000f00       ?hRecBinPropDlg@Properties@ShellDialogs@@1PAUHWND__@@A 10041f00     ceshui:shelldialogs.obj
 0002:00000f04       ?m_psfDrivesDirectory@CDrivesFolder@@2PAUIShellFolder@@A 10041f04     ceshui:drivesfolder.obj
 0002:00000f08       ?m_pSpecTbl@CStartFolder@@1PAVCSpecTbl@1@A 10041f08     ceshui:startfolder.obj
 0002:00000f0c       ?s_TTRefCount@CDefShellView@@1KA 10041f0c     ceshui:defshellview.obj
 0002:00000f10       ?s_pszTooltips@CDefShellView@@1PAPAGA 10041f10     ceshui:defshellview.obj
 0002:00000f28       ?s_FSRefCount@CDefShellView@@1KA 10041f28     ceshui:defshellview.obj
 0002:00000f2c       ?s_pszDRootName@CDefShellView@@1PAGA 10041f2c     ceshui:defshellview.obj
 0002:00000f30       ?s_hDRootIcon@CDefShellView@@1PAUHICON__@@A 10041f30     ceshui:defshellview.obj
 0002:00000f34       ?s_pFileMenuData@CDefShellView@@1PAUtagINSMENUDATA@@A 10041f34     ceshui:defshellview.obj
 0002:00000f38       ?s_pEditMenuData@CDefShellView@@1PAUtagINSMENUDATA@@A 10041f38     ceshui:defshellview.obj
 0002:00000f3c       ?s_pViewMenuData@CDefShellView@@1PAUtagINSMENUDATA@@A 10041f3c     ceshui:defshellview.obj
 0002:00000f40       ?s_pGoMenuData@CDefShellView@@1PAUtagINSMENUDATA@@A 10041f40     ceshui:defshellview.obj
 0002:00000f44       ?s_cFileMenuData@CDefShellView@@1HA 10041f44     ceshui:defshellview.obj
 0002:00000f48       ?s_cEditMenuData@CDefShellView@@1HA 10041f48     ceshui:defshellview.obj
 0002:00000f4c       ?s_cViewMenuData@CDefShellView@@1HA 10041f4c     ceshui:defshellview.obj
 0002:00000f50       ?s_cGoMenuData@CDefShellView@@1HA 10041f50     ceshui:defshellview.obj
 0002:00000f54       ?s_pMenuOffset@CDefShellView@@1PAUtagMENUOFFSET@@A 10041f54     ceshui:defshellview.obj
 0002:00000f58       ?m_uFormat@CShellClipboard@@1IA 10041f58     ceshui:datatrans.obj
 0002:00000f5c       ?m_pDragData@CShellListView@@1PAUDragData@1@A 10041f5c     ceshui:shelllistview.obj
 0002:00000f60       ?s_pImagingFactory@CThumbnailCache@@1PAUIImagingFactory@@A 10041f60     ceshui:thumbnailcache.obj
 0002:00000f68       ?m_cs@CRecycleBin@@0UCRITICAL_SECTION@@A 10041f68     ceshrecbin:recbin.obj
 0002:00000f7c       ?m_pidlBitBucket@CRecycleBin@@0PFAU_ITEMIDLIST@@FA 10041f7c     ceshrecbin:recbin.obj
 0002:00000f80       ?m_fcsInit@CRecycleBin@@0HA 10041f80     ceshrecbin:recbin.obj
 0002:00000f84       ?m_fMounted@CRecycleBin@@0HA 10041f84     ceshrecbin:recbin.obj
 0002:00000f88       ?m_hDB@CRecycleBin@@0PAXA  10041f88     ceshrecbin:recbin.obj
 0002:00000f8c       ?m_oid@CRecycleBin@@0KA    10041f8c     ceshrecbin:recbin.obj
 0002:00000f90       ?m_guid@CRecycleBin@@0U_CEGUID@@A 10041f90     ceshrecbin:recbin.obj
 0002:00000fa0       ?m_dwPercentage@CRecycleBin@@0IA 10041fa0     ceshrecbin:recbin.obj
 0002:00000fa4       ?m_pscnDesktop@CRecycleBin@@0PAUIShellChangeNotify@@A 10041fa4     ceshrecbin:recbin.obj
 0002:00000fa8       ?m_szBitBucketPath@CRecycleBin@@2PAGA 10041fa8     ceshrecbin:recbin.obj
 0002:000011b0       ?m_szCSIDLProfile@CRecycleBin@@0PAGA 100421b0     ceshrecbin:recbin.obj
 0002:000013b8       ?m_szFindFile@CRecycleBin@@0PAGA 100423b8     ceshrecbin:recbin.obj
 0002:000015c0       ?m_iNotObjectStore@CRecycleBin@@2IA 100425c0     ceshrecbin:recbin.obj
 0002:000015c4       ?g_csAygshell@@3UCRITICAL_SECTION@@A 100425c4     aygutils:utils.obj
 0002:000015d8       ?g_hInstAygshell@@3PAUHINSTANCE__@@A 100425d8     aygutils:utils.obj
 0002:000015dc       ?g_bCalledSHInitExtraControls@@3HA 100425dc     aygutils:utils.obj
 0002:000015e0       ?g_bLoadedAygshellLibrary@@3HA 100425e0     aygutils:utils.obj
 0002:000015e4       ?g_iAygshellRefCount@@3HA  100425e4     aygutils:utils.obj
 0002:000015e8       ?g_bInitialized@@3HA       100425e8     aygutils:utils.obj
 0002:00001630       _exitflag                  10042630     corelib0:cexit.obj
 0002:00001634       __onexitend                10042634     <common>
 0002:00001638       __onexitbegin              10042638     <common>
 0002:0000163c       g_pcsExit                  1004263c     <common>
 0002:00001640       _pRawDllMain               10042640     <common>

 entry point at        0001:0003e0c8

 Static symbols

 0001:0003dfd8       _DllMainCRTStartupHelper   1003efd8 f   corelib0:pegdmain.obj
 0001:0003e394       doexit                     1003f394 f   corelib0:cexit.obj
 0001:0003e854       ??__E?_factory@?$singleton@V?$free_list@$0GE@Vallocator@ce@@@ce@@$03V?$static_allocator@V?$free_list@$0GE@Vallocator@ce@@@ce@@$03@2@@ce@@1Ulock_factory@12@A@@YAXXZ 1003f854 f   ceshapi:api.obj
 0001:0003e858       ??__EdpCurSettings@@YAXXZ  1003f858 f   ceshui:ceshell.obj
 0001:0003e878       ??__ENameSpaceCache@CEItemIDList@@YAXXZ 1003f878 f   ceshui:idlist.obj
 0001:0003e898       ??__EImageTypeCache@CEItemIDList@@YAXXZ 1003f898 f   ceshui:idlist.obj
 0001:0003e8b8       ??__E?fUseRecycleBin@UserSettings@@1HA@@YAXXZ 1003f8b8 f   ceshui:usersettings.obj
 0001:0003e8d4       ??__EFolderCache@@YAXXZ    1003f8d4 f   ceshui:folderutils.obj
 0001:0003e900       ??__FNameSpaceCache@CEItemIDList@@YAXXZ 1003f900 f   ceshui:idlist.obj
 0001:0003e90c       ??__FImageTypeCache@CEItemIDList@@YAXXZ 1003f90c f   ceshui:idlist.obj
 0001:0003e918       ??__FFolderCache@@YAXXZ    1003f918 f   ceshui:folderutils.obj
