 commctrl

 Timestamp is 618b152d (Tue Nov 09 17:41:17 2021)

 Preferred load address is 10000000

 Start         Length     Name                   Class
 0001:00000000 00000004H .CRT$XCA                CODE
 0001:00000004 00000008H .CRT$XCU                CODE
 0001:0000000c 00000004H .CRT$XCZ                CODE
 0001:00000010 00000004H .CRT$XIA                CODE
 0001:00000014 00000004H .CRT$XIZ                CODE
 0001:00000018 00000004H .CRT$XPA                CODE
 0001:0000001c 00000004H .CRT$XPZ                CODE
 0001:00000020 00000004H .CRT$XTA                CODE
 0001:00000024 00000004H .CRT$XTZ                CODE
 0001:00000030 00001008H .rdata                  CODE
 0001:00001038 00000025H .rdata$debug            CODE
 0001:00001060 0005ecccH .text                   CODE
 0001:0005fd2c 00000008H .text$yc                CODE
 0001:0005fd34 00000018H .text$yd                CODE
 0001:0005fd4c 000001d4H .xdata                  CODE
 0001:0005ff20 00000014H .idata$2                CODE
 0001:0005ff34 00000014H .idata$3                CODE
 0001:0005ff48 00000558H .idata$4                CODE
 0001:000604a0 0000000cH .idata$6                CODE
 0001:000604b0 0000080eH .edata                  CODE
 0002:00000000 00000558H .idata$5                DATA
 0002:00000558 00000024H .data                   DATA
 0002:00000580 00000560H .bss                    DATA
 0003:00000000 000029b8H .pdata                  DATA
 0004:00000000 00000160H .rsrc$01                DATA
 0004:00000160 000002a8H .rsrc$02                DATA

  Address         Publics by Value              Rva+Base       Lib:Object

 0000:00000000       ___safe_se_handler_count   00000000     <absolute>
 0000:00000000       ___safe_se_handler_table   00000000     <absolute>
 0001:00000000       __xc_a                     10001000     corelib0:crt0init.obj
 0001:0000000c       __xc_z                     1000100c     corelib0:crt0init.obj
 0001:00000010       __xi_a                     10001010     corelib0:crt0init.obj
 0001:00000014       __xi_z                     10001014     corelib0:crt0init.obj
 0001:00000018       __xp_a                     10001018     corelib0:crt0init.obj
 0001:0000001c       __xp_z                     1000101c     corelib0:crt0init.obj
 0001:00000020       __xt_a                     10001020     corelib0:crt0init.obj
 0001:00000024       __xt_z                     10001024     corelib0:crt0init.obj
 0001:00000064       ??_7CLink@@6B@             10001064     commctrl_ALL:link.obj
 0001:00000098       _GUID_4440306e_d79a_48d0_88e6_a42692279bfb 10001098     commctrl_ALL:link.obj
 0001:000000a8       _GUID_d6d2fbae_f116_458c_8c34_03569877a2d2 100010a8     commctrl_ALL:link.obj
 0001:000000b8       ?pfnListView_DrawItem@@3QBQ6AHPAULVDRAWITEM@@@ZB 100010b8     commctrl_ALL:listview.obj
 0001:000000c8       ?pfnListView_ApproximateViewRect@@3QBQ6AKPAU_LV@@HHH@ZB 100010c8     commctrl_ALL:listview.obj
 0001:000000d8       ?pfnListView_UpdateScrollBars@@3QBQ6AXPAU_LV@@@ZB 100010d8     commctrl_ALL:listview.obj
 0001:000000e8       ?pfnListView_ItemHitTest@@3QBQ6AHPAU_LV@@HHPAI@ZB 100010e8     commctrl_ALL:listview.obj
 0001:000000f8       ?pfnListView_OnScroll@@3QBQ6AXPAU_LV@@IHI@ZB 100010f8     commctrl_ALL:listview.obj
 0001:00000108       ?pfnListView_Scroll2@@3QBQ6AXPAU_LV@@HHI@ZB 10001108     commctrl_ALL:listview.obj
 0001:00000118       ?pfnListView_GetScrollUnitsPerLine@@3QBQ6AHPAU_LV@@I@ZB 10001118     commctrl_ALL:listview.obj
 0001:00000128       ?pfnListView_RecomputeEx@@3QBQ6AHPAU_LV@@PAU_DPA@@HH@ZB 10001128     commctrl_ALL:listview.obj
 0001:00000138       ??_C@_1DA@OJJBJDBF@?$AAU?$AAs?$AAe?$AAL?$AAo?$AAn?$AAg?$AAD?$AAe?$AAl?$AAa?$AAy?$AAF?$AAo?$AAr?$AAG?$AAe?$AAs?$AAt?$AAu?$AAr?$AAe?$AAs?$AA?$AA@ 10001138     commctrl_ALL:listview.obj
 0001:00000168       ??_C@_1CI@NHPOBCKF@?$AAS?$AAY?$AAS?$AAT?$AAE?$AAM?$AA?2?$AAG?$AAW?$AAE?$AA?2?$AAC?$AAo?$AAm?$AAm?$AAc?$AAt?$AAr?$AAl?$AA?$AA@ 10001168     commctrl_ALL:listview.obj
 0001:00000190       ??_C@_13COJANIEC@?$AA0?$AA?$AA@ 10001190     commctrl_ALL:listview.obj
 0001:000001d4       ??_C@_1CC@KPOKNCMJ@?$AAt?$AAo?$AAo?$AAl?$AAt?$AAi?$AAp?$AAs?$AA_?$AAc?$AAl?$AAa?$AAs?$AAs?$AA3?$AA2?$AA?$AA@ 100011d4     commctrl_ALL:listview.obj
 0001:000001f8       ??_C@_11LOCGONAA@?$AA?$AA@ 100011f8     commctrl_ALL:cmdbar.obj
 0001:000001fc       ??_C@_1CA@BPIDFFJM@?$AAT?$AAo?$AAo?$AAl?$AAb?$AAa?$AAr?$AAW?$AAi?$AAn?$AAd?$AAo?$AAw?$AA3?$AA2?$AA?$AA@ 100011fc     commctrl_ALL:cmdbar.obj
 0001:0000021c       ??_C@_1BM@IAMNGHGL@?$AAR?$AAe?$AAB?$AAa?$AAr?$AAW?$AAi?$AAn?$AAd?$AAo?$AAw?$AA3?$AA2?$AA?$AA@ 1000121c     commctrl_ALL:cmdbar.obj
 0001:00000238       ??_C@_1BC@DIEHAPBP@?$AAc?$AAo?$AAm?$AAb?$AAo?$AAb?$AAo?$AAx?$AA?$AA@ 10001238     commctrl_ALL:cmdbar.obj
 0001:0000024c       ??_C@_19IBCFILMC@?$AAM?$AAe?$AAn?$AAu?$AA?$AA@ 1000124c     commctrl_ALL:cmdbar.obj
 0001:00000258       ??_C@_1BI@EFNHDFLI@?$AAA?$AAT?$AAL?$AA?3?$AAL?$AAI?$AAS?$AAT?$AAB?$AAO?$AAX?$AA?$AA@ 10001258     commctrl_ALL:
 0001:00000270       ??_C@_1BI@LNCCCIJH@?$AAW?$AAC?$AAE?$AA_?$AAL?$AAI?$AAS?$AAT?$AAB?$AAO?$AAX?$AA?$AA@ 10001270     commctrl_ALL:
 0001:00000288       ??_C@_1BC@PNHNAJML@?$AAA?$AAT?$AAL?$AA?3?$AAE?$AAD?$AAI?$AAT?$AA?$AA@ 10001288     commctrl_ALL:
 0001:0000029c       ??_C@_1BC@NINLMLOF@?$AAW?$AAC?$AAE?$AA_?$AAE?$AAD?$AAI?$AAT?$AA?$AA@ 1000129c     commctrl_ALL:
 0001:000002b0       ??_C@_1BA@ENEDHJIL@?$AAC?$AAA?$AAP?$AAE?$AAD?$AAI?$AAT?$AA?$AA@ 100012b0     commctrl_ALL:
 0001:000002f4       ??_C@_1O@BKDPMMJJ@?$AA0?$AAx?$AA?$CF?$AA0?$AA4?$AAX?$AA?$AA@ 100012f4     commctrl_ALL:
 0001:00000304       ??_C@_1O@GNPNAMOC@?$AA0?$AAx?$AA?$CF?$AA0?$AA8?$AAX?$AA?$AA@ 10001304     commctrl_ALL:
 0001:00000314       ??_C@_15EFLNJKHH@?$AA?$CF?$AAu?$AA?$AA@ 10001314     commctrl_ALL:
 0001:0000031c       ??_C@_17EDCBBOLI@?$AAA?$AAV?$AAI?$AA?$AA@ 1000131c     commctrl_ALL:animate.obj
 0001:00000324       ??_C@_1BK@JHCNDHNB@?$AAS?$AAy?$AAs?$AAA?$AAn?$AAi?$AAm?$AAa?$AAt?$AAe?$AA3?$AA2?$AA?$AA@ 10001324     commctrl_ALL:animate.obj
 0001:00000340       ??_C@_1BC@KEOJOCDI@?$AAf?$AAC?$AAa?$AAp?$AAE?$AAd?$AAi?$AAt?$AA?$AA@ 10001340     commctrl_ALL:gcontrol.obj
 0001:00000358       ??_C@_1EE@LBEIBKHD@?$AAS?$AAo?$AAf?$AAt?$AAw?$AAa?$AAr?$AAe?$AA?2?$AAM?$AAi?$AAc?$AAr?$AAo?$AAs?$AAo?$AAf?$AAt?$AA?2?$AAS?$AAh?$AAe?$AAl?$AAl?$AA?2?$AAC?$AAo?$AAn?$AAt?$AAr?$AAo?$AAl@ 10001358     commctrl_ALL:gcontrol.obj
 0001:0000039c       ??_C@_19LELMJPKF@?$AAe?$AAd?$AAi?$AAt?$AA?$AA@ 1000139c     commctrl_ALL:gcontrol.obj
 0001:000003a8       ??_C@_1BM@EEMMBLEB@?$AAI?$AAn?$AAi?$AAt?$AAL?$AAi?$AAn?$AAk?$AAC?$AAl?$AAa?$AAs?$AAs?$AA?$AA@ 100013a8     commctrl_ALL:commctrl.obj
 0001:000003c4       ??_C@_1CG@JDDPKHGL@?$AAI?$AAn?$AAi?$AAt?$AAL?$AAa?$AAb?$AAe?$AAl?$AAE?$AAd?$AAi?$AAt?$AAC?$AAl?$AAa?$AAs?$AAs?$AA?$AA@ 100013c4     commctrl_ALL:commctrl.obj
 0001:000003ec       ??_C@_1CG@KGGDAILC@?$AAI?$AAn?$AAi?$AAt?$AAB?$AAo?$AAx?$AAS?$AAe?$AAl?$AAe?$AAc?$AAt?$AAC?$AAl?$AAa?$AAs?$AAs?$AA?$AA@ 100013ec     commctrl_ALL:commctrl.obj
 0001:00000414       ??_C@_1BG@HBDGHHJE@?$AAI?$AAn?$AAi?$AAt?$AAS?$AAB?$AAE?$AAd?$AAi?$AAt?$AA?$AA@ 10001414     commctrl_ALL:commctrl.obj
 0001:0000042c       ??_C@_1BK@JLGBLJFD@?$AAI?$AAn?$AAi?$AAt?$AAT?$AAT?$AAB?$AAu?$AAt?$AAt?$AAo?$AAn?$AA?$AA@ 1000142c     commctrl_ALL:commctrl.obj
 0001:00000448       ??_C@_1BK@BOMNFJEK@?$AAI?$AAn?$AAi?$AAt?$AAT?$AAT?$AAS?$AAt?$AAa?$AAt?$AAi?$AAc?$AA?$AA@ 10001448     commctrl_ALL:commctrl.obj
 0001:00000464       ??_C@_1BI@GAGLKDIP@?$AAI?$AAn?$AAi?$AAt?$AAC?$AAa?$AAp?$AAE?$AAd?$AAi?$AAt?$AA?$AA@ 10001464     commctrl_ALL:commctrl.obj
 0001:0000047c       ??_C@_1CA@MBCGPMLF@?$AAI?$AAn?$AAi?$AAt?$AAD?$AAa?$AAt?$AAe?$AAC?$AAl?$AAa?$AAs?$AAs?$AAe?$AAs?$AA?$AA@ 1000147c     commctrl_ALL:commctrl.obj
 0001:0000049c       ??_C@_1CC@COIFEDMP@?$AAI?$AAn?$AAi?$AAt?$AAA?$AAn?$AAi?$AAm?$AAa?$AAt?$AAe?$AAC?$AAl?$AAa?$AAs?$AAs?$AA?$AA@ 1000149c     commctrl_ALL:commctrl.obj
 0001:000004c0       ??_C@_1CE@DCNGNOM@?$AAI?$AAn?$AAi?$AAt?$AAP?$AAr?$AAo?$AAg?$AAr?$AAe?$AAs?$AAs?$AAC?$AAl?$AAa?$AAs?$AAs?$AA?$AA@ 100014c0     commctrl_ALL:commctrl.obj
 0001:000004e4       ??_C@_1CA@GEPBHDJE@?$AAI?$AAn?$AAi?$AAt?$AAU?$AAp?$AAD?$AAo?$AAw?$AAn?$AAC?$AAl?$AAa?$AAs?$AAs?$AA?$AA@ 100014e4     commctrl_ALL:commctrl.obj
 0001:00000504       ??_C@_1BK@DICNLHBN@?$AAI?$AAn?$AAi?$AAt?$AAT?$AAr?$AAa?$AAc?$AAk?$AAB?$AAa?$AAr?$AA?$AA@ 10001504     commctrl_ALL:commctrl.obj
 0001:00000520       ??_C@_1BA@PCGCICKF@?$AAT?$AAV?$AA_?$AAI?$AAn?$AAi?$AAt?$AA?$AA@ 10001520     commctrl_ALL:commctrl.obj
 0001:00000530       ??_C@_1BC@NPHPKOJJ@?$AAT?$AAa?$AAb?$AA_?$AAI?$AAn?$AAi?$AAt?$AA?$AA@ 10001530     commctrl_ALL:commctrl.obj
 0001:00000544       ??_C@_1BI@GNCJHEKD@?$AAH?$AAe?$AAa?$AAd?$AAe?$AAr?$AA_?$AAI?$AAn?$AAi?$AAt?$AA?$AA@ 10001544     commctrl_ALL:commctrl.obj
 0001:0000055c       ??_C@_1BM@IKDAIGE@?$AAL?$AAi?$AAs?$AAt?$AAV?$AAi?$AAe?$AAw?$AA_?$AAI?$AAn?$AAi?$AAt?$AA?$AA@ 1000155c     commctrl_ALL:commctrl.obj
 0001:00000578       ??_C@_1CA@DMIHHEPC@?$AAI?$AAn?$AAi?$AAt?$AAS?$AAt?$AAa?$AAt?$AAu?$AAs?$AAC?$AAl?$AAa?$AAs?$AAs?$AA?$AA@ 10001578     commctrl_ALL:commctrl.obj
 0001:00000598       ??_C@_1CE@BMNNFEHD@?$AAI?$AAn?$AAi?$AAt?$AAT?$AAo?$AAo?$AAl?$AAT?$AAi?$AAp?$AAs?$AAC?$AAl?$AAa?$AAs?$AAs?$AA?$AA@ 10001598     commctrl_ALL:commctrl.obj
 0001:000005bc       ??_C@_1BO@IJOONAIH@?$AAI?$AAn?$AAi?$AAt?$AAR?$AAe?$AAB?$AAa?$AAr?$AAC?$AAl?$AAa?$AAs?$AAs?$AA?$AA@ 100015bc     commctrl_ALL:commctrl.obj
 0001:000005dc       ??_C@_1CC@KKGKIEFJ@?$AAI?$AAn?$AAi?$AAt?$AAT?$AAo?$AAo?$AAl?$AAb?$AAa?$AAr?$AAC?$AAl?$AAa?$AAs?$AAs?$AA?$AA@ 100015dc     commctrl_ALL:commctrl.obj
 0001:000006a0       g_rgchMCName               100016a0     commctrl_ALL:monthcal.obj
 0001:000006bc       g_rgchDTPName              100016bc     commctrl_ALL:monthcal.obj
 0001:000006f8       ??_C@_19JPCMAAHP@?$AAy?$AAy?$AAy?$AAy?$AA?$AA@ 100016f8     commctrl_ALL:monthcal.obj
 0001:00000704       ??_C@_1BI@IHOPDDGN@?$AAW?$AAe?$AAe?$AAk?$AAN?$AAu?$AAm?$AAb?$AAe?$AAr?$AAs?$AA?$AA@ 10001704     commctrl_ALL:monthcal.obj
 0001:0000071c       ??_C@_1DE@LFEOLJHF@?$AAS?$AAy?$AAs?$AAt?$AAe?$AAm?$AA?2?$AAM?$AAi?$AAc?$AAr?$AAo?$AAs?$AAo?$AAf?$AAt?$AA?2?$AAC?$AAa?$AAl?$AAe?$AAn?$AAd?$AAa?$AAr?$AA?$AA@ 1000171c     commctrl_ALL:monthcal.obj
 0001:00000750       ??_C@_1M@MOFLFCEC@?$AA?$CF?$AAs?$AA?5?$AA?$CF?$AAs?$AA?$AA@ 10001750     commctrl_ALL:monthcal.obj
 0001:0000075c       ??_C@_19FBKLJMA@?$AA0?$AA0?$AA0?$AA0?$AA?$AA@ 1000175c     commctrl_ALL:monthcal.obj
 0001:00000768       ??_C@_15KNBIKKIN@?$AA?$CF?$AAd?$AA?$AA@ 10001768     commctrl_ALL:monthcal.obj
 0001:00000770       ??_C@_15GJBMHDEE@?$AAd?$AAd?$AA?$AA@ 10001770     commctrl_ALL:monthcal.obj
 0001:00000778       ??_C@_1O@BJFFPPHH@?$AA?$CF?$AA?$CF?$AA0?$AA?$CF?$AAd?$AAd?$AA?$AA@ 10001778     commctrl_ALL:monthcal.obj
 0001:00000788       ??_C@_1CA@LJGANONB@?$AAm?$AAs?$AAc?$AAt?$AAl?$AAs?$AA_?$AAu?$AAp?$AAd?$AAo?$AAw?$AAn?$AA3?$AA2?$AA?$AA@ 10001788     commctrl_ALL:monthcal.obj
 0001:000007a8       ??_C@_19KFAJFECL@?$AAE?$AAD?$AAI?$AAT?$AA?$AA@ 100017a8     commctrl_ALL:monthcal.obj
 0001:000007b4       ??_C@_19BPBBFFPH@?$AAM?$AAM?$AAM?$AAM?$AA?$AA@ 100017b4     commctrl_ALL:monthcal.obj
 0001:000007c0       ??_C@_1CE@JBBPKOBF@?$AAS?$AAy?$AAs?$AAD?$AAa?$AAt?$AAe?$AAT?$AAi?$AAm?$AAe?$AAP?$AAi?$AAc?$AAk?$AA3?$AA2?$AA?$AA@ 100017c0     commctrl_ALL:monthcal.obj
 0001:000007e4       ??_C@_1O@NEOKOKBN@?$AAs?$AAb?$AAe?$AAd?$AAi?$AAt?$AA?$AA@ 100017e4     commctrl_ALL:sbedit.obj
 0001:000007f4       ??_C@_1O@KPNLMGP@?$AAb?$AAu?$AAt?$AAt?$AAo?$AAn?$AA?$AA@ 100017f4     commctrl_ALL:btnctl.obj
 0001:00000804       ??_C@_1BC@PLFDBNNG@?$AAT?$AAT?$AAB?$AAU?$AAT?$AAT?$AAO?$AAN?$AA?$AA@ 10001804     commctrl_ALL:btnctl.obj
 0001:00000818       ??_C@_1O@IPFBFMHG@?$AAs?$AAt?$AAa?$AAt?$AAi?$AAc?$AA?$AA@ 10001818     commctrl_ALL:statctl.obj
 0001:00000828       ??_C@_1BC@HOPPPNMP@?$AAT?$AAT?$AAS?$AAT?$AAA?$AAT?$AAI?$AAC?$AA?$AA@ 10001828     commctrl_ALL:statctl.obj
 0001:0000083c       ?c_szToolTips@ToolTipsMgr_t@@1QBGB 1000183c     commctrl_ALL:tooltips.obj
 0001:00000878       ??_C@_1BA@LMBBEFG@?$AAR?$AAi?$AAc?$AAh?$AAI?$AAn?$AAk?$AA?$AA@ 10001878     commctrl_ALL:prsht.obj
 0001:00000888       ??_C@_1BI@EPKGCBCD@?$AAr?$AAi?$AAc?$AAh?$AAi?$AAn?$AAk?$AA?4?$AAd?$AAl?$AAl?$AA?$AA@ 10001888     commctrl_ALL:prsht.obj
 0001:000008bc       ??_C@_1DC@ODLLCLL@?$AAS?$AAo?$AAf?$AAt?$AAw?$AAa?$AAr?$AAe?$AA?2?$AAM?$AAi?$AAc?$AAr?$AAo?$AAs?$AAo?$AAf?$AAt?$AA?2?$AAC?$AAo?$AAl?$AAo?$AAr?$AA?$AA@ 100018bc     commctrl_ALL:shutil.obj
 0001:000008f0       ??_C@_1BA@FIPEHLGK@?$AAS?$AAH?$AAC?$AAo?$AAl?$AAo?$AAr?$AA?$AA@ 100018f0     commctrl_ALL:shutil.obj
 0001:00000900       ??_C@_1CC@MBEGPNOA@?$AAS?$AAH?$AAS?$AAy?$AAs?$AAC?$AAo?$AAl?$AAo?$AAr?$AA_?$AAM?$AAu?$AAt?$AAe?$AAx?$AA?$AA@ 10001900     commctrl_ALL:shutil.obj
 0001:00000924       ??_C@_1CE@CPKEHBPJ@?$AAS?$AAH?$AAS?$AAy?$AAs?$AAC?$AAo?$AAl?$AAo?$AAr?$AA_?$AAM?$AAe?$AAm?$AAM?$AAa?$AAp?$AA?$AA@ 10001924     commctrl_ALL:shutil.obj
 0001:00000948       ??_C@_1BC@OKCMIBNP@?$AAS?$AAH?$AAM?$AAe?$AAt?$AAr?$AAi?$AAc?$AA?$AA@ 10001948     commctrl_ALL:shutil.obj
 0001:0000095c       ??_C@_1DE@JALHFJFK@?$AAS?$AAo?$AAf?$AAt?$AAw?$AAa?$AAr?$AAe?$AA?2?$AAM?$AAi?$AAc?$AAr?$AAo?$AAs?$AAo?$AAf?$AAt?$AA?2?$AAM?$AAe?$AAt?$AAr?$AAi?$AAc?$AA?$AA@ 1000195c     commctrl_ALL:shutil.obj
 0001:00000990       ??_C@_1CE@OEDHLPKF@?$AAS?$AAH?$AAS?$AAy?$AAs?$AAM?$AAe?$AAt?$AAr?$AAi?$AAc?$AA_?$AAM?$AAu?$AAt?$AAe?$AAx?$AA?$AA@ 10001990     commctrl_ALL:shutil.obj
 0001:000009b4       ??_C@_1CG@DKHIMPHE@?$AAS?$AAH?$AAS?$AAy?$AAs?$AAM?$AAe?$AAt?$AAr?$AAi?$AAc?$AA_?$AAM?$AAe?$AAm?$AAM?$AAa?$AAp?$AA?$AA@ 100019b4     commctrl_ALL:shutil.obj
 0001:000009dc       ??_C@_1CC@HCKBPHP@?$AAS?$AAH?$AAM?$AAi?$AAr?$AAr?$AAo?$AAr?$AAG?$AAr?$AAa?$AAd?$AAi?$AAe?$AAn?$AAt?$AA?$AA@ 100019dc     commctrl_ALL:shutil.obj
 0001:00000a00       ??_C@_1BO@ONBCMHFO@?$AAL?$AAo?$AAg?$AAi?$AAc?$AAa?$AAl?$AAP?$AAi?$AAx?$AAe?$AAl?$AAs?$AAY?$AA?$AA@ 10001a00     commctrl_ALL:cutils.obj
 0001:00000a20       ??_C@_1CG@NPAKAMEF@?$AAS?$AAY?$AAS?$AAT?$AAE?$AAM?$AA?2?$AAG?$AAW?$AAE?$AA?2?$AAD?$AAi?$AAs?$AAp?$AAl?$AAa?$AAy?$AA?$AA@ 10001a20     commctrl_ALL:cutils.obj
 0001:00000a48       ??_C@_1BO@FFKOKADL@?$AAL?$AAo?$AAg?$AAi?$AAc?$AAa?$AAl?$AAP?$AAi?$AAx?$AAe?$AAl?$AAs?$AAX?$AA?$AA@ 10001a48     commctrl_ALL:cutils.obj
 0001:00000a68       ??_C@_19FKHPFJKK@?$AAC?$AAE?$AAU?$AAX?$AA?$AA@ 10001a68     commctrl_ALL:cutils.obj
 0001:00000a74       ??_C@_1BK@CCALBDFD@?$AAH?$AAI?$AA_?$AAR?$AAE?$AAS?$AA_?$AAA?$AAW?$AAA?$AAR?$AAE?$AA?$AA@ 10001a74     commctrl_ALL:cutils.obj
 0001:00000a90       ??_C@_1O@KODDBGPN@?$AAC?$AAY?$AAD?$AAr?$AAa?$AAg?$AA?$AA@ 10001a90     commctrl_ALL:cutils.obj
 0001:00000aa0       ??_C@_1O@DFJGFKJC@?$AAC?$AAX?$AAD?$AAr?$AAa?$AAg?$AA?$AA@ 10001aa0     commctrl_ALL:cutils.obj
 0001:00000ab0       ??_C@_1EA@CJGLIMIH@?$AAS?$AAY?$AAS?$AAT?$AAE?$AAM?$AA?2?$AAG?$AAW?$AAE?$AA?2?$AAC?$AAo?$AAm?$AAm?$AAc?$AAt?$AAr?$AAl?$AA?2?$AAD?$AAr?$AAa?$AAg?$AAM?$AAe?$AAt?$AAr?$AAi?$AAc?$AAs?$AA?$AA@ 10001ab0     commctrl_ALL:cutils.obj
 0001:00000af0       c_szNULL                   10001af0     commctrl_ALL:cstrings.obj
 0001:00000af4       c_szSpace                  10001af4     commctrl_ALL:cstrings.obj
 0001:00000af8       c_szTabControlClass        10001af8     commctrl_ALL:cstrings.obj
 0001:00000b18       c_szListViewClass          10001b18     commctrl_ALL:cstrings.obj
 0001:00000b34       c_szHeaderClass            10001b34     commctrl_ALL:cstrings.obj
 0001:00000b4c       c_szTreeViewClass          10001b4c     commctrl_ALL:cstrings.obj
 0001:00000b68       c_szStatusClass            10001b68     commctrl_ALL:cstrings.obj
 0001:00000b90       c_szSToolTipsClass         10001b90     commctrl_ALL:cstrings.obj
 0001:00000bb4       c_szToolbarClass           10001bb4     commctrl_ALL:cstrings.obj
 0001:00000bd4       c_szReBarClass             10001bd4     commctrl_ALL:cstrings.obj
 0001:00000bf0       c_szEllipses               10001bf0     commctrl_ALL:cstrings.obj
 0001:00000bf8       c_szShell                  10001bf8     commctrl_ALL:cstrings.obj
 0001:00000c04       c_szEdit                   10001c04     commctrl_ALL:cstrings.obj
 0001:00000c10       c_szListbox                10001c10     commctrl_ALL:cstrings.obj
 0001:00000c20       c_szSelect                 10001c20     commctrl_ALL:cstrings.obj
 0001:00000c34       s_szUpdownClass            10001c34     commctrl_ALL:cstrings.obj
 0001:00000c54       s_szSTrackBarClass         10001c54     commctrl_ALL:cstrings.obj
 0001:00000c78       s_szPROGRESS_CLASS         10001c78     commctrl_ALL:cstrings.obj
 0001:00000c9c       c_szCC32Subclass           10001c9c     commctrl_ALL:cstrings.obj
 0001:00000cc0       c_szBoxSelectClass         10001cc0     commctrl_ALL:cstrings.obj
 0001:00000cd4       c_szLabelEditClass         10001cd4     commctrl_ALL:cstrings.obj
 0001:00000ce8       c_szLinkClass              10001ce8     commctrl_ALL:cstrings.obj
 0001:00000cf8       ??_C@_1CG@JIGANMHK@?$AA?2?$AAw?$AAi?$AAn?$AAd?$AAo?$AAw?$AAs?$AA?2?$AAs?$AAt?$AAd?$AAs?$AAm?$AA?4?$AAb?$AAm?$AAp?$AA?$AA@ 10001cf8     commctrl_ALL:toolbarview.obj
 0001:00000d20       ??_C@_1CG@DMBAJNGJ@?$AA?2?$AAw?$AAi?$AAn?$AAd?$AAo?$AAw?$AAs?$AA?2?$AAs?$AAt?$AAd?$AAs?$AAm?$AA?4?$AA2?$AAb?$AAp?$AA?$AA@ 10001d20     commctrl_ALL:toolbarview.obj
 0001:00000d48       ??_C@_1CI@BPMNHPHK@?$AA?2?$AAw?$AAi?$AAn?$AAd?$AAo?$AAw?$AAs?$AA?2?$AAv?$AAi?$AAe?$AAw?$AAs?$AAm?$AA?4?$AAb?$AAm?$AAp?$AA?$AA@ 10001d48     commctrl_ALL:toolbarview.obj
 0001:00000d70       ??_C@_1CI@LLLNDOGJ@?$AA?2?$AAw?$AAi?$AAn?$AAd?$AAo?$AAw?$AAs?$AA?2?$AAv?$AAi?$AAe?$AAw?$AAs?$AAm?$AA?4?$AA2?$AAb?$AAp?$AA?$AA@ 10001d70     commctrl_ALL:toolbarview.obj
 0001:00000d98       ??_C@_1CG@LJPDJJBL@?$AA?2?$AAw?$AAi?$AAn?$AAd?$AAo?$AAw?$AAs?$AA?2?$AAc?$AAl?$AAo?$AAs?$AAe?$AA?4?$AA2?$AAb?$AAp?$AA?$AA@ 10001d98     commctrl_ALL:toolbarview.obj
 0001:00000dc0       ??_C@_1CA@CAAAJKBC@?$AA?2?$AAw?$AAi?$AAn?$AAd?$AAo?$AAw?$AAs?$AA?2?$AAo?$AAk?$AA?4?$AA2?$AAb?$AAp?$AA?$AA@ 10001dc0     commctrl_ALL:toolbarview.obj
 0001:00000de0       gc_fCanBePixelDoubled      10001de0     commctrl_ALL:cutils_hpc.obj
 0001:00000de4       ??_C@_1BK@HMCKJION@?$AAa?$AAy?$AAg?$AAs?$AAh?$AAe?$AAl?$AAl?$AA?4?$AAd?$AAl?$AAl?$AA?$AA@ 10001de4     commctrl_ALL:aygutils.obj
 0001:00000e00       ??_C@_1BC@FLKEPMOK@?$AAQ?$AAI?$AAS?$AAe?$AAa?$AAr?$AAc?$AAh?$AA?$AA@ 10001e00     commctrl_ALL:dllload.obj
 0001:00000e14       ??_C@_1BI@BBABAIPH@?$AAs?$AAh?$AAl?$AAw?$AAa?$AAp?$AAi?$AA?4?$AAD?$AAL?$AAL?$AA?$AA@ 10001e14     commctrl_ALL:dllload.obj
 0001:00000e2c       ??_C@_1BC@MCKFBOJC@?$AAS?$AAt?$AAr?$AAS?$AAt?$AAr?$AAI?$AAW?$AA?$AA@ 10001e2c     commctrl_ALL:dllload.obj
 0001:00000e50       ??_C@_15PMOCCNJK@?$AA?$DN?$AA?$CC?$AA?$AA@ 10001e50     commctrl_ALL:markup.obj
 0001:00000e58       ??_C@_13FNCBLAIF@?$AAa?$AA?$AA@ 10001e58     commctrl_ALL:markup.obj
 0001:00000e60       ??_7CMarkup@@6B@           10001e60     commctrl_ALL:markup.obj
 0001:00000edc       ??_C@_15HCBMMKJC@?$AAI?$AAD?$AA?$AA@ 10001edc     commctrl_ALL:markup.obj
 0001:00000ee4       ??_C@_19GHPBLIFI@?$AAH?$AAR?$AAE?$AAF?$AA?$AA@ 10001ee4     commctrl_ALL:markup.obj
 0001:00000ef0       ??_C@_15BOCNKGNC@?$AA?$DM?$AAA?$AA?$AA@ 10001ef0     commctrl_ALL:markup.obj
 0001:00000ef8       ??_C@_19JKBMNDJO@?$AA?$DM?$AA?1?$AAA?$AA?$DO?$AA?$AA@ 10001ef8     commctrl_ALL:markup.obj
 0001:00000f04       ?s_minCount@SelRange_t@@1FB 10001f04     commctrl_ALL:selrange.obj
 0001:00000f08       ?s_growSize@SelRange_t@@1FB 10001f08     commctrl_ALL:selrange.obj
 0001:00000f0c       ?s_countSelRangesNone@SelRange_t@@1FB 10001f0c     commctrl_ALL:selrange.obj
 0001:00000f78       ??_7IMonthCalUI@@6B@       10001f78     commctrl_ALL:monthcalgdi.obj
 0001:00000f9c       ??_7MonthCalGDI@@6B@       10001f9c     commctrl_ALL:monthcalgdi.obj
 0001:00000fc0       ??_7IProgressBarUI@@6B@    10001fc0     commctrl_ALL:progressgdi.obj
 0001:00000fd0       ??_7ProgressBarGDI@@6B@    10001fd0     commctrl_ALL:progressgdi.obj
 0001:00000fe0       ??_7ITrackBarUI@@6B@       10001fe0     commctrl_ALL:trackbargdi.obj
 0001:0000100c       ??_7TrackBarGDI@@6B@       1000200c     commctrl_ALL:trackbargdi.obj
 0001:00001060       ?safeIntSAdd@@YAHHHPAH@Z   10002060 f i commctrl_ALL:toolbar.obj
 0001:000010a4       ?HeightWithString@@YAHPAUTBSTATE@@H@Z 100020a4 f   commctrl_ALL:toolbar.obj
 0001:000010dc       ?TBGetDrawTextFlags@@YAIPAUTBSTATE@@I@Z 100020dc f   commctrl_ALL:toolbar.obj
 0001:00001114       ?PatB@@YAXPAUHDC__@@HHHHK@Z 10002114 f   commctrl_ALL:toolbar.obj
 0001:00001184       ?TB_DrawTextWithEllipses@@YAHPAUHDC__@@PBGHPAUtagRECT@@I@Z 10002184 f   commctrl_ALL:toolbar.obj
 0001:00001294       ?DrawString@@YAXPAUTBSTATE@@PAUHDC__@@HHHHPAGH@Z 10002294 f   commctrl_ALL:toolbar.obj
 0001:00001434       ?TB_StrForButton@@YAPAGPAUTBSTATE@@PAU_TBBUTTONDATA@@@Z 10002434 f   commctrl_ALL:toolbar.obj
 0001:0000146c       ?CreateMask@@YAXPAUTBSTATE@@PAU_TBBUTTONDATA@@HHHHH@Z 1000246c f   commctrl_ALL:toolbar.obj
 0001:00001658       ?DrawBlankButton@@YAXPAUHDC__@@HHHHIK@Z 10002658 f   commctrl_ALL:toolbar.obj
 0001:000016d0       ?CheckMonoMask@@YAHPAUTBSTATE@@HH@Z 100026d0 f   commctrl_ALL:toolbar.obj
 0001:00001764       ?TB_OnSysColorChange@@YAXPAUTBSTATE@@@Z 10002764 f   commctrl_ALL:toolbar.obj
 0001:000017a4       InitializeMonoDC           100027a4 f   commctrl_ALL:toolbar.obj
 0001:000017e0       ReleaseMonoDC              100027e0 f   commctrl_ALL:toolbar.obj
 0001:00001818       ?TB_OnEraseBkgnd@@YAXPAUTBSTATE@@PAUHDC__@@@Z 10002818 f   commctrl_ALL:toolbar.obj
 0001:000018c4       ?CountRows@@YAHPAUTBSTATE@@@Z 100028c4 f   commctrl_ALL:toolbar.obj
 0001:00001904       PositionFromID             10002904 f   commctrl_ALL:toolbar.obj
 0001:0000194c       ?DestroyStrings@@YAXPAUTBSTATE@@@Z 1000294c f   commctrl_ALL:toolbar.obj
 0001:000019cc       ?MapToStandardBitmaps@@YAHPAPAUHINSTANCE__@@PAIPAH@Z 100029cc f   commctrl_ALL:toolbar.obj
 0001:00001a84       ?TBAddBitmapToImageList@@YAHPAUTBSTATE@@PAUTBBMINFO@@@Z 10002a84 f   commctrl_ALL:toolbar.obj
 0001:00001cb8       ?TBBuildImageList@@YAXPAUTBSTATE@@@Z 10002cb8 f   commctrl_ALL:toolbar.obj
 0001:00001d28       ?TBLoadImages@@YAHPAUTBSTATE@@HPAUHINSTANCE__@@@Z 10002d28 f   commctrl_ALL:toolbar.obj
 0001:00001dcc       ?ReplaceBitmap@@YAHPAUTBSTATE@@PAUTBREPLACEBITMAP@@@Z 10002dcc f   commctrl_ALL:toolbar.obj
 0001:00001e7c       TBInputStruct              10002e7c f   commctrl_ALL:toolbar.obj
 0001:00001ed0       TBOutputStruct             10002ed0 f   commctrl_ALL:toolbar.obj
 0001:00001f34       ?TB_OnDestroy@@YAXPAUTBSTATE@@@Z 10002f34 f   commctrl_ALL:toolbar.obj
 0001:0000204c       ?TB_OnSetCmdID@@YAXPAUTBSTATE@@PAU_TBBUTTONDATA@@I@Z 1000304c f   commctrl_ALL:toolbar.obj
 0001:000020e4       ?TB_OnGetButtonInfo@@YAJPAUTBSTATE@@HPAUTBBUTTONINFOW@@@Z 100030e4 f   commctrl_ALL:toolbar.obj
 0001:0000219c       ?CalcButtonWidth@@YAIPAUHDC__@@PAUTBSTATE@@PAU_TBBUTTONDATA@@@Z 1000319c f   commctrl_ALL:toolbar.obj
 0001:000022e4       ?TBWidthOfButton@@YAHPAUTBSTATE@@PAU_TBBUTTONDATA@@PAUHDC__@@@Z 100032e4 f   commctrl_ALL:toolbar.obj
 0001:0000250c       ?GetItemRect@@YAHPAUTBSTATE@@IPAUtagRECT@@@Z 1000350c f   commctrl_ALL:toolbar.obj
 0001:00002604       ?InvalidateButton@@YAXPAUTBSTATE@@PAU_TBBUTTONDATA@@H@Z 10003604 f   commctrl_ALL:toolbar.obj
 0001:00002654       TBHitTest                  10003654 f   commctrl_ALL:toolbar.obj
 0001:00002784       ?WrapToolbar@@YAXPAUTBSTATE@@HPAUtagRECT@@PAH@Z 10003784 f   commctrl_ALL:toolbar.obj
 0001:00002a80       ?BoxIt@@YAHPAUTBSTATE@@HHPAUtagRECT@@@Z 10003a80 f   commctrl_ALL:toolbar.obj
 0001:00002b98       ?MakeGroupConsistant@@YAXPAUTBSTATE@@H@Z 10003b98 f   commctrl_ALL:toolbar.obj
 0001:00002c9c       FlushToolTipsMgr           10003c9c f   commctrl_ALL:toolbar.obj
 0001:00002d54       ?TBAutoSize@@YAXPAUTBSTATE@@@Z 10003d54 f   commctrl_ALL:toolbar.obj
 0001:00002e58       ?TB_OnSetImage@@YAJPAUTBSTATE@@PAU_TBBUTTONDATA@@H@Z 10003e58 f   commctrl_ALL:toolbar.obj
 0001:00002ee8       ?TB_OnSetState@@YAXPAUTBSTATE@@PAU_TBBUTTONDATA@@EH@Z 10003ee8 f   commctrl_ALL:toolbar.obj
 0001:00002f44       ?TB_GetItemDropDownRect@@YAXPAUTBSTATE@@IPAUtagRECT@@@Z 10003f44 f   commctrl_ALL:toolbar.obj
 0001:00002f90       ?TBToggleDropDown@@YAHPAUTBSTATE@@HH@Z 10003f90 f   commctrl_ALL:toolbar.obj
 0001:000030b0       ?TBSelectRange@@YAXPAUTBSTATE@@HH@Z 100040b0 f   commctrl_ALL:toolbar.obj
 0001:000031c4       ?TBRecalcDeadSpace@@YAXPAUTBSTATE@@@Z 100041c4 f   commctrl_ALL:toolbar.obj
 0001:00003298       DrawFace                   10004298 f   commctrl_ALL:toolbar.obj
 0001:000035f0       DrawButton                 100045f0 f   commctrl_ALL:toolbar.obj
 0001:00003e18       ?GrowToolbar@@YAHPAUTBSTATE@@HHH@Z 10004e18 f   commctrl_ALL:toolbar.obj
 0001:00003fcc       ?SetBitmapSize@@YAHPAUTBSTATE@@HH@Z 10004fcc f   commctrl_ALL:toolbar.obj
 0001:00004078       ?ToolbarPaint@@YAXPAUTBSTATE@@PAUHDC__@@@Z 10005078 f   commctrl_ALL:toolbar.obj
 0001:00004488       ?AddBitmap@@YAHPAUTBSTATE@@HPAUHINSTANCE__@@I@Z 10005488 f   commctrl_ALL:toolbar.obj
 0001:00004748       DeleteButton               10005748 f   commctrl_ALL:toolbar.obj
 0001:0000490c       ?TBRecalc@@YAHPAUTBSTATE@@@Z 1000590c f   commctrl_ALL:toolbar.obj
 0001:00004ce8       ?TBChangeFont@@YAHPAUTBSTATE@@IPAUHFONT__@@@Z 10005ce8 f   commctrl_ALL:toolbar.obj
 0001:00004e08       ?AddStrings@@YAHPAUTBSTATE@@IJ@Z 10005e08 f   commctrl_ALL:toolbar.obj
 0001:00004fe8       InsertButtons              10005fe8 f   commctrl_ALL:toolbar.obj
 0001:00005354       ?TBSetStyle@@YAXPAUTBSTATE@@K@Z 10006354 f   commctrl_ALL:toolbar.obj
 0001:000053f0       ?TB_OnSetButtonInfo@@YAJPAUTBSTATE@@HPAUTBBUTTONINFOW@@@Z 100063f0 f   commctrl_ALL:toolbar.obj
 0001:000055a0       ?ToolbarWndProc@@YAJPAUHWND__@@IIJ@Z 100065a0 f   commctrl_ALL:toolbar.obj
 0001:000068d4       CreateToolbarEx            100078d4 f   commctrl_ALL:toolbar.obj
 0001:00006a08       ?CreateToolbar@@YAPAUHWND__@@PAU1@KIHPAUHINSTANCE__@@IPBU_TBBUTTON@@H@Z 10007a08 f   commctrl_ALL:toolbar.obj
 0001:00006a5c       InitToolbarClass           10007a5c f   commctrl_ALL:toolbar.obj
 0001:00006b18       ?xxx_DSA_Create@@YAPAU_DSA@@HH@Z 10007b18 f   commctrl_ALL:da.obj
 0001:00006b1c       ?xxx_DSA_Destroy@@YAHPAU_DSA@@@Z 10007b1c f   commctrl_ALL:da.obj
 0001:00006b20       ?xxx_DSA_EnumCallback@@YAXPAU_DSA@@P6AHPAX1@Z1@Z 10007b20 f   commctrl_ALL:da.obj
 0001:00006b24       ?xxx_DSA_DestroyCallback@@YAXPAU_DSA@@P6AHPAX1@Z1@Z 10007b24 f   commctrl_ALL:da.obj
 0001:00006b28       ?xxx_DSA_GetItem@@YAHPAU_DSA@@HPAX@Z 10007b28 f   commctrl_ALL:da.obj
 0001:00006b2c       ?xxx_DSA_GetItemPtr@@YAPAXPAU_DSA@@H@Z 10007b2c f   commctrl_ALL:da.obj
 0001:00006b30       ?xxx_DSA_SetItem@@YAHPAU_DSA@@HPAX@Z 10007b30 f   commctrl_ALL:da.obj
 0001:00006b34       ?xxx_DSA_SetRange@@YAHPAU_DSA@@HHPAX@Z 10007b34 f   commctrl_ALL:da.obj
 0001:00006b38       ?xxx_DSA_InsertItem@@YAHPAU_DSA@@HPAX@Z 10007b38 f   commctrl_ALL:da.obj
 0001:00006b3c       ?xxx_DSA_DeleteItem@@YAHPAU_DSA@@H@Z 10007b3c f   commctrl_ALL:da.obj
 0001:00006b40       ?xxx_DSA_Search@@YAHPAU_DSA@@PAXHP6AH11J@ZJI@Z 10007b40 f   commctrl_ALL:da.obj
 0001:00006b64       ?xxx_DSA_Clone@@YAPAU_DSA@@PAU1@0@Z 10007b64 f   commctrl_ALL:da.obj
 0001:00006b68       ?xxx_DSA_DeleteAllItems@@YAHPAU_DSA@@@Z 10007b68 f   commctrl_ALL:da.obj
 0001:00006b6c       ?xxx_DSA_Sort@@YAHPAU_DSA@@P6AHPAX1J@ZJ@Z 10007b6c f   commctrl_ALL:da.obj
 0001:00006b70       ?xxx_DPA_Create@@YAPAU_DPA@@H@Z 10007b70 f   commctrl_ALL:da.obj
 0001:00006b74       ?xxx_DPA_Destroy@@YAHPAU_DPA@@@Z 10007b74 f   commctrl_ALL:da.obj
 0001:00006b78       ?xxx_DPA_GetPtr@@YAPAXPAU_DPA@@H@Z 10007b78 f   commctrl_ALL:da.obj
 0001:00006b7c       ?xxx_DPA_GetPtrIndex@@YAHPAU_DPA@@PAX@Z 10007b7c f   commctrl_ALL:da.obj
 0001:00006b80       ?xxx_DPA_Grow@@YAHPAU_DPA@@H@Z 10007b80 f   commctrl_ALL:da.obj
 0001:00006b84       ?xxx_DPA_SetPtr@@YAHPAU_DPA@@HPAX@Z 10007b84 f   commctrl_ALL:da.obj
 0001:00006b88       ?xxx_DPA_InsertPtr@@YAHPAU_DPA@@HPAX@Z 10007b88 f   commctrl_ALL:da.obj
 0001:00006b8c       ?xxx_DPA_DeletePtr@@YAPAXPAU_DPA@@H@Z 10007b8c f   commctrl_ALL:da.obj
 0001:00006b90       ?xxx_DPA_DeleteAllPtrs@@YAHPAU_DPA@@@Z 10007b90 f   commctrl_ALL:da.obj
 0001:00006b94       ?xxx_DPA_DestroyCallback@@YAXPAU_DPA@@P6AHPAX1@Z1@Z 10007b94 f   commctrl_ALL:da.obj
 0001:00006b98       ?xxx_DPA_Sort@@YAHPAU_DPA@@P6AHPAX1J@ZJ@Z 10007b98 f   commctrl_ALL:da.obj
 0001:00006b9c       ?xxx_DPA_Search@@YAHPAU_DPA@@PAXHP6AH11J@ZJI@Z 10007b9c f   commctrl_ALL:da.obj
 0001:00006bc0       Str_GetPtrW                10007bc0 f   commctrl_ALL:da.obj
 0001:00006c3c       Str_SetPtrW                10007c3c f   commctrl_ALL:da.obj
 0001:00006cf8       ?NewFont@StatusBar_t@@IAAXPAUHFONT__@@H@Z 10007cf8 f   commctrl_ALL:status.obj
 0001:00006e00       ?OnWmDestroy@StatusBar_t@@IAAXXZ 10007e00 f   commctrl_ALL:status.obj
 0001:00006e80       ?DrawStatusTextEx@StatusBar_t@@KAXPAUHDC__@@PBUtagRECT@@PBGKPAUSTRINGINFO@@I@Z 10007e80 f   commctrl_ALL:status.obj
 0001:00007334       ?OnSbGetRect@StatusBar_t@@IAAHHPAUtagRECT@@@Z 10008334 f   commctrl_ALL:status.obj
 0001:0000746c       ?OnWmPaint@StatusBar_t@@IAAXPAUHDC__@@PAUSTRINGINFO@@HH@Z 1000846c f   commctrl_ALL:status.obj
 0001:00007900       ?SetStatusText@StatusBar_t@@IAAHPAUSTRINGINFO@@IPBG@Z 10008900 f   commctrl_ALL:status.obj
 0001:00007a34       ?OnSbSetParts@StatusBar_t@@IAAHHPAH@Z 10008a34 f   commctrl_ALL:status.obj
 0001:00007b4c       ?OnSbSetText@StatusBar_t@@IAAHIPBG@Z 10008b4c f   commctrl_ALL:status.obj
 0001:00007bec       ?OnSbGetText@StatusBar_t@@IAAJIPAGHH@Z 10008bec f   commctrl_ALL:status.obj
 0001:00007c98       CreateStatusWindowW        10008c98 f   commctrl_ALL:status.obj
 0001:00007dbc       ?OnWmCreate@StatusBar_t@@IAAJPAUHWND__@@PAUtagCREATESTRUCTW@@@Z 10008dbc f   commctrl_ALL:status.obj
 0001:00007e98       ?DrawStatusTextW@@YAXPAUHDC__@@PBUtagRECT@@PBGI@Z 10008e98 f   commctrl_ALL:status.obj
 0001:00007ec0       ?WndProc@StatusBar_t@@SAJPAUHWND__@@IIJ@Z 10008ec0 f   commctrl_ALL:status.obj
 0001:00008658       InitStatusClass            10009658 f   commctrl_ALL:status.obj
 0001:000086f8       ??0Header_t@@QAA@XZ        100096f8 f   commctrl_ALL:header.obj
 0001:00008768       ?GetItemOrder@Header_t@@IAAHH@Z 10009768 f   commctrl_ALL:header.obj
 0001:000087f0       ?ItemOrderToIndex@Header_t@@IAAHH@Z 100097f0 f   commctrl_ALL:header.obj
 0001:0000882c       ?InitOrderArray@Header_t@@IAAPAU_DSA@@XZ 1000982c f   commctrl_ALL:header.obj
 0001:000088cc       ?ShiftItems@Header_t@@IAAXHH@Z 100098cc f   commctrl_ALL:header.obj
 0001:00008920       ?SetItemOrder@Header_t@@IAAXHH@Z 10009920 f   commctrl_ALL:header.obj
 0001:00008a14       ?OnHdmGetOrderArray@Header_t@@IAAJHPAH@Z 10009a14 f   commctrl_ALL:header.obj
 0001:00008a80       ?OnHdmSetOrderArray@Header_t@@IAAJHPAH@Z 10009a80 f   commctrl_ALL:header.obj
 0001:00008b00       ?NotifyChangeToParentWnd@Header_t@@IAAHHHPBU_HD_ITEMW@@@Z 10009b00 f   commctrl_ALL:header.obj
 0001:00008b44       ?NotifyParentWnd@Header_t@@IAAHHHH@Z 10009b44 f   commctrl_ALL:header.obj
 0001:00008b88       ?NewFont@Header_t@@IAAXPAUHFONT__@@@Z 10009b88 f   commctrl_ALL:header.obj
 0001:00008c7c       ?OnWmCreate@Header_t@@IAAJPAUtagCREATESTRUCTW@@@Z 10009c7c f   commctrl_ALL:header.obj
 0001:00008d04       ?DestroyItemCallback@Header_t@@KAHPAX0@Z 10009d04 f   commctrl_ALL:header.obj
 0001:00008d20       ?OnWmDestroy@Header_t@@IAAXXZ 10009d20 f   commctrl_ALL:header.obj
 0001:00008d6c       ?HitTest@Header_t@@IAAHHHPAI@Z 10009d6c f   commctrl_ALL:header.obj
 0001:00008ef0       ?OnWmSetCursor@Header_t@@IAAHPAUHWND__@@II@Z 10009ef0 f   commctrl_ALL:header.obj
 0001:00008f78       ?DrawDivider@Header_t@@IAAXH@Z 10009f78 f   commctrl_ALL:header.obj
 0001:00008fdc       ?OnWmContextMenu@Header_t@@IAAXIJ@Z 10009fdc f   commctrl_ALL:header.obj
 0001:000090e0       ?IsTracking@Header_t@@IAAHXZ 1000a0e0 f   commctrl_ALL:header.obj
 0001:00009120       ?OnWmSetFont@Header_t@@IAAXPAUHFONT__@@H@Z 1000a120 f   commctrl_ALL:header.obj
 0001:00009158       ?OnHdmInsertItem@Header_t@@IAAHHPBU_HD_ITEMW@@@Z 1000a158 f   commctrl_ALL:header.obj
 0001:00009420       ?OnHdmGetItem@Header_t@@IAAHHPAU_HD_ITEMW@@@Z 1000a420 f   commctrl_ALL:header.obj
 0001:000095f8       ?OnHdmLayout@Header_t@@IAAHPAU_HD_LAYOUT@@@Z 1000a5f8 f   commctrl_ALL:header.obj
 0001:00009690       ?OnHdmGetItemRect@Header_t@@IAAHHPAUtagRECT@@@Z 1000a690 f   commctrl_ALL:header.obj
 0001:000096e0       ?InvalidateItem@Header_t@@IAAXHI@Z 1000a6e0 f   commctrl_ALL:header.obj
 0001:00009754       ?DrawBitmap@Header_t@@KAHPAUHDC__@@PAU_IMAGELIST@@PAU_HD_ITEMW@@PAUtagRECT@@HI3@Z 1000a754 f   commctrl_ALL:header.obj
 0001:00009a54       ?DrawItem@Header_t@@IAAXPAUHDC__@@HHPAUtagRECT@@I@Z 1000aa54 f   commctrl_ALL:header.obj
 0001:0000a47c       ?OnHdmCreateDragImage@Header_t@@IAAPAU_IMAGELIST@@H@Z 1000b47c f   commctrl_ALL:header.obj
 0001:0000a7a8       ??1Header_t@@QAA@XZ        1000b7a8 f   commctrl_ALL:header.obj
 0001:0000a7e4       ?SetHotItem@Header_t@@IAAXH@Z 1000b7e4 f   commctrl_ALL:header.obj
 0001:0000a81c       ?OnWmLButtonDown@Header_t@@IAAXHHHI@Z 1000b81c f   commctrl_ALL:header.obj
 0001:0000aa54       ?StartDrag@Header_t@@IAAXHHH@Z 1000ba54 f   commctrl_ALL:header.obj
 0001:0000ab0c       ?GetDividerRect@Header_t@@IAAXHPAUtagRECT@@@Z 1000bb0c f   commctrl_ALL:header.obj
 0001:0000ab88       ?OnHdmDeleteItem@Header_t@@IAAHH@Z 1000bb88 f   commctrl_ALL:header.obj
 0001:0000ad08       ?OnHdmSetItem@Header_t@@IAAHHPBU_HD_ITEMW@@@Z 1000bd08 f   commctrl_ALL:header.obj
 0001:0000af8c       ?Draw@Header_t@@IAAXPAUHDC__@@PAUtagRECT@@@Z 1000bf8c f   commctrl_ALL:header.obj
 0001:0000b1c4       ?OnWmPaint@Header_t@@IAAXPAUHDC__@@@Z 1000c1c4 f   commctrl_ALL:header.obj
 0001:0000b238       ?InvalidateDivider@Header_t@@IAAXH@Z 1000c238 f   commctrl_ALL:header.obj
 0001:0000b27c       ?SetHotDivider@Header_t@@IAAXH@Z 1000c27c f   commctrl_ALL:header.obj
 0001:0000b2dc       ?OnHdmSetHotDivider@Header_t@@IAAJHJ@Z 1000c2dc f   commctrl_ALL:header.obj
 0001:0000b408       ?MoveDrag@Header_t@@IAAXHH@Z 1000c408 f   commctrl_ALL:header.obj
 0001:0000b450       ?OnWmMouseMove@Header_t@@IAAXHHI@Z 1000c450 f   commctrl_ALL:header.obj
 0001:0000b6b4       ?OnWmLButtonUp@Header_t@@IAAXHHI@Z 1000c6b4 f   commctrl_ALL:header.obj
 0001:0000b858       ?WndProc@Header_t@@SAJPAUHWND__@@IIJ@Z 1000c858 f   commctrl_ALL:header.obj
 0001:0000bd88       ?Header_Init@@YAHPAUHINSTANCE__@@@Z 1000cd88 f   commctrl_ALL:header.obj
 0001:0000be28       ??1CLink@@UAA@XZ           1000ce28 f   commctrl_ALL:link.obj
 0001:0000be78       ?QueryInterface@CLink@@UAAJABU_GUID@@PAPAX@Z 1000ce78 f   commctrl_ALL:link.obj
 0001:0000be8c       ?AddRef@CLink@@UAAKXZ      1000ce8c f   commctrl_ALL:link.obj
 0001:0000be94       ?Release@CLink@@UAAKXZ     1000ce94 f   commctrl_ALL:link.obj
 0001:0000becc       ?GetState@CLink@@UAAJKI@Z  1000cecc f   commctrl_ALL:link.obj
 0001:0000bf10       ?OnCustomDraw@CLink@@UAAJKPAUHDC__@@PBUtagRECT@@KHIPAJ@Z 1000cf10 f   commctrl_ALL:link.obj
 0001:0000bfb0       ?CustomDrawText@CLink@@UAAJPAUHDC__@@PBGHPAUtagRECT@@IH@Z 1000cfb0 f   commctrl_ALL:link.obj
 0001:0000c064       ?InvalidateRect@CLink@@UAAJKPBUtagRECT@@@Z 1000d064 f   commctrl_ALL:link.obj
 0001:0000c090       ?GetItem@CLink@@AAAJPAUtagLITEM@@@Z 1000d090 f   commctrl_ALL:link.obj
 0001:0000c184       ?SendNotify@CLink@@ABAJIHH@Z 1000d184 f   commctrl_ALL:link.obj
 0001:0000c280       ?UpdateTabstop@CLink@@AAAXXZ 1000d280 f   commctrl_ALL:link.obj
 0001:0000c2c4       ?EnableAll@CLink@@AAAXH@Z  1000d2c4 f   commctrl_ALL:link.obj
 0001:0000c344       ?_HandleWM_UPDATEUISTATE@@YAHIJPAI@Z 1000d344 f   commctrl_ALL:link.obj
 0001:0000c380       ??_ECLink@@UAAPAXI@Z       1000d380 f i commctrl_ALL:link.obj
 0001:0000c380       ??_GCLink@@UAAPAXI@Z       1000d380 f i commctrl_ALL:link.obj
 0001:0000c3a4       ?Initialize@CLink@@AAAJXZ  1000d3a4 f   commctrl_ALL:link.obj
 0001:0000c3d8       ?Notify@CLink@@UAAJKHH@Z   1000d3d8 f   commctrl_ALL:link.obj
 0001:0000c434       ?PaintTransparent@CLink@@AAAXPAUHDC__@@PBUtagRECT@@1@Z 1000d434 f   commctrl_ALL:link.obj
 0001:0000c62c       ?SetItem@CLink@@AAAJPBUtagLITEM@@@Z 1000d62c f   commctrl_ALL:link.obj
 0001:0000c72c       ?get_lock@?$singleton@V?$free_list@$0GE@Vallocator@ce@@@ce@@$03V?$static_allocator@V?$free_list@$0GE@Vallocator@ce@@@ce@@$03@2@@ce@@KAAAVcritical_section@2@XZ 1000d72c f i commctrl_ALL:link.obj
 0001:0000c780       ??0CLink@@QAA@XZ           1000d780 f   commctrl_ALL:link.obj
 0001:0000c7fc       ?Paint@CLink@@AAAXPAUHDC__@@PBUtagRECT@@1@Z 1000d7fc f   commctrl_ALL:link.obj
 0001:0000c99c       ?WndProc@CLink@@CAJPAUHWND__@@IIJ@Z 1000d99c f   commctrl_ALL:link.obj
 0001:0000d4f8       ?InitLinkClass@@YAHPAUHINSTANCE__@@@Z 1000e4f8 f   commctrl_ALL:link.obj
 0001:0000d598       ?ListView_NotifyCacheHint@@YAHPAU_LV@@HH@Z 1000e598 f   commctrl_ALL:listview.obj
 0001:0000d5e0       ?ListView_RequestFindItem@@YAHPAU_LV@@PBUtagLVFINDINFOW@@H@Z 1000e5e0 f   commctrl_ALL:listview.obj
 0001:0000d618       ?ListView_SendChange@@YAHPAU_LV@@HHHIIIJ@Z 1000e618 f   commctrl_ALL:listview.obj
 0001:0000d684       ?ListView_SendODChange@@YAHPAU_LV@@HHII@Z 1000e684 f   commctrl_ALL:listview.obj
 0001:0000d6cc       ?ListView_Notify@@YAHPAU_LV@@HHH@Z 1000e6cc f   commctrl_ALL:listview.obj
 0001:0000d74c       ?ListView_GetEmptyText@@YAHPAU_LV@@@Z 1000e74c f   commctrl_ALL:listview.obj
 0001:0000d7e0       ?ListView_SortCallback@@YAHPAX0J@Z 1000e7e0 f   commctrl_ALL:listview.obj
 0001:0000d894       ?ListView_VerifyGroupIdIsUnique@@YAHPAU_LV@@H@Z 1000e894 f   commctrl_ALL:listview.obj
 0001:0000d8a8       ?ListView_GetOffsetItemPosition@@YAXPAU_LV@@PAU_LISTITEM@@PAUtagPOINT@@@Z 1000e8a8 f   commctrl_ALL:listview.obj
 0001:0000d944       ?ListView_SortAllColumns@@YAHPAU_LV@@PAU_LVSortInfo@@@Z 1000e944 f   commctrl_ALL:listview.obj
 0001:0000db60       ?ListView_OnApproximateViewRect@@YAKPAU_LV@@HHH@Z 1000eb60 f   commctrl_ALL:listview.obj
 0001:0000dbc4       ?ListView_OnSortItems@@YAHPAU_LV@@JP6AHJJJ@Z@Z 1000ebc4 f   commctrl_ALL:listview.obj
 0001:0000dcd0       ?ListView_OnHelp@@YAJPAU_LV@@PAUtagHELPINFO@@@Z 1000ecd0 f   commctrl_ALL:listview.obj
 0001:0000dd28       ?ListView_OnSetIconSpacing@@YAKPAU_LV@@J@Z 1000ed28 f   commctrl_ALL:listview.obj
 0001:0000de1c       ?EqualRects@@YAHPAUtagRECT@@0H@Z 1000ee1c f   commctrl_ALL:listview.obj
 0001:0000de6c       ?ListView_FindWorkArea@@YAHPAU_LV@@UtagPOINT@@PAF@Z 1000ee6c f   commctrl_ALL:listview.obj
 0001:0000dee8       ?ListView_OnGetWorkAreas@@YAXPAU_LV@@HPAUtagRECT@@@Z 1000eee8 f   commctrl_ALL:listview.obj
 0001:0000df58       ?ListView_IsItemUnfolded@@YAHPAU_LV@@H@Z 1000ef58 f   commctrl_ALL:listview.obj
 0001:0000df98       ?ListView_IsItemUnfoldedPtr@@YAHPAU_LV@@PAU_LISTITEM@@@Z 1000ef98 f   commctrl_ALL:listview.obj
 0001:0000dfd4       ?ListView_OnSetGroupInfo@@YAHPAU_LV@@HPAUtagLVGROUP@@@Z 1000efd4 f   commctrl_ALL:listview.obj
 0001:0000e034       ?ListView_OnGetGroupInfo@@YAHPAU_LV@@HPAUtagLVGROUP@@@Z 1000f034 f   commctrl_ALL:listview.obj
 0001:0000e078       ?ListView_FindFirstVisibleGroup@@YAPAVCListGroup@@PAU_LV@@@Z 1000f078 f   commctrl_ALL:listview.obj
 0001:0000e080       ?ListView_OnGetGroupMetrics@@YAJPAU_LV@@PAUtagLVGROUPMETRICS@@@Z 1000f080 f   commctrl_ALL:listview.obj
 0001:0000e0f0       ?ListView_OnMapIndexToID@@YAKPAU_LV@@I@Z 1000f0f0 f   commctrl_ALL:listview.obj
 0001:0000e138       ?ListView_OnMapIdToIndex@@YAKPAU_LV@@I@Z 1000f138 f   commctrl_ALL:listview.obj
 0001:0000e1f0       ?ListView_InvalidateEntireRegion@@YAXPAU_LV@@@Z 1000f1f0 f   commctrl_ALL:listview.obj
 0001:0000e224       ?ListView_OnSetBkColor@@YAHPAU_LV@@K@Z 1000f224 f   commctrl_ALL:listview.obj
 0001:0000e2dc       ?InitBrushOrg@@YAXPAU_LV@@PAUHDC__@@@Z 1000f2dc f   commctrl_ALL:listview.obj
 0001:0000e32c       ?ListView_InvalidateRegion@@YAXPAU_LV@@PAUHRGN__@@@Z 1000f32c f   commctrl_ALL:listview.obj
 0001:0000e36c       ?LVSeeThruScroll@@YAXPAU_LV@@PAUtagRECT@@@Z 1000f36c f   commctrl_ALL:listview.obj
 0001:0000e480       ?ListView_DrawBackground@@YAXPAU_LV@@PAUHDC__@@PAUtagRECT@@@Z 1000f480 f   commctrl_ALL:listview.obj
 0001:0000e868       ?ListView_OnEraseBkgnd@@YAHPAU_LV@@PAUHDC__@@@Z 1000f868 f   commctrl_ALL:listview.obj
 0001:0000e8bc       ?ListView_OnCommand@@YAXPAU_LV@@HPAUHWND__@@I@Z 1000f8bc f   commctrl_ALL:listview.obj
 0001:0000e978       ?ListView_MoveToTopZOrder@@YAXPAU_LV@@H@Z 1000f978 f   commctrl_ALL:listview.obj
 0001:0000e9d4       ?ListView_ComputeCYItemSize@@YAHPAU_LV@@@Z 1000f9d4 f   commctrl_ALL:listview.obj
 0001:0000ea34       ?ListView_InvalidateCachedLabelSizes@@YAXPAU_LV@@@Z 1000fa34 f   commctrl_ALL:listview.obj
 0001:0000eaec       ?ListView_OnHitTest@@YAHPAU_LV@@PAUtagLVHITTESTINFO@@@Z 1000faec f   commctrl_ALL:listview.obj
 0001:0000ec50       ?CanScroll@@YAHPAU_LV@@HH@Z 1000fc50 f   commctrl_ALL:listview.obj
 0001:0000ecd4       ?GetBaseScrollDeltas@@YAXPAU_LV@@PAH1@Z 1000fcd4 f   commctrl_ALL:listview.obj
 0001:0000ed34       ?ListView_DrawFocusRect@@YAXPAU_LV@@PAUHDC__@@PAUtagRECT@@@Z 1000fd34 f   commctrl_ALL:listview.obj
 0001:0000ed88       ?ListView_RBeginMarquee@@YAHPAU_LV@@HHPAUtagLVHITTESTINFO@@@Z 1000fd88 f   commctrl_ALL:listview.obj
 0001:0000ee1c       ?LoadLongDelayKeyValue@@YAHXZ 1000fe1c f   commctrl_ALL:listview.obj
 0001:0000eec0       ?ListView_CancelPendingTimer@@YAHPAU_LV@@IH@Z 1000fec0 f   commctrl_ALL:listview.obj
 0001:0000ef00       ?ListView_SetupPendingNameEdit@@YAXPAU_LV@@@Z 1000ff00 f   commctrl_ALL:listview.obj
 0001:0000ef30       ?ListView_OnHVScroll@@YAXPAU_LV@@IHH@Z 1000ff30 f   commctrl_ALL:listview.obj
 0001:0000eff4       ?ListView_ValidateOneScrollParam@@YAHPAU_LV@@HH@Z 1000fff4 f   commctrl_ALL:listview.obj
 0001:0000f074       ?ListView_ValidateScrollParams@@YAHPAU_LV@@PAH1@Z 10010074 f   commctrl_ALL:listview.obj
 0001:0000f1b0       ?ListView_UpdateScrollBars@@YAXPAU_LV@@@Z 100101b0 f   commctrl_ALL:listview.obj
 0001:0000f234       ?ListView_OnGetImageList@@YAPAU_IMAGELIST@@PAU_LV@@H@Z 10010234 f   commctrl_ALL:listview.obj
 0001:0000f274       ?ListView_OnSetImageList@@YAPAU_IMAGELIST@@PAU_LV@@PAU1@H@Z 10010274 f   commctrl_ALL:listview.obj
 0001:0000f4cc       ?ListView_GetDispInfo@@YAXPAU_LV@@PAUtagLVDISPINFOW@@@Z 100104cc f   commctrl_ALL:listview.obj
 0001:0000f524       ?ListView_OnGetItem@@YAHPAU_LV@@PAUtagLVITEMW@@@Z 10010524 f   commctrl_ALL:listview.obj
 0001:0000fa68       ?ListView_OnGetItemState@@YAIPAU_LV@@HI@Z 10010a68 f   commctrl_ALL:listview.obj
 0001:0000faac       ?ListView_OnGetItemText@@YAHPAU_LV@@HPAUtagLVITEMW@@@Z 10010aac f   commctrl_ALL:listview.obj
 0001:0000faec       ?ListView_ReleaseBkImage@@YAXPAU_LV@@@Z 10010aec f   commctrl_ALL:listview.obj
 0001:0000fb2c       ?ListView_OnSetBkImage@@YAHPAU_LV@@PAUtagLVBKIMAGEW@@@Z 10010b2c f   commctrl_ALL:listview.obj
 0001:0000fc04       ?ListView_OnGetBkImage@@YAHPAU_LV@@PAUtagLVBKIMAGEW@@@Z 10010c04 f   commctrl_ALL:listview.obj
 0001:0000fc80       ?ListView_FreeSubItem@@YAXPAU_LISTSUBITEM@@@Z 10010c80 f   commctrl_ALL:listview.obj
 0001:0000fca4       ?ListView_FreeItem@@YAHPAU_LV@@PAU_LISTITEM@@@Z 10010ca4 f   commctrl_ALL:listview.obj
 0001:0000fcec       ?ListView_OnDeleteAllItems@@YAHPAU_LV@@H@Z 10010cec f   commctrl_ALL:listview.obj
 0001:0000fee0       ?ListView_CompareString@@YAHPAU_LV@@HPBGIH@Z 10010ee0 f   commctrl_ALL:listview.obj
 0001:0000ffc4       ?ListView_GetRects@@YAHPAU_LV@@HIPAUtagRECT@@111@Z 10010fc4 f   commctrl_ALL:listview.obj
 0001:00010284       ?ListView_GetRectsOwnerData@@YAXPAU_LV@@HPAUtagRECT@@111PAU_LISTITEM@@@Z 10011284 f   commctrl_ALL:listview.obj
 0001:000103f0       ?ListView_InvalidateItemEx@@YAXPAU_LV@@HHII@Z 100113f0 f   commctrl_ALL:listview.obj
 0001:00010618       ?LV_IsItemOnViewEdge@@YAIPAU_LV@@PAU_LISTITEM@@@Z 10011618 f   commctrl_ALL:listview.obj
 0001:000106d4       ?LV_AdjustViewRectOnMove@@YAXPAU_LV@@PAU_LISTITEM@@HH@Z 100116d4 f   commctrl_ALL:listview.obj
 0001:00010884       ?ListView_OnSetItemPosition@@YAHPAU_LV@@HHH@Z 10011884 f   commctrl_ALL:listview.obj
 0001:00010a8c       ?ListView_OnGetItemPosition@@YAHPAU_LV@@HPAUtagPOINT@@@Z 10011a8c f   commctrl_ALL:listview.obj
 0001:00010b64       ?ListView_OnGetOrigin@@YAHPAU_LV@@PAUtagPOINT@@@Z 10011b64 f   commctrl_ALL:listview.obj
 0001:00010ba0       ?ListView_OnGetStringWidth@@YAHPAU_LV@@PBGPAUHDC__@@@Z 10011ba0 f   commctrl_ALL:listview.obj
 0001:00010c50       ?ListView_ISetColumnWidth@@YAHPAU_LV@@HHH@Z 10011c50 f   commctrl_ALL:listview.obj
 0001:00010d44       ?_SetColumnWidthAndPreserveScrollPos@@YAXPAU_LV@@H@Z 10011d44 f   commctrl_ALL:listview.obj
 0001:00010da0       ?ListView_MaybeResizeColumns@@YAHPAU_LV@@HH@Z 10011da0 f   commctrl_ALL:listview.obj
 0001:00010e2c       ?ListView_DrawItem@@YAHPAULVDRAWITEM@@@Z 10011e2c f   commctrl_ALL:listview.obj
 0001:00011060       SHDrawTextCommon           10012060 f   commctrl_ALL:listview.obj
 0001:000115b0       ?ListView_OnGetTopIndex@@YAHPAU_LV@@@Z 100125b0 f   commctrl_ALL:listview.obj
 0001:0001162c       ?ListView_OnGetCountPerPage@@YAHPAU_LV@@@Z 1001262c f   commctrl_ALL:listview.obj
 0001:000116b4       ?ListView_UnfoldRects@@YAHPAU_LV@@HPAUtagRECT@@111@Z 100126b4 f   commctrl_ALL:listview.obj
 0001:000117a0       ListView_SetItemSpacing    100127a0 f   commctrl_ALL:listview.obj
 0001:000117e0       ?ListView_UpdateGradient@@YAHPAU_LV@@@Z 100127e0 f   commctrl_ALL:listview.obj
 0001:0001188c       ?ListView_NULLRecomputeEx@@YAHPAU_LV@@PAU_DPA@@HH@Z 1001288c f   commctrl_ALL:listview.obj
 0001:0001189c       ?ListView_EnableWindow@@YAXPAU_LV@@H@Z 1001289c f   commctrl_ALL:listview.obj
 0001:0001190c       ?LV_OnShowWindow@@YAXPAU_LV@@H@Z 1001290c f   commctrl_ALL:listview.obj
 0001:0001197c       ?ListView_OnSetImageSize@@YAHPAU_LV@@HH@Z 1001297c f   commctrl_ALL:listview.obj
 0001:00011a1c       ?ListView_BullyIconsOnWorkarea@@YAXPAU_LV@@PAU_DPA@@@Z 10012a1c f   commctrl_ALL:listview.obj
 0001:00011ce0       ?ListView_OnSetWorkAreas@@YAXPAU_LV@@HPAUtagRECT@@@Z 10012ce0 f   commctrl_ALL:listview.obj
 0001:00012058       ?ListView_GetUnfoldedRect@@YAHPAU_LV@@HPAUtagRECT@@@Z 10013058 f   commctrl_ALL:listview.obj
 0001:000120ac       ?ListView_OnSetGroupMetrics@@YAJPAU_LV@@PAUtagLVGROUPMETRICS@@@Z 100130ac f   commctrl_ALL:listview.obj
 0001:00012188       ?ListView_OnEnableGroupView@@YAJPAU_LV@@H@Z 10013188 f   commctrl_ALL:listview.obj
 0001:000122bc       ?ListView_GetFirstFullyVisibleItem@@YAHPAU_LV@@@Z 100132bc f   commctrl_ALL:listview.obj
 0001:00012388       ?ListView_OnNCDestroy@@YAXPAU_LV@@@Z 10013388 f   commctrl_ALL:listview.obj
 0001:00012490       ?ListView_OnWindowPosChanged@@YAXPAU_LV@@PBUtagWINDOWPOS@@@Z 10013490 f   commctrl_ALL:listview.obj
 0001:00012604       ?ListView_InvalidateSelectedOwnerData@@YAXPAU_LV@@@Z 10013604 f   commctrl_ALL:listview.obj
 0001:00012790       ?ListView_TypeChange@@YAXPAU_LV@@K@Z 10013790 f   commctrl_ALL:listview.obj
 0001:00012904       ?ScrollDetect@@YAXPAU_LV@@UtagPOINT@@PAH2@Z 10013904 f   commctrl_ALL:listview.obj
 0001:00012ae4       ?ListView_OnScroll@@YAHPAU_LV@@HH@Z 10013ae4 f   commctrl_ALL:listview.obj
 0001:00012bc0       ?ListView_OnEnsureVisible@@YAHPAU_LV@@HH@Z 10013bc0 f   commctrl_ALL:listview.obj
 0001:00012e04       ?ListView_OnSetFont@@YAXPAU_LV@@PAUHFONT__@@H@Z 10013e04 f   commctrl_ALL:listview.obj
 0001:00013088       ?ListView_LRInvalidateBelow@@YAXPAU_LV@@HH@Z 10014088 f   commctrl_ALL:listview.obj
 0001:00013258       ?ListView_IInvalidateBelow@@YAXPAU_LV@@H@Z 10014258 f   commctrl_ALL:listview.obj
 0001:00013320       ?ListView_OnUpdate@@YAXPAU_LV@@H@Z 10014320 f   commctrl_ALL:listview.obj
 0001:0001337c       ?ListView_IFindNearestItem@@YAHPAU_LV@@HHI@Z 1001437c f   commctrl_ALL:listview.obj
 0001:00013724       ?ListView_Arrow@@YAHPAU_LV@@HI@Z 10014724 f   commctrl_ALL:listview.obj
 0001:00013be8       ?ListView_OnGetNextItem@@YAHPAU_LV@@HI@Z 10014be8 f   commctrl_ALL:listview.obj
 0001:00013d80       ?ListView_OnFindItem@@YAHPAU_LV@@HPBUtagLVFINDINFOW@@@Z 10014d80 f   commctrl_ALL:listview.obj
 0001:00013f10       ?ListView_OnGetItemRect@@YAHPAU_LV@@HPAUtagRECT@@@Z 10014f10 f   commctrl_ALL:listview.obj
 0001:00013fc4       ?ListView_OnRedrawItems@@YAHPAU_LV@@HH@Z 10014fc4 f   commctrl_ALL:listview.obj
 0001:00014038       SHDrawText                 10015038 f   commctrl_ALL:listview.obj
 0001:00014080       ?ListView_OnCreateDragImage@@YAPAU_IMAGELIST@@PAU_LV@@HPAUtagPOINT@@@Z 10015080 f   commctrl_ALL:listview.obj
 0001:0001446c       ?ListView_InvalidateFoldedItem@@YAXPAU_LV@@HHI@Z 1001546c f   commctrl_ALL:listview.obj
 0001:00014500       ?ListView_SetScrollInfo@@YAHPAU_LV@@HPAUtagSCROLLINFO@@H@Z 10015500 f   commctrl_ALL:listview.obj
 0001:00014590       ?ListView_OnSetItemCount@@YAHPAU_LV@@HK@Z 10015590 f   commctrl_ALL:listview.obj
 0001:000147cc       ?ListView_IsItemUnfolded2@@YAHPAU_LV@@HPAGH@Z 100157cc f   commctrl_ALL:listview.obj
 0001:0001491c       ?ListView_OnSetInfoTip@@YAJPAU_LV@@PBUtagLVSETINFOTIP@@@Z 1001591c f   commctrl_ALL:listview.obj
 0001:00014a84       ?ListView_OnNotify@@YAJPAU_LV@@IPAUtagNMHDR@@@Z 10015a84 f   commctrl_ALL:listview.obj
 0001:00014e54       ?ListView_OnSettingChange@@YAXPAU_LV@@IJ@Z 10015e54 f   commctrl_ALL:listview.obj
 0001:00014ee0       ?ListView_OnCreate@@YAHPAU_LV@@PAUtagCREATESTRUCTW@@@Z 10015ee0 f   commctrl_ALL:listview.obj
 0001:000151f8       ?ListView_OnDestroy@@YAXPAU_LV@@@Z 100161f8 f   commctrl_ALL:listview.obj
 0001:000152d4       ?ListView_RedrawSelection@@YAXPAU_LV@@@Z 100162d4 f   commctrl_ALL:listview.obj
 0001:000153f8       ?ListView_OnSetFocus@@YAXPAU_LV@@PAUHWND__@@@Z 100163f8 f   commctrl_ALL:listview.obj
 0001:00015484       ?ListView_DeselectAll@@YAXPAU_LV@@H@Z 10016484 f   commctrl_ALL:listview.obj
 0001:00015594       ?ListView_OnStyleChanged@@YAXPAU_LV@@IPAUtagSTYLESTRUCT@@@Z 10016594 f   commctrl_ALL:listview.obj
 0001:00015780       ?LVRecognizeGesture@@YAKHPAU_LV@@PAUtagSHRGI@@H@Z 10016780 f   commctrl_ALL:listview.obj
 0001:00015894       ?ListView_OnSetRedraw@@YAXPAU_LV@@H@Z 10016894 f   commctrl_ALL:listview.obj
 0001:00015af4       ?ListView_OnSetItem@@YAHPAU_LV@@PBUtagLVITEMW@@@Z 10016af4 f   commctrl_ALL:listview.obj
 0001:00016104       ?ListView_OnSetItemState@@YAHPAU_LV@@HII@Z 10017104 f   commctrl_ALL:listview.obj
 0001:00016588       ?ListView_OnSetItemText@@YAHPAU_LV@@HHPBG@Z 10017588 f   commctrl_ALL:listview.obj
 0001:000165cc       ?ListView_CreateItem@@YAPAU_LISTITEM@@PAU_LV@@PBUtagLVITEMW@@@Z 100175cc f   commctrl_ALL:listview.obj
 0001:000166f8       ?ListView_OnInsertItem@@YAHPAU_LV@@PBUtagLVITEMW@@@Z 100176f8 f   commctrl_ALL:listview.obj
 0001:00016b68       ?ListView_OnDeleteItem@@YAHPAU_LV@@H@Z 10017b68 f   commctrl_ALL:listview.obj
 0001:00016fb8       ?ListView_Redraw@@YAXPAU_LV@@PAUHDC__@@PAUtagRECT@@@Z 10017fb8 f   commctrl_ALL:listview.obj
 0001:000174f0       ?ListView_InitCheckBoxes@@YAXPAU_LV@@H@Z 100184f0 f   commctrl_ALL:listview.obj
 0001:00017560       ?ListView_ExtendedStyleChange@@YAKPAU_LV@@KK@Z 10018560 f   commctrl_ALL:listview.obj
 0001:000176b8       ?ListView_OnPaint@@YAXPAU_LV@@PAUHDC__@@@Z 100186b8 f   commctrl_ALL:listview.obj
 0001:00017990       ?ListView_OnKillFocus@@YAXPAU_LV@@PAUHWND__@@@Z 10018990 f   commctrl_ALL:listview.obj
 0001:00017acc       ?ListView_ToggleSelection@@YAXPAU_LV@@H@Z 10018acc f   commctrl_ALL:listview.obj
 0001:00017b00       ?ListView_DoDisjointSelection@@YAXPAU_LV@@H@Z 10018b00 f   commctrl_ALL:listview.obj
 0001:00017b80       ?ListView_SetFocusSel@@YAHPAU_LV@@HHHH@Z 10018b80 f   commctrl_ALL:listview.obj
 0001:00017c94       ?ListView_OnChar@@YAXPAU_LV@@IH@Z 10018c94 f   commctrl_ALL:listview.obj
 0001:00017f04       ?ListView_DragSelect@@YAXPAU_LV@@HH@Z 10018f04 f   commctrl_ALL:listview.obj
 0001:00018630       ?ListView_HandleStateIconClick@@YAXPAU_LV@@H@Z 10019630 f   commctrl_ALL:listview.obj
 0001:00018688       ?ListView_ToggleItemCheckBox@@YAXPAU_LV@@H@Z 10019688 f   commctrl_ALL:listview.obj
 0001:000186a0       ?ListView_OnTimer@@YAXPAU_LV@@I@Z 100196a0 f   commctrl_ALL:listview.obj
 0001:00018750       ?ListView_OnContextMenu@@YAXPAU_LV@@IJ@Z 10019750 f   commctrl_ALL:listview.obj
 0001:00018850       ?ListView_SelectRangeTo@@YAXPAU_LV@@HH@Z 10019850 f   commctrl_ALL:listview.obj
 0001:00018dd8       ?ListView_OnKey@@YAXPAU_LV@@IHHI@Z 10019dd8 f   commctrl_ALL:listview.obj
 0001:00019184       ?ListView_ButtonSelect@@YAXPAU_LV@@HIH@Z 1001a184 f   commctrl_ALL:listview.obj
 0001:0001920c       ?ListView_HandleMouse@@YAXPAU_LV@@HHHIH@Z 1001a20c f   commctrl_ALL:listview.obj
 0001:00019a50       ?ListView_WndProc@@YAJPAUHWND__@@IIJ@Z 1001aa50 f   commctrl_ALL:listview.obj
 0001:0001afac       ?ListView_Init@@YAHPAUHINSTANCE__@@@Z 1001bfac f   commctrl_ALL:listview.obj
 0001:0001b04c       ?TV_SendBeginDrag@@YAHPAU_TREE@@HPAU_TREEITEM@@HH@Z 1001c04c f   commctrl_ALL:treeview.obj
 0001:0001b098       ?TV_SendItemExpand@@YAHPAU_TREE@@HPAU_TREEITEM@@I@Z 1001c098 f   commctrl_ALL:treeview.obj
 0001:0001b124       ?TV_SendSelChange@@YAHPAU_TREE@@HPAU_TREEITEM@@1I@Z 1001c124 f   commctrl_ALL:treeview.obj
 0001:0001b19c       ?TV_GetPrevVisItem@@YAPAU_TREEITEM@@PAU1@@Z 1001c19c f   commctrl_ALL:treeview.obj
 0001:0001b210       ?TV_GetNextVisItem@@YAPAU_TREEITEM@@PAU1@@Z 1001c210 f   commctrl_ALL:treeview.obj
 0001:0001b250       ?TV_CheckHit@@YAPAU_TREEITEM@@PAU_TREE@@HHPAI@Z 1001c250 f   commctrl_ALL:treeview.obj
 0001:0001b414       ?ITEM_OFFSET@@YAHPAU_TREE@@PAU_TREEITEM@@@Z 1001c414 f   commctrl_ALL:treeview.obj
 0001:0001b444       ?TV_GetItemRect@@YAHPAU_TREE@@PAU_TREEITEM@@PAUtagRECT@@H@Z 1001c444 f   commctrl_ALL:treeview.obj
 0001:0001b554       ?TV_OnSetRedraw@@YAXPAU_TREE@@H@Z 1001c554 f   commctrl_ALL:treeview.obj
 0001:0001b5c8       ?TV_EndWatch@@YAHPAU_TREE@@PAUTVWATCHEDITEM@@@Z 1001c5c8 f   commctrl_ALL:treeview.obj
 0001:0001b61c       ?TV_ExpandParents@@YAXPAU_TREE@@PAU_TREEITEM@@H@Z 1001c61c f   commctrl_ALL:treeview.obj
 0001:0001b660       ?TV_EnsureVisible@@YAHPAU_TREE@@PAU_TREEITEM@@@Z 1001c660 f   commctrl_ALL:treeview.obj
 0001:0001b684       ?TV_ExpandOnSelChange@@YAXPAU_TREE@@PAU_TREEITEM@@1@Z 1001c684 f   commctrl_ALL:treeview.obj
 0001:0001b844       ?BetweenItems@@YAHPAU_TREE@@PAU_TREEITEM@@11@Z 1001c844 f   commctrl_ALL:treeview.obj
 0001:0001b884       ?TV_SetIndent@@YAXPAU_TREE@@I@Z 1001c884 f   commctrl_ALL:treeview.obj
 0001:0001b908       ?TV_SetItemHeight@@YAXPAU_TREE@@@Z 1001c908 f   commctrl_ALL:treeview.obj
 0001:0001b978       ?TV_CreateBoldFont@@YAXPAU_TREE@@@Z 1001c978 f   commctrl_ALL:treeview.obj
 0001:0001b9d8       ?TV_GetNextItem@@YAPAU_TREEITEM@@PAU_TREE@@PAU1@I@Z 1001c9d8 f   commctrl_ALL:treeview.obj
 0001:0001bac8       ?TV_SizeWnd@@YAHPAU_TREE@@II@Z 1001cac8 f   commctrl_ALL:treeview.obj
 0001:0001bb34       ?TV_OnContextMenu@@YAXPAU_TREE@@IJ@Z 1001cb34 f   commctrl_ALL:treeview.obj
 0001:0001bbf8       ?TV_OnGetItem@@YAHPAU_TREE@@PAUtagTVITEMW@@@Z 1001cbf8 f   commctrl_ALL:treeview.obj
 0001:0001bc30       ?TV_SetEditSize@@YAXPAU_TREE@@H@Z 1001cc30 f   commctrl_ALL:treeview.obj
 0001:0001bcd4       ?TV_CancelEditTimer@@YAXPAU_TREE@@@Z 1001ccd4 f   commctrl_ALL:treeview.obj
 0001:0001bd04       ?TV_InvalidateItem@@YAXPAU_TREE@@PAU_TREEITEM@@I@Z 1001cd04 f   commctrl_ALL:treeview.obj
 0001:0001bd54       ?TV_SelectItem@@YAHPAU_TREE@@IPAU_TREEITEM@@II@Z 1001cd54 f   commctrl_ALL:treeview.obj
 0001:0001bfd8       ?TV_Expand@@YAHPAU_TREE@@IPAU_TREEITEM@@H@Z 1001cfd8 f   commctrl_ALL:treeview.obj
 0001:0001c328       ?TV_OnChar@@YAXPAU_TREE@@IH@Z 1001d328 f   commctrl_ALL:treeview.obj
 0001:0001c53c       ?TV_OnSetFont@@YAXPAU_TREE@@PAUHFONT__@@H@Z 1001d53c f   commctrl_ALL:treeview.obj
 0001:0001c6e8       ?TV_SetItem@@YAHPAU_TREE@@PBUtagTVITEMW@@@Z 1001d6e8 f   commctrl_ALL:treeview.obj
 0001:0001c9e0       ?TV_OnWinIniChange@@YAXPAU_TREE@@I@Z 1001d9e0 f   commctrl_ALL:treeview.obj
 0001:0001ca24       ?TV_DismissEdit@@YAHPAU_TREE@@H@Z 1001da24 f   commctrl_ALL:treeview.obj
 0001:0001cbf8       ?TV_SetItemRecurse@@YAXPAU_TREE@@PAU_TREEITEM@@PAUtagTVITEMW@@@Z 1001dbf8 f   commctrl_ALL:treeview.obj
 0001:0001cc44       ?TV_DoExpandRecurse@@YAXPAU_TREE@@PAU_TREEITEM@@H@Z 1001dc44 f   commctrl_ALL:treeview.obj
 0001:0001cc94       ?TV_ExpandRecurse@@YAXPAU_TREE@@PAU_TREEITEM@@H@Z 1001dc94 f   commctrl_ALL:treeview.obj
 0001:0001cce4       ?TV_HandleStateIconClick@@YAXPAU_TREE@@PAU_TREEITEM@@@Z 1001dce4 f   commctrl_ALL:treeview.obj
 0001:0001cd94       ?TV_ButtonDown@@YAXPAU_TREE@@IIHHI@Z 1001dd94 f   commctrl_ALL:treeview.obj
 0001:0001d14c       ?TV_Command@@YAXPAU_TREE@@HPAUHWND__@@I@Z 1001e14c f   commctrl_ALL:treeview.obj
 0001:0001d1e8       ?TV_InitCheckBoxes@@YAXPAU_TREE@@@Z 1001e1e8 f   commctrl_ALL:treeview.obj
 0001:0001d26c       ?TV_OnStyleChanged@@YAXPAU_TREE@@IPAUtagSTYLESTRUCT@@@Z 1001e26c f   commctrl_ALL:treeview.obj
 0001:0001d324       ?TV_EditWndProc@@YAJPAUHWND__@@IIJ@Z 1001e324 f   commctrl_ALL:treeview.obj
 0001:0001d62c       ?TV_EditLabel@@YAPAUHWND__@@PAU_TREE@@PAU_TREEITEM@@PAG@Z 1001e62c f   commctrl_ALL:treeview.obj
 0001:0001d7a8       ?TV_KeyDown@@YAHPAU_TREE@@IK@Z 1001e7a8 f   commctrl_ALL:treeview.obj
 0001:0001db34       ?TV_SetImageList@@YAPAU_IMAGELIST@@PAU_TREE@@PAU1@H@Z 1001eb34 f   commctrl_ALL:treeview.obj
 0001:0001dc74       ?TV_Timer@@YAJPAU_TREE@@I@Z 1001ec74 f   commctrl_ALL:treeview.obj
 0001:0001dd10       ?TV_WndProc@@YAJPAUHWND__@@IIJ@Z 1001ed10 f   commctrl_ALL:treeview.obj
 0001:0001e8fc       ?TV_Init@@YAHPAUHINSTANCE__@@@Z 1001f8fc f   commctrl_ALL:treeview.obj
 0001:0001e99c       GetMessageTime             1001f99c f   commctrl_ALL:stub.obj
 0001:0001e9a0       Stub_SystemParametersInfo  1001f9a0 f   commctrl_ALL:stub.obj
 0001:0001ea68       CallMsgFilter              1001fa68 f   commctrl_ALL:stub.obj
 0001:0001ea70       InvertRect                 1001fa70 f   commctrl_ALL:stub.obj
 0001:0001eb94       SendItemNotify             1001fb94 f   commctrl_ALL:stub.obj
 0001:0001ebe4       InitDitherBrush            1001fbe4 f   commctrl_ALL:stub.obj
 0001:0001eccc       TerminateDitherBrush       1001fccc f   commctrl_ALL:stub.obj
 0001:0001ecfc       CenterWindow               1001fcfc f   commctrl_ALL:stub.obj
 0001:0001ee5c       CreateColorBitmap          1001fe5c f   commctrl_ALL:stub.obj
 0001:0001ee98       ChildOfActiveWindow        1001fe98 f   commctrl_ALL:stub.obj
 0001:0001eed8       _RectVisible               1001fed8 f   commctrl_ALL:stub.obj
 0001:0001eee0       _IsZoomed                  1001fee0 f   commctrl_ALL:stub.obj
 0001:0001eef0       ?CommandBar_GetParent@@YAPAUHWND__@@PAU1@@Z 1001fef0 f   commctrl_ALL:cmdbar.obj
 0001:0001ef5c       CommandBar_Create          1001ff5c f   commctrl_ALL:cmdbar.obj
 0001:0001eff8       CommandBar_AddBitmap       1001fff8 f   commctrl_ALL:cmdbar.obj
 0001:0001f044       CommandBar_AlignAdornments 10020044 f   commctrl_ALL:cmdbar.obj
 0001:0001f1cc       CommandBar_GetItemWindow   100201cc f   commctrl_ALL:cmdbar.obj
 0001:0001f234       CommandBar_AdjustItems     10020234 f   commctrl_ALL:cmdbar.obj
 0001:0001f2d8       CommandBar_CalcDeadSpace   100202d8 f   commctrl_ALL:cmdbar.obj
 0001:0001f328       CommandBar_Height          10020328 f   commctrl_ALL:cmdbar.obj
 0001:0001f368       IsCommandBarMessage        10020368 f   commctrl_ALL:cmdbar.obj
 0001:0001f370       CommandBands_Create        10020370 f   commctrl_ALL:cmdbar.obj
 0001:0001f43c       ?CommandBands_InsertBands@@YAHPAUHWND__@@IPAUHINSTANCE__@@IPAUtagREBARBANDINFOW@@@Z 1002043c f   commctrl_ALL:cmdbar.obj
 0001:0001f5ac       CommandBands_GetCommandBar 100205ac f   commctrl_ALL:cmdbar.obj
 0001:0001f5fc       CommandBands_AddAdornments 100205fc f   commctrl_ALL:cmdbar.obj
 0001:0001fa6c       CommandBands_GetRestoreInformation 10020a6c f   commctrl_ALL:cmdbar.obj
 0001:0001fb40       CommandBar_InsertComboBox  10020b40 f   commctrl_ALL:cmdbar.obj
 0001:0001fd00       CommandBar_InsertControl   10020d00 f   commctrl_ALL:cmdbar.obj
 0001:0001fedc       CommandBar_InsertMenubarEx 10020edc f   commctrl_ALL:cmdbar.obj
 0001:00020048       CommandBar_DrawMenuBar     10021048 f   commctrl_ALL:cmdbar.obj
 0001:00020174       CommandBar_GetMenu         10021174 f   commctrl_ALL:cmdbar.obj
 0001:00020208       CommandBar_AddAdornments   10021208 f   commctrl_ALL:cmdbar.obj
 0001:00020464       CommandBands_AddBands      10021464 f   commctrl_ALL:cmdbar.obj
 0001:0002048c       CommandBar_Show            1002148c f   commctrl_ALL:cmdbar.obj
 0001:00020518       CommandBar_InsertMenubar   10021518 f   commctrl_ALL:cmdbar.obj
 0001:0002051c       CommandBands_Show          1002151c f   commctrl_ALL:cmdbar.obj
 0001:00020594       DestroyPropertySheetPage   10021594 f   commctrl_ALL:prsht1.obj
 0001:00020674       ?_CreatePageDialog@@YAPAUHWND__@@PAU_PSP@@PAU1@PAUDLGTEMPLATE@@@Z 10021674 f   commctrl_ALL:prsht1.obj
 0001:00020784       CreatePropertySheetPageW   10021784 f   commctrl_ALL:prsht1.obj
 0001:00020950       ?GetDlgTemplateSizeHelper@@YAKPBUDLGTEMPLATE@@@Z 10021950 f   commctrl_ALL:prsht1.obj
 0001:00020a50       ?GetPageInfoEx@@YAHPAU_PSP@@PAUPAGEINFOEX@@K@Z 10021a50 f   commctrl_ALL:prsht1.obj
 0001:00020dcc       ?CreatePage@@YAPAUHWND__@@PAU_PSP@@PAU1@@Z 10021dcc f   commctrl_ALL:prsht1.obj
 0001:00020ed4       ?IsHierarchyWindowPclEnabled@@YAHPAUHWND__@@@Z 10021ed4 f i commctrl_ALL:
 0001:00020f20       IsEdit                     10021f20 f   commctrl_ALL:
 0001:00020fa4       IsListbox                  10021fa4 f   commctrl_ALL:
 0001:00021020       ??0UpDown_t@@AAA@XZ        10022020 f   commctrl_ALL:
 0001:00021094       ?IsGoodBuddy@UpDown_t@@AAAXXZ 10022094 f   commctrl_ALL:
 0001:000210dc       ?UnAnchor@UpDown_t@@AAAXXZ 100220dc f   commctrl_ALL:
 0001:0002116c       ?Anchor@UpDown_t@@AAAXXZ   1002216c f   commctrl_ALL:
 0001:000213cc       ?Compare@UpDown_t@@AAAHHHI@Z 100223cc f   commctrl_ALL:
 0001:00021424       ?Nudge@UpDown_t@@AAAHXZ    10022424 f   commctrl_ALL:
 0001:0002154c       ?Squish@UpDown_t@@AAAXII@Z 1002254c f   commctrl_ALL:
 0001:00021638       ?GetThousands@UpDown_t@@AAAXPAG@Z 10022638 f   commctrl_ALL:
 0001:00021674       ?GetGrouping@UpDown_t@@AAAIXZ 10022674 f   commctrl_ALL:
 0001:0002171c       ?GetInt@UpDown_t@@AAAJPAH@Z 1002271c f   commctrl_ALL:
 0001:000218fc       ?SetInt@UpDown_t@@AAAXH@Z  100228fc f   commctrl_ALL:
 0001:00021ba0       ?Bump@UpDown_t@@AAAXXZ     10022ba0 f   commctrl_ALL:
 0001:00021df4       ?OnWmPaint@UpDown_t@@AAAXPAUHDC__@@@Z 10022df4 f   commctrl_ALL:
 0001:00022354       ?OnUdmSetBase@UpDown_t@@AAAII@Z 10023354 f   commctrl_ALL:
 0001:000223b4       CreateUpDownControl        100233b4 f   commctrl_ALL:
 0001:0002247c       ?HitTest@UpDown_t@@AAAIHH@Z 1002347c f   commctrl_ALL:
 0001:00022510       ?Invalidate@UpDown_t@@AAAXIH@Z 10023510 f   commctrl_ALL:
 0001:000225a0       ?OnWmMouseMove@UpDown_t@@AAAXK@Z 100235a0 f   commctrl_ALL:
 0001:000225f8       ?ArrowKeyProc@UpDown_t@@CAJPAUHWND__@@IIJIK@Z 100235f8 f   commctrl_ALL:
 0001:000227b0       ?SetBuddy@UpDown_t@@AAAJPAUHWND__@@@Z 100237b0 f   commctrl_ALL:
 0001:000229c8       ?WndProc@UpDown_t@@CAJPAUHWND__@@IIJ@Z 100239c8 f   commctrl_ALL:
 0001:0002335c       InitUpDownClass            1002435c f   commctrl_ALL:
 0001:000233fc       ??0Animation_t@@QAA@XZ     100243fc f   commctrl_ALL:animate.obj
 0001:00023460       ?OnWmPaint@Animation_t@@IAAXPAUHDC__@@@Z 10024460 f   commctrl_ALL:animate.obj
 0001:00023504       ?OnAcmStop@Animation_t@@IAAHXZ 10024504 f   commctrl_ALL:animate.obj
 0001:00023544       ?OnWmTimer@Animation_t@@IAAHXZ 10024544 f   commctrl_ALL:animate.obj
 0001:00023620       ?OnAcmOpen@Animation_t@@IAAHPAUHINSTANCE__@@PBGI@Z 10024620 f   commctrl_ALL:animate.obj
 0001:000239a4       ?OnAcmPlay@Animation_t@@IAAHHHH@Z 100249a4 f   commctrl_ALL:animate.obj
 0001:00023a8c       ?OnWmCreate@Animation_t@@IAAXPAUHWND__@@PAUtagCREATESTRUCTW@@@Z 10024a8c f   commctrl_ALL:animate.obj
 0001:00023acc       ?WndProc@Animation_t@@SAJPAUHWND__@@IIJ@Z 10024acc f   commctrl_ALL:animate.obj
 0001:00023d88       InitAnimateClass           10024d88 f   commctrl_ALL:animate.obj
 0001:00023e28       ?CapEditWndProc@@YAJPAUHWND__@@IIJ@Z 10024e28 f   commctrl_ALL:gcontrol.obj
 0001:00023f84       IsCapEditAvailable         10024f84 f   commctrl_ALL:gcontrol.obj
 0001:00024040       InitCapEdit                10025040 f   commctrl_ALL:gcontrol.obj
 0001:000240f0       ?_ProcessDetach@@YAXPAX@Z  100250f0 f   commctrl_ALL:commctrl.obj
 0001:000241f8       InitCommonControlsEx       100251f8 f   commctrl_ALL:commctrl.obj
 0001:000242c8       InitCommonControls         100252c8 f   commctrl_ALL:commctrl.obj
 0001:000242f8       CC_InitIfNecessary         100252f8 f   commctrl_ALL:commctrl.obj
 0001:000242fc       DllEntry                   100252fc f   commctrl_ALL:commctrl.obj
 0001:0002436c       ?EditFullWidthConversionSubclassProc@@YAJPAUHWND__@@IIJ@Z 1002536c f   commctrl_ALL:monthcal.obj
 0001:000243e4       ?MCInsertMarkers@@YAXPAGIPBG@Z 100253e4 f   commctrl_ALL:monthcal.obj
 0001:000244cc       ?MCRemoveMarkers@@YAXPAGIPAUMONTHMETRICS@@@Z 100254cc f   commctrl_ALL:monthcal.obj
 0001:00024558       ?CalDateToday@@YAHPAUCALDATETIME@@@Z 10025558 f   commctrl_ALL:monthcal.obj
 0001:000245b8       ?MCInitColorArray@@YAXPAK@Z 100255b8 f   commctrl_ALL:monthcal.obj
 0001:00024618       ?MCHandleEraseBkgnd@@YAHPAUtagMONTHCAL@@PAUHDC__@@@Z 10025618 f   commctrl_ALL:monthcal.obj
 0001:00024650       ?MCGetDateFormatWithTempYear@@YAHPAUtagCALENDARTYPE@@PAUCALDATETIME@@PBGIPAGI@Z 10025650 f   commctrl_ALL:monthcal.obj
 0001:000246f0       ?MCUpdateEditYear@@YAXPAUtagMONTHCAL@@@Z 100256f0 f   commctrl_ALL:monthcal.obj
 0001:0002475c       ?MCNcCreateHandler@@YAJPAUHWND__@@@Z 1002575c f   commctrl_ALL:monthcal.obj
 0001:000247e0       ?MCGetWeekNumberMethod@@YAHXZ 100257e0 f   commctrl_ALL:monthcal.obj
 0001:00024860       ?MCDrawTodayCircle@@YAXPAUtagMONTHCAL@@PAUHDC__@@PAUtagRECT@@@Z 10025860 f   commctrl_ALL:monthcal.obj
 0001:000248d4       ?MCInvalidateMonthDays@@YAXPAUtagMONTHCAL@@@Z 100258d4 f   commctrl_ALL:monthcal.obj
 0001:00024a18       ?MCGetTodayBtnRect@@YAXPAUtagMONTHCAL@@PAUtagRECT@@@Z 10025a18 f   commctrl_ALL:monthcal.obj
 0001:00024b0c       ?MCGetNoneBtnRect@@YAXPAUtagMONTHCAL@@PAUtagRECT@@@Z 10025b0c f   commctrl_ALL:monthcal.obj
 0001:00024be8       ?MCPaintArrowBtn@@YAXPAUtagMONTHCAL@@PAUHDC__@@HH@Z 10025be8 f   commctrl_ALL:monthcal.obj
 0001:00024c50       ?GetCalendarDateFormat@@YAHKKQAUCALDATETIME@@PBGPAGH@Z 10025c50 f   commctrl_ALL:monthcal.obj
 0001:00024cd8       ?MCGetMonthFormat@@YAXPAUtagMONTHCAL@@PAUCALDATETIME@@PAGIPAUMONTHMETRICS@@@Z 10025cd8 f   commctrl_ALL:monthcal.obj
 0001:00024d34       ?MCIsSelectedDayMoYr@@YAHPAUtagMONTHCAL@@HHH@Z 10025d34 f   commctrl_ALL:monthcal.obj
 0001:00024dd0       ?MCRecomputeSizing@@YAXPAUtagMONTHCAL@@PAUtagRECT@@@Z 10025dd0 f   commctrl_ALL:monthcal.obj
 0001:000250ec       ?MCUpdateMonthNamePos@@YAXPAUtagMONTHCAL@@@Z 100260ec f   commctrl_ALL:monthcal.obj
 0001:000252f4       ?MCUpdateDayState@@YAXPAUtagMONTHCAL@@@Z 100262f4 f   commctrl_ALL:monthcal.obj
 0001:000253f0       ?MCNotifySelChange@@YAXPAUtagMONTHCAL@@I@Z 100263f0 f   commctrl_ALL:monthcal.obj
 0001:000254c4       ?MCGetOffsetForYrMo@@YAHPAUtagMONTHCAL@@HH@Z 100264c4 f   commctrl_ALL:monthcal.obj
 0001:000254fc       ?MCGetRcForMonth@@YAXPAUtagMONTHCAL@@HPAUtagRECT@@@Z 100264fc f   commctrl_ALL:monthcal.obj
 0001:000255e4       ?FGetOffsetForPt@@YAHPAUtagMONTHCAL@@UtagPOINT@@PAH@Z 100265e4 f   commctrl_ALL:monthcal.obj
 0001:000256b0       ?FGetRowColForRelPt@@YAHPAUtagMONTHCAL@@UtagPOINT@@PAH2@Z 100266b0 f   commctrl_ALL:monthcal.obj
 0001:00025734       ?GetYrMoForOffset@@YAXPAUtagMONTHCAL@@HPAI11@Z 10026734 f   commctrl_ALL:monthcal.obj
 0001:000257b8       ?FGetDateForPt@@YAHPAUtagMONTHCAL@@UtagPOINT@@PAUCALDATETIME@@PAH33PAUtagRECT@@@Z 100267b8 f   commctrl_ALL:monthcal.obj
 0001:00025970       ?MCInvalidateDates@@YAXPAUtagMONTHCAL@@PAUCALDATETIME@@1@Z 10026970 f   commctrl_ALL:monthcal.obj
 0001:00025bb4       ?MCHandleMultiSelect@@YAXPAUtagMONTHCAL@@PAUCALDATETIME@@@Z 10026bb4 f   commctrl_ALL:monthcal.obj
 0001:00025e04       ?MCGetTitleRcsForOffset@@YAXPAUtagMONTHCAL@@HPAUtagRECT@@1@Z 10026e04 f   commctrl_ALL:monthcal.obj
 0001:00025ea4       ?MCDPAEnumCallback@@YAHPAX0@Z 10026ea4 f   commctrl_ALL:monthcal.obj
 0001:00025ecc       ?MCFreeCalendarInfo@@YAXPAUtagCALENDARTYPE@@@Z 10026ecc f   commctrl_ALL:monthcal.obj
 0001:00025f20       ?MCGetCalendarInfo@@YAXPAUtagCALENDARTYPE@@@Z 10026f20 f   commctrl_ALL:monthcal.obj
 0001:00025f94       ?MCIsDateStringRTL@@YAHG@Z 10026f94 f   commctrl_ALL:monthcal.obj
 0001:00025ff4       ?SECGetMaxEraLength@@YAHPAUtagCALENDARTYPE@@PAUHDC__@@PAUtagSIZE@@@Z 10026ff4 f   commctrl_ALL:monthcal.obj
 0001:00026090       ?SECParseFormat@@YAHPAUtagDATEPICK@@PAUtagSUBEDITCONTROL@@PBG@Z 10027090 f   commctrl_ALL:monthcal.obj
 0001:00026a54       ?InvalidateScrollRect@@YAXPAUHWND__@@PAUtagRECT@@H@Z 10027a54 f   commctrl_ALL:monthcal.obj
 0001:00026ab0       ?SECFindNextFocus@@YAHPAUtagDATEPICK@@H@Z 10027ab0 f   commctrl_ALL:monthcal.obj
 0001:00026b58       ?SECGetYearValue@@YAIPAUtagDATEPICK@@I@Z 10027b58 f   commctrl_ALL:monthcal.obj
 0001:00026bc4       ?SECAdjustByEra@@YAIPAUtagDATEPICK@@I@Z 10027bc4 f   commctrl_ALL:monthcal.obj
 0001:00026c04       ?SECAdjustByType@@YAIPAUtagDATEPICK@@PAUtagSUBEDIT@@I@Z 10027c04 f   commctrl_ALL:monthcal.obj
 0001:00026cc0       ?SECInvalidate@@YAXPAUtagSUBEDITCONTROL@@H@Z 10027cc0 f   commctrl_ALL:monthcal.obj
 0001:00026dec       ?SECIncrementEra@@YAIPAUtagSUBEDITCONTROL@@PAUtagSUBEDIT@@H@Z 10027dec f   commctrl_ALL:monthcal.obj
 0001:00026f28       ?SECIncrementSubedit@@YAHPAUtagSUBEDITCONTROL@@H@Z 10027f28 f   commctrl_ALL:monthcal.obj
 0001:00027030       ?HasAMPMSection@@YAHPAUtagSUBEDITCONTROL@@@Z 10028030 f   commctrl_ALL:monthcal.obj
 0001:00027074       ?SECIsNumeric@@YAHPBUtagSUBEDIT@@@Z 10028074 f   commctrl_ALL:monthcal.obj
 0001:000270fc       ?SECSubeditFromPt@@YAHPAUtagSUBEDITCONTROL@@UtagPOINT@@@Z 100280fc f   commctrl_ALL:monthcal.obj
 0001:0002715c       ?SECGetSystemtime@@YAXPAUtagSUBEDITCONTROL@@PAUCALDATETIME@@@Z 1002815c f   commctrl_ALL:monthcal.obj
 0001:00027178       ?DTMP_OnGetFormat@@YAJPAUtagDATEPICK@@IPAG@Z 10028178 f   commctrl_ALL:monthcal.obj
 0001:0002730c       ?DPValidateYear@@YAXPAUtagDATEPICK@@@Z 1002830c f   commctrl_ALL:monthcal.obj
 0001:000273c0       ?DPDestroyHandler@@YAXPAUHWND__@@IJ@Z 100283c0 f   commctrl_ALL:monthcal.obj
 0001:00027420       ?DPHandleLocaleChange@@YAXPAUtagDATEPICK@@@Z 10028420 f   commctrl_ALL:monthcal.obj
 0001:00027530       ?DPHandleSetFont@@YAXPAUtagDATEPICK@@PAUHFONT__@@H@Z 10028530 f   commctrl_ALL:monthcal.obj
 0001:00027598       ?_RecomputeMonthCalRect@@YAXPAUtagDATEPICK@@PAUtagRECT@@1@Z 10028598 f   commctrl_ALL:monthcal.obj
 0001:00027720       ?DPRecomputeSizing@@YAXPAUtagDATEPICK@@PAUtagRECT@@@Z 10028720 f   commctrl_ALL:monthcal.obj
 0001:000279b8       ?DPNotifyDateChange@@YAXPAUtagDATEPICK@@@Z 100289b8 f   commctrl_ALL:monthcal.obj
 0001:00027b0c       ?DPSetDate@@YAHPAUtagDATEPICK@@PAUCALDATETIME@@H@Z 10028b0c f   commctrl_ALL:monthcal.obj
 0001:00027bbc       ?MCHandleHitTest@@YAJPAUtagMONTHCAL@@PAUMCHITTESTINFO@@@Z 10028bbc f   commctrl_ALL:monthcal.obj
 0001:00027f48       ?MCCalcSizes@@YAXPAUtagMONTHCAL@@@Z 10028f48 f   commctrl_ALL:monthcal.obj
 0001:00028560       ?MCHandleSetFont@@YAXPAUtagMONTHCAL@@PAUHFONT__@@H@Z 10029560 f   commctrl_ALL:monthcal.obj
 0001:0002864c       ?MCPaintMonth@@YAXPAUtagMONTHCAL@@PAUHDC__@@PAUtagRECT@@HHHHHPAUHBRUSH__@@@Z 1002964c f   commctrl_ALL:monthcal.obj
 0001:00029060       ?MCNcDestroyHandler@@YAXPAUHWND__@@PAUtagMONTHCAL@@IJ@Z 1002a060 f   commctrl_ALL:monthcal.obj
 0001:0002910c       ?MCUpdateToday@@YAXPAUtagMONTHCAL@@@Z 1002a10c f   commctrl_ALL:monthcal.obj
 0001:000291a4       ?FUpdateRcDayCur@@YAHPAUtagMONTHCAL@@UtagPOINT@@@Z 1002a1a4 f   commctrl_ALL:monthcal.obj
 0001:00029284       ?MCGetRcForDay@@YAXPAUtagMONTHCAL@@HHPAUtagRECT@@@Z 1002a284 f   commctrl_ALL:monthcal.obj
 0001:00029334       ?MCSetToday@@YAXPAUtagMONTHCAL@@PAUCALDATETIME@@@Z 1002a334 f   commctrl_ALL:monthcal.obj
 0001:000294cc       ?MCMouseMove@@YAJPAUtagMONTHCAL@@IJ@Z 1002a4cc f   commctrl_ALL:monthcal.obj
 0001:000296c8       ?SEGetTimeDateFormat@@YAXPAUtagSUBEDIT@@PAUtagSUBEDITCONTROL@@PAGK@Z 1002a6c8 f   commctrl_ALL:monthcal.obj
 0001:000298f4       ?SECRecomputeSizing@@YAXPAUtagSUBEDITCONTROL@@PAUtagRECT@@PAUHDC__@@@Z 1002a8f4 f   commctrl_ALL:monthcal.obj
 0001:00029bc4       ?SECSetSubeditValue@@YAXPAUtagDATEPICK@@PAUtagSUBEDIT@@IH@Z 1002abc4 f   commctrl_ALL:monthcal.obj
 0001:00029c78       ?SECSaveResetSubeditEdit@@YAXPAUtagDATEPICK@@H@Z 1002ac78 f   commctrl_ALL:monthcal.obj
 0001:00029ccc       ?SECDrawSubedits@@YAXPAUHDC__@@PAUtagSUBEDITCONTROL@@HHH@Z 1002accc f   commctrl_ALL:monthcal.obj
 0001:0002a064       ?DPNcCreateHandler@@YAJPAUHWND__@@@Z 1002b064 f   commctrl_ALL:monthcal.obj
 0001:0002a0a4       ?DPCreateHandler@@YAJPAUtagDATEPICK@@PAUHWND__@@PAUtagCREATESTRUCTW@@@Z 1002b0a4 f   commctrl_ALL:monthcal.obj
 0001:0002a33c       ?DPOnStyleChanged@@YAJPAUtagDATEPICK@@IPAUtagSTYLESTRUCT@@@Z 1002b33c f   commctrl_ALL:monthcal.obj
 0001:0002a390       ?DPPaint@@YAXPAUtagDATEPICK@@PAUHDC__@@@Z 1002b390 f   commctrl_ALL:monthcal.obj
 0001:0002a544       ?MCPaint@@YAXPAUtagMONTHCAL@@PAUHDC__@@@Z 1002b544 f   commctrl_ALL:monthcal.obj
 0001:0002aaac       ?MCUpdateRcDayCur@@YAXPAUtagMONTHCAL@@PAUCALDATETIME@@@Z 1002baac f   commctrl_ALL:monthcal.obj
 0001:0002aae4       ?SECSetCurSubed@@YAXPAUtagDATEPICK@@H@Z 1002bae4 f   commctrl_ALL:monthcal.obj
 0001:0002ac68       ?SECHandleKeydown@@YAHPAUtagDATEPICK@@IJ@Z 1002bc68 f   commctrl_ALL:monthcal.obj
 0001:0002ae98       ?SECHandleChar@@YAHPAUtagDATEPICK@@G@Z 1002be98 f   commctrl_ALL:monthcal.obj
 0001:0002b310       ?SECEdit@@YAHPAUtagDATEPICK@@PAGH@Z 1002c310 f   commctrl_ALL:monthcal.obj
 0001:0002b6a4       ?DTM_OnSetFormat@@YAJPAUtagDATEPICK@@PBG@Z 1002c6a4 f   commctrl_ALL:monthcal.obj
 0001:0002b750       ?DPHandleSECEdit@@YAXPAUtagDATEPICK@@@Z 1002c750 f   commctrl_ALL:monthcal.obj
 0001:0002b890       ?DPLButtonDown@@YAJPAUtagDATEPICK@@IJ@Z 1002c890 f   commctrl_ALL:monthcal.obj
 0001:0002ba9c       ?DPHandleKeydown@@YAJPAUtagDATEPICK@@IJ@Z 1002ca9c f   commctrl_ALL:monthcal.obj
 0001:0002bca4       ?DPHandleChar@@YAJPAUtagDATEPICK@@IJ@Z 1002cca4 f   commctrl_ALL:monthcal.obj
 0001:0002bdc4       ?MonthCal_OnPaint@@YAXPAUtagMONTHCAL@@PAUHDC__@@@Z 1002cdc4 f   commctrl_ALL:monthcal.obj
 0001:0002be24       ?MCOnStyleChanged@@YAJPAUtagMONTHCAL@@IPAUtagSTYLESTRUCT@@@Z 1002ce24 f   commctrl_ALL:monthcal.obj
 0001:0002bedc       ?MCUpdateStartEndDates@@YAXPAUtagMONTHCAL@@PAUCALDATETIME@@@Z 1002cedc f   commctrl_ALL:monthcal.obj
 0001:0002c1e4       ?FIncrStartMonth@@YAHPAUtagMONTHCAL@@HH@Z 1002d1e4 f   commctrl_ALL:monthcal.obj
 0001:0002c30c       ?MCIncrStartMonth@@YAHPAUtagMONTHCAL@@HH@Z 1002d30c f   commctrl_ALL:monthcal.obj
 0001:0002c328       ?FScrollIntoView@@YAHPAUtagMONTHCAL@@@Z 1002d328 f   commctrl_ALL:monthcal.obj
 0001:0002c3fc       ?DatePickWndProc@@YAJPAUHWND__@@IIJ@Z 1002d3fc f   commctrl_ALL:monthcal.obj
 0001:0002d464       ?UpdateLocaleInfo@@YAHPAUtagMONTHCAL@@PAUtagLOCALEINFO@@@Z 1002e464 f   commctrl_ALL:monthcal.obj
 0001:0002d7e8       ?MCCreateHandler@@YAJPAUtagMONTHCAL@@PAUHWND__@@PAUtagCREATESTRUCTW@@@Z 1002e7e8 f   commctrl_ALL:monthcal.obj
 0001:0002d9a4       ?MCSizeHandler@@YAJPAUtagMONTHCAL@@PAUtagRECT@@@Z 1002e9a4 f   commctrl_ALL:monthcal.obj
 0001:0002da5c       ?MCSetDate@@YAHPAUtagMONTHCAL@@PAUCALDATETIME@@@Z 1002ea5c f   commctrl_ALL:monthcal.obj
 0001:0002daf4       ?MCGotoToday@@YAXPAUtagMONTHCAL@@@Z 1002eaf4 f   commctrl_ALL:monthcal.obj
 0001:0002dbb8       ?MCLButtonDown@@YAJPAUtagMONTHCAL@@IJ@Z 1002ebb8 f   commctrl_ALL:monthcal.obj
 0001:0002e780       ?MCLButtonUp@@YAJPAUtagMONTHCAL@@IJ@Z 1002f780 f   commctrl_ALL:monthcal.obj
 0001:0002e9e4       ?MonthCalWndProc@@YAJPAUHWND__@@IIJ@Z 1002f9e4 f   commctrl_ALL:monthcal.obj
 0001:0002faf8       InitDateClasses            10030af8 f   commctrl_ALL:monthcal.obj
 0001:0002fbe0       ?UpdatePosition@ProgressBar_t@@AAAHHH@Z 10030be0 f   commctrl_ALL:progress.obj
 0001:0002fcbc       ?Progress_SetMarqueeTimer@ProgressBar_t@@AAAXH@Z 10030cbc f   commctrl_ALL:progress.obj
 0001:0002fd58       ?CheckMarqueeTimer@ProgressBar_t@@AAAXXZ 10030d58 f   commctrl_ALL:progress.obj
 0001:0002fd8c       ?Progress_TimerProc@ProgressBar_t@@AAAXI@Z 10030d8c f   commctrl_ALL:progress.obj
 0001:0002fdc0       ?OnCreate@ProgressBar_t@@CAJPAUHWND__@@PAUtagCREATESTRUCTW@@@Z 10030dc0 f   commctrl_ALL:progress.obj
 0001:0002fec0       ?ProgressWndProc@ProgressBar_t@@SAJPAUHWND__@@IIJ@Z 10030ec0 f   commctrl_ALL:progress.obj
 0001:00030238       InitProgressClass          10031238 f   commctrl_ALL:progress.obj
 0001:000302e0       ?RBInvalidateRect@@YAHPAUtagREBAR@@PAUtagRECT@@@Z 100312e0 f   commctrl_ALL:rebar.obj
 0001:00030314       ?RBBGetHeight@@YAIPAUtagREBAR@@PAUtagREBARBAND@@@Z 10031314 f   commctrl_ALL:rebar.obj
 0001:0003039c       ?RBGetRowCount@@YAIPAUtagREBAR@@@Z 1003139c f   commctrl_ALL:rebar.obj
 0001:000303d8       ?RBGetLineHeight@@YAIPAUtagREBAR@@II@Z 100313d8 f   commctrl_ALL:rebar.obj
 0001:0003044c       ?RBResizeChildren@@YAXPAUtagREBAR@@PAUtagREBARBAND@@1@Z 1003144c f   commctrl_ALL:rebar.obj
 0001:00030560       ?RBMoveBand@@YAHPAUtagREBAR@@II@Z 10031560 f   commctrl_ALL:rebar.obj
 0001:00030670       ?RBResizeNow@@YAXPAUtagREBAR@@@Z 10031670 f   commctrl_ALL:rebar.obj
 0001:00030738       ?RBSetRedraw@@YAHPAUtagREBAR@@H@Z 10031738 f   commctrl_ALL:rebar.obj
 0001:00030798       ?RBTileBlt@@YAXPAUtagREBAR@@PAUtagREBARBAND@@IIIIPAUHDC__@@2@Z 10031798 f   commctrl_ALL:rebar.obj
 0001:00030998       ?RBEraseBkgnd@@YAHPAUtagREBAR@@PAUHDC__@@H@Z 10031998 f   commctrl_ALL:rebar.obj
 0001:00030d08       ?RBGetBarInfo@@YAHPAUtagREBAR@@PAUtagREBARINFO@@@Z 10031d08 f   commctrl_ALL:rebar.obj
 0001:00030d44       ?RBGetBandInfo@@YAHPAUtagREBAR@@IPAUtagREBARBANDINFOW@@@Z 10031d44 f   commctrl_ALL:rebar.obj
 0001:00030ee4       ?RBValidateBandInfo@@YAHPAPAUtagREBARBANDINFOW@@PAU1@@Z 10031ee4 f   commctrl_ALL:rebar.obj
 0001:00030f24       ?RBReallocBands@@YAHPAUtagREBAR@@I@Z 10031f24 f   commctrl_ALL:rebar.obj
 0001:00030f6c       ?RBGetFirstInRow@@YAPAUtagREBARBAND@@PAUtagREBAR@@PAU1@@Z 10031f6c f   commctrl_ALL:rebar.obj
 0001:00030fa0       ?RBGetLastInRow@@YAPAUtagREBARBAND@@PAUtagREBAR@@PAU1@H@Z 10031fa0 f   commctrl_ALL:rebar.obj
 0001:00030ff8       ?RBCountBands@@YAHPAUtagREBAR@@I@Z 10031ff8 f   commctrl_ALL:rebar.obj
 0001:00031034       ?RBEnumBand@@YAPAUtagREBARBAND@@PAUtagREBAR@@HI@Z 10032034 f   commctrl_ALL:rebar.obj
 0001:00031078       ?RBMinX@@YAHPAUtagREBAR@@PAUtagREBARBAND@@@Z 10032078 f   commctrl_ALL:rebar.obj
 0001:000310d4       ?RBGetNextVisible@@YAPAUtagREBARBAND@@PAUtagREBAR@@PAU1@@Z 100320d4 f   commctrl_ALL:rebar.obj
 0001:00031108       ?RBSetRestore@@YAXPAUtagREBAR@@PAUtagREBARBAND@@@Z 10032108 f   commctrl_ALL:rebar.obj
 0001:00031188       ?RBSetDragWrapAround@@YAXPAUtagREBAR@@@Z 10032188 f   commctrl_ALL:rebar.obj
 0001:000311d4       ?RBSendNotify@@YAJPAUtagREBAR@@IH@Z 100321d4 f   commctrl_ALL:rebar.obj
 0001:00031234       ?RBIDToIndex@@YAJPAUtagREBAR@@I@Z 10032234 f   commctrl_ALL:rebar.obj
 0001:000312a8       ?RBGetRowHeight@@YAJPAUtagREBAR@@I@Z 100322a8 f   commctrl_ALL:rebar.obj
 0001:00031328       ?RBBandsAtMinHeight@@YAHPAUtagREBAR@@@Z 10032328 f   commctrl_ALL:rebar.obj
 0001:00031394       ?RBGetBandBorders@@YAJPAUtagREBAR@@IPAUtagRECT@@@Z 10032394 f   commctrl_ALL:rebar.obj
[...]
 0002:0000048c       __imp_HideCaret            1006248c     coredll:COREDLL.dll
 0002:00000490       __imp_SetScrollPos         10062490     coredll:COREDLL.dll
 0002:00000494       __imp___GetUserKData       10062494     coredll:COREDLL.dll
 0002:00000498       __imp_GlobalAddAtomW       10062498     coredll:COREDLL.dll
 0002:0000049c       __imp_GetWindowThreadProcessId 1006249c     coredll:COREDLL.dll
 0002:000004a0       __imp_SetProp              100624a0     coredll:COREDLL.dll
 0002:000004a4       __imp_RemoveProp           100624a4     coredll:COREDLL.dll
 0002:000004a8       __imp_GetFileSize          100624a8     coredll:COREDLL.dll
 0002:000004ac       __imp_CreateFileW          100624ac     coredll:COREDLL.dll
 0002:000004b0       __imp_StretchDIBits        100624b0     coredll:COREDLL.dll
 0002:000004b4       __imp_RealizePalette       100624b4     coredll:COREDLL.dll
 0002:000004b8       __imp_SelectPalette        100624b8     coredll:COREDLL.dll
 0002:000004bc       __imp_TransparentImage     100624bc     coredll:COREDLL.dll
 0002:000004c0       __imp_CharUpperW           100624c0     coredll:COREDLL.dll
 0002:000004c4       __imp_GetCalendarDaysInMonth 100624c4     coredll:COREDLL.dll
 0002:000004c8       __imp_GetCalendarWeekNumber 100624c8     coredll:COREDLL.dll
 0002:000004cc       __imp_WideCharToMultiByte  100624cc     coredll:COREDLL.dll
 0002:000004d0       __imp_GetSystemDefaultLCID 100624d0     coredll:COREDLL.dll
 0002:000004d4       __imp_CloseClipboard       100624d4     coredll:COREDLL.dll
 0002:000004d8       __imp_GetClipboardData     100624d8     coredll:COREDLL.dll
 0002:000004dc       __imp_OpenClipboard        100624dc     coredll:COREDLL.dll
 0002:000004e0       __imp_wcslen               100624e0     corelib1:COREDLL.dll
 0002:000004e4       __imp___rt_sdiv            100624e4     corelib1:COREDLL.dll
 0002:000004e8       __imp_memset               100624e8     corelib1:COREDLL.dll
 0002:000004ec       __imp_memcpy               100624ec     corelib1:COREDLL.dll
 0002:000004f0       __imp_memmove              100624f0     corelib1:COREDLL.dll
 0002:000004f4       __imp_wcscpy               100624f4     corelib1:COREDLL.dll
 0002:000004f8       __imp_wcsncpy              100624f8     corelib1:COREDLL.dll
 0002:000004fc       __imp_??3@YAXPAX@Z         100624fc     corelib1:COREDLL.dll
 0002:00000500       __imp_??2@YAPAXI@Z         10062500     corelib1:COREDLL.dll
 0002:00000504       __imp__wcsnicmp            10062504     corelib1:COREDLL.dll
 0002:00000508       __imp_wcsncmp              10062508     corelib1:COREDLL.dll
 0002:0000050c       __imp___rt_udiv            1006250c     corelib1:COREDLL.dll
 0002:00000510       __imp_wcscmp               10062510     corelib1:COREDLL.dll
 0002:00000514       __imp__wcsicmp             10062514     corelib1:COREDLL.dll
 0002:00000518       __imp_wcschr               10062518     corelib1:COREDLL.dll
 0002:0000051c       __imp__wtol                1006251c     corelib1:COREDLL.dll
 0002:00000520       __imp_iswctype             10062520     corelib1:COREDLL.dll
 0002:00000524       __imp_wcsstr               10062524     corelib1:COREDLL.dll
 0002:00000528       __imp___C_specific_handler 10062528     corelib1:COREDLL.dll
 0002:0000052c       __imp__purecall            1006252c     corelib1:COREDLL.dll
 0002:00000530       __imp___security_gen_cookie2 10062530     corelib1:COREDLL.dll
 0002:00000534       __imp___report_gsfailure   10062534     corelib1:COREDLL.dll
 0002:00000538       __imp_free                 10062538     corelib1:COREDLL.dll
 0002:0000053c       __imp_malloc               1006253c     corelib1:COREDLL.dll
 0002:00000540       __imp_realloc              10062540     corelib1:COREDLL.dll
 0002:00000544       __imp__msize               10062544     corelib1:COREDLL.dll
 0002:00000548       __imp_InterlockedCompareExchange 10062548     coredll:COREDLL.dll
 0002:0000054c       __imp_InterlockedExchange  1006254c     coredll:COREDLL.dll
 0002:00000550       __imp_TerminateProcess     10062550     coredll:COREDLL.dll
 0002:00000554       \177COREDLL_NULL_THUNK_DATA 10062554     coredll:COREDLL.dll
 0002:0000056c       ?g_uWMProcessAnimation@@3IA 1006256c     commctrl_ALL:commctrlrc_stubs.obj
 0002:00000570       ?g_uWMProgressUpdate@@3IA  10062570     commctrl_ALL:progressgdi.obj
 0002:00000574       __security_cookie          10062574     corelib0:seccinit.obj
 0002:00000578       __security_cookie_complement 10062578     corelib0:seccinit.obj
 0002:00000580       ?g_xSlop@@3HA              10062580     commctrl_ALL:toolbar.obj
 0002:00000584       ?g_ySlop@@3HA              10062584     commctrl_ALL:toolbar.obj
 0002:00000588       ??_B?1??get_lock@?$singleton@V?$free_list@$0GE@Vallocator@ce@@@ce@@$03V?$static_allocator@V?$free_list@$0GE@Vallocator@ce@@@ce@@$03@2@@ce@@KAAAVcritical_section@2@XZ@51 10062588     commctrl_ALL:link.obj
 0002:0000058c       ?cs@?1??get_lock@?$singleton@V?$free_list@$0GE@Vallocator@ce@@@ce@@$03V?$static_allocator@V?$free_list@$0GE@Vallocator@ce@@@ce@@$03@2@@ce@@KAAAVcritical_section@3@XZ@4V43@A 1006258c     commctrl_ALL:link.obj
 0002:000005a0       ?_factory@?$singleton@V?$free_list@$0GE@Vallocator@ce@@@ce@@$03V?$static_allocator@V?$free_list@$0GE@Vallocator@ce@@@ce@@$03@2@@ce@@1Ulock_factory@12@A 100625a0     commctrl_ALL:link.obj
 0002:000005b8       ?g_iDither@@3HA            100625b8     commctrl_ALL:stub.obj
 0002:000005bc       g_hbrMonoDither            100625bc     commctrl_ALL:stub.obj
 0002:000005c4       ?glpfnEditProc@@3P6AJPAUHWND__@@IIJ@ZA 100625c4     commctrl_ALL:gcontrol.obj
 0002:000005c8       ?g_EditEBOffset@@3KA       100625c8     commctrl_ALL:gcontrol.obj
 0002:000005cc       g_hinst                    100625cc     commctrl_ALL:commctrl.obj
 0002:000005d0       ?g_aCC32Subclass@@3GA      100625d0     commctrl_ALL:commctrl.obj
 0002:000005ec       ?c_stArmageddon@@3UCALDATETIME@@A 100625ec     commctrl_ALL:monthcal.obj
 0002:00000614       ?c_stEpoch@@3UCALDATETIME@@A 10062614     commctrl_ALL:monthcal.obj
 0002:0000063c       ?g_hdpaCal@@3PAU_DPA@@A    1006263c     commctrl_ALL:monthcal.obj
 0002:00000640       ?g_szMonthYearFmt@@3PAGA   10062640     commctrl_ALL:monthcal.obj
 0002:00000668       ?g_wPresentYear@@3GA       10062668     commctrl_ALL:monthcal.obj
 0002:0000066c       ?g_szYearMonthFmt@@3PAGA   1006266c     commctrl_ALL:monthcal.obj
 0002:00000694       ?g_pEditProc@@3P6AJPAUHWND__@@IIJ@ZA 10062694     commctrl_ALL:monthcal.obj
 0002:00000698       ?c_maxMonth@@3HA           10062698     commctrl_ALL:monthcal.obj
 0002:0000069c       ?g_gripperwidth@@3HA       1006269c     commctrl_ALL:rebar.obj
 0002:000006a0       ?g_startspace@@3HA         100626a0     commctrl_ALL:rebar.obj
 0002:000006a4       ?g_interspace@@3HA         100626a4     commctrl_ALL:rebar.obj
 0002:000006a8       ?g_wLangID@@3GA            100626a8     commctrl_ALL:sbedit.obj
 0002:000006ac       ?g_pfnEdit@@3P6AJPAUHWND__@@IIJ@ZA 100626ac     commctrl_ALL:sbedit.obj
 0002:000006bc       ?ghwndOwner@@3PAUHWND__@@A 100626bc     commctrl_ALL:statctl.obj
 0002:000006c0       ?ghwndTT@@3PAUHWND__@@A    100626c0     commctrl_ALL:statctl.obj
 0002:000006c4       ?gidTimer@@3HA             100626c4     commctrl_ALL:statctl.obj
 0002:000006cc       ?gptTouchPos@@3KA          100626cc     commctrl_ALL:statctl.obj
 0002:000006d0       ?g_dwMenuHeight@@3KA       100626d0     commctrl_ALL:prsht.obj
 0002:000006d4       g_hInkModHandle            100626d4     commctrl_ALL:prsht.obj
 0002:000006d8       g_hSHColorMap              100626d8     commctrl_ALL:shutil.obj
 0002:000006dc       g_rgSHColorCache           100626dc     commctrl_ALL:shutil.obj
 0002:000006e0       g_hSHColorMutex            100626e0     commctrl_ALL:shutil.obj
 0002:000006e4       g_hSHMetricMap             100626e4     commctrl_ALL:shutil.obj
 0002:000006e8       g_rgSHMetricCache          100626e8     commctrl_ALL:shutil.obj
 0002:000006ec       g_hSHMetricMutex           100626ec     commctrl_ALL:shutil.obj
 0002:000006f0       g_hbrWindowFrame           100626f0     commctrl_ALL:cutils.obj
 0002:000006f4       g_clrBtnShadow             100626f4     commctrl_ALL:cutils.obj
 0002:000006f8       g_cySmIcon                 100626f8     commctrl_ALL:cutils.obj
 0002:000006fc       ?g_fSmoothScroll@@3HA      100626fc     commctrl_ALL:cutils.obj
 0002:00000700       g_fDragFullWindows         10062700     commctrl_ALL:cutils.obj
 0002:00000704       g_clrWindow                10062704     commctrl_ALL:cutils.obj
 0002:00000708       g_clrHighlight             10062708     commctrl_ALL:cutils.obj
 0002:0000070c       g_hbrBtnShadow             1006270c     commctrl_ALL:cutils.obj
 0002:00000714       g_iIncrSearchFailed        10062714     commctrl_ALL:cutils.obj
 0002:00000718       g_cyScreen                 10062718     commctrl_ALL:cutils.obj
 0002:0000071c       g_cxSmIcon                 1006271c     commctrl_ALL:cutils.obj
 0002:00000720       g_cxIconMargin             10062720     commctrl_ALL:cutils.obj
 0002:00000724       g_hbr3DHilight             10062724     commctrl_ALL:cutils.obj
 0002:00000728       g_cxLabelMargin            10062728     commctrl_ALL:cutils.obj
 0002:0000072c       g_hbrBtnHighlight          1006272c     commctrl_ALL:cutils.obj
 0002:00000730       g_nBitsPerPixel            10062730     commctrl_ALL:cutils.obj
 0002:00000734       gcWheelDelta               10062734     commctrl_ALL:cutils.obj
 0002:00000738       g_clrGrayText              10062738     commctrl_ALL:cutils.obj
 0002:0000073c       g_cyIconMargin             1006273c     commctrl_ALL:cutils.obj
 0002:00000740       g_clrInfoText              10062740     commctrl_ALL:cutils.obj
 0002:00000744       g_clrWindowFrame           10062744     commctrl_ALL:cutils.obj
 0002:00000748       g_cxBorder                 10062748     commctrl_ALL:cutils.obj
 0002:0000074c       g_cxScreen                 1006274c     commctrl_ALL:cutils.obj
 0002:00000750       g_hpenBorder               10062750     commctrl_ALL:cutils.obj
 0002:00000754       g_clrBtnHighlight          10062754     commctrl_ALL:cutils.obj
 0002:00000758       g_cxEdge                   10062758     commctrl_ALL:cutils.obj
 0002:0000075c       g_hbr3DDkShadow            1006275c     commctrl_ALL:cutils.obj
 0002:00000760       g_cyLabelSpace             10062760     commctrl_ALL:cutils.obj
 0002:00000764       g_hbr3DFace                10062764     commctrl_ALL:cutils.obj
 0002:00000768       g_hfontSystem              10062768     commctrl_ALL:cutils.obj
 0002:0000076c       g_hbr3DShadow              1006276c     commctrl_ALL:cutils.obj
 0002:00000770       g_hbr3DLight               10062770     commctrl_ALL:cutils.obj
 0002:00000774       g_hpenWhiteBorder          10062774     commctrl_ALL:cutils.obj
 0002:00000778       g_hbrBtnText               10062778     commctrl_ALL:cutils.obj
 0002:00000780       g_cxScrollbar              10062780     commctrl_ALL:cutils.obj
 0002:00000784       g_hbrBtnFace               10062784     commctrl_ALL:cutils.obj
 0002:00000788       g_cyIconSpacing            10062788     commctrl_ALL:cutils.obj
 0002:0000078c       g_hbrWindowText            1006278c     commctrl_ALL:cutils.obj
 0002:00000790       ?g_fAnimate@@3HA           10062790     commctrl_ALL:cutils.obj
 0002:00000794       g_cxDoubleClk              10062794     commctrl_ALL:cutils.obj
 0002:00000798       g_clrInfoBk                10062798     commctrl_ALL:cutils.obj
 0002:0000079c       g_cyScrollbar              1006279c     commctrl_ALL:cutils.obj
 0002:000007a0       ?g_cyDoubleClk@@3HA        100627a0     commctrl_ALL:cutils.obj
 0002:000007a4       g_clrWindowText            100627a4     commctrl_ALL:cutils.obj
 0002:000007a8       g_hbrHighlight             100627a8     commctrl_ALL:cutils.obj
 0002:000007ac       g_cxIcon                   100627ac     commctrl_ALL:cutils.obj
 0002:000007b0       g_hbrWindow                100627b0     commctrl_ALL:cutils.obj
 0002:000007b4       g_hbrBorder                100627b4     commctrl_ALL:cutils.obj
 0002:000007b8       g_clrHighlightText         100627b8     commctrl_ALL:cutils.obj
 0002:000007bc       g_cyIcon                   100627bc     commctrl_ALL:cutils.obj
 0002:000007c0       g_HIDPI_LogPixelsY         100627c0     commctrl_ALL:cutils.obj
 0002:000007c4       g_hbrGrayText              100627c4     commctrl_ALL:cutils.obj
 0002:000007cc       g_cyBorder                 100627cc     commctrl_ALL:cutils.obj
 0002:000007d0       g_cyHScroll                100627d0     commctrl_ALL:cutils.obj
 0002:000007d4       g_clrBtnFace               100627d4     commctrl_ALL:cutils.obj
 0002:000007d8       g_clrBtnText               100627d8     commctrl_ALL:cutils.obj
 0002:000007dc       g_HIDPI_LogPixelsX         100627dc     commctrl_ALL:cutils.obj
 0002:000007e0       g_cyEdge                   100627e0     commctrl_ALL:cutils.obj
 0002:000007e4       g_ucScrollLines            100627e4     commctrl_ALL:cutils.obj
 0002:000007e8       g_cxVScroll                100627e8     commctrl_ALL:cutils.obj
 0002:000007ec       g_cxIconSpacing            100627ec     commctrl_ALL:cutils.obj
 0002:000007fc       ?m_AygshellRefCount@AygUtils_t@@1KA 100627fc     commctrl_ALL:aygutils.obj
 0002:00000800       ?m_hInstAygshell@AygUtils_t@@1PAUHINSTANCE__@@A 10062800     commctrl_ALL:aygutils.obj
 0002:00000804       ?m_csAygshell@AygUtils_t@@1UCRITICAL_SECTION@@A 10062804     commctrl_ALL:aygutils.obj
 0002:00000818       ?m_fInitialized@AygUtils_t@@1HA 10062818     commctrl_ALL:aygutils.obj
 0002:0000081c       ?m_fLoadedAygshellLibrary@AygUtils_t@@1HA 1006281c     commctrl_ALL:aygutils.obj
 0002:00000820       ?pfnSHSetWindowBits@AygUtils_t@@1P6AXPAUHWND__@@HKK@ZA 10062820     commctrl_ALL:aygutils.obj
 0002:00000824       ?pfnDoEditContextMenu@AygUtils_t@@1P6AXPAUHWND__@@H@ZA 10062824     commctrl_ALL:aygutils.obj
 0002:00000828       ?pfnSHCheckForContextMenu@AygUtils_t@@1P6AHPAUHWND__@@JH@ZA 10062828     commctrl_ALL:aygutils.obj
 0002:0000082c       ?pfnSHCreateMenuBar@AygUtils_t@@1P6AHPAUtagSHMENUBARINFO@@@ZA 1006282c     commctrl_ALL:aygutils.obj
 0002:00000830       ?pfnSHCreateSystemFont@AygUtils_t@@1P6APAUHFONT__@@PAUHWND__@@HK@ZA 10062830     commctrl_ALL:aygutils.obj
 0002:00000834       ?pfnSHGetFontHeight@AygUtils_t@@1P6AHI@ZA 10062834     commctrl_ALL:aygutils.obj
 0002:00000838       ?pfnSHGetUiInfo@AygUtils_t@@1P6AHW4tagSHUIINFOTYPE@@KPAKPAX@ZA 10062838     commctrl_ALL:aygutils.obj
 0002:0000083c       ?pfnSHGradientInit@AygUtils_t@@1P6AHPAUtagSHGRADIENT@@HPBG@ZA 1006283c     commctrl_ALL:aygutils.obj
 0002:00000840       ?pfnSHGradientDeInit@AygUtils_t@@1P6AHPAUtagSHGRADIENT@@@ZA 10062840     commctrl_ALL:aygutils.obj
 0002:00000844       ?pfnSHGradientDraw@AygUtils_t@@1P6AHPAUHDC__@@PAUtagSHGRADIENT@@PAUtagRECT@@@ZA 10062844     commctrl_ALL:aygutils.obj
 0002:00000848       ?pfnSHHandleWMActivate@AygUtils_t@@1P6AHPAUHWND__@@IJPAUSHACTIVATEINFO@@K@ZA 10062848     commctrl_ALL:aygutils.obj
 0002:0000084c       ?pfnSHHandleWMSettingChange@AygUtils_t@@1P6AHPAUHWND__@@IJPAUSHACTIVATEINFO@@@ZA 1006284c     commctrl_ALL:aygutils.obj
 0002:00000850       ?pfnSHIdleTimerReset@AygUtils_t@@1P6AXXZA 10062850     commctrl_ALL:aygutils.obj
 0002:00000854       ?pfnSHInitDialog@AygUtils_t@@1P6AHPAUtagSHINITDLGINFO@@@ZA 10062854     commctrl_ALL:aygutils.obj
 0002:00000858       ?pfnSHLoadImageFile@AygUtils_t@@1P6APAUHBITMAP__@@PBG@ZA 10062858     commctrl_ALL:aygutils.obj
 0002:0000085c       ?pfnSHPreProcessLogFont@AygUtils_t@@1P6AXPAUtagLOGFONTW@@@ZA 1006285c     commctrl_ALL:aygutils.obj
 0002:00000860       ?pfnSHSendBackToFocusWindow@AygUtils_t@@1P6AXIIJ@ZA 10062860     commctrl_ALL:aygutils.obj
 0002:00000864       ?pfnSHSipInfo@AygUtils_t@@1P6AHIIPAXI@ZA 10062864     commctrl_ALL:aygutils.obj
 0002:00000868       ?pfnSHSipPreference@AygUtils_t@@1P6AHPAUHWND__@@W4tagSIPSTATE@@@ZA 10062868     commctrl_ALL:aygutils.obj
 0002:0000086c       ?pfnSHRecognizeGesture@AygUtils_t@@1P6AKPAUtagSHRGI@@@ZA 1006286c     commctrl_ALL:aygutils.obj
 0002:00000870       ?pfnSHIsPreOzoneUpdate@AygUtils_t@@1P6AHPAUHWND__@@@ZA 10062870     commctrl_ALL:aygutils.obj
 0002:00000874       ?pfnSHResizeDialogProc@AygUtils_t@@1P6AJPAUHWND__@@IIJ@ZA 10062874     commctrl_ALL:aygutils.obj
 0002:00000878       ?g_hinstOleAut32@@3PAUHINSTANCE__@@A 10062878     commctrl_ALL:dllload.obj
 0002:0000087c       ?g_hinstShlwapi@@3PAUHINSTANCE__@@A 1006287c     commctrl_ALL:dllload.obj
 0002:00000a98       g_hbrStripe                10062a98     commctrl_ALL:boxsel.obj
 0002:00000a9c       ?g_cxSytemMetricsBorder@@3HA 10062a9c     commctrl_ALL:commctrlview.obj
 0002:00000aa0       ?g_cySytemMetricsBorder@@3HA 10062aa0     commctrl_ALL:commctrlview.obj
 0002:00000ab0       ?memory@?1??allocate@?$static_allocator@VUIFactory@@$0A@@ce@@SAPAXI@Z@4PADA 10062ab0     commctrl_ALL:uifactory.obj
 0002:00000ab4       ??_B?1??get_lock@?$singleton@VUIFactory@@$0A@V?$static_allocator@VUIFactory@@$0A@@ce@@@ce@@KAAAVcritical_section@2@XZ@51 10062ab4     commctrl_ALL:uifactory.obj
 0002:00000ab8       ?cs@?1??get_lock@?$singleton@VUIFactory@@$0A@V?$static_allocator@VUIFactory@@$0A@@ce@@@ce@@KAAAVcritical_section@3@XZ@4V43@A 10062ab8     commctrl_ALL:uifactory.obj
 0002:00000acc       ?pInstance@?$singleton@VUIFactory@@$0A@V?$static_allocator@VUIFactory@@$0A@@ce@@@ce@@1RAVUIFactory@@A 10062acc     commctrl_ALL:uifactory.obj
 0002:00000ad0       ?_factory@?$singleton@VUIFactory@@$0A@V?$static_allocator@VUIFactory@@$0A@@ce@@@ce@@1Ulock_factory@12@A 10062ad0     commctrl_ALL:uifactory.obj
 0002:00000ad1       _exitflag                  10062ad1     corelib0:cexit.obj
 0002:00000ad4       __onexitend                10062ad4     <common>
 0002:00000ad8       __onexitbegin              10062ad8     <common>
 0002:00000adc       g_pcsExit                  10062adc     <common>

 entry point at        0001:0005f708

 Static symbols

 0001:0003e748       ?_FillRectClr@@YAXPAUHDC__@@PAUtagRECT@@K@Z 1003f748 f   commctrl_ALL:shutil.obj
 0001:00044804       ?HIDPI_StretchIcon_Internal@@YAHPAUHICON__@@PAPAU1@HH@Z 10045804 f   commctrl_ALL:uihelper.obj
 0001:0005a48c       ?ToSBChar@@YAJPAG@Z        1005b48c f   commctrl_ALL:sbedit_hpc.obj
 0001:0005a6a0       ?TabVFlipRect@@YAXPAUHWND__@@KPAUtagRECT@@@Z 1005b6a0 f   commctrl_ALL:tabview.obj
 0001:0005a6fc       ?TabDrawEdge@@YAXPAUHWND__@@PAUHDC__@@PAUtagRECT@@KII@Z 1005b6fc f   commctrl_ALL:tabview.obj
 0001:0005a7a8       ?TabExtTextOut@@YAXPAUHWND__@@PAUHDC__@@HKHHIPAUtagRECT@@PAGIPBH@Z 1005b7a8 f   commctrl_ALL:tabview.obj
 0001:0005a8a4       ?DoCorners@@YAXPAUHWND__@@PAUHDC__@@HKPAUtagRECT@@H@Z 1005b8a4 f   commctrl_ALL:tabview.obj
 0001:0005ab60       ?DrawBody@@YAXPAUHWND__@@0HHPAUHDC__@@PAUTABITEM@@PAU_IMAGELIST@@PAUtagRECT@@KHHHHH@Z 1005bb60 f   commctrl_ALL:tabview.obj
 0001:0005afa8       ?TabDrawItemFrame@@YAXPAUHWND__@@PAUHDC__@@HKKIPAUTABITEM@@HH@Z 1005bfa8 f   commctrl_ALL:tabview.obj
 0001:0005d990       ?PatRect@@YAXPAUHDC__@@KHHHH@Z 1005e990 f   commctrl_ALL:trackbarview.obj
 0001:0005d9fc       ?DrawTic@@YAXPAUHDC__@@KHHH@Z 1005e9fc f   commctrl_ALL:trackbarview.obj
 0001:0005da60       ?DrawTicsOneLine@@YAXPAUHDC__@@KPAUtagRECT@@PAKHHJJJHH@Z 1005ea60 f   commctrl_ALL:trackbarview.obj
 0001:0005db78       ?DrawSelectionRangeTriangles@@YAXPAUHDC__@@KPAUtagRECT@@JJJJJHH@Z 1005eb78 f   commctrl_ALL:trackbarview.obj
 0001:0005f9ec       doexit                     100609ec f   corelib0:cexit.obj
 0001:0005fd2c       ??__E?_factory@?$singleton@V?$free_list@$0GE@Vallocator@ce@@@ce@@$03V?$static_allocator@V?$free_list@$0GE@Vallocator@ce@@@ce@@$03@2@@ce@@1Ulock_factory@12@A@@YAXXZ 10060d2c f   commctrl_ALL:link.obj
 0001:0005fd30       ??__E?_factory@?$singleton@VUIFactory@@$0A@V?$static_allocator@VUIFactory@@$0A@@ce@@@ce@@1Ulock_factory@12@A@@YAXXZ 10060d30 f   commctrl_ALL:uifactory.obj
