 exsmime

 Timestamp is 618b15b8 (Tue Nov 09 17:43:36 2021)

 Preferred load address is 10000000

 Start         Length     Name                   Class
 0001:00000000 00000004H .CRT$XCA                CODE
 0001:00000004 00000008H .CRT$XCL                CODE
 0001:0000000c 00000004H .CRT$XCU                CODE
 0001:00000010 00000004H .CRT$XCZ                CODE
 0001:00000014 00000004H .CRT$XIA                CODE
 0001:00000018 00000004H .CRT$XIZ                CODE
 0001:0000001c 00000004H .CRT$XPA                CODE
 0001:00000020 00000004H .CRT$XPZ                CODE
 0001:00000024 00000004H .CRT$XTA                CODE
 0001:00000028 00000004H .CRT$XTZ                CODE
 0001:00000030 0000402cH .rdata                  CODE
 0001:0000405c 00000024H .rdata$debug            CODE
 0001:00004080 0003c3ecH .text                   CODE
 0001:0004046c 00000060H .text$yc                CODE
 0001:000404cc 00000034H .text$yd                CODE
 0001:00040500 000000c4H .xdata                  CODE
 0001:000405c4 00000004H ATL$__a                 CODE
 0001:000405c8 00000004H ATL$__z                 CODE
 0001:000405cc 00000078H .idata$2                CODE
 0001:00040644 00000014H .idata$3                CODE
 0001:00040658 0000026cH .idata$4                CODE
 0001:000408c4 00000438H .idata$6                CODE
 0001:00040d00 000000a4H .edata                  CODE
 0002:00000000 0000026cH .idata$5                DATA
 0002:00000270 00000450H .data                   DATA
 0002:000006c0 00000124H .bss                    DATA
 0003:00000000 00002790H .pdata                  DATA

  Address         Publics by Value              Rva+Base       Lib:Object

 0000:00000000       ___safe_se_handler_count   00000000     <absolute>
 0000:00000000       ___safe_se_handler_table   00000000     <absolute>
 0001:00000000       __xc_a                     10001000     corelib0:crt0init.obj
 0001:00000010       __xc_z                     10001010     corelib0:crt0init.obj
 0001:00000014       __xi_a                     10001014     corelib0:crt0init.obj
 0001:00000018       __xi_z                     10001018     corelib0:crt0init.obj
 0001:0000001c       __xp_a                     1000101c     corelib0:crt0init.obj
 0001:00000020       __xp_z                     10001020     corelib0:crt0init.obj
 0001:00000024       __xt_a                     10001024     corelib0:crt0init.obj
 0001:00000028       __xt_z                     10001028     corelib0:crt0init.obj
 0001:0000004c       ??_C@_1BA@JIHHIEDE@?$AAT?$AAy?$AAp?$AAe?$AAL?$AAi?$AAb?$AA?$AA@ 1000104c     exsmime_ALL:ExSMime.obj
 0001:0000005c       ??_C@_1BC@EAHCMADO@?$AAS?$AAo?$AAf?$AAt?$AAw?$AAa?$AAr?$AAe?$AA?$AA@ 1000105c     exsmime_ALL:ExSMime.obj
 0001:00000070       ??_C@_1O@GBFINDKL@?$AAS?$AAY?$AAS?$AAT?$AAE?$AAM?$AA?$AA@ 10001070     exsmime_ALL:ExSMime.obj
 0001:00000080       ??_C@_1BC@IBECJAAI@?$AAS?$AAE?$AAC?$AAU?$AAR?$AAI?$AAT?$AAY?$AA?$AA@ 10001080     exsmime_ALL:ExSMime.obj
 0001:00000094       ??_C@_17OMAOINJK@?$AAS?$AAA?$AAM?$AA?$AA@ 10001094     exsmime_ALL:ExSMime.obj
 0001:0000009c       ??_C@_19HLLLM@?$AAM?$AAi?$AAm?$AAe?$AA?$AA@ 1000109c     exsmime_ALL:ExSMime.obj
 0001:000000a8       ??_C@_1BC@MAICEHGI@?$AAH?$AAa?$AAr?$AAd?$AAw?$AAa?$AAr?$AAe?$AA?$AA@ 100010a8     exsmime_ALL:ExSMime.obj
 0001:000000bc       ??_C@_1BE@EKPAFMCP@?$AAI?$AAn?$AAt?$AAe?$AAr?$AAf?$AAa?$AAc?$AAe?$AA?$AA@ 100010bc     exsmime_ALL:ExSMime.obj
 0001:000000d0       ??_C@_1BC@NKMMNMGL@?$AAF?$AAi?$AAl?$AAe?$AAT?$AAy?$AAp?$AAe?$AA?$AA@ 100010d0     exsmime_ALL:ExSMime.obj
 0001:000000e4       ??_C@_1CK@OEKPKBNA@?$AAC?$AAo?$AAm?$AAp?$AAo?$AAn?$AAe?$AAn?$AAt?$AA?5?$AAC?$AAa?$AAt?$AAe?$AAg?$AAo?$AAr?$AAi?$AAe?$AAs?$AA?$AA@ 100010e4     exsmime_ALL:ExSMime.obj
 0001:00000110       ??_C@_1M@KANJNLFF@?$AAC?$AAL?$AAS?$AAI?$AAD?$AA?$AA@ 10001110     exsmime_ALL:ExSMime.obj
 0001:0000011c       ??_C@_1M@EJNEECMJ@?$AAA?$AAp?$AAp?$AAI?$AAD?$AA?$AA@ 1000111c     exsmime_ALL:ExSMime.obj
 0001:00000128       ??_C@_1O@JDLOHAN@?$AAD?$AAe?$AAl?$AAe?$AAt?$AAe?$AA?$AA@ 10001128     exsmime_ALL:ExSMime.obj
 0001:00000138       ??_C@_1BC@GCKHIPE@?$AAN?$AAo?$AAR?$AAe?$AAm?$AAo?$AAv?$AAe?$AA?$AA@ 10001138     exsmime_ALL:ExSMime.obj
 0001:0000014c       ??_C@_1BI@JFAIJMHL@?$AAF?$AAo?$AAr?$AAc?$AAe?$AAR?$AAe?$AAm?$AAo?$AAv?$AAe?$AA?$AA@ 1000114c     exsmime_ALL:ExSMime.obj
 0001:00000164       ??_C@_17LLMMEOJD@?$AAV?$AAa?$AAl?$AA?$AA@ 10001164     exsmime_ALL:ExSMime.obj
 0001:0000016c       ??_C@_13OPKGLAFF@?$AAB?$AA?$AA@ 1000116c     exsmime_ALL:ExSMime.obj
 0001:00000170       ??_C@_13MKMNOPIJ@?$AAD?$AA?$AA@ 10001170     exsmime_ALL:ExSMime.obj
 0001:00000174       ??_C@_13LHMFKAAD@?$AAM?$AA?$AA@ 10001174     exsmime_ALL:ExSMime.obj
 0001:00000178       ??_C@_13HADIAKP@?$AAS?$AA?$AA@ 10001178     exsmime_ALL:ExSMime.obj
 0001:0000017c       CLSID_EncryptedVirtualStream 1000117c     exsmime_ALL:ExSMime.obj
 0001:0000018c       CLSID_VirtualStream        1000118c     exsmime_ALL:ExSMime.obj
 0001:0000019c       CLSID_SMIME                1000119c     exsmime_ALL:ExSMime.obj
 0001:000001ac       CLSID_CAPIStm              100011ac     exsmime_ALL:ExSMime.obj
 0001:000001bc       CLSID_MIMERfc2047Decoder   100011bc     exsmime_ALL:ExSMime.obj
 0001:000001cc       CLSID_MIMERfc2047Encoder   100011cc     exsmime_ALL:ExSMime.obj
 0001:000001dc       CLSID_MIMEUUDecoder        100011dc     exsmime_ALL:ExSMime.obj
 0001:000001ec       CLSID_MIMEUUEncoder        100011ec     exsmime_ALL:ExSMime.obj
 0001:000001fc       CLSID_MIMEBinHexDecoder    100011fc     exsmime_ALL:ExSMime.obj
 0001:0000020c       CLSID_MIMEBinHexEncoder    1000120c     exsmime_ALL:ExSMime.obj
 0001:0000021c       CLSID_MIMEQuotedPrintableDecoder 1000121c     exsmime_ALL:ExSMime.obj
 0001:0000022c       CLSID_MIMEQuotedPrintableEncoder 1000122c     exsmime_ALL:ExSMime.obj
 0001:0000023c       CLSID_MIMEBase64Decoder    1000123c     exsmime_ALL:ExSMime.obj
 0001:0000024c       CLSID_MIMEBase64Encoder    1000124c     exsmime_ALL:ExSMime.obj
 0001:0000025c       CLSID_MIMEMailbox          1000125c     exsmime_ALL:ExSMime.obj
 0001:0000026c       CLSID_MIMEEntity           1000126c     exsmime_ALL:ExSMime.obj
 0001:0000027c       CLSID_MIMEReader           1000127c     exsmime_ALL:ExSMime.obj
 0001:000002ac       ?rgszNeverDelete@CRegParser@ATL@@1QBQBGB 100012ac     exsmime_ALL:ExSMime.obj
 0001:000002dc       IID_IMIMEHeaderFactory     100012dc     exsmime_ALL:ExSMime.obj
 0001:000002f0       ??_C@_1FO@GBKEFGLF@?$AAM?$AAi?$AAc?$AAr?$AAo?$AAs?$AAo?$AAf?$AAt?$AA?5?$AAE?$AAn?$AAh?$AAa?$AAn?$AAc?$AAe?$AAd?$AA?5?$AAC?$AAr?$AAy?$AAp?$AAt?$AAo?$AAg?$AAr?$AAa?$AAp?$AAh?$AAi?$AAc@ 100012f0     exsmime_ALL:ExSMime.obj
 0001:00000350       ??_7?$CComObject@VCVirtualStream@@@ATL@@6B@ 10001350     exsmime_ALL:ExSMime.obj
 0001:00000390       ?_entries@?1??_GetEntries@CVirtualStream@@SAPBU_ATL_INTMAP_ENTRY@ATL@@XZ@4QBU34@B 10001390     exsmime_ALL:ExSMime.obj
 0001:000003b4       _GUID_0000000c_0000_0000_c000_000000000046 100013b4     exsmime_ALL:ExSMime.obj
 0001:000003c4       _GUID_0c733a30_2a1c_11ce_ade5_00aa0044773d 100013c4     exsmime_ALL:ExSMime.obj
 0001:000003d4       ??_7?$CComObject@VSMIME@@@ATL@@6BISMIME@@@ 100013d4     exsmime_ALL:ExSMime.obj
 0001:00000404       ??_7?$CComObject@VSMIME@@@ATL@@6BIClassFactory@@@ 10001404     exsmime_ALL:ExSMime.obj
 0001:00000418       ??_7?$CComObject@VSMIME@@@ATL@@6BIMIMENotificationHandler@@@ 10001418     exsmime_ALL:ExSMime.obj
 0001:00000438       ??_7?$CComObject@VCEncryptStream@@@ATL@@6B@ 10001438     exsmime_ALL:ExSMime.obj
 0001:00000478       ?_entries@?1??_GetEntries@CEncryptStream@@SAPBU_ATL_INTMAP_ENTRY@ATL@@XZ@4QBU34@B 10001478     exsmime_ALL:ExSMime.obj
 0001:000004a0       ?map@?1??HKeyFromString@CRegParser@ATL@@KAPAUHKEY__@@PAG@Z@4QBUkeymap@?1??123@KAPAU4@0@Z@B 100014a0     exsmime_ALL:ExSMime.obj
 0001:000004e0       ??_C@_19NCHLBIN@?$AAH?$AAK?$AAC?$AAR?$AA?$AA@ 100014e0     exsmime_ALL:ExSMime.obj
 0001:000004ec       ??_C@_19JAPAIJDE@?$AAH?$AAK?$AAC?$AAU?$AA?$AA@ 100014ec     exsmime_ALL:ExSMime.obj
 0001:000004f8       ??_C@_19PEALEEJB@?$AAH?$AAK?$AAL?$AAM?$AA?$AA@ 100014f8     exsmime_ALL:ExSMime.obj
 0001:00000504       ??_C@_17PJOJPMPB@?$AAH?$AAK?$AAU?$AA?$AA@ 10001504     exsmime_ALL:ExSMime.obj
 0001:0000050c       ??_C@_1CE@PACHPJFI@?$AAH?$AAK?$AAE?$AAY?$AA_?$AAC?$AAL?$AAA?$AAS?$AAS?$AAE?$AAS?$AA_?$AAR?$AAO?$AAO?$AAT?$AA?$AA@ 1000150c     exsmime_ALL:ExSMime.obj
 0001:00000530       ??_C@_1CE@HLHNCBPM@?$AAH?$AAK?$AAE?$AAY?$AA_?$AAC?$AAU?$AAR?$AAR?$AAE?$AAN?$AAT?$AA_?$AAU?$AAS?$AAE?$AAR?$AA?$AA@ 10001530     exsmime_ALL:ExSMime.obj
 0001:00000554       ??_C@_1CG@GFBEANJL@?$AAH?$AAK?$AAE?$AAY?$AA_?$AAL?$AAO?$AAC?$AAA?$AAL?$AA_?$AAM?$AAA?$AAC?$AAH?$AAI?$AAN?$AAE?$AA?$AA@ 10001554     exsmime_ALL:ExSMime.obj
 0001:0000057c       ??_C@_1BG@BGODANIO@?$AAH?$AAK?$AAE?$AAY?$AA_?$AAU?$AAS?$AAE?$AAR?$AAS?$AA?$AA@ 1000157c     exsmime_ALL:ExSMime.obj
 0001:00000594       ?_entries@?1??_GetEntries@SMIME@@SAPBU_ATL_INTMAP_ENTRY@ATL@@XZ@4QBU34@B 10001594     exsmime_ALL:ExSMime.obj
 0001:000005c4       _GUID_621c2a78_ecb5_4deb_8f03_06f4d385744b 100015c4     exsmime_ALL:ExSMime.obj
 0001:000005d4       _GUID_00000001_0000_0000_c000_000000000046 100015d4     exsmime_ALL:ExSMime.obj
 0001:000005e4       _GUID_567abea7_d146_4999_80ce_9a27b7cd84a0 100015e4     exsmime_ALL:ExSMime.obj
 0001:000005f4       ??_7MIMETreeNode@@6B@      100015f4     exsmime_ALL:ExSMime.obj
 0001:000005f8       ??_7MIMENodeSerialize@@6B@ 100015f8     exsmime_ALL:ExSMime.obj
 0001:00000600       ??_7CComClassFactory@ATL@@6B@ 10001600     exsmime_ALL:ExSMime.obj
 0001:00000618       ??_7CComModule@ATL@@6B@    10001618     exsmime_ALL:ExSMime.obj
 0001:00000640       _GUID_00000146_0000_0000_c000_000000000046 10001640     exsmime_ALL:ExSMime.obj
 0001:00000650       ??_C@_11LOCGONAA@?$AA?$AA@ 10001650     exsmime_ALL:ExSMime.obj
 0001:00000654       ??_C@_1M@PPPPCDEP@?$AAA?$AAP?$AAP?$AAI?$AAD?$AA?$AA@ 10001654     exsmime_ALL:ExSMime.obj
 0001:00000660       ??_7CRegObject@ATL@@6B@    10001660     exsmime_ALL:ExSMime.obj
 0001:00000678       ??_7?$CComObject@VCAPIStm@@@ATL@@6B@ 10001678     exsmime_ALL:ExSMime.obj
 0001:000006c4       ?_entries@?1??_GetEntries@CAPIStm@@SAPBU_ATL_INTMAP_ENTRY@ATL@@XZ@4QBU34@B 100016c4     exsmime_ALL:ExSMime.obj
 0001:000006f4       _GUID_8fb70260_be62_407b_8967_3bd73a981269 100016f4     exsmime_ALL:ExSMime.obj
 0001:00000704       ??_C@_1BE@LJOLIMEM@?$AA?$AN?$AA?6?$AA?7?$AA?$HN?$AA?$AN?$AA?6?$AA?$HN?$AA?$AN?$AA?6?$AA?$AA@ 10001704     exsmime_ALL:ExSMime.obj
 0001:00000718       ??_C@_1EA@NHKLICFA@?$AAH?$AAK?$AAC?$AAU?$AA?$AN?$AA?6?$AA?$HL?$AA?7?$AAS?$AAo?$AAf?$AAt?$AAw?$AAa?$AAr?$AAe?$AA?$AN?$AA?6?$AA?7?$AA?$HL?$AA?$AN?$AA?6?$AA?7?$AA?7?$AAC?$AAl?$AAa?$AAs?$AAs?$AAe?$AAs?$AA?$AA@ 10001718     exsmime_ALL:ExSMime.obj
 0001:00000758       ??_C@_1CO@FKNHKAMI@?$AAR?$AAe?$AAg?$AAi?$AAs?$AAt?$AAe?$AAr?$AAT?$AAy?$AAp?$AAe?$AAL?$AAi?$AAb?$AAF?$AAo?$AAr?$AAU?$AAs?$AAe?$AAr?$AA?$AA@ 10001758     exsmime_ALL:ExSMime.obj
 0001:00000788       ??_C@_1BK@EDKOLFBJ@?$AAO?$AAL?$AAE?$AAA?$AAU?$AAT?$AA3?$AA2?$AA?4?$AAD?$AAL?$AAL?$AA?$AA@ 10001788     exsmime_ALL:ExSMime.obj
 0001:000007a4       _GUID_00000000_0000_0000_c000_000000000046 100017a4     exsmime_ALL:ExSMime.obj
 0001:000007b4       ??_7CMIMEModule@@6B@       100017b4     exsmime_ALL:ExSMime.obj
 0001:000007dc       ??_7?$CComObjectNoLock@VCComClassFactory@ATL@@@ATL@@6B@ 100017dc     exsmime_ALL:ExSMime.obj
 0001:000007f4       ?_entries@?1??_GetEntries@CComClassFactory@ATL@@SAPBU_ATL_INTMAP_ENTRY@3@XZ@4QBU43@B 100017f4     exsmime_ALL:ExSMime.obj
 0001:0000080c       ??_7?$CComObjectNoLock@VCEncryptStreamClassFactory@@@ATL@@6B@ 1000180c     exsmime_ALL:ExSMime.obj
 0001:00000824       ?_entries@?1??_GetEntries@CEncryptStreamClassFactory@@SAPBU_ATL_INTMAP_ENTRY@ATL@@XZ@4QBU34@B 10001824     exsmime_ALL:ExSMime.obj
 0001:0000083c       ??_7?$CComObject@VCMimeReader@@@ATL@@6BIMIMEReader@@@ 1000183c     exsmime_ALL:ExSMime.obj
 0001:0000086c       ??_7?$CComObject@VCMimeReader@@@ATL@@6BIMIMEReaderOptions@@@ 1000186c     exsmime_ALL:ExSMime.obj
 0001:00000894       ??_7?$CComObject@VCMimeReader@@@ATL@@6B?$IStreamImpl@UIStream@@@@@ 10001894     exsmime_ALL:ExSMime.obj
 0001:000008d0       ?_entries@?1??_GetEntries@CMimeReader@@SAPBU_ATL_INTMAP_ENTRY@ATL@@XZ@4QBU34@B 100018d0     exsmime_ALL:ExSMime.obj
 0001:0000090c       _GUID_925a4e95_7daf_4863_90e1_76f19ba63ded 1000190c     exsmime_ALL:ExSMime.obj
 0001:0000091c       _GUID_0e31427a_007e_44f6_b7a4_51487dd6d1d5 1000191c     exsmime_ALL:ExSMime.obj
 0001:00000930       ??_7?$CComObject@VCMimeEntity@@@ATL@@6BIMIMEEntity@@@ 10001930     exsmime_ALL:ExSMime.obj
 0001:000009c8       ??_7?$CComObject@VCMimeEntity@@@ATL@@6BMIMETreeNode@@@ 100019c8     exsmime_ALL:ExSMime.obj
 0001:000009cc       ??_7?$CComObject@VCMimeEntity@@@ATL@@6BMIMENodeSerialize@@@ 100019cc     exsmime_ALL:ExSMime.obj
 0001:000009d4       ??_7?$CComObject@VCMimeEntity@@@ATL@@6B@ 100019d4     exsmime_ALL:ExSMime.obj
 0001:000009e4       ?_entries@?1??_GetEntries@CMimeEntity@@SAPBU_ATL_INTMAP_ENTRY@ATL@@XZ@4QBU34@B 100019e4     exsmime_ALL:ExSMime.obj
 0001:00000a20       _GUID_b3c11a6c_7392_446f_9e46_a30689d04a1b 10001a20     exsmime_ALL:ExSMime.obj
 0001:00000a30       _GUID_88732b1c_0f0d_49c6_89c4_3db345b69cfa 10001a30     exsmime_ALL:ExSMime.obj
 0001:00000a40       _GUID_11f20c50_7b36_4533_bf8d_fa84c0898ec8 10001a40     exsmime_ALL:ExSMime.obj
 0001:00000a50       ??_7?$CComObject@VCMailBox@@@ATL@@6BIMIMEMailBox@@@ 10001a50     exsmime_ALL:ExSMime.obj
 0001:00000ab4       ??_7?$CComObject@VCMailBox@@@ATL@@6BMIMETreeNode@@@ 10001ab4     exsmime_ALL:ExSMime.obj
 0001:00000ab8       ??_7?$CComObject@VCMailBox@@@ATL@@6BMIMENodeSerialize@@@ 10001ab8     exsmime_ALL:ExSMime.obj
 0001:00000ac0       ??_7?$CComObject@VCMailBox@@@ATL@@6B@ 10001ac0     exsmime_ALL:ExSMime.obj
 0001:00000ad4       ?_entries@?1??_GetEntries@CMailBox@@SAPBU_ATL_INTMAP_ENTRY@ATL@@XZ@4QBU34@B 10001ad4     exsmime_ALL:ExSMime.obj
 0001:00000b04       _GUID_2ecf28b3_41a7_42f5_a2dd_02e8f8e82221 10001b04     exsmime_ALL:ExSMime.obj
 0001:00000b14       _GUID_f02b8676_4125_4625_ab3c_e7ef6614283c 10001b14     exsmime_ALL:ExSMime.obj
 0001:00000b28       ??_7?$CComObject@VCBase64Encoder@@@ATL@@6BCMIMEEncoder@@@ 10001b28     exsmime_ALL:ExSMime.obj
 0001:00000b80       ??_7?$CComObject@VCBase64Encoder@@@ATL@@6BIMIMEBase64EncoderInit@@@ 10001b80     exsmime_ALL:ExSMime.obj
 0001:00000b90       ?_entries@?1??_GetEntries@CBase64Encoder@@SAPBU_ATL_INTMAP_ENTRY@ATL@@XZ@4QBU34@B 10001b90     exsmime_ALL:ExSMime.obj
 0001:00000bcc       _GUID_ca5fa291_ac45_4ddb_ac08_ece036eedc7e 10001bcc     exsmime_ALL:ExSMime.obj
 0001:00000bdc       _GUID_5ef05914_730b_4767_9505_4f5877eb3722 10001bdc     exsmime_ALL:ExSMime.obj
 0001:00000bf0       ??_7?$CComObject@VCBase64Decoder@@@ATL@@6BCMIMEEncoder@@@ 10001bf0     exsmime_ALL:ExSMime.obj
 0001:00000c48       ??_7?$CComObject@VCBase64Decoder@@@ATL@@6BIMIMEBase64DecoderInit@@@ 10001c48     exsmime_ALL:ExSMime.obj
 0001:00000c54       ?_entries@?1??_GetEntries@CBase64Decoder@@SAPBU_ATL_INTMAP_ENTRY@ATL@@XZ@4QBU34@B 10001c54     exsmime_ALL:ExSMime.obj
 0001:00000c90       _GUID_e7572586_6665_4d58_8d27_1f937009d04e 10001c90     exsmime_ALL:ExSMime.obj
 0001:00000ca0       ??_7?$CComObject@VCQPEncoder@@@ATL@@6BCMIMEEncoder@@@ 10001ca0     exsmime_ALL:ExSMime.obj
 0001:00000cf8       ??_7?$CComObject@VCQPEncoder@@@ATL@@6BIMIMEQuotedPrintableEncoderInit@@@ 10001cf8     exsmime_ALL:ExSMime.obj
 0001:00000d08       ?_entries@?1??_GetEntries@CQPEncoder@@SAPBU_ATL_INTMAP_ENTRY@ATL@@XZ@4QBU34@B 10001d08     exsmime_ALL:ExSMime.obj
 0001:00000d44       _GUID_6dbeff79_5c46_4377_bed5_99ef710c7568 10001d44     exsmime_ALL:ExSMime.obj
 0001:00000d58       ??_7?$CComObject@VCQPDecoder@@@ATL@@6BCMIMEEncoder@@@ 10001d58     exsmime_ALL:ExSMime.obj
 0001:00000db0       ??_7?$CComObject@VCQPDecoder@@@ATL@@6BIMIMEQuotedPrintableDecoderInit@@@ 10001db0     exsmime_ALL:ExSMime.obj
 0001:00000dbc       ?_entries@?1??_GetEntries@CQPDecoder@@SAPBU_ATL_INTMAP_ENTRY@ATL@@XZ@4QBU34@B 10001dbc     exsmime_ALL:ExSMime.obj
 0001:00000df8       _GUID_c6ccc4fb_e8e2_45c9_951a_4a3a75693b53 10001df8     exsmime_ALL:ExSMime.obj
 0001:00000e08       ??_7?$CComObject@VCBinHexEncoder@@@ATL@@6BCMIMEEncoder@@@ 10001e08     exsmime_ALL:ExSMime.obj
 0001:00000e60       ??_7?$CComObject@VCBinHexEncoder@@@ATL@@6BIMIMEBinHexEncoderInit@@@ 10001e60     exsmime_ALL:ExSMime.obj
 0001:00000e70       ?_entries@?1??_GetEntries@CBinHexEncoder@@SAPBU_ATL_INTMAP_ENTRY@ATL@@XZ@4QBU34@B 10001e70     exsmime_ALL:ExSMime.obj
 0001:00000eac       _GUID_ce9f97ac_1b5f_414a_92be_cb6f45568125 10001eac     exsmime_ALL:ExSMime.obj
 0001:00000ec0       ??_7?$CComObject@VCBinHexDecoder@@@ATL@@6BCMIMEEncoder@@@ 10001ec0     exsmime_ALL:ExSMime.obj
 0001:00000f18       ??_7?$CComObject@VCBinHexDecoder@@@ATL@@6BIMIMEBinHexDecoderInit@@@ 10001f18     exsmime_ALL:ExSMime.obj
 0001:00000f2c       ?_entries@?1??_GetEntries@CBinHexDecoder@@SAPBU_ATL_INTMAP_ENTRY@ATL@@XZ@4QBU34@B 10001f2c     exsmime_ALL:ExSMime.obj
 0001:00000f68       _GUID_25fc103d_1016_45a1_a2b2_de0f78fcc4cc 10001f68     exsmime_ALL:ExSMime.obj
 0001:00000f78       ??_7?$CComObject@VCUUEncoder@@@ATL@@6BCMIMEEncoder@@@ 10001f78     exsmime_ALL:ExSMime.obj
 0001:00000fd0       ??_7?$CComObject@VCUUEncoder@@@ATL@@6BIMIMEUUEncoderInit@@@ 10001fd0     exsmime_ALL:ExSMime.obj
 0001:00000fe0       ?_entries@?1??_GetEntries@CUUEncoder@@SAPBU_ATL_INTMAP_ENTRY@ATL@@XZ@4QBU34@B 10001fe0     exsmime_ALL:ExSMime.obj
 0001:0000101c       _GUID_04f96479_15c0_4a16_b35a_77b4dceeac3a 1000201c     exsmime_ALL:ExSMime.obj
 0001:00001030       ??_7?$CComObject@VCUUDecoder@@@ATL@@6BCMIMEEncoder@@@ 10002030     exsmime_ALL:ExSMime.obj
 0001:00001088       ??_7?$CComObject@VCUUDecoder@@@ATL@@6BIMIMEUUDecoderInit@@@ 10002088     exsmime_ALL:ExSMime.obj
 0001:00001098       ?_entries@?1??_GetEntries@CUUDecoder@@SAPBU_ATL_INTMAP_ENTRY@ATL@@XZ@4QBU34@B 10002098     exsmime_ALL:ExSMime.obj
 0001:000010d4       _GUID_5e889acc_3a91_4244_8748_12925ab81ae1 100020d4     exsmime_ALL:ExSMime.obj
 0001:000010e8       ??_7?$CComObject@VCRfc2047Encoder@@@ATL@@6BCMIMEEncoder@@@ 100020e8     exsmime_ALL:ExSMime.obj
 0001:00001140       ??_7?$CComObject@VCRfc2047Encoder@@@ATL@@6BIMIMERfc2047EncoderInit@@@ 10002140     exsmime_ALL:ExSMime.obj
 0001:00001160       ?_entries@?1??_GetEntries@CRfc2047Encoder@@SAPBU_ATL_INTMAP_ENTRY@ATL@@XZ@4QBU34@B 10002160     exsmime_ALL:ExSMime.obj
 0001:0000119c       _GUID_3df98945_b3c5_4d6f_87f8_d64252958484 1000219c     exsmime_ALL:ExSMime.obj
 0001:000011b0       ??_7?$CComObject@VCRfc2047Decoder@@@ATL@@6BCMIMEEncoder@@@ 100021b0     exsmime_ALL:ExSMime.obj
 0001:00001208       ??_7?$CComObject@VCRfc2047Decoder@@@ATL@@6BIMIMERfc2047DecoderInit@@@ 10002208     exsmime_ALL:ExSMime.obj
 0001:0000121c       ?_entries@?1??_GetEntries@CRfc2047Decoder@@SAPBU_ATL_INTMAP_ENTRY@ATL@@XZ@4QBU34@B 1000221c     exsmime_ALL:ExSMime.obj
 0001:00001258       _GUID_be167a02_3ab7_48ac_add0_9b4c907d483a 10002258     exsmime_ALL:ExSMime.obj
 0001:00001268       ??_7?$CComContainedObject@VCMimeEntity@@@ATL@@6BIMIMEEntity@@@ 10002268     exsmime_ALL:ExSMime.obj
 0001:000012fc       ??_7?$CComContainedObject@VCMimeEntity@@@ATL@@6BMIMETreeNode@@@ 100022fc     exsmime_ALL:ExSMime.obj
 0001:00001300       ??_7?$CComContainedObject@VCMimeEntity@@@ATL@@6BMIMENodeSerialize@@@ 10002300     exsmime_ALL:ExSMime.obj
 0001:00001308       ??_7?$CComContainedObject@VCMimeEntity@@@ATL@@6B@ 10002308     exsmime_ALL:ExSMime.obj
 0001:00001318       ??_7?$CComContainedObject@VCMailBox@@@ATL@@6BIMIMEMailBox@@@ 10002318     exsmime_ALL:ExSMime.obj
 0001:00001378       ??_7?$CComContainedObject@VCMailBox@@@ATL@@6BMIMETreeNode@@@ 10002378     exsmime_ALL:ExSMime.obj
 0001:0000137c       ??_7?$CComContainedObject@VCMailBox@@@ATL@@6BMIMENodeSerialize@@@ 1000237c     exsmime_ALL:ExSMime.obj
 0001:00001384       ??_7?$CComContainedObject@VCMailBox@@@ATL@@6B@ 10002384     exsmime_ALL:ExSMime.obj
 0001:00001398       ??_7?$CComAggObject@VCMimeEntity@@@ATL@@6B@ 10002398     exsmime_ALL:ExSMime.obj
 0001:000013a8       ??_7?$CComAggObject@VCMailBox@@@ATL@@6B@ 100023a8     exsmime_ALL:ExSMime.obj
 0001:000013b8       ??_C@_1BC@KAILKFFG@?$AAR?$AAE?$AAG?$AAI?$AAS?$AAT?$AAR?$AAY?$AA?$AA@ 100023b8     exsmime_ALL:ExSMime.obj
 0001:000013cc       ??_C@_1BG@JBACFMF@?$AAM?$AAo?$AAd?$AAu?$AAl?$AAe?$AA_?$AAR?$AAa?$AAw?$AA?$AA@ 100023cc     exsmime_ALL:ExSMime.obj
 0001:000013e4       ??_C@_1O@MNLDABAF@?$AAM?$AAo?$AAd?$AAu?$AAl?$AAe?$AA?$AA@ 100023e4     exsmime_ALL:ExSMime.obj
 0001:00001414       IID_IMIMEHeader            10002414     exsmime_ALL:stdafx.obj
 0001:00001424       IID_IMIMEEntity            10002424     exsmime_ALL:stdafx.obj
 0001:00001434       ?gc_szHdrReceived@@3QBEB   10002434     exsmime_ALL:stdafx.obj
 0001:00001440       ?gc_szHdrDate@@3QBEB       10002440     exsmime_ALL:stdafx.obj
 0001:00001448       ?gc_szHdrMimeFrom@@3QBEB   10002448     exsmime_ALL:stdafx.obj
 0001:00001450       ?gc_szHdrSubject@@3QBEB    10002450     exsmime_ALL:stdafx.obj
 0001:00001458       ?gc_szHdrSender@@3QBEB     10002458     exsmime_ALL:stdafx.obj
 0001:00001460       ?gc_szHdrMimeTo@@3QBEB     10002460     exsmime_ALL:stdafx.obj
 0001:00001464       ?gc_szHdrCc@@3QBEB         10002464     exsmime_ALL:stdafx.obj
 0001:00001468       ?gc_szHdrBcc@@3QBEB        10002468     exsmime_ALL:stdafx.obj
 0001:0000146c       ?gc_szHdrReplyTo@@3QBEB    1000246c     exsmime_ALL:stdafx.obj
 0001:00001478       ?gc_szHdrMessageID@@3QBEB  10002478     exsmime_ALL:stdafx.obj
 0001:00001484       ?gc_szHdrInReplyTo@@3QBEB  10002484     exsmime_ALL:stdafx.obj
 0001:00001490       ?gc_szHdrReferences@@3QBEB 10002490     exsmime_ALL:stdafx.obj
 0001:0000149c       ?gc_szHdrReturnPath@@3QBEB 1000249c     exsmime_ALL:stdafx.obj
 0001:000014a8       ?gc_szHdrComments@@3QBEB   100024a8     exsmime_ALL:stdafx.obj
 0001:000014b4       ?gc_szHdrKeywords@@3QBEB   100024b4     exsmime_ALL:stdafx.obj
 0001:000014c0       ?gc_szHdrEncrypted@@3QBEB  100024c0     exsmime_ALL:stdafx.obj
 0001:000014cc       ?gc_szHdrResentTo@@3QBEB   100024cc     exsmime_ALL:stdafx.obj
 0001:000014d8       ?gc_szHdrResentCc@@3QBEB   100024d8     exsmime_ALL:stdafx.obj
 0001:000014e4       ?gc_szHdrResentBcc@@3QBEB  100024e4     exsmime_ALL:stdafx.obj
 0001:000014f0       ?gc_szHdrResentSender@@3QBEB 100024f0     exsmime_ALL:stdafx.obj
 0001:00001500       ?gc_szHdrResentDate@@3QBEB 10002500     exsmime_ALL:stdafx.obj
 0001:0000150c       ?gc_szHdrResentReplyTo@@3QBEB 1000250c     exsmime_ALL:stdafx.obj
 0001:0000151c       ?gc_szHdrResentFrom@@3QBEB 1000251c     exsmime_ALL:stdafx.obj
 0001:00001528       ?gc_szHdrResentMessageID@@3QBEB 10002528     exsmime_ALL:stdafx.obj
 0001:0000153c       ?gc_szHdrMimeVersion@@3QBEB 1000253c     exsmime_ALL:stdafx.obj
 0001:0000154c       ?gc_szHdrContentType@@3QBEB 1000254c     exsmime_ALL:stdafx.obj
 0001:0000155c       ?gc_szHdrContentTransferEncoding@@3QBEB 1000255c     exsmime_ALL:stdafx.obj
 0001:00001578       ?gc_szHdrContentID@@3QBEB  10002578     exsmime_ALL:stdafx.obj
 0001:00001584       ?gc_szHdrContentDescription@@3QBEB 10002584     exsmime_ALL:stdafx.obj
 0001:00001598       ?gc_szHdrContentDisposition@@3QBEB 10002598     exsmime_ALL:stdafx.obj
 0001:000015ac       ?gc_szHdrContentMD5@@3QBEB 100025ac     exsmime_ALL:stdafx.obj
 0001:000015b8       ?gc_szHdrContentLanguage@@3QBEB 100025b8     exsmime_ALL:stdafx.obj
 0001:000015cc       ?gc_szHdrContentLocation@@3QBEB 100025cc     exsmime_ALL:stdafx.obj
 0001:000015e0       ?gc_szHdrContentBase@@3QBEB 100025e0     exsmime_ALL:stdafx.obj
 0001:000015f0       ?gc_szHdrXContentIdentifier@@3QBEB 100025f0     exsmime_ALL:stdafx.obj
 0001:00001608       ?gc_szHdrXMailer@@3QBEB    10002608     exsmime_ALL:stdafx.obj
 0001:00001614       ?gc_szHdrXNewsreader@@3QBEB 10002614     exsmime_ALL:stdafx.obj
 0001:00001624       ?gc_szHdrXCSIAttachment@@3QBEB 10002624     exsmime_ALL:stdafx.obj
 0001:00001638       ?gc_szHdrXMSAttachment@@3QBEB 10002638     exsmime_ALL:stdafx.obj
 0001:00001648       ?gc_szHdrXMSMailPriority@@3QBEB 10002648     exsmime_ALL:stdafx.obj
 0001:0000165c       ?gc_szHdrXMessageFlag@@3QBEB 1000265c     exsmime_ALL:stdafx.obj
 0001:0000166c       ?gc_szHdrXPriority@@3QBEB  1000266c     exsmime_ALL:stdafx.obj
 0001:00001678       ?gc_szHdrXMSHasAttach@@3QBEB 10002678     exsmime_ALL:stdafx.obj
 0001:00001688       ?gc_szHdrXMSTNEFCorrelator@@3QBEB 10002688     exsmime_ALL:stdafx.obj
 0001:000016a0       ?gc_szHdrXListHelp@@3QBEB  100026a0     exsmime_ALL:stdafx.obj
 0001:000016ac       ?gc_szHdrXListSubscribe@@3QBEB 100026ac     exsmime_ALL:stdafx.obj
 0001:000016c0       ?gc_szHdrXListUnsubscribe@@3QBEB 100026c0     exsmime_ALL:stdafx.obj
 0001:000016d4       ?gc_szHdrXMSUrlCompName@@3QBEB 100026d4     exsmime_ALL:stdafx.obj
 0001:000016e8       ?gc_szHdrXMessageCompleted@@3QBEB 100026e8     exsmime_ALL:stdafx.obj
 0001:000016fc       ?gc_szHdrXMSEmbeddedReport@@3QBEB 100026fc     exsmime_ALL:stdafx.obj
 0001:00001714       ?gc_szHdrXMcubed@@3QBEB    10002714     exsmime_ALL:stdafx.obj
 0001:00001720       ?gc_szHdrContentClass@@3QBEB 10002720     exsmime_ALL:stdafx.obj
 0001:00001730       ?gc_szHdrXref@@3QBEB       10002730     exsmime_ALL:stdafx.obj
 0001:00001738       ?gc_szHdrAdHoc@@3QBEB      10002738     exsmime_ALL:stdafx.obj
 0001:00001740       ?gc_szHdrListHelp@@3QBEB   10002740     exsmime_ALL:stdafx.obj
 0001:0000174c       ?gc_szHdrListSubscribe@@3QBEB 1000274c     exsmime_ALL:stdafx.obj
 0001:0000175c       ?gc_szHdrListUnsubscribe@@3QBEB 1000275c     exsmime_ALL:stdafx.obj
 0001:00001770       ?gc_szHdrThreadTopic@@3QBEB 10002770     exsmime_ALL:stdafx.obj
 0001:00001780       ?gc_szHdrThreadIndex@@3QBEB 10002780     exsmime_ALL:stdafx.obj
 0001:00001790       ?gc_szHdrApparentlyTo@@3QBEB 10002790     exsmime_ALL:stdafx.obj
 0001:000017a0       ?gc_szHdrApproved@@3QBEB   100027a0     exsmime_ALL:stdafx.obj
 0001:000017ac       ?gc_szHdrControl@@3QBEB    100027ac     exsmime_ALL:stdafx.obj
 0001:000017b4       ?gc_szHdrDeferredDelivery@@3QBEB 100027b4     exsmime_ALL:stdafx.obj
 0001:000017c8       ?gc_szHdrDistribution@@3QBEB 100027c8     exsmime_ALL:stdafx.obj
 0001:000017d8       ?gc_szHdrEncoding@@3QBEB   100027d8     exsmime_ALL:stdafx.obj
 0001:000017e4       ?gc_szHdrExpires@@3QBEB    100027e4     exsmime_ALL:stdafx.obj
 0001:000017ec       ?gc_szHdrExpiryDate@@3QBEB 100027ec     exsmime_ALL:stdafx.obj
 0001:000017f8       ?gc_szHdrFollowupTo@@3QBEB 100027f8     exsmime_ALL:stdafx.obj
 0001:00001804       ?gc_szHdrLines@@3QBEB      10002804     exsmime_ALL:stdafx.obj
 0001:0000180c       ?gc_szHdrBytes@@3QBEB      1000280c     exsmime_ALL:stdafx.obj
 0001:00001814       ?gc_szHdrArticle@@3QBEB    10002814     exsmime_ALL:stdafx.obj
 0001:0000181c       ?gc_szHdrImportance@@3QBEB 1000281c     exsmime_ALL:stdafx.obj
 0001:00001828       ?gc_szHdrSupersedes@@3QBEB 10002828     exsmime_ALL:stdafx.obj
 0001:00001834       ?gc_szHdrNewsgroups@@3QBEB 10002834     exsmime_ALL:stdafx.obj
 0001:00001840       ?gc_szHdrNNTPPostingHost@@3QBEB 10002840     exsmime_ALL:stdafx.obj
 0001:00001854       ?gc_szHdrOrganization@@3QBEB 10002854     exsmime_ALL:stdafx.obj
 0001:00001864       ?gc_szHdrPath@@3QBEB       10002864     exsmime_ALL:stdafx.obj
 0001:0000186c       ?gc_szHdrPrecedence@@3QBEB 1000286c     exsmime_ALL:stdafx.obj
 0001:00001878       ?gc_szHdrPriority@@3QBEB   10002878     exsmime_ALL:stdafx.obj
 0001:00001884       ?gc_szHdrReplyBy@@3QBEB    10002884     exsmime_ALL:stdafx.obj
 0001:00001890       ?gc_szHdrReturnReceiptTo@@3QBEB 10002890     exsmime_ALL:stdafx.obj
 0001:000018a4       ?gc_szHdrDispositionNotificationTo@@3QBEB 100028a4     exsmime_ALL:stdafx.obj
 0001:000018c0       ?gc_szHdrRr@@3QBEB         100028c0     exsmime_ALL:stdafx.obj
 0001:000018c4       ?gc_szHdrSensitivity@@3QBEB 100028c4     exsmime_ALL:stdafx.obj
 0001:000018d0       ?gc_szHdrSummary@@3QBEB    100028d0     exsmime_ALL:stdafx.obj
 0001:000018d8       ?gc_szMultiPartMimePrefix@@3QBEB 100028d8     exsmime_ALL:stdafx.obj
 0001:000018e4       ?gc_szMultipartMixed@@3QBEB 100028e4     exsmime_ALL:stdafx.obj
 0001:000018f4       ?gc_szMultipartSigned@@3QBEB 100028f4     exsmime_ALL:stdafx.obj
 0001:00001908       ?gc_szMultipartDigest@@3QBEB 10002908     exsmime_ALL:stdafx.obj
 0001:0000191c       ?gc_szTextPlain@@3QBEB     1000291c     exsmime_ALL:stdafx.obj
 0001:00001928       ?gc_szMessageRfc822@@3QBEB 10002928     exsmime_ALL:stdafx.obj
 0001:00001938       ?gc_szApplicationPkcs7@@3QBEB 10002938     exsmime_ALL:stdafx.obj
 0001:00001950       ?gc_szApplicationXPkcs7@@3QBEB 10002950     exsmime_ALL:stdafx.obj
 0001:0000196c       ?gc_szApplicationPkcs7Sig@@3QBEB 1000296c     exsmime_ALL:stdafx.obj
 0001:00001988       ?gc_szApplicationXPkcs7Sig@@3QBEB 10002988     exsmime_ALL:stdafx.obj
 0001:000019a8       ?gc_szApplicationPgpSig@@3QBEB 100029a8     exsmime_ALL:stdafx.obj
 0001:000019c4       ?gc_szApplicationOctetStream@@3QBEB 100029c4     exsmime_ALL:stdafx.obj
 0001:000019e0       ?gc_szBase64@@3QBEB        100029e0     exsmime_ALL:stdafx.obj
 0001:000019e8       ?gc_szQuotedPrintable@@3QBEB 100029e8     exsmime_ALL:stdafx.obj
 0001:000019fc       ?gc_szXUuencode@@3QBEB     100029fc     exsmime_ALL:stdafx.obj
 0001:00001a08       ?gc_szUue@@3QBEB           10002a08     exsmime_ALL:stdafx.obj
 0001:00001a10       ?gc_szUuencode@@3QBEB      10002a10     exsmime_ALL:stdafx.obj
 0001:00001a1c       ?gc_szXxencode@@3QBEB      10002a1c     exsmime_ALL:stdafx.obj
 0001:00001a28       ?gc_szMacBinary@@3QBEB     10002a28     exsmime_ALL:stdafx.obj
 0001:00001a38       ?gc_szBinary@@3QBEB        10002a38     exsmime_ALL:stdafx.obj
 0001:00001a40       ?gc_sz8Bit@@3QBEB          10002a40     exsmime_ALL:stdafx.obj
 0001:00001a48       ?gc_sz7Bit@@3QBEB          10002a48     exsmime_ALL:stdafx.obj
 0001:00001a50       ?gc_szVersion1@@3QBEB      10002a50     exsmime_ALL:stdafx.obj
 0001:00001a54       ?gc_szAttachment@@3QBEB    10002a54     exsmime_ALL:stdafx.obj
 0001:00001a60       ?gc_szSmimeType@@3QBEB     10002a60     exsmime_ALL:stdafx.obj
 0001:00001a6c       ?gc_szBoundary@@3QBEB      10002a6c     exsmime_ALL:stdafx.obj
 0001:00001a78       ?gc_szBy@@3QBEB            10002a78     exsmime_ALL:stdafx.obj
 0001:00001a7c       ?gc_szVia@@3QBEB           10002a7c     exsmime_ALL:stdafx.obj
 0001:00001a80       ?gc_szWith@@3QBEB          10002a80     exsmime_ALL:stdafx.obj
 0001:00001a88       ?gc_szId@@3QBEB            10002a88     exsmime_ALL:stdafx.obj
 0001:00001a8c       ?gc_szFor@@3QBEB           10002a8c     exsmime_ALL:stdafx.obj
 0001:00001a90       ?gc_szFrom@@3QBEB          10002a90     exsmime_ALL:stdafx.obj
 0001:00001a98       ?gc_szSignedData@@3QBEB    10002a98     exsmime_ALL:stdafx.obj
 0001:00001aa4       ?gc_szSignedReceipt@@3QBEB 10002aa4     exsmime_ALL:stdafx.obj
 0001:00001ab4       ?gc_szMimeVersion@@3QBEB   10002ab4     exsmime_ALL:stdafx.obj
 0001:00001ac8       ?g_szMicAlgSha1@@3QBDB     10002ac8     exsmime_ALL:stdafx.obj
 0001:00001ad0       ?g_szMicAlgMd5@@3QBDB      10002ad0     exsmime_ALL:stdafx.obj
 0001:00001ad4       ?g_szMicAlgSha256@@3QBDB   10002ad4     exsmime_ALL:stdafx.obj
 0001:00001adc       ?g_szMicAlgSha384@@3QBDB   10002adc     exsmime_ALL:stdafx.obj
 0001:00001ae4       ?g_szMicAlgSha512@@3QBDB   10002ae4     exsmime_ALL:stdafx.obj
 0001:00001aec       ?g_szMimeVersion@@3QBDB    10002aec     exsmime_ALL:stdafx.obj
 0001:00001b00       ?g_szCTopaqueSigned1@@3QBDB 10002b00     exsmime_ALL:stdafx.obj
 0001:00001b54       ?g_szCTopaqueSigned2@@3QBDB 10002b54     exsmime_ALL:stdafx.obj
 0001:00001b68       ?g_szCTblobSigned@@3QBDB   10002b68     exsmime_ALL:stdafx.obj
 0001:00001bc0       ?g_szCTsmimeReceipt@@3QBDB 10002bc0     exsmime_ALL:stdafx.obj
 0001:00001c18       ?g_szCTencrypted@@3QBDB    10002c18     exsmime_ALL:stdafx.obj
 0001:00001c70       ?g_szCTEbase64@@3QBDB      10002c70     exsmime_ALL:stdafx.obj
 0001:00001c98       ?g_szSignatureHeaders@@3QBDB 10002c98     exsmime_ALL:stdafx.obj
 0001:00001d00       ?gc_szOIDContentType@@3QBDB 10002d00     exsmime_ALL:stdafx.obj
 0001:00001d08       IID_IRefLine               10002d08     exsmime_ALL:stdafx.obj
 0001:00001d18       ?s_cbBlockSize@CEncryptStream@@1KB 10002d18     exsmime_ALL:stream.obj
 0001:00001d1c       ?s_cbBlockLen@CEncryptStream@@1KB 10002d1c     exsmime_ALL:stream.obj
 0001:00001d20       ?s_cbBuffer@CEncryptStream@@1KB 10002d20     exsmime_ALL:stream.obj
 0001:00001d44       ??_C@_02PCIJFNDE@?$AN?6?$AA@ 10002d44     exsmime_ALL:stream.obj
 0001:00001d48       ??_7?$CComObject@VCLineArray@CMemoryStream@@@ATL@@6B@ 10002d48     exsmime_ALL:stream.obj
 0001:00001d5c       ?_entries@?1??_GetEntries@CLineArray@CMemoryStream@@SAPBU_ATL_INTMAP_ENTRY@ATL@@XZ@4QBU45@B 10002d5c     exsmime_ALL:stream.obj
 0001:00001d68       ??_7?$CComObject@VCChildStream@CVirtualStream@@@ATL@@6B@ 10002d68     exsmime_ALL:stream.obj
 0001:00001da8       ?_entries@?1??_GetEntries@CChildStream@CVirtualStream@@SAPBU_ATL_INTMAP_ENTRY@ATL@@XZ@4QBU45@B 10002da8     exsmime_ALL:stream.obj
 0001:00001dd0       ??_7?$CComObject@VCFileStream@@@ATL@@6B@ 10002dd0     exsmime_ALL:stream.obj
 0001:00001e10       ?_entries@?1??_GetEntries@CFileStream@@SAPBU_ATL_INTMAP_ENTRY@ATL@@XZ@4QBU34@B 10002e10     exsmime_ALL:stream.obj
 0001:00001e38       ??_7?$CComObject@VCPartialStream@@@ATL@@6B@ 10002e38     exsmime_ALL:stream.obj
 0001:00001e78       ?_entries@?1??_GetEntries@CPartialStream@@SAPBU_ATL_INTMAP_ENTRY@ATL@@XZ@4QBU34@B 10002e78     exsmime_ALL:stream.obj
 0001:00001ea0       ??_7?$CComObject@VCLFPartialStream@@@ATL@@6B@ 10002ea0     exsmime_ALL:stream.obj
 0001:00001ee0       ??_7?$CComObject@VCMemoryStream@@@ATL@@6B@ 10002ee0     exsmime_ALL:stream.obj
 0001:00001f24       ?_entries@?1??_GetEntries@CMemoryStream@@SAPBU_ATL_INTMAP_ENTRY@ATL@@XZ@4QBU34@B 10002f24     exsmime_ALL:stream.obj
 0001:00001f48       ??_7?$CComObject@VCNullStream@@@ATL@@6B@ 10002f48     exsmime_ALL:stream.obj
 0001:00001f88       ?_entries@?1??_GetEntries@CNullStream@@SAPBU_ATL_INTMAP_ENTRY@ATL@@XZ@4QBU34@B 10002f88     exsmime_ALL:stream.obj
 0001:00001fac       ??_C@_19FOOPHDOC@?$AAM?$AAI?$AAM?$AAE?$AA?$AA@ 10002fac     exsmime_ALL:stream.obj
 0001:00001fd8       ??_C@_02BAABKJLB@?9?9?$AA@ 10002fd8     exsmime_ALL:smime.obj
 0001:00001fdc       ??_C@_04LOEPKDGL@?$AN?6?9?9?$AA@ 10002fdc     exsmime_ALL:smime.obj
 0001:00001fe4       ??_7?$CComContainedObject@VCSecureAttributes@@@ATL@@6B@ 10002fe4     exsmime_ALL:smime.obj
 0001:0000200c       _GUID_6dd0485b_2c87_4585_a3dd_fc572e8cb26e 1000300c     exsmime_ALL:smime.obj
 0001:0000201c       _GUID_7031c46d_1e58_4180_ac3c_bcd10ccdeb56 1000301c     exsmime_ALL:smime.obj
 0001:00002030       ??_7?$CComObject@VCTeeStream@@@ATL@@6B@ 10003030     exsmime_ALL:smime.obj
 0001:00002070       ?_entries@?1??_GetEntries@CTeeStream@@SAPBU_ATL_INTMAP_ENTRY@ATL@@XZ@4QBU34@B 10003070     exsmime_ALL:smime.obj
 0001:00002094       ??_C@_07GGFAKMJC@?$CC?$AN?6?$AN?6?9?9?$AA@ 10003094     exsmime_ALL:smime.obj
 0001:0000209c       ??_7?$CComPolyObject@VCSecureAttributes@@@ATL@@6B@ 1000309c     exsmime_ALL:smime.obj
 0001:000020ac       ?_entries@?1??_GetEntries@CSecureAttributes@@SAPBU_ATL_INTMAP_ENTRY@ATL@@XZ@4QBU34@B 100030ac     exsmime_ALL:smime.obj
 0001:000020c4       _GUID_9aff8739_a5a8_4811_958f_1233b993dbfa 100030c4     exsmime_ALL:smime.obj
 0001:000020d4       ??_C@_1CK@NPPNFPFD@?$AAc?$AAo?$AAp?$AAy?$AAR?$AAe?$AAc?$AAi?$AAp?$AAi?$AAe?$AAn?$AAt?$AAH?$AAe?$AAa?$AAd?$AAe?$AAr?$AAs?$AA?$AA@ 100030d4     exsmime_ALL:smime.obj
 0001:00002100       _GUID_45465eb8_f1f7_40fd_b141_04b82f4a33e0 10003100     exsmime_ALL:smime.obj
 0001:00002110       _GUID_e88daa41_0ee3_481f_ae76_ed5675f1474f 10003110     exsmime_ALL:smime.obj
 0001:00002160       ??_7?$CComObject@VCStreamShim@@@ATL@@6B@ 10003160     exsmime_ALL:smime.obj
 0001:000021a0       ?_entries@?1??_GetEntries@CStreamShim@@SAPBU_ATL_INTMAP_ENTRY@ATL@@XZ@4QBU34@B 100031a0     exsmime_ALL:smime.obj
 0001:000021c4       ??_C@_1BE@NFKNGDMM@?$AAc?$AAa?$AAc?$AAh?$AAe?$AAm?$AAo?$AAd?$AAe?$AA?$AA@ 100031c4     exsmime_ALL:smime.obj
 0001:000021d8       ??_C@_1BC@DHEAHIAG@?$AAr?$AAe?$AAd?$AAi?$AAr?$AAe?$AAc?$AAt?$AA?$AA@ 100031d8     exsmime_ALL:smime.obj
 0001:0000220c       ??_C@_03CBEGHNOI@?$AN?6?$AA?$AA@ 1000320c     exsmime_ALL:Entity.obj
 0001:00002210       _GUID_84f8551b_83c6_47fd_8bb1_41b7e12b9df9 10003210     exsmime_ALL:Entity.obj
 0001:00002220       ??_7?$CComContainedObject@VCMIMEHeaderFactory@@@ATL@@6B@ 10003220     exsmime_ALL:Entity.obj
 0001:00002238       ??_7?$CComObject@VCInternetRequest@CMimeEntity@@@ATL@@6BIHttpNegotiate@@@ 10003238     exsmime_ALL:Entity.obj
 0001:00002250       ??_7?$CComObject@VCInternetRequest@CMimeEntity@@@ATL@@6BIInternetProtocolSink@@@ 10003250     exsmime_ALL:Entity.obj
 0001:0000226c       ??_7?$CComObject@VCInternetRequest@CMimeEntity@@@ATL@@6BIInternetBindInfo@@@ 1000326c     exsmime_ALL:Entity.obj
 0001:00002280       ??_7?$CComObject@VCInternetRequest@CMimeEntity@@@ATL@@6BIServiceProvider@@@ 10003280     exsmime_ALL:Entity.obj
 0001:00002290       ?_entries@?1??_GetEntries@CInternetRequest@CMimeEntity@@SAPBU_ATL_INTMAP_ENTRY@ATL@@XZ@4QBU45@B 10003290     exsmime_ALL:Entity.obj
 0001:000022cc       _GUID_79eac9d2_baf9_11ce_8c82_00aa004ba90b 100032cc     exsmime_ALL:Entity.obj
 0001:000022dc       _GUID_79eac9e1_baf9_11ce_8c82_00aa004ba90b 100032dc     exsmime_ALL:Entity.obj
 0001:000022ec       _GUID_79eac9e5_baf9_11ce_8c82_00aa004ba90b 100032ec     exsmime_ALL:Entity.obj
 0001:000022fc       _GUID_6d5140c1_7436_11ce_8034_00aa006009fa 100032fc     exsmime_ALL:Entity.obj
 0001:0000230c       ??_C@_1BE@ELJPCDGG@?$AAl?$AAf?$AA?9?$AAs?$AAo?$AAu?$AAr?$AAc?$AAe?$AA?$AA@ 1000330c     exsmime_ALL:Entity.obj
 0001:00002320       ??_7?$CComPolyObject@VCMIMEHeaderFactory@@@ATL@@6B@ 10003320     exsmime_ALL:Entity.obj
 0001:00002330       ?_entries@?1??_GetEntries@CMIMEHeaderFactory@@SAPBU_ATL_INTMAP_ENTRY@ATL@@XZ@4QBU34@B 10003330     exsmime_ALL:Entity.obj
 0001:00002348       ??_7?$CComObject@VCEncryptStreamClassFactory@@@ATL@@6B@ 10003348     exsmime_ALL:Entity.obj
 0001:00002360       ??_C@_04KAODOPGN@?9?9?$AN?6?$AA@ 10003360     exsmime_ALL:Entity.obj
 0001:00002368       ??_C@_1CC@OKHIOICI@?$AAe?$AAn?$AAc?$AAr?$AAy?$AAp?$AAt?$AAu?$AAr?$AAl?$AAs?$AAt?$AAr?$AAe?$AAa?$AAm?$AA?$AA@ 10003368     exsmime_ALL:Entity.obj
 0001:0000238c       ??_C@_1BI@PAMKBBDK@?$AAh?$AAr?$AAe?$AAf?$AAh?$AAe?$AAa?$AAd?$AAe?$AAr?$AAs?$AA?$AA@ 1000338c     exsmime_ALL:Entity.obj
 0001:000023a4       ??_C@_1CE@IFAPAOOL@?$AAa?$AAp?$AAa?$AAr?$AAt?$AAm?$AAe?$AAn?$AAt?$AAt?$AAh?$AAr?$AAe?$AAa?$AAd?$AAe?$AAd?$AA?$AA@ 100033a4     exsmime_ALL:Entity.obj
 0001:000023c8       ??_C@_0L@NAJBKPFC@binhex?4dat?$AA@ 100033c8     exsmime_ALL:Entity.obj
 0001:000023d4       ??_C@_1CI@EBIFOGPN@?$AAb?$AAi?$AAn?$AAh?$AAe?$AAx?$AA?4?$AAd?$AAa?$AAt?$AAa?$AAf?$AAo?$AAr?$AAk?$AAo?$AAn?$AAl?$AAy?$AA?$AA@ 100033d4     exsmime_ALL:Entity.obj
 0001:000023fc       ?c_ulMaskAny@CMailBox@@2KB 100033fc     exsmime_ALL:MailBox.obj
 0001:00002400       ?c_ulMaskRawOnly@CMailBox@@2KB 10003400     exsmime_ALL:MailBox.obj
 0001:00002424       ??_C@_01PPODPGHN@?$DO?$AA@ 10003424     exsmime_ALL:MailBox.obj
 0001:00002428       ??_C@_01MNNFJEPP@?$DM?$AA@ 10003428     exsmime_ALL:MailBox.obj
 0001:0000242c       ??_C@_01CLKCMJKC@?5?$AA@   1000342c     exsmime_ALL:MailBox.obj
 0001:00002430       ??_C@_03PAIEMGKB@?$AN?6?7?$AA@ 10003430     exsmime_ALL:MailBox.obj
 0001:00002434       _GUID_1ca8d717_a594_42f2_9871_0e0d1a61ab5b 10003434     exsmime_ALL:MailBox.obj
 0001:00002448       ??_7?$CComObject@VCPublicKeys@@@ATL@@6BIPublicKeys@@@ 10003448     exsmime_ALL:MailBox.obj
 0001:0000248c       ??_7?$CComObject@VCPublicKeys@@@ATL@@6BIPublicKeysMarshal@@@ 1000348c     exsmime_ALL:MailBox.obj
 0001:000024a4       ?_entries@?1??_GetEntries@CPublicKeys@@SAPBU_ATL_INTMAP_ENTRY@ATL@@XZ@4QBU34@B 100034a4     exsmime_ALL:MailBox.obj
 0001:000024c8       _GUID_54e2c6bc_19a8_4019_b4f3_3219577c1175 100034c8     exsmime_ALL:MailBox.obj
 0001:000024d8       _GUID_54fa5c73_4c4c_4326_8eac_0232bcb590f6 100034d8     exsmime_ALL:MailBox.obj
 0001:000024e8       ?c_ulMaskAny@CFragSubstr@@2KB 100034e8     exsmime_ALL:FragSubstr.obj
 0001:000024f0       ?c_enc_cbBufSize@CMIMEEncoder@@1HB 100034f0     exsmime_ALL:MimeEncEx.obj
 0001:000024f4       ?c_cbMaxLine@CQPEncoder@@0IB 100034f4     exsmime_ALL:MimeEncEx.obj
 0001:000024f8       ?s_rgbCharClasses@CMIMEEncoder@@1QBEB 100034f8     exsmime_ALL:MimeEncEx.obj
 0001:00002578       ?s_rgchHex@CQPEncoder@@2QBDB 10003578     exsmime_ALL:MimeEncEx.obj
 0001:0000258c       ?c_ulForceSplit@CQPEncoder@@0KB 1000358c     exsmime_ALL:MimeEncEx.obj
 0001:00002590       ?c_ulLastWhite@CQPEncoder@@0KB 10003590     exsmime_ALL:MimeEncEx.obj
 0001:00002594       ?c_ulLastCR@CQPEncoder@@0KB 10003594     exsmime_ALL:MimeEncEx.obj
 0001:00002598       ?c_ulLastWhiteCR@CQPEncoder@@0KB 10003598     exsmime_ALL:MimeEncEx.obj
 0001:0000259c       ?c_3_cbInChunkSize@CBase64Encoder@@0HB 1000359c     exsmime_ALL:MimeEncEx.obj
 0001:000025a0       ?c_4_cbOutChunkSize@CBase64Encoder@@0HB 100035a0     exsmime_ALL:MimeEncEx.obj
 0001:000025a4       ?c_4_cbInChunkSize@CBase64Decoder@@0HB 100035a4     exsmime_ALL:MimeEncEx.obj
 0001:000025a8       ?s_rgchEncodeBase64@CBase64Encoder@@2QBDB 100035a8     exsmime_ALL:MimeEncEx.obj
 0001:000025ec       ?c_3_cbOutChunkSize@CBase64Decoder@@0HB 100035ec     exsmime_ALL:MimeEncEx.obj
 0001:000025f0       ?s_rgchDecodeBase64@CBase64Decoder@@2QBDB 100035f0     exsmime_ALL:MimeEncEx.obj
 0001:00002650       ?s_wZero@CBinHexCommon@@1GB 10003650     exsmime_ALL:MimeEncEx.obj
 0001:00002658       ?s_rgbBinHex8to6@CBinHexEncoder@@0QBDB 10003658     exsmime_ALL:MimeEncEx.obj
 0001:0000269c       ?s_szBinhexPrefix@CBinHexEncoder@@0QBDB 1000369c     exsmime_ALL:MimeEncEx.obj
 0001:000026d0       ?s_szBinhexSuffix@CBinHexEncoder@@0QBDB 100036d0     exsmime_ALL:MimeEncEx.obj
 0001:000026d4       ?s_szBinHexStart@CBinHexDecoder@@0QBDB 100036d4     exsmime_ALL:MimeEncEx.obj
 0001:00002700       ?s_rgbDecodeBinHex@CBinHexDecoder@@0QBEB 10003700     exsmime_ALL:MimeEncEx.obj
 0001:00002758       ?s_cbBinHexStart@CBinHexDecoder@@0KB 10003758     exsmime_ALL:MimeEncEx.obj
 0001:0000275c       ?c_cbMaxLine@CUUEncoder@@0HB 1000375c     exsmime_ALL:MimeEncEx.obj
 0001:00002760       ?c_3_cbInChunkSize@CUUEncoder@@0HB 10003760     exsmime_ALL:MimeEncEx.obj
 0001:00002764       ?c_4_cbOutChunkSize@CUUEncoder@@0HB 10003764     exsmime_ALL:MimeEncEx.obj
 0001:00002768       ?c_4_cbInChunkSize@CUUDecoder@@0HB 10003768     exsmime_ALL:MimeEncEx.obj
 0001:0000276c       ?c_3_cbOutChunkSize@CUUDecoder@@0HB 1000376c     exsmime_ALL:MimeEncEx.obj
 0001:00002770       ?c_cbMaxInputLineSize@CUUDecoder@@0HB 10003770     exsmime_ALL:MimeEncEx.obj
 0001:00002798       ??_C@_05HGHFBCBE@end?$AN?6?$AA@ 10003798     exsmime_ALL:MimeEncEx.obj
 0001:000027a0       ??_C@_0L@OPCILPBI@begin?5600?5?$AA@ 100037a0     exsmime_ALL:MimeEncEx.obj
 0001:000027ac       ??_C@_02KNHHEEKP@?5?5?$AA@ 100037ac     exsmime_ALL:MimeEncEx.obj
 0001:000027b0       ??_C@_03JMGAKCCH@END?$AA@  100037b0     exsmime_ALL:MimeEncEx.obj
 0001:000027b4       ??_C@_06NNNMIII@BEGIN?5?$AA@ 100037b4     exsmime_ALL:MimeEncEx.obj
 0001:000027bc       ??_C@_0N@BNFHGPLF@uuencode?4bin?$AA@ 100037bc     exsmime_ALL:MimeEncEx.obj
 0001:000027cc       ?c_nWriteBuff@CMimeReader@@1IB 100037cc     exsmime_ALL:MimeReader.obj
 0001:000027d0       ?c_nMaxChars@CMimeReader@@1IB 100037d0     exsmime_ALL:MimeReader.obj
 0001:000027d4       ?c_nMaxToSniff@CMimeReader@@1IB 100037d4     exsmime_ALL:MimeReader.obj
 0001:000027f8       ??_C@_06JMHCDCPI@begin?5?$AA@ 100037f8     exsmime_ALL:MimeReader.obj
 0001:00002800       _GUID_83121821_3ea9_4d0d_8c9f_77f5a7b1caac 10003800     exsmime_ALL:MimeReader.obj
 0001:00002810       ??_C@_1BK@KAPHCKLB@?$AAC?$AAo?$AAn?$AAt?$AAe?$AAn?$AAt?$AA?5?$AAT?$AAy?$AAp?$AAe?$AA?$AA@ 10003810     exsmime_ALL:MimeReader.obj
 0001:0000282c       ??_C@_0L@NPNLKGOJ@text?1plain?$AA@ 1000382c     exsmime_ALL:MimeReader.obj
 0001:00002838       ??_C@_07PHJGEIEN@?1signed?$AA@ 10003838     exsmime_ALL:MimeReader.obj
 0001:00002840       ??_C@_09FEKOPBOI@multipart?$AA@ 10003840     exsmime_ALL:MimeReader.obj
 0001:0000284c       ??_C@_05DMHLJCFG@end?6?$AN?$AA@ 1000384c     exsmime_ALL:MimeReader.obj
 0001:00002854       ??_C@_03JBJLGPFL@end?$AA@  10003854     exsmime_ALL:MimeReader.obj
 0001:000028c8       ??_C@_0BF@PPMKENNE@1?42?4840?4113549?41?47?41?$AA@ 100038c8     exsmime_ALL:capistm.obj
 0001:000028e0       ??_C@_0BK@MCBOOKEG@1?42?4840?4113549?41?49?416?41?41?$AA@ 100038e0     exsmime_ALL:capistm.obj
 0001:000028fc       ??_C@_0BK@NAKLEFKI@1?42?4840?4113549?41?49?416?42?41?$AA@ 100038fc     exsmime_ALL:capistm.obj
 0001:00002918       ??_C@_0BK@PLIGBGGL@1?42?4840?4113549?41?49?416?42?42?$AA@ 10003918     exsmime_ALL:capistm.obj
 0001:00002934       ??_C@_0BC@NPHIPKH@1?43?46?41?45?45?47?43?44?$AA@ 10003934     exsmime_ALL:capistm.obj
 0001:00002948       ??_C@_0BI@DDHPFOGJ@2?416?4840?41?4101?43?44?41?442?$AA@ 10003948     exsmime_ALL:capistm.obj
 0001:00002960       ??_C@_0BI@DHPCCCNL@2?416?4840?41?4101?43?44?41?422?$AA@ 10003960     exsmime_ALL:capistm.obj
 0001:00002978       ??_C@_0BH@OCMOHKGL@2?416?4840?41?4101?43?44?41?42?$AA@ 10003978     exsmime_ALL:capistm.obj
 0001:00002990       ??_C@_0BH@OJGAOEME@2?416?4840?41?4101?43?44?42?43?$AA@ 10003990     exsmime_ALL:capistm.obj
 0001:000029a8       ??_C@_0BH@PAHLNFIF@2?416?4840?41?4101?43?44?42?42?$AA@ 100039a8     exsmime_ALL:capistm.obj
 0001:000029c0       ??_C@_0BH@NLFGIGEG@2?416?4840?41?4101?43?44?42?41?$AA@ 100039c0     exsmime_ALL:capistm.obj
 0001:000029d8       ??_C@_0BD@GBMKKHCK@1?42?4840?4113549?42?45?$AA@ 100039d8     exsmime_ALL:capistm.obj
 0001:000029ec       ??_C@_0O@GPJKGEMP@1?43?414?43?42?426?$AA@ 100039ec     exsmime_ALL:capistm.obj
 0001:000029fc       ??_C@_0BD@OLEAKCMN@1?42?4840?4113549?43?47?$AA@ 100039fc     exsmime_ALL:capistm.obj
 0001:00002a10       ??_C@_0N@JINOEPAK@1?43?414?43?42?47?$AA@ 10003a10     exsmime_ALL:capistm.obj
 0001:00002a20       ??_C@_0BD@JGDHFGII@1?42?4840?4113549?43?42?$AA@ 10003a20     exsmime_ALL:capistm.obj
 0001:00002a34       ??_C@_0BE@IGLMLKHF@1?42?4840?410045?44?43?44?$AA@ 10003a34     exsmime_ALL:capistm.obj
 0001:00002a48       ??_C@_0BE@MJPNCMLC@1?42?4840?410045?44?43?43?$AA@ 10003a48     exsmime_ALL:capistm.obj
 0001:00002a5c       ??_C@_0BE@NAOGBNPD@1?42?4840?410045?44?43?42?$AA@ 10003a5c     exsmime_ALL:capistm.obj
 0001:00002a70       ??_C@_0BC@DGDGFOKP@1?42?4840?410045?44?41?$AA@ 10003a70     exsmime_ALL:capistm.obj
 0001:00002a84       ??_C@_0BC@BDFNABHD@1?42?4840?410045?42?41?$AA@ 10003a84     exsmime_ALL:capistm.obj
 0001:00002a98       ??_C@_0O@HGIBFFIO@1?43?414?43?42?427?$AA@ 10003a98     exsmime_ALL:capistm.obj
 0001:00002aa8       ??_C@_0O@JLABPJC@1?43?414?43?42?412?$AA@ 10003aa8     exsmime_ALL:capistm.obj
 0001:00002ab8       ??_C@_01KICIPPFI@?2?$AA@   10003ab8     exsmime_ALL:MimeNode.obj
 0001:00002abc       ??_C@_01GPOEFGEJ@?7?$AA@   10003abc     exsmime_ALL:MimeNode.obj
 0001:00002ac0       ??_C@_01BJJEKLCA@?$CC?$AA@ 10003ac0     exsmime_ALL:MimeNode.obj
 0001:00002ac4       ??_7CRefLine@@6B@          10003ac4     exsmime_ALL:RefLine.obj
 0001:00002ae0       ??_C@_0BH@BCDGHAC@1?43?46?41?44?41?4311?416?41?41?$AA@ 10003ae0     exsmime_ALL:SecAttrib.obj
 0001:00002ff8       ?g_map@CHdrContentType@@1QBUPARAMMAP@1@B 10003ff8     exsmime_ALL:HdrCntType.obj
 0001:00003000       ??_C@_01KMDKNFGN@?1?$AA@   10004000     exsmime_ALL:HdrCntType.obj
 0001:00003004       ??_C@_02LMMGGCAJ@?3?5?$AA@ 10004004     exsmime_ALL:HdrCntType.obj
 0001:00003008       _GUID_531ed085_e132_414e_8767_3a80fc6e6a7c 10004008     exsmime_ALL:HdrCntType.obj
 0001:00003018       ?g_map@CMIMEHeaderFactory@@1QBUHEADERMAP@1@B 10004018     exsmime_ALL:HdrFactory.obj
 0001:00003408       ??_7?$CComContainedObject@VCHdrDate@@@ATL@@6BIMIMEHeader@@@ 10004408     exsmime_ALL:HdrFactory.obj
 0001:00003470       ??_7?$CComContainedObject@VCHdrDate@@@ATL@@6BMIMETreeNode@@@ 10004470     exsmime_ALL:HdrFactory.obj
 0001:00003474       ??_7?$CComContainedObject@VCHdrDate@@@ATL@@6BMIMENodeSerialize@@@ 10004474     exsmime_ALL:HdrFactory.obj
 0001:0000347c       ??_7?$CComContainedObject@VCHdrDate@@@ATL@@6BCMimeHeader@@@ 1000447c     exsmime_ALL:HdrFactory.obj
 0001:00003494       ??_7?$CComContainedObject@VCHdrDate@@@ATL@@6BIMIMEDate@@@ 10004494     exsmime_ALL:HdrFactory.obj
 0001:000034a8       ??_7?$CComPolyObject@VCHdrDate@@@ATL@@6B@ 100044a8     exsmime_ALL:HdrFactory.obj
 0001:000034b8       ?_entries@?1??_GetEntries@CHdrDate@@SAPBU_ATL_INTMAP_ENTRY@ATL@@XZ@4QBU34@B 100044b8     exsmime_ALL:HdrFactory.obj
 0001:000034f4       _GUID_1c5cb7d1_f2b4_414a_baf6_cc599c54ce5e 100044f4     exsmime_ALL:HdrFactory.obj
 0001:00003508       ??_7?$CComContainedObject@VCHdrContentType@@@ATL@@6BIMIMEHeader@@@ 10004508     exsmime_ALL:HdrFactory.obj
 0001:0000357c       ??_7?$CComContainedObject@VCHdrContentType@@@ATL@@6BMIMETreeNode@@@ 1000457c     exsmime_ALL:HdrFactory.obj
 0001:00003580       ??_7?$CComContainedObject@VCHdrContentType@@@ATL@@6BMIMENodeSerialize@@@ 10004580     exsmime_ALL:HdrFactory.obj
 0001:00003588       ??_7?$CComContainedObject@VCHdrContentType@@@ATL@@6BCMimeHeader@@@ 10004588     exsmime_ALL:HdrFactory.obj
 0001:000035a0       ??_7?$CComContainedObject@VCHdrContentType@@@ATL@@6BIMIMEParameterFactory@@@ 100045a0     exsmime_ALL:HdrFactory.obj
 0001:000035b8       ??_7?$CComContainedObject@VCHdrContentDisposition@@@ATL@@6BIMIMEHeader@@@ 100045b8     exsmime_ALL:HdrFactory.obj
 0001:0000362c       ??_7?$CComContainedObject@VCHdrContentDisposition@@@ATL@@6BMIMETreeNode@@@ 1000462c     exsmime_ALL:HdrFactory.obj
 0001:00003630       ??_7?$CComContainedObject@VCHdrContentDisposition@@@ATL@@6BMIMENodeSerialize@@@ 10004630     exsmime_ALL:HdrFactory.obj
 0001:00003638       ??_7?$CComContainedObject@VCHdrContentDisposition@@@ATL@@6BCMimeHeader@@@ 10004638     exsmime_ALL:HdrFactory.obj
 0001:00003650       ??_7?$CComContainedObject@VCHdrContentDisposition@@@ATL@@6BIMIMEParameterFactory@@@ 10004650     exsmime_ALL:HdrFactory.obj
 0001:00003668       ??_7?$CComContainedObject@VCHdrAddress@@@ATL@@6BIMIMEHeader@@@ 10004668     exsmime_ALL:HdrFactory.obj
 0001:000036d0       ??_7?$CComContainedObject@VCHdrAddress@@@ATL@@6BMIMETreeNode@@@ 100046d0     exsmime_ALL:HdrFactory.obj
 0001:000036d4       ??_7?$CComContainedObject@VCHdrAddress@@@ATL@@6BMIMENodeSerialize@@@ 100046d4     exsmime_ALL:HdrFactory.obj
 0001:000036dc       ??_7?$CComContainedObject@VCHdrAddress@@@ATL@@6BCMimeHeader@@@ 100046dc     exsmime_ALL:HdrFactory.obj
 0001:000036f4       ??_7?$CComContainedObject@VCHdrAddress@@@ATL@@6BIMIMEAddress@@@ 100046f4     exsmime_ALL:HdrFactory.obj
 0001:00003704       ??_7?$CComContainedObject@VCHdrAddress@@@ATL@@6BIHdrAddressInt@@@ 10004704     exsmime_ALL:HdrFactory.obj
 0001:00003714       ??_7?$CComContainedObject@VCHdrAddress@@@ATL@@6BIClassFactory@@@ 10004714     exsmime_ALL:HdrFactory.obj
 0001:00003728       ??_7?$CComContainedObject@VCHdrReceived@@@ATL@@6BIMIMEHeader@@@ 10004728     exsmime_ALL:HdrFactory.obj
 0001:00003790       ??_7?$CComContainedObject@VCHdrReceived@@@ATL@@6BMIMETreeNode@@@ 10004790     exsmime_ALL:HdrFactory.obj
 0001:00003794       ??_7?$CComContainedObject@VCHdrReceived@@@ATL@@6BMIMENodeSerialize@@@ 10004794     exsmime_ALL:HdrFactory.obj
 0001:0000379c       ??_7?$CComContainedObject@VCHdrReceived@@@ATL@@6BCMimeHeader@@@ 1000479c     exsmime_ALL:HdrFactory.obj
 0001:000037b4       ??_7?$CComContainedObject@VCHdrReceived@@@ATL@@6BIMIMEReceivedHeader@@@ 100047b4     exsmime_ALL:HdrFactory.obj
 0001:000037e0       ??_7?$CComContainedObject@VCMimeHeader@@@ATL@@6BIMIMEHeader@@@ 100047e0     exsmime_ALL:HdrFactory.obj
 0001:00003848       ??_7?$CComContainedObject@VCMimeHeader@@@ATL@@6BMIMETreeNode@@@ 10004848     exsmime_ALL:HdrFactory.obj
 0001:0000384c       ??_7?$CComContainedObject@VCMimeHeader@@@ATL@@6BMIMENodeSerialize@@@ 1000484c     exsmime_ALL:HdrFactory.obj
 0001:00003854       ??_7?$CComContainedObject@VCMimeHeader@@@ATL@@6B@ 10004854     exsmime_ALL:HdrFactory.obj
 0001:0000386c       ??_7?$CComPolyObject@VCHdrContentType@@@ATL@@6B@ 1000486c     exsmime_ALL:HdrFactory.obj
 0001:0000387c       ?_entries@?1??_GetEntries@CHdrContentType@@SAPBU_ATL_INTMAP_ENTRY@ATL@@XZ@4QBU34@B 1000487c     exsmime_ALL:HdrFactory.obj
 0001:000038b8       ??_7?$CComPolyObject@VCHdrContentDisposition@@@ATL@@6B@ 100048b8     exsmime_ALL:HdrFactory.obj
 0001:000038c8       ?_entries@?1??_GetEntries@CHdrContentDisposition@@SAPBU_ATL_INTMAP_ENTRY@ATL@@XZ@4QBU34@B 100048c8     exsmime_ALL:HdrFactory.obj
 0001:00003904       ??_7?$CComPolyObject@VCHdrAddress@@@ATL@@6B@ 10004904     exsmime_ALL:HdrFactory.obj
 0001:00003918       ?_entries@?1??_GetEntries@CHdrAddress@@SAPBU_ATL_INTMAP_ENTRY@ATL@@XZ@4QBU34@B 10004918     exsmime_ALL:HdrFactory.obj
 0001:0000396c       _GUID_67708261_6a1c_4689_b758_dcdbf6aa7dbf 1000496c     exsmime_ALL:HdrFactory.obj
 0001:0000397c       ??_7?$CComPolyObject@VCHdrReceived@@@ATL@@6B@ 1000497c     exsmime_ALL:HdrFactory.obj
 0001:0000398c       ?_entries@?1??_GetEntries@CHdrReceived@@SAPBU_ATL_INTMAP_ENTRY@ATL@@XZ@4QBU34@B 1000498c     exsmime_ALL:HdrFactory.obj
 0001:000039b0       _GUID_227b0222_7bf8_47dd_9fc4_b2c9596969a8 100049b0     exsmime_ALL:HdrFactory.obj
 0001:000039c0       ?_entries@?1??_GetEntries@CMimeHeader@@SAPBU_ATL_INTMAP_ENTRY@ATL@@XZ@4QBU34@B 100049c0     exsmime_ALL:HdrFactory.obj
 0001:000039f0       ??_7?$CComPolyObject@VCMimeHeader@@@ATL@@6B@ 100049f0     exsmime_ALL:HdrFactory.obj
 0001:00003a00       _GUID_3b6b3156_6fd9_4d89_98ab_8328d8fcf456 10004a00     exsmime_ALL:MimeHeader.obj
 0001:00003a10       ??_C@_01ICJEACDI@?$DL?$AA@ 10004a10     exsmime_ALL:MimeHeader.obj
 0001:00003a14       ??_C@_01JLIPDDHJ@?3?$AA@   10004a14     exsmime_ALL:MimeHeader.obj
 0001:00003a18       ??_7?$CComContainedObject@VCMimeParameter@@@ATL@@6BIMIMEParameter@@@ 10004a18     exsmime_ALL:MimeHeader.obj
 0001:00003a80       ??_7?$CComContainedObject@VCMimeParameter@@@ATL@@6BMIMETreeNode@@@ 10004a80     exsmime_ALL:MimeHeader.obj
 0001:00003a84       ??_7?$CComContainedObject@VCMimeParameter@@@ATL@@6BMIMENodeSerialize@@@ 10004a84     exsmime_ALL:MimeHeader.obj
 0001:00003a8c       ??_7?$CComContainedObject@VCMimeParameter@@@ATL@@6B@ 10004a8c     exsmime_ALL:MimeHeader.obj
 0001:00003aa8       ??_7?$CComPolyObject@VCMimeParameter@@@ATL@@6B@ 10004aa8     exsmime_ALL:MimeHeader.obj
 0001:00003ab8       ?_entries@?1??_GetEntries@CMimeParameter@@SAPBU_ATL_INTMAP_ENTRY@ATL@@XZ@4QBU34@B 10004ab8     exsmime_ALL:MimeHeader.obj
 0001:00003ae8       ??_C@_1CK@MGNBEFPL@?$AAC?$AAo?$AAI?$AAn?$AAt?$AAe?$AAr?$AAn?$AAe?$AAt?$AAG?$AAe?$AAt?$AAS?$AAe?$AAs?$AAs?$AAi?$AAo?$AAn?$AA?$AA@ 10004ae8     exsmime_ALL:dllload.obj
 0001:00003b14       ??_C@_1BG@HHHNEHIF@?$AAu?$AAr?$AAl?$AAm?$AAo?$AAn?$AA?4?$AAD?$AAL?$AAL?$AA?$AA@ 10004b14     exsmime_ALL:dllload.obj
 0001:00003b30       ?s_wMCTypeDict@MimeToken@@1QBGB 10004b30     exsmime_ALL:Token.obj
 0001:00003d50       ??_C@_02BMCALKD@?5?0?$AA@  10004d50     exsmime_ALL:HdrAddress.obj
 0001:00003d54       ??_7?$CComPolyObject@VCMailBox@@@ATL@@6B@ 10004d54     exsmime_ALL:HdrAddress.obj
 0001:00003d64       ??_C@_02KEGNLNML@?0?5?$AA@ 10004d64     exsmime_ALL:HdrAddress.obj
 0001:00003d68       ??_C@_0BK@DOENIFEL@1?42?4840?4113549?41?49?416?43?47?$AA@ 10004d68     exsmime_ALL:PublicKeys.obj
 0001:00003d84       ??_C@_0BH@KNIPOMKM@2?416?4840?41?4101?43?44?41?45?$AA@ 10004d84     exsmime_ALL:PublicKeys.obj
 0001:00003d9c       ??_C@_0BI@HILDLEBM@2?416?4840?41?4101?43?44?41?425?$AA@ 10004d9c     exsmime_ALL:PublicKeys.obj
 0001:00003db4       ??_C@_0BI@HMDOMIKO@2?416?4840?41?4101?43?44?41?445?$AA@ 10004db4     exsmime_ALL:PublicKeys.obj
 0001:00003dcc       ??_C@_0BK@CHFGLEAK@1?42?4840?4113549?41?49?416?43?46?$AA@ 10004dcc     exsmime_ALL:PublicKeys.obj
 0001:00003de8       ??_C@_0BG@MAFPGMCM@1?43?4133?416?4840?463?40?42?$AA@ 10004de8     exsmime_ALL:PublicKeys.obj
 0001:00003e00       ??_C@_0BK@MHLOHMJ@1?42?4840?4113549?41?49?416?43?45?$AA@ 10004e00     exsmime_ALL:PublicKeys.obj
 0001:00003e3c       ?g_map@CHdrContentDisposition@@1QBUPARAMMAP@1@B 10004e3c     exsmime_ALL:HdrCntDisp.obj
 0001:00003e44       ??_C@_02HKHGEFOK@x?9?$AA@  10004e44     exsmime_ALL:HdrCntDisp.obj
 0001:00003e47       ??_C@_00CNPNBAHC@?$AA@     10004e47     exsmime_ALL:HdrCntDisp.obj
 0001:00003e48       ??_C@_03MKABNOCG@Dec?$AA@  10004e48     exsmime_ALL:HdrDate.obj
 0001:00003e4c       ??_C@_03JPJOFNIA@Nov?$AA@  10004e4c     exsmime_ALL:HdrDate.obj
 0001:00003e50       ??_C@_03BMAOKBAD@Oct?$AA@  10004e50     exsmime_ALL:HdrDate.obj
 0001:00003e54       ??_C@_03GGCAPAJC@Sep?$AA@  10004e54     exsmime_ALL:HdrDate.obj
 0001:00003e58       ??_C@_03IFJFEIGA@Aug?$AA@  10004e58     exsmime_ALL:HdrDate.obj
 0001:00003e5c       ??_C@_03LBGABGKK@Jul?$AA@  10004e5c     exsmime_ALL:HdrDate.obj
 0001:00003e60       ??_C@_03IDFGHECI@Jun?$AA@  10004e60     exsmime_ALL:HdrDate.obj
 0001:00003e64       ??_C@_03CNMDKL@May?$AA@    10004e64     exsmime_ALL:HdrDate.obj
 0001:00003e68       ??_C@_03LEOLGMJP@Apr?$AA@  10004e68     exsmime_ALL:HdrDate.obj
 0001:00003e6c       ??_C@_03ODNJBKGA@Mar?$AA@  10004e6c     exsmime_ALL:HdrDate.obj
 0001:00003e70       ??_C@_03HJBDCHOM@Feb?$AA@  10004e70     exsmime_ALL:HdrDate.obj
 0001:00003e74       ??_C@_03JIHJHPIE@Jan?$AA@  10004e74     exsmime_ALL:HdrDate.obj
 0001:00003e78       ??_C@_03FEFJNEK@Sat?$AA@   10004e78     exsmime_ALL:HdrDate.obj
 0001:00003e7c       ??_C@_03IDIOELNC@Fri?$AA@  10004e7c     exsmime_ALL:HdrDate.obj
 0001:00003e80       ??_C@_03IOFIKPDN@Thu?$AA@  10004e80     exsmime_ALL:HdrDate.obj
 0001:00003e84       ??_C@_03MHOMLAJA@Wed?$AA@  10004e84     exsmime_ALL:HdrDate.obj
 0001:00003e88       ??_C@_03NAGEINEP@Tue?$AA@  10004e88     exsmime_ALL:HdrDate.obj
 0001:00003e8c       ??_C@_03PDAGKDH@Mon?$AA@   10004e8c     exsmime_ALL:HdrDate.obj
 0001:00003e90       ??_C@_03KOEHGMDN@Sun?$AA@  10004e90     exsmime_ALL:HdrDate.obj
 0001:00003e94       ?c_cbMaxDateLength@CHdrDate@@1HB 10004e94     exsmime_ALL:HdrDate.obj
 0001:00003e98       ?g_Y2KThreshold@CHdrDate@@1HB 10004e98     exsmime_ALL:HdrDate.obj
 0001:00003e9c       ?g_szDays@CHdrDate@@1QBQADB 10004e9c     exsmime_ALL:HdrDate.obj
 0001:00003eb8       ?g_szMonths@CHdrDate@@1QBQADB 10004eb8     exsmime_ALL:HdrDate.obj
 0001:00003ee8       ??_C@_0CK@PCAENHEN@?$CF3s?0?5?$CFd?5?$CF3s?5?$CF4d?5?$CF02d?3?$CF02d?3?$CF02d?5?$CF@ 10004ee8     exsmime_ALL:HdrDate.obj
 0001:00003f14       ?c_szCharset@CMimeParameter@@1QBEB 10004f14     exsmime_ALL:Parameter.obj
 0001:00003f1c       ?c_szBoundary@CMimeParameter@@1QBEB 10004f1c     exsmime_ALL:Parameter.obj
 0001:00003f28       ?c_szFileName@CMimeParameter@@1QBEB 10004f28     exsmime_ALL:Parameter.obj
 0001:00003f34       ?c_szID@CMimeParameter@@1QBEB 10004f34     exsmime_ALL:Parameter.obj
 0001:00003f38       ?c_szName@CMimeParameter@@1QBEB 10004f38     exsmime_ALL:Parameter.obj
 0001:00003f40       ??_C@_04MBBDGHDH@?$DL?$AN?6?7?$AA@ 10004f40     exsmime_ALL:Parameter.obj
 0001:00003f48       ??_C@_01NEMOKFLO@?$DN?$AA@ 10004f48     exsmime_ALL:Parameter.obj
 0001:00003f4c       ??_C@_01NBENCBCI@?$CK?$AA@ 10004f4c     exsmime_ALL:Parameter.obj
 0001:00003f50       GUID_NULL                  10004f50     uuid:dcomuuid.obj
 0001:00003f60       CLSID_StdGlobalInterfaceTable 10004f60     uuid:dcomuuid.obj
 0001:00003f70       IID_IStream                10004f70     uuid:dcomuuid.obj
 0001:00003f80       IID_IUnknown               10004f80     uuid:dcomuuid.obj
 0001:00003f90       IID_IClassFactory          10004f90     uuid:dcomuuid.obj
 0001:00003fa0       IID_IHttpNegotiate         10004fa0     uuid:dcomuuid.obj
 0001:00003fb0       IID_IInternetBindInfo      10004fb0     uuid:ieuuid.obj
 0001:00003fc0       IID_IInternetProtocolSink  10004fc0     uuid:ieuuid.obj
 0001:00003fd0       GUID_ATLVer30              10004fd0     atls:atlbase.obj
 0001:00003fe0       GUID_ATLVer70              10004fe0     atls:atlbase.obj
 0001:00004010       __real@0000000000000000    10005010     atlosapis:relop.obj
 0001:00004018       __real@c124103600000000    10005018     atlosapis:relop.obj
 0001:00004020       __real@4146924100000000    10005020     atlosapis:relop.obj
 0001:00004028       __real@00000000            10005028     atlosapis:relop.obj
 0001:0000402c       __real@3fe0000000000000    1000502c     atlosapis:oleconv.obj
 0001:00004034       __real@40c3880000000000    10005034     atlosapis:oleconv.obj
 0001:0000403c       __real@41f0000000000000    1000503c     atlosapis:oleconv.obj
 0001:00004044       __real@3df0000000000000    10005044     atlosapis:oleconv.obj
 0001:0000404c       __real@c30a36e2eb1c432d    1000504c     atlosapis:oleconv.obj
 0001:00004054       __real@430a36e2eb1c432d    10005054     atlosapis:oleconv.obj
 0001:00004080       ?InlineIsEqualGUID@@YAHABU_GUID@@0@Z 10005080 f i exsmime_ALL:ExSMime.obj
 0001:000040c8       ?ocscpy_s@@YA_NPAGIPBG@Z   100050c8 f i exsmime_ALL:ExSMime.obj
 0001:0000411c       ?AtlThrowImpl@ATL@@YAXJ@Z  1000511c f i exsmime_ALL:ExSMime.obj
 0001:00004148       ?AtlCrtErrorCheck@ATL@@YAHH@Z 10005148 f i exsmime_ALL:ExSMime.obj
 0001:000041a4       ?Init@CComCriticalSection@ATL@@QAAJXZ 100051a4 f i exsmime_ALL:ExSMime.obj
 0001:000041fc       ?AtlHresultFromLastError@ATL@@YAJXZ 100051fc f i exsmime_ALL:ExSMime.obj
 0001:0000421c       ?AtlHresultFromWin32@ATL@@YAJK@Z 1000521c f i exsmime_ALL:ExSMime.obj
 0001:00004234       ?GetRSAProvider@CMIMEModule@@QAAJPAK@Z 10005234 f   exsmime_ALL:ExSMime.obj
 0001:0000432c       ?GetObjectDescription@?$CComCoClass@VSMIME@@$1?CLSID_SMIME@@3U_GUID@@B@ATL@@SAPBGXZ 1000532c f i exsmime_ALL:ExSMime.obj
 0001:00004334       ?GetObjectDescription@?$CComCoClass@VCVirtualStream@@$1?CLSID_VirtualStream@@3U_GUID@@B@ATL@@SAPBGXZ 10005334 f i exsmime_ALL:ExSMime.obj
 0001:0000433c       ?GetObjectDescription@?$CComCoClass@VCEncryptStream@@$1?CLSID_EncryptedVirtualStream@@3U_GUID@@B@ATL@@SAPBGXZ 1000533c f i exsmime_ALL:ExSMime.obj
 0001:00004344       ?GetObjectDescription@?$CComCoClass@VCMimeEntity@@$1?CLSID_MIMEEntity@@3U_GUID@@B@ATL@@SAPBGXZ 10005344 f i exsmime_ALL:ExSMime.obj
 0001:0000434c       ?GetObjectDescription@?$CComCoClass@VCMimeReader@@$1?CLSID_MIMEReader@@3U_GUID@@B@ATL@@SAPBGXZ 1000534c f i exsmime_ALL:ExSMime.obj
 0001:00004354       ?GetObjectDescription@?$CComCoClass@VCMailBox@@$1?CLSID_MIMEMailbox@@3U_GUID@@B@ATL@@SAPBGXZ 10005354 f i exsmime_ALL:ExSMime.obj
 0001:0000435c       ?GetObjectDescription@?$CComCoClass@VCQPEncoder@@$1?CLSID_MIMEQuotedPrintableEncoder@@3U_GUID@@B@ATL@@SAPBGXZ 1000535c f i exsmime_ALL:ExSMime.obj
 0001:00004364       ?GetObjectDescription@?$CComCoClass@VCQPDecoder@@$1?CLSID_MIMEQuotedPrintableDecoder@@3U_GUID@@B@ATL@@SAPBGXZ 10005364 f i exsmime_ALL:ExSMime.obj
 0001:0000436c       ?GetObjectDescription@?$CComCoClass@VCBase64Encoder@@$1?CLSID_MIMEBase64Encoder@@3U_GUID@@B@ATL@@SAPBGXZ 1000536c f i exsmime_ALL:ExSMime.obj
 0001:00004374       ?GetObjectDescription@?$CComCoClass@VCBase64Decoder@@$1?CLSID_MIMEBase64Decoder@@3U_GUID@@B@ATL@@SAPBGXZ 10005374 f i exsmime_ALL:ExSMime.obj
 0001:0000437c       ?GetObjectDescription@?$CComCoClass@VCBinHexEncoder@@$1?CLSID_MIMEBinHexEncoder@@3U_GUID@@B@ATL@@SAPBGXZ 1000537c f i exsmime_ALL:ExSMime.obj
 0001:00004384       ?GetObjectDescription@?$CComCoClass@VCBinHexDecoder@@$1?CLSID_MIMEBinHexDecoder@@3U_GUID@@B@ATL@@SAPBGXZ 10005384 f i exsmime_ALL:ExSMime.obj
 0001:0000438c       ?GetObjectDescription@?$CComCoClass@VCUUEncoder@@$1?CLSID_MIMEUUEncoder@@3U_GUID@@B@ATL@@SAPBGXZ 1000538c f i exsmime_ALL:ExSMime.obj
 0001:00004394       ?GetObjectDescription@?$CComCoClass@VCUUDecoder@@$1?CLSID_MIMEUUDecoder@@3U_GUID@@B@ATL@@SAPBGXZ 10005394 f i exsmime_ALL:ExSMime.obj
 0001:0000439c       ?GetObjectDescription@?$CComCoClass@VCRfc2047Encoder@@$1?CLSID_MIMERfc2047Encoder@@3U_GUID@@B@ATL@@SAPBGXZ 1000539c f i exsmime_ALL:ExSMime.obj
 0001:000043a4       ?GetObjectDescription@?$CComCoClass@VCRfc2047Decoder@@$1?CLSID_MIMERfc2047Decoder@@3U_GUID@@B@ATL@@SAPBGXZ 100053a4 f i exsmime_ALL:ExSMime.obj
 0001:000043ac       ?GetObjectDescription@?$CComCoClass@VCAPIStm@@$1?CLSID_CAPIStm@@3U_GUID@@B@ATL@@SAPBGXZ 100053ac f i exsmime_ALL:ExSMime.obj
 0001:000043b4       ?GetLockCount@CAtlModule@ATL@@UAAJXZ 100053b4 f i exsmime_ALL:ExSMime.obj
 0001:000043bc       ?EscapeSingleQuote@CAtlModule@ATL@@SAXPAGIPBG@Z 100053bc f i exsmime_ALL:ExSMime.obj
 0001:00004418       ?Size@CVirtualStream@@MBA_KXZ 10005418 f i exsmime_ALL:ExSMime.obj
 0001:00004428       ?Create@CRegKey@ATL@@QAAJPAUHKEY__@@PBGPAGKKPAU_SECURITY_ATTRIBUTES@@PAK@Z 10005428 f i exsmime_ALL:ExSMime.obj
 0001:000044c4       ?Open@CRegKey@ATL@@QAAJPAUHKEY__@@PBGK@Z 100054c4 f i exsmime_ALL:ExSMime.obj
 0001:00004530       ?SetStringValue@CRegKey@ATL@@QAAJPBG0K@Z 10005530 f i exsmime_ALL:ExSMime.obj
 0001:00004588       ?SetMultiStringValue@CRegKey@ATL@@QAAJPBG0@Z 10005588 f i exsmime_ALL:ExSMime.obj
 0001:00004600       ??0CParseBuffer@CRegParser@ATL@@QAA@H@Z 10005600 f i exsmime_ALL:ExSMime.obj
 0001:00004658       ?Append@CParseBuffer@CRegParser@ATL@@QAAHPBGH@Z 10005658 f i exsmime_ALL:ExSMime.obj
 0001:0000474c       ??0?$CComObject@VSMIME@@@ATL@@QAA@PAX@Z 1000574c f i exsmime_ALL:ExSMime.obj
 0001:0000479c       ??1?$CComObject@VSMIME@@@ATL@@UAA@XZ 1000579c f i exsmime_ALL:ExSMime.obj
 0001:000047f8       ?Size@CEncryptStream@@MBA_KXZ 100057f8 f i exsmime_ALL:ExSMime.obj
 0001:00004808       ?VTFromRegType@CRegParser@ATL@@KAHPBGAAG@Z 10005808 f i exsmime_ALL:ExSMime.obj
 0001:000048d0       ?ChToByte@CRegParser@ATL@@KAEG@Z 100058d0 f i exsmime_ALL:ExSMime.obj
 0001:00004928       ?HKeyFromString@CRegParser@ATL@@KAPAUHKEY__@@PAG@Z 10005928 f i exsmime_ALL:ExSMime.obj
 0001:00004978       ?StrChrW@CRegParser@ATL@@KAPAGPAGG@Z 10005978 f i exsmime_ALL:ExSMime.obj
 0001:000049c0       ?SkipWhiteSpace@CRegParser@ATL@@IAAXXZ 100059c0 f i exsmime_ALL:ExSMime.obj
 0001:00004a00       ?NextToken@CRegParser@ATL@@IAAJPAG@Z 10005a00 f i exsmime_ALL:ExSMime.obj
 0001:00004b88       ??_G?$CComObject@VSMIME@@@ATL@@UAAPAXI@Z 10005b88 f i exsmime_ALL:ExSMime.obj
 0001:00004b88       ??_E?$CComObject@VSMIME@@@ATL@@UAAPAXI@Z 10005b88 f i exsmime_ALL:ExSMime.obj
 0001:00004bac       ?CanForceRemoveKey@CRegParser@ATL@@IAAHPBG@Z 10005bac f i exsmime_ALL:ExSMime.obj
 0001:00004bf4       ?HasSubKeys@CRegParser@ATL@@IAAHPAUHKEY__@@@Z 10005bf4 f i exsmime_ALL:ExSMime.obj
 0001:00004c70       ?SkipAssignment@CRegParser@ATL@@IAAJPAG@Z 10005c70 f i exsmime_ALL:ExSMime.obj
 0001:00004cfc       ?Revert@?$IStreamImpl@UIStream@@@@UAAJXZ 10005cfc f i exsmime_ALL:ExSMime.obj
 0001:00004d08       ?LockRegion@?$IStreamImpl@UIStream@@@@UAAJT_ULARGE_INTEGER@@0K@Z 10005d08 f i exsmime_ALL:ExSMime.obj
 0001:00004d20       ?UnlockRegion@?$IStreamImpl@UIStream@@@@UAAJT_ULARGE_INTEGER@@0K@Z 10005d20 f i exsmime_ALL:ExSMime.obj
 0001:00004d38       ?Stat@?$IStreamImpl@UIStream@@@@UAAJPAUtagSTATSTG@@K@Z 10005d38 f i exsmime_ALL:ExSMime.obj
 0001:00004de0       ?Init@CComModule@ATL@@QAAJPAU_ATL_OBJMAP_ENTRY30@2@PAUHINSTANCE__@@PBU_GUID@@@Z 10005de0 f i exsmime_ALL:ExSMime.obj
 0001:00004e90       ?AtlInternalQueryInterface@ATL@@YAJPAXPBU_ATL_INTMAP_ENTRY@1@ABU_GUID@@PAPAX@Z 10005e90 f i exsmime_ALL:ExSMime.obj
 0001:00004fbc       ?AtlCallTermFunc@ATL@@YAXPAU_ATL_MODULE70@1@@Z 10005fbc f i exsmime_ALL:ExSMime.obj
 0001:00005014       ?ObjectMain@CComObjectRootBase@ATL@@SAX_N@Z 10006014 f i exsmime_ALL:ExSMime.obj
 0001:00005018       ?RemoveAll@?$CSimpleMap@PAGPAGVCExpansionVectorEqualHelper@ATL@@@ATL@@QAAXXZ 10006018 f i exsmime_ALL:ExSMime.obj
 0001:0000505c       ?Cleanup@?$CTNodePool@UNODEBLOCK@CVPtrList@@UNODE@2@$0BA@@@QAAXXZ 1000605c f i exsmime_ALL:ExSMime.obj
 0001:000050a8       ?FindKey@?$CSimpleMap@PAGPAGVCExpansionVectorEqualHelper@ATL@@@ATL@@QBAHABQAG@Z 100060a8 f i exsmime_ALL:ExSMime.obj
 0001:000050f8       ?FreeHeap@?$CTempBuffer@G$0EAA@VCCRTAllocator@ATL@@@ATL@@AAAXXZ 100060f8 f i exsmime_ALL:ExSMime.obj
 0001:00005100       ?FreeHeap@?$CTempBuffer@G$0BAA@VCCRTAllocator@ATL@@@ATL@@AAAXXZ 10006100 f i exsmime_ALL:ExSMime.obj
 0001:00005108       ?FreeHeap@?$CTempBuffer@E$0BAA@VCCRTAllocator@ATL@@@ATL@@AAAXXZ 10006108 f i exsmime_ALL:ExSMime.obj
 0001:00005110       ?AllocateHeap@?$CTempBuffer@G$0EAA@VCCRTAllocator@ATL@@@ATL@@AAAXI@Z 10006110 f i exsmime_ALL:ExSMime.obj
 0001:0000513c       ?AllocateHeap@?$CTempBuffer@G$0BAA@VCCRTAllocator@ATL@@@ATL@@AAAXI@Z 1000613c f i exsmime_ALL:ExSMime.obj
 0001:00005168       ?AllocateHeap@?$CTempBuffer@E$0BAA@VCCRTAllocator@ATL@@@ATL@@AAAXI@Z 10006168 f i exsmime_ALL:ExSMime.obj
 0001:00005194       ??1SafeSMIMEINFO@@QAA@XZ   10006194 f i exsmime_ALL:ExSMime.obj
 0001:00005264       ?Init@CMIMEModule@@QAAJPAU_ATL_OBJMAP_ENTRY30@ATL@@PAUHINSTANCE__@@PBU_GUID@@@Z 10006264 f   exsmime_ALL:ExSMime.obj
 0001:000052a0       DllCanUnloadNow            100062a0 f   exsmime_ALL:ExSMime.obj
 0001:000052bc       ??1?$CComObject@VCVirtualStream@@@ATL@@UAA@XZ 100062bc f i exsmime_ALL:ExSMime.obj
 0001:000052fc       ?AddRef@?$CComObject@VCVirtualStream@@@ATL@@UAAKXZ 100062fc f i exsmime_ALL:ExSMime.obj
 0001:00005310       ?Release@?$CComObject@VCVirtualStream@@@ATL@@UAAKXZ 10006310 f i exsmime_ALL:ExSMime.obj
 0001:00005348       ?QueryInterface@?$CComObject@VCVirtualStream@@@ATL@@UAAJABU_GUID@@PAPAX@Z 10006348 f i exsmime_ALL:ExSMime.obj
 0001:0000535c       ??_G?$CComObject@VCVirtualStream@@@ATL@@UAAPAXI@Z 1000635c f i exsmime_ALL:ExSMime.obj
 0001:0000535c       ??_E?$CComObject@VCVirtualStream@@@ATL@@UAAPAXI@Z 1000635c f i exsmime_ALL:ExSMime.obj
 0001:00005380       ??0CAtlModule@ATL@@QAA@XZ  10006380 f i exsmime_ALL:ExSMime.obj
 0001:000053e8       ?Term@CAtlModule@ATL@@QAAXXZ 100063e8 f i exsmime_ALL:ExSMime.obj
 0001:0000543c       ?CreateInstance@?$CComCreator@V?$CComObject@VCVirtualStream@@@ATL@@@ATL@@SAJPAXABU_GUID@@PAPAX@Z 1000643c f i exsmime_ALL:ExSMime.obj
 0001:000054ec       ?CreateInstance@?$CComCreator@V?$CComObject@VCEncryptStream@@@ATL@@@ATL@@SAJPAXABU_GUID@@PAPAX@Z 100064ec f i exsmime_ALL:ExSMime.obj
 0001:000055a4       ?RecurseDeleteKey@CRegKey@ATL@@QAAJPBG@Z 100065a4 f i exsmime_ALL:ExSMime.obj
 0001:000056d0       ?ClearReplacements@CExpansionVector@ATL@@QAAJXZ 100066d0 f i exsmime_ALL:ExSMime.obj
 0001:00005770       ?ClearReplacements@CRegObject@ATL@@UAAJXZ 10006770 f i exsmime_ALL:ExSMime.obj
 0001:00005778       ?AddRef@?$CComObject@VSMIME@@@ATL@@UAAKXZ 10006778 f i exsmime_ALL:ExSMime.obj
 0001:00005780       ?Release@?$CComObject@VSMIME@@@ATL@@UAAKXZ 10006780 f i exsmime_ALL:ExSMime.obj
 0001:000057b8       ??1?$CComObject@VCEncryptStream@@@ATL@@UAA@XZ 100067b8 f i exsmime_ALL:ExSMime.obj
 0001:000057f8       ?AddRef@?$CComObject@VCEncryptStream@@@ATL@@UAAKXZ 100067f8 f i exsmime_ALL:ExSMime.obj
 0001:0000580c       ?Release@?$CComObject@VCEncryptStream@@@ATL@@UAAKXZ 1000680c f i exsmime_ALL:ExSMime.obj
 0001:00005844       ?QueryInterface@?$CComObject@VCEncryptStream@@@ATL@@UAAJABU_GUID@@PAPAX@Z 10006844 f i exsmime_ALL:ExSMime.obj
 0001:00005858       ??_G?$CComObject@VCEncryptStream@@@ATL@@UAAPAXI@Z 10006858 f i exsmime_ALL:ExSMime.obj
 0001:00005858       ??_E?$CComObject@VCEncryptStream@@@ATL@@UAAPAXI@Z 10006858 f i exsmime_ALL:ExSMime.obj
 0001:00005884       ?AtlLoadTypeLib@ATL@@YAJPAUHINSTANCE__@@PBGPAPAGPAPAUITypeLib@@@Z 10006884 f i exsmime_ALL:ExSMime.obj
 0001:000059c8       ?Release@?$CComObject@VSMIME@@@ATL@@W3AAKXZ 100069c8 f i exsmime_ALL:ExSMime.obj
 0001:000059d0       ?Release@?$CComObject@VSMIME@@@ATL@@W7AAKXZ 100069d0 f i exsmime_ALL:ExSMime.obj
 0001:000059d8       ?AddRef@?$CComObject@VSMIME@@@ATL@@W3AAKXZ 100069d8 f i exsmime_ALL:ExSMime.obj
 0001:000059e0       ?AddRef@?$CComObject@VSMIME@@@ATL@@W7AAKXZ 100069e0 f i exsmime_ALL:ExSMime.obj
 0001:000059e8       ?Term@CComModule@ATL@@QAAXXZ 100069e8 f i exsmime_ALL:ExSMime.obj
 0001:00005a84       ?Lookup@?$CSimpleMap@PAGPAGVCExpansionVectorEqualHelper@ATL@@@ATL@@QBAPAGABQAG@Z 10006a84 f i exsmime_ALL:ExSMime.obj
 0001:00005ad4       ??1MIMETreeNode@@IAA@XZ    10006ad4 f i exsmime_ALL:ExSMime.obj
 0001:00005b50       ?CreateInstance@CComClassFactory@ATL@@UAAJPAUIUnknown@@ABU_GUID@@PAPAX@Z 10006b50 f i exsmime_ALL:ExSMime.obj
 0001:00005bd4       ?LockServer@CComClassFactory@ATL@@UAAJH@Z 10006bd4 f i exsmime_ALL:ExSMime.obj
 0001:00005c10       ??1CAPIStm@@IAA@XZ         10006c10 f i exsmime_ALL:ExSMime.obj
 0001:00005c58       ?Term@CMIMEModule@@QAAXXZ  10006c58 f   exsmime_ALL:ExSMime.obj
 0001:00005c94       DllMain                    10006c94 f   exsmime_ALL:ExSMime.obj
 0001:00005ce4       ?CreateInstance@?$CComCreator2@V?$CComCreator@V?$CComObject@VCVirtualStream@@@ATL@@@ATL@@V?$CComFailCreator@$0?HPPLPOPA@@2@@ATL@@SAJPAXABU_GUID@@PAPAX@Z 10006ce4 f i exsmime_ALL:ExSMime.obj
 0001:00005d18       ?CreateInstance@?$CComCreator2@V?$CComCreator@V?$CComObject@VCEncryptStream@@@ATL@@@ATL@@V?$CComFailCreator@$0?HPPLPOPA@@2@@ATL@@SAJPAXABU_GUID@@PAPAX@Z 10006d18 f i exsmime_ALL:ExSMime.obj
 0001:00005d4c       ?CreateInstance@?$CComCreator@V?$CComObject@VSMIME@@@ATL@@@ATL@@SAJPAXABU_GUID@@PAPAX@Z 10006d4c f i exsmime_ALL:ExSMime.obj
 0001:00005e30       ?Lock@CAtlModule@ATL@@UAAJXZ 10006e30 f i exsmime_ALL:ExSMime.obj
 0001:00005e38       ?Unlock@CAtlModule@ATL@@UAAJXZ 10006e38 f i exsmime_ALL:ExSMime.obj
 0001:00005e40       ?GetGITPtr@CAtlModule@ATL@@UAAJPAPAUIGlobalInterfaceTable@@@Z 10006e40 f i exsmime_ALL:ExSMime.obj
 0001:00005ebc       ?UpdateRegistryFromResourceD@CComModule@ATL@@UAAJPBGHPAU_ATL_REGMAP_ENTRY@2@@Z 10006ebc f i exsmime_ALL:ExSMime.obj
 0001:00005ec8       ?UpdateRegistryFromResourceD@CComModule@ATL@@UAAJIHPAU_ATL_REGMAP_ENTRY@2@@Z 10006ec8 f i exsmime_ALL:ExSMime.obj
 0001:00005ed4       ?AddCommonRGSReplacements@?$CAtlModuleT@VCComModule@ATL@@@ATL@@UAAJPAUIRegistrarBase@@@Z 10006ed4 f i exsmime_ALL:ExSMime.obj
 0001:00005efc       ??_ECComModule@ATL@@UAAPAXI@Z 10006efc f i exsmime_ALL:ExSMime.obj
 0001:00005efc       ??_GCComModule@ATL@@UAAPAXI@Z 10006efc f i exsmime_ALL:ExSMime.obj
 0001:00005f2c       ?QueryInterface@CRegObject@ATL@@UAAJABU_GUID@@PAPAX@Z 10006f2c f i exsmime_ALL:ExSMime.obj
 0001:00005f38       ?AddRef@CRegObject@ATL@@UAAKXZ 10006f38 f i exsmime_ALL:ExSMime.obj
 0001:00005f40       ?Release@CRegObject@ATL@@UAAKXZ 10006f40 f i exsmime_ALL:ExSMime.obj
 0001:00005f48       ??_ECRegObject@ATL@@UAAPAXI@Z 10006f48 f i exsmime_ALL:ExSMime.obj
 0001:00005f48       ??_GCRegObject@ATL@@UAAPAXI@Z 10006f48 f i exsmime_ALL:ExSMime.obj
 0001:00005f90       ?Size@CAPIStm@@MBA_KXZ     10006f90 f i exsmime_ALL:ExSMime.obj
 0001:00005f9c       ?Seek@?$IStreamImpl@UICAPIStm@@@@UAAJT_LARGE_INTEGER@@KPAT_ULARGE_INTEGER@@@Z 10006f9c f i exsmime_ALL:ExSMime.obj
 0001:00005fb4       ?Revert@?$IStreamImpl@UICAPIStm@@@@UAAJXZ 10006fb4 f i exsmime_ALL:ExSMime.obj
 0001:00005fc0       ?LockRegion@?$IStreamImpl@UICAPIStm@@@@UAAJT_ULARGE_INTEGER@@0K@Z 10006fc0 f i exsmime_ALL:ExSMime.obj
 0001:00005fd8       ?UnlockRegion@?$IStreamImpl@UICAPIStm@@@@UAAJT_ULARGE_INTEGER@@0K@Z 10006fd8 f i exsmime_ALL:ExSMime.obj
 0001:00005ff0       ?Stat@?$IStreamImpl@UICAPIStm@@@@UAAJPAUtagSTATSTG@@K@Z 10006ff0 f i exsmime_ALL:ExSMime.obj
 0001:00006098       ?Clone@?$IStreamImpl@UICAPIStm@@@@UAAJPAPAUIStream@@@Z 10007098 f i exsmime_ALL:ExSMime.obj
 0001:000060b8       ?AddRef@?$CComObject@VCAPIStm@@@ATL@@UAAKXZ 100070b8 f i exsmime_ALL:ExSMime.obj
 0001:000060c0       ?Release@?$CComObject@VCAPIStm@@@ATL@@UAAKXZ 100070c0 f i exsmime_ALL:ExSMime.obj
 0001:000060f8       ?QueryInterface@?$CComObject@VCAPIStm@@@ATL@@UAAJABU_GUID@@PAPAX@Z 100070f8 f i exsmime_ALL:ExSMime.obj
 0001:0000610c       ??1?$CComObject@VCAPIStm@@@ATL@@UAA@XZ 1000710c f i exsmime_ALL:ExSMime.obj
 0001:00006150       ?QueryInterface@?$CComObject@VSMIME@@@ATL@@UAAJABU_GUID@@PAPAX@Z 10007150 f i exsmime_ALL:ExSMime.obj
 0001:00006164       ??1CBase64Encoder@@QAA@XZ  10007164 f i exsmime_ALL:ExSMime.obj
 0001:000061a8       ??1CBase64Decoder@@QAA@XZ  100071a8 f i exsmime_ALL:ExSMime.obj
 0001:000061ec       ??1CQPEncoder@@QAA@XZ      100071ec f i exsmime_ALL:ExSMime.obj
 0001:00006230       ??1CQPDecoder@@QAA@XZ      10007230 f i exsmime_ALL:ExSMime.obj
 0001:00006274       ??1CBinHexEncoder@@QAA@XZ  10007274 f i exsmime_ALL:ExSMime.obj
 0001:000062b8       ??1CBinHexDecoder@@QAA@XZ  100072b8 f i exsmime_ALL:ExSMime.obj
 0001:000062fc       ??1CUUEncoder@@QAA@XZ      100072fc f i exsmime_ALL:ExSMime.obj
 0001:00006340       ??1CUUDecoder@@QAA@XZ      10007340 f i exsmime_ALL:ExSMime.obj
 0001:00006384       ??1CRfc2047Encoder@@QAA@XZ 10007384 f i exsmime_ALL:ExSMime.obj
 0001:000063c8       ??1CRfc2047Decoder@@QAA@XZ 100073c8 f i exsmime_ALL:ExSMime.obj
 0001:0000640c       ??_E?$CComObject@VCAPIStm@@@ATL@@UAAPAXI@Z 1000740c f i exsmime_ALL:ExSMime.obj
 0001:0000640c       ??_G?$CComObject@VCAPIStm@@@ATL@@UAAPAXI@Z 1000740c f i exsmime_ALL:ExSMime.obj
 0001:00006438       ?PreProcessBuffer@CRegParser@ATL@@QAAJPAGPAPAG@Z 10007438 f i exsmime_ALL:ExSMime.obj
 0001:00006798       ?Read@?$IStreamImpl@UICAPIStm@@@@UAAJPAXKPAK@Z 10007798 f i exsmime_ALL:ExSMime.obj
 0001:000067f8       ?SetSize@?$IStreamImpl@UICAPIStm@@@@UAAJT_ULARGE_INTEGER@@@Z 100077f8 f i exsmime_ALL:ExSMime.obj
 0001:00006838       ?CopyTo@?$IStreamImpl@UICAPIStm@@@@UAAJPAUIStream@@T_ULARGE_INTEGER@@PAT3@2@Z 10007838 f i exsmime_ALL:ExSMime.obj
 0001:00006a4c       ?AtlRegisterTypeLib@ATL@@YAJPAUHINSTANCE__@@PBG@Z 10007a4c f i exsmime_ALL:ExSMime.obj
 0001:00006bf0       ?AtlComModuleRegisterServer@ATL@@YAJPAU_ATL_COM_MODULE70@1@HPBU_GUID@@@Z 10007bf0 f i exsmime_ALL:ExSMime.obj
 0001:00006c9c       ?QueryInterface@?$CComObject@VSMIME@@@ATL@@W3AAJABU_GUID@@PAPAX@Z 10007c9c f i exsmime_ALL:ExSMime.obj
 0001:00006ca4       ?QueryInterface@?$CComObject@VSMIME@@@ATL@@W7AAJABU_GUID@@PAPAX@Z 10007ca4 f i exsmime_ALL:ExSMime.obj
 0001:00006cac       ?UnregisterServer@CComModule@ATL@@QAAJHPBU_GUID@@@Z 10007cac f i exsmime_ALL:ExSMime.obj
 0001:00006d54       ?AtlComModuleGetClassObject@ATL@@YAJPAU_ATL_COM_MODULE70@1@ABU_GUID@@1PAPAX@Z 10007d54 f i exsmime_ALL:ExSMime.obj
 0001:00006e88       ??0CMIMEModule@@QAA@XZ     10007e88 f i exsmime_ALL:ExSMime.obj
 0001:00006ed0       ??_GCComClassFactory@ATL@@UAAPAXI@Z 10007ed0 f i exsmime_ALL:ExSMime.obj
 0001:00006ed0       ??_ECComClassFactory@ATL@@UAAPAXI@Z 10007ed0 f i exsmime_ALL:ExSMime.obj
 0001:00006f10       ?Add@?$CSimpleMap@PAGPAGVCExpansionVectorEqualHelper@ATL@@@ATL@@QAAHABQAG0@Z 10007f10 f i exsmime_ALL:ExSMime.obj
 0001:00006fa0       ?Allocate@?$CTempBuffer@G$0EAA@VCCRTAllocator@ATL@@@ATL@@QAAPAGI@Z 10007fa0 f i exsmime_ALL:ExSMime.obj
 0001:00007000       ?Allocate@?$CTempBuffer@G$0BAA@VCCRTAllocator@ATL@@@ATL@@QAAPAGI@Z 10008000 f i exsmime_ALL:ExSMime.obj
 0001:00007060       ?Allocate@?$CTempBuffer@E$0BAA@VCCRTAllocator@ATL@@@ATL@@QAAPAEI@Z 10008060 f i exsmime_ALL:ExSMime.obj
 0001:000070b8       ??1?$CTBucketHash@PBGPAVCAttribute@@@@QAA@XZ 100080b8 f i exsmime_ALL:ExSMime.obj
 0001:000070e8       ?RemoveAll@?$CTBucketHash@PBGPAVCAttribute@@@@QAAKP6AXABQBGABQAVCAttribute@@K@ZK@Z 100080e8 f i exsmime_ALL:ExSMime.obj
 0001:00007204       ?CreateInstance@?$CComObject@VCVirtualStream@@@ATL@@SAJPAPAV12@@Z 10008204 f i exsmime_ALL:ExSMime.obj
 0001:00007284       ?CreateInstance@CEncryptStreamClassFactory@@UAAJPAUIUnknown@@ABU_GUID@@PAPAX@Z 10008284 f i exsmime_ALL:ExSMime.obj
 0001:000073d4       ??1CMimeReader@@IAA@XZ     100083d4 f i exsmime_ALL:ExSMime.obj
 0001:000074fc       DllUnregisterServer        100084fc f   exsmime_ALL:ExSMime.obj
[...]
 0001:000403cc       VarR8FromStr               100413cc f   oleaut32:OLEAUT32.dll
 0001:000403dc       VariantChangeTypeEx        100413dc f   oleaut32:OLEAUT32.dll
 0001:000403ec       VarDecFromI4               100413ec f   oleaut32:OLEAUT32.dll
 0001:000403fc       VarDecFromCy               100413fc f   oleaut32:OLEAUT32.dll
 0001:0004040c       VarCyFromI4                1004140c f   oleaut32:OLEAUT32.dll
 0001:0004041c       VarCyFromUI1               1004141c f   oleaut32:OLEAUT32.dll
 0001:0004042c       VarCyFromI2                1004142c f   oleaut32:OLEAUT32.dll
 0001:0004043c       InterlockedCompareExchange 1004143c f   coredll:COREDLL.dll
 0001:0004044c       InterlockedExchange        1004144c f   coredll:COREDLL.dll
 0001:0004045c       TerminateProcess           1004145c f   coredll:COREDLL.dll
 0001:000405c4       __pobjMapEntryFirst        100415c4     exsmime_ALL:stdafx.obj
 0001:000405c8       __pobjMapEntryLast         100415c8     exsmime_ALL:stdafx.obj
 0001:000405cc       __IMPORT_DESCRIPTOR_ossvcs 100415cc     ossvcs:ossvcs.dll
 0001:000405e0       __IMPORT_DESCRIPTOR_ole32  100415e0     ole32:ole32.dll
 0001:000405f4       __IMPORT_DESCRIPTOR_OLEAUT32 100415f4     oleaut32:OLEAUT32.dll
 0001:00040608       __IMPORT_DESCRIPTOR_shlwapi 10041608     shlwapi:shlwapi.dll
 0001:0004061c       __IMPORT_DESCRIPTOR_CRYPT32 1004161c     crypt32:CRYPT32.dll
 0001:00040630       __IMPORT_DESCRIPTOR_COREDLL 10041630     coredll:COREDLL.dll
 0001:00040644       __NULL_IMPORT_DESCRIPTOR   10041644     ossvcs:ossvcs.dll
 0002:00000000       __imp_LoadResource         10042000     coredll:COREDLL.dll
 0002:00000004       __imp_InterlockedExchange  10042004     coredll:COREDLL.dll
 0002:00000008       __imp_InterlockedCompareExchange 10042008     coredll:COREDLL.dll
 0002:0000000c       __imp__msize               1004200c     corelib1:COREDLL.dll
 0002:00000010       __imp_realloc              10042010     corelib1:COREDLL.dll
 0002:00000014       __imp___report_gsfailure   10042014     corelib1:COREDLL.dll
 0002:00000018       __imp___security_gen_cookie2 10042018     corelib1:COREDLL.dll
 0002:0000001c       __imp__XcptFilter          1004201c     corelib1:COREDLL.dll
 0002:00000020       __imp___rt_udiv64by64      10042020     corelib1:COREDLL.dll
 0002:00000024       __imp___rt_urem64by64      10042024     corelib1:COREDLL.dll
 0002:00000028       __imp__clearfp             10042028     corelib1:COREDLL.dll
 0002:0000002c       __imp__ultoa_s             1004202c     corelib1:COREDLL.dll
 0002:00000030       __imp__snprintf_s          10042030     corelib1:COREDLL.dll
 0002:00000034       __imp_strchr               10042034     corelib1:COREDLL.dll
 0002:00000038       __imp_strcpy_s             10042038     corelib1:COREDLL.dll
 0002:0000003c       __imp_memcpy               1004203c     corelib1:COREDLL.dll
 0002:00000040       __imp_memchr               10042040     corelib1:COREDLL.dll
 0002:00000044       __imp_strlen               10042044     corelib1:COREDLL.dll
 0002:00000048       __imp___rt_udiv            10042048     corelib1:COREDLL.dll
 0002:0000004c       __imp__recalloc            1004204c     corelib1:COREDLL.dll
 0002:00000050       __imp__purecall            10042050     corelib1:COREDLL.dll
 0002:00000054       __imp_??2@YAPAXI@Z         10042054     corelib1:COREDLL.dll
 0002:00000058       __imp_??3@YAXPAX@Z         10042058     corelib1:COREDLL.dll
 0002:0000005c       __imp___C_specific_handler 1004205c     corelib1:COREDLL.dll
 0002:00000060       __imp_memset               10042060     corelib1:COREDLL.dll
 0002:00000064       __imp_wcsncpy_s            10042064     corelib1:COREDLL.dll
 0002:00000068       __imp_wcscpy_s             10042068     corelib1:COREDLL.dll
 0002:0000006c       __imp_memcpy_s             1004206c     corelib1:COREDLL.dll
 0002:00000070       __imp_free                 10042070     corelib1:COREDLL.dll
 0002:00000074       __imp_malloc               10042074     corelib1:COREDLL.dll
 0002:00000078       __imp_memcmp               10042078     corelib1:COREDLL.dll
 0002:0000007c       __imp_wcslen               1004207c     corelib1:COREDLL.dll
 0002:00000080       __imp_wcsstr               10042080     corelib1:COREDLL.dll
 0002:00000084       __imp_FileTimeToLocalFileTime 10042084     coredll:COREDLL.dll
 0002:00000088       __imp_FileTimeToSystemTime 10042088     coredll:COREDLL.dll
 0002:0000008c       __imp_GetTimeZoneInformation 1004208c     coredll:COREDLL.dll
 0002:00000090       __imp_LoadLibraryW         10042090     coredll:COREDLL.dll
 0002:00000094       __imp_SetLastError         10042094     coredll:COREDLL.dll
 0002:00000098       __imp_GetSystemTime        10042098     coredll:COREDLL.dll
 0002:0000009c       __imp_SystemTimeToFileTime 1004209c     coredll:COREDLL.dll
 0002:000000a0       __imp_RegQueryValueExW     100420a0     coredll:COREDLL.dll
 0002:000000a4       __imp_WideCharToMultiByte  100420a4     coredll:COREDLL.dll
 0002:000000a8       __imp_IsDBCSLeadByteEx     100420a8     coredll:COREDLL.dll
 0002:000000ac       __imp_CompareStringW       100420ac     coredll:COREDLL.dll
 0002:000000b0       __imp_GetSystemInfo        100420b0     coredll:COREDLL.dll
 0002:000000b4       __imp_GetTempPathW         100420b4     coredll:COREDLL.dll
 0002:000000b8       __imp_RaiseException       100420b8     coredll:COREDLL.dll
 0002:000000bc       __imp_EnterCriticalSection 100420bc     coredll:COREDLL.dll
 0002:000000c0       __imp_LeaveCriticalSection 100420c0     coredll:COREDLL.dll
 0002:000000c4       __imp_InitializeCriticalSection 100420c4     coredll:COREDLL.dll
 0002:000000c8       __imp_DeleteCriticalSection 100420c8     coredll:COREDLL.dll
 0002:000000cc       __imp_GetLastError         100420cc     coredll:COREDLL.dll
 0002:000000d0       __imp_CryptContextAddRef   100420d0     coredll:COREDLL.dll
 0002:000000d4       __imp_CryptAcquireContextW 100420d4     coredll:COREDLL.dll
 0002:000000d8       __imp_InterlockedIncrement 100420d8     coredll:COREDLL.dll
 0002:000000dc       __imp_InterlockedDecrement 100420dc     coredll:COREDLL.dll
 0002:000000e0       __imp_RegDeleteKeyW        100420e0     coredll:COREDLL.dll
 0002:000000e4       __imp_RegDeleteValueW      100420e4     coredll:COREDLL.dll
 0002:000000e8       __imp_RegCloseKey          100420e8     coredll:COREDLL.dll
 0002:000000ec       __imp_RegCreateKeyExW      100420ec     coredll:COREDLL.dll
 0002:000000f0       __imp_RegOpenKeyExW        100420f0     coredll:COREDLL.dll
 0002:000000f4       __imp_RegSetValueExW       100420f4     coredll:COREDLL.dll
 0002:000000f8       __imp_lstrcmpiW            100420f8     coredll:COREDLL.dll
 0002:000000fc       __imp_CharNextW            100420fc     coredll:COREDLL.dll
 0002:00000100       __imp_RegQueryInfoKeyW     10042100     coredll:COREDLL.dll
 0002:00000104       __imp_HeapFree             10042104     coredll:COREDLL.dll
 0002:00000108       __imp_GetProcessHeap       10042108     coredll:COREDLL.dll
 0002:0000010c       __imp_CryptReleaseContext  1004210c     coredll:COREDLL.dll
 0002:00000110       __imp_RegEnumKeyExW        10042110     coredll:COREDLL.dll
 0002:00000114       __imp_GetModuleFileNameW   10042114     coredll:COREDLL.dll
 0002:00000118       __imp_DisableThreadLibraryCalls 10042118     coredll:COREDLL.dll
 0002:0000011c       __imp_GetProcAddressW      1004211c     coredll:COREDLL.dll
 0002:00000120       __imp_GetModuleHandleW     10042120     coredll:COREDLL.dll
 0002:00000124       __imp_FreeLibrary          10042124     coredll:COREDLL.dll
 0002:00000128       __imp_MultiByteToWideChar  10042128     coredll:COREDLL.dll
 0002:0000012c       __imp_SizeofResource       1004212c     coredll:COREDLL.dll
 0002:00000130       __imp_TerminateProcess     10042130     coredll:COREDLL.dll
 0002:00000134       __imp_FindResourceW        10042134     coredll:COREDLL.dll
 0002:00000138       __imp_LoadLibraryExW       10042138     coredll:COREDLL.dll
 0002:0000013c       __imp_HeapAlloc            1004213c     coredll:COREDLL.dll
 0002:00000140       __imp_SetFilePointer       10042140     coredll:COREDLL.dll
 0002:00000144       __imp_GetFileInformationByHandle 10042144     coredll:COREDLL.dll
 0002:00000148       __imp_CryptDuplicateKey    10042148     coredll:COREDLL.dll
 0002:0000014c       __imp_CryptDestroyKey      1004214c     coredll:COREDLL.dll
 0002:00000150       __imp_DeleteFileW          10042150     coredll:COREDLL.dll
 0002:00000154       __imp_CloseHandle          10042154     coredll:COREDLL.dll
 0002:00000158       __imp_CryptSetKeyParam     10042158     coredll:COREDLL.dll
 0002:0000015c       __imp_CryptGenRandom       1004215c     coredll:COREDLL.dll
 0002:00000160       __imp_CryptGenKey          10042160     coredll:COREDLL.dll
 0002:00000164       __imp_ReadFile             10042164     coredll:COREDLL.dll
 0002:00000168       __imp_WriteFile            10042168     coredll:COREDLL.dll
 0002:0000016c       __imp_SetEndOfFile         1004216c     coredll:COREDLL.dll
 0002:00000170       __imp_FlushFileBuffers     10042170     coredll:COREDLL.dll
 0002:00000174       __imp_CryptDecrypt         10042174     coredll:COREDLL.dll
 0002:00000178       __imp_CryptEncrypt         10042178     coredll:COREDLL.dll
 0002:0000017c       __imp_CreateFileW          1004217c     coredll:COREDLL.dll
 0002:00000180       __imp_GetTempFileNameW     10042180     coredll:COREDLL.dll
 0002:00000184       \177COREDLL_NULL_THUNK_DATA 10042184     coredll:COREDLL.dll
 0002:00000188       __imp_CryptEncodeObjectEx  10042188     crypt32:CRYPT32.dll
 0002:0000018c       __imp_CryptMsgOpenToDecode 1004218c     crypt32:CRYPT32.dll
 0002:00000190       __imp_CryptMsgOpenToEncode 10042190     crypt32:CRYPT32.dll
 0002:00000194       __imp_CryptAcquireCertificatePrivateKey 10042194     crypt32:CRYPT32.dll
 0002:00000198       __imp_CryptMsgUpdate       10042198     crypt32:CRYPT32.dll
 0002:0000019c       __imp_CryptFindOIDInfo     1004219c     crypt32:CRYPT32.dll
 0002:000001a0       __imp_CryptDecodeObjectEx  100421a0     crypt32:CRYPT32.dll
 0002:000001a4       __imp_CryptMsgGetParam     100421a4     crypt32:CRYPT32.dll
 0002:000001a8       __imp_CertOpenStore        100421a8     crypt32:CRYPT32.dll
 0002:000001ac       __imp_CertDuplicateStore   100421ac     crypt32:CRYPT32.dll
 0002:000001b0       __imp_CertFindCertificateInStore 100421b0     crypt32:CRYPT32.dll
 0002:000001b4       __imp_CertGetCertificateChain 100421b4     crypt32:CRYPT32.dll
 0002:000001b8       __imp_CertAddCertificateContextToStore 100421b8     crypt32:CRYPT32.dll
 0002:000001bc       __imp_CertFreeCertificateChain 100421bc     crypt32:CRYPT32.dll
 0002:000001c0       __imp_CertCreateCertificateContext 100421c0     crypt32:CRYPT32.dll
 0002:000001c4       __imp_CertDuplicateCertificateContext 100421c4     crypt32:CRYPT32.dll
 0002:000001c8       __imp_CryptMsgControl      100421c8     crypt32:CRYPT32.dll
 0002:000001cc       __imp_CertVerifyTimeValidity 100421cc     crypt32:CRYPT32.dll
 0002:000001d0       __imp_CryptMsgClose        100421d0     crypt32:CRYPT32.dll
 0002:000001d4       __imp_CertFreeCertificateContext 100421d4     crypt32:CRYPT32.dll
 0002:000001d8       __imp_CertCloseStore       100421d8     crypt32:CRYPT32.dll
 0002:000001dc       \177CRYPT32_NULL_THUNK_DATA 100421dc     crypt32:CRYPT32.dll
 0002:000001e0       __imp_VarCyFromI2          100421e0     oleaut32:OLEAUT32.dll
 0002:000001e4       __imp_VarCyFromUI1         100421e4     oleaut32:OLEAUT32.dll
 0002:000001e8       __imp_VarCyFromI4          100421e8     oleaut32:OLEAUT32.dll
 0002:000001ec       __imp_VarDecFromCy         100421ec     oleaut32:OLEAUT32.dll
 0002:000001f0       __imp_VarDecFromI4         100421f0     oleaut32:OLEAUT32.dll
 0002:000001f4       __imp_VariantChangeTypeEx  100421f4     oleaut32:OLEAUT32.dll
 0002:000001f8       __imp_VariantChangeType    100421f8     oleaut32:OLEAUT32.dll
 0002:000001fc       __imp_VariantCopy          100421fc     oleaut32:OLEAUT32.dll
 0002:00000200       __imp_VariantClear         10042200     oleaut32:OLEAUT32.dll
 0002:00000204       __imp_VariantInit          10042204     oleaut32:OLEAUT32.dll
 0002:00000208       __imp_VarUI4FromStr        10042208     oleaut32:OLEAUT32.dll
 0002:0000020c       __imp_RegisterTypeLib      1004220c     oleaut32:OLEAUT32.dll
 0002:00000210       __imp_LoadTypeLib          10042210     oleaut32:OLEAUT32.dll
 0002:00000214       __imp_SysAllocString       10042214     oleaut32:OLEAUT32.dll
 0002:00000218       __imp_SysFreeString        10042218     oleaut32:OLEAUT32.dll
 0002:0000021c       __imp_SysStringLen         1004221c     oleaut32:OLEAUT32.dll
 0002:00000220       __imp_VarR8FromStr         10042220     oleaut32:OLEAUT32.dll
 0002:00000224       __imp_VarDecFromR8         10042224     oleaut32:OLEAUT32.dll
 0002:00000228       \177OLEAUT32_NULL_THUNK_DATA 10042228     oleaut32:OLEAUT32.dll
 0002:0000022c       __imp_StringFromGUID2      1004222c     ole32:ole32.dll
 0002:00000230       __imp_CreateBindCtx        10042230     ole32:ole32.dll
 0002:00000234       __imp_CoCreateInstance     10042234     ole32:ole32.dll
 0002:00000238       __imp_CoTaskMemFree        10042238     ole32:ole32.dll
 0002:0000023c       __imp_CoTaskMemRealloc     1004223c     ole32:ole32.dll
 0002:00000240       __imp_CoCreateGuid         10042240     ole32:ole32.dll
 0002:00000244       __imp_CoTaskMemAlloc       10042244     ole32:ole32.dll
 0002:00000248       \177ole32_NULL_THUNK_DATA  10042248     ole32:ole32.dll
 0002:0000024c       __imp_StrCmpNA             1004224c     ossvcs:ossvcs.dll
 0002:00000250       \177ossvcs_NULL_THUNK_DATA 10042250     ossvcs:ossvcs.dll
 0002:00000254       __imp_StrCmpNIA            10042254     shlwapi:shlwapi.dll
 0002:00000258       __imp_PathIsURLW           10042258     shlwapi:shlwapi.dll
 0002:0000025c       __imp_UrlIsW               1004225c     shlwapi:shlwapi.dll
 0002:00000260       __imp_PathCreateFromUrlW   10042260     shlwapi:shlwapi.dll
 0002:00000264       __imp_RegOpenKeyExA        10042264     shlwapi:shlwapi.dll
 0002:00000268       \177shlwapi_NULL_THUNK_DATA 10042268     shlwapi:shlwapi.dll
 0002:000004b0       ?g_sigFreeCell@@3KA        100424b0     exsmime_ALL:vcelpool.obj
 0002:000004b4       ?g_sigUsedCell@@3KA        100424b4     exsmime_ALL:vcelpool.obj
 0002:000004b8       ?g_sigFreePage@@3KA        100424b8     exsmime_ALL:vcelpool.obj
 0002:000004bc       ?g_sigPFPage@@3KA          100424bc     exsmime_ALL:vcelpool.obj
 0002:000004c0       ?g_sigCFPage@@3KA          100424c0     exsmime_ALL:vcelpool.obj
 0002:000004f0       ?g_achOEMtoupper@@3PAEA    100424f0     exsmime_ALL:strutil.obj
 0002:000005f0       ?s_szDefaultType@CHdrContentType@@1PAEA 100425f0     exsmime_ALL:HdrCntType.obj
 0002:000005f8       ?s_szDefaultSubType@CHdrContentType@@1PAEA 100425f8     exsmime_ALL:HdrCntType.obj
 0002:00000600       ?s_szMultipartType@CHdrContentType@@1PAEA 10042600     exsmime_ALL:HdrCntType.obj
 0002:0000060c       ?s_szMixedSubType@CHdrContentType@@1PAEA 1004260c     exsmime_ALL:HdrCntType.obj
 0002:00000614       ?CryptDecodeAlloc@CapiUtil@@3U_CRYPT_DECODE_PARA@@A 10042614     exsmime_ALL:capiutil.obj
 0002:00000620       ?CryptEncodeAlloc@CapiUtil@@3U_CRYPT_ENCODE_PARA@@A 10042620     exsmime_ALL:capiutil.obj
 0002:0000062c       ?data@?$_CComChainData@VCMimeHeader@@VCHdrReceived@@@ATL@@2U_ATL_CHAINDATA@2@A 1004262c     exsmime_ALL:HdrFactory.obj
 0002:00000634       ?s_szDefaultDisposition@@3PAEA 10042634     exsmime_ALL:HdrCntDisp.obj
 0002:00000640       _pRawDllMain               10042640     atls:atlbase.obj
 0002:00000648       ?rgulPower10@@3PAKA        10042648     atlosapis:decarith.obj
 0002:00000670       ?PowerOvfl@@3PAUDECOVFL@@A 10042670     atlosapis:decarith.obj
 0002:000006b0       g_dblTenThousand           100426b0     atlosapis:oleconv.obj
 0002:000006b8       __security_cookie          100426b8     corelib0:seccinit.obj
 0002:000006bc       __security_cookie_complement 100426bc     corelib0:seccinit.obj
 0002:000006c0       ?m_bInitFailed@CAtlBaseModule@ATL@@2_NA 100426c0     exsmime_ALL:ExSMime.obj
 0002:000006c4       ?_pPerfRegFunc@ATL@@3P6AJPAUHINSTANCE__@@@ZA 100426c4     exsmime_ALL:ExSMime.obj
 0002:000006c8       ?_pPerfUnRegFunc@ATL@@3P6AJXZA 100426c8     exsmime_ALL:ExSMime.obj
 0002:000006cc       ?_AtlRegisterPerUser@ATL@@3_NA 100426cc     exsmime_ALL:ExSMime.obj
 0002:000006d0       ?_pAtlModule@ATL@@3PAVCAtlModule@1@A 100426d0     exsmime_ALL:ExSMime.obj
 0002:000006d4       ?m_libid@CAtlModule@ATL@@2U_GUID@@A 100426d4     exsmime_ALL:ExSMime.obj
 0002:000006e4       ?_pModule@ATL@@3PAVCComModule@1@A 100426e4     exsmime_ALL:ExSMime.obj
 0002:000006e8       ??_B?1??VTFromRegType@CRegParser@ATL@@KAHPBGAAG@Z@51 100426e8     exsmime_ALL:ExSMime.obj
 0002:000006ec       ?map@?1??VTFromRegType@CRegParser@ATL@@KAHPBGAAG@Z@4QBUtypemap@?1??123@KAH01@Z@B 100426ec     exsmime_ALL:ExSMime.obj
 0002:0000070c       ?_Module@@3VCMIMEModule@@A 1004270c     exsmime_ALL:ExSMime.obj
 0002:00000750       __@@_PchSym_@00@UygUDAJBUkirezgvUlhhexhUvchnrnvUnrnvUlyqUzineHUivgzroUhgwzucOlyq@exsmime 10042750     exsmime_ALL:stdafx.obj
 0002:00000754       __@@_PchSym_@00@UygUDAJBUkirezgvUlhhexhUvchnrnvUwhgifxgUlyqUzineHUivgzroUvchwhkxsOlyq@dstruct 10042754     exsmime_ALL:exsdspch.obj
 0002:00000758       ?s_szBoundaryPrefix@CHdrContentType@@1PAEA 10042758     exsmime_ALL:HdrCntType.obj
 0002:0000075c       ?g_hinstUrlmon@@3PAUHINSTANCE__@@A 1004275c     exsmime_ALL:dllload.obj
 0002:00000764       __@@_PchSym_@00@UygUDAJBUkirezgvUlhhexhUvchnrnvUxlnnlmUlyqUzineHUivgzroUvchxnkxsOlyq@exsmime_common 10042764     exsmime_ALL:exscmpch.obj
 0002:00000768       ?_AtlComModule@ATL@@3VCAtlComModule@1@A 10042768     atls:atlcommodule.obj
 0002:0000078c       __afxForceAtlRawDllMain    1004278c     atls:atlbase.obj
 0002:00000790       ?_AtlModuleInstance@ATL@@3PAUHINSTANCE__@@A 10042790     atls:atlbase.obj
 0002:00000794       ?_AtlBaseModule@ATL@@3VCAtlBaseModule@1@A 10042794     atls:atlbase.obj
 0002:000007c8       ?_pAtlRawDllMain@@3P6AHPAXK0@ZA 100427c8     atls:atlbase.obj
 0002:000007cc       __@@_PchSym_@00@UxsvozmCBUlgsvihUzgoJUhixUzgohUlyqUzineHUivgzroUhgwzucOlyq@atls 100427cc     atls:stdafx.obj
 0002:000007d0       __@@_PchSym_@00@UxsvozmCBUlgsvihUzgoJUhixUlhzkrUlyqUzineHUivgzroUhgwrmxOlyq@atlosapis 100427d0     atlosapis:stdinc.obj
 0002:000007d4       _exitflag                  100427d4     corelib0:cexit.obj
 0002:000007d8       __onexitend                100427d8     <common>
 0002:000007dc       __onexitbegin              100427dc     <common>
 0002:000007e0       g_pcsExit                  100427e0     <common>

 entry point at        0001:0003fdb0

 Static symbols

 0001:00031030       ?CryptAllocFunc@@YAPAXI@Z  10032030 f   exsmime_ALL:capiutil.obj
 0001:00031048       ?CryptFreeFunc@@YAXPAX@Z   10032048 f   exsmime_ALL:capiutil.obj
 0001:000398f8       ?CompareByteBlob@@YAHPBX0@Z 1003a8f8 f   exsmime_ALL:PublicKeys.obj
 0001:0003b560       ?MapMonthToLong@@YAJPAEI@Z 1003c560 f   exsmime_ALL:HdrDate.obj
 0001:0003e014       ?HardTypeCheck@@YAJPAUtagVARIANT@@0KKH@Z 1003f014 f   atlosapis:relop.obj
 0001:0003fcc0       _DllMainCRTStartupHelper   10040cc0 f   corelib0:pegdmain.obj
 0001:0004007c       doexit                     1004107c f   corelib0:cexit.obj
 0001:0004046c       ??__E_Module@@YAXXZ        1004146c f   exsmime_ALL:ExSMime.obj
 0001:0004048c       ??__E_AtlComModule@ATL@@YAXXZ 1004148c f   atls:atlcommodule.obj
 0001:000404ac       ??__E_AtlBaseModule@ATL@@YAXXZ 100414ac f   atls:atlbase.obj
 0001:000404cc       ??__F_Module@@YAXXZ        100414cc f   exsmime_ALL:ExSMime.obj
 0001:000404e8       ??__F_AtlComModule@ATL@@YAXXZ 100414e8 f   atls:atlcommodule.obj
 0001:000404f4       ??__F_AtlBaseModule@ATL@@YAXXZ 100414f4 f   atls:atlbase.obj
