 k.coredll

 Timestamp is 618b1528 (Tue Nov 09 17:41:12 2021)

 Preferred load address is 10000000

 Start         Length     Name                   Class
 0001:00000000 00000004H .CRT$XCA                CODE
 0001:00000004 00000010H .CRT$XCU                CODE
 0001:00000014 00000004H .CRT$XCZ                CODE
 0001:00000018 00000004H .CRT$XIA                CODE
 0001:0000001c 00000004H .CRT$XIZ                CODE
 0001:00000020 00000004H .CRT$XPA                CODE
 0001:00000024 00000004H .CRT$XPZ                CODE
 0001:00000028 00000004H .CRT$XTA                CODE
 0001:0000002c 00000004H .CRT$XTZ                CODE
 0001:00000030 00000000H .FPCRT                  CODE
 0001:00000030 00007340H .rdata                  CODE
 0001:00007370 00000026H .rdata$debug            CODE
 0001:00007398 00000460H .rdata$r                CODE
 0001:00007800 00075eb4H .text                   CODE
 0001:0007d6b4 00000050H .text$yc                CODE
 0001:0007d704 00000060H .text$yd                CODE
 0001:0007d768 000014b4H .xdata                  CODE
 0001:0007ec1c 000001b0H .xdata$x                CODE
 0001:0007edd0 0000f6bcH .edata                  CODE
 0002:00000000 00000008H .CCRT$A                 DATA
 0002:00000008 00000000H .CCRT$M                 DATA
 0002:00000008 00000008H .CCRT$Z                 DATA
 0002:00000010 000003bcH .data                   DATA
 0002:000003e0 00000f04H .bss                    DATA
 0003:00000000 00006c60H .pdata                  DATA

  Address         Publics by Value              Rva+Base       Lib:Object

 0000:00000000       ___safe_se_handler_count   00000000     <absolute>
 0000:00000000       ___safe_se_handler_table   00000000     <absolute>
 0001:00000000       __xc_a                     10001000     corelib0:crt0init.obj
 0001:00000014       __xc_z                     10001014     corelib0:crt0init.obj
 0001:00000018       __xi_a                     10001018     corelib0:crt0init.obj
 0001:0000001c       __xi_z                     1000101c     corelib0:crt0init.obj
 0001:00000020       __xp_a                     10001020     corelib0:crt0init.obj
 0001:00000024       __xp_z                     10001024     corelib0:crt0init.obj
 0001:00000028       __xt_a                     10001028     corelib0:crt0init.obj
 0001:0000002c       __xt_z                     1000102c     corelib0:crt0init.obj
 0001:00000050       ??_7exception@std@@6B@     10001050     k.coredll_ALL:stdexcpt.obj
 0001:00000058       ??_C@_0BC@EOODALEL@Unknown?5exception?$AA@ 10001058     k.coredll_ALL:stdexcpt.obj
 0001:00000070       ??_7type_info@@6B@         10001070     k.coredll_ALL:typinfo.obj
 0001:000000d8       ??_C@_1BI@NHMPNLJI@?$AAL?$AAa?$AAy?$AAo?$AAu?$AAt?$AA?5?$AAT?$AAe?$AAx?$AAt?$AA?$AA@ 100010d8     k.coredll_ALL:Imm.obj
 0001:000000f0       ??_C@_1BC@NFOAKJDK@?$AAI?$AAm?$AAe?$AA?5?$AAF?$AAi?$AAl?$AAe?$AA?$AA@ 100010f0     k.coredll_ALL:Imm.obj
 0001:00000108       ??_C@_1FC@LMFMOIEA@?$AAS?$AAy?$AAs?$AAt?$AAe?$AAm?$AA?2?$AAC?$AAu?$AAr?$AAr?$AAe?$AAn?$AAt?$AAC?$AAo?$AAn?$AAt?$AAr?$AAo?$AAl?$AAS?$AAe?$AAt?$AA?2?$AAC?$AAo?$AAn?$AAt?$AAr?$AAo?$AAl@ 10001108     k.coredll_ALL:Imm.obj
 0001:0000015c       ??_C@_1DA@FKJDDCGN@?$AAK?$AAe?$AAy?$AAb?$AAo?$AAa?$AAr?$AAd?$AA?5?$AAL?$AAa?$AAy?$AAo?$AAu?$AAt?$AA?2?$AAP?$AAr?$AAe?$AAl?$AAo?$AAa?$AAd?$AA?$AA@ 1000115c     k.coredll_ALL:Imm.obj
 0001:0000018c       ??_C@_1CC@LFININNE@?$AAI?$AAM?$AAM?$AAI?$AAn?$AAi?$AAt?$AA_?$AAS?$AAE?$AAC?$AAC?$AAh?$AAe?$AAc?$AAk?$AA?$AA@ 1000118c     k.coredll_ALL:Imm.obj
 0001:000001b0       ??_C@_1CO@LPFONOMN@?$AAI?$AAM?$AAM?$AAI?$AAn?$AAi?$AAt?$AA_?$AAS?$AAI?$AAP?$AAS?$AAe?$AAt?$AAA?$AAc?$AAt?$AAi?$AAv?$AAa?$AAt?$AAe?$AA?$AA@ 100011b0     k.coredll_ALL:Imm.obj
 0001:000001e0       ??_C@_1CO@EMOKJBCP@?$AAI?$AAM?$AAM?$AAI?$AAn?$AAi?$AAt?$AA_?$AAS?$AAe?$AAn?$AAd?$AAI?$AAM?$AAE?$AAC?$AAo?$AAn?$AAt?$AAe?$AAx?$AAt?$AA?$AA@ 100011e0     k.coredll_ALL:Imm.obj
 0001:00000210       ??_C@_1CA@NBPGBPD@?$AAI?$AAM?$AAM?$AAI?$AAn?$AAi?$AAt?$AA_?$AAR?$AAe?$AAa?$AAd?$AAR?$AAe?$AAg?$AA?$AA@ 10001210     k.coredll_ALL:Imm.obj
 0001:00000230       ??_C@_1CE@FFOOPNM@?$AAI?$AAM?$AAM?$AAI?$AAn?$AAi?$AAt?$AA_?$AAI?$AAm?$AAe?$AAS?$AAe?$AAl?$AAe?$AAc?$AAt?$AA?$AA@ 10001230     k.coredll_ALL:Imm.obj
 0001:00000254       ??_C@_1DI@NPCAIBEE@?$AAI?$AAM?$AAM?$AAI?$AAn?$AAi?$AAt?$AA_?$AAD?$AAe?$AAf?$AAa?$AAu?$AAl?$AAt?$AAI?$AAm?$AAe?$AAW?$AAn?$AAd?$AAC?$AAr?$AAe?$AAa?$AAt?$AAe?$AA?$AA@ 10001254     k.coredll_ALL:Imm.obj
 0001:0000028c       ??_C@_1CA@NJJILOMO@?$AAI?$AAM?$AAM?$AAI?$AAn?$AAi?$AAt?$AA_?$AAL?$AAo?$AAa?$AAd?$AAI?$AAM?$AAE?$AA?$AA@ 1000128c     k.coredll_ALL:Imm.obj
 0001:000002ac       ??_C@_1CE@EGOMHFAM@?$AAI?$AAm?$AAe?$AAS?$AAw?$AAi?$AAt?$AAc?$AAh?$AA_?$AAL?$AAo?$AAa?$AAd?$AAN?$AAe?$AAw?$AA?$AA@ 100012ac     k.coredll_ALL:Imm.obj
 0001:000002d0       ??_C@_1CI@MLMAHHLF@?$AAI?$AAm?$AAe?$AAS?$AAw?$AAi?$AAt?$AAc?$AAh?$AA_?$AAU?$AAn?$AAL?$AAo?$AAa?$AAd?$AAO?$AAl?$AAd?$AA?$AA@ 100012d0     k.coredll_ALL:Imm.obj
 0001:000002f8       ??_C@_1DC@EGJCGLFC@?$AAI?$AAm?$AAe?$AAS?$AAw?$AAi?$AAt?$AAc?$AAh?$AA_?$AAA?$AAc?$AAt?$AAi?$AAv?$AAa?$AAt?$AAe?$AAL?$AAa?$AAy?$AAo?$AAu?$AAt?$AA?$AA@ 100012f8     k.coredll_ALL:Imm.obj
 0001:0000032c       ??_C@_1DC@ICPKABJO@?$AAI?$AAM?$AAM?$AAI?$AAn?$AAi?$AAt?$AA_?$AAS?$AAe?$AAt?$AAA?$AAc?$AAt?$AAi?$AAv?$AAe?$AAC?$AAo?$AAn?$AAt?$AAe?$AAx?$AAt?$AA?$AA@ 1000132c     k.coredll_ALL:Imm.obj
 0001:00000394       ??_7ImeInfoEntry@@6B@      10001394     k.coredll_ALL:Imm.obj
 0001:00000398       ??_C@_1BO@GPADPFKA@?$AA?2?$AAm?$AAd?$AAd?$AAc?$AAe?$AAp?$AAe?$AAr?$AAf?$AA?4?$AAl?$AAo?$AAg?$AA?$AA@ 10001398     k.coredll_ALL:Imm.obj
 0001:000003b8       ??_C@_1BA@MBHGFBLI@?$AAI?$AAM?$AAM?$AAP?$AAe?$AAr?$AAf?$AA?$AA@ 100013b8     k.coredll_ALL:Imm.obj
 0001:000003c8       ??_C@_15KNBIKKIN@?$AA?$CF?$AAd?$AA?$AA@ 100013c8     k.coredll_ALL:Imm.obj
 0001:000003d0       ??_C@_1BG@DIEMFBIE@?$AA?2?$AAk?$AAe?$AAy?$AAb?$AAo?$AAa?$AAr?$AAd?$AA?2?$AA?$AA@ 100013d0     k.coredll_ALL:Imm.obj
 0001:000003e8       ??_C@_1BK@DDJFAFJP@?$AA?$CF?$AAs?$AA?$CF?$AAs?$AA?$CF?$AA0?$AA4?$AAx?$AA?$CF?$AAs?$AA?$CF?$AAs?$AA?$AA@ 100013e8     k.coredll_ALL:Imm.obj
 0001:00000404       ??_C@_1M@NEKJOFMI@?$AAl?$AAa?$AAn?$AAg?$AA_?$AA?$AA@ 10001404     k.coredll_ALL:Imm.obj
 0001:00000410       ??_C@_1BM@ECGIMKOM@?$AAS?$AAy?$AAs?$AAt?$AAe?$AAm?$AA?2?$AAI?$AAn?$AAp?$AAu?$AAt?$AA?2?$AA?$AA@ 10001410     k.coredll_ALL:Imm.obj
 0001:0000042c       ??_C@_1BC@NADMPNBO@?$AA?$CF?$AAs?$AA?$CF?$AAs?$AA?$CF?$AA0?$AA4?$AAx?$AA?$AA@ 1000142c     k.coredll_ALL:Imm.obj
 0001:00000440       ??_C@_1GI@LBPPMOKF@?$AA?$HL?$AA?$CF?$AA0?$AA8?$AAl?$AAX?$AA?9?$AA?$CF?$AA0?$AA4?$AAX?$AA?9?$AA?$CF?$AA0?$AA4?$AAX?$AA?9?$AA?$CF?$AA0?$AA2?$AAX?$AA?$CF?$AA0?$AA2?$AAX?$AA?9?$AA?$CF?$AA0?$AA2?$AAX?$AA?$CF?$AA0@ 10001440     k.coredll_ALL:Imm.obj
 0001:000004c4       ??_C@_1BI@FMEEAPKL@?$AAD?$AAe?$AAf?$AAa?$AAu?$AAl?$AAt?$AA?5?$AAI?$AAm?$AAe?$AA?$AA@ 100014c4     k.coredll_ALL:Imm.obj
 0001:000004dc       ??_C@_17LDADEION@?$AAI?$AAM?$AAE?$AA?$AA@ 100014dc     k.coredll_ALL:Imm.obj
 0001:000004e4       ?s_sigValid@CWindow@@0IB   100014e4     k.coredll_ALL:twinuser.obj
 0001:000004e8       ?nothrow@std@@3Unothrow_t@1@B 100014e8     k.coredll_ALL:nomemory.obj
 0001:000004f0       ??_7bad_alloc@std@@6B@     100014f0     k.coredll_ALL:nomemory.obj
 0001:000004f8       ??_C@_0P@GHFPNOJB@bad?5allocation?$AA@ 100014f8     k.coredll_ALL:nomemory.obj
 0001:00000507       ?_C@?1??_Nullstr@?$basic_string@DU?$char_traits@D@std@@V?$allocator@D@2@@std@@CAPBDXZ@4DB 10001507     k.coredll_ALL:string.obj
 0001:000005a0       ??_7logic_error@std@@6B@   100015a0     k.coredll_ALL:string.obj
 0001:000005b0       ??_7out_of_range@std@@6B@  100015b0     k.coredll_ALL:string.obj
 0001:000005f0       ??_C@_0BI@CFPLBAOH@invalid?5string?5position?$AA@ 100015f0     k.coredll_ALL:string.obj
 0001:0000063c       ??_C@_00CNPNBAHC@?$AA@     1000163c     k.coredll_ALL:string.obj
 0001:00000678       ??_7length_error@std@@6B@  10001678     k.coredll_ALL:string.obj
 0001:000006b8       ??_C@_0BA@JFNIOLAK@string?5too?5long?$AA@ 100016b8     k.coredll_ALL:string.obj
 0001:000006c8       ??_C@_1BG@HOCOHIJB@?$AAC?$AAl?$AAi?$AAe?$AAn?$AAt?$AAI?$AAn?$AAf?$AAo?$AA?$AA@ 100016c8     k.coredll_ALL:tdevice.obj
 0001:000006e0       ??_C@_17OGBPPHLA@?$AAH?$AAn?$AAd?$AA?$AA@ 100016e0     k.coredll_ALL:tdevice.obj
 0001:000006e8       ??_C@_1BO@JJBEOHCE@?$AAD?$AAr?$AAi?$AAv?$AAe?$AAr?$AAs?$AA?2?$AAA?$AAc?$AAt?$AAi?$AAv?$AAe?$AA?$AA@ 100016e8     k.coredll_ALL:tdevice.obj
 0001:00000708       ??_C@_1BA@OILHPODD@?$AA?$CF?$AAs?$AA?2?$AA?$CF?$AA0?$AA2?$AAu?$AA?$AA@ 10001708     k.coredll_ALL:tdevice.obj
 0001:00000718       ??_C@_1BC@MNBDMDLK@?$AA?$CF?$AAs?$AA?2?$AA?$CF?$AAs?$AA?$CL?$AA?$CF?$AAs?$AA?$AA@ 10001718     k.coredll_ALL:tdevice.obj
 0001:0000072c       ??_C@_1BG@IEKMLBMF@?$AA?$CF?$AAs?$AA?2?$AA?$CF?$AAs?$AA?$CL?$AA?$CF?$AA0?$AA8?$AAx?$AA?$AA@ 1000172c     k.coredll_ALL:tdevice.obj
 0001:00000748       ??_C@_1HE@PBGCMBIM@?$AA?$CF?$AAs?$AA?2?$AA?$CF?$AAs?$AA?$CL?$AA?$HL?$AA?$CF?$AA0?$AA8?$AAl?$AAX?$AA?9?$AA?$CF?$AA0?$AA4?$AAX?$AA?9?$AA?$CF?$AA0?$AA4?$AAX?$AA?9?$AA?$CF?$AA0?$AA2?$AAX?$AA?$CF?$AA0?$AA2?$AAX?$AA?9@ 10001748     k.coredll_ALL:tdevice.obj
 0001:000007bc       ??_C@_1BC@EKAHPNMF@?$AA$?$AAd?$AAe?$AAv?$AAi?$AAc?$AAe?$AA?2?$AA?$AA@ 100017bc     k.coredll_ALL:tdevice.obj
 0001:000007d0       ??_C@_1BE@JEONLPHA@?$AAb?$AAy?$AAB?$AAu?$AAs?$AAN?$AAa?$AAm?$AAe?$AA?$AA@ 100017d0     k.coredll_ALL:tdevice.obj
 0001:000007e4       ??_C@_1BK@CPLNPJGD@?$AAb?$AAy?$AAD?$AAe?$AAv?$AAi?$AAc?$AAe?$AAN?$AAa?$AAm?$AAe?$AA?$AA@ 100017e4     k.coredll_ALL:tdevice.obj
 0001:00000800       ??_C@_1BK@CNAOAKKI@?$AAb?$AAy?$AAL?$AAe?$AAg?$AAa?$AAc?$AAy?$AAN?$AAa?$AAm?$AAe?$AA?$AA@ 10001800     k.coredll_ALL:tdevice.obj
 0001:0000081c       ??_C@_1CC@MEPOBJNM@?$AAb?$AAy?$AAI?$AAn?$AAt?$AAe?$AAr?$AAf?$AAa?$AAc?$AAe?$AAC?$AAl?$AAa?$AAs?$AAs?$AA?$AA@ 1000181c     k.coredll_ALL:tdevice.obj
 0001:00000840       ??_C@_1BC@FAAOGHMH@?$AAb?$AAy?$AAP?$AAa?$AAr?$AAe?$AAn?$AAt?$AA?$AA@ 10001840     k.coredll_ALL:tdevice.obj
 0001:00000858       ??_C@_1GC@MIJCAPDC@?$AA?$CF?$AA0?$AA8?$AAx?$AA?9?$AA?$CF?$AA0?$AA4?$AAx?$AA?9?$AA?$CF?$AA0?$AA4?$AAx?$AA?9?$AA?$CF?$AA0?$AA2?$AAx?$AA?$CF?$AA0?$AA2?$AAx?$AA?9?$AA?$CF?$AA0?$AA2?$AAx?$AA?$CF?$AA0?$AA2?$AAx@ 10001858     k.coredll_ALL:tservices.obj
 0001:000008c0       ??_C@_1GG@HENFDGCJ@?$AA?$HL?$AA?$CF?$AA0?$AA8?$AAx?$AA?9?$AA?$CF?$AA0?$AA4?$AAx?$AA?9?$AA?$CF?$AA0?$AA4?$AAx?$AA?9?$AA?$CF?$AA0?$AA2?$AAx?$AA?$CF?$AA0?$AA2?$AAx?$AA?9?$AA?$CF?$AA0?$AA2?$AAx?$AA?$CF?$AA0?$AA2@ 100018c0     k.coredll_ALL:tservices.obj
 0001:00000928       ??_C@_1EO@PBHPLCEK@?$AA?$HL?$AA6?$AAD?$AA4?$AA3?$AA1?$AA7?$AAA?$AA0?$AA?9?$AAB?$AA5?$AAA?$AA2?$AA?9?$AA4?$AA6?$AA2?$AAc?$AA?9?$AA9?$AAC?$AA5?$AA9?$AA?9?$AA1?$AAE?$AA7?$AA0?$AAD?$AA2?$AA6@ 10001928     k.coredll_ALL:tservices.obj
 0001:00000978       ??_C@_1BI@PNGKNFOO@?$AAs?$AAe?$AAr?$AAv?$AAi?$AAc?$AAe?$AAs?$AA?2?$AA?$CF?$AAs?$AA?$AA@ 10001978     k.coredll_ALL:tservices.obj
 0001:00000990       ??_C@_1BI@BGGFPMGI@?$AA?2?$AAR?$AAe?$AAl?$AAe?$AAa?$AAs?$AAe?$AA?2?$AA?$CF?$AAs?$AA?$AA@ 10001990     k.coredll_ALL:tkfuncs.obj
 0001:000009a8       ??_C@_13FPGAJAPJ@?$AA?2?$AA?$AA@ 100019a8     k.coredll_ALL:tkfuncs.obj
 0001:000009ac       ??_C@_1BA@LKILKMDA@?$AAu?$AAi?$AAp?$AAr?$AAo?$AAx?$AAy?$AA?$AA@ 100019ac     k.coredll_ALL:tkfuncs.obj
 0001:000009bc       ??_C@_1M@EHMLAHON@?$AAU?$AAI?$AAP?$AA1?$AA?3?$AA?$AA@ 100019bc     k.coredll_ALL:tkfuncs.obj
 0001:000009c8       ??_C@_1CK@KHLEJPPJ@?$AA?$CB?$AA?$CB?$AA?$CB?$AAC?$AAa?$AAl?$AAl?$AAi?$AAn?$AAg?$AA?5?$AA?$CF?$AAs?$AA?$CB?$AA?$CB?$AA?$CB?$AA?$AN?$AA?6?$AA?$AN?$AA?6?$AA?$AA@ 100019c8     k.coredll_ALL:tkfuncs.obj
 0001:000009f8       ??_C@_1KE@EOGFMOLI@?$AAI?$AAf?$AA?5?$AAt?$AAh?$AAe?$AA?5?$AAp?$AAo?$AAi?$AAn?$AAt?$AAe?$AAr?$AA?5?$AAy?$AAo?$AAu?$AA?8?$AAr?$AAe?$AA?5?$AAm?$AAa?$AAp?$AAp?$AAi?$AAn?$AAg?$AA?5?$AAi?$AAs@ 100019f8     k.coredll_ALL:tkfuncs.obj
 0001:00000aa0       ??_C@_1KG@NAGGFHMD@?$AAa?$AAc?$AAc?$AAe?$AAs?$AAs?$AA?5?$AAi?$AAt?$AA?5?$AAa?$AAs?$AAy?$AAn?$AAc?$AAh?$AAr?$AAo?$AAn?$AAo?$AAu?$AAs?$AAl?$AAy?$AA?5?$AA?$CI?$AAe?$AA?4?$AAg?$AA?4?$AA?5?$AAa@ 10001aa0     k.coredll_ALL:tkfuncs.obj
 0001:00000b48       ??_C@_1KG@DMCNMICL@?$AAi?$AAs?$AA?5?$AAn?$AAo?$AA?5?$AAn?$AAe?$AAe?$AAd?$AA?5?$AAt?$AAo?$AA?5?$AAc?$AAa?$AAl?$AAl?$AA?5?$AAM?$AAa?$AAp?$AAC?$AAa?$AAl?$AAl?$AAe?$AAr?$AAP?$AAt?$AAr?$AA?4@ 10001b48     k.coredll_ALL:tkfuncs.obj
 0001:00000bf0       ??_C@_1KI@EKAHGHCJ@?$AAf?$AAo?$AAr?$AA?5?$AAy?$AAo?$AAu?$AA?4?$AA?5?$AAA?$AAs?$AAs?$AAu?$AAm?$AAi?$AAn?$AAg?$AA?5?$AAy?$AAo?$AAu?$AA?8?$AAr?$AAe?$AA?5?$AAg?$AAi?$AAv?$AAi?$AAn?$AAg?$AA?5@ 10001bf0     k.coredll_ALL:tkfuncs.obj
 0001:00000c98       ??_C@_1JK@CKMIJBF@?$AAI?$AAn?$AA?5?$AAc?$AAa?$AAs?$AAe?$AA?5?$AAy?$AAo?$AAu?$AA?5?$AAn?$AAe?$AAe?$AAd?$AA?5?$AAt?$AAo?$AA?5?$AAa?$AAc?$AAc?$AAe?$AAs?$AAs?$AA?5?$AAt?$AAh?$AAe?$AA?5?$AAp@ 10001c98     k.coredll_ALL:tkfuncs.obj
 0001:00000d38       ??_C@_1EI@BFCLFBIK@?$AA?5?$AA?5?$AA?5?$AA?5?$AA?$CI?$AA1?$AA?$CJ?$AA?5?$AAC?$AAo?$AAp?$AAy?$AA?9?$AAi?$AAn?$AA?1?$AAC?$AAo?$AAp?$AAy?$AA?9?$AAo?$AAu?$AAt?$AA?5?$AAy?$AAo?$AAu?$AAr?$AAs?$AAe?$AAl@ 10001d38     k.coredll_ALL:tkfuncs.obj
 0001:00000d80       ??_C@_1EE@PIDHIBPL@?$AA?5?$AA?5?$AA?5?$AA?5?$AA?$CI?$AA2?$AA?$CJ?$AA?5?$AAV?$AAi?$AAr?$AAt?$AAu?$AAa?$AAl?$AAC?$AAo?$AAp?$AAy?$AA?5?$AAt?$AAh?$AAe?$AA?5?$AAp?$AAo?$AAi?$AAn?$AAt?$AAe?$AAr?$AA?$AN@ 10001d80     k.coredll_ALL:tkfuncs.obj
 0001:00000dc8       ??_C@_1KO@KGKBNIMD@?$AA?5?$AA?5?$AA?5?$AA?5?$AA?$CI?$AA3?$AA?$CJ?$AA?5?$AAS?$AAa?$AAv?$AAe?$AA?5?$AAc?$AAu?$AAr?$AAr?$AAe?$AAn?$AAt?$AA?5?$AAp?$AAr?$AAo?$AAc?$AAe?$AAs?$AAs?$AA?5?$AAi?$AAd?$AA?0@ 10001dc8     k.coredll_ALL:tkfuncs.obj
 0001:00000e78       ??_C@_1KO@NEFEFKMM@?$AA?5?$AA?5?$AA?5?$AA?5?$AA?5?$AA?5?$AA?5?$AA?5?$AAa?$AAn?$AAd?$AA?5?$AAu?$AAs?$AAe?$AA?5?$AA?8?$AAS?$AAw?$AAi?$AAt?$AAc?$AAh?$AAT?$AAo?$AAP?$AAr?$AAo?$AAc?$AAe?$AAs?$AAs@ 10001e78     k.coredll_ALL:tkfuncs.obj
 0001:00000f28       ??_C@_1BK@FCANOICL@?$AAM?$AAa?$AAp?$AAC?$AAa?$AAl?$AAl?$AAe?$AAr?$AAP?$AAt?$AAr?$AA?$AA@ 10001f28     k.coredll_ALL:tkfuncs.obj
 0001:00000f44       ??_C@_1CK@DAJOHPKP@?$AAM?$AAa?$AAp?$AAP?$AAt?$AAr?$AAT?$AAo?$AAP?$AAr?$AAo?$AAc?$AAW?$AAi?$AAt?$AAh?$AAS?$AAi?$AAz?$AAe?$AA?$AA@ 10001f44     k.coredll_ALL:tkfuncs.obj
 0001:00000fd8       ??_C@_1DA@IBFGCKKH@?$AAS?$AAY?$AAS?$AAT?$AAE?$AAM?$AA?1?$AAB?$AAa?$AAt?$AAt?$AAe?$AAr?$AAy?$AAA?$AAP?$AAI?$AAs?$AAR?$AAe?$AAa?$AAd?$AAy?$AA?$AA@ 10001fd8     k.coredll_ALL:tbattery.obj
 0001:00001008       ??_C@_1O@GDMEKBD@?$AAN?$AAo?$AAt?$AAi?$AAf?$AAy?$AA?$AA@ 10002008     k.coredll_ALL:tnotify.obj
 0001:00001018       ??_C@_1M@BPFJNNBM@?$AAN?$AAF?$AAY?$AA0?$AA?3?$AA?$AA@ 10002018     k.coredll_ALL:tnotify.obj
 0001:00001024       ??_C@_1DG@BODLIKMO@?$AAS?$AAY?$AAS?$AAT?$AAE?$AAM?$AA?1?$AAC?$AAO?$AAR?$AAE?$AAD?$AAL?$AAL?$AA_?$AAR?$AAE?$AAA?$AAD?$AAY?$AA_?$AAE?$AAV?$AAE?$AAN?$AAT?$AA?$AA@ 10002024     k.coredll_ALL:tnotify.obj
 0001:00001170       ??_C@_1GI@NIDKIJEA@?$AAl?$AAo?$AAo?$AAp?$AA?5?$AAi?$AAn?$AA?5?$AAf?$AAr?$AAe?$AAe?$AA?5?$AAb?$AAl?$AAk?$AAs?$AA?5?$AA?$FL?$AA?$CF?$AAd?$AA?$FN?$AA?$FL?$AA?$CF?$AAd?$AA?$FN?$AA?5?$AAi?$AAn?$AA?5?$AAr?$AAg@ 10002170     k.coredll_ALL:rheap.obj
 0001:000011d8       ??_C@_1FG@PBIAOIB@?$AAf?$AAr?$AAe?$AAe?$AA?5?$AAb?$AAl?$AAk?$AA?5?$AA?$FL?$AA?$CF?$AAd?$AA?$FN?$AA?$FL?$AA?$CF?$AAd?$AA?$FN?$AA?5?$AAi?$AAn?$AA?5?$AAr?$AAg?$AAn?$AA?5?$AA0?$AAx?$AA?$CF?$AA8?$AA?4?$AA8?$AAl@ 100021d8     k.coredll_ALL:rheap.obj
 0001:00001230       ??_C@_1FI@OFIHELH@?$AAa?$AAl?$AAl?$AAo?$AAc?$AA?5?$AAb?$AAl?$AAk?$AA?5?$AA?$FL?$AA?$CF?$AAd?$AA?$FN?$AA?$FL?$AA?$CF?$AAd?$AA?$FN?$AA?5?$AAi?$AAn?$AA?5?$AAr?$AAg?$AAn?$AA?5?$AA0?$AAx?$AA?$CF?$AA8?$AA?4?$AA8@ 10002230     k.coredll_ALL:rheap.obj
 0001:00001288       cszTimeZones               10002288     k.coredll_ALL:time.obj
 0001:000012a0       cszID                      100022a0     k.coredll_ALL:time.obj
 0001:000012a8       szDefaultTZID              100022a8     k.coredll_ALL:time.obj
 0001:000012c0       cszTZI                     100022c0     k.coredll_ALL:time.obj
 0001:000012c8       cszStd                     100022c8     k.coredll_ALL:time.obj
 0001:000012d0       cszDlt                     100022d0     k.coredll_ALL:time.obj
 0001:000012d8       cszDisplay                 100022d8     k.coredll_ALL:time.obj
 0001:000012e8       cszDynDST                  100022e8     k.coredll_ALL:time.obj
 0001:00001300       cszFirstEntry              10002300     k.coredll_ALL:time.obj
 0001:00001318       cszLastEntry               10002318     k.coredll_ALL:time.obj
 0001:0000132c       cszSystemTimezone          1000232c     k.coredll_ALL:time.obj
 0001:00001354       cszSystemTime              10002354     k.coredll_ALL:time.obj
 0001:00001360       cszTZID                    10002360     k.coredll_ALL:time.obj
 0001:0000136c       ??_C@_1M@KPOMGKAA@?$AAD?$AAS?$AAT?$AA0?$AA?3?$AA?$AA@ 1000236c     k.coredll_ALL:time.obj
 0001:00001378       ??_C@_1CM@CIOKOPNJ@?$AAP?$AAa?$AAc?$AAi?$AAf?$AAi?$AAc?$AA?5?$AAS?$AAt?$AAa?$AAn?$AAd?$AAa?$AAr?$AAd?$AA?5?$AAT?$AAi?$AAm?$AAe?$AA?$AA@ 10002378     k.coredll_ALL:time.obj
 0001:000013a4       ??_C@_1CM@BPFKCOJO@?$AAP?$AAa?$AAc?$AAi?$AAf?$AAi?$AAc?$AA?5?$AAD?$AAa?$AAy?$AAl?$AAi?$AAg?$AAh?$AAt?$AA?5?$AAT?$AAi?$AAm?$AAe?$AA?$AA@ 100023a4     k.coredll_ALL:time.obj
 0001:000013d0       ??_C@_1BA@GHOECOCL@?$AAD?$AAe?$AAf?$AAa?$AAu?$AAl?$AAt?$AA?$AA@ 100023d0     k.coredll_ALL:time.obj
 0001:000013e0       ??_C@_0L@CBFAMKHA@CePerfInit?$AA@ 100023e0     k.coredll_ALL:tkprofile.obj
 0001:000013ec       ??_C@_1BG@LAMFDIML@?$AAC?$AAe?$AAP?$AAe?$AAr?$AAf?$AA?4?$AAd?$AAl?$AAl?$AA?$AA@ 100023ec     k.coredll_ALL:tkprofile.obj
 0001:00001404       ??_C@_0N@GMGPBJKN@CePerfDeinit?$AA@ 10002404     k.coredll_ALL:tkprofile.obj
 0001:00001414       ??_C@_1BK@KKNLFJGK@?$AAn?$AAl?$AAs?$AA?2?$AAc?$AAo?$AAd?$AAe?$AAp?$AAa?$AAg?$AAe?$AA?$AA@ 10002414     k.coredll_ALL:codepage.obj
 0001:00001430       ??_C@_11LOCGONAA@?$AA?$AA@ 10002430     k.coredll_ALL:loader.obj
 0001:00001434       ??_C@_1O@JJGJOKMI@?$AAN?$AAK?$AA?4?$AAE?$AAX?$AAE?$AA?$AA@ 10002434     k.coredll_ALL:loader.obj
 0001:00001448       ??_C@_1FI@ONEBACH@?$AA?$CB?$AA?$CB?$AA?$CB?$AA?5?$AAP?$AAl?$AAe?$AAa?$AAs?$AAe?$AA?5?$AAC?$AAh?$AAe?$AAc?$AAk?$AA?5?$AAy?$AAo?$AAu?$AAr?$AA?5?$AAS?$AAY?$AAS?$AAG?$AAE?$AAN?$AA?5?$AAv?$AAa?$AAr@ 10002448     k.coredll_ALL:loader.obj
 0001:000014a0       ??_C@_1EK@MDFBEFFB@?$AAE?$AAR?$AAR?$AAO?$AAR?$AA?3?$AA?5?$AAc?$AAo?$AAu?$AAl?$AAd?$AA?5?$AAn?$AAo?$AAt?$AA?5?$AAr?$AAe?$AAs?$AAo?$AAl?$AAv?$AAe?$AA?5?$AAi?$AAm?$AAp?$AAo?$AAr?$AAt?$AA?5@ 100024a0     k.coredll_ALL:loader.obj
 0001:000014f0       ??_C@_1EO@PGGPFENP@?$AAE?$AAR?$AAR?$AAO?$AAR?$AA?3?$AA?5?$AAf?$AAu?$AAn?$AAc?$AAt?$AAi?$AAo?$AAn?$AA?5?$AA?$EA?$AA?5?$AAO?$AAr?$AAd?$AAi?$AAn?$AAa?$AAl?$AA?5?$AA?$CF?$AAd?$AA?5?$AAm?$AAi?$AAs@ 100024f0     k.coredll_ALL:loader.obj
 0001:00001540       ??_C@_1BG@FDKKJJHG@?$AAs?$AAS?$AAh?$AAo?$AAr?$AAt?$AAT?$AAi?$AAm?$AAe?$AA?$AA@ 10002540     k.coredll_ALL:locale.obj
 0001:00001558       ??_C@_1BC@GNPFBONO@?$AAs?$AAC?$AAo?$AAu?$AAn?$AAt?$AAr?$AAy?$AA?$AA@ 10002558     k.coredll_ALL:locale.obj
 0001:0000156c       ??_C@_1BC@FBNDIHEJ@?$AAi?$AAC?$AAo?$AAu?$AAn?$AAt?$AAr?$AAy?$AA?$AA@ 1000256c     k.coredll_ALL:locale.obj
 0001:00001580       ??_C@_1BC@DHBCKFIL@?$AAN?$AAu?$AAm?$AAS?$AAh?$AAa?$AAp?$AAe?$AA?$AA@ 10002580     k.coredll_ALL:locale.obj
 0001:00001594       ??_C@_1BG@ECGECKCC@?$AAi?$AAP?$AAa?$AAp?$AAe?$AAr?$AAS?$AAi?$AAz?$AAe?$AA?$AA@ 10002594     k.coredll_ALL:locale.obj
 0001:000015ac       ??_C@_1CC@IKPEMJKB@?$AAi?$AAF?$AAi?$AAr?$AAs?$AAt?$AAW?$AAe?$AAe?$AAk?$AAO?$AAf?$AAY?$AAe?$AAa?$AAr?$AA?$AA@ 100025ac     k.coredll_ALL:locale.obj
 0001:000015d0       ??_C@_1CA@BHFEBCHP@?$AAi?$AAF?$AAi?$AAr?$AAs?$AAt?$AAD?$AAa?$AAy?$AAO?$AAf?$AAW?$AAe?$AAe?$AAk?$AA?$AA@ 100025d0     k.coredll_ALL:locale.obj
 0001:000015f0       ??_C@_1BM@BJIIIMHC@?$AAs?$AAN?$AAe?$AAg?$AAa?$AAt?$AAi?$AAv?$AAe?$AAS?$AAi?$AAg?$AAn?$AA?$AA@ 100025f0     k.coredll_ALL:locale.obj
 0001:0000160c       ??_C@_1BM@LKJGNIEF@?$AAs?$AAP?$AAo?$AAs?$AAi?$AAt?$AAi?$AAv?$AAe?$AAS?$AAi?$AAg?$AAn?$AA?$AA@ 1000260c     k.coredll_ALL:locale.obj
 0001:00001628       ??_C@_1M@HBBPJGMC@?$AAS?$AA2?$AA3?$AA5?$AA9?$AA?$AA@ 10002628     k.coredll_ALL:locale.obj
 0001:00001634       ??_C@_1M@NIANCKLM@?$AAS?$AA1?$AA1?$AA5?$AA9?$AA?$AA@ 10002634     k.coredll_ALL:locale.obj
 0001:00001640       ??_C@_1BA@OPCCHKMF@?$AAi?$AAT?$AAL?$AAZ?$AAe?$AAr?$AAo?$AA?$AA@ 10002640     k.coredll_ALL:locale.obj
 0001:00001650       ??_C@_1BM@CKEFHKKC@?$AAi?$AAC?$AAa?$AAl?$AAe?$AAn?$AAd?$AAa?$AAr?$AAT?$AAy?$AAp?$AAe?$AA?$AA@ 10002650     k.coredll_ALL:locale.obj
 0001:0000166c       ??_C@_1BI@CHIELMND@?$AAi?$AAT?$AAi?$AAm?$AAe?$AAP?$AAr?$AAe?$AAf?$AAi?$AAx?$AA?$AA@ 1000266c     k.coredll_ALL:locale.obj
 0001:00001684       ??_C@_1M@PGBIOJBO@?$AAi?$AAT?$AAi?$AAm?$AAe?$AA?$AA@ 10002684     k.coredll_ALL:locale.obj
 0001:00001690       ??_C@_1M@CGIKCABA@?$AAi?$AAD?$AAa?$AAt?$AAe?$AA?$AA@ 10002690     k.coredll_ALL:locale.obj
 0001:0000169c       ??_C@_1BI@GBIDBDIF@?$AAs?$AAT?$AAi?$AAm?$AAe?$AAF?$AAo?$AAr?$AAm?$AAa?$AAt?$AA?$AA@ 1000269c     k.coredll_ALL:locale.obj
 0001:000016b4       ??_C@_1BG@BCHDPHMF@?$AAs?$AAY?$AAe?$AAa?$AAr?$AAM?$AAo?$AAn?$AAt?$AAh?$AA?$AA@ 100026b4     k.coredll_ALL:locale.obj
 0001:000016cc       ??_C@_1BE@INEJIBGA@?$AAs?$AAL?$AAo?$AAn?$AAg?$AAD?$AAa?$AAt?$AAe?$AA?$AA@ 100026cc     k.coredll_ALL:locale.obj
 0001:000016e0       ??_C@_1BG@IDDIFAHI@?$AAs?$AAS?$AAh?$AAo?$AAr?$AAt?$AAD?$AAa?$AAt?$AAe?$AA?$AA@ 100026e0     k.coredll_ALL:locale.obj
 0001:000016f8       ??_C@_1M@BADHOMID@?$AAs?$AAT?$AAi?$AAm?$AAe?$AA?$AA@ 100026f8     k.coredll_ALL:locale.obj
 0001:00001704       ??_C@_1M@MAKFCFIN@?$AAs?$AAD?$AAa?$AAt?$AAe?$AA?$AA@ 10002704     k.coredll_ALL:locale.obj
 0001:00001710       ??_C@_1BC@MLIFGDBH@?$AAi?$AAN?$AAe?$AAg?$AAC?$AAu?$AAr?$AAr?$AA?$AA@ 10002710     k.coredll_ALL:locale.obj
 0001:00001724       ??_C@_1BE@HLCODNEK@?$AAi?$AAC?$AAu?$AAr?$AAr?$AAe?$AAn?$AAc?$AAy?$AA?$AA@ 10002724     k.coredll_ALL:locale.obj
 0001:00001738       ??_C@_1CA@CHGMOOJI@?$AAi?$AAI?$AAn?$AAt?$AAl?$AAC?$AAu?$AAr?$AAr?$AAD?$AAi?$AAg?$AAi?$AAt?$AAs?$AA?$AA@ 10002738     k.coredll_ALL:locale.obj
 0001:00001758       ??_C@_1BI@KMFAMONH@?$AAi?$AAC?$AAu?$AAr?$AAr?$AAD?$AAi?$AAg?$AAi?$AAt?$AAs?$AA?$AA@ 10002758     k.coredll_ALL:locale.obj
 0001:00001770       ??_C@_1BK@DPHLLBEP@?$AAs?$AAM?$AAo?$AAn?$AAG?$AAr?$AAo?$AAu?$AAp?$AAi?$AAn?$AAg?$AA?$AA@ 10002770     k.coredll_ALL:locale.obj
 0001:0000178c       ??_C@_1CA@EADILEGO@?$AAs?$AAM?$AAo?$AAn?$AAT?$AAh?$AAo?$AAu?$AAs?$AAa?$AAn?$AAd?$AAS?$AAe?$AAp?$AA?$AA@ 1000278c     k.coredll_ALL:locale.obj
 0001:000017ac       ??_C@_1BO@PJHAOMOA@?$AAs?$AAM?$AAo?$AAn?$AAD?$AAe?$AAc?$AAi?$AAm?$AAa?$AAl?$AAS?$AAe?$AAp?$AA?$AA@ 100027ac     k.coredll_ALL:locale.obj
 0001:000017cc       ??_C@_1M@JDKIBKPE@?$AAS?$AAI?$AAS?$AAy?$AAm?$AA?$AA@ 100027cc     k.coredll_ALL:locale.obj
 0001:000017d8       ??_C@_1BE@MMPNDGFB@?$AAs?$AAC?$AAu?$AAr?$AAr?$AAe?$AAn?$AAc?$AAy?$AA?$AA@ 100027d8     k.coredll_ALL:locale.obj
 0001:000017ec       ??_C@_1BG@EJPGAAIC@?$AAi?$AAN?$AAe?$AAg?$AAN?$AAu?$AAm?$AAb?$AAe?$AAr?$AA?$AA@ 100027ec     k.coredll_ALL:locale.obj
 0001:00001804       ??_C@_1O@CKDEPPOB@?$AAi?$AAL?$AAZ?$AAe?$AAr?$AAo?$AA?$AA@ 10002804     k.coredll_ALL:locale.obj
 0001:00001814       ??_C@_1BM@NGLHILHI@?$AAs?$AAN?$AAa?$AAt?$AAi?$AAv?$AAe?$AAD?$AAi?$AAg?$AAi?$AAt?$AAs?$AA?$AA@ 10002814     k.coredll_ALL:locale.obj
 0001:00001830       ??_C@_1BA@PDGPNLM@?$AAi?$AAD?$AAi?$AAg?$AAi?$AAt?$AAs?$AA?$AA@ 10002830     k.coredll_ALL:locale.obj
 0001:00001840       ??_C@_1BE@FIGGMMFN@?$AAs?$AAG?$AAr?$AAo?$AAu?$AAp?$AAi?$AAn?$AAg?$AA?$AA@ 10002840     k.coredll_ALL:locale.obj
 0001:00001854       ??_C@_1BE@KELAMGMN@?$AAs?$AAT?$AAh?$AAo?$AAu?$AAs?$AAa?$AAn?$AAd?$AA?$AA@ 10002854     k.coredll_ALL:locale.obj
 0001:00001868       ??_C@_1BC@MCLDJCMN@?$AAs?$AAD?$AAe?$AAc?$AAi?$AAm?$AAa?$AAl?$AA?$AA@ 10002868     k.coredll_ALL:locale.obj
 0001:0000187c       ??_C@_1BC@KIENJPBL@?$AAi?$AAM?$AAe?$AAa?$AAs?$AAu?$AAr?$AAe?$AA?$AA@ 1000287c     k.coredll_ALL:locale.obj
 0001:00001890       ??_C@_1M@PFDHHOIO@?$AAs?$AAL?$AAi?$AAs?$AAt?$AA?$AA@ 10002890     k.coredll_ALL:locale.obj
 0001:000018a0       regnames                   100028a0     k.coredll_ALL:locale.obj
 0001:000019e0       langid                     100029e0     k.coredll_ALL:locale.obj
 0001:00001af4       hexval                     10002af4     k.coredll_ALL:locale.obj
 0001:00001b04       ??_C@_1O@MDPBHMK@?$AAh?$AAH?$AAm?$AAs?$AAt?$AA?8?$AA?$AA@ 10002b04     k.coredll_ALL:locale.obj
 0001:00001b14       ??_C@_1M@FPDBMACJ@?$AAd?$AAM?$AAy?$AAg?$AA?8?$AA?$AA@ 10002b14     k.coredll_ALL:locale.obj
 0001:00001b20       ??_C@_15LHNHECKK@?$AA?$CF?$AAx?$AA?$AA@ 10002b20     k.coredll_ALL:locale.obj
 0001:00001b28       ??_C@_15NLDJLKHO@?$AA1?$AA2?$AA?$AA@ 10002b28     k.coredll_ALL:locale.obj
 0001:00001b30       ??_C@_15MJIMBFJA@?$AA1?$AA1?$AA?$AA@ 10002b30     k.coredll_ALL:locale.obj
 0001:00001b38       ??_C@_15HBDAHCPF@?$AA1?$AA0?$AA?$AA@ 10002b38     k.coredll_ALL:locale.obj
 0001:00001b40       ??_C@_13FDJIJHMI@?$AA9?$AA?$AA@ 10002b40     k.coredll_ALL:locale.obj
 0001:00001b44       ??_C@_13IEJJBAMJ@?$AA2?$AA?$AA@ 10002b44     k.coredll_ALL:locale.obj
 0001:00001b48       ??_C@_13JGCMLPCH@?$AA1?$AA?$AA@ 10002b48     k.coredll_ALL:locale.obj
 0001:00001b50       ??_C@_1GM@GOIOMKOA@?$AAC?$AAo?$AAn?$AAt?$AAr?$AAo?$AAl?$AA?5?$AAP?$AAa?$AAn?$AAe?$AAl?$AA?2?$AAI?$AAn?$AAt?$AAe?$AAr?$AAn?$AAa?$AAt?$AAi?$AAo?$AAn?$AAa?$AAl?$AA?2?$AAC?$AAa?$AAl?$AAe@ 10002b50     k.coredll_ALL:locale.obj
 0001:00001bbc       ??_C@_15OLMMKIPI@?$AAM?$AAy?$AA?$AA@ 10002bbc     k.coredll_ALL:locale.obj
 0001:00001bc4       ??_C@_17GLINHIHD@?$AAd?$AAM?$AAy?$AA?$AA@ 10002bc4     k.coredll_ALL:locale.obj
 0001:00001bcc       ??_C@_13ODFOLHGE@?$AA?8?$AA?$AA@ 10002bcc     k.coredll_ALL:locale.obj
 0001:00001be0       ??_C@_1M@IAHOEEDC@?$AAL?$AAA?$AAS?$AA0?$AA?3?$AA?$AA@ 10002be0     k.coredll_ALL:tlassd.obj
 0001:00001bec       ??_7?$ioctl_proxy@PAX@ce@@6B@ 10002bec     k.coredll_ALL:tlassd.obj
 0001:00001bf0       ??_7NullAppendStream@ce@@6B@ 10002bf0     k.coredll_ALL:tlassd.obj
 0001:00001c00       ??_7MemoryAppendStream@ce@@6B@ 10002c00     k.coredll_ALL:tlassd.obj
 0001:00001c10       ??_C@_1BK@FPGAIHIB@?$AA?2?$AAS?$AAt?$AAo?$AAr?$AAe?$AAM?$AAg?$AAr?$AA?2?$AA?$CF?$AAs?$AA?$AA@ 10002c10     k.coredll_ALL:tstoreapi.obj
 0001:00001c2c       ??_C@_1BE@MAHEDHGH@?$AA?2?$AAS?$AAt?$AAo?$AAr?$AAe?$AAM?$AAg?$AAr?$AA?$AA@ 10002c2c     k.coredll_ALL:tstoreapi.obj
 0001:00001c40       ??_C@_1M@EIANNJJK@?$AAC?$AAR?$AAD?$AA0?$AA?3?$AA?$AA@ 10002c40     k.coredll_ALL:tcredapi.obj
 0001:00001c4c       ??_C@_1CA@JJGKNHBK@?$AAC?$AAP?$AAD?$AAu?$AAp?$AAl?$AAi?$AAc?$AAa?$AAt?$AAe?$AAH?$AAa?$AAs?$AAh?$AA?$AA@ 10002c4c     k.coredll_ALL:cryptapi.obj
 0001:00001c6c       ??_C@_1BO@FHELJOCD@?$AAC?$AAP?$AAD?$AAu?$AAp?$AAl?$AAi?$AAc?$AAa?$AAt?$AAe?$AAK?$AAe?$AAy?$AA?$AA@ 10002c6c     k.coredll_ALL:cryptapi.obj
 0001:00001c8c       ??_C@_1BO@EBFDMBBD@?$AAC?$AAP?$AAG?$AAe?$AAt?$AAH?$AAa?$AAs?$AAh?$AAP?$AAa?$AAr?$AAa?$AAm?$AA?$AA@ 10002c8c     k.coredll_ALL:cryptapi.obj
 0001:00001cac       ??_C@_1BO@MBJFAMLF@?$AAC?$AAP?$AAS?$AAe?$AAt?$AAH?$AAa?$AAs?$AAh?$AAP?$AAa?$AAr?$AAa?$AAm?$AA?$AA@ 10002cac     k.coredll_ALL:cryptapi.obj
 0001:00001ccc       ??_C@_1BO@BEEHLJEE@?$AAC?$AAP?$AAG?$AAe?$AAt?$AAP?$AAr?$AAo?$AAv?$AAP?$AAa?$AAr?$AAa?$AAm?$AA?$AA@ 10002ccc     k.coredll_ALL:cryptapi.obj
 0001:00001cec       ??_C@_1BO@JEIBHEOC@?$AAC?$AAP?$AAS?$AAe?$AAt?$AAP?$AAr?$AAo?$AAv?$AAP?$AAa?$AAr?$AAa?$AAm?$AA?$AA@ 10002cec     k.coredll_ALL:cryptapi.obj
 0001:00001d0c       ??_C@_1BK@KEKFCEA@?$AAC?$AAP?$AAG?$AAe?$AAt?$AAU?$AAs?$AAe?$AAr?$AAK?$AAe?$AAy?$AA?$AA@ 10002d0c     k.coredll_ALL:cryptapi.obj
 0001:00001d28       ??_C@_1BI@FBPIPMFO@?$AAC?$AAP?$AAG?$AAe?$AAn?$AAR?$AAa?$AAn?$AAd?$AAo?$AAm?$AA?$AA@ 10002d28     k.coredll_ALL:cryptapi.obj
 0001:00001d40       ??_C@_1CE@PHEKJLCC@?$AAC?$AAP?$AAV?$AAe?$AAr?$AAi?$AAf?$AAy?$AAS?$AAi?$AAg?$AAn?$AAa?$AAt?$AAu?$AAr?$AAe?$AA?$AA@ 10002d40     k.coredll_ALL:cryptapi.obj
 0001:00001d64       ??_C@_1BG@CBDHGEOF@?$AAC?$AAP?$AAS?$AAi?$AAg?$AAn?$AAH?$AAa?$AAs?$AAh?$AA?$AA@ 10002d64     k.coredll_ALL:cryptapi.obj
 0001:00001d7c       ??_C@_1BM@EDOLNCIK@?$AAC?$AAP?$AAD?$AAe?$AAs?$AAt?$AAr?$AAo?$AAy?$AAH?$AAa?$AAs?$AAh?$AA?$AA@ 10002d7c     k.coredll_ALL:cryptapi.obj
 0001:00001d98       ??_C@_1CC@EILGMJAK@?$AAC?$AAP?$AAH?$AAa?$AAs?$AAh?$AAS?$AAe?$AAs?$AAs?$AAi?$AAo?$AAn?$AAK?$AAe?$AAy?$AA?$AA@ 10002d98     k.coredll_ALL:cryptapi.obj
 0001:00001dbc       ??_C@_1BG@GLECFNPH@?$AAC?$AAP?$AAH?$AAa?$AAs?$AAh?$AAD?$AAa?$AAt?$AAa?$AA?$AA@ 10002dbc     k.coredll_ALL:cryptapi.obj
 0001:00001dd4       ??_C@_1BK@PMDBDILI@?$AAC?$AAP?$AAC?$AAr?$AAe?$AAa?$AAt?$AAe?$AAH?$AAa?$AAs?$AAh?$AA?$AA@ 10002dd4     k.coredll_ALL:cryptapi.obj
 0001:00001df0       ??_C@_1BE@PNHEKFAD@?$AAC?$AAP?$AAD?$AAe?$AAc?$AAr?$AAy?$AAp?$AAt?$AA?$AA@ 10002df0     k.coredll_ALL:cryptapi.obj
 0001:00001e04       ??_C@_1BE@BMCEAPHP@?$AAC?$AAP?$AAE?$AAn?$AAc?$AAr?$AAy?$AAp?$AAt?$AA?$AA@ 10002e04     k.coredll_ALL:cryptapi.obj
 0001:00001e18       ??_C@_1BI@JAGEFIJG@?$AAC?$AAP?$AAI?$AAm?$AAp?$AAo?$AAr?$AAt?$AAK?$AAe?$AAy?$AA?$AA@ 10002e18     k.coredll_ALL:cryptapi.obj
 0001:00001e30       ??_C@_1BI@IJALFIIC@?$AAC?$AAP?$AAE?$AAx?$AAp?$AAo?$AAr?$AAt?$AAK?$AAe?$AAy?$AA?$AA@ 10002e30     k.coredll_ALL:cryptapi.obj
 0001:00001e48       ??_C@_1BM@EHKBIAFJ@?$AAC?$AAP?$AAG?$AAe?$AAt?$AAK?$AAe?$AAy?$AAP?$AAa?$AAr?$AAa?$AAm?$AA?$AA@ 10002e48     k.coredll_ALL:cryptapi.obj
 0001:00001e64       ??_C@_1BM@FBMMGBDL@?$AAC?$AAP?$AAS?$AAe?$AAt?$AAK?$AAe?$AAy?$AAP?$AAa?$AAr?$AAa?$AAm?$AA?$AA@ 10002e64     k.coredll_ALL:cryptapi.obj
 0001:00001e80       ??_C@_1BK@OEJDONGI@?$AAC?$AAP?$AAD?$AAe?$AAs?$AAt?$AAr?$AAo?$AAy?$AAK?$AAe?$AAy?$AA?$AA@ 10002e80     k.coredll_ALL:cryptapi.obj
 0001:00001e9c       ??_C@_1BI@IFGMEPEL@?$AAC?$AAP?$AAD?$AAe?$AAr?$AAi?$AAv?$AAe?$AAK?$AAe?$AAy?$AA?$AA@ 10002e9c     k.coredll_ALL:cryptapi.obj
 0001:00001eb4       ??_C@_1BC@GBOEIIHK@?$AAC?$AAP?$AAG?$AAe?$AAn?$AAK?$AAe?$AAy?$AA?$AA@ 10002eb4     k.coredll_ALL:cryptapi.obj
 0001:00001ec8       ??_C@_1CC@CLIDDOMB@?$AAC?$AAP?$AAR?$AAe?$AAl?$AAe?$AAa?$AAs?$AAe?$AAC?$AAo?$AAn?$AAt?$AAe?$AAx?$AAt?$AA?$AA@ 10002ec8     k.coredll_ALL:cryptapi.obj
 0001:00001eec       ??_C@_1CC@ILMPANGD@?$AAC?$AAP?$AAA?$AAc?$AAq?$AAu?$AAi?$AAr?$AAe?$AAC?$AAo?$AAn?$AAt?$AAe?$AAx?$AAt?$AA?$AA@ 10002eec     k.coredll_ALL:cryptapi.obj
 0001:00001f10       FunctionNames              10002f10     k.coredll_ALL:cryptapi.obj
 0001:00001f70       OptionalFunctionNames      10002f70     k.coredll_ALL:cryptapi.obj
 0001:00001f80       szmachinetypeW             10002f80     k.coredll_ALL:cryptapi.obj
 0001:00001fe8       szproviderW                10002fe8     k.coredll_ALL:cryptapi.obj
 0001:00002038       szenumprovidersW           10003038     k.coredll_ALL:cryptapi.obj
 0001:00002088       szprovidertypesW           10003088     k.coredll_ALL:cryptapi.obj
 0001:000020e4       ??_C@_19BIEPDBPA@?$AAT?$AAy?$AAp?$AAe?$AA?$AA@ 100030e4     k.coredll_ALL:cryptapi.obj
 0001:000020f0       ??_C@_1BG@LNLMFOAB@?$AAI?$AAm?$AAa?$AAg?$AAe?$AA?5?$AAP?$AAa?$AAt?$AAh?$AA?$AA@ 100030f0     k.coredll_ALL:cryptapi.obj
 0001:00002108       ??_C@_19DINFBLAK@?$AAN?$AAa?$AAm?$AAe?$AA?$AA@ 10003108     k.coredll_ALL:cryptapi.obj
 0001:00002114       ??_C@_17DJGGJCGD@?$AAI?$AAr?$AAq?$AA?$AA@ 10003114     k.coredll_ALL:isrcfg.obj
 0001:0000211c       ??_C@_1BA@BDHDGOBO@?$AAS?$AAy?$AAs?$AAI?$AAn?$AAt?$AAr?$AA?$AA@ 1000311c     k.coredll_ALL:isrcfg.obj
 0001:0000212c       ??_C@_1BG@NELPJJNN@?$AAI?$AAs?$AAr?$AAH?$AAa?$AAn?$AAd?$AAl?$AAe?$AAr?$AA?$AA@ 1000312c     k.coredll_ALL:isrcfg.obj
 0001:00002144       ??_C@_1O@MDNCMDKF@?$AAI?$AAs?$AAr?$AAD?$AAl?$AAl?$AA?$AA@ 10003144     k.coredll_ALL:isrcfg.obj
 0001:00002154       ??_C@_1BK@JHFNDMGF@?$AAD?$AAe?$AAv?$AAi?$AAc?$AAe?$AAN?$AAu?$AAm?$AAb?$AAe?$AAr?$AA?$AA@ 10003154     k.coredll_ALL:pcicfg.obj
 0001:00002170       ??_C@_1BO@PJDCCDMH@?$AAF?$AAu?$AAn?$AAc?$AAt?$AAi?$AAo?$AAn?$AAN?$AAu?$AAm?$AAb?$AAe?$AAr?$AA?$AA@ 10003170     k.coredll_ALL:pcicfg.obj
 0001:00002190       ??_C@_1BM@BLGPIPGJ@?$AAI?$AAn?$AAs?$AAt?$AAa?$AAn?$AAc?$AAe?$AAI?$AAn?$AAd?$AAe?$AAx?$AA?$AA@ 10003190     k.coredll_ALL:pcicfg.obj
 0001:000021ac       ??_C@_1M@OAHBGIFG@?$AAC?$AAl?$AAa?$AAs?$AAs?$AA?$AA@ 100031ac     k.coredll_ALL:pcicfg.obj
 0001:000021b8       ??_C@_1BC@EKJLLFOF@?$AAS?$AAu?$AAb?$AAC?$AAl?$AAa?$AAs?$AAs?$AA?$AA@ 100031b8     k.coredll_ALL:pcicfg.obj
 0001:000021cc       ??_C@_1O@KNNEPINE@?$AAP?$AAr?$AAo?$AAg?$AAI?$AAF?$AA?$AA@ 100031cc     k.coredll_ALL:pcicfg.obj
 0001:000021dc       ??_C@_1BC@NPAECANO@?$AAV?$AAe?$AAn?$AAd?$AAo?$AAr?$AAI?$AAD?$AA?$AA@ 100031dc     k.coredll_ALL:pcicfg.obj
 0001:000021f0       ??_C@_1BC@FDHFOMEN@?$AAD?$AAe?$AAv?$AAi?$AAc?$AAe?$AAI?$AAD?$AA?$AA@ 100031f0     k.coredll_ALL:pcicfg.obj
 0001:00002204       ??_C@_1BG@MHMGNMDC@?$AAR?$AAe?$AAv?$AAi?$AAs?$AAi?$AAo?$AAn?$AAI?$AAD?$AA?$AA@ 10003204     k.coredll_ALL:pcicfg.obj
 0001:0000221c       ??_C@_1BI@FPBCIDAH@?$AAS?$AAu?$AAb?$AAV?$AAe?$AAn?$AAd?$AAo?$AAr?$AAI?$AAD?$AA?$AA@ 1000321c     k.coredll_ALL:pcicfg.obj
 0001:00002234       ??_C@_1BI@JFAEBNDD@?$AAS?$AAu?$AAb?$AAS?$AAy?$AAs?$AAt?$AAe?$AAm?$AAI?$AAD?$AA?$AA@ 10003234     k.coredll_ALL:pcicfg.obj
 0001:0000224c       ??_C@_1M@PEPOCCHH@?$AAI?$AAo?$AAL?$AAe?$AAn?$AA?$AA@ 1000324c     k.coredll_ALL:memcfg.obj
 0001:00002258       ??_C@_1O@JMCNHCBG@?$AAI?$AAo?$AAB?$AAa?$AAs?$AAe?$AA?$AA@ 10003258     k.coredll_ALL:memcfg.obj
 0001:00002268       ??_C@_1O@LBBNFMDB@?$AAM?$AAe?$AAm?$AAL?$AAe?$AAn?$AA?$AA@ 10003268     k.coredll_ALL:memcfg.obj
 0001:00002278       ??_C@_1BA@INLDIDEN@?$AAM?$AAe?$AAm?$AAB?$AAa?$AAs?$AAe?$AA?$AA@ 10003278     k.coredll_ALL:memcfg.obj
 0001:00002288       ??_C@_1BE@MNDDMKMB@?$AAB?$AAu?$AAs?$AAN?$AAu?$AAm?$AAb?$AAe?$AAr?$AA?$AA@ 10003288     k.coredll_ALL:memcfg.obj
 0001:0000229c       ??_C@_1BM@MHMIAMLB@?$AAI?$AAn?$AAt?$AAe?$AAr?$AAf?$AAa?$AAc?$AAe?$AAT?$AAy?$AAp?$AAe?$AA?$AA@ 1000329c     k.coredll_ALL:memcfg.obj
 0001:000022b8       ??_C@_1DO@ILJGFADP@?$AAP?$AAo?$AAw?$AAe?$AAr?$AAM?$AAa?$AAn?$AAa?$AAg?$AAe?$AAr?$AA?1?$AAN?$AAo?$AAt?$AAi?$AAf?$AAi?$AAc?$AAa?$AAt?$AAi?$AAo?$AAn?$AAQ?$AAu?$AAe?$AAu?$AAe?$AA?$AA@ 100032b8     k.coredll_ALL:tpm.obj
 0001:000022f8       ??_C@_1M@EHDMPNDP@?$AAP?$AAn?$AAp?$AAI?$AAd?$AA?$AA@ 100032f8     k.coredll_ALL:devices.obj
 0001:00002304       ??_C@_1M@DFKENGJN@?$AA?$CF?$AAs?$AA?2?$AA?$CF?$AAs?$AA?$AA@ 10003304     k.coredll_ALL:devices.obj
 0001:00002310       ??_C@_17KACEIPNC@?$AAK?$AAe?$AAy?$AA?$AA@ 10003310     k.coredll_ALL:devices.obj
 0001:00002318       ??_C@_17JCBKHJFJ@?$AAM?$AAU?$AAI?$AA?$AA@ 10003318     k.coredll_ALL:mui.obj
 0001:00002320       ??_C@_1BA@OJPADBKG@?$AAS?$AAy?$AAs?$AAL?$AAa?$AAn?$AAg?$AA?$AA@ 10003320     k.coredll_ALL:mui.obj
 0001:00002330       ??_C@_1BA@LOIHNCHK@?$AAC?$AAu?$AAr?$AAL?$AAa?$AAn?$AAg?$AA?$AA@ 10003330     k.coredll_ALL:mui.obj
 0001:00002340       ??_C@_1DM@OPGDLBFC@?$AA?2?$AAw?$AAi?$AAn?$AAd?$AAo?$AAw?$AAs?$AA?2?$AAc?$AAo?$AAr?$AAe?$AAd?$AAl?$AAl?$AA?4?$AAd?$AAl?$AAl?$AA?4?$AA?$DP?$AA?$DP?$AA?$DP?$AA?$DP?$AA?4?$AAM?$AAU?$AAI?$AA?$AA@ 10003340     k.coredll_ALL:mui.obj
 0001:0000237c       ??_C@_13EJFHHPOP@?$AA?$CF?$AA?$AA@ 1000337c     k.coredll_ALL:fmtmsg.obj
 0001:00002380       ??_C@_13HOIJIPNN@?$AA?5?$AA?$AA@ 10003380     k.coredll_ALL:fmtmsg.obj
 0001:00002384       ??_C@_13KDLDGPGJ@?$AA?7?$AA?$AA@ 10003384     k.coredll_ALL:fmtmsg.obj
 0001:00002388       ??_C@_15JNBOKNOG@?$AA?$AN?$AA?6?$AA?$AA@ 10003388     k.coredll_ALL:fmtmsg.obj
 0001:00002390       ??_C@_13CMNBPIDO@?$AA?$AN?$AA?$AA@ 10003390     k.coredll_ALL:fmtmsg.obj
 0001:00002394       ??_C@_1BC@DNCBBMLH@?$AA?$CF?$AA?$CF?$AA?$CF?$AAu?$AA?$CB?$AA?$CF?$AAs?$AA?$CB?$AA?$AA@ 10003394     k.coredll_ALL:fmtmsg.obj
 0001:000023a8       ??_C@_19PBHPHAE@?$AA?$CF?$AA?$CF?$AA?$CF?$AAu?$AA?$AA@ 100033a8     k.coredll_ALL:fmtmsg.obj
 0001:000023b4       ??_C@_15GANGMFKL@?$AA?$CF?$AAs?$AA?$AA@ 100033b4     k.coredll_ALL:fmtmsg.obj
 0001:000023bc       flagMap                    100033bc     k.coredll_ALL:th32heap.obj
 0001:000024d4       ??_C@_1CE@JBIFJMCE@?$AAP?$AAa?$AAr?$AAe?$AAn?$AAt?$AAB?$AAr?$AAa?$AAn?$AAc?$AAh?$AAB?$AAu?$AAi?$AAl?$AAd?$AA?$AA@ 100034d4     k.coredll_ALL:buildinfo.obj
 0001:000024f8       ??_C@_1BE@DLBHMLBM@?$AAT?$AAi?$AAm?$AAe?$AAS?$AAt?$AAa?$AAm?$AAp?$AA?$AA@ 100034f8     k.coredll_ALL:buildinfo.obj
 0001:0000250c       ??_C@_1BA@GHNIFAMD@?$AAB?$AAu?$AAi?$AAl?$AAd?$AAe?$AAr?$AA?$AA@ 1000350c     k.coredll_ALL:buildinfo.obj
 0001:0000251c       ??_C@_1M@DEGBNNDL@?$AAL?$AAa?$AAb?$AAe?$AAl?$AA?$AA@ 1000351c     k.coredll_ALL:buildinfo.obj
 0001:00002528       ??_C@_1CA@CLFFKBBL@?$AAS?$AAy?$AAs?$AAt?$AAe?$AAm?$AA?2?$AAV?$AAe?$AAr?$AAs?$AAi?$AAo?$AAn?$AAs?$AA?$AA@ 10003528     k.coredll_ALL:buildinfo.obj
 0001:00002548       ??_C@_1BC@IOPCLKDG@?$AA?$CF?$AAs?$AA?4?$AA?$CF?$AAs?$AA?4?$AA?$CF?$AAs?$AA?$AA@ 10003548     k.coredll_ALL:buildinfo.obj
 0001:0000255c       ??_C@_1BK@LDOFFGJI@?$AA?$CF?$AAs?$AA?4?$AA?$CF?$AAs?$AA?$CI?$AA?$CF?$AAs?$AA?$CJ?$AA?4?$AA?$CF?$AAs?$AA?$AA@ 1000355c     k.coredll_ALL:buildinfo.obj
 0001:00002578       ??_C@_1BC@IAJOOGDH@?$AAB?$AAu?$AAi?$AAl?$AAd?$AAl?$AAa?$AAb?$AA?$AA@ 10003578     k.coredll_ALL:buildinfo.obj
 0001:0000258c       ??_C@_1CE@EGLBMAMB@?$AAS?$AAH?$AAG?$AAe?$AAt?$AAO?$AAp?$AAe?$AAn?$AAF?$AAi?$AAl?$AAe?$AAN?$AAa?$AAm?$AAe?$AA?$AA@ 1000358c     k.coredll_ALL:fileopen.obj
 0001:000025b0       ??_C@_1CE@MPONEGLI@?$AAS?$AAH?$AAG?$AAe?$AAt?$AAS?$AAa?$AAv?$AAe?$AAF?$AAi?$AAl?$AAe?$AAN?$AAa?$AAm?$AAe?$AA?$AA@ 100035b0     k.coredll_ALL:fileopen.obj
 0001:000025d4       ??_C@_1BG@KCJJBFAD@?$AAC?$AAe?$AAC?$AAr?$AAe?$AAd?$AAF?$AAr?$AAe?$AAe?$AA?$AA@ 100035d4     k.coredll_ALL:username.obj
 0001:000025ec       ??_C@_1BG@NJIPCJNA@?$AAC?$AAe?$AAC?$AAr?$AAe?$AAd?$AAR?$AAe?$AAa?$AAd?$AA?$AA@ 100035ec     k.coredll_ALL:username.obj
 0001:00002604       ??_C@_1BI@HLLGKMIP@?$AAs?$AAe?$AAc?$AAu?$AAr?$AA3?$AA2?$AA?4?$AAd?$AAl?$AAl?$AA?$AA@ 10003604     k.coredll_ALL:username.obj
 0001:0000261c       ??_C@_1DI@HFDNKLGP@?$AAC?$AAo?$AAn?$AAt?$AAr?$AAo?$AAl?$AA?5?$AAP?$AAa?$AAn?$AAe?$AAl?$AA?2?$AAI?$AAn?$AAt?$AAe?$AAr?$AAn?$AAa?$AAt?$AAi?$AAo?$AAn?$AAa?$AAl?$AA?$AA@ 1000361c     k.coredll_ALL:nlsapi.obj
 0001:00002654       ??_C@_1O@EKJBMENL@?$AAL?$AAo?$AAc?$AAa?$AAl?$AAe?$AA?$AA@ 10003654     k.coredll_ALL:nlsapi.obj
 0001:00002664       ??_C@_1BG@KAOJNKEJ@?$AAD?$AAe?$AAf?$AAa?$AAu?$AAl?$AAt?$AAA?$AAC?$AAP?$AA?$AA@ 10003664     k.coredll_ALL:nlsapi.obj
 0001:0000267c       ??_C@_17FJAAFCEM@?$AAn?$AAl?$AAs?$AA?$AA@ 1000367c     k.coredll_ALL:nlsapi.obj
 0001:00002684       ??_C@_1BG@LFGDMIHL@?$AAD?$AAe?$AAf?$AAa?$AAu?$AAl?$AAt?$AAO?$AAC?$AAP?$AA?$AA@ 10003684     k.coredll_ALL:nlsapi.obj
 0001:000026a0       ??_C@_1EM@ONGNFEAJ@?$AAC?$AAo?$AAn?$AAt?$AAr?$AAo?$AAl?$AA?5?$AAP?$AAa?$AAn?$AAe?$AAl?$AA?2?$AAI?$AAn?$AAt?$AAe?$AAr?$AAn?$AAa?$AAt?$AAi?$AAo?$AAn?$AAa?$AAl?$AA?2?$AAC?$AAa?$AAl?$AAe@ 100036a0     k.coredll_ALL:nlsapi.obj
 0001:000026ec       ??_C@_1BE@JIHFKFIP@?$AA?$CI?$AAD?$AAe?$AAf?$AAa?$AAu?$AAl?$AAt?$AA?$CJ?$AA?$AA@ 100036ec     k.coredll_ALL:nlsapi.obj
 0001:00002700       ??_C@_1FI@IFFDAPGE@?$AAS?$AAY?$AAS?$AAT?$AAE?$AAM?$AA?2?$AAC?$AAu?$AAr?$AAr?$AAe?$AAn?$AAt?$AAC?$AAo?$AAn?$AAt?$AAr?$AAo?$AAl?$AAS?$AAe?$AAt?$AA?2?$AAC?$AAo?$AAn?$AAt?$AAr?$AAo?$AAl@ 10003700     k.coredll_ALL:nlsapi.obj
 0001:00002758       ??_C@_1BG@IDPMNIFP@?$AAL?$AAo?$AAc?$AAa?$AAl?$AAe?$AAN?$AAa?$AAm?$AAe?$AA?$AA@ 10003758     k.coredll_ALL:nlsapi.obj
 0001:00002770       ??_C@_1CK@GAIPJKMF@?$AAI?$AAs?$AAF?$AAo?$AAr?$AAc?$AAe?$AAP?$AAi?$AAx?$AAe?$AAl?$AAD?$AAo?$AAu?$AAb?$AAl?$AAi?$AAn?$AAg?$AA?$AA@ 10003770     k.coredll_ALL:UsrCoredllCallbacks.obj
 0001:0000279c       ??_C@_1M@DBGHFLGE@?$AAS?$AAN?$AAA?$AA0?$AA?3?$AA?$AA@ 1000379c     k.coredll_ALL:api.obj
 0001:000027a8       ??_C@_1CC@LNJFKMBK@?$AAS?$AAH?$AAC?$AAr?$AAe?$AAa?$AAt?$AAe?$AAS?$AAh?$AAo?$AAr?$AAt?$AAc?$AAu?$AAt?$AA?$AA@ 100037a8     k.coredll_ALL:shortcut.obj
 0001:000027cc       ??_C@_1CG@KHDOLBDN@?$AAS?$AAH?$AAC?$AAr?$AAe?$AAa?$AAt?$AAe?$AAS?$AAh?$AAo?$AAr?$AAt?$AAc?$AAu?$AAt?$AAE?$AAx?$AA?$AA@ 100037cc     k.coredll_ALL:shortcut.obj
 0001:000027f4       ??_C@_1CI@EMHGIAGA@?$AAS?$AAH?$AAG?$AAe?$AAt?$AAS?$AAh?$AAo?$AAr?$AAt?$AAc?$AAu?$AAt?$AAT?$AAa?$AAr?$AAg?$AAe?$AAt?$AA?$AA@ 100037f4     k.coredll_ALL:shortcut.obj
 0001:0000281c       ??_C@_1CE@OKMNPDLN@?$AAS?$AAH?$AAA?$AAd?$AAd?$AAT?$AAo?$AAR?$AAe?$AAc?$AAe?$AAn?$AAt?$AAD?$AAo?$AAc?$AAs?$AA?$AA@ 1000381c     k.coredll_ALL:shortcut.obj
 0001:00002840       ??_C@_1BM@FJAFLHAI@?$AAS?$AAH?$AAG?$AAe?$AAt?$AAF?$AAi?$AAl?$AAe?$AAI?$AAn?$AAf?$AAo?$AA?$AA@ 10003840     k.coredll_ALL:fileinfo.obj
 0001:0000285c       ??_C@_1DM@HDJNFDOF@?$AAS?$AAY?$AAS?$AAT?$AAE?$AAM?$AA?2?$AAE?$AAx?$AAp?$AAl?$AAo?$AAr?$AAe?$AAr?$AA?2?$AAS?$AAh?$AAe?$AAl?$AAl?$AA?5?$AAF?$AAo?$AAl?$AAd?$AAe?$AAr?$AAs?$AA?$AA@ 1000385c     k.coredll_ALL:fileinfo.obj
 0001:00002898       ??_C@_1M@FHMAIGFB@?$AAF?$AAo?$AAn?$AAt?$AAs?$AA?$AA@ 10003898     k.coredll_ALL:fileinfo.obj
 0001:000028a4       ??_C@_1CC@EFMDJBCH@?$AAA?$AAp?$AAp?$AAl?$AAi?$AAc?$AAa?$AAt?$AAi?$AAo?$AAn?$AA?5?$AAD?$AAa?$AAt?$AAa?$AA?$AA@ 100038a4     k.coredll_ALL:fileinfo.obj
 0001:000028c8       ??_C@_1BA@HLGGGPNC@?$AAW?$AAi?$AAn?$AAd?$AAo?$AAw?$AAs?$AA?$AA@ 100038c8     k.coredll_ALL:fileinfo.obj
 0001:000028d8       ??_C@_1BM@EFAOKEIH@?$AAP?$AAr?$AAo?$AAg?$AAr?$AAa?$AAm?$AA?5?$AAF?$AAi?$AAl?$AAe?$AAs?$AA?$AA@ 100038d8     k.coredll_ALL:fileinfo.obj
 0001:000028f4       ??_C@_1BI@GHDPBHNA@?$AAM?$AAy?$AA?5?$AAP?$AAi?$AAc?$AAt?$AAu?$AAr?$AAe?$AAs?$AA?$AA@ 100038f4     k.coredll_ALL:fileinfo.obj
 0001:0000290c       ??_C@_1BK@GDCGLOBA@?$AAM?$AAy?$AA?5?$AAR?$AAi?$AAn?$AAg?$AAt?$AAo?$AAn?$AAe?$AAs?$AA?$AA@ 1000390c     k.coredll_ALL:fileinfo.obj
 0001:00002928       ??_C@_1O@GDCODDIN@?$AAT?$AAh?$AAe?$AAm?$AAe?$AAs?$AA?$AA@ 10003928     k.coredll_ALL:fileinfo.obj
 0001:00002938       ??_C@_1BA@CBCBMBGJ@?$AAD?$AAe?$AAs?$AAk?$AAt?$AAo?$AAp?$AA?$AA@ 10003938     k.coredll_ALL:fileinfo.obj
 0001:00002948       ??_C@_1BG@KKMFCJJO@?$AAS?$AAt?$AAa?$AAr?$AAt?$AA?5?$AAM?$AAe?$AAn?$AAu?$AA?$AA@ 10003948     k.coredll_ALL:fileinfo.obj
 0001:00002960       ??_C@_1BC@IEKACCOI@?$AAM?$AAy?$AA?5?$AAM?$AAu?$AAs?$AAi?$AAc?$AA?$AA@ 10003960     k.coredll_ALL:fileinfo.obj
 0001:00002974       ??_C@_1BE@PPMKFLIL@?$AAM?$AAy?$AA?5?$AAV?$AAi?$AAd?$AAe?$AAo?$AAs?$AA?$AA@ 10003974     k.coredll_ALL:fileinfo.obj
 0001:00002988       ??_C@_1O@CMKINKFN@?$AAR?$AAe?$AAc?$AAe?$AAn?$AAt?$AA?$AA@ 10003988     k.coredll_ALL:fileinfo.obj
 0001:00002998       ??_C@_1BC@PBJCNCJO@?$AAP?$AAr?$AAo?$AAg?$AAr?$AAa?$AAm?$AAs?$AA?$AA@ 10003998     k.coredll_ALL:fileinfo.obj
 0001:000029ac       ??_C@_1BK@MJDABIGH@?$AAM?$AAy?$AA?5?$AAD?$AAo?$AAc?$AAu?$AAm?$AAe?$AAn?$AAt?$AAs?$AA?$AA@ 100039ac     k.coredll_ALL:fileinfo.obj
 0001:000029c8       ??_C@_1BE@PDPMPIAC@?$AAF?$AAa?$AAv?$AAo?$AAr?$AAi?$AAt?$AAe?$AAs?$AA?$AA@ 100039c8     k.coredll_ALL:fileinfo.obj
 0001:000029dc       ??_C@_1BA@FPDLCHBC@?$AAS?$AAt?$AAa?$AAr?$AAt?$AAU?$AAp?$AA?$AA@ 100039dc     k.coredll_ALL:fileinfo.obj
 0001:000029ec       ??_C@_1BI@IGBINLPG@?$AAc?$AAe?$AAs?$AAh?$AAe?$AAl?$AAl?$AA?4?$AAd?$AAl?$AAl?$AA?$AA@ 100039ec     k.coredll_ALL:shmisc.obj
 0001:00002a04       ??_C@_1BK@HMCKJION@?$AAa?$AAy?$AAg?$AAs?$AAh?$AAe?$AAl?$AAl?$AA?4?$AAd?$AAl?$AAl?$AA?$AA@ 10003a04     k.coredll_ALL:shmisc.obj
 0001:00002a20       ??_C@_1CE@LINGOCGE@?$AAS?$AAH?$AAS?$AAh?$AAo?$AAw?$AAO?$AAu?$AAt?$AAO?$AAf?$AAM?$AAe?$AAm?$AAo?$AAr?$AAy?$AA?$AA@ 10003a20     k.coredll_ALL:shmisc.obj
 0001:00002a44       ??_C@_1DG@DBMHEFHA@?$AAS?$AAI?$AAP?$AA?5?$AAW?$AAn?$AAd?$AA?5?$AAA?$AAu?$AAt?$AAo?$AA?9?$AAD?$AAe?$AAp?$AAl?$AAo?$AAy?$AA?5?$AAS?$AAt?$AAa?$AAt?$AAu?$AAs?$AA?$AA@ 10003a44     k.coredll_ALL:sipauto.obj
 0001:00002a88       ??_C@_17OADJODNB@?$AA?$CF?$AAl?$AAd?$AA?$AA@ 10003a88     k.coredll_ALL:shlexec.obj
 0001:00002a90       ??_C@_15BHOFONJE@?$AA?$CF?$AAX?$AA?$AA@ 10003a90     k.coredll_ALL:shlexec.obj
 0001:00002a98       ??_C@_1BO@LNMJHMPG@?$AAM?$AAD?$AAP?$AAG?$AA?2?$AAA?$AAp?$AAp?$AAL?$AAa?$AAu?$AAn?$AAc?$AAh?$AA?$AA@ 10003a98     k.coredll_ALL:shlexec.obj
 0001:00002ab8       ??_C@_1BE@DKFDNDOE@?$AAL?$AAa?$AAu?$AAn?$AAc?$AAh?$AAi?$AAn?$AAg?$AA?$AA@ 10003ab8     k.coredll_ALL:shlexec.obj
 0001:00002acc       ??_C@_19GBMGDAIM@?$AA?$CC?$AA?$CF?$AAs?$AA?$CC?$AA?$AA@ 10003acc     k.coredll_ALL:shlexec.obj
 0001:00002ad8       ??_C@_1CI@MAEFHGE@?$AA?$CF?$AAs?$AA?2?$AAS?$AAh?$AAe?$AAl?$AAl?$AA?2?$AA?$CF?$AAs?$AA?2?$AAC?$AAo?$AAm?$AAm?$AAa?$AAn?$AAd?$AA?$AA@ 10003ad8     k.coredll_ALL:shlexec.obj
 0001:00002b00       ??_C@_13NEIAEHFG@?$AA?$CC?$AA?$AA@ 10003b00     k.coredll_ALL:shlexec.obj
 0001:00002b04       ??_C@_19DOGDICKI@?$AA?4?$AAe?$AAx?$AAe?$AA?$AA@ 10003b04     k.coredll_ALL:shlexec.obj
 0001:00002b10       ??_C@_19FJECFBDK@?$AA?3?$AA?3?$AA?$CF?$AAs?$AA?$AA@ 10003b10     k.coredll_ALL:shlexec.obj
 0001:00002b1c       ??_C@_1M@MOFLFCEC@?$AA?$CF?$AAs?$AA?5?$AA?$CF?$AAs?$AA?$AA@ 10003b1c     k.coredll_ALL:shlexec.obj
 0001:00002b28       ??_C@_1CC@IAKDAMCL@?$AAS?$AAh?$AAe?$AAl?$AAl?$AA?2?$AA?$CF?$AAs?$AA?2?$AAC?$AAo?$AAm?$AAm?$AAa?$AAn?$AAd?$AA?$AA@ 10003b28     k.coredll_ALL:shlexec.obj
 0001:00002b4c       ??_C@_19BDAJEHDN@?$AAo?$AAp?$AAe?$AAn?$AA?$AA@ 10003b4c     k.coredll_ALL:shlexec.obj
 0001:00002b58       ??_C@_1BK@IBPJPEFD@?$AAU?$AAR?$AAL?$AA?5?$AAP?$AAr?$AAo?$AAt?$AAo?$AAc?$AAo?$AAl?$AA?$AA@ 10003b58     k.coredll_ALL:shlexec.obj
 0001:00002b74       ??_C@_1M@COFMOMBK@?$AAf?$AAi?$AAl?$AAe?$AA?3?$AA?$AA@ 10003b74     k.coredll_ALL:shlexec.obj
 0001:00002b80       ??_C@_1BA@FLCPIJCD@?$AAf?$AAi?$AAl?$AAe?$AA?3?$AA?1?$AA?1?$AA?$AA@ 10003b80     k.coredll_ALL:shlexec.obj
 0001:00002b90       ??_C@_1M@GDKKHBKI@?$AAS?$AAI?$AAP?$AA0?$AA?3?$AA?$AA@ 10003b90     k.coredll_ALL:sipapi.obj
 0001:00002b9c       wszKey                     10003b9c     k.coredll_ALL:stioinit.obj
 0001:00002bbc       wszValName                 10003bbc     k.coredll_ALL:stioinit.obj
 0001:00002bd0       wszSpeedValName            10003bd0     k.coredll_ALL:stioinit.obj
 0001:00002be4       ??_C@_0BA@OFEKGFFN@GetCommTimeouts?$AA@ 10003be4     k.coredll_ALL:stioinit.obj
 0001:00002bf4       ??_C@_0N@NHAHINCA@GetCommState?$AA@ 10003bf4     k.coredll_ALL:stioinit.obj
 0001:00002c04       ??_C@_0BA@NHFMBHEE@SetCommTimeouts?$AA@ 10003c04     k.coredll_ALL:stioinit.obj
 0001:00002c14       ??_C@_0N@KDLJEBGM@SetCommState?$AA@ 10003c14     k.coredll_ALL:stioinit.obj
 0001:00002c24       ??_C@_1CA@PMHDNDGC@?$AAD?$AAr?$AAi?$AAv?$AAe?$AAr?$AAs?$AA?2?$AAC?$AAo?$AAn?$AAs?$AAo?$AAl?$AAe?$AA?$AA@ 10003c24     k.coredll_ALL:stioinit.obj
 0001:00002c44       ??_C@_0BB@HKOKMKHD@ActivateDeviceEx?$AA@ 10003c44     k.coredll_ALL:stioinit.obj
 0001:00002c58       ??_C@_0BB@IKFCLJM@DeactivateDevice?$AA@ 10003c58     k.coredll_ALL:stioinit.obj
 0001:00002c6c       ??_C@_0CD@MKCILEDE@GetDeviceInformationByDeviceHand@ 10003c6c     k.coredll_ALL:stioinit.obj
 0001:00002c90       ??_C@_1M@FFOOHKJB@?$AAC?$AAO?$AAX?$AAX?$AA?3?$AA?$AA@ 10003c90     k.coredll_ALL:stioinit.obj
 0001:00002cc0       ??_7bad_cast@std@@6B@      10003cc0     k.coredll_ALL:rtti.obj
 0001:00002ccc       ??_7bad_typeid@std@@6B@    10003ccc     k.coredll_ALL:rtti.obj
 0001:00002cd8       ??_7__non_rtti_object@std@@6B@ 10003cd8     k.coredll_ALL:rtti.obj
 0001:00002ce0       ??_C@_0CE@FFJAJLDK@Attempted?5a?5typeid?5of?5NULL?5point@ 10003ce0     k.coredll_ALL:rtti.obj
 0001:00002d04       ??_C@_0CB@CGKGGDFI@Access?5violation?5?9?5no?5RTTI?5data?$CB@ 10003d04     k.coredll_ALL:rtti.obj
 0001:00002d28       ??_C@_0BC@JNJNLHBP@Bad?5dynamic_cast?$CB?$AA@ 10003d28     k.coredll_ALL:rtti.obj
 0001:00002d3c       DoubleFormat               10003d3c     k.coredll_ALL:intrncvt.obj
 0001:00002d54       FloatFormat                10003d54     k.coredll_ALL:intrncvt.obj
 0001:00002d6c       ??_C@_1M@OLNOBINK@?$AA?$CF?$AA0?$AA8?$AAl?$AAx?$AA?$AA@ 10003d6c     k.coredll_ALL:tapilib.obj
 0001:00002d78       ??_C@_1M@FMBJDHJK@?$AAP?$AAH?$AAO?$AAN?$AAE?$AA?$AA@ 10003d78     k.coredll_ALL:tapilib.obj
 0001:00002d84       ??_C@_19DHLJGKHC@?$AAL?$AAI?$AAN?$AAE?$AA?$AA@ 10003d84     k.coredll_ALL:tapilib.obj
 0001:00002d90       ??_C@_19KDCPGMII@?$AAT?$AAA?$AAP?$AAI?$AA?$AA@ 10003d90     k.coredll_ALL:tapilib.obj
 0001:00002d9c       ??_C@_0BA@OEECKJGD@BCryptGenRandom?$AA@ 10003d9c     k.coredll_ALL:rand_s.obj
 0001:00002dac       ??_C@_1BG@OACMLAMN@?$AAB?$AAC?$AAR?$AAY?$AAP?$AAT?$AA?4?$AAD?$AAL?$AAL?$AA?$AA@ 10003dac     k.coredll_ALL:rand_s.obj
 0001:00002dc4       ??_C@_0BB@CBCHFKM@DefaultImeWndGet?$AA@ 10003dc4     k.coredll_ALL:immpriv.obj
 0001:00002dd8       ??_C@_0BD@FONIKLPM@ImmGetIMCLockCount?$AA@ 10003dd8     k.coredll_ALL:immpriv.obj
 0001:00002dec       ??_C@_0O@FMCBOIJM@ImmCreateIMCC?$AA@ 10003dec     k.coredll_ALL:immpriv.obj
 0001:00002dfc       ??_C@_0P@GODJKMIA@ImmDestroyIMCC?$AA@ 10003dfc     k.coredll_ALL:immpriv.obj
 0001:00002e0c       ??_C@_0O@CINKLALG@ImmReSizeIMCC?$AA@ 10003e0c     k.coredll_ALL:immpriv.obj
 0001:00002e1c       ??_C@_0P@DIHAJOAP@ImmGetIMCCSize?$AA@ 10003e1c     k.coredll_ALL:immpriv.obj
 0001:00002e2c       ??_C@_0BB@FCFPOMFK@ImmCreateContext?$AA@ 10003e2c     k.coredll_ALL:immpriv.obj
 0001:00002e40       ??_C@_0L@JGAMEFKO@ImmLockIMC?$AA@ 10003e40     k.coredll_ALL:immpriv.obj
 0001:00002e4c       ??_C@_0N@PDIACEGP@ImmUnlockIMC?$AA@ 10003e4c     k.coredll_ALL:immpriv.obj
 0001:00002e5c       ??_C@_0BC@MABKKECL@ImmDestroyContext?$AA@ 10003e5c     k.coredll_ALL:immpriv.obj
 0001:00002e70       ??_C@_0BB@GAPKNCDL@ImmGetOpenStatus?$AA@ 10003e70     k.coredll_ALL:immpriv.obj
 0001:00002e84       ??_C@_0BB@BPOEGBEM@ImmSetOpenStatus?$AA@ 10003e84     k.coredll_ALL:immpriv.obj
 0001:00002e98       ??_C@_0O@JHCEAIH@DefaultImcGet?$AA@ 10003e98     k.coredll_ALL:immpriv.obj
 0001:00002ea8       ??_C@_0BE@NEOMLMGC@ImmSetActiveContext?$AA@ 10003ea8     k.coredll_ALL:immpriv.obj
 0001:00002ebc       ??_C@_0BE@BDEIBNIK@ImmAssociateContext?$AA@ 10003ebc     k.coredll_ALL:immpriv.obj
 0001:00002ed0       ??_C@_0BG@DDNNLDIF@ImmAssociateContextEx?$AA@ 10003ed0     k.coredll_ALL:immpriv.obj
 0001:00002ee8       ??_C@_0BG@CBDHANEM@ImmGetCandidateWindow?$AA@ 10003ee8     k.coredll_ALL:immpriv.obj
 0001:00002f00       ??_C@_0BH@PFJIAOEP@ImmGetCompositionFontW?$AA@ 10003f00     k.coredll_ALL:immpriv.obj
 0001:00002f18       ??_C@_0BI@OLHJLMOO@ImmGetCompositionWindow?$AA@ 10003f18     k.coredll_ALL:immpriv.obj
 0001:00002f30       ??_C@_0BH@GMNMAKPF@ImmGetConversionStatus?$AA@ 10003f30     k.coredll_ALL:immpriv.obj
 0001:00002f48       ??_C@_0BG@IALGDJND@ImmGetStatusWindowPos?$AA@ 10003f48     k.coredll_ALL:immpriv.obj
 0001:00002f60       ??_C@_0BJ@BIPOEMOA@ImmGetCompositionStringW?$AA@ 10003f60     k.coredll_ALL:immpriv.obj
 0001:00002f7c       ??_C@_0BK@CMGCELA@ImmGetCandidateListCountW?$AA@ 10003f7c     k.coredll_ALL:immpriv.obj
 0001:00002f98       ??_C@_0BF@INEDHPDK@ImmGetCandidateListW?$AA@ 10003f98     k.coredll_ALL:immpriv.obj
 0001:00002fb0       ??_C@_0BB@IKGELMKC@ImmGetGuideLineW?$AA@ 10003fb0     k.coredll_ALL:immpriv.obj
 0001:00002fc4       ??_C@_0BG@NLBNDLKE@ImmSetCandidateWindow?$AA@ 10003fc4     k.coredll_ALL:immpriv.obj
 0001:00002fdc       ??_C@_0BH@FLLDEODD@ImmSetCompositionFontW?$AA@ 10003fdc     k.coredll_ALL:immpriv.obj
 0001:00002ff4       ??_C@_0BI@LCGEKKLJ@ImmSetCompositionWindow?$AA@ 10003ff4     k.coredll_ALL:immpriv.obj
 0001:0000300c       ??_C@_0BH@MCPHEKIJ@ImmSetConversionStatus?$AA@ 1000400c     k.coredll_ALL:immpriv.obj
 0001:00003024       ??_C@_0BG@HKJMAPDL@ImmSetStatusWindowPos?$AA@ 10004024     k.coredll_ALL:immpriv.obj
 0001:0000303c       ??_C@_0BJ@ONKIJFKB@ImmSetCompositionStringW?$AA@ 1000403c     k.coredll_ALL:immpriv.obj
 0001:00003058       ??_C@_0BG@CEMBACJL@ImmGetConversionListW?$AA@ 10004058     k.coredll_ALL:immpriv.obj
 0001:00003070       ??_C@_0BE@LPNAGBML@ImmGetDefaultIMEWnd?$AA@ 10004070     k.coredll_ALL:immpriv.obj
 0001:00003084       ??_C@_0BD@LAEMGHE@ImmGenerateMessage?$AA@ 10004084     k.coredll_ALL:immpriv.obj
 0001:00003098       ??_C@_0BB@CEHHIDO@ImmGetVirtualKey?$AA@ 10004098     k.coredll_ALL:immpriv.obj
 0001:000030ac       ??_C@_0BF@LOBGHPAI@ImmGetKeyboardLayout?$AA@ 100040ac     k.coredll_ALL:immpriv.obj
 0001:000030c4       ??_C@_0N@DGMAHKKE@ImmEnableIME?$AA@ 100040c4     k.coredll_ALL:immpriv.obj
 0001:000030d4       ??_C@_0O@IBBIJLBJ@ImmDisableIME?$AA@ 100040d4     k.coredll_ALL:immpriv.obj
 0001:000030e4       ??_C@_0N@OLIMKHEA@ImmNotifyIME?$AA@ 100040e4     k.coredll_ALL:immpriv.obj
 0001:000030f4       ??_C@_0L@PGFOMHLI@ImmEscapeW?$AA@ 100040f4     k.coredll_ALL:immpriv.obj
 0001:00003100       ??_C@_0BC@BECLFCLJ@ImmActivateLayout?$AA@ 10004100     k.coredll_ALL:immpriv.obj
 0001:00003114       ??_C@_0BE@GBDDC@ImmSendNotification?$AA@ 10004114     k.coredll_ALL:immpriv.obj
 0001:00003128       ??_C@_0BB@EAHIHCJ@ImmRegisterWordW?$AA@ 10004128     k.coredll_ALL:immpriv.obj
 0001:0000313c       ??_C@_0BD@JDHCBEIN@ImmUnregisterWordW?$AA@ 1000413c     k.coredll_ALL:immpriv.obj
 0001:00003150       ??_C@_0BJ@HMLILJCH@ImmGetRegisterWordStyleW?$AA@ 10004150     k.coredll_ALL:immpriv.obj
 0001:0000316c       ??_C@_0BF@MCKFHGFC@ImmEnumRegisterWordW?$AA@ 1000416c     k.coredll_ALL:immpriv.obj
 0001:00003184       ??_C@_0BB@IEDKBENO@ImmConfigureIMEW?$AA@ 10004184     k.coredll_ALL:immpriv.obj
 0001:00003198       ??_C@_0BE@PBHEJAFK@ImmGetImeMenuItemsW?$AA@ 10004198     k.coredll_ALL:immpriv.obj
 0001:000031ac       ??_C@_08EPDNLFJN@ImmIsIME?$AA@ 100041ac     k.coredll_ALL:immpriv.obj
 0001:000031b8       ??_C@_0BD@HPLFKLEC@ImmGetIMEFileNameW?$AA@ 100041b8     k.coredll_ALL:immpriv.obj
 0001:000031cc       ??_C@_0BD@CPFBAGDA@ImmGetDescriptionW?$AA@ 100041cc     k.coredll_ALL:immpriv.obj
 0001:000031e0       ??_C@_0BC@BOFPIAIK@ImmGetUIClassName?$AA@ 100041e0     k.coredll_ALL:immpriv.obj
 0001:000031f4       ??_C@_0P@KLJNOAPA@ImmGetProperty?$AA@ 100041f4     k.coredll_ALL:immpriv.obj
 0001:00003204       ??_C@_0BC@OMCMFCHK@ImmSimulateHotKey?$AA@ 10004204     k.coredll_ALL:immpriv.obj
 0001:00003218       ??_C@_0BE@HEMDDHKL@ImmTranslateMessage?$AA@ 10004218     k.coredll_ALL:immpriv.obj
 0001:0000322c       ??_C@_0O@HPILKKJJ@ImmProcessKey?$AA@ 1000422c     k.coredll_ALL:immpriv.obj
 0001:0000323c       ??_C@_0BA@IFKAHMPP@ImmSetImeWndIMC?$AA@ 1000423c     k.coredll_ALL:immpriv.obj
 0001:0000324c       ??_C@_0BD@FLEKJJEI@ImmRequestMessageW?$AA@ 1000424c     k.coredll_ALL:immpriv.obj
 0001:00003260       ??_C@_0BB@MMPIGEFO@ImmUpdateHKLList?$AA@ 10004260     k.coredll_ALL:immpriv.obj
 0001:00003274       ??_C@_0BK@CFCOFLF@?5Complete?5Object?5Locator?8?$AA@ 10004274     k.coredll_ALL:undname.obj
 0001:00003290       ??_C@_0BN@MECKDCOJ@?5Class?5Hierarchy?5Descriptor?8?$AA@ 10004290     k.coredll_ALL:undname.obj
 0001:000032b0       ??_C@_0BD@LGICGFMM@?5Base?5Class?5Array?8?$AA@ 100042b0     k.coredll_ALL:undname.obj
 0001:000032c4       ??_C@_0BM@LDKODKLH@?5Base?5Class?5Descriptor?5at?5?$CI?$AA@ 100042c4     k.coredll_ALL:undname.obj
 0001:000032e0       ??_C@_0BC@DAFEJGAK@?5Type?5Descriptor?8?$AA@ 100042e0     k.coredll_ALL:undname.obj
 0001:000032f4       ??_C@_0BM@PMGGMLDN@?$GAlocal?5static?5thread?5guard?8?$AA@ 100042f4     k.coredll_ALL:undname.obj
 0001:00003310       ??_C@_0CL@FGIJHLCE@?$GAmanaged?5vector?5copy?5constructor@ 10004310     k.coredll_ALL:undname.obj
 0001:0000333c       ??_C@_0CJ@GJELGAMM@?$GAvector?5vbase?5copy?5constructor?5i@ 1000433c     k.coredll_ALL:undname.obj
 0001:00003368       ??_C@_0CD@CGAJBKEJ@?$GAvector?5copy?5constructor?5iterato@ 10004368     k.coredll_ALL:undname.obj
 0001:0000338c       ??_C@_0CB@PDBIFEP@?$GAdynamic?5atexit?5destructor?5for?5?8@ 1000438c     k.coredll_ALL:undname.obj
 0001:000033b0       ??_C@_0BL@CLIPGLGB@?$GAdynamic?5initializer?5for?5?8?$AA@ 100043b0     k.coredll_ALL:undname.obj
 0001:000033cc       ??_C@_0CM@FCBBDIGB@?$GAeh?5vector?5vbase?5copy?5constructo@ 100043cc     k.coredll_ALL:undname.obj
 0001:000033f8       ??_C@_0CG@HLDDJMAG@?$GAeh?5vector?5copy?5constructor?5iter@ 100043f8     k.coredll_ALL:undname.obj
 0001:00003420       ??_C@_0CF@IMGKMJNO@?$GAmanaged?5vector?5destructor?5itera@ 10004420     k.coredll_ALL:undname.obj
 0001:00003448       ??_C@_0CG@CFDHKGGD@?$GAmanaged?5vector?5constructor?5iter@ 10004448     k.coredll_ALL:undname.obj
 0001:00003470       ??_C@_0BN@CKNJLHMB@?$GAplacement?5delete?$FL?$FN?5closure?8?$AA@ 10004470     k.coredll_ALL:undname.obj
 0001:00003490       ??_C@_0BL@CNOONJFP@?$GAplacement?5delete?5closure?8?$AA@ 10004490     k.coredll_ALL:undname.obj
 0001:000034ac       ??_C@_0P@HJKNJFNN@?$GAomni?5callsig?8?$AA@ 100044ac     k.coredll_ALL:undname.obj
 0001:000034bc       ??_C@_09LBNFPBCA@?5delete?$FL?$FN?$AA@ 100044bc     k.coredll_ALL:undname.obj
 0001:000034c8       ??_C@_06FHBGPFGH@?5new?$FL?$FN?$AA@ 100044c8     k.coredll_ALL:undname.obj
 0001:000034d0       ??_C@_0CE@IIHCMGGL@?$GAlocal?5vftable?5constructor?5closu@ 100044d0     k.coredll_ALL:undname.obj
 0001:000034f4       ??_C@_0BA@KKLDJDLB@?$GAlocal?5vftable?8?$AA@ 100044f4     k.coredll_ALL:undname.obj
 0001:00003504       ??_C@_05KHLCHHI@?$GARTTI?$AA@ 10004504     k.coredll_ALL:undname.obj
 0001:0000350c       ??_C@_03KLGMFNMG@?$GAEH?$AA@ 1000450c     k.coredll_ALL:undname.obj
 0001:00003510       ??_C@_0BA@KBCDOMBN@?$GAudt?5returning?8?$AA@ 10004510     k.coredll_ALL:undname.obj
 0001:00003520       ??_C@_0BL@LLKPOHJI@?$GAcopy?5constructor?5closure?8?$AA@ 10004520     k.coredll_ALL:undname.obj
 0001:0000353c       ??_C@_0CH@OOJPLCPH@?$GAeh?5vector?5vbase?5constructor?5ite@ 1000453c     k.coredll_ALL:undname.obj
 0001:00003564       ??_C@_0CA@GCEOPDGL@?$GAeh?5vector?5destructor?5iterator?8?$AA@ 10004564     k.coredll_ALL:undname.obj
 0001:00003584       ??_C@_0CB@JONCMFFK@?$GAeh?5vector?5constructor?5iterator?8@ 10004584     k.coredll_ALL:undname.obj
 0001:000035a8       ??_C@_0BL@NILFHHPC@?$GAvirtual?5displacement?5map?8?$AA@ 100045a8     k.coredll_ALL:undname.obj
 0001:000035c4       ??_C@_0CE@IKBNEHA@?$GAvector?5vbase?5constructor?5iterat@ 100045c4     k.coredll_ALL:undname.obj
 0001:000035e8       ??_C@_0BN@LFPFMEDL@?$GAvector?5destructor?5iterator?8?$AA@ 100045e8     k.coredll_ALL:undname.obj
 0001:00003608       ??_C@_0BO@PFGOCPJJ@?$GAvector?5constructor?5iterator?8?$AA@ 10004608     k.coredll_ALL:undname.obj
 0001:00003628       ??_C@_0BN@IMDCHIKM@?$GAscalar?5deleting?5destructor?8?$AA@ 10004628     k.coredll_ALL:undname.obj
 0001:00003648       ??_C@_0BO@OBMKPJIG@?$GAdefault?5constructor?5closure?8?$AA@ 10004648     k.coredll_ALL:undname.obj
 0001:00003668       ??_C@_0BN@DEGPLNFK@?$GAvector?5deleting?5destructor?8?$AA@ 10004668     k.coredll_ALL:undname.obj
 0001:00003688       ??_C@_0BD@JDLKDPAB@?$GAvbase?5destructor?8?$AA@ 10004688     k.coredll_ALL:undname.obj
 0001:0000369c       ??_C@_08OBABFOLI@?$GAstring?8?$AA@ 1000469c     k.coredll_ALL:undname.obj
 0001:000036a8       ??_C@_0BF@KDPPACIK@?$GAlocal?5static?5guard?8?$AA@ 100046a8     k.coredll_ALL:undname.obj
 0001:000036c0       ??_C@_08LLFFHHDJ@?$GAtypeof?8?$AA@ 100046c0     k.coredll_ALL:undname.obj
 0001:000036cc       ??_C@_07FEEIOKP@?$GAvcall?8?$AA@ 100046cc     k.coredll_ALL:undname.obj
 0001:000036d4       ??_C@_09BLBHBJP@?$GAvbtable?8?$AA@ 100046d4     k.coredll_ALL:undname.obj
 0001:000036e0       ??_C@_09IFPLHPGF@?$GAvftable?8?$AA@ 100046e0     k.coredll_ALL:undname.obj
 0001:000036ec       ??_C@_02MHEGNOJ@?$FO?$DN?$AA@ 100046ec     k.coredll_ALL:undname.obj
 0001:000036f0       ??_C@_02DHLNPPGH@?$HM?$DN?$AA@ 100046f0     k.coredll_ALL:undname.obj
 0001:000036f4       ??_C@_02FGJGFEAB@?$CG?$DN?$AA@ 100046f4     k.coredll_ALL:undname.obj
 0001:000036f8       ??_C@_03CDNPDDLA@?$DM?$DM?$DN?$AA@ 100046f8     k.coredll_ALL:undname.obj
 0001:000036fc       ??_C@_03IKFCCPFF@?$DO?$DO?$DN?$AA@ 100046fc     k.coredll_ALL:undname.obj
 0001:00003700       ??_C@_02FENAOKFI@?$CF?$DN?$AA@ 10004700     k.coredll_ALL:undname.obj
 0001:00003704       ??_C@_02FJEHGPIO@?1?$DN?$AA@ 10004704     k.coredll_ALL:undname.obj
 0001:00003708       ??_C@_02FKMDLLOA@?9?$DN?$AA@ 10004708     k.coredll_ALL:undname.obj
 0001:0000370c       ??_C@_02FOEOMHFC@?$CL?$DN?$AA@ 1000470c     k.coredll_ALL:undname.obj
 0001:00003710       ??_C@_02FPIMKNGF@?$CK?$DN?$AA@ 10004710     k.coredll_ALL:undname.obj
 0001:00003714       ??_C@_02NONPIBCD@?$HM?$HM?$AA@ 10004714     k.coredll_ALL:undname.obj
 0001:00003718       ??_C@_02PPKAJPJL@?$CG?$CG?$AA@ 10004718     k.coredll_ALL:undname.obj
 0001:0000371c       ??_C@_01DNKMNLPK@?$HM?$AA@ 1000471c     k.coredll_ALL:undname.obj
 0001:00003720       ??_C@_01JKBOJNNK@?$FO?$AA@ 10004720     k.coredll_ALL:undname.obj
 0001:00003724       ??_C@_01PJKLJHI@?$HO?$AA@  10004724     k.coredll_ALL:undname.obj
 0001:00003728       ??_C@_02HCKGKOFO@?$CI?$CJ?$AA@ 10004728     k.coredll_ALL:undname.obj
 0001:0000372c       ??_C@_01IHBHIGKO@?0?$AA@   1000472c     k.coredll_ALL:undname.obj
 0001:00003730       ??_C@_02EEKDKGMJ@?$DO?$DN?$AA@ 10004730     k.coredll_ALL:undname.obj
 0001:00003734       ??_C@_01PPODPGHN@?$DO?$AA@ 10004734     k.coredll_ALL:undname.obj
 0001:00003738       ??_C@_02EHCHHCKH@?$DM?$DN?$AA@ 10004738     k.coredll_ALL:undname.obj
 0001:0000373c       ??_C@_01MNNFJEPP@?$DM?$AA@ 1000473c     k.coredll_ALL:undname.obj
 0001:00003740       ??_C@_01FGNFDNOH@?$CF?$AA@ 10004740     k.coredll_ALL:undname.obj
 0001:00003744       ??_C@_01KMDKNFGN@?1?$AA@   10004744     k.coredll_ALL:undname.obj
 0001:00003748       ??_C@_03MNHNFDLC@?9?$DO?$CK?$AA@ 10004748     k.coredll_ALL:undname.obj
 0001:0000374c       ??_C@_01HNPIGOCE@?$CG?$AA@ 1000474c     k.coredll_ALL:undname.obj
 0001:00003750       ??_C@_01MIFGBAGJ@?$CL?$AA@ 10004750     k.coredll_ALL:undname.obj
 0001:00003754       ??_C@_01JOAMLHOP@?9?$AA@   10004754     k.coredll_ALL:undname.obj
 0001:00003758       ??_C@_02BAABKJLB@?9?9?$AA@ 10004758     k.coredll_ALL:undname.obj
 0001:0000375c       ??_C@_02ECNGHCIF@?$CL?$CL?$AA@ 1000475c     k.coredll_ALL:undname.obj
 0001:00003760       ??_C@_01NBENCBCI@?$CK?$AA@ 10004760     k.coredll_ALL:undname.obj
 0001:00003764       ??_C@_02HBOOOICD@?9?$DO?$AA@ 10004764     k.coredll_ALL:undname.obj
 0001:00003768       ??_C@_08LHJFAFGD@operator?$AA@ 10004768     k.coredll_ALL:undname.obj
 0001:00003774       ??_C@_02GPECMEKF@?$FL?$FN?$AA@ 10004774     k.coredll_ALL:undname.obj
 0001:00003778       ??_C@_02FDNJECIE@?$CB?$DN?$AA@ 10004778     k.coredll_ALL:undname.obj
 0001:0000377c       ??_C@_02EGOFBIJA@?$DN?$DN?$AA@ 1000477c     k.coredll_ALL:undname.obj
 0001:00003780       ??_C@_01DCLJPIOD@?$CB?$AA@ 10004780     k.coredll_ALL:undname.obj
 0001:00003784       ??_C@_02FODMEDOG@?$DM?$DM?$AA@ 10004784     k.coredll_ALL:undname.obj
 0001:00003788       ??_C@_02GPIOPFAK@?$DO?$DO?$AA@ 10004788     k.coredll_ALL:undname.obj
 0001:0000378c       ??_C@_01NEMOKFLO@?$DN?$AA@ 1000478c     k.coredll_ALL:undname.obj
 0001:00003790       ??_C@_07FPCDHGMM@?5delete?$AA@ 10004790     k.coredll_ALL:undname.obj
 0001:00003798       ??_C@_04NIHEBCM@?5new?$AA@ 10004798     k.coredll_ALL:undname.obj
 0001:000037a0       ??_C@_0M@GFIIJFMG@__unaligned?$AA@ 100047a0     k.coredll_ALL:undname.obj
 0001:000037ac       ??_C@_0L@PILCLIHE@__restrict?$AA@ 100047ac     k.coredll_ALL:undname.obj
 0001:000037b8       ??_C@_07JOMMBBKO@__ptr64?$AA@ 100047b8     k.coredll_ALL:undname.obj
 0001:000037c0       ??_C@_06GHPCKEAG@__eabi?$AA@ 100047c0     k.coredll_ALL:undname.obj
 0001:000037c8       ??_C@_09HIJEGCPM@__clrcall?$AA@ 100047c8     k.coredll_ALL:undname.obj
 0001:000037d4       ??_C@_0L@JMKHOMEK@__fastcall?$AA@ 100047d4     k.coredll_ALL:undname.obj
 0001:000037e0       ??_C@_0L@NPHFGOKO@__thiscall?$AA@ 100047e0     k.coredll_ALL:undname.obj
 0001:000037ec       ??_C@_09IFJBGAPI@__stdcall?$AA@ 100047ec     k.coredll_ALL:undname.obj
 0001:000037f8       ??_C@_08GHMPAG@__pascal?$AA@ 100047f8     k.coredll_ALL:undname.obj
 0001:00003804       ??_C@_07KOLFKCDI@__cdecl?$AA@ 10004804     k.coredll_ALL:undname.obj
 0001:0000380c       ??_C@_08EHJDFFNH@__based?$CI?$AA@ 1000480c     k.coredll_ALL:undname.obj
 0001:000039a0       ??_7charNode@@6B@          100049a0     k.coredll_ALL:undname.obj
 0001:000039b0       ??_7pDNameNode@@6B@        100049b0     k.coredll_ALL:undname.obj
 0001:000039c0       ??_7DNameStatusNode@@6B@   100049c0     k.coredll_ALL:undname.obj
 0001:000039d0       ??_7pairNode@@6B@          100049d0     k.coredll_ALL:undname.obj
 0001:000039e0       ??_7pcharNode@@6B@         100049e0     k.coredll_ALL:undname.obj
 0001:000039ec       ??_C@_04OKOHEJBO@?5?$DP?$DP?5?$AA@ 100049ec     k.coredll_ALL:undname.obj
 0001:000039f4       ??_C@_06EEGAIFAK@?$HLflat?$HN?$AA@ 100049f4     k.coredll_ALL:undname.obj
 0001:000039fc       ??_C@_05JIBOFOHK@?$HLfor?5?$AA@ 100049fc     k.coredll_ALL:undname.obj
 0001:00003a04       ??_C@_0BN@IBLMMFAP@?$GAnon?9type?9template?9parameter?$AA@ 10004a04     k.coredll_ALL:undname.obj
 0001:00003a24       ??_C@_09EBBEKKIH@unsigned?5?$AA@ 10004a24     k.coredll_ALL:undname.obj
 0001:00003a30       ??_C@_05CJIMAING@long?5?$AA@ 10004a30     k.coredll_ALL:undname.obj
 0001:00003a38       ??_C@_04LAHKHJMA@int?5?$AA@ 10004a38     k.coredll_ALL:undname.obj
 0001:00003a40       ??_C@_06EHJMALKF@short?5?$AA@ 10004a40     k.coredll_ALL:undname.obj
 0001:00003a48       ??_C@_05CIHEBHNO@char?5?$AA@ 10004a48     k.coredll_ALL:undname.obj
 0001:00003a50       ??_C@_04GKJNKENE@void?$AA@ 10004a50     k.coredll_ALL:undname.obj
 0001:00003a58       ??_C@_0L@EGPHHEKN@?$DMellipsis?$DO?$AA@ 10004a58     k.coredll_ALL:undname.obj
 0001:00003a64       ??_C@_03KHICJKCI@?4?4?4?$AA@ 10004a64     k.coredll_ALL:undname.obj
 0001:00003a68       ??_C@_0M@ELJOJFFH@?0?$DMellipsis?$DO?$AA@ 10004a68     k.coredll_ALL:undname.obj
 0001:00003a74       ??_C@_04EENFHACM@?0?4?4?4?$AA@ 10004a74     k.coredll_ALL:undname.obj
 0001:00003a7c       ??_C@_07HDJPLPEK@?5throw?$CI?$AA@ 10004a7c     k.coredll_ALL:undname.obj
 0001:00003a84       ??_C@_02GOGNNPBN@?$CJ?$FL?$AA@ 10004a84     k.coredll_ALL:undname.obj
 0001:00003a88       ??_C@_02MDINNEEG@s?5?$AA@  10004a88     k.coredll_ALL:undname.obj
 0001:00003a8c       ??_C@_0BE@EODMJLIF@?$GAtemplate?9parameter?$AA@ 10004a8c     k.coredll_ALL:undname.obj
 0001:00003aa0       ??_C@_01GEODFPGF@?8?$AA@   10004aa0     k.coredll_ALL:undname.obj
 0001:00003aa4       ??_C@_04HIBGFPH@NULL?$AA@  10004aa4     k.coredll_ALL:undname.obj
 0001:00003aac       ??_C@_0O@GKABPPIF@cli?3?3pin_ptr?$DM?$AA@ 10004aac     k.coredll_ALL:undname.obj
 0001:00003abc       ??_C@_0M@EALIELKG@cli?3?3array?$DM?$AA@ 10004abc     k.coredll_ALL:undname.obj
 0001:00003ac8       ??_C@_05BEFAKPML@void?5?$AA@ 10004ac8     k.coredll_ALL:undname.obj
 0001:00003ad0       ??_C@_02OHHJMEON@?8?8?$AA@ 10004ad0     k.coredll_ALL:undname.obj
 0001:00003ad4       ??_C@_0BG@JNJLAMPM@?$GAanonymous?5namespace?8?$AA@ 10004ad4     k.coredll_ALL:undname.obj
 0001:00003aec       ??_C@_01NLNLIGKH@?$GA?$AA@ 10004aec     k.coredll_ALL:undname.obj
 0001:00003af0       ??_C@_0O@KHGCOMHP@generic?9type?9?$AA@ 10004af0     k.coredll_ALL:undname.obj
 0001:00003b00       ??_C@_0BE@JAEOCHPE@template?9parameter?9?$AA@ 10004b00     k.coredll_ALL:undname.obj
 0001:00003b14       ??_C@_02MOLJINC@?3?3?$AA@  10004b14     k.coredll_ALL:undname.obj
 0001:00003b18       ??_C@_0P@GCIFDJCJ@?$GAunknown?5ecsu?8?$AA@ 10004b18     k.coredll_ALL:undname.obj
 0001:00003b28       ??_C@_06MOJHIBMG@union?5?$AA@ 10004b28     k.coredll_ALL:undname.obj
 0001:00003b30       ??_C@_07DIBCDNGL@struct?5?$AA@ 10004b30     k.coredll_ALL:undname.obj
 0001:00003b38       ??_C@_06LJBABKPM@class?5?$AA@ 10004b38     k.coredll_ALL:undname.obj
 0001:00003b40       ??_C@_05LJGMCFOG@enum?5?$AA@ 10004b40     k.coredll_ALL:undname.obj
 0001:00003b48       ??_C@_08KOFANOFK@coclass?5?$AA@ 10004b48     k.coredll_ALL:undname.obj
 0001:00003b54       ??_C@_0N@DLIEFKNA@cointerface?5?$AA@ 10004b54     k.coredll_ALL:undname.obj
 0001:00003b64       ??_C@_02KCKGHPCA@?$CJ?5?$AA@ 10004b64     k.coredll_ALL:undname.obj
 0001:00003b68       ??_C@_0M@DHNBOJMP@extern?5?$CCC?$CC?5?$AA@ 10004b68     k.coredll_ALL:undname.obj
 0001:00003b74       ??_C@_08KJLFOPNE@?$FLthunk?$FN?3?$AA@ 10004b74     k.coredll_ALL:undname.obj
 0001:00003b80       ??_C@_08GPDDCMKI@public?3?5?$AA@ 10004b80     k.coredll_ALL:undname.obj
 0001:00003b8c       ??_C@_0M@GAIFPFIP@protected?3?5?$AA@ 10004b8c     k.coredll_ALL:undname.obj
 0001:00003b98       ??_C@_09LAPHOOG@private?3?5?$AA@ 10004b98     k.coredll_ALL:undname.obj
 0001:00003ba4       ??_C@_08NIEOINHE@virtual?5?$AA@ 10004ba4     k.coredll_ALL:undname.obj
 0001:00003bb0       ??_C@_07PGOEDBHP@static?5?$AA@ 10004bb0     k.coredll_ALL:undname.obj
 0001:00003bb8       ??_C@_0DA@HGFJFBBE@?$GAtemplate?5static?5data?5member?5des@ 10004bb8     k.coredll_ALL:undname.obj
 0001:00003be8       ??_C@_0DB@ILEFOCIJ@?$GAtemplate?5static?5data?5member?5con@ 10004be8     k.coredll_ALL:undname.obj
 0001:00003c1c       ??_C@_0CB@KJDOOODE@?$GAlocal?5static?5destructor?5helper?8@ 10004c1c     k.coredll_ALL:undname.obj
 0001:00003c40       ??_C@_0L@HNGCOGAE@?$GAadjustor?$HL?$AA@ 10004c40     k.coredll_ALL:undname.obj
 0001:00003c4c       ??_C@_0L@GHPFDFH@?$GAvtordisp?$HL?$AA@ 10004c4c     k.coredll_ALL:undname.obj
 0001:00003c58       ??_C@_0N@CBHHHENL@?$GAvtordispex?$HL?$AA@ 10004c58     k.coredll_ALL:undname.obj
 0001:00003c68       ??_C@_01CLKCMJKC@?5?$AA@   10004c68     k.coredll_ALL:undname.obj
 0001:00003c6c       ??_C@_02IGFCGPIL@?$HN?8?$AA@ 10004c6c     k.coredll_ALL:undname.obj
 0001:00003c70       ??_C@_03OPGICMGF@?$HN?8?5?$AA@ 10004c70     k.coredll_ALL:undname.obj
 0001:00003c74       ??_C@_06LIJLOJAG@const?5?$AA@ 10004c74     k.coredll_ALL:undname.obj
 0001:00003c7c       ??_C@_09GAIEOBLP@volatile?5?$AA@ 10004c7c     k.coredll_ALL:undname.obj
 0001:00003c88       ??_C@_04HEJADOOB@CV?3?5?$AA@ 10004c88     k.coredll_ALL:undname.obj
 0001:00003c90       ??_C@_08PABEKFH@volatile?$AA@ 10004c90     k.coredll_ALL:undname.obj
 0001:00003c9c       ??_C@_09EFNPDFFP@?5volatile?$AA@ 10004c9c     k.coredll_ALL:undname.obj
 0001:00003ca8       ??_C@_05BNCCCJPP@const?$AA@ 10004ca8     k.coredll_ALL:undname.obj
 0001:00003cb0       ??_C@_07EDHNAJHC@signed?5?$AA@ 10004cb0     k.coredll_ALL:undname.obj
 0001:00003cb8       ??_C@_04DDKJGDCM@bool?$AA@ 10004cb8     k.coredll_ALL:undname.obj
 0001:00003cc0       ??_C@_09EEKGDCPH@?$DMunknown?$DO?$AA@ 10004cc0     k.coredll_ALL:undname.obj
 0001:00003ccc       ??_C@_07CLGGIAMF@wchar_t?$AA@ 10004ccc     k.coredll_ALL:undname.obj
 0001:00003cd4       ??_C@_07NFANNNEC@UNKNOWN?$AA@ 10004cd4     k.coredll_ALL:undname.obj
 0001:00003cdc       ??_C@_08GAHOLHEO@__int128?$AA@ 10004cdc     k.coredll_ALL:undname.obj
 0001:00003ce8       ??_C@_07OFLPPHGP@__int32?$AA@ 10004ce8     k.coredll_ALL:undname.obj
 0001:00003cf0       ??_C@_07LFCOJCAC@__int64?$AA@ 10004cf0     k.coredll_ALL:undname.obj
 0001:00003cf8       ??_C@_07ICFHOGAF@__int16?$AA@ 10004cf8     k.coredll_ALL:undname.obj
 0001:00003d00       ??_C@_06GCICPBLB@__w64?5?$AA@ 10004d00     k.coredll_ALL:undname.obj
 0001:00003d08       ??_C@_06EBGKOKIG@__int8?$AA@ 10004d08     k.coredll_ALL:undname.obj
 0001:00003d10       ??_C@_06BNJCAIGJ@double?$AA@ 10004d10     k.coredll_ALL:undname.obj
 0001:00003d18       ??_C@_05KNFBNCOH@float?$AA@ 10004d18     k.coredll_ALL:undname.obj
 0001:00003d20       ??_C@_04GOKPGOLB@long?$AA@ 10004d20     k.coredll_ALL:undname.obj
 0001:00003d28       ??_C@_03JBIPMCLC@int?$AA@  10004d28     k.coredll_ALL:undname.obj
 0001:00003d2c       ??_C@_05BFKKPKCG@short?$AA@ 10004d2c     k.coredll_ALL:undname.obj
 0001:00003d34       ??_C@_04ENMBGAPA@char?$AA@ 10004d34     k.coredll_ALL:undname.obj
 0001:00003d3c       ??_C@_1BG@FGOLFIBN@?$AAS?$AAh?$AAi?$AAm?$AAE?$AAn?$AAg?$AAi?$AAn?$AAe?$AA?$AA@ 10004d3c     k.coredll_ALL:AppVerifier.obj
 0001:00003d54       ??_C@_1BK@GHKCOFPP@?$AAa?$AAp?$AAp?$AAv?$AAe?$AAr?$AAi?$AAf?$AA?4?$AAe?$AAx?$AAe?$AA?$AA@ 10004d54     k.coredll_ALL:AppVerifier.obj
 0001:00003d70       ??_C@_1BI@DCMBNCHE@?$AAA?$AAp?$AAp?$AAV?$AAe?$AAr?$AAi?$AAf?$AAi?$AAe?$AAr?$AA?$AA@ 10004d70     k.coredll_ALL:AppVerifier.obj
 0001:00003d88       ??_C@_1CC@GLPOLHKJ@?$AAG?$AAe?$AAt?$AAF?$AAu?$AAn?$AAc?$AAt?$AAi?$AAo?$AAn?$AAT?$AAa?$AAb?$AAl?$AAe?$AA?$AA@ 10004d88     k.coredll_ALL:AppVerifier.obj
 0001:00003dac       ??_C@_1M@PFGMOIKN@?$AA?$CF?$AAs?$AA?9?$AA?$CF?$AAS?$AA?$AA@ 10004dac     k.coredll_ALL:AppVerifier.obj
 0001:00003db8       ??_C@_1M@JIJACILF@?$AA?$CF?$AAs?$AA?9?$AA?$CF?$AAd?$AA?$AA@ 10004db8     k.coredll_ALL:AppVerifier.obj
 0001:00003dc4       ??_C@_1CE@PLOFIDKH@?$AAS?$AAh?$AAi?$AAm?$AAE?$AAn?$AAg?$AAi?$AAn?$AAe?$AA?2?$AA?$CF?$AAs?$AA?$CF?$AAs?$AA?$CF?$AAs?$AA?$AA@ 10004dc4     k.coredll_ALL:AppVerifier.obj
 0001:00003de8       ??_C@_15GMODHJMI@?$AAk?$AA?4?$AA?$AA@ 10004de8     k.coredll_ALL:AppVerifier.obj
 0001:00003df0       ??_C@_1O@BCNEIBLG@?$AAn?$AAk?$AA?4?$AAe?$AAx?$AAe?$AA?$AA@ 10004df0     k.coredll_ALL:AppVerifier.obj
 0001:00003e00       ??_C@_19BHIGINDB@?$AA?4?$AAd?$AAl?$AAl?$AA?$AA@ 10004e00     k.coredll_ALL:AppVerifier.obj
 0001:00003e0c       ??_C@_1M@IOPAHBLA@?$AA?$HL?$AAa?$AAl?$AAl?$AA?$HN?$AA?$AA@ 10004e0c     k.coredll_ALL:AppVerifier.obj
 0001:00003e18       ??_C@_1CA@FALALJKL@?$AAS?$AAh?$AAi?$AAm?$AAP?$AAr?$AAo?$AAc?$AAe?$AAs?$AAs?$AAD?$AAl?$AAl?$AAs?$AA?$AA@ 10004e18     k.coredll_ALL:AppVerifier.obj
 0001:00003e38       ??_C@_1BO@OMCFPDBN@?$AAk?$AA?4?$AAt?$AAo?$AAo?$AAl?$AAh?$AAe?$AAl?$AAp?$AA?4?$AAd?$AAl?$AAl?$AA?$AA@ 10004e38     k.coredll_ALL:AppVerifier.obj
 0001:00003e58       ??_C@_1BK@PIKPIDMI@?$AAt?$AAo?$AAo?$AAl?$AAh?$AAe?$AAl?$AAp?$AA?4?$AAd?$AAl?$AAl?$AA?$AA@ 10004e58     k.coredll_ALL:AppVerifier.obj
 0001:00003e78       ??_C@_1JK@NAPIODGG@?$AAE?$AAR?$AAR?$AAO?$AAR?$AA?3?$AA?5?$AAf?$AAu?$AAn?$AAc?$AAt?$AAi?$AAo?$AAn?$AA?5?$AA?$EA?$AA?5?$AAO?$AAr?$AAd?$AAi?$AAn?$AAa?$AAl?$AA?5?$AA?$CF?$AAd?$AA?5?$AAm?$AAi?$AAs@ 10004e78     k.coredll_ALL:AppVerifier.obj
 0001:00003f18       ??_C@_1HG@MPMMBJCD@?$AA?$CF?$AAs?$AA?3?$AA?5?$AAI?$AAm?$AAp?$AAo?$AAr?$AAt?$AAi?$AAn?$AAg?$AA?5?$AA?8?$AA?$CF?$AAS?$AA?8?$AA?5?$AAf?$AAr?$AAo?$AAm?$AA?5?$AAA?$AAp?$AAp?$AAl?$AAi?$AAc?$AAa?$AAt@ 10004f18     k.coredll_ALL:AppVerifier.obj
 0001:00003f90       ??_C@_1IC@FFNPKCCF@?$AA?$CF?$AAs?$AA?3?$AA?5?$AAI?$AAm?$AAp?$AAo?$AAr?$AAt?$AAi?$AAn?$AAg?$AA?5?$AAo?$AAr?$AAd?$AAi?$AAn?$AAa?$AAl?$AA?5?$AA?$CF?$AAu?$AA?5?$AAf?$AAr?$AAo?$AAm?$AA?5?$AAA?$AAp@ 10004f90     k.coredll_ALL:AppVerifier.obj
 0001:00004014       ??_C@_1BG@LIHDHPDO@?$AAS?$AAh?$AAi?$AAm?$AAN?$AAo?$AAt?$AAi?$AAf?$AAy?$AA?$AA@ 10005014     k.coredll_ALL:AppVerifier.obj
 0001:0000402c       ??_C@_1BE@NMFIMKAA@?$AA?2?$AAw?$AAi?$AAn?$AAd?$AAo?$AAw?$AAs?$AA?2?$AA?$AA@ 1000502c     k.coredll_ALL:VirtualNlsFileSet.obj
 0001:00004040       ??_C@_1BE@KKDMCBL@?$AAw?$AAi?$AAn?$AAc?$AAe?$AA?4?$AAn?$AAl?$AAs?$AA?$AA@ 10005040     k.coredll_ALL:VirtualNlsFileSet.obj
 0001:00004054       ??_C@_1CI@JDOJFKGM@?$AA?2?$AAw?$AAi?$AAn?$AAd?$AAo?$AAw?$AAs?$AA?2?$AAw?$AAi?$AAn?$AAc?$AAe?$AA?$CK?$AA?4?$AAn?$AAl?$AAs?$AA?$AA@ 10005054     k.coredll_ALL:VirtualNlsFileSet.obj
 0001:0000407c       ??_C@_1DE@BAHJJPN@?$AAN?$AAl?$AAs?$AAD?$AAl?$AAl?$AAC?$AAo?$AAd?$AAe?$AAP?$AAa?$AAg?$AAe?$AAT?$AAr?$AAa?$AAn?$AAs?$AAl?$AAa?$AAt?$AAi?$AAo?$AAn?$AA?$AA@ 1000507c     k.coredll_ALL:nlstable.obj
 0001:000040b0       cBase64                    100050b0     k.coredll_ALL:utf.obj
 0001:000040f8       fShiftChar                 100050f8     k.coredll_ALL:utf.obj
 0001:00004178       nBitBase64                 10005178     k.coredll_ALL:utf.obj
 0001:000041f8       ??_C@_1CA@HIGMMOMG@?$AAS?$AAo?$AAr?$AAt?$AAC?$AAl?$AAo?$AAs?$AAe?$AAH?$AAa?$AAn?$AAd?$AAl?$AAe?$AA?$AA@ 100051f8     k.coredll_ALL:sorting.obj
 0001:00004218       ??_C@_1BM@PBMFIMIP@?$AAS?$AAo?$AAr?$AAt?$AAG?$AAe?$AAt?$AAH?$AAa?$AAn?$AAd?$AAl?$AAe?$AA?$AA@ 10005218     k.coredll_ALL:sorting.obj
 0001:00004234       ??_C@_1BI@OIDOGHE@?$AAs?$AAo?$AAr?$AAt?$AAi?$AAn?$AAg?$AA?4?$AAd?$AAl?$AAl?$AA?$AA@ 10005234     k.coredll_ALL:sorting.obj
 0001:0000424c       ??_C@_09HHCCIICH@k?4coredll?$AA@ 1000524c     k.coredll_ALL:dllheapfunc.obj
 0001:00004258       ??_C@_0O@PJCAJINO@k?4coredll?4dll?$AA@ 10005258     k.coredll_ALL:dllheapfunc.obj
 0001:00004268       ??_C@_07JCLOJJIO@coredll?$AA@ 10005268     k.coredll_ALL:dllheapfunc.obj
 0001:00004270       ??_C@_0M@NJDDNEPH@coredll?4dll?$AA@ 10005270     k.coredll_ALL:dllheapfunc.obj
 0001:0000427c       g_pFuncTblLocale           1000527c     k.coredll_ALL:wrapper.obj
 0001:00004280       g_pFuncTblNormalize        10005280     k.coredll_ALL:wrapper.obj
 0001:00004284       ??_C@_1DM@JDCGPPKI@?$AAG?$AAe?$AAt?$AAC?$AAa?$AAl?$AAe?$AAn?$AAd?$AAa?$AAr?$AAS?$AAu?$AAp?$AAp?$AAo?$AAr?$AAt?$AAe?$AAd?$AAD?$AAa?$AAt?$AAe?$AAR?$AAa?$AAn?$AAg?$AAe?$AA?$AA@ 10005284     k.coredll_ALL:wrapper.obj
 0001:000042c0       ??_C@_1CK@NMJJOMPI@?$AAG?$AAe?$AAt?$AAC?$AAa?$AAl?$AAe?$AAn?$AAd?$AAa?$AAr?$AAD?$AAa?$AAy?$AAO?$AAf?$AAY?$AAe?$AAa?$AAr?$AA?$AA@ 100052c0     k.coredll_ALL:wrapper.obj
 0001:000042ec       ??_C@_1CM@GKFDOIJP@?$AAG?$AAe?$AAt?$AAC?$AAa?$AAl?$AAe?$AAn?$AAd?$AAa?$AAr?$AAD?$AAa?$AAy?$AAs?$AAI?$AAn?$AAY?$AAe?$AAa?$AAr?$AA?$AA@ 100052ec     k.coredll_ALL:wrapper.obj
 0001:00004318       ??_C@_1CM@JCDADHNO@?$AAG?$AAe?$AAt?$AAF?$AAi?$AAr?$AAs?$AAt?$AAD?$AAa?$AAy?$AAW?$AAe?$AAe?$AAk?$AAO?$AAf?$AAY?$AAe?$AAa?$AAr?$AA?$AA@ 10005318     k.coredll_ALL:wrapper.obj
 0001:00004344       ??_C@_1DA@MGNAGFAO@?$AAG?$AAe?$AAt?$AAC?$AAa?$AAl?$AAe?$AAn?$AAd?$AAa?$AAr?$AAM?$AAo?$AAn?$AAt?$AAh?$AAs?$AAI?$AAn?$AAY?$AAe?$AAa?$AAr?$AA?$AA@ 10005344     k.coredll_ALL:wrapper.obj
 0001:00004374       ??_C@_1CO@LBNPPONL@?$AAG?$AAe?$AAt?$AAC?$AAa?$AAl?$AAe?$AAn?$AAd?$AAa?$AAr?$AAD?$AAa?$AAy?$AAs?$AAI?$AAn?$AAM?$AAo?$AAn?$AAt?$AAh?$AA?$AA@ 10005374     k.coredll_ALL:wrapper.obj
 0001:000043a4       ??_C@_1CM@PLFEOKHL@?$AAG?$AAe?$AAt?$AAC?$AAa?$AAl?$AAe?$AAn?$AAd?$AAa?$AAr?$AAW?$AAe?$AAe?$AAk?$AAN?$AAu?$AAm?$AAb?$AAe?$AAr?$AA?$AA@ 100053a4     k.coredll_ALL:wrapper.obj
 0001:000043d0       ??_C@_1DA@LKJPHGIC@?$AAU?$AAp?$AAd?$AAa?$AAt?$AAe?$AAC?$AAa?$AAl?$AAe?$AAn?$AAd?$AAa?$AAr?$AAD?$AAa?$AAy?$AAO?$AAf?$AAW?$AAe?$AAe?$AAk?$AA?$AA@ 100053d0     k.coredll_ALL:wrapper.obj
 0001:00004400       ??_C@_1DO@HDKJOFJK@?$AAC?$AAo?$AAn?$AAv?$AAe?$AAr?$AAt?$AAS?$AAy?$AAs?$AAt?$AAe?$AAm?$AAT?$AAi?$AAm?$AAe?$AAT?$AAo?$AAC?$AAa?$AAl?$AAD?$AAa?$AAt?$AAe?$AAT?$AAi?$AAm?$AAe?$AA?$AA@ 10005400     k.coredll_ALL:wrapper.obj
 0001:00004440       ??_C@_1DO@OBNDEMJM@?$AAC?$AAo?$AAn?$AAv?$AAe?$AAr?$AAt?$AAC?$AAa?$AAl?$AAD?$AAa?$AAt?$AAe?$AAT?$AAi?$AAm?$AAe?$AAT?$AAo?$AAS?$AAy?$AAs?$AAt?$AAe?$AAm?$AAT?$AAi?$AAm?$AAe?$AA?$AA@ 10005440     k.coredll_ALL:wrapper.obj
 0001:00004480       ??_C@_1DA@DDKALBC@?$AAG?$AAe?$AAt?$AAC?$AAa?$AAl?$AAe?$AAn?$AAd?$AAa?$AAr?$AAD?$AAa?$AAt?$AAe?$AAF?$AAo?$AAr?$AAm?$AAa?$AAt?$AAE?$AAx?$AA?$AA@ 10005480     k.coredll_ALL:wrapper.obj
 0001:000044b0       ??_C@_1CE@POFFBFHC@?$AAI?$AAs?$AAV?$AAa?$AAl?$AAi?$AAd?$AAL?$AAo?$AAc?$AAa?$AAl?$AAe?$AAN?$AAa?$AAm?$AAe?$AA?$AA@ 100054b0     k.coredll_ALL:wrapper.obj
 0001:000044d4       ??_C@_1DC@HAOGHGIO@?$AAG?$AAe?$AAt?$AAU?$AAs?$AAe?$AAr?$AAD?$AAe?$AAf?$AAa?$AAu?$AAl?$AAt?$AAL?$AAo?$AAc?$AAa?$AAl?$AAe?$AAN?$AAa?$AAm?$AAe?$AA?$AA@ 100054d4     k.coredll_ALL:wrapper.obj
 0001:00004508       ??_C@_1CA@HLJLELIJ@?$AAG?$AAe?$AAt?$AAT?$AAi?$AAm?$AAe?$AAF?$AAo?$AAr?$AAm?$AAa?$AAt?$AAE?$AAx?$AA?$AA@ 10005508     k.coredll_ALL:wrapper.obj
 0001:00004528       ??_C@_1DG@KOODIFMC@?$AAG?$AAe?$AAt?$AAS?$AAy?$AAs?$AAt?$AAe?$AAm?$AAD?$AAe?$AAf?$AAa?$AAu?$AAl?$AAt?$AAL?$AAo?$AAc?$AAa?$AAl?$AAe?$AAN?$AAa?$AAm?$AAe?$AA?$AA@ 10005528     k.coredll_ALL:wrapper.obj
 0001:00004560       ??_C@_1CE@NLGAJBAI@?$AAG?$AAe?$AAt?$AAN?$AAu?$AAm?$AAb?$AAe?$AAr?$AAF?$AAo?$AAr?$AAm?$AAa?$AAt?$AAE?$AAx?$AA?$AA@ 10005560     k.coredll_ALL:wrapper.obj
[...]
 0002:00000bd4       g_pfSortGetHandle          10090bd4     k.coredll_ALL:sorting.obj
 0002:00000bd8       g_pfSortCloseHandle        10090bd8     k.coredll_ALL:sorting.obj
 0002:00000bdc       g_pInvariantSortList       10090bdc     k.coredll_ALL:sorting.obj
 0002:00000ca0       ?sm_NumRemovedNotPurged@CNotifyList@@1IA 10090ca0     k.coredll_ALL:notifylist.obj
 0002:00000ca4       ?sm_ppRemovedNotPurged@CNotifyList@@1PAPAVCNotify@@A 10090ca4     k.coredll_ALL:notifylist.obj
 0002:00000ca8       ?sm_NotifyList@CNotifyList@@1V1@A 10090ca8     k.coredll_ALL:notifylist.obj
 0002:00000cac       _stdbuf                    10090cac     k.coredll_ALL:_sftbuf.obj
 0002:00000cc0       g_FuncTblNormalize         10090cc0     <common>
 0002:00000ce0       g_FuncTblLocale            10090ce0     <common>
 0002:00000d60       g_csInvarianSort           10090d60     <common>
 0002:00000d80       g_pSortHash                10090d80     <common>
 0002:00000f80       pVirtualNlsSet             10090f80     <common>
 0002:00001204       fStdioInited               10091204     <common>
 0002:00001220       csStdioInitLock            10091220     <common>
 0002:00001234       _pfnfilbuf2                10091234     <common>
 0002:00001238       pfnTermStdio               10091238     <common>
 0002:0000123c       pfnInitStdio               1009123c     <common>
 0002:00001240       _pfnflsbuf2                10091240     <common>
 0002:00001260       csCrtTypeInfoLock          10091260     <common>
 0002:00001274       g_fCrtLegacyInputValidation 10091274     <common>
 0002:00001278       __pInvalidArgHandler       10091278     <common>
 0002:0000127c       _fltused                   1009127c     <common>
 0002:00001280       __piob                     10091280     <common>
 0002:000012a0       csIobScanLock              100912a0     <common>
 0002:000012b4       _nstream                   100912b4     <common>
 0002:000012b8       sr                         100912b8     <common>
 0002:000012bc       g_ppfnNetCfCalls           100912bc     <common>
 0002:000012c0       g_csTZList                 100912c0     <common>
 0002:000012d4       g_fIsCriticalProcess       100912d4     <common>
 0002:000012d8       __onexitend                100912d8     <common>
 0002:000012dc       __onexitbegin              100912dc     <common>
 0002:000012e0       g_pcsExit                  100912e0     <common>

 entry point at        0001:0000797c

 Static symbols

 0001:00007800       ?KMessageBoxW_I@@YAHPAUHWND__@@PBG1IPAUtagMSG@@I@Z 10008800 f   k.coredll_ALL:coredll.obj
 0001:00007d14       __catch$4242               10008d14 f   k.coredll_ALL:newop2.obj
 0001:000089e8       ?ImmGetConversionStatusForeground@@YAHPAK0@Z 100099e8 f   k.coredll_ALL:Imm.obj
 0001:00008c80       ?ImmGetCompositionStringForeground@@YAHPAJ@Z 10009c80 f   k.coredll_ALL:Imm.obj
 0001:00009c98       ?ImmRequestMessageWorker@@YAJKPAUHWND__@@IJ@Z 1000ac98 f   k.coredll_ALL:Imm.obj
 0001:0000c794       ?ImmSetCompositionStringWorker@@YAHKKPBXK0K@Z 1000d794 f   k.coredll_ALL:Imm.obj
 0001:0000d724       ?DestroyDefaultContextandImeWindow@@YAXXZ 1000e724 f   k.coredll_ALL:Imm.obj
 0001:00011fdc       __catch$7227               10012fdc f i k.coredll_ALL:string.obj
 0001:00012164       __unwind$7479              10013164 f   k.coredll_ALL:string.obj
 0001:00012384       __unwind$7730              10013384 f i k.coredll_ALL:string.obj
 0001:00012400       __unwind$7760              10013400 f i k.coredll_ALL:string.obj
 0001:00012514       __unwind$7880              10013514 f   k.coredll_ALL:string.obj
 0001:00012b48       ?CanThisExceptionObjectBeDestructed@@YAEPAUEHExceptionRecord@@E@Z 10013b48 f   k.coredll_ALL:frame.obj
 0001:00012e04       ?CallCatchBlock@@YAPAXPAUEHExceptionRecord@@PAKPAU_CONTEXT@@PBU_s_FuncInfo@@PAXHK@Z 10013e04 f   k.coredll_ALL:frame.obj
 0001:000130dc       ?BuildCatchObject@@YAXPAUEHExceptionRecord@@PAKPBU_s_HandlerType@@PBU_s_CatchableType@@@Z 100140dc f   k.coredll_ALL:frame.obj
 0001:0001327c       ?FindHandler@@YAEPAUEHExceptionRecord@@PAKPAU_CONTEXT@@PAU_DISPATCHER_CONTEXT@@PBU_s_FuncInfo@@H@Z 1001427c f   k.coredll_ALL:frame.obj
 0001:000199d8       ?AutoCloseCFFMHandle@@YAHPAX@Z 1001a9d8 f   k.coredll_ALL:tkfuncs.obj
 0001:00019f64       ?WatchDogAPI@@YAHKPBU_WDAPIStruct@@@Z 1001af64 f   k.coredll_ALL:tkfuncs.obj
 0001:0001e868       ?FindEntry@@YAPAU_OWNER_ENTRY@@PAUHRWLOCK__@@@Z 1001f868 f   k.coredll_ALL:cerwlock.obj
 0001:0001e900       ?AddEntry@@YAPAU_OWNER_ENTRY@@PAUHRWLOCK__@@@Z 1001f900 f   k.coredll_ALL:cerwlock.obj
 0001:0001e9cc       ?TrimOwnerTable@@YAXPAPAU_OWNER_ENTRY@@@Z 1001f9cc f   k.coredll_ALL:cerwlock.obj
 0001:0001ea94       ?UpdateLockState@@YAXPAU_CERWLOCK@@H@Z 1001fa94 f   k.coredll_ALL:cerwlock.obj
 0001:0001eb5c       ?ReleaseLock@@YAHPAUHRWLOCK__@@W4tagCERW_TYPE@@H@Z 1001fb5c f   k.coredll_ALL:cerwlock.obj
 0001:0001eca8       ?WaitForLock@@YAHPAXPAU_CERWLOCK@@PAK@Z 1001fca8 f   k.coredll_ALL:cerwlock.obj
 0001:0001ed84       ?AcquireLockShared@@YAHPAUHRWLOCK__@@K@Z 1001fd84 f   k.coredll_ALL:cerwlock.obj
 0001:0001ee80       ?BoostLockToExclusive@@YAHPAUHRWLOCK__@@PAU_OWNER_ENTRY@@K@Z 1001fe80 f   k.coredll_ALL:cerwlock.obj
 0001:0001ef38       ?AcquireLockExclusive@@YAHPAUHRWLOCK__@@K@Z 1001ff38 f   k.coredll_ALL:cerwlock.obj
 0001:0001fef0       ?GetBufferSize@@YAKPAXKKH@Z 10020ef0 f   k.coredll_ALL:tkmarshal.obj
 0001:000200a4       ?AllocDuplicateBuffer@@YAJPAPAXPAXKKKH@Z 100210a4 f   k.coredll_ALL:tkmarshal.obj
 0001:00020174       ?FlushDuplicateBuffer@@YAJPAX0KKH@Z 10021174 f   k.coredll_ALL:tkmarshal.obj
 0001:00021c24       ?CopySortsToEx@@YAXPAU__CEDB_SORTORDERSPECEX@@PAU_SORTORDERSPEC@@G@Z 10022c24 f   k.coredll_ALL:twindbas.obj
 0001:000236e4       ?AllocMemShare@@YAPAXPAXKKPAK@Z 100246e4 f   k.coredll_ALL:rheap.obj
 0001:000236f8       ?AllocMemShareExecutable@@YAPAXPAXKKPAK@Z 100246f8 f   k.coredll_ALL:rheap.obj
 0001:00023750       ?AllocMemVirt@@YAPAXPAXKKPAK@Z 10024750 f   k.coredll_ALL:rheap.obj
 0001:00023788       ?AllocMemVirtExecutable@@YAPAXPAXKKPAK@Z 10024788 f   k.coredll_ALL:rheap.obj
 0001:000237c0       ?FreeMemVirt@@YAHPAXKKK@Z  100247c0 f   k.coredll_ALL:rheap.obj
 0001:000237f4       ?FreeMemMappedFile@@YAHPAXKKK@Z 100247f4 f   k.coredll_ALL:rheap.obj
 0001:0002389c       ?AllocMemMappedFile@@YAPAXPAXKKPAK@Z 1002489c f   k.coredll_ALL:rheap.obj
 0001:00023a1c       ?TakeBlocks@@YAXPAU_RHRGN@@KK@Z 10024a1c f   k.coredll_ALL:rheap.obj
 0001:00023ad8       ?FreeBlocks@@YAXPAU_RHRGN@@KKK@Z 10024ad8 f   k.coredll_ALL:rheap.obj
 0001:00023ba4       ?CommitBlocks@@YAHPAU_RHRGN@@K@Z 10024ba4 f   k.coredll_ALL:rheap.obj
 0001:00023c14       ?CountFreeBlocks@@YAKPAU_RHRGN@@KK@Z 10024c14 f   k.coredll_ALL:rheap.obj
 0001:00023ce0       ?CountAllocBlocksFx@@YAKPAU_RHRGN@@K@Z 10024ce0 f   k.coredll_ALL:rheap.obj
 0001:00023d54       ?CountAllocBlocks@@YAKPAU_RHRGN@@K@Z 10024d54 f   k.coredll_ALL:rheap.obj
 0001:00023e34       ?DoFindBlockInRegion@@YAKPAU_RHRGN@@KKK@Z 10024e34 f   k.coredll_ALL:rheap.obj
 0001:00023f94       ?InitRegion@@YAHPAU_RHEAP@@PAU_RHRGN@@PAEKKKK@Z 10024f94 f   k.coredll_ALL:rheap.obj
 0001:000241b8       ?FindRegionByPtr@@YAPAU_RHRGN@@PAU_RHEAP@@PBEH@Z 100251b8 f   k.coredll_ALL:rheap.obj
 0001:00024280       ?DoRHeapValidatePtr@@YAPAU_RHVAITEM@@PAU_RHEAP@@PBEPAHH@Z 10025280 f   k.coredll_ALL:rheap.obj
 0001:000243a8       ?ValidateRegion@@YAHPAU_RHEAP@@PAU_RHRGN@@@Z 100253a8 f   k.coredll_ALL:rheap.obj
 0001:0002443c       ?EnumerateRegionItems@@YAHPAU_RHRGN@@P6AHPAEKKPAX@Z2@Z 1002543c f   k.coredll_ALL:rheap.obj
 0001:00024718       ?EnumCountSize@@YAHPAEKKPAX@Z 10025718 f   k.coredll_ALL:rheap.obj
 0001:00024734       ?DoRHeapCompactRegion@@YAIPAU_RHRGN@@@Z 10025734 f   k.coredll_ALL:rheap.obj
 0001:00024c9c       ?DoRHeapCompactRgnList@@YAIPAU_RHEAP@@PAU_RHRGN@@PAPAU2@@Z 10025c9c f   k.coredll_ALL:rheap.obj
 0001:00025318       ?RHeapGrowNewRegion@@YAPAU_RHRGN@@PAU_RHEAP@@KKPAK@Z 10026318 f   k.coredll_ALL:rheap.obj
 0001:000255ec       ?DoRHeapVMAlloc@@YAPAEPAU_RHEAP@@KK@Z 100265ec f   k.coredll_ALL:rheap.obj
 0001:000256d0       ?ReleaseHeapMemory@@YAXPAU_RHEAP@@@Z 100266d0 f   k.coredll_ALL:rheap.obj
 0001:000265b8       DoSetTime                  100275b8 f   k.coredll_ALL:time.obj
 0001:00026a50       Int_SetTimeZoneInformation 10027a50 f   k.coredll_ALL:time.obj
 0001:00026fc8       SetValidTimeZoneEntry      10027fc8 f   k.coredll_ALL:time.obj
 0001:00027338       ValidateTZID               10028338 f   k.coredll_ALL:time.obj
 0001:000274a0       GetDefaultTimeZoneInformationID 100284a0 f   k.coredll_ALL:time.obj
 0001:000276c4       CopyTimeZoneInformation    100286c4 f   k.coredll_ALL:time.obj
 0001:000295f4       ?GetLangExceptCasing@@YAGKKG@Z 1002a5f4 f   k.coredll_ALL:codepage.obj
 0001:00029c70       ?InsertCompositeForm@@YAHPAGPBG@Z 1002ac70 f   k.coredll_ALL:codepage.obj
 0001:00029d18       ?GetPreComposedChar@@YAGGG@Z 1002ad18 f   k.coredll_ALL:codepage.obj
 0001:00029db0       ?InsertFullWidthPreComposedForm@@YAHKKPBG0PAG1G@Z 1002adb0 f   k.coredll_ALL:codepage.obj
 0001:00029f2c       ?SingleSegmentNls_MapHalfKana@@YAHKKPBGHPAGH1G1GPAU_NlsWrapperData@@@Z 1002af2c f   k.coredll_ALL:codepage.obj
 0001:0002a298       ?MapHalfKana@@YAHKKPBGHPAGH1G1G@Z 1002b298 f   k.coredll_ALL:codepage.obj
 0001:0002a360       ?MapFullKana@@YAHKKPBGHPAGH1G1G@Z 1002b360 f   k.coredll_ALL:codepage.obj
 0001:0002a4dc       ?SingleSegmentNls_MapKanaWidth@@YAHKKPBGHPAGHPAU_NlsWrapperData@@@Z 1002b4dc f   k.coredll_ALL:codepage.obj
 0001:0002a9e8       ?MapNormalization@@YAHKKPBGHPAGH@Z 1002b9e8 f   k.coredll_ALL:codepage.obj
 0001:0002aec8       ?GetWCFromSB@@YAHPBUCodeDesc@@KPBEPAGPBG@Z 1002bec8 f   k.coredll_ALL:codepage.obj
 0001:0002afa0       ?GetSingleByteCharFromWideChar@@YAXPBUCodeDesc@@GPAEEPAH@Z 1002bfa0 f   k.coredll_ALL:codepage.obj
 0001:0002b01c       ?GetMultiByteCharFromWideChar@@YAXPBUCodeDesc@@GPAHPAGGH1@Z 1002c01c f   k.coredll_ALL:codepage.obj
 0001:0002b0a4       ?GetWCFromMB@@YAHPBUCodeDesc@@KPBE1PAG2PAH@Z 1002c0a4 f   k.coredll_ALL:codepage.obj
 0001:0002bf84       ?Int_towlower@@YAGG@Z      1002cf84 f   k.coredll_ALL:codepage.obj
 0001:0002c030       ?Int_towupper@@YAGG@Z      1002d030 f   k.coredll_ALL:codepage.obj
 0001:0002c428       ?EnumDllCodePagesW@@YAHP6AHPAG@ZKPAKPAI@Z 1002d428 f   k.coredll_ALL:codepage.obj
 0001:0002cdd0       ?FoldDigits@@YAHPBGHPAGH@Z 1002ddd0 f   k.coredll_ALL:codepage.obj
 0001:0002de74       ?CallDllMain@@YAHPAU_USERMODULELIST@@K@Z 1002ee74 f   k.coredll_ALL:loader.obj
 0001:0002df48       ?ResolveImpStr@@YAKPAU_USERMODULELIST@@PBUExpHdr@@PBD@Z 1002ef48 f   k.coredll_ALL:loader.obj
 0001:0002e050       ?ImportOneBlock@@YAKPAU_USERMODULELIST@@KPAK1@Z 1002f050 f   k.coredll_ALL:loader.obj
 0001:0002e178       ?DoImports@@YAHPAU_USERMODULELIST@@KPBUinfo@@@Z 1002f178 f   k.coredll_ALL:loader.obj
 0001:0002e394       ?UnDoDepends@@YAXPAU_USERMODULELIST@@@Z 1002f394 f   k.coredll_ALL:loader.obj
 0001:0002e494       ?DoImportAndCallDllMain@@YAPAU_USERMODULELIST@@PAU1@@Z 1002f494 f   k.coredll_ALL:loader.obj
 0001:0002e72c       ?FindForwardDll@@YAPAU_USERMODULELIST@@PBG@Z 1002f72c f   k.coredll_ALL:loader.obj
 0001:0002e7e4       ?AddrFromEat@@YAKPAU_USERMODULELIST@@K@Z 1002f7e4 f   k.coredll_ALL:loader.obj
 0001:0002e944       ?DoGetProcAddressA@@YAP6AHXZPAU_USERMODULELIST@@PBD@Z 1002f944 f   k.coredll_ALL:loader.obj
 0001:00031f00       FiberBaseFunc              10032f00 f   k.coredll_ALL:fiber.obj
 0001:00036448       __ltoaW                    10037448 f   k.coredll_ALL:cryptapi.obj
 0001:00039c70       ?RegReadWindowList@@YAKPAUHKEY__@@PAG1KPAKPAU_DEVICEWINDOW_tag@@@Z 1003ac70 f   k.coredll_ALL:memcfg.obj
 0001:0003be14       ?GetResourcInformation@@YAPBUinfo@@PAUHINSTANCE__@@PAPAU_USERMODULELIST@@PAK@Z 1003ce14 f   k.coredll_ALL:resource.obj
 0001:0003bec8       ?FindTypeByName@@YAKKKPBG@Z 1003cec8 f   k.coredll_ALL:resource.obj
 0001:0003bfa4       ?FindTypeByNum@@YAKKK@Z    1003cfa4 f   k.coredll_ALL:resource.obj
 0001:0003c024       ?DoFindResource@@YAPAUHRSRC__@@PBUinfo@@PBG1@Z 1003d024 f   k.coredll_ALL:resource.obj
 0001:0003c5f8       ?DoExtractResrouce@@YAPAEPAU_USERMODULELIST@@PBG1PAK@Z 1003d5f8 f   k.coredll_ALL:resource.obj
 0001:0003fe98       CreateNLSKey               10040e98 f   k.coredll_ALL:nlsapi.obj
 0001:0003fef4       CreateNLSKeyNew            10040ef4 f   k.coredll_ALL:nlsapi.obj
 0001:0003ff58       BuildOverrideList          10040f58 f   k.coredll_ALL:nlsapi.obj
 0001:000407f4       ClearInternationalList     100417f4 f   k.coredll_ALL:nlsapi.obj
 0001:00048e6c       LoadCoredllApi             10049e6c f   k.coredll_ALL:stioinit.obj
 0001:00049c8c       ?FindMITargetTypeInstance@@YAPBU_s_RTTIBaseClassDescriptor@@PAXPBU_s_RTTICompleteObjectLocator@@PAUTypeDescriptor@@H2@Z 1004ac8c f   k.coredll_ALL:rtti.obj
 0001:00049df8       ?FindVITargetTypeInstance@@YAPBU_s_RTTIBaseClassDescriptor@@PAXPBU_s_RTTICompleteObjectLocator@@PAUTypeDescriptor@@H2@Z 1004adf8 f   k.coredll_ALL:rtti.obj
 0001:0004b230       _fpcvt                     1004c230 f   k.coredll_ALL:fcvt.obj
 0001:0004b858       flsall                     1004c858 f   k.coredll_ALL:fflush.obj
 0001:0004ba48       _wfopen_int                1004ca48 f   k.coredll_ALL:fopen.obj
 0001:0004bea0       _fopen_int                 1004cea0 f   k.coredll_ALL:fopen.obj
 0001:0004c98c       write_multi_char           1004d98c f   k.coredll_ALL:woutput.obj
 0001:0004ca08       write_string               1004da08 f   k.coredll_ALL:woutput.obj
 0001:0004d740       _getws_helper              1004e740 f   k.coredll_ALL:getws.obj
 0001:0004da88       xtoa                       1004ea88 f   k.coredll_ALL:xtoa.obj
 0001:0004db74       xtoa_s                     1004eb74 f   k.coredll_ALL:xtoas.obj
 0001:0004dd2c       xtow                       1004ed2c f   k.coredll_ALL:xtow.obj
 0001:0004de18       xtow_s                     1004ee18 f   k.coredll_ALL:xtows.obj
 0001:0004e5c4       _vsntprintf_helper_broken  1004f5c4 f   k.coredll_ALL:vsprintf.obj
 0001:0004e748       _vsntprintf_helper         1004f748 f   k.coredll_ALL:vsprintf.obj
 0001:0004e860       _vsntprintf_s_helper       1004f860 f   k.coredll_ALL:vsprintf.obj
 0001:0004eaac       _vsntprintf_helper_broken  1004faac f   k.coredll_ALL:vswprint.obj
 0001:0004ec68       vsnwprintf_helper          1004fc68 f   k.coredll_ALL:vswprint.obj
 0001:0004edc8       vsnwprintf_s_helper        1004fdc8 f   k.coredll_ALL:vswprint.obj
 0001:0004f438       strtoxq                    10050438 f   k.coredll_ALL:strtoq.obj
 0001:0004fbf4       wcstoxq                    10050bf4 f   k.coredll_ALL:wcstoq.obj
 0001:00050890       vfprintf_helper            10051890 f   k.coredll_ALL:vfprintf.obj
 0001:00050c74       _fread_nolock_s            10051c74 f   k.coredll_ALL:fread.obj
 0001:0005100c       fscanf_helper              1005200c f   k.coredll_ALL:fscanf.obj
 0001:00051458       vfwprintf_helper           10052458 f   k.coredll_ALL:vfwprint.obj
 0001:00051930       fwscanf_helper             10052930 f   k.coredll_ALL:fwscanf.obj
 0001:00051a1c       _gets_helper               10052a1c f   k.coredll_ALL:gets.obj
 0001:000534a0       _mbstowcs_helper           100544a0 f   k.coredll_ALL:mbstowcs.obj
 0001:00056100       sscanf_helper              10057100 f   k.coredll_ALL:sscanf.obj
 0001:00057000       strtoxl                    10058000 f   k.coredll_ALL:strtol.obj
 0001:00057234       swscanf_helper             10058234 f   k.coredll_ALL:swscanf.obj
 0001:00057fd0       wcstoxl                    10058fd0 f   k.coredll_ALL:wcstol.obj
 0001:00058234       _wcstombs_helper           10059234 f   k.coredll_ALL:wcstombs.obj
 0001:00058ae0       ?GetUserCoreDllFunction@@YAP6AHXZPBD@Z 10059ae0 f   k.coredll_ALL:immpriv.obj
 0001:00064434       ?AvPrintfW@@YAXPAGKPBGZZ   10065434 f   k.coredll_ALL:AppVerifier.obj
 0001:000655dc       ?ReadCode32@@YAKK@Z        100665dc f   k.coredll_ALL:unwind.obj
 0001:00065630       ?PreviousPc@@YAKK@Z        10066630 f   k.coredll_ALL:unwind.obj
 0001:00065694       ?ArmCheckConditionCode@@YAHKK@Z 10066694 f   k.coredll_ALL:unwind.obj
 0001:00065770       ?ExecuteVPopDouble@@YAXKQAK0PAUe32_lite@@@Z 10066770 f   k.coredll_ALL:unwind.obj
 0001:000657c4       ?ExecuteLoadMultiple@@YAXKPAKPAUe32_lite@@@Z 100667c4 f   k.coredll_ALL:unwind.obj
 0001:0006587c       ?ClassifyIndirectBranch@@YA?AW4BRANCH_CLASS@@KKKPAUe32_lite@@@Z 1006687c f   k.coredll_ALL:unwind.obj
 0001:00065974       ?ThumbRecoverRegisterValue@@YAHPBGKKKPAKPAUe32_lite@@@Z 10066974 f   k.coredll_ALL:unwind.obj
 0001:00065b54       ?ThumbUnwindProlog@@YAHPBGKKPAU_CONTEXT@@PAUe32_lite@@@Z 10066b54 f   k.coredll_ALL:unwind.obj
 0001:000660dc       ?ThumbWalkEpilog@@YAHKKKPAU_CONTEXT@@PAUe32_lite@@@Z 100670dc f   k.coredll_ALL:unwind.obj
 0001:00066698       ?ThumbVirtualUnwind@@YAHKPBU_RUNTIME_FUNCTION@@PAU_CONTEXT@@PAEPAUe32_lite@@@Z 10067698 f   k.coredll_ALL:unwind.obj
 0001:000667d0       ?ArmExecuteDataProcess@@YAXKPAK@Z 100677d0 f   k.coredll_ALL:unwind.obj
 0001:00066984       ?ArmRecoverRegisterValue@@YAHPBKKKKPAKPAUe32_lite@@@Z 10067984 f   k.coredll_ALL:unwind.obj
 0001:00066a90       ?ArmIgnoreInstruction@@YAHK@Z 10067a90 f   k.coredll_ALL:unwind.obj
 0001:00066ba4       ?ArmUnwindProlog@@YAHPAKKKPAU_CONTEXT@@PAUe32_lite@@@Z 10067ba4 f   k.coredll_ALL:unwind.obj
 0001:00066df8       ?ArmWalkEpilog@@YAHKKKPAU_CONTEXT@@PAUe32_lite@@@Z 10067df8 f   k.coredll_ALL:unwind.obj
 0001:00067180       ?ArmVirtualUnwind@@YAHKPBU_RUNTIME_FUNCTION@@PAU_CONTEXT@@PAEPAUe32_lite@@@Z 10068180 f   k.coredll_ALL:unwind.obj
 0001:00069170       ?DllHeapImportOneBlock@@YAKPAK0PAU_MODULEHEAPINFO@@@Z 1006a170 f   k.coredll_ALL:dllheapfunc.obj
 0001:00069340       ?DllHeapScanImports@@YAXPAU_MODULE@@KPBUinfo@@PAU_MODULEHEAPINFO@@@Z 1006a340 f   k.coredll_ALL:dllheapfunc.obj
 0001:0006a54c       FindResourceInLibrary      1006b54c f   k.coredll_ALL:AssetManagement.obj
 0001:0006ba3c       ?OpenDeepestKey@@YAJPAU_CE_REGISTRY_INFO@@PBGPAPAUHKEY__@@PAPAG@Z 1006ca3c f   k.coredll_ALL:notifybase.obj
 0001:0006e170       __crtWriteFile             1006f170 f   k.coredll_ALL:write.obj
 0001:0006ecc4       _cftoe2                    1006fcc4 f   k.coredll_ALL:cvt.obj
 0001:0006f014       _cftof2                    10070014 f   k.coredll_ALL:cvt.obj
 0001:0006f6e8       write_char                 100706e8 f   k.coredll_ALL:output.obj
 0001:0006f77c       write_string               1007077c f   k.coredll_ALL:output.obj
 0001:000708e0       __check_float_string       100718e0 f   k.coredll_ALL:input.obj
 0001:0007097c       _inc                       1007197c f   k.coredll_ALL:input.obj
 0001:00071ecc       __check_float_string       10072ecc f   k.coredll_ALL:winput.obj
 0001:0007c024       ?DecodeFileTime@@YAJPAU_SYSTEMTIME@@PAU_CRYPTOAPI_BLOB@@@Z 1007d024 f   k.coredll_ALL:vercert.obj
 0001:0007c2ac       ?CompareHash@@YAHPBX0@Z    1007d2ac f   k.coredll_ALL:vercert.obj
 0001:0007d6b4       ??__E?_factory@?$singleton@V?$free_list@$0GE@Vallocator@ce@@@ce@@$03V?$static_allocator@V?$free_list@$0GE@Vallocator@ce@@@ce@@$03@2@@ce@@1Ulock_factory@12@A@@YAXXZ 1007e6b4 f   k.coredll_ALL:Imm.obj
 0001:0007d6b8       ??__Eg_CSPCache@@YAXXZ     1007e6b8 f   k.coredll_ALL:cspcache.obj
 0001:0007d6d8       ??__Eg_ResourceModuleCache@@YAXXZ 1007e6d8 f   k.coredll_ALL:AssetManagement.obj
 0001:0007d6f8       ??__E?sm_NotifyList@CNotifyList@@1V1@A@@YAXXZ 1007e6f8 f   k.coredll_ALL:notifylist.obj
 0001:0007d710       ??__Fnomem@?1??_Nomemory@std@@YAXXZ@YAXXZ 1007e710 f   k.coredll_ALL:nomemory.obj
 0001:0007d72c       ??__Fg_CSPCache@@YAXXZ     1007e72c f   k.coredll_ALL:cspcache.obj
 0001:0007d74c       ??__Fg_ResourceModuleCache@@YAXXZ 1007e74c f   k.coredll_ALL:AssetManagement.obj
 0001:0007d758       ??__F?sm_NotifyList@CNotifyList@@1V1@A@@YAXXZ 1007e758 f   k.coredll_ALL:notifylist.obj
