 metabaseservice

 Timestamp is 5ac65237 (Thu Apr 05 09:43:35 2018)

 Preferred load address is 10000000

 Start         Length     Name                   Class
 0001:00000000 00000004H .CRT$XCA                CODE
 0001:00000004 00000008H .CRT$XCU                CODE
 0001:0000000c 00000004H .CRT$XCZ                CODE
 0001:00000010 00000004H .CRT$XIA                CODE
 0001:00000014 00000004H .CRT$XIZ                CODE
 0001:00000018 00000004H .CRT$XPA                CODE
 0001:0000001c 00000004H .CRT$XPZ                CODE
 0001:00000020 00000004H .CRT$XTA                CODE
 0001:00000024 00000004H .CRT$XTZ                CODE
 0001:00000030 00000404H .rdata                  CODE
 0001:00000434 0000002cH .rdata$debug            CODE
 0001:00000460 0000795cH .text                   CODE
 0001:00007dbc 0000001cH .text$yc                CODE
 0001:00007dd8 0000000cH .text$yd                CODE
 0001:00007de4 00000034H .xdata                  CODE
 0001:00007e18 0000003cH .idata$2                CODE
 0001:00007e54 00000014H .idata$3                CODE
 0001:00007e68 00000118H .idata$4                CODE
 0001:00007f80 00000036H .idata$6                CODE
 0001:00007fc0 00000110H .edata                  CODE
 0002:00000000 00000118H .idata$5                DATA
 0002:00000118 000004e4H .data                   DATA
 0002:000005fc 0000003cH .bss                    DATA
 0003:00000000 00000468H .pdata                  DATA

  Address         Publics by Value              Rva+Base       Lib:Object

 0000:00000000       ___safe_se_handler_table   00000000     <absolute>
 0000:00000000       ___safe_se_handler_count   00000000     <absolute>
 0001:00000000       __xc_a                     10001000     corelib0:crt0init.obj
 0001:0000000c       __xc_z                     1000100c     corelib0:crt0init.obj
 0001:00000010       __xi_a                     10001010     corelib0:crt0init.obj
 0001:00000014       __xi_z                     10001014     corelib0:crt0init.obj
 0001:00000018       __xp_a                     10001018     corelib0:crt0init.obj
 0001:0000001c       __xp_z                     1000101c     corelib0:crt0init.obj
 0001:00000020       __xt_a                     10001020     corelib0:crt0init.obj
 0001:00000024       __xt_z                     10001024     corelib0:crt0init.obj
 0001:0000004c       ?c_szCoreDll@IriUtil@@3QBGB 1000104c     metabase2api.obj
 0001:00000064       ?c_szLCMapStringWFn@IriUtil@@3QBGB 10001064     metabase2api.obj
 0001:00000080       ?c_szIriDll@IriUtil@@3QBGB 10001080     metabase2api.obj
 0001:00000090       ?c_szIriCloseFn@IriUtil@@3QBGB 10001090     metabase2api.obj
 0001:000000a4       ?c_szIriMutableCloseFn@IriUtil@@3QBGB 100010a4     metabase2api.obj
 0001:000000c4       ?c_szIriMakeConstantFn@IriUtil@@3QBGB 100010c4     metabase2api.obj
 0001:000000e4       ?c_szIriCreateFromString@IriUtil@@3QBGB 100010e4     metabase2api.obj
 0001:0000010c       ?c_szIriGetAsString@IriUtil@@3QBGB 1000110c     metabase2api.obj
 0001:0000012c       ?c_szIriAppendSegment@IriUtil@@3QBGB 1000112c     metabase2api.obj
 0001:00000150       ?c_szIriAppendRelativeIri@IriUtil@@3QBGB 10001150     metabase2api.obj
 0001:0000017c       ?c_szIriCopy@IriUtil@@3QBGB 1000117c     metabase2api.obj
 0001:0000018c       ?c_szIriSetMetadata@IriUtil@@3QBGB 1000118c     metabase2api.obj
 0001:000001ac       ?c_szIriGetSegmentCount@IriUtil@@3QBGB 100011ac     metabase2api.obj
 0001:000001d4       ?c_szIriGetSegment@IriUtil@@3QBGB 100011d4     metabase2api.obj
 0001:000001f0       ?c_szIriGetRelative@IriUtil@@3QBGB 100011f0     metabase2api.obj
 0001:00000314       ??_C@_1CA@IOBDHPHE@?$AAM?$AAe?$AAt?$AAa?$AAb?$AAa?$AAs?$AAe?$AAS?$AAe?$AAr?$AAv?$AAi?$AAc?$AAe?$AA?$AA@ 10001314     metabase2api.obj
 0001:00000334       ??_C@_0P@GJBFIFJC@CeDeleteRecord?$AA@ 10001334     metabaseserver.obj
 0001:00000344       ??_C@_0BB@LDFEDJPA@CeSeekDatabaseEx?$AA@ 10001344     metabaseserver.obj
 0001:00000358       ??_C@_0BD@ELPHALBN@CeWriteRecordProps?$AA@ 10001358     metabaseserver.obj
 0001:0000036c       ??_C@_0BE@KFBLNJC@CeReadRecordPropsEx?$AA@ 1000136c     metabaseserver.obj
 0001:00000380       ??_C@_0M@JHJNLFGC@CloseHandle?$AA@ 10001380     metabaseserver.obj
 0001:0000038c       ??_C@_0BE@OJIKCBDG@CeCreateDatabaseEx2?$AA@ 1000138c     metabaseserver.obj
 0001:000003a0       ??_C@_0BC@HLLBINNF@CeOpenDatabaseEx2?$AA@ 100013a0     metabaseserver.obj
 0001:000003b4       ??_C@_0P@CAJDMIFO@CeUnmountDBVol?$AA@ 100013b4     metabaseserver.obj
 0001:000003c4       ??_C@_0N@MICACPKF@CeMountDBVol?$AA@ 100013c4     metabaseserver.obj
 0001:000003d4       ??_C@_1CA@OKENBGEK@?$AA?2?$AAM?$AAe?$AAt?$AAa?$AAb?$AAa?$AAs?$AAe?$AAL?$AAa?$AAb?$AAe?$AAl?$AAs?$AA?$AA@ 100013d4     metabaseserver.obj
 0001:000003f4       ??_C@_1CC@JNGDCADN@?$AA?2?$AAM?$AAe?$AAt?$AAa?$AAb?$AAa?$AAs?$AAe?$AAO?$AAp?$AAt?$AAi?$AAo?$AAn?$AAs?$AA?$AA@ 100013f4     metabaseserver.obj
 0001:00000418       ??_C@_1BI@CJKPFBEK@?$AAc?$AAo?$AAr?$AAe?$AAd?$AAl?$AAl?$AA?4?$AAd?$AAl?$AAl?$AA?$AA@ 10001418     metabaseserver.obj
 0001:00000430       ??_C@_13PNBDBPLL@?$AAA?$AA?$AA@ 10001430     metabaseserverfindenumerator.obj
 0001:00000460       ??0IriDll@IriUtil@@IAA@XZ  10001460 f i metabase2api.obj
 0001:000006a4       ?MbNotifyCallback@@YAXKKK@Z 100016a4 f   metabase2api.obj
 0001:000006a8       ?GetInstance@IriDll@IriUtil@@KAPAV12@XZ 100016a8 f i metabase2api.obj
 0001:0000072c       ?InitializeService@@YAHPBGPAUAPIINFO@@@Z 1000172c f   metabase2api.obj
 0001:000007f0       ?MbMarshalEmbeddedPointers@@YAJPAXKPAU_CEPROPVAL@@KK@Z 100017f0 f   metabase2api.obj
 0001:000008b4       ?MbApiOpen@@YAJPAK@Z       100018b4 f   metabase2api.obj
 0001:000009f8       ?MbApiClose@@YAJK@Z        100019f8 f   metabase2api.obj
 0001:00000a6c       ?MbApiRecordFindClose@@YAJK@Z 10001a6c f   metabase2api.obj
 0001:00000af8       ?get_lock@?$singleton@V?$free_list@$0GE@Vallocator@ce@@@ce@@$03V?$static_allocator@V?$free_list@$0GE@Vallocator@ce@@@ce@@$03@2@@ce@@KAAAVcritical_section@2@XZ 10001af8 f i metabase2api.obj
 0001:00000b4c       ?MbApiRecordInsert@@YAJKPBGW4METABASE_TABLE@@PAU_CEPROPVAL@@K@Z 10001b4c f   metabase2api.obj
 0001:00000ebc       ?MbApiRecordSeek@@YAJKPBGW4METABASE_TABLE@@PAXKPAK3@Z 10001ebc f   metabase2api.obj
 0001:00001108       ?MbApiRecordRemove@@YAJKPBGW4METABASE_TABLE@@@Z 10002108 f   metabase2api.obj
 0001:00001258       ?MbApiRecordFindFirst@@YAJKPBGKPAGKPAK@Z 10002258 f   metabase2api.obj
 0001:00001454       ?MbApiRecordFindNext@@YAJKKPAGKPAK@Z 10002454 f   metabase2api.obj
 0001:000015a4       ?GetHandleForTable@MetabaseServer@@AAAPAXW4METABASE_TABLE@@@Z 100025a4 f   metabaseserver.obj
 0001:000015dc       ?hashfunc@MetabaseServer@@CAKPBG@Z 100025dc f   metabaseserver.obj
 0001:0000160c       ?ChildListFindEntry@MetabaseServer@@CAKPAU__mbrecord_childlist@@KK@Z 1000260c f   metabaseserver.obj
 0001:00001654       ?ChildListDeleteEntry@MetabaseServer@@CAKPAU__mbrecord_childlist@@KK@Z 10002654 f   metabaseserver.obj
 0001:000016dc       ?_Grow@?$_string_t@G$0BA@U?$char_traits@G@ce@@Vallocator@2@@ce@@IAA_NI@Z 100026dc f i metabaseserver.obj
 0001:0000176c       ?MbGetRoot@MetabaseServer@@AAAJPBGPAK@Z 1000276c f   metabaseserver.obj
 0001:00001914       ?LoadDbApi@MetabaseServer@@SAJPBGPAU_DBAPI@@@Z 10002914 f   metabaseserver.obj
 0001:00001aa4       ?CreateMetabaseDb@MetabaseServer@@AAAJPAU_CEGUID@@@Z 10002aa4 f   metabaseserver.obj
 0001:00001cdc       ?CreateLocalizedDb@MetabaseServer@@AAAJPBGPAU_CEGUID@@@Z 10002cdc f   metabaseserver.obj
 0001:00001df0       ?OpenLocalizedDb@MetabaseServer@@AAAJPBGPAU_CEGUID@@PAPAX@Z 10002df0 f   metabaseserver.obj
 0001:00001eb8       ?MbExternalDbSeek@MetabaseServer@@QAAJW4METABASE_TABLE@@KPAPAU_CEPROPVAL@@PAGPAK@Z 10002eb8 f   metabaseserver.obj
 0001:0000204c       ?MbFlush@MetabaseServer@@QAAJXZ 1000304c f   metabaseserver.obj
 0001:000020c0       ?UpdateMainRecord@MetabaseServer@@AAAJKKK@Z 100030c0 f   metabaseserver.obj
 0001:00002214       ?MbGetPropertiesForOid@MetabaseServer@@QAAJKW4METABASE_TABLE@@PAKPAGPAPAU_CEPROPVAL@@@Z 10003214 f   metabaseserver.obj
 0001:00002350       ?MbGetChildListForOid@MetabaseServer@@QAAJKPAPAU_CEPROPVAL@@@Z 10003350 f   metabaseserver.obj
 0001:0000248c       ??1_buffer@?$_string_t@G$0BA@U?$char_traits@G@ce@@Vallocator@2@@ce@@QAA@XZ 1000348c f i metabaseserver.obj
 0001:000024dc       ?assign@?$_string_t@G$0BA@U?$char_traits@G@ce@@Vallocator@2@@ce@@QAA_NPBGII@Z 100034dc f i metabaseserver.obj
 0001:00002544       ??1MetabaseServer@@QAA@XZ  10003544 f   metabaseserver.obj
 0001:000025dc       ?MbExternalDbInsert@MetabaseServer@@QAAJW4METABASE_TABLE@@KPAU_CEPROPVAL@@G@Z 100035dc f   metabaseserver.obj
 0001:00002784       ?MbExternalDbRemove@MetabaseServer@@QAAJW4METABASE_TABLE@@K@Z 10003784 f   metabaseserver.obj
 0001:000028c8       ??0MetabaseServer@@AAA@XZ  100038c8 f   metabaseserver.obj
 0001:00002998       ?OpenMetabaseDb@MetabaseServer@@AAAJPAU_CEGUID@@PAPAX@Z 10003998 f   metabaseserver.obj
 0001:00002a74       ?NormalizeSegment@MetabaseServer@@CAJPBGPAPAGPAK@Z 10003a74 f   metabaseserver.obj
 0001:00002b7c       ??4?$_string_t@G$0BA@U?$char_traits@G@ce@@Vallocator@2@@ce@@QAAAAV01@PBG@Z 10003b7c f i metabaseserver.obj
 0001:00002bc8       ?MbSeekOnly@MetabaseServer@@QAAJPAUHIRI__@@W4METABASE_SEEKTYPE@@PAK@Z 10003bc8 f   metabaseserver.obj
 0001:00003160       ?MbRemoveRecursive@MetabaseServer@@AAAJKPAKPAH@Z 10004160 f   metabaseserver.obj
 0001:000035c0       ?MbInsert@MetabaseServer@@QAAJPAUHIRI__@@PAU_CEPROPVAL@@GPAK@Z 100045c0 f   metabaseserver.obj
 0001:00003cf4       ?MbSeek@MetabaseServer@@QAAJPAUHIRI__@@PAPAU_CEPROPVAL@@PAGPAK3@Z 10004cf4 f   metabaseserver.obj
 0001:00003e50       ?MbRemove@MetabaseServer@@QAAJPAUHIRI__@@PAK@Z 10004e50 f   metabaseserver.obj
 0001:000041a0       ?MbCreateFindEnumerator@MetabaseServer@@QAAJPAUHIRI__@@PAPAVMetabaseServerFindEnumerator@@@Z 100051a0 f   metabaseserver.obj
 0001:00004244       ?CreateInstance@MetabaseServer@@SAJPBG000KPAPAV1@@Z 10005244 f   metabaseserver.obj
 0001:0000443c       ?_Buynode@?$list@KVallocator@ce@@@ce@@IAAPAU?$_ListNode@K@list_impl@2@PAU342@@Z 1000543c f i metabaseserverfindenumerator.obj
 0001:00004488       ?_Buynode@?$list@V?$auto_xxx@PAUHIRI__@@P6AJPAU1@@Z$1?Close@IriDll@IriUtil@@SAJ0@Z$0A@Vno_copy@ce@@@ce@@Vallocator@2@@ce@@IAAPAU?$_ListNode@V?$auto_xxx@PAUHIRI__@@P6AJPAU1@@Z$1?Close@IriDll@IriUtil@@SAJ0@Z$0A@Vno_copy@ce@@@ce@@@list_impl@2@PAU342@@Z 10005488 f i metabaseserverfindenumerator.obj
 0001:000044d4       ?Copy@IriDll@IriUtil@@SAJPAUHIRI__@@KKKPAPAUHMUTABLEIRI__@@@Z 100054d4 f i metabaseserverfindenumerator.obj
 0001:00004530       ?GetRelative@IriDll@IriUtil@@SAJPAUHIRI__@@KKKPAPAU3@@Z 10005530 f i metabaseserverfindenumerator.obj
 0001:0000458c       ?ClearResults@MetabaseServerFindEnumerator@@QAAJXZ 1000558c f   metabaseserverfindenumerator.obj
 0001:0000460c       ?erase@?$list@KVallocator@ce@@@ce@@QAA?AV?$iterator@K@list_impl@2@V342@@Z 1000560c f i metabaseserverfindenumerator.obj
 0001:00004668       ?erase@?$list@KVallocator@ce@@@ce@@QAA?AV?$iterator@K@list_impl@2@V342@0@Z 10005668 f i metabaseserverfindenumerator.obj
 0001:000046c0       ??$insert@K@?$list@KVallocator@ce@@@ce@@QAA?AV?$iterator@K@list_impl@1@V231@ABK@Z 100056c0 f i metabaseserverfindenumerator.obj
 0001:00004708       ?erase@?$list@V?$auto_xxx@PAUHIRI__@@P6AJPAU1@@Z$1?Close@IriDll@IriUtil@@SAJ0@Z$0A@Vno_copy@ce@@@ce@@Vallocator@2@@ce@@QAA?AV?$iterator@V?$auto_xxx@PAUHIRI__@@P6AJPAU1@@Z$1?Close@IriDll@IriUtil@@SAJ0@Z$0A@Vno_copy@ce@@@ce@@@list_impl@2@V342@@Z 10005708 f i metabaseserverfindenumerator.obj
 0001:00004788       ??$push_front@K@?$list@KVallocator@ce@@@ce@@QAA_NABK@Z 10005788 f i metabaseserverfindenumerator.obj
 0001:000047c8       ??$insert@PAUHIRI__@@@?$list@V?$auto_xxx@PAUHIRI__@@P6AJPAU1@@Z$1?Close@IriDll@IriUtil@@SAJ0@Z$0A@Vno_copy@ce@@@ce@@Vallocator@2@@ce@@QAA?AV?$iterator@V?$auto_xxx@PAUHIRI__@@P6AJPAU1@@Z$1?Close@IriDll@IriUtil@@SAJ0@Z$0A@Vno_copy@ce@@@ce@@@list_impl@1@V231@ABQAUHIRI__@@@Z 100057c8 f i metabaseserverfindenumerator.obj
 0001:00004810       ?Initialize@MetabaseServerFindEnumerator@@QAAJPAUHIRI__@@PAVMetabaseServer@@@Z 10005810 f   metabaseserverfindenumerator.obj
 0001:000049a8       ?Next@MetabaseServerFindEnumerator@@QAAJXZ 100059a8 f   metabaseserverfindenumerator.obj
 0001:00004ac0       ?Close@MetabaseServerFindEnumerator@@QAAJXZ 10005ac0 f   metabaseserverfindenumerator.obj
 0001:00004b80       ?erase@?$list@V?$auto_xxx@PAUHIRI__@@P6AJPAU1@@Z$1?Close@IriDll@IriUtil@@SAJ0@Z$0A@Vno_copy@ce@@@ce@@Vallocator@2@@ce@@QAA?AV?$iterator@V?$auto_xxx@PAUHIRI__@@P6AJPAU1@@Z$1?Close@IriDll@IriUtil@@SAJ0@Z$0A@Vno_copy@ce@@@ce@@@list_impl@2@V342@0@Z 10005b80 f i metabaseserverfindenumerator.obj
 0001:00004bd8       ??$push_front@PAUHIRI__@@@?$list@V?$auto_xxx@PAUHIRI__@@P6AJPAU1@@Z$1?Close@IriDll@IriUtil@@SAJ0@Z$0A@Vno_copy@ce@@@ce@@Vallocator@2@@ce@@QAA_NABQAUHIRI__@@@Z 10005bd8 f i metabaseserverfindenumerator.obj
 0001:00004c18       ??0MetabaseServerFindEnumerator@@QAA@XZ 10005c18 f   metabaseserverfindenumerator.obj
 0001:00004c58       ??1MetabaseServerFindEnumerator@@QAA@XZ 10005c58 f   metabaseserverfindenumerator.obj
 0001:00004cc0       ?GetPathFromParent@MetabaseServerFindEnumerator@@AAAJPAPAUHIRI__@@@Z 10005cc0 f   metabaseserverfindenumerator.obj
 0001:000050e8       ?GetAsIri@MetabaseServerFindEnumerator@@QAAJPAPAUHIRI__@@@Z 100060e8 f   metabaseserverfindenumerator.obj
 0001:00005224       ?GetAsString@MetabaseServerFindEnumerator@@QAAJPAPAGPAK@Z 10006224 f   metabaseserverfindenumerator.obj
 0001:000052cc       ?VerifyProcessId@MetabaseSessionManager@@SAJKPAVMetabaseSession@@@Z 100062cc f   metabasesessionmanager.obj
 0001:000052fc       ?_Buynode@?$list@U?$pair@KPAVMetabaseSession@@@std@@Vallocator@ce@@@ce@@IAAPAU?$_ListNode@U?$pair@KPAVMetabaseSession@@@std@@@list_impl@2@PAU342@@Z 100062fc f i metabasesessionmanager.obj
 0001:00005348       ?create@mutex@ce@@QAA_NPBGHPAU_SECURITY_ATTRIBUTES@@@Z 10006348 f i metabasesessionmanager.obj
 0001:00005394       ?erase@?$list@U?$pair@KPAVMetabaseSession@@@std@@Vallocator@ce@@@ce@@QAA?AV?$iterator@U?$pair@KPAVMetabaseSession@@@std@@@list_impl@2@V342@@Z 10006394 f i metabasesessionmanager.obj
 0001:000053f0       ?erase@?$list@U?$pair@KPAVMetabaseSession@@@std@@Vallocator@ce@@@ce@@QAA?AV?$iterator@U?$pair@KPAVMetabaseSession@@@std@@@list_impl@2@V342@0@Z 100063f0 f i metabasesessionmanager.obj
 0001:00005448       ?erase@?$vector@U?$pair@V?$iterator@U?$pair@KPAVMetabaseSession@@@std@@@list_impl@ce@@I@std@@Vallocator@ce@@U?$exponential_growth@$09@4@@ce@@QAAPAU?$pair@V?$iterator@U?$pair@KPAVMetabaseSession@@@std@@@list_impl@ce@@I@std@@PAU34@0@Z 10006448 f i metabasesessionmanager.obj
 0001:000054ac       ?erase@?$vector@U?$pair@V?$iterator@U?$pair@KPAVMetabaseSession@@@std@@@list_impl@ce@@I@std@@V?$reference_allocator@Vallocator@ce@@@details@ce@@U?$exponential_growth@$09@5@@ce@@QAAPAU?$pair@V?$iterator@U?$pair@KPAVMetabaseSession@@@std@@@list_impl@ce@@I@std@@PAU34@0@Z 100064ac f i metabasesessionmanager.obj
 0001:00005510       ??$insert@U?$pair@KPAVMetabaseSession@@@std@@@?$list@U?$pair@KPAVMetabaseSession@@@std@@Vallocator@ce@@@ce@@QAA?AV?$iterator@U?$pair@KPAVMetabaseSession@@@std@@@list_impl@1@V231@ABU?$pair@KPAVMetabaseSession@@@std@@@Z 10006510 f i metabasesessionmanager.obj
 0001:00005560       ?erase@?$hash@V?$hash_map_traits@KPAVMetabaseSession@@U?$hash_traits@K@ce@@Vallocator@3@@details@ce@@@details@ce@@QAA?AV?$iterator@U?$pair@KPAVMetabaseSession@@@std@@@list_impl@3@V453@@Z 10006560 f i metabasesessionmanager.obj
 0001:000055cc       ??1?$hash@V?$hash_map_traits@KPAVMetabaseSession@@U?$hash_traits@K@ce@@Vallocator@3@@details@ce@@@details@ce@@QAA@XZ 100065cc f i metabasesessionmanager.obj
 0001:0000560c       ?_Insert_dispatch@?$vector@U?$pair@V?$iterator@U?$pair@KPAVMetabaseSession@@@std@@@list_impl@ce@@I@std@@Vallocator@ce@@U?$exponential_growth@$09@4@@ce@@AAA_NPAU?$pair@V?$iterator@U?$pair@KPAVMetabaseSession@@@std@@@list_impl@ce@@I@std@@IABU34@ABUtrue_type@detail@2@@Z 1000660c f i metabasesessionmanager.obj
 0001:00005854       ?resize@?$vector@U?$pair@V?$iterator@U?$pair@KPAVMetabaseSession@@@std@@@list_impl@ce@@I@std@@Vallocator@ce@@U?$exponential_growth@$09@4@@ce@@QAA_NIABU?$pair@V?$iterator@U?$pair@KPAVMetabaseSession@@@std@@@list_impl@ce@@I@std@@@Z 10006854 f i metabasesessionmanager.obj
 0001:000058b0       ?_ready@?$hash@V?$hash_map_traits@KPAVMetabaseSession@@U?$hash_traits@K@ce@@Vallocator@3@@details@ce@@@details@ce@@IAA_NXZ 100068b0 f i metabasesessionmanager.obj
 0001:00005908       ??4?$auto_xxx@PAVMetabaseSessionManager@@P6AXPAV1@@Z$1??$_delete@VMetabaseSessionManager@@@ce@@YAX0@Z$0A@Vno_copy@2@@ce@@QAAAAV01@ABQAVMetabaseSessionManager@@@Z 10006908 f i metabasesessionmanager.obj
 0001:00005954       ?find@?$hash@V?$hash_map_traits@KPAVMetabaseSession@@U?$hash_traits@K@ce@@Vallocator@3@@details@ce@@@details@ce@@QAA?AV?$iterator@U?$pair@KPAVMetabaseSession@@@std@@@list_impl@3@ABK@Z 10006954 f i metabasesessionmanager.obj
 0001:000059cc       ?insert@?$hash@V?$hash_map_traits@KPAVMetabaseSession@@U?$hash_traits@K@ce@@Vallocator@3@@details@ce@@@details@ce@@QAA?AV?$iterator@U?$pair@KPAVMetabaseSession@@@std@@@list_impl@3@ABU?$pair@KPAVMetabaseSession@@@std@@@Z 100069cc f i metabasesessionmanager.obj
 0001:00005a88       ?GetClientSession@MetabaseSessionManager@@QAAJKPAPAVMetabaseSession@@@Z 10006a88 f   metabasesessionmanager.obj
 0001:00005b0c       ?CreateMetabaseSessionManager@MetabaseSessionManager@@SAJPBGKPAPAV1@@Z 10006b0c f   metabasesessionmanager.obj
 0001:00005c78       ?erase@?$hash@V?$hash_map_traits@KPAVMetabaseSession@@U?$hash_traits@K@ce@@Vallocator@3@@details@ce@@@details@ce@@QAAIABK@Z 10006c78 f i metabasesessionmanager.obj
 0001:00005cc4       ?CreateClientSession@MetabaseSessionManager@@QAAJPAVMetabaseServer@@PAK@Z 10006cc4 f   metabasesessionmanager.obj
 0001:00005e5c       ?DeleteClientSession@MetabaseSessionManager@@QAAJK@Z 10006e5c f   metabasesessionmanager.obj
 0001:00005f10       ?CleanupAbandonedSessions@MetabaseSessionManager@@QAAJXZ 10006f10 f   metabasesessionmanager.obj
 0001:00005fe4       ?MetabaseMonitorThreadProc@MetabaseSessionManager@@SAKPAX@Z 10006fe4 f   metabasesessionmanager.obj
 0001:00006030       ?RunSessionCloseTasks@MetabaseSessionManager@@QAAJXZ 10007030 f   metabasesessionmanager.obj
 0001:000060e0       ?_Buynode@?$list@U?$pair@KPAVMetabaseRecordSeekData@@@std@@Vallocator@ce@@@ce@@IAAPAU?$_ListNode@U?$pair@KPAVMetabaseRecordSeekData@@@std@@@list_impl@2@PAU342@@Z 100070e0 f i metabasesession.obj
 0001:0000612c       ?GetSeekData@MetabaseRecordSeekData@@QBAJPAPAEPAGPAK@Z 1000712c f   metabasesession.obj
 0001:00006184       ?SetSeekData@MetabaseRecordSeekData@@QAAJPAEGK@Z 10007184 f   metabasesession.obj
 0001:000061fc       ?GetFindResults@MetabaseSession@@QAAJPAPAUHIRI__@@PAPAGPAK@Z 100071fc f   metabasesession.obj
 0001:000062b8       ?CloseFindResults@MetabaseSession@@QAAJXZ 100072b8 f   metabasesession.obj
 0001:000062dc       ?FindNext@MetabaseSession@@QAAJXZ 100072dc f   metabasesession.obj
 0001:00006300       ?erase@?$list@U?$pair@KPAVMetabaseRecordSeekData@@@std@@Vallocator@ce@@@ce@@QAA?AV?$iterator@U?$pair@KPAVMetabaseRecordSeekData@@@std@@@list_impl@2@V342@@Z 10007300 f i metabasesession.obj
 0001:0000635c       ?erase@?$list@U?$pair@KPAVMetabaseRecordSeekData@@@std@@Vallocator@ce@@@ce@@QAA?AV?$iterator@U?$pair@KPAVMetabaseRecordSeekData@@@std@@@list_impl@2@V342@0@Z 1000735c f i metabasesession.obj
 0001:000063b4       ?erase@?$vector@U?$pair@V?$iterator@U?$pair@KPAVMetabaseRecordSeekData@@@std@@@list_impl@ce@@I@std@@Vallocator@ce@@U?$exponential_growth@$09@4@@ce@@QAAPAU?$pair@V?$iterator@U?$pair@KPAVMetabaseRecordSeekData@@@std@@@list_impl@ce@@I@std@@PAU34@0@Z 100073b4 f i metabasesession.obj
 0001:00006418       ?erase@?$vector@U?$pair@V?$iterator@U?$pair@KPAVMetabaseRecordSeekData@@@std@@@list_impl@ce@@I@std@@V?$reference_allocator@Vallocator@ce@@@details@ce@@U?$exponential_growth@$09@5@@ce@@QAAPAU?$pair@V?$iterator@U?$pair@KPAVMetabaseRecordSeekData@@@std@@@list_impl@ce@@I@std@@PAU34@0@Z 10007418 f i metabasesession.obj
 0001:0000647c       ??$insert@U?$pair@KPAVMetabaseRecordSeekData@@@std@@@?$list@U?$pair@KPAVMetabaseRecordSeekData@@@std@@Vallocator@ce@@@ce@@QAA?AV?$iterator@U?$pair@KPAVMetabaseRecordSeekData@@@std@@@list_impl@1@V231@ABU?$pair@KPAVMetabaseRecordSeekData@@@std@@@Z 1000747c f i metabasesession.obj
 0001:000064cc       ?BeginFind@MetabaseSession@@QAAJPAUHIRI__@@@Z 100074cc f   metabasesession.obj
 0001:0000657c       ?EndFind@MetabaseSession@@QAAJXZ 1000757c f   metabasesession.obj
 0001:000065ec       ?clear@?$hash@V?$hash_map_traits@KPAVMetabaseRecordSeekData@@U?$hash_traits@K@ce@@Vallocator@3@@details@ce@@@details@ce@@QAAXXZ 100075ec f i metabasesession.obj
 0001:0000663c       ?ClearCaches@MetabaseSession@@QAAJXZ 1000763c f   metabasesession.obj
 0001:000066b8       ?CloseSession@MetabaseSession@@QAAJXZ 100076b8 f   metabasesession.obj
 0001:000066d4       ??1?$hash@V?$hash_map_traits@KPAVMetabaseRecordSeekData@@U?$hash_traits@K@ce@@Vallocator@3@@details@ce@@@details@ce@@QAA@XZ 100076d4 f i metabasesession.obj
 0001:00006714       ?Insert@MetabaseSession@@QAAJPAUHIRI__@@W4METABASE_TABLE@@PAU_CEPROPVAL@@G@Z 10007714 f   metabasesession.obj
 0001:000067d0       ?Remove@MetabaseSession@@QAAJPAUHIRI__@@W4METABASE_TABLE@@@Z 100077d0 f   metabasesession.obj
 0001:00006858       ?_Insert_dispatch@?$vector@U?$pair@V?$iterator@U?$pair@KPAVMetabaseRecordSeekData@@@std@@@list_impl@ce@@I@std@@Vallocator@ce@@U?$exponential_growth@$09@4@@ce@@AAA_NPAU?$pair@V?$iterator@U?$pair@KPAVMetabaseRecordSeekData@@@std@@@list_impl@ce@@I@std@@IABU34@ABUtrue_type@detail@2@@Z 10007858 f i metabasesession.obj
 0001:00006aa0       ??1MetabaseSession@@QAA@XZ 10007aa0 f   metabasesession.obj
 0001:00006af4       ??0MetabaseSession@@AAA@KK@Z 10007af4 f   metabasesession.obj
 0001:00006b58       ?resize@?$vector@U?$pair@V?$iterator@U?$pair@KPAVMetabaseRecordSeekData@@@std@@@list_impl@ce@@I@std@@Vallocator@ce@@U?$exponential_growth@$09@4@@ce@@QAA_NIABU?$pair@V?$iterator@U?$pair@KPAVMetabaseRecordSeekData@@@std@@@list_impl@ce@@I@std@@@Z 10007b58 f i metabasesession.obj
 0001:00006bb4       ?_ready@?$hash@V?$hash_map_traits@KPAVMetabaseRecordSeekData@@U?$hash_traits@K@ce@@Vallocator@3@@details@ce@@@details@ce@@IAA_NXZ 10007bb4 f i metabasesession.obj
 0001:00006c0c       ?CreateMetabaseSession@MetabaseSession@@SAJPAVMetabaseServer@@KKPAPAV1@@Z 10007c0c f   metabasesession.obj
 0001:00006cb0       ?find@?$hash@V?$hash_map_traits@KPAVMetabaseRecordSeekData@@U?$hash_traits@K@ce@@Vallocator@3@@details@ce@@@details@ce@@QAA?AV?$iterator@U?$pair@KPAVMetabaseRecordSeekData@@@std@@@list_impl@3@ABK@Z 10007cb0 f i metabasesession.obj
 0001:00006d28       ?insert@?$hash@V?$hash_map_traits@KPAVMetabaseRecordSeekData@@U?$hash_traits@K@ce@@Vallocator@3@@details@ce@@@details@ce@@QAA?AV?$iterator@U?$pair@KPAVMetabaseRecordSeekData@@@std@@@list_impl@3@ABU?$pair@KPAVMetabaseRecordSeekData@@@std@@@Z 10007d28 f i metabasesession.obj
 0001:00006de4       ?GetMetabaseRecordSeekData@MetabaseSession@@AAAPAVMetabaseRecordSeekData@@KW4METABASE_TABLE@@@Z 10007de4 f   metabasesession.obj
 0001:00006e28       ?SetMetabaseRecordSeekData@MetabaseSession@@AAAJKPAVMetabaseRecordSeekData@@W4METABASE_TABLE@@@Z 10007e28 f   metabasesession.obj
 0001:00006e9c       ?Seek@MetabaseSession@@QAAJPAUHIRI__@@KW4METABASE_TABLE@@PAPAU_CEPROPVAL@@PAKPAG@Z 10007e9c f   metabasesession.obj
 0001:00007080       ?MbUtilGetStringFromIri@@YAJPAUHIRI__@@PAPAGPAK@Z 10008080 f   metabaseutils.obj
 0001:000072b4       ?MbUtilMutableIriFromString@@YAJPBGPAPAUHMUTABLEIRI__@@@Z 100082b4 f   metabaseutils.obj
 0001:00007424       InitializeCriticalSection  10008424 f   coredll:COREDLL.dll
 0001:00007434       DeleteCriticalSection      10008434 f   coredll:COREDLL.dll
 0001:00007444       FreeLibrary                10008444 f   coredll:COREDLL.dll
 0001:00007454       LoadLibraryW               10008454 f   coredll:COREDLL.dll
 0001:00007464       GetProcAddressW            10008464 f   coredll:COREDLL.dll
 0001:00007474       GetModuleHandleW           10008474 f   coredll:COREDLL.dll
 0001:00007484       WaitForSingleObject        10008484 f   coredll:COREDLL.dll
 0001:00007494       ReleaseMutex               10008494 f   coredll:COREDLL.dll
 0001:000074a4       InterlockedCompareExchange 100084a4 f   coredll:COREDLL.dll
 0001:000074b4       CeSafeCopyMemory           100084b4 f   coredll:COREDLL.dll
 0001:000074c4       StringCbLengthW            100084c4 f   coredll:COREDLL.dll
 0001:000074d4       StringCchCopyW             100084d4 f   coredll:COREDLL.dll
 0001:000074e4       RegistryGetString          100084e4 f   coredll:COREDLL.dll
 0001:000074f4       CeFreeDuplicateBuffer      100084f4 f   coredll:COREDLL.dll
 0001:00007504       CeCloseCallerBuffer        10008504 f   coredll:COREDLL.dll
 0001:00007514       CeOpenCallerBuffer         10008514 f   coredll:COREDLL.dll
 0001:00007524       CeAllocDuplicateBuffer     10008524 f   coredll:COREDLL.dll
 0001:00007534       StringCbCopyW              10008534 f   coredll:COREDLL.dll
 0001:00007544       LocalFree                  10008544 f   coredll:COREDLL.dll
 0001:00007554       GetLastError               10008554 f   coredll:COREDLL.dll
 0001:00007564       GetProcAddressA            10008564 f   coredll:COREDLL.dll
 0001:00007574       StringCchCatW              10008574 f   coredll:COREDLL.dll
 0001:00007584       CeFlushDBVol               10008584 f   coredll:COREDLL.dll
 0001:00007594       LCMapStringW               10008594 f   coredll:COREDLL.dll
 0001:000075a4       StringCchLengthW           100085a4 f   coredll:COREDLL.dll
 0001:000075b4       DSA_Destroy                100085b4 f   coredll:COREDLL.dll
 0001:000075c4       DSA_DeleteItem             100085c4 f   coredll:COREDLL.dll
 0001:000075d4       DSA_SetItem                100085d4 f   coredll:COREDLL.dll
 0001:000075e4       DSA_GetItem                100085e4 f   coredll:COREDLL.dll
 0001:000075f4       DSA_InsertItem             100085f4 f   coredll:COREDLL.dll
 0001:00007604       DSA_Create                 10008604 f   coredll:COREDLL.dll
 0001:00007614       LocalSize                  10008614 f   coredll:COREDLL.dll
 0001:00007624       LocalAlloc                 10008624 f   coredll:COREDLL.dll
 0001:00007634       EventModify                10008634 f   coredll:COREDLL.dll
 0001:00007644       GetCallerVMProcessId       10008644 f   coredll:COREDLL.dll
 0001:00007654       CloseHandle                10008654 f   coredll:COREDLL.dll
 0001:00007664       CreateMutexW               10008664 f   coredll:COREDLL.dll
 0001:00007674       CreateEventW               10008674 f   coredll:COREDLL.dll
 0001:00007684       GetExitCodeProcess         10008684 f   coredll:COREDLL.dll
 0001:00007694       OpenProcess                10008694 f   coredll:COREDLL.dll
 0001:000076a4       CreateThread               100086a4 f   coredll:COREDLL.dll
 0001:000076b4       StringCbCatW               100086b4 f   coredll:COREDLL.dll
 0001:000076c4       InvStrCmpW                 100086c4 f   ossvcs:ossvcs.dll
 0001:000076d4       crc32                      100086d4 f   ossvcs:ossvcs.dll
 0001:000076e4       CopyString                 100086e4 f   ossvcs:ossvcs.dll
 0001:000076f4       BCryptGenRandom            100086f4 f   bcrypt:bcrypt.dll
 0001:00007704       DllMain                    10008704 f   corelib0:dllmain.obj
 0001:00007810       _DllMainCRTStartup         10008810 f   corelib0:pegdmain.obj
 0001:0000783c       __GSHandlerCheckCommon     1000883c f   corelib0:gshandler.obj
 0001:00007878       __GSHandlerCheck           10008878 f   corelib0:gshandler.obj
 0001:00007898       __security_init_cookie     10008898 f   corelib0:seccinit.obj
 0001:000078e4       __security_check_cookie    100088e4 f   corelib0:armsecgs.obj
 0001:000078f4       __gsfailure                100088f4     corelib0:armsecgs.obj
 0001:00007940       _onexit                    10008940 f   corelib0:onexit.obj
 0001:00007ac4       atexit                     10008ac4 f   corelib0:onexit.obj
 0001:00007bc4       _cexit                     10008bc4 f   corelib0:cexit.obj
 0001:00007bd4       _initterm                  10008bd4 f   corelib0:crt0dat.obj
 0001:00007c00       _cinit                     10008c00 f   corelib0:crt0dat.obj
 0001:00007c60       __crt_ExitProcess          10008c60 f   corelib0:exitproc_proxy.obj
 0001:00007c6c       ??3@YAXPAX@Z               10008c6c f   corelib1:COREDLL.dll
 0001:00007c7c       ??2@YAPAXI@Z               10008c7c f   corelib1:COREDLL.dll
 0001:00007c8c       memset                     10008c8c f   corelib1:COREDLL.dll
 0001:00007c9c       memcpy                     10008c9c f   corelib1:COREDLL.dll
 0001:00007cac       memmove                    10008cac f   corelib1:COREDLL.dll
 0001:00007cbc       ??_V@YAXPAX@Z              10008cbc f   corelib1:COREDLL.dll
 0001:00007ccc       ??_U@YAPAXI@Z              10008ccc f   corelib1:COREDLL.dll
 0001:00007cdc       wcstok_s                   10008cdc f   corelib1:COREDLL.dll
 0001:00007cec       _XcptFilter                10008cec f   corelib1:COREDLL.dll
 0001:00007cfc       __C_specific_handler       10008cfc f   corelib1:COREDLL.dll
 0001:00007d0c       __security_gen_cookie2     10008d0c f   corelib1:COREDLL.dll
 0001:00007d1c       __report_gsfailure         10008d1c f   corelib1:COREDLL.dll
 0001:00007d2c       free                       10008d2c f   corelib1:COREDLL.dll
 0001:00007d3c       malloc                     10008d3c f   corelib1:COREDLL.dll
 0001:00007d4c       realloc                    10008d4c f   corelib1:COREDLL.dll
 0001:00007d5c       _msize                     10008d5c f   corelib1:COREDLL.dll
 0001:00007d6c       DisableThreadLibraryCalls  10008d6c f   coredll:COREDLL.dll
 0001:00007d7c       EnterCriticalSection       10008d7c f   coredll:COREDLL.dll
 0001:00007d8c       LeaveCriticalSection       10008d8c f   coredll:COREDLL.dll
 0001:00007d9c       InterlockedExchange        10008d9c f   coredll:COREDLL.dll
 0001:00007dac       TerminateProcess           10008dac f   coredll:COREDLL.dll
 0001:00007dd8       ??__Fcs@?1??get_lock@?$singleton@V?$free_list@$0GE@Vallocator@ce@@@ce@@$03V?$static_allocator@V?$free_list@$0GE@Vallocator@ce@@@ce@@$03@2@@ce@@KAAAVcritical_section@2@XZ@YAXXZ 10008dd8 f i metabase2api.obj
 0001:00007e18       __IMPORT_DESCRIPTOR_COREDLL 10008e18     coredll:COREDLL.dll
 0001:00007e2c       __IMPORT_DESCRIPTOR_ossvcs 10008e2c     ossvcs:ossvcs.dll
 0001:00007e40       __IMPORT_DESCRIPTOR_bcrypt 10008e40     bcrypt:bcrypt.dll
 0001:00007e54       __NULL_IMPORT_DESCRIPTOR   10008e54     coredll:COREDLL.dll
 0002:00000000       __imp_InitializeCriticalSection 1000a000     coredll:COREDLL.dll
 0002:00000004       __imp_DeleteCriticalSection 1000a004     coredll:COREDLL.dll
 0002:00000008       __imp_FreeLibrary          1000a008     coredll:COREDLL.dll
 0002:0000000c       __imp_LoadLibraryW         1000a00c     coredll:COREDLL.dll
 0002:00000010       __imp_GetProcAddressW      1000a010     coredll:COREDLL.dll
 0002:00000014       __imp_GetModuleHandleW     1000a014     coredll:COREDLL.dll
 0002:00000018       __imp_WaitForSingleObject  1000a018     coredll:COREDLL.dll
 0002:0000001c       __imp_ReleaseMutex         1000a01c     coredll:COREDLL.dll
 0002:00000020       __imp_InterlockedCompareExchange 1000a020     coredll:COREDLL.dll
 0002:00000024       __imp_CeSafeCopyMemory     1000a024     coredll:COREDLL.dll
 0002:00000028       __imp_StringCbLengthW      1000a028     coredll:COREDLL.dll
 0002:0000002c       __imp_StringCchCopyW       1000a02c     coredll:COREDLL.dll
 0002:00000030       __imp_RegistryGetString    1000a030     coredll:COREDLL.dll
 0002:00000034       __imp_CeFreeDuplicateBuffer 1000a034     coredll:COREDLL.dll
 0002:00000038       __imp_CeCloseCallerBuffer  1000a038     coredll:COREDLL.dll
 0002:0000003c       __imp_CeOpenCallerBuffer   1000a03c     coredll:COREDLL.dll
 0002:00000040       __imp_CeAllocDuplicateBuffer 1000a040     coredll:COREDLL.dll
 0002:00000044       __imp_StringCbCopyW        1000a044     coredll:COREDLL.dll
 0002:00000048       __imp_LocalFree            1000a048     coredll:COREDLL.dll
 0002:0000004c       __imp_GetLastError         1000a04c     coredll:COREDLL.dll
 0002:00000050       __imp_GetProcAddressA      1000a050     coredll:COREDLL.dll
 0002:00000054       __imp_StringCchCatW        1000a054     coredll:COREDLL.dll
 0002:00000058       __imp_CeFlushDBVol         1000a058     coredll:COREDLL.dll
 0002:0000005c       __imp_LCMapStringW         1000a05c     coredll:COREDLL.dll
 0002:00000060       __imp_StringCchLengthW     1000a060     coredll:COREDLL.dll
 0002:00000064       __imp_DSA_Destroy          1000a064     coredll:COREDLL.dll
 0002:00000068       __imp_DSA_DeleteItem       1000a068     coredll:COREDLL.dll
 0002:0000006c       __imp_DSA_SetItem          1000a06c     coredll:COREDLL.dll
 0002:00000070       __imp_DSA_GetItem          1000a070     coredll:COREDLL.dll
 0002:00000074       __imp_DSA_InsertItem       1000a074     coredll:COREDLL.dll
 0002:00000078       __imp_DSA_Create           1000a078     coredll:COREDLL.dll
 0002:0000007c       __imp_LocalSize            1000a07c     coredll:COREDLL.dll
 0002:00000080       __imp_LocalAlloc           1000a080     coredll:COREDLL.dll
 0002:00000084       __imp_EventModify          1000a084     coredll:COREDLL.dll
 0002:00000088       __imp_GetCallerVMProcessId 1000a088     coredll:COREDLL.dll
 0002:0000008c       __imp_CloseHandle          1000a08c     coredll:COREDLL.dll
 0002:00000090       __imp_CreateMutexW         1000a090     coredll:COREDLL.dll
 0002:00000094       __imp_CreateEventW         1000a094     coredll:COREDLL.dll
 0002:00000098       __imp_GetExitCodeProcess   1000a098     coredll:COREDLL.dll
 0002:0000009c       __imp_OpenProcess          1000a09c     coredll:COREDLL.dll
 0002:000000a0       __imp_CreateThread         1000a0a0     coredll:COREDLL.dll
 0002:000000a4       __imp_StringCbCatW         1000a0a4     coredll:COREDLL.dll
 0002:000000a8       __imp_InterlockedExchange  1000a0a8     coredll:COREDLL.dll
 0002:000000ac       __imp_LeaveCriticalSection 1000a0ac     coredll:COREDLL.dll
 0002:000000b0       __imp_EnterCriticalSection 1000a0b0     coredll:COREDLL.dll
 0002:000000b4       __imp_DisableThreadLibraryCalls 1000a0b4     coredll:COREDLL.dll
 0002:000000b8       __imp__msize               1000a0b8     corelib1:COREDLL.dll
 0002:000000bc       __imp_realloc              1000a0bc     corelib1:COREDLL.dll
 0002:000000c0       __imp_??3@YAXPAX@Z         1000a0c0     corelib1:COREDLL.dll
 0002:000000c4       __imp_??2@YAPAXI@Z         1000a0c4     corelib1:COREDLL.dll
 0002:000000c8       __imp_memset               1000a0c8     corelib1:COREDLL.dll
 0002:000000cc       __imp_memcpy               1000a0cc     corelib1:COREDLL.dll
 0002:000000d0       __imp_memmove              1000a0d0     corelib1:COREDLL.dll
 0002:000000d4       __imp_??_V@YAXPAX@Z        1000a0d4     corelib1:COREDLL.dll
 0002:000000d8       __imp_??_U@YAPAXI@Z        1000a0d8     corelib1:COREDLL.dll
 0002:000000dc       __imp_wcstok_s             1000a0dc     corelib1:COREDLL.dll
 0002:000000e0       __imp__XcptFilter          1000a0e0     corelib1:COREDLL.dll
 0002:000000e4       __imp___C_specific_handler 1000a0e4     corelib1:COREDLL.dll
 0002:000000e8       __imp___security_gen_cookie2 1000a0e8     corelib1:COREDLL.dll
 0002:000000ec       __imp___report_gsfailure   1000a0ec     corelib1:COREDLL.dll
 0002:000000f0       __imp_free                 1000a0f0     corelib1:COREDLL.dll
 0002:000000f4       __imp_malloc               1000a0f4     corelib1:COREDLL.dll
 0002:000000f8       __imp_TerminateProcess     1000a0f8     coredll:COREDLL.dll
 0002:000000fc       \177COREDLL_NULL_THUNK_DATA 1000a0fc     coredll:COREDLL.dll
 0002:00000100       __imp_BCryptGenRandom      1000a100     bcrypt:bcrypt.dll
 0002:00000104       \177bcrypt_NULL_THUNK_DATA 1000a104     bcrypt:bcrypt.dll
 0002:00000108       __imp_crc32                1000a108     ossvcs:ossvcs.dll
 0002:0000010c       __imp_InvStrCmpW           1000a10c     ossvcs:ossvcs.dll
 0002:00000110       __imp_CopyString           1000a110     ossvcs:ossvcs.dll
 0002:00000114       \177ossvcs_NULL_THUNK_DATA 1000a114     ossvcs:ossvcs.dll
 0002:00000118       ?g_rgDataPropIds@@3PAKA    1000a118     metabase2api.obj
 0002:00000148       ?g_rgpfnMetabaseApi@@3PAP6AXXZA 1000a148     metabase2api.obj
 0002:00000168       ?g_rgMetabaseApiSignatures@@3PA_KA 1000a168     metabase2api.obj
 0002:000001a8       ?g_nMetabaseApi@@3GA       1000a1a8     metabase2api.obj
 0002:000001b0       ?dpCurSettings@@3U_DBGPARAM@@A 1000a1b0     metabase2api.obj
 0002:000005f4       __security_cookie          1000a5f4     corelib0:seccinit.obj
 0002:000005f8       __security_cookie_complement 1000a5f8     corelib0:seccinit.obj
 0002:000005fc       ?s_pInstance@IriDll@IriUtil@@1PAV12@A 1000a5fc     metabase2api.obj
 0002:00000600       ?g_hMetabaseApiSet@@3PAXA  1000a600     metabase2api.obj
 0002:0000060c       ??_B?1??get_lock@?$singleton@V?$free_list@$0GE@Vallocator@ce@@@ce@@$03V?$static_allocator@V?$free_list@$0GE@Vallocator@ce@@@ce@@$03@2@@ce@@KAAAVcritical_section@2@XZ@51 1000a60c     metabase2api.obj
 0002:00000610       ?cs@?1??get_lock@?$singleton@V?$free_list@$0GE@Vallocator@ce@@@ce@@$03V?$static_allocator@V?$free_list@$0GE@Vallocator@ce@@@ce@@$03@2@@ce@@KAAAVcritical_section@3@XZ@4V43@A 1000a610     metabase2api.obj
 0002:00000624       ?_factory@?$singleton@V?$free_list@$0GE@Vallocator@ce@@@ce@@$03V?$static_allocator@V?$free_list@$0GE@Vallocator@ce@@@ce@@$03@2@@ce@@1Ulock_factory@12@A 1000a624     metabase2api.obj
 0002:00000625       _exitflag                  1000a625     corelib0:cexit.obj
 0002:00000628       __onexitend                1000a628     <common>
 0002:0000062c       __onexitbegin              1000a62c     <common>
 0002:00000630       g_pcsExit                  1000a630     <common>
 0002:00000634       _pRawDllMain               1000a634     <common>

 entry point at        0001:00007810

 Static symbols

 0001:00007720       _DllMainCRTStartupHelper   10008720 f   corelib0:pegdmain.obj
 0001:00007adc       doexit                     10008adc f   corelib0:cexit.obj
 0001:00007dbc       ??__E?_factory@?$singleton@V?$free_list@$0GE@Vallocator@ce@@@ce@@$03V?$static_allocator@V?$free_list@$0GE@Vallocator@ce@@@ce@@$03@2@@ce@@1Ulock_factory@12@A@@YAXXZ 10008dbc f   metabase2api.obj
 0001:00007dc0       ??__EdpCurSettings@@YAXXZ  10008dc0 f   metabase2api.obj
