 mlang

 Timestamp is 5ac64e91 (Thu Apr 05 09:28:01 2018)

 Preferred load address is 10000000

 Start         Length     Name                   Class
 0001:00000000 00000004H .CRT$XCA                CODE
 0001:00000004 00000008H .CRT$XCL                CODE
 0001:0000000c 00000004H .CRT$XCU                CODE
 0001:00000010 00000004H .CRT$XCZ                CODE
 0001:00000014 00000004H .CRT$XIA                CODE
 0001:00000018 00000004H .CRT$XIZ                CODE
 0001:0000001c 00000004H .CRT$XPA                CODE
 0001:00000020 00000004H .CRT$XPZ                CODE
 0001:00000024 00000004H .CRT$XTA                CODE
 0001:00000028 00000004H .CRT$XTZ                CODE
 0001:00000030 000084bcH .rdata                  CODE
 0001:000084ec 00000022H .rdata$debug            CODE
 0001:00008510 0001b104H .text                   CODE
 0001:00023614 0000007cH .text$yc                CODE
 0001:00023690 00000034H .text$yd                CODE
 0001:000236c4 00000120H .xdata                  CODE
 0001:000237e4 00000004H ATL$__a                 CODE
 0001:000237e8 00000004H ATL$__z                 CODE
 0001:000237ec 0000003cH .idata$2                CODE
 0001:00023828 00000014H .idata$3                CODE
 0001:0002383c 000001d0H .idata$4                CODE
 0001:00023a0c 000000a8H .idata$6                CODE
 0001:00023ac0 00000232H .edata                  CODE
 0002:00000000 000001d0H .idata$5                DATA
 0002:000001d0 0000417cH .data                   DATA
 0002:00004350 000003b4H .bss                    DATA
 0003:00000000 00001568H .pdata                  DATA
 0004:00000000 00000774H .rsrc$01                DATA
 0004:00000780 00007768H .rsrc$02                DATA

  Address         Publics by Value              Rva+Base       Lib:Object

 0000:00000000       ___safe_se_handler_table   00000000     <absolute>
 0000:00000000       ___safe_se_handler_count   00000000     <absolute>
 0001:00000000       __xc_a                     10001000     corelib0:crt0init.obj
 0001:00000010       __xc_z                     10001010     corelib0:crt0init.obj
 0001:00000014       __xi_a                     10001014     corelib0:crt0init.obj
 0001:00000018       __xi_z                     10001018     corelib0:crt0init.obj
 0001:0000001c       __xp_a                     1000101c     corelib0:crt0init.obj
 0001:00000020       __xp_z                     10001020     corelib0:crt0init.obj
 0001:00000024       __xt_a                     10001024     corelib0:crt0init.obj
 0001:00000028       __xt_z                     10001028     corelib0:crt0init.obj
 0001:0000004c       ??_C@_1CK@BDCLHPLF@?$AAT?$AAr?$AAa?$AAn?$AAs?$AAl?$AAa?$AAt?$AAe?$AAC?$AAh?$AAa?$AAr?$AAs?$AAe?$AAt?$AAI?$AAn?$AAf?$AAo?$AA?$AA@ 1000104c     dllload.obj
 0001:00000078       ??_C@_1BI@CJKPFBEK@?$AAc?$AAo?$AAr?$AAe?$AAd?$AAl?$AAl?$AA?4?$AAd?$AAl?$AAl?$AA?$AA@ 10001078     dllload.obj
 0001:00000090       ??_C@_1BA@JIHHIEDE@?$AAT?$AAy?$AAp?$AAe?$AAL?$AAi?$AAb?$AA?$AA@ 10001090     init.obj
 0001:000000a0       ??_C@_1BC@EAHCMADO@?$AAS?$AAo?$AAf?$AAt?$AAw?$AAa?$AAr?$AAe?$AA?$AA@ 100010a0     init.obj
 0001:000000b4       ??_C@_1O@GBFINDKL@?$AAS?$AAY?$AAS?$AAT?$AAE?$AAM?$AA?$AA@ 100010b4     init.obj
 0001:000000c4       ??_C@_1BC@IBECJAAI@?$AAS?$AAE?$AAC?$AAU?$AAR?$AAI?$AAT?$AAY?$AA?$AA@ 100010c4     init.obj
 0001:000000d8       ??_C@_17OMAOINJK@?$AAS?$AAA?$AAM?$AA?$AA@ 100010d8     init.obj
 0001:000000e0       ??_C@_19HLLLM@?$AAM?$AAi?$AAm?$AAe?$AA?$AA@ 100010e0     init.obj
 0001:000000ec       ??_C@_1BC@MAICEHGI@?$AAH?$AAa?$AAr?$AAd?$AAw?$AAa?$AAr?$AAe?$AA?$AA@ 100010ec     init.obj
 0001:00000100       ??_C@_1BE@EKPAFMCP@?$AAI?$AAn?$AAt?$AAe?$AAr?$AAf?$AAa?$AAc?$AAe?$AA?$AA@ 10001100     init.obj
 0001:00000114       ??_C@_1BC@NKMMNMGL@?$AAF?$AAi?$AAl?$AAe?$AAT?$AAy?$AAp?$AAe?$AA?$AA@ 10001114     init.obj
 0001:00000128       ??_C@_1CK@OEKPKBNA@?$AAC?$AAo?$AAm?$AAp?$AAo?$AAn?$AAe?$AAn?$AAt?$AA?5?$AAC?$AAa?$AAt?$AAe?$AAg?$AAo?$AAr?$AAi?$AAe?$AAs?$AA?$AA@ 10001128     init.obj
 0001:00000154       ??_C@_1M@KANJNLFF@?$AAC?$AAL?$AAS?$AAI?$AAD?$AA?$AA@ 10001154     init.obj
 0001:00000160       ??_C@_1M@EJNEECMJ@?$AAA?$AAp?$AAp?$AAI?$AAD?$AA?$AA@ 10001160     init.obj
 0001:0000016c       ??_C@_1O@JDLOHAN@?$AAD?$AAe?$AAl?$AAe?$AAt?$AAe?$AA?$AA@ 1000116c     init.obj
 0001:0000017c       ??_C@_1BC@GCKHIPE@?$AAN?$AAo?$AAR?$AAe?$AAm?$AAo?$AAv?$AAe?$AA?$AA@ 1000117c     init.obj
 0001:00000190       ??_C@_1BI@JFAIJMHL@?$AAF?$AAo?$AAr?$AAc?$AAe?$AAR?$AAe?$AAm?$AAo?$AAv?$AAe?$AA?$AA@ 10001190     init.obj
 0001:000001a8       ??_C@_17LLMMEOJD@?$AAV?$AAa?$AAl?$AA?$AA@ 100011a8     init.obj
 0001:000001b0       ??_C@_13OPKGLAFF@?$AAB?$AA?$AA@ 100011b0     init.obj
 0001:000001b4       ??_C@_13MKMNOPIJ@?$AAD?$AA?$AA@ 100011b4     init.obj
 0001:000001b8       ??_C@_13LHMFKAAD@?$AAM?$AA?$AA@ 100011b8     init.obj
 0001:000001bc       ??_C@_13HADIAKP@?$AAS?$AA?$AA@ 100011bc     init.obj
 0001:000001e0       ?rgszNeverDelete@CRegParser@ATL@@1QBQBGB 100011e0     init.obj
 0001:00000210       ??_7?$CComObject@VCMLStr@@@ATL@@6B@ 10001210     init.obj
 0001:00000250       ?_entries@?1??_GetEntries@CMLStr@@SAPBU_ATL_INTMAP_ENTRY@ATL@@XZ@4QBU34@B 10001250     init.obj
 0001:00000280       _GUID_c04d65ce_b70d_11d0_b188_00aa0038c969 10001280     init.obj
 0001:00000290       _GUID_c04d65d0_b70d_11d0_b188_00aa0038c969 10001290     init.obj
 0001:000002a0       ?_entries@?1??_GetEntries@CMLStrA@@SAPBU_ATL_INTMAP_ENTRY@ATL@@XZ@4QBU34@B 100012a0     init.obj
 0001:000002c4       _GUID_c04d65d2_b70d_11d0_b188_00aa0038c969 100012c4     init.obj
 0001:000002d4       ??_7?$CComObject@VCMLangConvertCharset@@@ATL@@6B@ 100012d4     init.obj
 0001:00000304       ?_entries@?1??_GetEntries@CMLangConvertCharset@@SAPBU_ATL_INTMAP_ENTRY@ATL@@XZ@4QBU34@B 10001304     init.obj
 0001:0000031c       _GUID_d66d6f98_cdaa_11d0_b822_00c04fc9b31f 1000131c     init.obj
 0001:0000032c       ??_7?$CComContainedObject@VCMLStr@@@ATL@@6B@ 1000132c     init.obj
 0001:00000368       ??_7?$CComContainedObject@VCMLangConvertCharset@@@ATL@@6B@ 10001368     init.obj
 0001:00000394       ??_7CComClassFactory@ATL@@6B@ 10001394     init.obj
 0001:000003b0       ??_7?$CComObject@VCMultiLanguage@@@ATL@@6B@ 100013b0     init.obj
 0001:00000400       ?_entries@?1??_GetEntries@CMultiLanguage@@SAPBU_ATL_INTMAP_ENTRY@ATL@@XZ@4QBU34@B 10001400     init.obj
 0001:00000460       _GUID_275c23e1_3747_11d0_9fea_00aa003f8646 10001460     init.obj
 0001:00000470       ?_entries@?1??_GetEntries@CMLFLink@@SAPBU_ATL_INTMAP_ENTRY@ATL@@XZ@4QBU34@B 10001470     init.obj
 0001:00000494       _GUID_359f3443_bd4a_11d0_b188_00aa0038c969 10001494     init.obj
 0001:000004a4       _GUID_359f3441_bd4a_11d0_b188_00aa0038c969 100014a4     init.obj
 0001:000004b4       ?_entries@?1??_GetEntries@CMLFLink2@@SAPBU_ATL_INTMAP_ENTRY@ATL@@XZ@4QBU34@B 100014b4     init.obj
 0001:000004cc       _GUID_dccfc162_2b38_11d2_b7ec_00c04f8f5d9a 100014cc     init.obj
 0001:000004dc       ?_entries@?1??_GetEntries@CMLLBCons@@SAPBU_ATL_INTMAP_ENTRY@ATL@@XZ@4QBU34@B 100014dc     init.obj
 0001:000004f4       _GUID_f5be2ee1_bfd7_11d0_b188_00aa0038c969 100014f4     init.obj
 0001:00000504       ?_entries@?1??_GetEntries@CMultiLanguage2@@SAPBU_ATL_INTMAP_ENTRY@ATL@@XZ@4QBU34@B 10001504     init.obj
 0001:00000528       _GUID_dccfc164_2b38_11d2_b7ec_00c04f8f5d9a 10001528     init.obj
 0001:00000538       _GUID_4e5868ab_b157_4623_9acc_6a1d9caebe04 10001538     init.obj
 0001:00000548       ??_7?$CComTearOffObject@VCMultiLanguage2@@@ATL@@6B@ 10001548     init.obj
 0001:000005cc       ??_7?$CComAggObject@VCMLStr@@@ATL@@6B@ 100015cc     init.obj
 0001:000005dc       ??_7?$CComAggObject@VCMLangConvertCharset@@@ATL@@6B@ 100015dc     init.obj
 0001:000005f0       ??_7?$CComContainedObject@VCMultiLanguage@@@ATL@@6B@ 100015f0     init.obj
 0001:00000638       ??_7?$CComTearOffObject@VCMLLBCons@@@ATL@@6B@ 10001638     init.obj
 0001:00000654       ??_7CComModule@ATL@@6B@    10001654     init.obj
 0001:0000067c       _GUID_00000146_0000_0000_c000_000000000046 1000167c     init.obj
 0001:00000690       ?map@?1??HKeyFromString@CRegParser@ATL@@KAPAUHKEY__@@PAG@Z@4QBUkeymap@?1??123@KAPAU4@0@Z@B 10001690     init.obj
 0001:000006d0       ??_C@_19NCHLBIN@?$AAH?$AAK?$AAC?$AAR?$AA?$AA@ 100016d0     init.obj
 0001:000006dc       ??_C@_19JAPAIJDE@?$AAH?$AAK?$AAC?$AAU?$AA?$AA@ 100016dc     init.obj
 0001:000006e8       ??_C@_19PEALEEJB@?$AAH?$AAK?$AAL?$AAM?$AA?$AA@ 100016e8     init.obj
 0001:000006f4       ??_C@_17PJOJPMPB@?$AAH?$AAK?$AAU?$AA?$AA@ 100016f4     init.obj
 0001:000006fc       ??_C@_1CE@PACHPJFI@?$AAH?$AAK?$AAE?$AAY?$AA_?$AAC?$AAL?$AAA?$AAS?$AAS?$AAE?$AAS?$AA_?$AAR?$AAO?$AAO?$AAT?$AA?$AA@ 100016fc     init.obj
 0001:00000720       ??_C@_1CE@HLHNCBPM@?$AAH?$AAK?$AAE?$AAY?$AA_?$AAC?$AAU?$AAR?$AAR?$AAE?$AAN?$AAT?$AA_?$AAU?$AAS?$AAE?$AAR?$AA?$AA@ 10001720     init.obj
 0001:00000744       ??_C@_1CG@GFBEANJL@?$AAH?$AAK?$AAE?$AAY?$AA_?$AAL?$AAO?$AAC?$AAA?$AAL?$AA_?$AAM?$AAA?$AAC?$AAH?$AAI?$AAN?$AAE?$AA?$AA@ 10001744     init.obj
 0001:0000076c       ??_C@_1BG@BGODANIO@?$AAH?$AAK?$AAE?$AAY?$AA_?$AAU?$AAS?$AAE?$AAR?$AAS?$AA?$AA@ 1000176c     init.obj
 0001:00000784       ??_C@_11LOCGONAA@?$AA?$AA@ 10001784     init.obj
 0001:00000788       ??_C@_1M@PPPPCDEP@?$AAA?$AAP?$AAP?$AAI?$AAD?$AA?$AA@ 10001788     init.obj
 0001:00000794       ??_7CRegObject@ATL@@6B@    10001794     init.obj
 0001:000007ac       ??_C@_1BE@LJOLIMEM@?$AA?$AN?$AA?6?$AA?7?$AA?$HN?$AA?$AN?$AA?6?$AA?$HN?$AA?$AN?$AA?6?$AA?$AA@ 100017ac     init.obj
 0001:000007c0       ??_C@_1EA@NHKLICFA@?$AAH?$AAK?$AAC?$AAU?$AA?$AN?$AA?6?$AA?$HL?$AA?7?$AAS?$AAo?$AAf?$AAt?$AAw?$AAa?$AAr?$AAe?$AA?$AN?$AA?6?$AA?7?$AA?$HL?$AA?$AN?$AA?6?$AA?7?$AA?7?$AAC?$AAl?$AAa?$AAs?$AAs?$AAe?$AAs?$AA?$AA@ 100017c0     init.obj
 0001:00000800       _GUID_00000000_0000_0000_c000_000000000046 10001800     init.obj
 0001:00000810       ??_7?$CComObjectNoLock@VCComClassFactory@ATL@@@ATL@@6B@ 10001810     init.obj
 0001:00000828       ?_entries@?1??_GetEntries@CComClassFactory@ATL@@SAPBU_ATL_INTMAP_ENTRY@3@XZ@4QBU43@B 10001828     init.obj
 0001:00000840       _GUID_00000001_0000_0000_c000_000000000046 10001840     init.obj
 0001:00000850       ??_7?$CComContainedObject@VCMLFLink@@@ATL@@6B@ 10001850     init.obj
 0001:0000087c       ??_7?$CComAggObject@VCMultiLanguage@@@ATL@@6B@ 1000187c     init.obj
 0001:0000088c       ??_7?$CComTearOffObject@VCMLFLink@@@ATL@@6B@ 1000188c     init.obj
 0001:000008bc       ??_C@_1BE@BFBLHKBI@?$AAm?$AAl?$AAa?$AAn?$AAg?$AA?4?$AAd?$AAl?$AAl?$AA?$AA@ 100018bc     init.obj
 0001:000008d0       ??_7?$CComPolyObject@VCMLFLink@@@ATL@@6B@ 100018d0     init.obj
 0001:000008e0       ??_7?$CComTearOffObject@VCMLStrA@@@ATL@@6B@ 100018e0     init.obj
 0001:00000920       ??_C@_1BC@KAILKFFG@?$AAR?$AAE?$AAG?$AAI?$AAS?$AAT?$AAR?$AAY?$AA?$AA@ 10001920     init.obj
 0001:00000934       ??_C@_1BG@JBACFMF@?$AAM?$AAo?$AAd?$AAu?$AAl?$AAe?$AA_?$AAR?$AAa?$AAw?$AA?$AA@ 10001934     init.obj
 0001:0000094c       ??_C@_1O@MNLDABAF@?$AAM?$AAo?$AAd?$AAu?$AAl?$AAe?$AA?$AA@ 1000194c     init.obj
 0001:0000095c       ??_7?$CComTearOffObject@VCMLFLink2@@@ATL@@6B@ 1000195c     init.obj
 0001:00000998       ??_C@_1BK@OIAHPNMI@?$AAW?$AAi?$AAn?$AAd?$AAo?$AAw?$AAs?$AA?9?$AA1?$AA2?$AA5?$AA2?$AA?$AA@ 10001998     mimedb.obj
 0001:000009b4       ??_C@_1O@BOALKNHB@?$AAi?$AAb?$AAm?$AA8?$AA5?$AA0?$AA?$AA@ 100019b4     mimedb.obj
 0001:000009c4       ??_C@_1BI@EHGGNEGD@?$AAu?$AAn?$AAi?$AAc?$AAo?$AAd?$AAe?$AAF?$AAE?$AAF?$AAF?$AA?$AA@ 100019c4     mimedb.obj
 0001:000009dc       ??_C@_1BK@ECLJBCKF@?$AAw?$AAi?$AAn?$AAd?$AAo?$AAw?$AAs?$AA?9?$AA1?$AA2?$AA5?$AA4?$AA?$AA@ 100019dc     mimedb.obj
 0001:000009f8       ??_C@_1O@IDNMJFMI@?$AAi?$AAb?$AAm?$AA8?$AA5?$AA7?$AA?$AA@ 100019f8     mimedb.obj
 0001:00000a08       ??_C@_1O@DNLGNPDE@?$AAE?$AAU?$AAC?$AA?9?$AAJ?$AAP?$AA?$AA@ 10001a08     mimedb.obj
 0001:00000a18       ??_C@_1O@CACDLILK@?$AAi?$AAb?$AAm?$AA8?$AA6?$AA1?$AA?$AA@ 10001a18     mimedb.obj
 0001:00000a28       ??_C@_1DA@FKDLFFFA@?$AAx?$AA?9?$AAE?$AAB?$AAC?$AAD?$AAI?$AAC?$AA?9?$AAK?$AAo?$AAr?$AAe?$AAa?$AAn?$AAE?$AAx?$AAt?$AAe?$AAn?$AAd?$AAe?$AAd?$AA?$AA@ 10001a28     mimedb.obj
 0001:00000a58       ??_C@_1DK@FLAHELFI@?$AAx?$AA?9?$AAE?$AAB?$AAC?$AAD?$AAI?$AAC?$AA?9?$AAJ?$AAa?$AAp?$AAa?$AAn?$AAe?$AAs?$AAe?$AAA?$AAn?$AAd?$AAU?$AAS?$AAC?$AAa?$AAn?$AAa?$AAd?$AAa?$AA?$AA@ 10001a58     mimedb.obj
 0001:00000a94       ??_C@_1O@OFJHJAFF@?$AAi?$AAb?$AAm?$AA8?$AA6?$AA9?$AA?$AA@ 10001a94     mimedb.obj
 0001:00000aa4       ??_C@_1CG@GKKMIHC@?$AA_?$AAa?$AAu?$AAt?$AAo?$AA_?$AAd?$AAe?$AAt?$AAe?$AAc?$AAt?$AA_?$AAg?$AAr?$AAe?$AAe?$AAk?$AA?$AA@ 10001aa4     mimedb.obj
 0001:00000acc       ??_C@_1CM@INCCAFGH@?$AA_?$AAa?$AAu?$AAt?$AAo?$AA_?$AAd?$AAe?$AAt?$AAe?$AAc?$AAt?$AA_?$AAc?$AAy?$AAr?$AAi?$AAl?$AAl?$AAi?$AAc?$AA?$AA@ 10001acc     mimedb.obj
 0001:00000af8       ??_C@_19NEMHMPCF@?$AAb?$AAi?$AAg?$AA5?$AA?$AA@ 10001af8     mimedb.obj
 0001:00000b04       ??_C@_1CA@PNENNMDB@?$AA_?$AAa?$AAu?$AAt?$AAo?$AAd?$AAe?$AAt?$AAe?$AAc?$AAt?$AA_?$AAc?$AAh?$AAt?$AA?$AA@ 10001b04     mimedb.obj
 0001:00000b24       ??_C@_1O@PBHNLDPP@?$AAg?$AAb?$AA2?$AA3?$AA1?$AA2?$AA?$AA@ 10001b24     mimedb.obj
 0001:00000b34       ??_C@_1O@KKHPKOFA@?$AAE?$AAU?$AAC?$AA?9?$AAC?$AAN?$AA?$AA@ 10001b34     mimedb.obj
 0001:00000b44       ??_C@_1CA@GAJKOEII@?$AA_?$AAa?$AAu?$AAt?$AAo?$AAd?$AAe?$AAt?$AAe?$AAc?$AAt?$AA_?$AAc?$AAh?$AAs?$AA?$AA@ 10001b44     mimedb.obj
 0001:00000b64       ??_C@_1O@LEACGFPK@?$AAi?$AAb?$AAm?$AA8?$AA5?$AA2?$AA?$AA@ 10001b64     mimedb.obj
 0001:00000b74       ??_C@_1CG@FCBAMBG@?$AA_?$AAa?$AAu?$AAt?$AAo?$AAd?$AAe?$AAt?$AAe?$AAc?$AAt?$AA_?$AAa?$AAr?$AAa?$AAb?$AAi?$AAc?$AA?$AA@ 10001b74     mimedb.obj
 0001:00000b9c       ??_C@_1BC@MPLCBMBL@?$AAx?$AA?9?$AAx?$AA?9?$AAb?$AAi?$AAg?$AA5?$AA?$AA@ 10001b9c     mimedb.obj
 0001:00000bb0       ??_C@_1BO@CFJHNHNF@?$AAx?$AA?9?$AAu?$AAs?$AAe?$AAr?$AA?9?$AAd?$AAe?$AAf?$AAi?$AAn?$AAe?$AAd?$AA?$AA@ 10001bb0     mimedb.obj
 0001:00000bd0       ??_C@_1CI@NGHJDIAN@?$AAx?$AA?9?$AAu?$AAn?$AAi?$AAc?$AAo?$AAd?$AAe?$AA?9?$AA2?$AA?9?$AA0?$AA?9?$AAu?$AAt?$AAf?$AA?9?$AA8?$AA?$AA@ 10001bd0     mimedb.obj
 0001:00000bf8       ??_C@_1CI@IOBKCIFL@?$AAx?$AA?9?$AAu?$AAn?$AAi?$AAc?$AAo?$AAd?$AAe?$AA?9?$AA2?$AA?9?$AA0?$AA?9?$AAu?$AAt?$AAf?$AA?9?$AA7?$AA?$AA@ 10001bf8     mimedb.obj
 0001:00000c20       ??_C@_1CI@NHLIOEFG@?$AAx?$AA?9?$AAu?$AAn?$AAi?$AAc?$AAo?$AAd?$AAe?$AA?9?$AA1?$AA?9?$AA1?$AA?9?$AAu?$AAt?$AAf?$AA?9?$AA8?$AA?$AA@ 10001c20     mimedb.obj
 0001:00000c48       ??_C@_1CI@IPNLPEAA@?$AAx?$AA?9?$AAu?$AAn?$AAi?$AAc?$AAo?$AAd?$AAe?$AA?9?$AA1?$AA?9?$AA1?$AA?9?$AAu?$AAt?$AAf?$AA?9?$AA7?$AA?$AA@ 10001c48     mimedb.obj
 0001:00000c70       ??_C@_1O@HLMICCFF@?$AAx?$AA?9?$AAs?$AAj?$AAi?$AAs?$AA?$AA@ 10001c70     mimedb.obj
 0001:00000c80       ??_C@_1BG@NKIFPLDA@?$AAx?$AA?9?$AAm?$AAs?$AA?9?$AAc?$AAp?$AA9?$AA3?$AA2?$AA?$AA@ 10001c80     mimedb.obj
 0001:00000c98       ??_C@_1CA@FOBMEIAN@?$AAx?$AA?9?$AAm?$AAa?$AAc?$AA?9?$AAu?$AAk?$AAr?$AAa?$AAi?$AAn?$AAi?$AAa?$AAn?$AA?$AA@ 10001c98     mimedb.obj
 0001:00000cb8       ??_C@_1BM@IEDKPNAC@?$AAx?$AA?9?$AAm?$AAa?$AAc?$AA?9?$AAt?$AAu?$AAr?$AAk?$AAi?$AAs?$AAh?$AA?$AA@ 10001cb8     mimedb.obj
 0001:00000cd4       ??_C@_1BG@CFFPFECP@?$AAx?$AA?9?$AAm?$AAa?$AAc?$AA?9?$AAt?$AAh?$AAa?$AAi?$AA?$AA@ 10001cd4     mimedb.obj
 0001:00000cec       ??_C@_1BO@MEJCNHLH@?$AAx?$AA?9?$AAm?$AAa?$AAc?$AA?9?$AAr?$AAo?$AAm?$AAa?$AAn?$AAi?$AAa?$AAn?$AA?$AA@ 10001cec     mimedb.obj
 0001:00000d0c       ??_C@_1BK@CCBKLOKG@?$AAx?$AA?9?$AAm?$AAa?$AAc?$AA?9?$AAk?$AAo?$AAr?$AAe?$AAa?$AAn?$AA?$AA@ 10001d0c     mimedb.obj
 0001:00000d28       ??_C@_1BO@MCBKKOOB@?$AAx?$AA?9?$AAm?$AAa?$AAc?$AA?9?$AAj?$AAa?$AAp?$AAa?$AAn?$AAe?$AAs?$AAe?$AA?$AA@ 10001d28     mimedb.obj
 0001:00000d48       ??_C@_1CA@FFKJPPOA@?$AAx?$AA?9?$AAm?$AAa?$AAc?$AA?9?$AAi?$AAc?$AAe?$AAl?$AAa?$AAn?$AAd?$AAi?$AAc?$AA?$AA@ 10001d48     mimedb.obj
 0001:00000d68       ??_C@_1BK@FDBMJAMF@?$AAx?$AA?9?$AAm?$AAa?$AAc?$AA?9?$AAh?$AAe?$AAb?$AAr?$AAe?$AAw?$AA?$AA@ 10001d68     mimedb.obj
 0001:00000d84       ??_C@_1BI@CKLPBIHB@?$AAx?$AA?9?$AAm?$AAa?$AAc?$AA?9?$AAg?$AAr?$AAe?$AAe?$AAk?$AA?$AA@ 10001d84     mimedb.obj
 0001:00000d9c       ??_C@_1BO@NENDBALJ@?$AAx?$AA?9?$AAm?$AAa?$AAc?$AA?9?$AAc?$AAy?$AAr?$AAi?$AAl?$AAl?$AAi?$AAc?$AA?$AA@ 10001d9c     mimedb.obj
 0001:00000dbc       ??_C@_1BO@DLOMJEAF@?$AAx?$AA?9?$AAm?$AAa?$AAc?$AA?9?$AAc?$AAr?$AAo?$AAa?$AAt?$AAi?$AAa?$AAn?$AA?$AA@ 10001dbc     mimedb.obj
 0001:00000ddc       ??_C@_1CE@NKLNDBAO@?$AAx?$AA?9?$AAm?$AAa?$AAc?$AA?9?$AAc?$AAh?$AAi?$AAn?$AAe?$AAs?$AAe?$AAt?$AAr?$AAa?$AAd?$AA?$AA@ 10001ddc     mimedb.obj
 0001:00000e00       ??_C@_1CE@LBAJAHLJ@?$AAx?$AA?9?$AAm?$AAa?$AAc?$AA?9?$AAc?$AAh?$AAi?$AAn?$AAe?$AAs?$AAe?$AAs?$AAi?$AAm?$AAp?$AA?$AA@ 10001e00     mimedb.obj
 0001:00000e24       ??_C@_1BC@KEDFOPG@?$AAx?$AA?9?$AAm?$AAa?$AAc?$AA?9?$AAc?$AAe?$AA?$AA@ 10001e24     mimedb.obj
 0001:00000e38       ??_C@_1BK@LKPPOBGN@?$AAx?$AA?9?$AAm?$AAa?$AAc?$AA?9?$AAa?$AAr?$AAa?$AAb?$AAi?$AAc?$AA?$AA@ 10001e38     mimedb.obj
 0001:00000e54       ??_C@_1BG@NGPFPOBK@?$AAx?$AA?9?$AAi?$AAs?$AAc?$AAi?$AAi?$AA?9?$AAt?$AAe?$AA?$AA@ 10001e54     mimedb.obj
 0001:00000e6c       ??_C@_1BG@FJJHGJEN@?$AAx?$AA?9?$AAi?$AAs?$AAc?$AAi?$AAi?$AA?9?$AAt?$AAa?$AA?$AA@ 10001e6c     mimedb.obj
 0001:00000e84       ??_C@_1BG@MCAGCLFL@?$AAx?$AA?9?$AAi?$AAs?$AAc?$AAi?$AAi?$AA?9?$AAp?$AAa?$AA?$AA@ 10001e84     mimedb.obj
 0001:00000e9c       ??_C@_1BG@HCCKGDGE@?$AAx?$AA?9?$AAi?$AAs?$AAc?$AAi?$AAi?$AA?9?$AAo?$AAr?$AA?$AA@ 10001e9c     mimedb.obj
 0001:00000eb4       ??_C@_1BG@HNEODKBO@?$AAx?$AA?9?$AAi?$AAs?$AAc?$AAi?$AAi?$AA?9?$AAm?$AAa?$AA?$AA@ 10001eb4     mimedb.obj
 0001:00000ecc       ??_C@_1BG@KLBHNJAD@?$AAx?$AA?9?$AAi?$AAs?$AAc?$AAi?$AAi?$AA?9?$AAk?$AAa?$AA?$AA@ 10001ecc     mimedb.obj
 0001:00000ee4       ??_C@_1BG@DKONJLA@?$AAx?$AA?9?$AAi?$AAs?$AAc?$AAi?$AAi?$AA?9?$AAg?$AAu?$AA?$AA@ 10001ee4     mimedb.obj
 0001:00000efc       ??_C@_1BG@NFCDPMIB@?$AAx?$AA?9?$AAi?$AAs?$AAc?$AAi?$AAi?$AA?9?$AAd?$AAe?$AA?$AA@ 10001efc     mimedb.obj
 0001:00000f14       ??_C@_1BG@DHKBPJM@?$AAx?$AA?9?$AAi?$AAs?$AAc?$AAi?$AAi?$AA?9?$AAb?$AAe?$AA?$AA@ 10001f14     mimedb.obj
 0001:00000f2c       ??_C@_1BG@PAJMGFHB@?$AAx?$AA?9?$AAi?$AAs?$AAc?$AAi?$AAi?$AA?9?$AAa?$AAs?$AA?$AA@ 10001f2c     mimedb.obj
 0001:00000f44       ??_C@_1BM@EIELIBFJ@?$AAx?$AA?9?$AAI?$AAA?$AA5?$AA?9?$AAS?$AAw?$AAe?$AAd?$AAi?$AAs?$AAh?$AA?$AA@ 10001f44     mimedb.obj
 0001:00000f60       ??_C@_1CA@KMKENOHB@?$AAx?$AA?9?$AAI?$AAA?$AA5?$AA?9?$AAN?$AAo?$AAr?$AAw?$AAe?$AAg?$AAi?$AAa?$AAn?$AA?$AA@ 10001f60     mimedb.obj
 0001:00000f80       ??_C@_1BK@KIMJGFLC@?$AAx?$AA?9?$AAI?$AAA?$AA5?$AA?9?$AAG?$AAe?$AAr?$AAm?$AAa?$AAn?$AA?$AA@ 10001f80     mimedb.obj
 0001:00000f9c       ??_C@_1M@CJOMEOGG@?$AAx?$AA?9?$AAI?$AAA?$AA5?$AA?$AA@ 10001f9c     mimedb.obj
 0001:00000fa8       ??_C@_1BC@FCJECGLP@?$AAx?$AA?9?$AAE?$AAu?$AAr?$AAo?$AAp?$AAa?$AA?$AA@ 10001fa8     mimedb.obj
 0001:00000fbc       ??_C@_1BC@HGMMGACG@?$AAx?$AA?9?$AAe?$AAu?$AAc?$AA?9?$AAj?$AAp?$AA?$AA@ 10001fbc     mimedb.obj
 0001:00000fd0       ??_C@_1BC@OBAFBBEC@?$AAx?$AA?9?$AAe?$AAu?$AAc?$AA?9?$AAc?$AAn?$AA?$AA@ 10001fd0     mimedb.obj
 0001:00000fe4       ??_C@_1M@PGLICMLK@?$AAx?$AA?9?$AAe?$AAu?$AAc?$AA?$AA@ 10001fe4     mimedb.obj
 0001:00000ff0       ??_C@_1DA@IBMCNHNE@?$AAX?$AA?9?$AAE?$AAB?$AAC?$AAD?$AAI?$AAC?$AA?9?$AAK?$AAo?$AAr?$AAe?$AAa?$AAn?$AAE?$AAx?$AAt?$AAe?$AAn?$AAd?$AAe?$AAd?$AA?$AA@ 10001ff0     mimedb.obj
 0001:00001020       ??_C@_1DK@LFKKJCDE@?$AAX?$AA?9?$AAE?$AAB?$AAC?$AAD?$AAI?$AAC?$AA?9?$AAJ?$AAa?$AAp?$AAa?$AAn?$AAe?$AAs?$AAe?$AAA?$AAn?$AAd?$AAU?$AAS?$AAC?$AAa?$AAn?$AAa?$AAd?$AAa?$AA?$AA@ 10002020     mimedb.obj
 0001:0000105c       ??_C@_1BE@BBDIJCLC@?$AAx?$AA?9?$AAc?$AAp?$AA5?$AA0?$AA2?$AA2?$AA9?$AA?$AA@ 1000205c     mimedb.obj
 0001:00001070       ??_C@_1BE@PBOHOFIB@?$AAx?$AA?9?$AAc?$AAp?$AA5?$AA0?$AA2?$AA2?$AA7?$AA?$AA@ 10002070     mimedb.obj
 0001:00001084       ??_C@_1BE@CIJIGAEN@?$AAx?$AA?9?$AAc?$AAp?$AA2?$AA1?$AA0?$AA2?$AA7?$AA?$AA@ 10002084     mimedb.obj
 0001:00001098       ??_C@_1BE@OOJDIEHG@?$AAx?$AA?9?$AAc?$AAp?$AA2?$AA0?$AA9?$AA4?$AA9?$AA?$AA@ 10002098     mimedb.obj
 0001:000010ac       ??_C@_1BE@KLPFKEJI@?$AAx?$AA?9?$AAc?$AAp?$AA2?$AA0?$AA9?$AA3?$AA6?$AA?$AA@ 100020ac     mimedb.obj
 0001:000010c0       ??_C@_1BE@PODBDJCL@?$AAx?$AA?9?$AAc?$AAp?$AA2?$AA0?$AA2?$AA6?$AA9?$AA?$AA@ 100020c0     mimedb.obj
 0001:000010d4       ??_C@_1BE@DLIFBBME@?$AAx?$AA?9?$AAc?$AAp?$AA2?$AA0?$AA2?$AA6?$AA1?$AA?$AA@ 100020d4     mimedb.obj
 0001:000010e8       ??_C@_1BE@CAJLGCPD@?$AAx?$AA?9?$AAc?$AAp?$AA2?$AA0?$AA0?$AA0?$AA5?$AA?$AA@ 100020e8     mimedb.obj
 0001:000010fc       ??_C@_1BE@JICHAFJG@?$AAx?$AA?9?$AAc?$AAp?$AA2?$AA0?$AA0?$AA0?$AA4?$AA?$AA@ 100020fc     mimedb.obj
 0001:00001110       ??_C@_1BE@FPADNCP@?$AAx?$AA?9?$AAc?$AAp?$AA2?$AA0?$AA0?$AA0?$AA3?$AA?$AA@ 10002110     mimedb.obj
 0001:00001124       ??_C@_1BE@KPPJPFKE@?$AAx?$AA?9?$AAc?$AAp?$AA2?$AA0?$AA0?$AA0?$AA1?$AA?$AA@ 10002124     mimedb.obj
 0001:00001138       ??_C@_1BC@NAKHKMAI@?$AAx?$AA?9?$AAc?$AAp?$AA1?$AA2?$AA5?$AA1?$AA?$AA@ 10002138     mimedb.obj
 0001:0000114c       ??_C@_1BC@GIBLMLGN@?$AAx?$AA?9?$AAc?$AAp?$AA1?$AA2?$AA5?$AA0?$AA?$AA@ 1000214c     mimedb.obj
 0001:00001160       ??_C@_1BO@DMPAANGI@?$AAx?$AA?9?$AAC?$AAh?$AAi?$AAn?$AAe?$AAs?$AAe?$AA?9?$AAE?$AAt?$AAe?$AAn?$AA?$AA@ 10002160     mimedb.obj
 0001:00001180       ??_C@_1BM@BNHIKAAK@?$AAx?$AA?9?$AAC?$AAh?$AAi?$AAn?$AAe?$AAs?$AAe?$AA?9?$AAC?$AAN?$AAS?$AA?$AA@ 10002180     mimedb.obj
 0001:0000119c       ??_C@_1O@EBDAOLHM@?$AAx?$AA?9?$AAa?$AAn?$AAs?$AAi?$AA?$AA@ 1000219c     mimedb.obj
 0001:000011ac       ??_C@_1BI@BNACBGMF@?$AAw?$AAi?$AAn?$AAd?$AAo?$AAw?$AAs?$AA?9?$AA8?$AA7?$AA4?$AA?$AA@ 100021ac     mimedb.obj
 0001:000011c4       ??_C@_1BK@IGPKNBN@?$AAw?$AAi?$AAn?$AAd?$AAo?$AAw?$AAs?$AA?9?$AA1?$AA2?$AA5?$AA8?$AA?$AA@ 100021c4     mimedb.obj
 0001:000011e0       ??_C@_1BK@FAAMLNEL@?$AAw?$AAi?$AAn?$AAd?$AAo?$AAw?$AAs?$AA?9?$AA1?$AA2?$AA5?$AA7?$AA?$AA@ 100021e0     mimedb.obj
 0001:000011fc       ??_C@_1BK@OILANKCO@?$AAw?$AAi?$AAn?$AAd?$AAo?$AAw?$AAs?$AA?9?$AA1?$AA2?$AA5?$AA6?$AA?$AA@ 100021fc     mimedb.obj
 0001:00001218       ??_C@_1BK@PKAFHFMA@?$AAw?$AAi?$AAn?$AAd?$AAo?$AAw?$AAs?$AA?9?$AA1?$AA2?$AA5?$AA5?$AA?$AA@ 10002218     mimedb.obj
 0001:00001234       ??_C@_1BK@MNGMKCBE@?$AAW?$AAi?$AAn?$AAd?$AAo?$AAw?$AAs?$AA?9?$AA1?$AA2?$AA5?$AA4?$AA?$AA@ 10002234     mimedb.obj
 0001:00001250       ??_C@_1BK@NPGOCKBM@?$AAw?$AAi?$AAn?$AAd?$AAo?$AAw?$AAs?$AA?9?$AA1?$AA2?$AA5?$AA3?$AA?$AA@ 10002250     mimedb.obj
 0001:0000126c       ??_C@_1BK@GHNCENHJ@?$AAw?$AAi?$AAn?$AAd?$AAo?$AAw?$AAs?$AA?9?$AA1?$AA2?$AA5?$AA2?$AA?$AA@ 1000226c     mimedb.obj
 0001:00001288       ??_C@_1BK@HFGHOCJH@?$AAw?$AAi?$AAn?$AAd?$AAo?$AAw?$AAs?$AA?9?$AA1?$AA2?$AA5?$AA1?$AA?$AA@ 10002288     mimedb.obj
 0001:000012a4       ??_C@_1BK@MNNLIFPC@?$AAw?$AAi?$AAn?$AAd?$AAo?$AAw?$AAs?$AA?9?$AA1?$AA2?$AA5?$AA0?$AA?$AA@ 100022a4     mimedb.obj
 0001:000012c0       ??_C@_1O@MCIEBNHJ@?$AAv?$AAi?$AAs?$AAu?$AAa?$AAl?$AA?$AA@ 100022c0     mimedb.obj
 0001:000012d0       ??_C@_1M@FPEIIFAM@?$AAu?$AAt?$AAf?$AA?9?$AA8?$AA?$AA@ 100022d0     mimedb.obj
 0001:000012dc       ??_C@_1M@HCLJFFK@?$AAu?$AAt?$AAf?$AA?9?$AA7?$AA?$AA@ 100022dc     mimedb.obj
 0001:000012e8       ??_C@_1BC@NLHOEOHL@?$AAU?$AAT?$AAF?$AA?9?$AA1?$AA6?$AAL?$AAE?$AA?$AA@ 100022e8     mimedb.obj
 0001:000012fc       ??_C@_1BC@OBHECPAL@?$AAU?$AAT?$AAF?$AA?9?$AA1?$AA6?$AAB?$AAE?$AA?$AA@ 100022fc     mimedb.obj
 0001:00001310       ??_C@_1O@MDCIJBFO@?$AAu?$AAt?$AAf?$AA?9?$AA1?$AA6?$AA?$AA@ 10002310     mimedb.obj
 0001:00001320       ??_C@_1BC@KAHOJFMK@?$AAu?$AAs?$AA?9?$AAa?$AAs?$AAc?$AAi?$AAi?$AA?$AA@ 10002320     mimedb.obj
 0001:00001334       ??_C@_15GMFIMNFM@?$AAu?$AAs?$AA?$AA@ 10002334     mimedb.obj
 0001:0000133c       ??_C@_1BI@NLFMHMGO@?$AAu?$AAn?$AAi?$AAc?$AAo?$AAd?$AAe?$AAF?$AAF?$AAF?$AAE?$AA?$AA@ 1000233c     mimedb.obj
 0001:00001354       ??_C@_1CE@FNDLCNAL@?$AAu?$AAn?$AAi?$AAc?$AAo?$AAd?$AAe?$AA?9?$AA2?$AA?9?$AA0?$AA?9?$AAu?$AAt?$AAf?$AA?9?$AA8?$AA?$AA@ 10002354     mimedb.obj
 0001:00001378       ??_C@_1CE@FFIDNFN@?$AAu?$AAn?$AAi?$AAc?$AAo?$AAd?$AAe?$AA?9?$AA2?$AA?9?$AA0?$AA?9?$AAu?$AAt?$AAf?$AA?9?$AA7?$AA?$AA@ 10002378     mimedb.obj
 0001:0000139c       ??_C@_1CE@FMPKPBFA@?$AAu?$AAn?$AAi?$AAc?$AAo?$AAd?$AAe?$AA?9?$AA1?$AA?9?$AA1?$AA?9?$AAu?$AAt?$AAf?$AA?9?$AA8?$AA?$AA@ 1000239c     mimedb.obj
 0001:000013c0       ??_C@_1CE@EJJOBAG@?$AAu?$AAn?$AAi?$AAc?$AAo?$AAd?$AAe?$AA?9?$AA1?$AA?9?$AA1?$AA?9?$AAu?$AAt?$AAf?$AA?9?$AA7?$AA?$AA@ 100023c0     mimedb.obj
 0001:000013e4       ??_C@_1BA@OIEABBIM@?$AAu?$AAn?$AAi?$AAc?$AAo?$AAd?$AAe?$AA?$AA@ 100023e4     mimedb.obj
 0001:000013f4       ??_C@_1BA@OLLODMJJ@?$AAT?$AAI?$AAS?$AA?9?$AA6?$AA2?$AA0?$AA?$AA@ 100023f4     mimedb.obj
 0001:00001404       ??_C@_1BA@KJAKHFLI@?$AAS?$AAw?$AAe?$AAd?$AAi?$AAs?$AAh?$AA?$AA@ 10002404     mimedb.obj
 0001:00001414       ??_C@_19BGFBEEIB@?$AAs?$AAj?$AAi?$AAs?$AA?$AA@ 10002414     mimedb.obj
 0001:00001420       ??_C@_1BE@HKELIMGC@?$AAs?$AAh?$AAi?$AAf?$AAt?$AA?9?$AAj?$AAi?$AAs?$AA?$AA@ 10002420     mimedb.obj
 0001:00001434       ??_C@_1BE@IIPHNJMH@?$AAs?$AAh?$AAi?$AAf?$AAt?$AA_?$AAj?$AAi?$AAs?$AA?$AA@ 10002434     mimedb.obj
 0001:00001448       ??_C@_1BK@DHKEHANJ@?$AAS?$AAE?$AAN?$AA_?$AA8?$AA5?$AA0?$AA2?$AA0?$AA0?$AA_?$AAB?$AA?$AA@ 10002448     mimedb.obj
 0001:00001464       ??_C@_1DC@INDFLJHO@?$AAP?$AAC?$AA?9?$AAM?$AAu?$AAl?$AAt?$AAi?$AAl?$AAi?$AAn?$AAg?$AAu?$AAa?$AAl?$AA?9?$AA8?$AA5?$AA0?$AA?$CL?$AAe?$AAu?$AAr?$AAo?$AA?$AA@ 10002464     mimedb.obj
 0001:00001498       ??_C@_1BE@OONJMIEP@?$AAN?$AAS?$AA_?$AA4?$AA5?$AA5?$AA1?$AA?9?$AA1?$AA?$AA@ 10002498     mimedb.obj
 0001:000014ac       ??_C@_1BE@EOMFIPIK@?$AAN?$AAo?$AAr?$AAw?$AAe?$AAg?$AAi?$AAa?$AAn?$AA?$AA@ 100024ac     mimedb.obj
 0001:000014c0       ??_C@_1BC@FOEBBFAF@?$AAm?$AAs?$AA_?$AAK?$AAa?$AAn?$AAj?$AAi?$AA?$AA@ 100024c0     mimedb.obj
 0001:000014d4       ??_C@_1BE@BHMKCNAP@?$AAm?$AAa?$AAc?$AAi?$AAn?$AAt?$AAo?$AAs?$AAh?$AA?$AA@ 100024d4     mimedb.obj
 0001:000014e8       ??_C@_1BA@MKGKEIBL@?$AAl?$AAo?$AAg?$AAi?$AAc?$AAa?$AAl?$AA?$AA@ 100024e8     mimedb.obj
 0001:000014f8       ??_C@_1O@LEEAPPCI@?$AAl?$AAa?$AAt?$AAi?$AAn?$AA9?$AA?$AA@ 100024f8     mimedb.obj
 0001:00001508       ??_C@_1O@POJGEAJA@?$AAl?$AAa?$AAt?$AAi?$AAn?$AA5?$AA?$AA@ 10002508     mimedb.obj
 0001:00001518       ??_C@_1O@EGCKCHPF@?$AAl?$AAa?$AAt?$AAi?$AAn?$AA4?$AA?$AA@ 10002518     mimedb.obj
 0001:00001528       ??_C@_1O@NLPNBPEM@?$AAl?$AAa?$AAt?$AAi?$AAn?$AA3?$AA?$AA@ 10002528     mimedb.obj
 0001:00001538       ??_C@_1O@GDEBHICJ@?$AAl?$AAa?$AAt?$AAi?$AAn?$AA2?$AA?$AA@ 10002538     mimedb.obj
 0001:00001548       ??_C@_1O@HBPENHMH@?$AAl?$AAa?$AAt?$AAi?$AAn?$AA1?$AA?$AA@ 10002548     mimedb.obj
 0001:00001558       ??_C@_15LMCICGFG@?$AAl?$AA9?$AA?$AA@ 10002558     mimedb.obj
 0001:00001560       ??_C@_15PGPOJJOO@?$AAl?$AA5?$AA?$AA@ 10002560     mimedb.obj
 0001:00001568       ??_C@_15EOECPOIL@?$AAl?$AA4?$AA?$AA@ 10002568     mimedb.obj
 0001:00001570       ??_C@_15NDJFMGDC@?$AAl?$AA3?$AA?$AA@ 10002570     mimedb.obj
 0001:00001578       ??_C@_15GLCJKBFH@?$AAl?$AA2?$AA?$AA@ 10002578     mimedb.obj
 0001:00001580       ??_C@_15HJJMAOLJ@?$AAl?$AA1?$AA?$AA@ 10002580     mimedb.obj
 0001:00001588       ??_C@_1BE@CHHAIEBC@?$AAk?$AAs?$AA?9?$AAc?$AA?9?$AA5?$AA6?$AA0?$AA1?$AA?$AA@ 10002588     mimedb.obj
 0001:0000159c       ??_C@_1BC@NAJBLBPD@?$AAk?$AAs?$AA?9?$AAc?$AA5?$AA6?$AA0?$AA1?$AA?$AA@ 1000259c     mimedb.obj
 0001:000015b0       ??_C@_1BA@PKODGJEE@?$AAK?$AAS?$AAC?$AA5?$AA6?$AA0?$AA1?$AA?$AA@ 100025b0     mimedb.obj
 0001:000015c0       ??_C@_1BC@MMINNDJC@?$AAK?$AAS?$AAC?$AA_?$AA5?$AA6?$AA0?$AA1?$AA?$AA@ 100025c0     mimedb.obj
 0001:000015d4       ??_C@_1BO@HBOOCKPJ@?$AAk?$AAs?$AA_?$AAc?$AA_?$AA5?$AA6?$AA0?$AA1?$AA?9?$AA1?$AA9?$AA8?$AA9?$AA?$AA@ 100025d4     mimedb.obj
 0001:000015f4       ??_C@_1BO@JBDBFNMK@?$AAk?$AAs?$AA_?$AAc?$AA_?$AA5?$AA6?$AA0?$AA1?$AA?9?$AA1?$AA9?$AA8?$AA7?$AA?$AA@ 100025f4     mimedb.obj
 0001:00001614       ??_C@_1BO@FJEAECKB@?$AAk?$AAs?$AA_?$AAc?$AA_?$AA5?$AA6?$AA0?$AA1?$AA_?$AA1?$AA9?$AA8?$AA7?$AA?$AA@ 10002614     mimedb.obj
 0001:00001634       ??_C@_1BE@LHMHANAD@?$AAk?$AAs?$AA_?$AAc?$AA_?$AA5?$AA6?$AA0?$AA1?$AA?$AA@ 10002634     mimedb.obj
 0001:00001648       ??_C@_1O@MFIBGGDA@?$AAk?$AAo?$AAr?$AAe?$AAa?$AAn?$AA?$AA@ 10002648     mimedb.obj
 0001:00001658       ??_C@_1O@CLGOOALB@?$AAk?$AAo?$AAi?$AA8?$AA?9?$AAu?$AA?$AA@ 10002658     mimedb.obj
 0001:00001668       ??_C@_1BA@BMDADGPJ@?$AAk?$AAo?$AAi?$AA8?$AA?9?$AAr?$AAu?$AA?$AA@ 10002668     mimedb.obj
 0001:00001678       ??_C@_1O@LGLJNIAI@?$AAk?$AAo?$AAi?$AA8?$AA?9?$AAr?$AA?$AA@ 10002678     mimedb.obj
 0001:00001688       ??_C@_1M@BLLNPICM@?$AAk?$AAo?$AAi?$AA8?$AAr?$AA?$AA@ 10002688     mimedb.obj
 0001:00001694       ??_C@_19CGNNFEMF@?$AAk?$AAo?$AAi?$AA8?$AA?$AA@ 10002694     mimedb.obj
 0001:000016a0       ??_C@_17KINAJJHN@?$AAk?$AAo?$AAi?$AA?$AA@ 100026a0     mimedb.obj
 0001:000016a8       ??_C@_1M@CPBLGBIF@?$AAJ?$AAo?$AAh?$AAa?$AAb?$AA?$AA@ 100026a8     mimedb.obj
 0001:000016b4       ??_C@_1BC@IAKAAOOP@?$AAi?$AAs?$AAo?$AA?9?$AAi?$AAr?$AA?9?$AA6?$AA?$AA@ 100026b4     mimedb.obj
 0001:000016c8       ??_C@_1BE@INFFOAGE@?$AAi?$AAs?$AAo?$AA?9?$AAi?$AAr?$AA?9?$AA5?$AA8?$AA?$AA@ 100026c8     mimedb.obj
 0001:000016dc       ??_C@_1BG@NPDALICE@?$AAi?$AAs?$AAo?$AA?9?$AAi?$AAr?$AA?9?$AA1?$AA4?$AA9?$AA?$AA@ 100026dc     mimedb.obj
 0001:000016f4       ??_C@_1BG@GHIMNPEB@?$AAi?$AAs?$AAo?$AA?9?$AAi?$AAr?$AA?9?$AA1?$AA4?$AA8?$AA?$AA@ 100026f4     mimedb.obj
 0001:0000170c       ??_C@_1BG@CNFKGAPJ@?$AAi?$AAs?$AAo?$AA?9?$AAi?$AAr?$AA?9?$AA1?$AA4?$AA4?$AA?$AA@ 1000270c     mimedb.obj
 0001:00001724       ??_C@_1BG@HKIJOPPJ@?$AAi?$AAs?$AAo?$AA?9?$AAi?$AAr?$AA?9?$AA1?$AA3?$AA8?$AA?$AA@ 10002724     mimedb.obj
 0001:0000173c       ??_C@_1BG@OJLGCMAK@?$AAi?$AAs?$AAo?$AA?9?$AAi?$AAr?$AA?9?$AA1?$AA2?$AA7?$AA?$AA@ 1000273c     mimedb.obj
 0001:00001754       ??_C@_1BG@FBAKELGP@?$AAi?$AAs?$AAo?$AA?9?$AAi?$AAr?$AA?9?$AA1?$AA2?$AA6?$AA?$AA@ 10002754     mimedb.obj
 0001:0000176c       ??_C@_1BG@PCPFGGBN@?$AAi?$AAs?$AAo?$AA?9?$AAi?$AAr?$AA?9?$AA1?$AA1?$AA0?$AA?$AA@ 1000276c     mimedb.obj
 0001:00001784       ??_C@_1BG@EEKBPKDC@?$AAi?$AAs?$AAo?$AA?9?$AAi?$AAr?$AA?9?$AA1?$AA0?$AA9?$AA?$AA@ 10002784     mimedb.obj
 0001:0000179c       ??_C@_1BG@IBBFNCNN@?$AAi?$AAs?$AAo?$AA?9?$AAi?$AAr?$AA?9?$AA1?$AA0?$AA1?$AA?$AA@ 1000279c     mimedb.obj
 0001:000017b4       ??_C@_1BG@DJKJLFLI@?$AAi?$AAs?$AAo?$AA?9?$AAi?$AAr?$AA?9?$AA1?$AA0?$AA0?$AA?$AA@ 100027b4     mimedb.obj
 0001:000017cc       ??_C@_1BG@HMCFEEKE@?$AAi?$AAs?$AAo?$AA?9?$AA8?$AA8?$AA5?$AA9?$AA?9?$AA9?$AA?$AA@ 100027cc     mimedb.obj
 0001:000017e4       ??_C@_1BK@DFGMOIEB@?$AAi?$AAs?$AAo?$AA?9?$AA8?$AA8?$AA5?$AA9?$AA?9?$AA8?$AA?9?$AAi?$AA?$AA@ 100027e4     mimedb.obj
 0001:00001800       ??_C@_1CE@OPMBINKI@?$AAI?$AAS?$AAO?$AA?9?$AA8?$AA8?$AA5?$AA9?$AA?9?$AA8?$AA?5?$AAV?$AAi?$AAs?$AAu?$AAa?$AAl?$AA?$AA@ 10002800     mimedb.obj
 0001:00001824       ??_C@_1BG@MEJJCDMB@?$AAi?$AAs?$AAo?$AA?9?$AA8?$AA8?$AA5?$AA9?$AA?9?$AA8?$AA?$AA@ 10002824     mimedb.obj
 0001:0000183c       ??_C@_1BG@JMPKDDJH@?$AAi?$AAs?$AAo?$AA?9?$AA8?$AA8?$AA5?$AA9?$AA?9?$AA7?$AA?$AA@ 1000283c     mimedb.obj
 0001:00001854       ??_C@_1BG@CEEGFEPC@?$AAi?$AAs?$AAo?$AA?9?$AA8?$AA8?$AA5?$AA9?$AA?9?$AA6?$AA?$AA@ 10002854     mimedb.obj
 0001:0000186c       ??_C@_1BG@DGPDPLBM@?$AAi?$AAs?$AAo?$AA?9?$AA8?$AA8?$AA5?$AA9?$AA?9?$AA5?$AA?$AA@ 1000286c     mimedb.obj
 0001:00001884       ??_C@_1BG@IOEPJMHJ@?$AAi?$AAs?$AAo?$AA?9?$AA8?$AA8?$AA5?$AA9?$AA?9?$AA4?$AA?$AA@ 10002884     mimedb.obj
 0001:0000189c       ??_C@_1BG@BDJIKEMA@?$AAi?$AAs?$AAo?$AA?9?$AA8?$AA8?$AA5?$AA9?$AA?9?$AA3?$AA?$AA@ 1000289c     mimedb.obj
 0001:000018b4       ??_C@_1BG@KLCEMDKF@?$AAi?$AAs?$AAo?$AA?9?$AA8?$AA8?$AA5?$AA9?$AA?9?$AA2?$AA?$AA@ 100028b4     mimedb.obj
 0001:000018cc       ??_C@_1BE@MMDFOHJM@?$AAi?$AAs?$AAo?$AA8?$AA8?$AA5?$AA9?$AA?9?$AA2?$AA?$AA@ 100028cc     mimedb.obj
 0001:000018e0       ??_C@_1BI@JAHMAKLP@?$AAi?$AAs?$AAo?$AA?9?$AA8?$AA8?$AA5?$AA9?$AA?9?$AA1?$AA5?$AA?$AA@ 100028e0     mimedb.obj
 0001:000018f8       ??_C@_1BI@LFBHFFGD@?$AAi?$AAs?$AAo?$AA?9?$AA8?$AA8?$AA5?$AA9?$AA?9?$AA1?$AA3?$AA?$AA@ 100028f8     mimedb.obj
 0001:00001910       ??_C@_1BI@BPBOJNOI@?$AAi?$AAs?$AAo?$AA?9?$AA8?$AA8?$AA5?$AA9?$AA?9?$AA1?$AA1?$AA?$AA@ 10002910     mimedb.obj
 0001:00001928       ??_C@_1BG@LJJBGMEL@?$AAi?$AAs?$AAo?$AA?9?$AA8?$AA8?$AA5?$AA9?$AA?9?$AA1?$AA?$AA@ 10002928     mimedb.obj
 0001:00001940       ??_C@_1BE@NOIAEIHC@?$AAi?$AAs?$AAo?$AA8?$AA8?$AA5?$AA9?$AA?9?$AA1?$AA?$AA@ 10002940     mimedb.obj
 0001:00001954       ??_C@_1BE@CFAMPHMD@?$AAI?$AAS?$AAO?$AA6?$AA4?$AA6?$AA?9?$AAU?$AAS?$AA?$AA@ 10002954     mimedb.obj
 0001:00001968       ??_C@_1CC@IHGNKOKA@?$AAi?$AAs?$AAo?$AA?9?$AA2?$AA0?$AA2?$AA2?$AA?9?$AAk?$AAr?$AA?9?$AA8?$AAb?$AAi?$AAt?$AA?$AA@ 10002968     mimedb.obj
 0001:0000198c       ??_C@_1BM@MKEFKINN@?$AAi?$AAs?$AAo?$AA?9?$AA2?$AA0?$AA2?$AA2?$AA?9?$AAk?$AAr?$AA?9?$AA8?$AA?$AA@ 1000298c     mimedb.obj
 0001:000019a8       ??_C@_1CC@HGGGPFCN@?$AAi?$AAs?$AAo?$AA?9?$AA2?$AA0?$AA2?$AA2?$AA?9?$AAk?$AAr?$AA?9?$AA7?$AAb?$AAi?$AAt?$AA?$AA@ 100029a8     mimedb.obj
 0001:000019cc       ??_C@_1BM@JCCGLIIL@?$AAi?$AAs?$AAo?$AA?9?$AA2?$AA0?$AA2?$AA2?$AA?9?$AAk?$AAr?$AA?9?$AA7?$AA?$AA@ 100029cc     mimedb.obj
 0001:000019e8       ??_C@_1BI@HADIPHMI@?$AAi?$AAs?$AAo?$AA?9?$AA2?$AA0?$AA2?$AA2?$AA?9?$AAk?$AAr?$AA?$AA@ 100029e8     mimedb.obj
 0001:00001a00       ??_C@_1BO@BDOGFOJI@?$AAi?$AAs?$AAo?$AA?9?$AA2?$AA0?$AA2?$AA2?$AA?9?$AAj?$AAp?$AAe?$AAu?$AAc?$AA?$AA@ 10002a00     mimedb.obj
 0001:00001a20       ??_C@_1BI@BBGNOMOG@?$AAi?$AAs?$AAo?$AA?9?$AA2?$AA0?$AA2?$AA2?$AA?9?$AAj?$AAp?$AA?$AA@ 10002a20     mimedb.obj
 0001:00001a38       ??_C@_1CA@CGPGKCOA@?$AAI?$AAS?$AAO?$AA_?$AA8?$AA8?$AA5?$AA9?$AA?9?$AA9?$AA?3?$AA1?$AA9?$AA8?$AA9?$AA?$AA@ 10002a38     mimedb.obj
 0001:00001a58       ??_C@_1BG@OLMGKICG@?$AAI?$AAS?$AAO?$AA_?$AA8?$AA8?$AA5?$AA9?$AA?9?$AA9?$AA?$AA@ 10002a58     mimedb.obj
 0001:00001a70       ??_C@_1BK@GJMOLGMD@?$AAI?$AAS?$AAO?$AA_?$AA8?$AA8?$AA5?$AA9?$AA?9?$AA8?$AA?9?$AAI?$AA?$AA@ 10002a70     mimedb.obj
 0001:00001a8c       ??_C@_1CA@DEFCEPD@?$AAI?$AAS?$AAO?$AA_?$AA8?$AA8?$AA5?$AA9?$AA?9?$AA8?$AA?3?$AA1?$AA9?$AA8?$AA8?$AA?$AA@ 10002a8c     mimedb.obj
 0001:00001aac       ??_C@_1BG@FDHKMPED@?$AAI?$AAS?$AAO?$AA_?$AA8?$AA8?$AA5?$AA9?$AA?9?$AA8?$AA?$AA@ 10002aac     mimedb.obj
 0001:00001ac4       ??_C@_1CA@NLCIAFD@?$AAI?$AAS?$AAO?$AA_?$AA8?$AA8?$AA5?$AA9?$AA?9?$AA7?$AA?3?$AA1?$AA9?$AA8?$AA7?$AA?$AA@ 10002ac4     mimedb.obj
 0001:00001ae4       ??_C@_1BG@LBJNPBF@?$AAI?$AAS?$AAO?$AA_?$AA8?$AA8?$AA5?$AA9?$AA?9?$AA7?$AA?$AA@ 10002ae4     mimedb.obj
 0001:00001afc       ??_C@_1CA@JALNGBCF@?$AAI?$AAS?$AAO?$AA_?$AA8?$AA8?$AA5?$AA9?$AA?9?$AA6?$AA?3?$AA1?$AA9?$AA8?$AA7?$AA?$AA@ 10002afc     mimedb.obj
 0001:00001b1c       ??_C@_1BG@LDKFLIHA@?$AAI?$AAS?$AAO?$AA_?$AA8?$AA8?$AA5?$AA9?$AA?9?$AA6?$AA?$AA@ 10002b1c     mimedb.obj
 0001:00001b34       ??_C@_1CA@LELPFEKI@?$AAI?$AAS?$AAO?$AA_?$AA8?$AA8?$AA5?$AA9?$AA?9?$AA5?$AA?3?$AA1?$AA9?$AA8?$AA8?$AA?$AA@ 10002b34     mimedb.obj
 0001:00001b54       ??_C@_1BG@KBBABHJO@?$AAI?$AAS?$AAO?$AA_?$AA8?$AA8?$AA5?$AA9?$AA?9?$AA5?$AA?$AA@ 10002b54     mimedb.obj
 0001:00001b6c       ??_C@_1CA@CJLALFNO@?$AAI?$AAS?$AAO?$AA_?$AA8?$AA8?$AA5?$AA9?$AA?9?$AA4?$AA?3?$AA1?$AA9?$AA8?$AA8?$AA?$AA@ 10002b6c     mimedb.obj
 0001:00001b8c       ??_C@_1BG@BJKMHAPL@?$AAI?$AAS?$AAO?$AA_?$AA8?$AA8?$AA5?$AA9?$AA?9?$AA4?$AA?$AA@ 10002b8c     mimedb.obj
 0001:00001ba4       ??_C@_1CA@EMHNBPBO@?$AAI?$AAS?$AAO?$AA_?$AA8?$AA8?$AA5?$AA9?$AA?9?$AA3?$AA?3?$AA1?$AA9?$AA8?$AA8?$AA?$AA@ 10002ba4     mimedb.obj
 0001:00001bc4       ??_C@_1BG@IEHLEIEC@?$AAI?$AAS?$AAO?$AA_?$AA8?$AA8?$AA5?$AA9?$AA?9?$AA3?$AA?$AA@ 10002bc4     mimedb.obj
 0001:00001bdc       ??_C@_1CA@GEMEOIEI@?$AAi?$AAs?$AAo?$AA_?$AA8?$AA8?$AA5?$AA9?$AA?9?$AA2?$AA?3?$AA1?$AA9?$AA8?$AA7?$AA?$AA@ 10002bdc     mimedb.obj
 0001:00001bfc       ??_C@_1BG@PDOCFFNP@?$AAi?$AAs?$AAo?$AA_?$AA8?$AA8?$AA5?$AA9?$AA?9?$AA2?$AA?$AA@ 10002bfc     mimedb.obj
 0001:00001c14       ??_C@_1BI@DAHFMJMG@?$AAI?$AAS?$AAO?$AA_?$AA8?$AA8?$AA5?$AA9?$AA?9?$AA1?$AA5?$AA?$AA@ 10002c14     mimedb.obj
 0001:00001c2c       ??_C@_1CA@BIKFMNJD@?$AAi?$AAs?$AAo?$AA_?$AA8?$AA8?$AA5?$AA9?$AA?9?$AA1?$AA?3?$AA1?$AA9?$AA8?$AA7?$AA?$AA@ 10002c2c     mimedb.obj
 0001:00001c4c       ??_C@_1BG@OBFHPKDB@?$AAi?$AAs?$AAo?$AA_?$AA8?$AA8?$AA5?$AA9?$AA?9?$AA1?$AA?$AA@ 10002c4c     mimedb.obj
 0001:00001c64       ??_C@_1CC@MHBEICJJ@?$AAI?$AAS?$AAO?$AA_?$AA6?$AA4?$AA6?$AA?4?$AAi?$AAr?$AAv?$AA?3?$AA1?$AA9?$AA9?$AA1?$AA?$AA@ 10002c64     mimedb.obj
 0001:00001c88       ??_C@_17FNMHMIIM@?$AAi?$AAr?$AAv?$AA?$AA@ 10002c88     mimedb.obj
 0001:00001c90       ??_C@_1BC@DFBOCPFA@?$AAI?$AAB?$AAM?$AA?9?$AAT?$AAh?$AAa?$AAi?$AA?$AA@ 10002c90     mimedb.obj
 0001:00001ca4       ??_C@_1O@CPLKGMJO@?$AAI?$AAB?$AAM?$AA9?$AA0?$AA5?$AA?$AA@ 10002ca4     mimedb.obj
 0001:00001cb4       ??_C@_1O@DIJNBOFP@?$AAI?$AAB?$AAM?$AA8?$AA8?$AA0?$AA?$AA@ 10002cb4     mimedb.obj
 0001:00001cc4       ??_C@_1O@HBHHMLOP@?$AAI?$AAB?$AAM?$AA8?$AA7?$AA1?$AA?$AA@ 10002cc4     mimedb.obj
 0001:00001cd4       ??_C@_1O@MJMLKMIK@?$AAI?$AAB?$AAM?$AA8?$AA7?$AA0?$AA?$AA@ 10002cd4     mimedb.obj
 0001:00001ce4       ??_C@_1O@HPJPDAKF@?$AAI?$AAB?$AAM?$AA8?$AA6?$AA9?$AA?$AA@ 10002ce4     mimedb.obj
 0001:00001cf4       ??_C@_1O@CHPMCAPD@?$AAI?$AAB?$AAM?$AA8?$AA6?$AA6?$AA?$AA@ 10002cf4     mimedb.obj
 0001:00001d04       ??_C@_1O@DFEJIPBN@?$AAI?$AAB?$AAM?$AA8?$AA6?$AA5?$AA?$AA@ 10002d04     mimedb.obj
 0001:00001d14       ??_C@_1O@INPFOIHI@?$AAI?$AAB?$AAM?$AA8?$AA6?$AA4?$AA?$AA@ 10002d14     mimedb.obj
 0001:00001d24       ??_C@_1O@BACCNAMB@?$AAI?$AAB?$AAM?$AA8?$AA6?$AA3?$AA?$AA@ 10002d24     mimedb.obj
 0001:00001d34       ??_C@_1O@KIJOLHKE@?$AAI?$AAB?$AAM?$AA8?$AA6?$AA2?$AA?$AA@ 10002d34     mimedb.obj
 0001:00001d44       ??_C@_1O@LKCLBIEK@?$AAI?$AAB?$AAM?$AA8?$AA6?$AA1?$AA?$AA@ 10002d44     mimedb.obj
 0001:00001d54       ??_C@_1O@CJHHPCP@?$AAI?$AAB?$AAM?$AA8?$AA6?$AA0?$AA?$AA@ 10002d54     mimedb.obj
 0001:00001d64       ??_C@_1O@BJNEDFDI@?$AAI?$AAB?$AAM?$AA8?$AA5?$AA7?$AA?$AA@ 10002d64     mimedb.obj
 0001:00001d74       ??_C@_1O@LDNNPNLD@?$AAI?$AAB?$AAM?$AA8?$AA5?$AA5?$AA?$AA@ 10002d74     mimedb.obj
 0001:00001d84       ??_C@_1O@COAKMFAK@?$AAI?$AAB?$AAM?$AA8?$AA5?$AA2?$AA?$AA@ 10002d84     mimedb.obj
 0001:00001d94       ??_C@_1O@IEADANIB@?$AAI?$AAB?$AAM?$AA8?$AA5?$AA0?$AA?$AA@ 10002d94     mimedb.obj
 0001:00001da4       ??_C@_1O@PIJCKAON@?$AAi?$AAb?$AAm?$AA8?$AA1?$AA9?$AA?$AA@ 10002da4     mimedb.obj
 0001:00001db4       ??_C@_1O@LNDNOOOE@?$AAi?$AAb?$AAm?$AA7?$AA7?$AA5?$AA?$AA@ 10002db4     mimedb.obj
 0001:00001dc4       ??_C@_1O@IMKFGEHJ@?$AAi?$AAb?$AAm?$AA7?$AA3?$AA7?$AA?$AA@ 10002dc4     mimedb.obj
 0001:00001dd4       ??_C@_1O@EPMLIJOD@?$AAI?$AAB?$AAM?$AA5?$AA0?$AA0?$AA?$AA@ 10002dd4     mimedb.obj
 0001:00001de4       ??_C@_1O@JICCMDGK@?$AAI?$AAB?$AAM?$AA4?$AA3?$AA7?$AA?$AA@ 10002de4     mimedb.obj
 0001:00001df4       ??_C@_1O@EBMLLPCB@?$AAI?$AAB?$AAM?$AA4?$AA2?$AA4?$AA?$AA@ 10002df4     mimedb.obj
 0001:00001e04       ??_C@_1O@NMBMIHJI@?$AAI?$AAB?$AAM?$AA4?$AA2?$AA3?$AA?$AA@ 10002e04     mimedb.obj
 0001:00001e14       ??_C@_1O@MOKJCIHG@?$AAI?$AAB?$AAM?$AA4?$AA2?$AA0?$AA?$AA@ 10002e14     mimedb.obj
 0001:00001e24       ??_C@_1O@MCCKFLMA@?$AAI?$AAB?$AAM?$AA3?$AA6?$AA7?$AA?$AA@ 10002e24     mimedb.obj
 0001:00001e34       ??_C@_1O@PPNGOJIL@?$AAI?$AAB?$AAM?$AA2?$AA9?$AA7?$AA?$AA@ 10002e34     mimedb.obj
 0001:00001e44       ??_C@_1O@GCABNBDC@?$AAI?$AAB?$AAM?$AA2?$AA9?$AA0?$AA?$AA@ 10002e44     mimedb.obj
 0001:00001e54       ??_C@_1O@JOIDPCKF@?$AAI?$AAB?$AAM?$AA2?$AA8?$AA5?$AA?$AA@ 10002e54     mimedb.obj
 0001:00001e64       ??_C@_1O@CGDPJFMA@?$AAI?$AAB?$AAM?$AA2?$AA8?$AA4?$AA?$AA@ 10002e64     mimedb.obj
 0001:00001e74       ??_C@_1O@KJFNACJH@?$AAI?$AAB?$AAM?$AA2?$AA8?$AA0?$AA?$AA@ 10002e74     mimedb.obj
 0001:00001e84       ??_C@_1O@JNLPJIKN@?$AAI?$AAB?$AAM?$AA2?$AA7?$AA8?$AA?$AA@ 10002e84     mimedb.obj
 0001:00001e94       ??_C@_1O@MFNMIIPL@?$AAI?$AAB?$AAM?$AA2?$AA7?$AA7?$AA?$AA@ 10002e94     mimedb.obj
 0001:00001ea4       ??_C@_1O@EKLOBPKM@?$AAI?$AAB?$AAM?$AA2?$AA7?$AA3?$AA?$AA@ 10002ea4     mimedb.obj
 0001:00001eb4       ??_C@_1BA@HAFEHCGM@?$AAI?$AAB?$AAM?$AA1?$AA0?$AA2?$AA6?$AA?$AA@ 10002eb4     mimedb.obj
 0001:00001ec4       ??_C@_1O@BMGIMNJA@?$AAI?$AAB?$AAM?$AA0?$AA3?$AA7?$AA?$AA@ 10002ec4     mimedb.obj
 0001:00001ed4       ??_C@_1BC@ENEAHCHN@?$AAI?$AAB?$AAM?$AA0?$AA1?$AA1?$AA4?$AA9?$AA?$AA@ 10002ed4     mimedb.obj
 0001:00001ee8       ??_C@_1BC@PFPMBFBI@?$AAI?$AAB?$AAM?$AA0?$AA1?$AA1?$AA4?$AA8?$AA?$AA@ 10002ee8     mimedb.obj
 0001:00001efc       ??_C@_1BC@KNJPAFEO@?$AAI?$AAB?$AAM?$AA0?$AA1?$AA1?$AA4?$AA7?$AA?$AA@ 10002efc     mimedb.obj
 0001:00001f10       ??_C@_1BC@BFCDGCCL@?$AAI?$AAB?$AAM?$AA0?$AA1?$AA1?$AA4?$AA6?$AA?$AA@ 10002f10     mimedb.obj
 0001:00001f24       ??_C@_1BC@HJGMNMF@?$AAI?$AAB?$AAM?$AA0?$AA1?$AA1?$AA4?$AA5?$AA?$AA@ 10002f24     mimedb.obj
 0001:00001f38       ??_C@_1BC@LPCKKKKA@?$AAI?$AAB?$AAM?$AA0?$AA1?$AA1?$AA4?$AA4?$AA?$AA@ 10002f38     mimedb.obj
 0001:00001f4c       ??_C@_1BC@CCPNJCBJ@?$AAI?$AAB?$AAM?$AA0?$AA1?$AA1?$AA4?$AA3?$AA?$AA@ 10002f4c     mimedb.obj
 0001:00001f60       ??_C@_1BC@JKEBPFHM@?$AAI?$AAB?$AAM?$AA0?$AA1?$AA1?$AA4?$AA2?$AA?$AA@ 10002f60     mimedb.obj
 0001:00001f74       ??_C@_1BC@IIPEFKJC@?$AAI?$AAB?$AAM?$AA0?$AA1?$AA1?$AA4?$AA1?$AA?$AA@ 10002f74     mimedb.obj
 0001:00001f88       ??_C@_1BC@DAEIDNPH@?$AAI?$AAB?$AAM?$AA0?$AA1?$AA1?$AA4?$AA0?$AA?$AA@ 10002f88     mimedb.obj
 0001:00001f9c       ??_C@_1BC@GBDFAFNA@?$AAI?$AAB?$AAM?$AA0?$AA1?$AA0?$AA4?$AA7?$AA?$AA@ 10002f9c     mimedb.obj
 0001:00001fb0       ??_C@_1BC@FFFEDJDG@?$AAI?$AAB?$AAM?$AA0?$AA0?$AA9?$AA2?$AA4?$AA?$AA@ 10002fb0     mimedb.obj
 0001:00001fc4       ??_C@_1BC@MOCNLGKI@?$AAI?$AAB?$AAM?$AA0?$AA0?$AA8?$AA5?$AA8?$AA?$AA@ 10002fc4     mimedb.obj
 0001:00001fd8       ??_C@_1BG@EHKLFDBP@?$AAh?$AAz?$AA?9?$AAg?$AAb?$AA?9?$AA2?$AA3?$AA1?$AA2?$AA?$AA@ 10002fd8     mimedb.obj
 0001:00001ff0       ??_C@_1O@LEIHEIFD@?$AAh?$AAe?$AAb?$AAr?$AAe?$AAw?$AA?$AA@ 10002ff0     mimedb.obj
 0001:00002000       ??_C@_1O@PHEMPCIG@?$AAg?$AAr?$AAe?$AAe?$AAk?$AA8?$AA?$AA@ 10003000     mimedb.obj
 0001:00002010       ??_C@_1M@GEJKJIG@?$AAg?$AAr?$AAe?$AAe?$AAk?$AA?$AA@ 10003010     mimedb.obj
 0001:0000201c       ??_C@_1O@BLMCHMBB@?$AAG?$AAe?$AAr?$AAm?$AAa?$AAn?$AA?$AA@ 1000301c     mimedb.obj
 0001:0000202c       ??_C@_17LHAAJPDJ@?$AAG?$AAB?$AAK?$AA?$AA@ 1000302c     mimedb.obj
 0001:00002034       ??_C@_1BC@BLENDNKF@?$AAG?$AAB?$AA2?$AA3?$AA1?$AA2?$AA8?$AA0?$AA?$AA@ 10003034     mimedb.obj
 0001:00002048       ??_C@_1BE@KDDLFKHD@?$AAG?$AAB?$AA2?$AA3?$AA1?$AA2?$AA?9?$AA8?$AA0?$AA?$AA@ 10003048     mimedb.obj
 0001:0000205c       ??_C@_1O@CECIBANP@?$AAG?$AAB?$AA2?$AA3?$AA1?$AA2?$AA?$AA@ 1000305c     mimedb.obj
 0001:0000206c       ??_C@_1BA@GDLEOPAB@?$AAG?$AAB?$AA1?$AA8?$AA0?$AA3?$AA0?$AA?$AA@ 1000306c     mimedb.obj
 0001:0000207c       ??_C@_1BG@FNNCCOHF@?$AAG?$AAB?$AA_?$AA2?$AA3?$AA1?$AA2?$AA?9?$AA8?$AA0?$AA?$AA@ 1000307c     mimedb.obj
 0001:00002098       ??_C@_1FM@ONMELPLJ@?$AAE?$AAx?$AAt?$AAe?$AAn?$AAd?$AAe?$AAd?$AA_?$AAU?$AAN?$AAI?$AAX?$AA_?$AAC?$AAo?$AAd?$AAe?$AA_?$AAP?$AAa?$AAc?$AAk?$AAe?$AAd?$AA_?$AAF?$AAo?$AAr?$AAm?$AAa?$AAt@ 10003098     mimedb.obj
 0001:000020f4       ??_C@_1O@GBHFMOOC@?$AAe?$AAu?$AAc?$AA?9?$AAk?$AAr?$AA?$AA@ 100030f4     mimedb.obj
 0001:00002104       ??_C@_1O@CANFMM@?$AAe?$AAu?$AAc?$AA?9?$AAj?$AAp?$AA?$AA@ 10003104     mimedb.obj
 0001:00002114       ??_C@_1O@JHOJKEKI@?$AAe?$AAu?$AAc?$AA?9?$AAc?$AAn?$AA?$AA@ 10003114     mimedb.obj
 0001:00002124       ??_C@_1BC@MJCPMFAI@?$AAE?$AAL?$AAO?$AAT?$AA_?$AA9?$AA2?$AA8?$AA?$AA@ 10003124     mimedb.obj
 0001:00002138       ??_C@_1BC@JFNNMAMN@?$AAE?$AAC?$AAM?$AAA?$AA?9?$AA1?$AA1?$AA8?$AA?$AA@ 10003138     mimedb.obj
 0001:0000214c       ??_C@_1BC@NPALHPHF@?$AAE?$AAC?$AAM?$AAA?$AA?9?$AA1?$AA1?$AA4?$AA?$AA@ 1000314c     mimedb.obj
 0001:00002160       ??_C@_1CE@MFHFPJIC@?$AAe?$AAb?$AAc?$AAd?$AAi?$AAc?$AA?9?$AAu?$AAs?$AA?9?$AA3?$AA7?$AA?$CL?$AAe?$AAu?$AAr?$AAo?$AA?$AA@ 10003160     mimedb.obj
 0001:00002184       ??_C@_1CG@HLFKICMM@?$AAe?$AAb?$AAc?$AAd?$AAi?$AAc?$AA?9?$AAs?$AAe?$AA?9?$AA2?$AA7?$AA8?$AA?$CL?$AAe?$AAu?$AAr?$AAo?$AA?$AA@ 10003184     mimedb.obj
 0001:000021ac       ??_C@_1CG@PPJIGBEB@?$AAe?$AAb?$AAc?$AAd?$AAi?$AAc?$AA?9?$AAn?$AAo?$AA?9?$AA2?$AA7?$AA7?$AA?$CL?$AAe?$AAu?$AAr?$AAo?$AA?$AA@ 100031ac     mimedb.obj
 0001:000021d4       ??_C@_1CI@HCICMIEI@?$AAe?$AAb?$AAc?$AAd?$AAi?$AAc?$AA?9?$AAL?$AAa?$AAt?$AAi?$AAn?$AA9?$AA?9?$AA?9?$AAe?$AAu?$AAr?$AAo?$AA?$AA@ 100031d4     mimedb.obj
 0001:000021fc       ??_C@_1BO@JCHJAMND@?$AAE?$AAB?$AAC?$AAD?$AAI?$AAC?$AA?9?$AAJ?$AAP?$AA?9?$AAk?$AAa?$AAn?$AAa?$AA?$AA@ 100031fc     mimedb.obj
 0001:0000221c       ??_C@_1CG@MGLFKMN@?$AAe?$AAb?$AAc?$AAd?$AAi?$AAc?$AA?9?$AAi?$AAt?$AA?9?$AA2?$AA8?$AA0?$AA?$CL?$AAe?$AAu?$AAr?$AAo?$AA?$AA@ 1000321c     mimedb.obj
 0001:00002244       ??_C@_1CG@GINCCHEO@?$AAe?$AAb?$AAc?$AAd?$AAi?$AAc?$AA?9?$AAi?$AAs?$AA?9?$AA8?$AA7?$AA1?$AA?$CL?$AAe?$AAu?$AAr?$AAo?$AA?$AA@ 10003244     mimedb.obj
 0001:0000226c       ??_C@_1DM@FNFLIDCC@?$AAe?$AAb?$AAc?$AAd?$AAi?$AAc?$AA?9?$AAi?$AAn?$AAt?$AAe?$AAr?$AAn?$AAa?$AAt?$AAi?$AAo?$AAn?$AAa?$AAl?$AA?9?$AA5?$AA0?$AA0?$AA?$CL?$AAe?$AAu?$AAr?$AAo?$AA?$AA@ 1000326c     mimedb.obj
 0001:000022a8       ??_C@_1CG@DBPOEKIP@?$AAe?$AAb?$AAc?$AAd?$AAi?$AAc?$AA?9?$AAg?$AAb?$AA?9?$AA2?$AA8?$AA5?$AA?$CL?$AAe?$AAu?$AAr?$AAo?$AA?$AA@ 100032a8     mimedb.obj
 0001:000022d0       ??_C@_1CG@FGCKDANF@?$AAe?$AAb?$AAc?$AAd?$AAi?$AAc?$AA?9?$AAf?$AAr?$AA?9?$AA2?$AA9?$AA7?$AA?$CL?$AAe?$AAu?$AAr?$AAo?$AA?$AA@ 100032d0     mimedb.obj
 0001:000022f8       ??_C@_1CG@JPALDIJ@?$AAe?$AAb?$AAc?$AAd?$AAi?$AAc?$AA?9?$AAf?$AAi?$AA?9?$AA2?$AA7?$AA8?$AA?$CL?$AAe?$AAu?$AAr?$AAo?$AA?$AA@ 100032f8     mimedb.obj
 0001:00002320       ??_C@_1CG@MLBFEJHH@?$AAe?$AAb?$AAc?$AAd?$AAi?$AAc?$AA?9?$AAe?$AAs?$AA?9?$AA2?$AA8?$AA4?$AA?$CL?$AAe?$AAu?$AAr?$AAo?$AA?$AA@ 10003320     mimedb.obj
 0001:00002348       ??_C@_1CG@KIAPACPA@?$AAe?$AAb?$AAc?$AAd?$AAi?$AAc?$AA?9?$AAd?$AAk?$AA?9?$AA2?$AA7?$AA7?$AA?$CL?$AAe?$AAu?$AAr?$AAo?$AA?$AA@ 10003348     mimedb.obj
 0001:00002370       ??_C@_1CG@HKBBPBGL@?$AAe?$AAb?$AAc?$AAd?$AAi?$AAc?$AA?9?$AAd?$AAe?$AA?9?$AA2?$AA7?$AA3?$AA?$CL?$AAe?$AAu?$AAr?$AAo?$AA?$AA@ 10003370     mimedb.obj
 0001:00002398       ??_C@_1CA@HOFLJCHJ@?$AAE?$AAB?$AAC?$AAD?$AAI?$AAC?$AA?9?$AAC?$AAy?$AAr?$AAi?$AAl?$AAl?$AAi?$AAc?$AA?$AA@ 10003398     mimedb.obj
 0001:000023b8       ??_C@_1BK@DABMINN@?$AAe?$AAb?$AAc?$AAd?$AAi?$AAc?$AA?9?$AAc?$AAp?$AA?9?$AAy?$AAu?$AA?$AA@ 100033b8     mimedb.obj
 0001:000023d4       ??_C@_1BK@IBLHMOMI@?$AAe?$AAb?$AAc?$AAd?$AAi?$AAc?$AA?9?$AAc?$AAp?$AA?9?$AAw?$AAt?$AA?$AA@ 100033d4     mimedb.obj
 0001:000023f0       ??_C@_1BK@FBKIFHHK@?$AAe?$AAb?$AAc?$AAd?$AAi?$AAc?$AA?9?$AAc?$AAp?$AA?9?$AAu?$AAs?$AA?$AA@ 100033f0     mimedb.obj
 0001:0000240c       ??_C@_1BK@CCEIODLK@?$AAe?$AAb?$AAc?$AAd?$AAi?$AAc?$AA?9?$AAc?$AAp?$AA?9?$AAt?$AAr?$AA?$AA@ 1000340c     mimedb.obj
 0001:00002428       ??_C@_1BK@PCIDLMCE@?$AAe?$AAb?$AAc?$AAd?$AAi?$AAc?$AA?9?$AAc?$AAp?$AA?9?$AAs?$AAe?$AA?$AA@ 10003428     mimedb.obj
 0001:00002444       ??_C@_1CA@JGLCBEOC@?$AAe?$AAb?$AAc?$AAd?$AAi?$AAc?$AA?9?$AAc?$AAp?$AA?9?$AAr?$AAo?$AAe?$AAc?$AAe?$AA?$AA@ 10003444     mimedb.obj
 0001:00002464       ??_C@_1BK@HLJNHAGL@?$AAE?$AAB?$AAC?$AAD?$AAI?$AAC?$AA?9?$AAC?$AAP?$AA?9?$AAN?$AAO?$AA?$AA@ 10003464     mimedb.obj
 0001:00002480       ??_C@_1BK@DAMDOCOL@?$AAe?$AAb?$AAc?$AAd?$AAi?$AAc?$AA?9?$AAc?$AAp?$AA?9?$AAn?$AAl?$AA?$AA@ 10003480     mimedb.obj
 0001:0000249c       ??_C@_1BK@LIGLKNCD@?$AAe?$AAb?$AAc?$AAd?$AAi?$AAc?$AA?9?$AAc?$AAp?$AA?9?$AAi?$AAt?$AA?$AA@ 1000349c     mimedb.obj
 0001:000024b8       ??_C@_1BK@CFLMJFJK@?$AAe?$AAb?$AAc?$AAd?$AAi?$AAc?$AA?9?$AAc?$AAp?$AA?9?$AAi?$AAs?$AA?$AA@ 100034b8     mimedb.obj
 0001:000024d4       ??_C@_1BK@JLJCEOHM@?$AAe?$AAb?$AAc?$AAd?$AAi?$AAc?$AA?9?$AAc?$AAp?$AA?9?$AAh?$AAe?$AA?$AA@ 100034d4     mimedb.obj
 0001:000024f0       ??_C@_1BK@KHAKJDIP@?$AAe?$AAb?$AAc?$AAd?$AAi?$AAc?$AA?9?$AAc?$AAp?$AA?9?$AAg?$AAr?$AA?$AA@ 100034f0     mimedb.obj
 0001:0000250c       ??_C@_1BK@PHBDMEBA@?$AAe?$AAb?$AAc?$AAd?$AAi?$AAc?$AA?9?$AAc?$AAp?$AA?9?$AAg?$AAb?$AA?$AA@ 1000350c     mimedb.obj
 0001:00002528       ??_C@_1BK@GMFGEACK@?$AAe?$AAb?$AAc?$AAd?$AAi?$AAc?$AA?9?$AAc?$AAp?$AA?9?$AAf?$AAr?$AA?$AA@ 10003528     mimedb.obj
 0001:00002544       ??_C@_1BK@OLEOJALE@?$AAe?$AAb?$AAc?$AAd?$AAi?$AAc?$AA?9?$AAc?$AAp?$AA?9?$AAf?$AAi?$AA?$AA@ 10003544     mimedb.obj
 0001:00002560       ??_C@_1BK@FCHOFFOB@?$AAe?$AAb?$AAc?$AAd?$AAi?$AAc?$AA?9?$AAc?$AAp?$AA?9?$AAe?$AAs?$AA?$AA@ 10003560     mimedb.obj
 0001:0000257c       ??_C@_1BK@FFGEMEFK@?$AAE?$AAB?$AAC?$AAD?$AAI?$AAC?$AA?9?$AAC?$AAP?$AA?9?$AAD?$AAK?$AA?$AA@ 1000357c     mimedb.obj
 0001:00002598       ??_C@_1BK@DDPGGGC@?$AAe?$AAb?$AAc?$AAd?$AAi?$AAc?$AA?9?$AAc?$AAp?$AA?9?$AAc?$AAh?$AA?$AA@ 10003598     mimedb.obj
 0001:000025b4       ??_C@_1BK@HODHCJOI@?$AAe?$AAb?$AAc?$AAd?$AAi?$AAc?$AA?9?$AAc?$AAp?$AA?9?$AAc?$AAa?$AA?$AA@ 100035b4     mimedb.obj
 0001:000025d0       ??_C@_1BK@DKAJGNBK@?$AAe?$AAb?$AAc?$AAd?$AAi?$AAc?$AA?9?$AAc?$AAp?$AA?9?$AAb?$AAe?$AA?$AA@ 100035d0     mimedb.obj
 0001:000025ec       ??_C@_1BM@FLOFHHDD@?$AAe?$AAb?$AAc?$AAd?$AAi?$AAc?$AA?9?$AAc?$AAp?$AA?9?$AAa?$AAr?$AA1?$AA?$AA@ 100035ec     mimedb.obj
 0001:00002608       ??_C@_1BA@DPHOFNGH@?$AAD?$AAO?$AAS?$AA?9?$AA8?$AA7?$AA4?$AA?$AA@ 10003608     mimedb.obj
 0001:00002618       ??_C@_1BA@NBEJNBBO@?$AAD?$AAO?$AAS?$AA?9?$AA8?$AA6?$AA2?$AA?$AA@ 10003618     mimedb.obj
 0001:00002628       ??_C@_1BA@DJPBEJCP@?$AAD?$AAO?$AAS?$AA?9?$AA7?$AA2?$AA0?$AA?$AA@ 10003628     mimedb.obj
 0001:00002638       ??_C@_1BE@ELACFKIO@?$AAD?$AAI?$AAN?$AA_?$AA6?$AA6?$AA0?$AA0?$AA3?$AA?$AA@ 10003638     mimedb.obj
 0001:0000264c       ??_C@_1BC@GDLJOOED@?$AAc?$AAy?$AAr?$AAi?$AAl?$AAl?$AAi?$AAc?$AA?$AA@ 1000364c     mimedb.obj
 0001:00002660       ??_C@_1BK@HDFCKNHL@?$AAc?$AAs?$AAW?$AAi?$AAn?$AAd?$AAo?$AAw?$AAs?$AA3?$AA1?$AAJ?$AA?$AA@ 10003660     mimedb.obj
 0001:0000267c       ??_C@_1CA@HCEBCDLD@?$AAc?$AAs?$AAU?$AAn?$AAi?$AAc?$AAo?$AAd?$AAe?$AA1?$AA1?$AAU?$AAT?$AAF?$AA7?$AA?$AA@ 1000367c     mimedb.obj
 0001:0000269c       ??_C@_1BG@CLBKBONF@?$AAc?$AAs?$AAS?$AAh?$AAi?$AAf?$AAt?$AAJ?$AAI?$AAS?$AA?$AA@ 1000369c     mimedb.obj
 0001:000026b4       ??_C@_1CC@DMEEDFAC@?$AAc?$AAs?$AAP?$AAC?$AA8?$AAC?$AAo?$AAd?$AAe?$AAP?$AAa?$AAg?$AAe?$AA4?$AA3?$AA7?$AA?$AA@ 100036b4     mimedb.obj
 0001:000026d8       ??_C@_1BM@NAGODPGF@?$AAc?$AAs?$AAK?$AAS?$AAC?$AA5?$AA6?$AA0?$AA1?$AA1?$AA9?$AA8?$AA7?$AA?$AA@ 100036d8     mimedb.obj
 0001:000026f4       ??_C@_1BA@EHMMPLN@?$AAc?$AAs?$AAK?$AAO?$AAI?$AA8?$AAR?$AA?$AA@ 100036f4     mimedb.obj
 0001:00002704       ??_C@_1CC@KMJJLOPI@?$AAc?$AAs?$AAI?$AAS?$AAO?$AAL?$AAa?$AAt?$AAi?$AAn?$AAH?$AAe?$AAb?$AAr?$AAe?$AAw?$AA?$AA@ 10003704     mimedb.obj
 0001:00002728       ??_C@_1CA@LDLCNGK@?$AAc?$AAs?$AAI?$AAS?$AAO?$AAL?$AAa?$AAt?$AAi?$AAn?$AAG?$AAr?$AAe?$AAe?$AAk?$AA?$AA@ 10003728     mimedb.obj
 0001:00002748       ??_C@_1CG@IPLHNIKM@?$AAc?$AAs?$AAI?$AAS?$AAO?$AAL?$AAa?$AAt?$AAi?$AAn?$AAC?$AAy?$AAr?$AAi?$AAl?$AAl?$AAi?$AAc?$AA?$AA@ 10003748     mimedb.obj
 0001:00002770       ??_C@_1CC@EFHKMPFA@?$AAc?$AAs?$AAI?$AAS?$AAO?$AAL?$AAa?$AAt?$AAi?$AAn?$AAA?$AAr?$AAa?$AAb?$AAi?$AAc?$AA?$AA@ 10003770     mimedb.obj
 0001:00002794       ??_C@_1BI@EKGMOCMN@?$AAc?$AAs?$AAI?$AAS?$AAO?$AAL?$AAa?$AAt?$AAi?$AAn?$AA9?$AA?$AA@ 10003794     mimedb.obj
 0001:000027ac       ??_C@_1BI@LKFNHF@?$AAc?$AAs?$AAI?$AAS?$AAO?$AAL?$AAa?$AAt?$AAi?$AAn?$AA5?$AA?$AA@ 100037ac     mimedb.obj
 0001:000027c4       ??_C@_1BI@LIAGDKBA@?$AAc?$AAs?$AAI?$AAS?$AAO?$AAL?$AAa?$AAt?$AAi?$AAn?$AA4?$AA?$AA@ 100037c4     mimedb.obj
 0001:000027dc       ??_C@_1BI@CFNBACKJ@?$AAc?$AAs?$AAI?$AAS?$AAO?$AAL?$AAa?$AAt?$AAi?$AAn?$AA3?$AA?$AA@ 100037dc     mimedb.obj
 0001:000027f4       ??_C@_1BI@JNGNGFMM@?$AAc?$AAs?$AAI?$AAS?$AAO?$AAL?$AAa?$AAt?$AAi?$AAn?$AA2?$AA?$AA@ 100037f4     mimedb.obj
 0001:0000280c       ??_C@_1BI@IPNIMKCC@?$AAc?$AAs?$AAI?$AAS?$AAO?$AAL?$AAa?$AAt?$AAi?$AAn?$AA1?$AA?$AA@ 1000380c     mimedb.obj
 0001:00002824       ??_C@_1CA@BLLDCOGP@?$AAc?$AAs?$AAI?$AAS?$AAO?$AA5?$AA8?$AAG?$AAB?$AA2?$AA3?$AA1?$AA2?$AA8?$AA0?$AA?$AA@ 10003824     mimedb.obj
 0001:00002844       ??_C@_1BI@OMOIGOJL@?$AAc?$AAs?$AAI?$AAS?$AAO?$AA2?$AA0?$AA2?$AA2?$AAK?$AAR?$AA?$AA@ 10003844     mimedb.obj
 0001:0000285c       ??_C@_1BI@INLNHFLF@?$AAc?$AAs?$AAI?$AAS?$AAO?$AA2?$AA0?$AA2?$AA2?$AAJ?$AAP?$AA?$AA@ 1000385c     mimedb.obj
 0001:00002874       ??_C@_1BE@JIAABEKD@?$AAc?$AAs?$AAI?$AAB?$AAM?$AAT?$AAh?$AAa?$AAi?$AA?$AA@ 10003874     mimedb.obj
 0001:00002888       ??_C@_1BC@GCPJMIMN@?$AAc?$AAs?$AAI?$AAB?$AAM?$AA9?$AA0?$AA5?$AA?$AA@ 10003888     mimedb.obj
 0001:0000289c       ??_C@_1BC@HFNOLKAM@?$AAc?$AAs?$AAI?$AAB?$AAM?$AA8?$AA8?$AA0?$AA?$AA@ 1000389c     mimedb.obj
 0001:000028b0       ??_C@_1BC@DMDEGPLM@?$AAc?$AAs?$AAI?$AAB?$AAM?$AA8?$AA7?$AA1?$AA?$AA@ 100038b0     mimedb.obj
 0001:000028c4       ??_C@_1BC@IEIIAINJ@?$AAc?$AAs?$AAI?$AAB?$AAM?$AA8?$AA7?$AA0?$AA?$AA@ 100038c4     mimedb.obj
 0001:000028d8       ??_C@_1BC@CIICNLA@?$AAc?$AAs?$AAI?$AAB?$AAM?$AA5?$AA0?$AA0?$AA?$AA@ 100038d8     mimedb.obj
 0001:000028ec       ??_C@_1BC@MIIBLHC@?$AAc?$AAs?$AAI?$AAB?$AAM?$AA4?$AA2?$AA4?$AA?$AA@ 100038ec     mimedb.obj
 0001:00002900       ??_C@_1BC@JBFPCDML@?$AAc?$AAs?$AAI?$AAB?$AAM?$AA4?$AA2?$AA3?$AA?$AA@ 10003900     mimedb.obj
 0001:00002914       ??_C@_1BC@IDOKIMCF@?$AAc?$AAs?$AAI?$AAB?$AAM?$AA4?$AA2?$AA0?$AA?$AA@ 10003914     mimedb.obj
 0001:00002928       ??_C@_1BC@LCJFENNI@?$AAc?$AAs?$AAI?$AAB?$AAM?$AA2?$AA9?$AA7?$AA?$AA@ 10003928     mimedb.obj
 0001:0000293c       ??_C@_1BC@CPECHFGB@?$AAc?$AAs?$AAI?$AAB?$AAM?$AA2?$AA9?$AA0?$AA?$AA@ 1000393c     mimedb.obj
 0001:00002950       ??_C@_1BC@NDMAFGPG@?$AAc?$AAs?$AAI?$AAB?$AAM?$AA2?$AA8?$AA5?$AA?$AA@ 10003950     mimedb.obj
 0001:00002964       ??_C@_1BC@GLHMDBJD@?$AAc?$AAs?$AAI?$AAB?$AAM?$AA2?$AA8?$AA4?$AA?$AA@ 10003964     mimedb.obj
 0001:00002978       ??_C@_1BC@OEBOKGME@?$AAc?$AAs?$AAI?$AAB?$AAM?$AA2?$AA8?$AA0?$AA?$AA@ 10003978     mimedb.obj
 0001:0000298c       ??_C@_1BC@NAPMDMPO@?$AAc?$AAs?$AAI?$AAB?$AAM?$AA2?$AA7?$AA8?$AA?$AA@ 1000398c     mimedb.obj
 0001:000029a0       ??_C@_1BC@IIJPCMKI@?$AAc?$AAs?$AAI?$AAB?$AAM?$AA2?$AA7?$AA7?$AA?$AA@ 100039a0     mimedb.obj
 0001:000029b4       ??_C@_1BC@HPNLLPP@?$AAc?$AAs?$AAI?$AAB?$AAM?$AA2?$AA7?$AA3?$AA?$AA@ 100039b4     mimedb.obj
 0001:000029c8       ??_C@_1BE@DAHJFGEJ@?$AAc?$AAs?$AAI?$AAB?$AAM?$AA1?$AA0?$AA2?$AA6?$AA?$AA@ 100039c8     mimedb.obj
 0001:000029dc       ??_C@_1BC@FBCLGJMD@?$AAc?$AAs?$AAI?$AAB?$AAM?$AA0?$AA3?$AA7?$AA?$AA@ 100039dc     mimedb.obj
 0001:000029f0       ??_C@_1BG@MPLNEJLO@?$AAc?$AAs?$AAG?$AAB?$AA2?$AA3?$AA1?$AA2?$AA8?$AA0?$AA?$AA@ 100039f0     mimedb.obj
 0001:00002a08       ??_C@_1BC@GJGLLEIM@?$AAc?$AAs?$AAG?$AAB?$AA2?$AA3?$AA1?$AA2?$AA?$AA@ 10003a08     mimedb.obj
 0001:00002a1c       ??_C@_1CI@PFCAFEDM@?$AAc?$AAs?$AAE?$AAU?$AAC?$AAP?$AAk?$AAd?$AAF?$AAm?$AAt?$AAJ?$AAa?$AAp?$AAa?$AAn?$AAe?$AAs?$AAe?$AA?$AA@ 10003a1c     mimedb.obj
 0001:00002a44       ??_C@_1BA@MBLHGOCF@?$AAc?$AAs?$AAE?$AAU?$AAC?$AAK?$AAR?$AA?$AA@ 10003a44     mimedb.obj
 0001:00002a54       ??_C@_1O@EFJOCHGC@?$AAc?$AAs?$AAb?$AAi?$AAg?$AA5?$AA?$AA@ 10003a54     mimedb.obj
 0001:00002a64       ??_C@_1BA@FHPFEII@?$AAc?$AAs?$AAA?$AAS?$AAC?$AAI?$AAI?$AA?$AA@ 10003a64     mimedb.obj
 0001:00002a74       ??_C@_1M@LIOAIIIO@?$AAc?$AAp?$AA9?$AA3?$AA9?$AA?$AA@ 10003a74     mimedb.obj
 0001:00002a80       ??_C@_1M@FIDPPPLN@?$AAc?$AAp?$AA9?$AA3?$AA7?$AA?$AA@ 10003a80     mimedb.obj
 0001:00002a8c       ??_C@_1M@PCDGDHDG@?$AAc?$AAp?$AA9?$AA3?$AA5?$AA?$AA@ 10003a8c     mimedb.obj
 0001:00002a98       ??_C@_1M@NHFNGIOK@?$AAc?$AAp?$AA9?$AA3?$AA3?$AA?$AA@ 10003a98     mimedb.obj
 0001:00002aa4       ??_C@_1M@MFOIMHAE@?$AAc?$AAp?$AA9?$AA3?$AA0?$AA?$AA@ 10003aa4     mimedb.obj
 0001:00002ab0       ??_C@_1M@CDMOJNLA@?$AAC?$AAP?$AA9?$AA0?$AA5?$AA?$AA@ 10003ab0     mimedb.obj
 0001:00002abc       ??_C@_1M@GDIFDHFJ@?$AAc?$AAp?$AA8?$AA8?$AA0?$AA?$AA@ 10003abc     mimedb.obj
 0001:00002ac8       ??_C@_1M@KFANHFLO@?$AAc?$AAp?$AA8?$AA7?$AA5?$AA?$AA@ 10003ac8     mimedb.obj
 0001:00002ad4       ??_C@_1M@HNADDKMB@?$AAC?$AAP?$AA8?$AA7?$AA1?$AA?$AA@ 10003ad4     mimedb.obj
 0001:00002ae0       ??_C@_1M@MFLPFNKE@?$AAC?$AAP?$AA8?$AA7?$AA0?$AA?$AA@ 10003ae0     mimedb.obj
 0001:00002aec       ??_C@_1M@CEIHBJKD@?$AAc?$AAp?$AA8?$AA6?$AA9?$AA?$AA@ 10003aec     mimedb.obj
 0001:00002af8       ??_C@_1M@HMOEAJPF@?$AAc?$AAp?$AA8?$AA6?$AA6?$AA?$AA@ 10003af8     mimedb.obj
 0001:00002b04       ??_C@_1M@GOFBKGBL@?$AAc?$AAp?$AA8?$AA6?$AA5?$AA?$AA@ 10003b04     mimedb.obj
 0001:00002b10       ??_C@_1M@NGONMBHO@?$AAc?$AAp?$AA8?$AA6?$AA4?$AA?$AA@ 10003b10     mimedb.obj
 0001:00002b1c       ??_C@_1M@ELDKPJMH@?$AAc?$AAp?$AA8?$AA6?$AA3?$AA?$AA@ 10003b1c     mimedb.obj
 0001:00002b28       ??_C@_1M@PDIGJOKC@?$AAc?$AAp?$AA8?$AA6?$AA2?$AA?$AA@ 10003b28     mimedb.obj
 0001:00002b34       ??_C@_1M@OBDDDBEM@?$AAc?$AAp?$AA8?$AA6?$AA1?$AA?$AA@ 10003b34     mimedb.obj
 0001:00002b40       ??_C@_1M@FJIPFGCJ@?$AAc?$AAp?$AA8?$AA6?$AA0?$AA?$AA@ 10003b40     mimedb.obj
 0001:00002b4c       ??_C@_1M@BKKPAMGI@?$AAc?$AAp?$AA8?$AA5?$AA8?$AA?$AA@ 10003b4c     mimedb.obj
 0001:00002b58       ??_C@_1M@ECMMBMDO@?$AAc?$AAp?$AA8?$AA5?$AA7?$AA?$AA@ 10003b58     mimedb.obj
 0001:00002b64       ??_C@_1M@OIMFNELF@?$AAc?$AAp?$AA8?$AA5?$AA5?$AA?$AA@ 10003b64     mimedb.obj
 0001:00002b70       ??_C@_1M@HFBCOMAM@?$AAc?$AAp?$AA8?$AA5?$AA2?$AA?$AA@ 10003b70     mimedb.obj
 0001:00002b7c       ??_C@_1M@NPBLCEIH@?$AAc?$AAp?$AA8?$AA5?$AA0?$AA?$AA@ 10003b7c     mimedb.obj
 0001:00002b88       ??_C@_1M@DJICCJBL@?$AAc?$AAp?$AA8?$AA1?$AA9?$AA?$AA@ 10003b88     mimedb.obj
 0001:00002b94       ??_C@_1M@EDLPHIMN@?$AAC?$AAP?$AA5?$AA0?$AA0?$AA?$AA@ 10003b94     mimedb.obj
 0001:00002ba0       ??_C@_1M@MDDKOKGM@?$AAc?$AAp?$AA4?$AA3?$AA7?$AA?$AA@ 10003ba0     mimedb.obj
 0001:00002bac       ??_C@_1M@BKNDJGCH@?$AAc?$AAp?$AA4?$AA2?$AA4?$AA?$AA@ 10003bac     mimedb.obj
 0001:00002bb8       ??_C@_1M@IHAEKOJO@?$AAc?$AAp?$AA4?$AA2?$AA3?$AA?$AA@ 10003bb8     mimedb.obj
 0001:00002bc4       ??_C@_1M@JFLBABHA@?$AAc?$AAp?$AA4?$AA2?$AA0?$AA?$AA@ 10003bc4     mimedb.obj
 0001:00002bd0       ??_C@_1M@JJDCHCMG@?$AAc?$AAp?$AA3?$AA6?$AA7?$AA?$AA@ 10003bd0     mimedb.obj
 0001:00002bdc       ??_C@_1M@KEMOMAIN@?$AAc?$AAp?$AA2?$AA9?$AA7?$AA?$AA@ 10003bdc     mimedb.obj
 0001:00002be8       ??_C@_1M@DJBJPIDE@?$AAc?$AAp?$AA2?$AA9?$AA0?$AA?$AA@ 10003be8     mimedb.obj
 0001:00002bf4       ??_C@_1M@JCPHADIL@?$AAC?$AAP?$AA2?$AA8?$AA5?$AA?$AA@ 10003bf4     mimedb.obj
 0001:00002c00       ??_C@_1M@CKELGEOO@?$AAC?$AAP?$AA2?$AA8?$AA4?$AA?$AA@ 10003c00     mimedb.obj
 0001:00002c0c       ??_C@_1M@KFCJPDLJ@?$AAC?$AAP?$AA2?$AA8?$AA0?$AA?$AA@ 10003c0c     mimedb.obj
 0001:00002c18       ??_C@_1M@JBMLGJID@?$AAC?$AAP?$AA2?$AA7?$AA8?$AA?$AA@ 10003c18     mimedb.obj
 0001:00002c24       ??_C@_1M@EGMKOOIC@?$AAC?$AAP?$AA2?$AA7?$AA3?$AA?$AA@ 10003c24     mimedb.obj
 0001:00002c30       ??_C@_1O@DLJMCBFL@?$AAc?$AAp?$AA1?$AA2?$AA5?$AA6?$AA?$AA@ 10003c30     mimedb.obj
 0001:00002c40       ??_C@_1O@LBOJLFLO@?$AAC?$AAP?$AA1?$AA0?$AA2?$AA6?$AA?$AA@ 10003c40     mimedb.obj
 0001:00002c50       ??_C@_1O@HGAJLJHA@?$AAc?$AAp?$AA1?$AA0?$AA2?$AA5?$AA?$AA@ 10003c50     mimedb.obj
 0001:00002c60       ??_C@_1M@EHHAOEJG@?$AAc?$AAp?$AA0?$AA3?$AA7?$AA?$AA@ 10003c60     mimedb.obj
 0001:00002c6c       ??_C@_1BA@PLEOEDEO@?$AAC?$AAP?$AA0?$AA1?$AA1?$AA4?$AA9?$AA?$AA@ 10003c6c     mimedb.obj
 0001:00002c7c       ??_C@_1BA@EDPCCECL@?$AAC?$AAP?$AA0?$AA1?$AA1?$AA4?$AA8?$AA?$AA@ 10003c7c     mimedb.obj
 0001:00002c8c       ??_C@_1BA@BLJBDEHN@?$AAC?$AAP?$AA0?$AA1?$AA1?$AA4?$AA7?$AA?$AA@ 10003c8c     mimedb.obj
 0001:00002c9c       ??_C@_1BA@KDCNFDBI@?$AAC?$AAP?$AA0?$AA1?$AA1?$AA4?$AA6?$AA?$AA@ 10003c9c     mimedb.obj
 0001:00002cac       ??_C@_1BA@LBJIPMPG@?$AAC?$AAP?$AA0?$AA1?$AA1?$AA4?$AA5?$AA?$AA@ 10003cac     mimedb.obj
 0001:00002cbc       ??_C@_1BA@JCEJLJD@?$AAC?$AAP?$AA0?$AA1?$AA1?$AA4?$AA4?$AA?$AA@ 10003cbc     mimedb.obj
 0001:00002ccc       ??_C@_1BA@JEPDKDCK@?$AAC?$AAP?$AA0?$AA1?$AA1?$AA4?$AA3?$AA?$AA@ 10003ccc     mimedb.obj
 0001:00002cdc       ??_C@_1BA@CMEPMEEP@?$AAC?$AAP?$AA0?$AA1?$AA1?$AA4?$AA2?$AA?$AA@ 10003cdc     mimedb.obj
 0001:00002cec       ??_C@_1BA@DOPKGLKB@?$AAC?$AAP?$AA0?$AA1?$AA1?$AA4?$AA1?$AA?$AA@ 10003cec     mimedb.obj
 0001:00002cfc       ??_C@_1BA@IGEGAMME@?$AAC?$AAP?$AA0?$AA1?$AA1?$AA4?$AA0?$AA?$AA@ 10003cfc     mimedb.obj
 0001:00002d0c       ??_C@_1BA@ODFKAIAF@?$AAC?$AAP?$AA0?$AA0?$AA9?$AA2?$AA4?$AA?$AA@ 10003d0c     mimedb.obj
 0001:00002d1c       ??_C@_1BA@HICDIHJL@?$AAC?$AAP?$AA0?$AA0?$AA8?$AA5?$AA8?$AA?$AA@ 10003d1c     mimedb.obj
 0001:00002d2c       ??_C@_1M@CJHLGGG@?$AAC?$AAN?$AA?9?$AAG?$AAB?$AA?$AA@ 10003d2c     mimedb.obj
 0001:00002d38       ??_C@_1BA@KKHNFMM@?$AAc?$AAn?$AA?9?$AAb?$AAi?$AAg?$AA5?$AA?$AA@ 10003d38     mimedb.obj
 0001:00002d48       ??_C@_1BA@NPNJKIBL@?$AAc?$AAh?$AAi?$AAn?$AAe?$AAs?$AAe?$AA?$AA@ 10003d48     mimedb.obj
 0001:00002d58       ??_C@_1BG@CDLOCCOB@?$AAC?$AAC?$AAS?$AAI?$AAD?$AA0?$AA1?$AA1?$AA4?$AA9?$AA?$AA@ 10003d58     mimedb.obj
 0001:00002d70       ??_C@_1BG@JLACEFIE@?$AAC?$AAC?$AAS?$AAI?$AAD?$AA0?$AA1?$AA1?$AA4?$AA8?$AA?$AA@ 10003d70     mimedb.obj
 0001:00002d88       ??_C@_1BG@MDGBFFNC@?$AAC?$AAC?$AAS?$AAI?$AAD?$AA0?$AA1?$AA1?$AA4?$AA7?$AA?$AA@ 10003d88     mimedb.obj
 0001:00002da0       ??_C@_1BG@HLNNDCLH@?$AAC?$AAC?$AAS?$AAI?$AAD?$AA0?$AA1?$AA1?$AA4?$AA6?$AA?$AA@ 10003da0     mimedb.obj
 0001:00002db8       ??_C@_1BG@GJGIJNFJ@?$AAC?$AAC?$AAS?$AAI?$AAD?$AA0?$AA1?$AA1?$AA4?$AA5?$AA?$AA@ 10003db8     mimedb.obj
 0001:00002dd0       ??_C@_1BG@NBNEPKDM@?$AAC?$AAC?$AAS?$AAI?$AAD?$AA0?$AA1?$AA1?$AA4?$AA4?$AA?$AA@ 10003dd0     mimedb.obj
 0001:00002de8       ??_C@_1BG@EMADMCIF@?$AAC?$AAC?$AAS?$AAI?$AAD?$AA0?$AA1?$AA1?$AA4?$AA3?$AA?$AA@ 10003de8     mimedb.obj
 0001:00002e00       ??_C@_1BG@PELPKFOA@?$AAC?$AAC?$AAS?$AAI?$AAD?$AA0?$AA1?$AA1?$AA4?$AA2?$AA?$AA@ 10003e00     mimedb.obj
 0001:00002e18       ??_C@_1BG@OGAKAKAO@?$AAC?$AAC?$AAS?$AAI?$AAD?$AA0?$AA1?$AA1?$AA4?$AA1?$AA?$AA@ 10003e18     mimedb.obj
 0001:00002e30       ??_C@_1BG@FOLGGNGL@?$AAC?$AAC?$AAS?$AAI?$AAD?$AA0?$AA1?$AA1?$AA4?$AA0?$AA?$AA@ 10003e30     mimedb.obj
 0001:00002e48       ??_C@_1BG@DLKKGJKK@?$AAC?$AAC?$AAS?$AAI?$AAD?$AA0?$AA0?$AA9?$AA2?$AA4?$AA?$AA@ 10003e48     mimedb.obj
 0001:00002e60       ??_C@_1BG@KANDOGDE@?$AAC?$AAC?$AAS?$AAI?$AAD?$AA0?$AA0?$AA8?$AA5?$AA8?$AA?$AA@ 10003e60     mimedb.obj
 0001:00002e78       ??_C@_1BG@EIKCPKAB@?$AAB?$AAi?$AAg?$AA5?$AA?9?$AAH?$AAK?$AAS?$AAC?$AAS?$AA?$AA@ 10003e78     mimedb.obj
 0001:00002e90       ??_C@_19JLJKMMPF@?$AAB?$AAi?$AAg?$AA5?$AA?$AA@ 10003e90     mimedb.obj
 0001:00002e9c       ??_C@_1BC@JMFACAGJ@?$AAA?$AAS?$AAM?$AAO?$AA?9?$AA7?$AA0?$AA8?$AA?$AA@ 10003e9c     mimedb.obj
 0001:00002eb0       ??_C@_1M@BNBCGGCP@?$AAa?$AAs?$AAc?$AAi?$AAi?$AA?$AA@ 10003eb0     mimedb.obj
 0001:00002ebc       ??_C@_1O@FNGEDJPL@?$AAa?$AAr?$AAa?$AAb?$AAi?$AAc?$AA?$AA@ 10003ebc     mimedb.obj
 0001:00002ecc       ??_C@_1BO@BKDLINON@?$AAA?$AAN?$AAS?$AAI?$AA_?$AAX?$AA3?$AA?4?$AA4?$AA?9?$AA1?$AA9?$AA8?$AA6?$AA?$AA@ 10003ecc     mimedb.obj
 0001:00002eec       ??_C@_1BO@MAOOJLKO@?$AAA?$AAN?$AAS?$AAI?$AA_?$AAX?$AA3?$AA?4?$AA4?$AA?9?$AA1?$AA9?$AA6?$AA8?$AA?$AA@ 10003eec     mimedb.obj
 0001:00002f0c       ??_C@_17HEEIMIAK@?$AA4?$AA3?$AA7?$AA?$AA@ 10003f0c     mimedb.obj
 0001:00002f14       ??_C@_1CC@PFJDHIKI@?$AA_?$AAi?$AAs?$AAo?$AA?9?$AA2?$AA0?$AA2?$AA2?$AA?9?$AAj?$AAp?$AA$?$AAS?$AAI?$AAO?$AA?$AA@ 10003f14     mimedb.obj
 0001:00002f38       ??_C@_1CC@KHNMNOEB@?$AA_?$AAi?$AAs?$AAo?$AA?9?$AA2?$AA0?$AA2?$AA2?$AA?9?$AAj?$AAp?$AA$?$AAE?$AAS?$AAC?$AA?$AA@ 10003f38     mimedb.obj
 0001:00002f5c       ??_C@_1BO@NCJDBEFI@?$AA_?$AAa?$AAu?$AAt?$AAo?$AAd?$AAe?$AAt?$AAe?$AAc?$AAt?$AA_?$AAk?$AAr?$AA?$AA@ 10003f5c     mimedb.obj
 0001:00002f7c       ??_C@_1CA@LBFEOGCK@?$AA_?$AAa?$AAu?$AAt?$AAo?$AAd?$AAe?$AAt?$AAe?$AAc?$AAt?$AA_?$AAa?$AAl?$AAl?$AA?$AA@ 10003f7c     mimedb.obj
 0001:00002f9c       ??_C@_1BI@KFCJGKG@?$AA_?$AAa?$AAu?$AAt?$AAo?$AAd?$AAe?$AAt?$AAe?$AAc?$AAt?$AA?$AA@ 10003f9c     mimedb.obj
 0001:00002fb8       ?MimeCharSet@@3QBUtagMIMEREGCHARSET@@B 10003fb8     mimedb.obj
 0001:00004c18       ??_C@_1M@EMMHKBBH@?$AAy?$AAo?$AA?9?$AAN?$AAG?$AA?$AA@ 10005c18     enumcp.obj
 0001:00004c24       ??_C@_15BFFOFAA@?$AAy?$AAo?$AA?$AA@ 10005c24     enumcp.obj
 0001:00004c2c       ??_C@_1M@IMFHGAPI@?$AAi?$AAi?$AA?9?$AAC?$AAN?$AA?$AA@ 10005c2c     enumcp.obj
 0001:00004c38       ??_C@_15CHOILIEH@?$AAi?$AAi?$AA?$AA@ 10005c38     enumcp.obj
 0001:00004c40       ??_C@_1O@BGGLFFKO@?$AAs?$AAa?$AAh?$AA?9?$AAR?$AAU?$AA?$AA@ 10005c40     enumcp.obj
 0001:00004c50       ??_C@_17IFDILFPG@?$AAs?$AAa?$AAh?$AA?$AA@ 10005c50     enumcp.obj
 0001:00004c58       ??_C@_1M@GHLGCMMG@?$AAw?$AAo?$AA?9?$AAS?$AAN?$AA?$AA@ 10005c58     enumcp.obj
 0001:00004c64       ??_C@_15DLFPIEHA@?$AAw?$AAo?$AA?$AA@ 10005c64     enumcp.obj
 0001:00004c6c       ??_C@_1M@JAIJPENP@?$AAc?$AAy?$AA?9?$AAG?$AAB?$AA?$AA@ 10005c6c     enumcp.obj
 0001:00004c78       ??_C@_15NGGKMMLO@?$AAc?$AAy?$AA?$AA@ 10005c78     enumcp.obj
 0001:00004c80       ??_C@_1M@KBMAIBFN@?$AAv?$AAi?$AA?9?$AAV?$AAN?$AA?$AA@ 10005c80     enumcp.obj
 0001:00004c8c       ??_C@_15NFGIAIAJ@?$AAv?$AAi?$AA?$AA@ 10005c8c     enumcp.obj
 0001:00004c94       ??_C@_1BG@CLCPAKGH@?$AAu?$AAz?$AA?9?$AAL?$AAa?$AAt?$AAn?$AA?9?$AAU?$AAZ?$AA?$AA@ 10005c94     enumcp.obj
 0001:00004cac       ??_C@_1BG@BLOGDKNK@?$AAu?$AAz?$AA?9?$AAC?$AAy?$AAr?$AAl?$AA?9?$AAU?$AAZ?$AA?$AA@ 10005cac     enumcp.obj
 0001:00004cc4       ??_C@_15BBFAICNG@?$AAu?$AAz?$AA?$AA@ 10005cc4     enumcp.obj
 0001:00004ccc       ??_C@_1M@OIJHDKJN@?$AAu?$AAr?$AA?9?$AAP?$AAK?$AA?$AA@ 10005ccc     enumcp.obj
 0001:00004cd8       ??_C@_15NEOEKKDJ@?$AAu?$AAr?$AA?$AA@ 10005cd8     enumcp.obj
 0001:00004ce0       ??_C@_1O@ENHGAHJM@?$AAh?$AAs?$AAb?$AA?9?$AAD?$AAE?$AA?$AA@ 10005ce0     enumcp.obj
 0001:00004cf0       ??_C@_1M@MFMOBGI@?$AAu?$AAk?$AA?9?$AAU?$AAA?$AA?$AA@ 10005cf0     enumcp.obj
 0001:00004cfc       ??_C@_15PJPFLCCM@?$AAu?$AAk?$AA?$AA@ 10005cfc     enumcp.obj
 0001:00004d04       ??_C@_1M@JLIMPADG@?$AAu?$AAg?$AA?9?$AAC?$AAN?$AA?$AA@ 10005d04     enumcp.obj
 0001:00004d10       ??_C@_15LDCDANJE@?$AAu?$AAg?$AA?$AA@ 10005d10     enumcp.obj
 0001:00004d18       ??_C@_1M@BGHDMBBK@?$AAt?$AAk?$AA?9?$AAT?$AAM?$AA?$AA@ 10005d18     enumcp.obj
 0001:00004d24       ??_C@_15DCKJGBIJ@?$AAt?$AAk?$AA?$AA@ 10005d24     enumcp.obj
 0001:00004d2c       ??_C@_1M@LJAJBNNK@?$AAt?$AAr?$AA?$DN?$AAT?$AAR?$AA?$AA@ 10005d2c     enumcp.obj
 0001:00004d38       ??_C@_15BPLIHJJM@?$AAt?$AAr?$AA?$AA@ 10005d38     enumcp.obj
 0001:00004d40       ??_C@_1M@PANLLELB@?$AAb?$AAo?$AA?9?$AAC?$AAN?$AA?$AA@ 10005d40     enumcp.obj
 0001:00004d4c       ??_C@_15GIEEBHFI@?$AAb?$AAo?$AA?$AA@ 10005d4c     enumcp.obj
 0001:00004d54       ??_C@_1M@MKJKIKCL@?$AAt?$AAh?$AA?9?$AAT?$AAH?$AA?$AA@ 10005d54     enumcp.obj
 0001:00004d60       ??_C@_15CABMMOGH@?$AAt?$AAh?$AA?$AA@ 10005d60     enumcp.obj
 0001:00004d68       ??_C@_1M@KFEHEPAC@?$AAt?$AAe?$AA?9?$AAI?$AAN?$AA?$AA@ 10005d68     enumcp.obj
 0001:00004d74       ??_C@_15NCHGBGLK@?$AAt?$AAe?$AA?$AA@ 10005d74     enumcp.obj
 0001:00004d7c       ??_C@_1M@IDCCIHBC@?$AAt?$AAt?$AA?9?$AAR?$AAU?$AA?$AA@ 10005d7c     enumcp.obj
 0001:00004d88       ??_C@_15DKNDCGEA@?$AAt?$AAt?$AA?$AA@ 10005d88     enumcp.obj
 0001:00004d90       ??_C@_1M@KMKMOPHI@?$AAt?$AAa?$AA?9?$AAI?$AAN?$AA?$AA@ 10005d90     enumcp.obj
 0001:00004d9c       ??_C@_15FNBEIBON@?$AAt?$AAa?$AA?$AA@ 10005d9c     enumcp.obj
 0001:00004da4       ??_C@_1BI@PLDCFAMC@?$AAt?$AAz?$AAm?$AA?9?$AAL?$AAa?$AAt?$AAn?$AA?9?$AAD?$AAZ?$AA?$AA@ 10005da4     enumcp.obj
 0001:00004dbc       ??_C@_17NBDCLOIF@?$AAt?$AAz?$AAm?$AA?$AA@ 10005dbc     enumcp.obj
 0001:00004dc4       ??_C@_1BG@FLBENHFI@?$AAt?$AAg?$AA?9?$AAC?$AAY?$AAR?$AAL?$AA?9?$AAT?$AAJ?$AA?$AA@ 10005dc4     enumcp.obj
 0001:00004ddc       ??_C@_15HIHPNODB@?$AAt?$AAg?$AA?$AA@ 10005ddc     enumcp.obj
 0001:00004de4       ??_C@_1O@KNHJLDJA@?$AAs?$AAy?$AAr?$AA?9?$AAS?$AAY?$AA?$AA@ 10005de4     enumcp.obj
 0001:00004df4       ??_C@_17FFBJICPL@?$AAs?$AAy?$AAr?$AA?$AA@ 10005df4     enumcp.obj
 0001:00004dfc       ??_C@_1M@GIAKDKJK@?$AAs?$AAv?$AA?9?$AAS?$AAE?$AA?$AA@ 10005dfc     enumcp.obj
 0001:00004e08       ??_C@_1M@HBMHBGAK@?$AAs?$AAv?$AA?9?$AAF?$AAI?$AA?$AA@ 10005e08     enumcp.obj
 0001:00004e14       ??_C@_15INNPNOHD@?$AAs?$AAv?$AA?$AA@ 10005e14     enumcp.obj
 0001:00004e1c       ??_C@_1M@DNMLCIHB@?$AAe?$AAs?$AA?9?$AAV?$AAE?$AA?$AA@ 10005e1c     enumcp.obj
 0001:00004e28       ??_C@_1M@KBJALCPI@?$AAe?$AAs?$AA?9?$AAU?$AAY?$AA?$AA@ 10005e28     enumcp.obj
 0001:00004e34       ??_C@_1M@MOCNFCJM@?$AAe?$AAs?$AA?9?$AAU?$AAS?$AA?$AA@ 10005e34     enumcp.obj
 0001:00004e40       ??_C@_1BK@GHOONNCJ@?$AAe?$AAs?$AA?9?$AAE?$AAS?$AA_?$AAt?$AAr?$AAa?$AAd?$AAn?$AAl?$AA?$AA@ 10005e40     enumcp.obj
 0001:00004e5c       ??_C@_1M@MNPLFAAH@?$AAe?$AAs?$AA?9?$AAE?$AAS?$AA?$AA@ 10005e5c     enumcp.obj
 0001:00004e68       ??_C@_1M@CGFMKEEK@?$AAe?$AAs?$AA?9?$AAP?$AAR?$AA?$AA@ 10005e68     enumcp.obj
 0001:00004e74       ??_C@_1M@OLJCMLGM@?$AAe?$AAs?$AA?9?$AAP?$AAE?$AA?$AA@ 10005e74     enumcp.obj
 0001:00004e80       ??_C@_1M@PBFNCDEL@?$AAe?$AAs?$AA?9?$AAP?$AAY?$AA?$AA@ 10005e80     enumcp.obj
 0001:00004e8c       ??_C@_1M@GEPAFMDL@?$AAe?$AAs?$AA?9?$AAP?$AAA?$AA?$AA@ 10005e8c     enumcp.obj
 0001:00004e98       ??_C@_1M@JIJIBHDP@?$AAe?$AAs?$AA?9?$AAN?$AAI?$AA?$AA@ 10005e98     enumcp.obj
 0001:00004ea4       ??_C@_1M@PGKJFFGL@?$AAe?$AAs?$AA?9?$AAM?$AAX?$AA?$AA@ 10005ea4     enumcp.obj
 0001:00004eb0       ??_C@_1M@NDBGMMJL@?$AAe?$AAs?$AA?9?$AAH?$AAN?$AA?$AA@ 10005eb0     enumcp.obj
 0001:00004ebc       ??_C@_1M@BNOEMJLF@?$AAe?$AAs?$AA?9?$AAG?$AAT?$AA?$AA@ 10005ebc     enumcp.obj
 0001:00004ec8       ??_C@_1M@CPKKEBLD@?$AAe?$AAs?$AA?9?$AAS?$AAV?$AA?$AA@ 10005ec8     enumcp.obj
 0001:00004ed4       ??_C@_1M@JNOCAHJI@?$AAe?$AAs?$AA?9?$AAE?$AAC?$AA?$AA@ 10005ed4     enumcp.obj
 0001:00004ee0       ??_C@_1M@BMGIGLIF@?$AAe?$AAs?$AA?9?$AAD?$AAO?$AA?$AA@ 10005ee0     enumcp.obj
 0001:00004eec       ??_C@_1M@KDBONEHP@?$AAe?$AAs?$AA?9?$AAC?$AAR?$AA?$AA@ 10005eec     enumcp.obj
 0001:00004ef8       ??_C@_1M@BGNFLDN@?$AAe?$AAs?$AA?9?$AAC?$AAO?$AA?$AA@ 10005ef8     enumcp.obj
 0001:00004f04       ??_C@_1M@BDNIPEND@?$AAe?$AAs?$AA?9?$AAC?$AAL?$AA?$AA@ 10005f04     enumcp.obj
 0001:00004f10       ??_C@_1M@MKDBIIJI@?$AAe?$AAs?$AA?9?$AAB?$AAO?$AA?$AA@ 10005f10     enumcp.obj
 0001:00004f1c       ??_C@_1M@OONGHFHE@?$AAe?$AAs?$AA?9?$AAA?$AAR?$AA?$AA@ 10005f1c     enumcp.obj
 0001:00004f28       ??_C@_15GPIOMPMH@?$AAe?$AAs?$AA?$AA@ 10005f28     enumcp.obj
 0001:00004f30       ??_C@_17IFEKNLHP@?$AAh?$AAs?$AAb?$AA?$AA@ 10005f30     enumcp.obj
 0001:00004f38       ??_C@_1M@BCFAJEAD@?$AAs?$AAl?$AA?9?$AAS?$AAI?$AA?$AA@ 10005f38     enumcp.obj
 0001:00004f44       ??_C@_15LCHLGJII@?$AAs?$AAl?$AA?$AA@ 10005f44     enumcp.obj
 0001:00004f4c       ??_C@_1M@FKIFEHPB@?$AAs?$AAk?$AA?9?$AAS?$AAK?$AA?$AA@ 10005f4c     enumcp.obj
 0001:00004f58       ??_C@_15CPKMFBDB@?$AAs?$AAk?$AA?$AA@ 10005f58     enumcp.obj
 0001:00004f60       ??_C@_1M@KMPACHIC@?$AAs?$AAi?$AA?9?$AAL?$AAK?$AA?$AA@ 10005f60     enumcp.obj
 0001:00004f6c       ??_C@_15IFKFJJLK@?$AAs?$AAi?$AA?$AA@ 10005f6c     enumcp.obj
 0001:00004f74       ??_C@_1M@IAIGNEJG@?$AAt?$AAn?$AA?9?$AAZ?$AAA?$AA?$AA@ 10005f74     enumcp.obj
 0001:00004f80       ??_C@_15FHHJBLL@?$AAt?$AAn?$AA?$AA@ 10005f80     enumcp.obj
 0001:00004f88       ??_C@_1O@PGPEDDCG@?$AAn?$AAs?$AAo?$AA?9?$AAZ?$AAA?$AA?$AA@ 10005f88     enumcp.obj
 0001:00004f98       ??_C@_17LBEPAKCF@?$AAn?$AAs?$AAo?$AA?$AA@ 10005f98     enumcp.obj
 0001:00004fa0       ??_C@_1BG@GMICCIFJ@?$AAs?$AAr?$AA?9?$AAL?$AAa?$AAt?$AAn?$AA?9?$AAC?$AAS?$AA?$AA@ 10005fa0     enumcp.obj
 0001:00004fb8       ??_C@_1BG@FNMOGEOI@?$AAs?$AAr?$AA?9?$AAL?$AAa?$AAt?$AAn?$AA?9?$AAB?$AAA?$AA?$AA@ 10005fb8     enumcp.obj
 0001:00004fd0       ??_C@_1BG@FMELBIOE@?$AAs?$AAr?$AA?9?$AAC?$AAy?$AAr?$AAl?$AA?9?$AAC?$AAS?$AA?$AA@ 10005fd0     enumcp.obj
 0001:00004fe8       ??_C@_1BG@GNAHFEFF@?$AAs?$AAr?$AA?9?$AAC?$AAy?$AAr?$AAl?$AA?9?$AAB?$AAA?$AA?$AA@ 10005fe8     enumcp.obj
 0001:00005000       ??_C@_15CLNEJCE@?$AAs?$AAr?$AA?$AA@ 10006000     enumcp.obj
 0001:00005008       ??_C@_1M@NIDEAGPH@?$AAs?$AAa?$AA?9?$AAI?$AAN?$AA?$AA@ 10006008     enumcp.obj
 0001:00005014       ??_C@_15EABBLBFF@?$AAs?$AAa?$AA?$AA@ 10006014     enumcp.obj
 0001:0000501c       ??_C@_1O@HEDBLHNP@?$AAs?$AAm?$AAa?$AA?9?$AAS?$AAE?$AA?$AA@ 1000601c     enumcp.obj
 0001:0000502c       ??_C@_1O@KEMEEGPO@?$AAs?$AAm?$AAa?$AA?9?$AAN?$AAO?$AA?$AA@ 1000602c     enumcp.obj
 0001:0000503c       ??_C@_1O@EOKHMKJK@?$AAs?$AAm?$AAs?$AA?9?$AAF?$AAI?$AA?$AA@ 1000603c     enumcp.obj
 0001:0000504c       ??_C@_1M@KEJDAAHB@?$AAs?$AAe?$AA?9?$AAS?$AAE?$AA?$AA@ 1000604c     enumcp.obj
 0001:00005058       ??_C@_1M@HEGGPBFA@?$AAs?$AAe?$AA?9?$AAN?$AAO?$AA?$AA@ 10006058     enumcp.obj
 0001:00005064       ??_C@_1M@LNFOCMOB@?$AAs?$AAe?$AA?9?$AAF?$AAI?$AA?$AA@ 10006064     enumcp.obj
 0001:00005070       ??_C@_1O@IMNBEMCI@?$AAs?$AAm?$AAj?$AA?9?$AAS?$AAE?$AA?$AA@ 10006070     enumcp.obj
 0001:00005080       ??_C@_1O@FMCELNAJ@?$AAs?$AAm?$AAj?$AA?9?$AAN?$AAO?$AA?$AA@ 10006080     enumcp.obj
 0001:00005090       ??_C@_1O@JMPHMAMC@?$AAs?$AAm?$AAn?$AA?9?$AAF?$AAI?$AA?$AA@ 10006090     enumcp.obj
 0001:000050a0       ??_C@_15MPHDCGAC@?$AAs?$AAe?$AA?$AA@ 100060a0     enumcp.obj
 0001:000050a8       ??_C@_1M@IDNNEJMM@?$AAr?$AAu?$AA?9?$AAR?$AAU?$AA?$AA@ 100060a8     enumcp.obj
 0001:000050b4       ??_C@_15FEDGKCDI@?$AAr?$AAu?$AA?$AA@ 100060b4     enumcp.obj
 0001:000050bc       ??_C@_1M@NNFNNGKM@?$AAr?$AAm?$AA?9?$AAC?$AAH?$AA?$AA@ 100060bc     enumcp.obj
 0001:000050c8       ??_C@_15MBJLNNEI@?$AAr?$AAm?$AA?$AA@ 100060c8     enumcp.obj
 0001:000050d0       ??_C@_1M@IMPFOPBG@?$AAr?$AAo?$AA?9?$AAR?$AAO?$AA?$AA@ 100060d0     enumcp.obj
 0001:000050dc       ??_C@_15GLJCBFMD@?$AAr?$AAo?$AA?$AA@ 100060dc     enumcp.obj
 0001:000050e4       ??_C@_1O@MGJBOAMB@?$AAq?$AAu?$AAz?$AA?9?$AAP?$AAE?$AA?$AA@ 100060e4     enumcp.obj
 0001:000050f4       ??_C@_1O@LAOBCMDF@?$AAq?$AAu?$AAz?$AA?9?$AAE?$AAC?$AA?$AA@ 100060f4     enumcp.obj
 0001:00005104       ??_C@_1O@OHDCKDDF@?$AAq?$AAu?$AAz?$AA?9?$AAB?$AAO?$AA?$AA@ 10006104     enumcp.obj
 0001:00005114       ??_C@_17KFEKGNBC@?$AAq?$AAu?$AAz?$AA?$AA@ 10006114     enumcp.obj
 0001:0000511c       ??_C@_1M@KPKKNEAH@?$AAp?$AAa?$AA?9?$AAI?$AAN?$AA?$AA@ 1000611c     enumcp.obj
 0001:00005128       ??_C@_15MGIFMDPL@?$AAp?$AAa?$AA?$AA@ 10006128     enumcp.obj
 0001:00005130       ??_C@_1M@HFFAHKAD@?$AAp?$AAt?$AA?9?$AAP?$AAT?$AA?$AA@ 10006130     enumcp.obj
 0001:0000513c       ??_C@_1M@BOCFIGEP@?$AAp?$AAt?$AA?9?$AAB?$AAR?$AA?$AA@ 1000613c     enumcp.obj
 0001:00005148       ??_C@_15KBECGEFG@?$AAp?$AAt?$AA?$AA@ 10006148     enumcp.obj
 0001:00005150       ??_C@_1M@NEIEMEGP@?$AAp?$AAl?$AA?9?$AAP?$AAL?$AA?$AA@ 10006150     enumcp.obj
 0001:0000515c       ??_C@_15DEOPBLCG@?$AAp?$AAl?$AA?$AA@ 1000615c     enumcp.obj
 0001:00005164       ??_C@_1M@FGEAHEDM@?$AAf?$AAa?$AA?9?$AAI?$AAR?$AA?$AA@ 10006164     enumcp.obj
 0001:00005170       ??_C@_15BDAKCCHN@?$AAf?$AAa?$AA?$AA@ 10006170     enumcp.obj
 0001:00005178       ??_C@_1M@KFBGCPFA@?$AAp?$AAs?$AA?9?$AAA?$AAF?$AA?$AA@ 10006178     enumcp.obj
 0001:00005184       ??_C@_15DMJFFMOP@?$AAp?$AAs?$AA?$AA@ 10006184     enumcp.obj
 0001:0000518c       ??_C@_1M@BNLPJMGB@?$AAo?$AAr?$AA?9?$AAI?$AAN?$AA?$AA@ 1000618c     enumcp.obj
 0001:00005198       ??_C@_15HGKJILME@?$AAo?$AAr?$AA?$AA@ 10006198     enumcp.obj
 0001:000051a0       ??_C@_1M@DOEKCMEF@?$AAo?$AAc?$AA?9?$AAF?$AAR?$AA?$AA@ 100061a0     enumcp.obj
 0001:000051ac       ??_C@_15JOAMLLDO@?$AAo?$AAc?$AA?$AA@ 100061ac     enumcp.obj
 0001:000051b4       ??_C@_1M@BODBOGLF@?$AAn?$AAn?$AA?9?$AAN?$AAO?$AA?$AA@ 100061b4     enumcp.obj
 0001:000051c0       ??_C@_1M@EANAGDL@?$AAn?$AAb?$AA?9?$AAN?$AAO?$AA?$AA@ 100061c0     enumcp.obj
 0001:000051cc       ??_C@_15BPIGNHCD@?$AAn?$AAo?$AA?$AA@ 100061cc     enumcp.obj
 0001:000051d4       ??_C@_1M@OOKLFKIL@?$AAn?$AAe?$AA?9?$AAN?$AAP?$AA?$AA@ 100061d4     enumcp.obj
 0001:000051e0       ??_C@_15HADLDHEH@?$AAn?$AAe?$AA?$AA@ 100061e0     enumcp.obj
 0001:000051e8       ??_C@_1BG@OAINONFC@?$AAm?$AAn?$AA?9?$AAM?$AAo?$AAn?$AAg?$AA?9?$AAC?$AAN?$AA?$AA@ 100061e8     enumcp.obj
 0001:00005200       ??_C@_1M@FHIHCBIO@?$AAm?$AAn?$AA?9?$AAM?$AAN?$AA?$AA@ 10006200     enumcp.obj
 0001:0000520c       ??_C@_15CBKOMCOI@?$AAm?$AAn?$AA?$AA@ 1000620c     enumcp.obj
 0001:00005214       ??_C@_1O@EFICPOKK@?$AAm?$AAo?$AAh?$AA?9?$AAC?$AAA?$AA?$AA@ 10006214     enumcp.obj
 0001:00005224       ??_C@_17NGADPHJP@?$AAm?$AAo?$AAh?$AA?$AA@ 10006224     enumcp.obj
 0001:0000522c       ??_C@_1M@PBIEACPO@?$AAm?$AAr?$AA?9?$AAI?$AAN?$AA?$AA@ 1000622c     enumcp.obj
 0001:00005238       ??_C@_15DLGBCKMP@?$AAm?$AAr?$AA?$AA@ 10006238     enumcp.obj
 0001:00005240       ??_C@_1O@CLECLAP@?$AAa?$AAr?$AAn?$AA?9?$AAC?$AAL?$AA?$AA@ 10006240     enumcp.obj
 0001:00005250       ??_C@_17BLIPKMEJ@?$AAa?$AAr?$AAn?$AA?$AA@ 10006250     enumcp.obj
 0001:00005258       ??_C@_1M@OMLEIIJB@?$AAm?$AAi?$AA?9?$AAN?$AAZ?$AA?$AA@ 10006258     enumcp.obj
 0001:00005264       ??_C@_15LMHJPKFB@?$AAm?$AAi?$AA?$AA@ 10006264     enumcp.obj
 0001:0000526c       ??_C@_1M@FIKPIHFE@?$AAm?$AAt?$AA?9?$AAM?$AAT?$AA?$AA@ 1000626c     enumcp.obj
 0001:00005278       ??_C@_15BOAKHFBD@?$AAm?$AAt?$AA?$AA@ 10006278     enumcp.obj
 0001:00005280       ??_C@_1M@MIODLDKF@?$AAm?$AAl?$AA?9?$AAI?$AAN?$AA?$AA@ 10006280     enumcp.obj
 0001:0000528c       ??_C@_15ILKHAKGD@?$AAm?$AAl?$AA?$AA@ 1000628c     enumcp.obj
 0001:00005294       ??_C@_1M@EIBJEEPA@?$AAm?$AAs?$AA?9?$AAM?$AAY?$AA?$AA@ 10006294     enumcp.obj
 0001:000052a0       ??_C@_1M@HEIBJJAD@?$AAm?$AAs?$AA?9?$AAB?$AAN?$AA?$AA@ 100062a0     enumcp.obj
 0001:000052ac       ??_C@_15IDNNENKK@?$AAm?$AAs?$AA?$AA@ 100062ac     enumcp.obj
 0001:000052b4       ??_C@_1M@IGHABKPI@?$AAm?$AAk?$AA?9?$AAM?$AAK?$AA?$AA@ 100062b4     enumcp.obj
 0001:000052c0       ??_C@_15BGHADCNK@?$AAm?$AAk?$AA?$AA@ 100062c0     enumcp.obj
 0001:000052c8       ??_C@_1M@JKFKIOFE@?$AAl?$AAb?$AA?9?$AAL?$AAU?$AA?$AA@ 100062c8     enumcp.obj
 0001:000052d4       ??_C@_15KACEKOPF@?$AAl?$AAb?$AA?$AA@ 100062d4     enumcp.obj
 0001:000052dc       ??_C@_1O@GHIDJGLB@?$AAd?$AAs?$AAb?$AA?9?$AAD?$AAE?$AA?$AA@ 100062dc     enumcp.obj
 0001:000052ec       ??_C@_1M@IFGBIJO@?$AAl?$AAt?$AA?9?$AAL?$AAT?$AA?$AA@ 100062ec     enumcp.obj
 0001:000052f8       ??_C@_15NFFGKGLG@?$AAl?$AAt?$AA?$AA@ 100062f8     enumcp.obj
 0001:00005300       ??_C@_1M@KGKKAACI@?$AAl?$AAv?$AA?9?$AAL?$AAV?$AA?$AA@ 10006300     enumcp.obj
 0001:0000530c       ??_C@_15HPFPGODN@?$AAl?$AAv?$AA?$AA@ 1000630c     enumcp.obj
 0001:00005314       ??_C@_1M@LANPMFCM@?$AAl?$AAo?$AA?9?$AAL?$AAA?$AA?$AA@ 10006314     enumcp.obj
 0001:00005320       ??_C@_15FCEOHGCI@?$AAl?$AAo?$AA?$AA@ 10006320     enumcp.obj
 0001:00005328       ??_C@_1M@NGJJLCGI@?$AAk?$AAy?$AA?9?$AAK?$AAG?$AA?$AA@ 10006328     enumcp.obj
 0001:00005334       ??_C@_15DKDJEOND@?$AAk?$AAy?$AA?$AA@ 10006334     enumcp.obj
 0001:0000533c       ??_C@_1M@JLOOOEGK@?$AAk?$AAo?$AA?9?$AAK?$AAR?$AA?$AA@ 1000633c     enumcp.obj
 0001:00005348       ??_C@_15EPELEGJA@?$AAk?$AAo?$AA?$AA@ 10006348     enumcp.obj
 0001:00005350       ??_C@_1O@KPIPDNCP@?$AAk?$AAo?$AAk?$AA?9?$AAI?$AAN?$AA?$AA@ 10006350     enumcp.obj
 0001:00005360       ??_C@_17CNJFBPG@?$AAk?$AAo?$AAk?$AA?$AA@ 10006360     enumcp.obj
 0001:00005368       ??_C@_1M@GIENNBFC@?$AAs?$AAw?$AA?9?$AAK?$AAE?$AA?$AA@ 10006368     enumcp.obj
 0001:00005374       ??_C@_15DFGDLJBG@?$AAs?$AAw?$AA?$AA@ 10006374     enumcp.obj
 0001:0000537c       ??_C@_1M@CNCBFBHK@?$AAr?$AAw?$AA?9?$AAR?$AAW?$AA?$AA@ 1000637c     enumcp.obj
 0001:00005388       ??_C@_15PODPGKLD@?$AAr?$AAw?$AA?$AA@ 10006388     enumcp.obj
[...]
 0001:00022c3c       CreateStreamOnHGlobal      10023c3c f   ole32:ole32.dll
 0001:00022c4c       ?Term@CAtlComModule@ATL@@QAAXXZ 10023c4c f i atls:atlcommodule.obj
 0001:00022cb0       ??0CAtlComModule@ATL@@QAA@XZ 10023cb0 f i atls:atlcommodule.obj
 0001:00022d40       AtlRawDllMain              10023d40 f   atls:atlbase.obj
 0001:00022dc8       ??1CAtlBaseModule@ATL@@QAA@XZ 10023dc8 f   atls:atlbase.obj
 0001:00022e00       ??0CAtlBaseModule@ATL@@QAA@XZ 10023e00 f   atls:atlbase.obj
 0001:00022f8c       _DllMainCRTStartup         10023f8c f   corelib0:pegdmain.obj
 0001:00022fb8       __GSHandlerCheckCommon     10023fb8 f   corelib0:gshandler.obj
 0001:00022ff4       __GSHandlerCheck           10023ff4 f   corelib0:gshandler.obj
 0001:00023014       __security_init_cookie     10024014 f   corelib0:seccinit.obj
 0001:00023060       __security_check_cookie    10024060 f   corelib0:armsecgs.obj
 0001:00023070       __gsfailure                10024070     corelib0:armsecgs.obj
 0001:000230bc       _onexit                    100240bc f   corelib0:onexit.obj
 0001:00023240       atexit                     10024240 f   corelib0:onexit.obj
 0001:00023258       __GSHandlerCheck_SEH       10024258 f   corelib0:gshandlerseh.obj
 0001:0002338c       _cexit                     1002438c f   corelib0:cexit.obj
 0001:0002339c       _initterm                  1002439c f   corelib0:crt0dat.obj
 0001:000233c8       _cinit                     100243c8 f   corelib0:crt0dat.obj
 0001:00023428       __crt_ExitProcess          10024428 f   corelib0:exitproc_proxy.obj
 0001:00023434       strlen                     10024434 f   corelib1:COREDLL.dll
 0001:00023444       memset                     10024444 f   corelib1:COREDLL.dll
 0001:00023454       __C_specific_handler       10024454 f   corelib1:COREDLL.dll
 0001:00023464       ??3@YAXPAX@Z               10024464 f   corelib1:COREDLL.dll
 0001:00023474       ??2@YAPAXI@Z               10024474 f   corelib1:COREDLL.dll
 0001:00023484       _purecall                  10024484 f   corelib1:COREDLL.dll
 0001:00023494       free                       10024494 f   corelib1:COREDLL.dll
 0001:000234a4       malloc                     100244a4 f   corelib1:COREDLL.dll
 0001:000234b4       wcsstr                     100244b4 f   corelib1:COREDLL.dll
 0001:000234c4       wcslen                     100244c4 f   corelib1:COREDLL.dll
 0001:000234d4       memcpy_s                   100244d4 f   corelib1:COREDLL.dll
 0001:000234e4       wcsncpy_s                  100244e4 f   corelib1:COREDLL.dll
 0001:000234f4       _recalloc                  100244f4 f   corelib1:COREDLL.dll
 0001:00023504       wcschr                     10024504 f   corelib1:COREDLL.dll
 0001:00023514       memcpy                     10024514 f   corelib1:COREDLL.dll
 0001:00023524       memcmp                     10024524 f   corelib1:COREDLL.dll
 0001:00023534       strstr                     10024534 f   corelib1:COREDLL.dll
 0001:00023544       memmove                    10024544 f   corelib1:COREDLL.dll
 0001:00023554       _ultoa_s                   10024554 f   corelib1:COREDLL.dll
 0001:00023564       _wtoi                      10024564 f   corelib1:COREDLL.dll
 0001:00023574       strncmp                    10024574 f   corelib1:COREDLL.dll
 0001:00023584       strcmp                     10024584 f   corelib1:COREDLL.dll
 0001:00023594       _XcptFilter                10024594 f   corelib1:COREDLL.dll
 0001:000235a4       __security_gen_cookie2     100245a4 f   corelib1:COREDLL.dll
 0001:000235b4       __report_gsfailure         100245b4 f   corelib1:COREDLL.dll
 0001:000235c4       realloc                    100245c4 f   corelib1:COREDLL.dll
 0001:000235d4       _msize                     100245d4 f   corelib1:COREDLL.dll
 0001:000235e4       InterlockedCompareExchange 100245e4 f   coredll:COREDLL.dll
 0001:000235f4       InterlockedExchange        100245f4 f   coredll:COREDLL.dll
 0001:00023604       TerminateProcess           10024604 f   coredll:COREDLL.dll
 0001:000237e4       __pobjMapEntryFirst        100247e4     init.obj
 0001:000237e8       __pobjMapEntryLast         100247e8     init.obj
 0001:000237ec       __IMPORT_DESCRIPTOR_COREDLL 100247ec     coredll:COREDLL.dll
 0001:00023800       __IMPORT_DESCRIPTOR_OLEAUT32 10024800     oleaut32:OLEAUT32.dll
 0001:00023814       __IMPORT_DESCRIPTOR_ole32  10024814     ole32:ole32.dll
 0001:00023828       __NULL_IMPORT_DESCRIPTOR   10024828     coredll:COREDLL.dll
 0002:00000000       __imp_GetProcAddressW      10025000     coredll:COREDLL.dll
 0002:00000004       __imp_LoadLibraryW         10025004     coredll:COREDLL.dll
 0002:00000008       __imp_LocalFree            10025008     coredll:COREDLL.dll
 0002:0000000c       __imp_LocalAlloc           1002500c     coredll:COREDLL.dll
 0002:00000010       __imp_MultiByteToWideChar  10025010     coredll:COREDLL.dll
 0002:00000014       __imp_RaiseException       10025014     coredll:COREDLL.dll
 0002:00000018       __imp_EnterCriticalSection 10025018     coredll:COREDLL.dll
 0002:0000001c       __imp_LeaveCriticalSection 1002501c     coredll:COREDLL.dll
 0002:00000020       __imp_InitializeCriticalSection 10025020     coredll:COREDLL.dll
 0002:00000024       __imp_DeleteCriticalSection 10025024     coredll:COREDLL.dll
 0002:00000028       __imp_InterlockedIncrement 10025028     coredll:COREDLL.dll
 0002:0000002c       __imp_InterlockedDecrement 1002502c     coredll:COREDLL.dll
 0002:00000030       __imp_FreeLibrary          10025030     coredll:COREDLL.dll
 0002:00000034       __imp_GetACP               10025034     coredll:COREDLL.dll
 0002:00000038       __imp_DisableThreadLibraryCalls 10025038     coredll:COREDLL.dll
 0002:0000003c       __imp_GetLastError         1002503c     coredll:COREDLL.dll
 0002:00000040       __imp_RegDeleteKeyW        10025040     coredll:COREDLL.dll
 0002:00000044       __imp_RegDeleteValueW      10025044     coredll:COREDLL.dll
 0002:00000048       __imp_RegCloseKey          10025048     coredll:COREDLL.dll
 0002:0000004c       __imp_RegCreateKeyExW      1002504c     coredll:COREDLL.dll
 0002:00000050       __imp_RegOpenKeyExW        10025050     coredll:COREDLL.dll
 0002:00000054       __imp_RegSetValueExW       10025054     coredll:COREDLL.dll
 0002:00000058       __imp_lstrcmpiW            10025058     coredll:COREDLL.dll
 0002:0000005c       __imp_CharNextW            1002505c     coredll:COREDLL.dll
 0002:00000060       __imp_RegQueryInfoKeyW     10025060     coredll:COREDLL.dll
 0002:00000064       __imp_RegEnumKeyExW        10025064     coredll:COREDLL.dll
 0002:00000068       __imp_SizeofResource       10025068     coredll:COREDLL.dll
 0002:0000006c       __imp_LoadResource         1002506c     coredll:COREDLL.dll
 0002:00000070       __imp_FindResourceW        10025070     coredll:COREDLL.dll
 0002:00000074       __imp_LoadLibraryExW       10025074     coredll:COREDLL.dll
 0002:00000078       __imp_GetModuleHandleW     10025078     coredll:COREDLL.dll
 0002:0000007c       __imp_GetModuleFileNameW   1002507c     coredll:COREDLL.dll
 0002:00000080       __imp_IsValidCodePage      10025080     coredll:COREDLL.dll
 0002:00000084       __imp_CharLowerW           10025084     coredll:COREDLL.dll
 0002:00000088       __imp_GetLocaleInfoW       10025088     coredll:COREDLL.dll
 0002:0000008c       __imp_StringCchCopyW       1002508c     coredll:COREDLL.dll
 0002:00000090       __imp_GetSystemDefaultLangID 10025090     coredll:COREDLL.dll
 0002:00000094       __imp_IsDBCSLeadByteEx     10025094     coredll:COREDLL.dll
 0002:00000098       __imp_WideCharToMultiByte  10025098     coredll:COREDLL.dll
 0002:0000009c       __imp_StringCchCopyA       1002509c     coredll:COREDLL.dll
 0002:000000a0       __imp_LocalReAlloc         100250a0     coredll:COREDLL.dll
 0002:000000a4       __imp_DeleteObject         100250a4     coredll:COREDLL.dll
 0002:000000a8       __imp_RegQueryValueExW     100250a8     coredll:COREDLL.dll
 0002:000000ac       __imp_StringCchPrintfW     100250ac     coredll:COREDLL.dll
 0002:000000b0       __imp_GetTextFaceW         100250b0     coredll:COREDLL.dll
 0002:000000b4       __imp_SelectObject         100250b4     coredll:COREDLL.dll
 0002:000000b8       __imp_CreateFontIndirectW  100250b8     coredll:COREDLL.dll
 0002:000000bc       __imp_CompareStringW       100250bc     coredll:COREDLL.dll
 0002:000000c0       __imp_EnumFontFamiliesExW  100250c0     coredll:COREDLL.dll
 0002:000000c4       __imp_GetObjectW           100250c4     coredll:COREDLL.dll
 0002:000000c8       __imp_GetDeviceCaps        100250c8     coredll:COREDLL.dll
 0002:000000cc       __imp___GetUserKData       100250cc     coredll:COREDLL.dll
 0002:000000d0       __imp_StringCchCatW        100250d0     coredll:COREDLL.dll
 0002:000000d4       __imp_VerQueryValueW       100250d4     coredll:COREDLL.dll
 0002:000000d8       __imp_GetFileVersionInfoW  100250d8     coredll:COREDLL.dll
 0002:000000dc       __imp_GetFileVersionInfoSizeW 100250dc     coredll:COREDLL.dll
 0002:000000e0       __imp_CloseHandle          100250e0     coredll:COREDLL.dll
 0002:000000e4       __imp_UnmapViewOfFile      100250e4     coredll:COREDLL.dll
 0002:000000e8       __imp_SHLoadIndirectString 100250e8     coredll:COREDLL.dll
 0002:000000ec       __imp_RegEnumValueW        100250ec     coredll:COREDLL.dll
 0002:000000f0       __imp_LoadStringW          100250f0     coredll:COREDLL.dll
 0002:000000f4       __imp_GetCPInfo            100250f4     coredll:COREDLL.dll
 0002:000000f8       __imp_GetStringTypeW       100250f8     coredll:COREDLL.dll
 0002:000000fc       __imp_StringCchLengthW     100250fc     coredll:COREDLL.dll
 0002:00000100       __imp_MapViewOfFile        10025100     coredll:COREDLL.dll
 0002:00000104       __imp_CreateFileMappingW   10025104     coredll:COREDLL.dll
 0002:00000108       __imp_GetFileSize          10025108     coredll:COREDLL.dll
 0002:0000010c       __imp_CreateFileW          1002510c     coredll:COREDLL.dll
 0002:00000110       __imp_WriteFile            10025110     coredll:COREDLL.dll
 0002:00000114       __imp_ReleaseDC            10025114     coredll:COREDLL.dll
 0002:00000118       __imp_GetDC                10025118     coredll:COREDLL.dll
 0002:0000011c       __imp_EnumFontFamiliesW    1002511c     coredll:COREDLL.dll
 0002:00000120       __imp_lstrcmpW             10025120     coredll:COREDLL.dll
 0002:00000124       __imp_GetCurrentObject     10025124     coredll:COREDLL.dll
 0002:00000128       __imp_TerminateProcess     10025128     coredll:COREDLL.dll
 0002:0000012c       __imp_InterlockedExchange  1002512c     coredll:COREDLL.dll
 0002:00000130       __imp_InterlockedCompareExchange 10025130     coredll:COREDLL.dll
 0002:00000134       __imp__msize               10025134     corelib1:COREDLL.dll
 0002:00000138       __imp_realloc              10025138     corelib1:COREDLL.dll
 0002:0000013c       __imp___report_gsfailure   1002513c     corelib1:COREDLL.dll
 0002:00000140       __imp___security_gen_cookie2 10025140     corelib1:COREDLL.dll
 0002:00000144       __imp__XcptFilter          10025144     corelib1:COREDLL.dll
 0002:00000148       __imp_strcmp               10025148     corelib1:COREDLL.dll
 0002:0000014c       __imp_strlen               1002514c     corelib1:COREDLL.dll
 0002:00000150       __imp_memset               10025150     corelib1:COREDLL.dll
 0002:00000154       __imp___C_specific_handler 10025154     corelib1:COREDLL.dll
 0002:00000158       __imp_??3@YAXPAX@Z         10025158     corelib1:COREDLL.dll
 0002:0000015c       __imp_??2@YAPAXI@Z         1002515c     corelib1:COREDLL.dll
 0002:00000160       __imp__purecall            10025160     corelib1:COREDLL.dll
 0002:00000164       __imp_free                 10025164     corelib1:COREDLL.dll
 0002:00000168       __imp_malloc               10025168     corelib1:COREDLL.dll
 0002:0000016c       __imp_wcsstr               1002516c     corelib1:COREDLL.dll
 0002:00000170       __imp_wcslen               10025170     corelib1:COREDLL.dll
 0002:00000174       __imp_memcpy_s             10025174     corelib1:COREDLL.dll
 0002:00000178       __imp_wcsncpy_s            10025178     corelib1:COREDLL.dll
 0002:0000017c       __imp__recalloc            1002517c     corelib1:COREDLL.dll
 0002:00000180       __imp_wcschr               10025180     corelib1:COREDLL.dll
 0002:00000184       __imp_memcpy               10025184     corelib1:COREDLL.dll
 0002:00000188       __imp_memcmp               10025188     corelib1:COREDLL.dll
 0002:0000018c       __imp_strstr               1002518c     corelib1:COREDLL.dll
 0002:00000190       __imp_memmove              10025190     corelib1:COREDLL.dll
 0002:00000194       __imp__ultoa_s             10025194     corelib1:COREDLL.dll
 0002:00000198       __imp___rt_udiv            10025198     corelib1:COREDLL.dll
 0002:0000019c       __imp___rt_sdiv            1002519c     corelib1:COREDLL.dll
 0002:000001a0       __imp__wtoi                100251a0     corelib1:COREDLL.dll
 0002:000001a4       __imp_strncmp              100251a4     corelib1:COREDLL.dll
 0002:000001a8       \177COREDLL_NULL_THUNK_DATA 100251a8     coredll:COREDLL.dll
 0002:000001ac       __imp_VarUI4FromStr        100251ac     oleaut32:OLEAUT32.dll
 0002:000001b0       __imp_SysAllocString       100251b0     oleaut32:OLEAUT32.dll
 0002:000001b4       \177OLEAUT32_NULL_THUNK_DATA 100251b4     oleaut32:OLEAUT32.dll
 0002:000001b8       __imp_CoCreateInstance     100251b8     ole32:ole32.dll
 0002:000001bc       __imp_CoTaskMemFree        100251bc     ole32:ole32.dll
 0002:000001c0       __imp_CreateStreamOnHGlobal 100251c0     ole32:ole32.dll
 0002:000001c4       __imp_CoTaskMemAlloc       100251c4     ole32:ole32.dll
 0002:000001c8       __imp_CoTaskMemRealloc     100251c8     ole32:ole32.dll
 0002:000001cc       \177ole32_NULL_THUNK_DATA  100251cc     ole32:ole32.dll
 0002:00000250       ?data@?$_CComCreatorData@V?$CComInternalCreator@V?$CComTearOffObject@VCMLStrA@@@ATL@@@ATL@@@ATL@@2U_ATL_CREATORDATA@2@A 10025250     init.obj
 0002:00000254       ?data@?$_CComCreatorData@V?$CComInternalCreator@V?$CComTearOffObject@VCMLFLink@@@ATL@@@ATL@@@ATL@@2U_ATL_CREATORDATA@2@A 10025254     init.obj
 0002:00000258       ?data@?$_CComCreatorData@V?$CComInternalCreator@V?$CComTearOffObject@VCMLFLink2@@@ATL@@@ATL@@@ATL@@2U_ATL_CREATORDATA@2@A 10025258     init.obj
 0002:0000025c       ?data@?$_CComCreatorData@V?$CComInternalCreator@V?$CComTearOffObject@VCMultiLanguage2@@@ATL@@@ATL@@@ATL@@2U_ATL_CREATORDATA@2@A 1002525c     init.obj
 0002:00000260       ?data@?$_CComCreatorData@V?$CComInternalCreator@V?$CComTearOffObject@VCMLLBCons@@@ATL@@@ATL@@@ATL@@2U_ATL_CREATORDATA@2@A 10025260     init.obj
 0002:00000268       ?MimeCodePage@@3PAUtagMIMECODEPAGE@@A 10025268     mimedb.obj
 0002:00001ae0       ?g_cRfc1766@@3IA           10026ae0     enumcp.obj
 0002:000021c8       ?g_cScript@@3IA            100271c8     mlflink.obj
 0002:000021cc       ?wszBestFit@@3PAGA         100271cc     util.obj
 0002:00002210       ?SysPreCp@@3PAIA           10027210     mlang2:mlang2.obj
 0002:000022a8       ?szFontDataFilePath@CFontMappingCache2@CMLFLink2@@1PBGB 100272a8     mlang2:mlflink2.obj
 0002:000022b0       ?g_urange_table@@3PAUtagURangeFont@@A 100272b0     mlang2:mlflink2.obj
 0002:00004340       _pRawDllMain               10029340     atls:atlbase.obj
 0002:00004344       __security_cookie          10029344     corelib0:seccinit.obj
 0002:00004348       __security_cookie_complement 10029348     corelib0:seccinit.obj
 0002:00004350       ?g_hinstCOREDLL@@3PAUHINSTANCE__@@A 10029350     dllload.obj
 0002:00004358       ?g_uACP@@3IA               10029358     init.obj
 0002:0000435c       ?g_csFontLink@@3UCRITICAL_SECTION@@A 1002935c     init.obj
 0002:00004370       ?g_cs@@3UCRITICAL_SECTION@@A 10029370     init.obj
 0002:00004384       ?g_hInst@@3PAUHINSTANCE__@@A 10029384     init.obj
 0002:00004388       ?g_hUrlMon@@3PAUHINSTANCE__@@A 10029388     init.obj
 0002:0000438c       ?_Module@@3VCComModule@ATL@@A 1002938c     init.obj
 0002:000043b8       ?m_bInitFailed@CAtlBaseModule@ATL@@2_NA 100293b8     init.obj
 0002:000043b9       ?_AtlRegisterPerUser@ATL@@3_NA 100293b9     init.obj
 0002:000043bc       ?_pAtlModule@ATL@@3PAVCAtlModule@1@A 100293bc     init.obj
 0002:000043c0       ?m_libid@CAtlModule@ATL@@2U_GUID@@A 100293c0     init.obj
 0002:000043d0       ?_pModule@ATL@@3PAVCComModule@1@A 100293d0     init.obj
 0002:000043d4       ??_B?1??VTFromRegType@CRegParser@ATL@@KAHPBGAAG@Z@51 100293d4     init.obj
 0002:000043d8       ?map@?1??VTFromRegType@CRegParser@ATL@@KAHPBGAAG@Z@4QBUtypemap@?1??123@KAH01@Z@B 100293d8     init.obj
 0002:000043f8       ?g_pMimeDatabase@@3PAVCMimeDatabase@@A 100293f8     mimedb.obj
 0002:000043fc       ?g_pMLFLink@@3PAUIMLangFontLink@@A 100293fc     mlflink.obj
 0002:00004400       ?m_pCodePagesCache@CMLFLink@@1PAVCCodePagesCache@1@A 10029400     mlflink.obj
 0002:00004404       ?m_pFontMappingCache@CMLFLink@@1PAVCFontMappingCache@1@A 10029404     mlflink.obj
 0002:0000440c       __@@_PchSym_@00@UygUDAJBUkirezgvUrvHUhsvooUvcgUnozmtUnozmtUlyqUzineHUivgzroUkirezgvOlyq@mlang 1002940c     private.obj
 0002:00004410       ?g_pCpMRU@@3PAVCCpMRU@@A   10029410     mlang2:cpdetect.obj
 0002:00004414       ?g_pMimeDatabaseReg@@3PAVCMimeDatabaseReg@@A 10029414     mlang2:mimereg.obj
 0002:00004418       ?g_pRfc1766Reg@@3PAUtagRFC1766INFO@@A 10029418     mlang2:mimereg.obj
 0002:0000441c       ?g_cMaxRfc1766Reg@@3IA     1002941c     mlang2:mimereg.obj
 0002:00004420       ?g_pLCDetect@@3PAVLCDetect@@A 10029420     mlang2:lcdetect.obj
 0002:00004424       ?m_pFontMappingCache2@CMLFLink2@@2PAVCFontMappingCache2@1@A 10029424     mlang2:mlflink2.obj
 0002:00004428       ?g_pfont_table@@3PAUtagFontInfo@@A 10029428     mlang2:mlflink2.obj
 0002:0000468c       ?_AtlComModule@ATL@@3VCAtlComModule@1@A 1002968c     atls:atlcommodule.obj
 0002:000046b0       __afxForceAtlRawDllMain    100296b0     atls:atlbase.obj
 0002:000046b4       ?_AtlModuleInstance@ATL@@3PAUHINSTANCE__@@A 100296b4     atls:atlbase.obj
 0002:000046b8       ?_AtlBaseModule@ATL@@3VCAtlBaseModule@1@A 100296b8     atls:atlbase.obj
 0002:000046ec       ?_pAtlRawDllMain@@3P6AHPAXK0@ZA 100296ec     atls:atlbase.obj
 0002:000046f0       __@@_PchSym_@00@UxsvozmCBUlgsvihUzgoJUhixUzgohUlyqUzineHUivgzroUhgwzucOlyq@atls 100296f0     atls:stdafx.obj
 0002:000046f4       _exitflag                  100296f4     corelib0:cexit.obj
 0002:000046f8       __onexitend                100296f8     <common>
 0002:000046fc       __onexitbegin              100296fc     <common>
 0002:00004700       g_pcsExit                  10029700     <common>

 entry point at        0001:00022f8c

 Static symbols

 0001:0001c084       ?ScoreNgramVector@@YAXPBDHPAVHistogram@@PAHPBQAEI@Z 1001d084 f   mlang2:lcdetect.obj
 0001:000218e8       ?_NGetNextUch@@YAHPAUIStream@@PAEPAH@Z 100228e8 f   mlang2:fechauto.obj
 0001:0002198c       ?_IcetFromIcetMask@@YA?AW4_icet@@K@Z 1002298c f   mlang2:fechauto.obj
 0001:00021a80       ?_CceResolveAmbiguity@@YAHKPAW4_icet@@HW4_efam@@@Z 10022a80 f   mlang2:fechauto.obj
 0001:0002234c       ?_CountChars@@YAXW4_icet@@@Z 1002334c f   mlang2:validate.obj
 0001:000224cc       ?_FDbcsCheckChar@@YAHW4_icet@@@Z 100234cc f   mlang2:validate.obj
 0001:00022e9c       _DllMainCRTStartupHelper   10023e9c f   corelib0:pegdmain.obj
 0001:000232a4       doexit                     100242a4 f   corelib0:cexit.obj
 0001:00023614       ??__E_Module@@YAXXZ        10024614 f   init.obj
 0001:00023650       ??__E_AtlComModule@ATL@@YAXXZ 10024650 f   atls:atlcommodule.obj
 0001:00023670       ??__E_AtlBaseModule@ATL@@YAXXZ 10024670 f   atls:atlbase.obj
 0001:00023690       ??__F_Module@@YAXXZ        10024690 f   init.obj
 0001:000236ac       ??__F_AtlComModule@ATL@@YAXXZ 100246ac f   atls:atlcommodule.obj
 0001:000236b8       ??__F_AtlBaseModule@ATL@@YAXXZ 100246b8 f   atls:atlbase.obj
