 msls4

 Timestamp is 618b15ca (Tue Nov 09 17:43:54 2021)

 Preferred load address is 10000000

 Start         Length     Name                   Class
 0001:00000000 0000139cH .rdata                  CODE
 0001:0000139c 00000022H .rdata$debug            CODE
 0001:000013c0 0005e89cH .text                   CODE
 0001:0005fc5c 00000060H .xdata                  CODE
 0001:0005fcbc 00000014H .idata$2                CODE
 0001:0005fcd0 00000014H .idata$3                CODE
 0001:0005fce4 00000020H .idata$4                CODE
 0001:0005fd04 0000000cH .idata$6                CODE
 0001:0005fd10 00000de3H .edata                  CODE
 0002:00000000 00000020H .idata$5                DATA
 0002:00000020 00000068H .data                   DATA
 0002:00000088 00000000H .bss                    DATA
 0003:00000000 00002300H .pdata                  DATA

  Address         Publics by Value              Rva+Base       Lib:Object

 0000:00000000       ___safe_se_handler_table   00000000     <absolute>
 0000:00000000       ___safe_se_handler_count   00000000     <absolute>
 0001:0000018c       ??_C@_0DA@LBHJICOL@Quick?5Heap?5Priority?5Arrays?5suppo@ 1000118c     msls4:LSCONTXT.obj
 0001:000001bc       ??_C@_0DB@LHJGCOCO@Quick?5Heap?5Feasibility?5Info?5supp@ 100011bc     msls4:LSCONTXT.obj
 0001:000001f0       ??_C@_0DL@DHAGDMHA@Quick?5Heap?5Subline?5Start?5Oppotun@ 100011f0     msls4:LSCONTXT.obj
 0001:0000022c       ??_C@_0DA@BAMANNNK@Quick?5Heap?5Adjust?5Contexts?5suppo@ 1000122c     msls4:LSCONTXT.obj
 0001:0000025c       ??_C@_0DL@GHPALAAF@Quick?5Heap?5Subline?5Fragment?5Iter@ 1000125c     msls4:LSCONTXT.obj
 0001:00000298       ??_C@_0DC@EAFGGAAE@Quick?5Heap?5Subline?5Fragments?5sup@ 10001298     msls4:LSCONTXT.obj
 0001:000002cc       ??_C@_0DJ@KHEFLPIM@Quick?5Heap?5Chunk?5Fragment?5Iterat@ 100012cc     msls4:LSCONTXT.obj
 0001:00000308       ??_C@_0DA@GOBNGADO@Quick?5Heap?5Chunk?5Fragments?5suppo@ 10001308     msls4:LSCONTXT.obj
 0001:00000338       ??_C@_0DP@EHBHMJDA@Quick?5Heap?5Group?5Chunk?5Fragment?5@ 10001338     msls4:LSCONTXT.obj
 0001:00000378       ??_C@_0DG@HGBLLDBP@Quick?5Heap?5Group?5Chunk?5Iterators@ 10001378     msls4:LSCONTXT.obj
 0001:000003b0       ??_C@_0EC@KJJNNIJM@Quick?5Heap?5Factory?5Break?5Opportu@ 100013b0     msls4:LSCONTXT.obj
 0001:000003f4       ??_C@_0CP@LHNLKLNI@Quick?5Heap?5Factory?5Dnodes?5suppor@ 100013f4     msls4:LSCONTXT.obj
 0001:00000424       ??_C@_0CG@NJEBGNLE@Quick?5Heap?5Lines?5supported?5by?5ma@ 10001424     msls4:LSCONTXT.obj
 0001:0000044c       ??_C@_02OIKIFMNO@LS?$AA@   1000144c     msls4:LSCONTXT.obj
 0001:00000460       ??_C@_0CE@FLCHJEPE@Array?5of?5durText?5for?5LsdnDistrib@ 10001460     msls4:LSDNSET.obj
 0001:00000484       ??_C@_0CC@KIPNFCNE@Array?5of?5dobjs?5for?5LsdnDistribut@ 10001484     msls4:LSDNSET.obj
 0001:000004a8       ??_C@_0CD@OGHBKIPK@Array?5of?5plsdns?5for?5LsdnDistribu@ 100014a8     msls4:LSDNSET.obj
 0001:000004cc       ??_C@_0DE@NOAPOAAI@Pen?5Dnode?5created?5in?5LsdnFinishR@ 100014cc     msls4:LSDNFIN.obj
 0001:00000500       ??_C@_0CB@IOOIMCPO@Array?5sublines?5for?5LsFAcceptSubs@ 10001500     msls4:SUBLUTIL.obj
 0001:00000524       ??_C@_0CK@DCAGADKA@Array?5of?5durChange?5for?5LsDoSpaci@ 10001524     msls4:SUBLUTIL.obj
 0001:00000550       ??_C@_0CL@PKIFHMJO@Array?5of?5dnode?5info?5for?5LsDoSpac@ 10001550     msls4:SUBLUTIL.obj
 0001:0000057c       ??_C@_0P@ELLLMLEO@Dnode?5Tab?5Info?$AA@ 1000157c     msls4:LSFETCH.obj
 0001:0000058c       ??_C@_05MIOHMEEB@Dnode?$AA@ 1000158c     msls4:LSFETCH.obj
 0001:00000594       ??_C@_0CC@MPMFEDEK@Chunk?5array?5of?5open?5borders?5afte@ 10001594     msls4:CHNUTILS.obj
 0001:000005b8       ??_C@_0CD@EMKNLOJK@Chunk?5array?5of?5open?5borders?5befo@ 100015b8     msls4:CHNUTILS.obj
 0001:000005dc       ??_C@_0BG@OIMNMPLA@Chunk?5array?5of?5points?$AA@ 100015dc     msls4:CHNUTILS.obj
 0001:000005f4       ??_C@_0BO@JKGGJEN@Chunk?5array?5of?5chunk?5elements?$AA@ 100015f4     msls4:CHNUTILS.obj
 0001:00000614       ??_C@_0BG@DKAFPEPP@Chunk?5array?5of?5plsdns?$AA@ 10001614     msls4:CHNUTILS.obj
 0001:0000062c       ??_C@_0O@FCKOFKIF@Chunk?5context?$AA@ 1000162c     msls4:CHNUTILS.obj
 0001:0000063c       ??_C@_0BC@CBGMBEDK@Start?5Opportunity?$AA@ 1000163c     msls4:LSSTARTOPPSUBL.obj
 0001:00000650       ??_C@_0BN@COBPJDDL@Subline?5Fragment?5After?5Chunk?$AA@ 10001650     msls4:LSSUBLFRAGMENT.obj
 0001:00000670       ??_C@_0BB@MJFPKIHB@Feasibility?5Info?$AA@ 10001670     msls4:LSSUBLFRAGMENT.obj
 0001:00000684       ??_C@_0CE@JCKFBJBC@Priority?5Array?5For?5Feasibility?5I@ 10001684     msls4:LSSUBLFRAGMENT.obj
 0001:000006a8       ??_C@_0BK@JNJGCKKB@Subline?5fragment?5Iterator?$AA@ 100016a8     msls4:LSSUBLFRAGMENT.obj
 0001:000006c4       ??_C@_0BB@PPGEABPK@Subline?5Fragment?$AA@ 100016c4     msls4:LSSUBLFRAGMENT.obj
 0001:000006d8       ??_C@_0BK@KLHIKAMN@Break?5Opportunity?5Subline?$AA@ 100016d8     msls4:LSBREAKOPPSUBL.obj
 0001:000006f4       ??_C@_0BI@BCEBBMDJ@Break?5record?5of?5subline?$AA@ 100016f4     msls4:LSBREAKRECORDSUBLAPI.obj
 0001:0000070c       ??_C@_0BG@LLNNKMMN@ILSOBJ?5for?5Autonumber?$AA@ 1000170c     msls4:AUTONUM.obj
 0001:00000724       ??_C@_0BE@LKGMKKCN@DOBJ?5for?5Autonumber?$AA@ 10001724     msls4:AUTONUM.obj
 0001:00000738       ??_C@_0BB@PLJBPKHI@CreateInitTxtobj?$AA@ 10001738     msls4:LSTXTFMT.obj
 0001:00000754       ??_C@_0BM@EABHHIJG@LsSetTextConfig?9RgDuExpAggr?$AA@ 10001754     msls4:LSTXTINI.obj
 0001:00000770       ??_C@_0BN@JMACOJPM@LsSetTextConfig?9RgDuCompAggr?$AA@ 10001770     msls4:LSTXTINI.obj
 0001:00000790       ??_C@_0BM@FHDKIBFE@LsSetTextConfig?9PduExpRight?$AA@ 10001790     msls4:LSTXTINI.obj
 0001:000007ac       ??_C@_0BL@HHOPGFGA@LsSetTextConfig?9PduExpLeft?$AA@ 100017ac     msls4:LSTXTINI.obj
 0001:000007c8       ??_C@_0BN@MBPDEDGD@LsSetTextConfig?9PduCompRight?$AA@ 100017c8     msls4:LSTXTINI.obj
 0001:000007e8       ??_C@_0BM@LHIFNMCK@LsSetTextConfig?9PduCompLeft?$AA@ 100017e8     msls4:LSTXTINI.obj
 0001:00000804       ??_C@_0BN@JPFANCAE@LsSetTextConfig?9Txtglyphsnew?$AA@ 10001804     msls4:LSTXTINI.obj
 0001:00000824       ??_C@_0BM@PIAOPFFC@LsSetTextConfig?9Txtstartopp?$AA@ 10001824     msls4:LSTXTINI.obj
 0001:00000840       ??_C@_0BM@BGGHPOJC@LsSetTextConfig?9Txtbreakopp?$AA@ 10001840     msls4:LSTXTINI.obj
 0001:0000085c       ??_C@_0BJ@EGJAPEEI@LsSetTextConfig?9Txtfragm?$AA@ 1000185c     msls4:LSTXTINI.obj
 0001:00000878       ??_C@_0BH@KCOCABDL@LsSetTextConfig?9Txtobj?$AA@ 10001878     msls4:LSTXTINI.obj
 0001:00000890       ??_C@_0BG@IGOEDADA@LsSetTextConfig?9Txtln?$AA@ 10001890     msls4:LSTXTINI.obj
 0001:000008a8       ??_C@_0O@BODMOEFI@Penalty?5State?$AA@ 100018a8     msls4:TSPENALTYCORE.obj
 0001:000008b8       ??_C@_0BJ@DEALLPM@Line?5Variant?5Restriction?$AA@ 100018b8     msls4:TSPENALTYCORE.obj
 0001:000008d4       ??_C@_0BC@MABFOLGI@Line?5Penalty?5Info?$AA@ 100018d4     msls4:TSPENALTYCORE.obj
 0001:000008e8       ??_C@_0DL@JJPPEMDI@Quick?5Heap?5Variant?5Restriction?5s@ 100018e8     msls4:TSPENALTYCORE.obj
 0001:00000924       ??_C@_0DJ@ONLNLFG@Quick?5Heap?5Penalty?5Line?5Info?5sup@ 10001924     msls4:TSPENALTYCORE.obj
 0001:00000960       ??_C@_0EB@BBKPHDDL@Quick?5Heap?5Penalty?5Calculation?5S@ 10001960     msls4:TSPENALTYCORE.obj
 0001:000009a4       ??_C@_0BB@LLIIPIHA@Peanalty?5context?$AA@ 100019a4     msls4:TSPENALTYCORE.obj
 0001:000009b8       ??_C@_0BG@JMCAAJHN@Chunk?5fragment?5Arrays?$AA@ 100019b8     msls4:ARRAYFACTORY.obj
 0001:000009d0       ??_C@_0BM@BGDDDFHM@Chunk?5Fragment?5ObjDim?5Array?$AA@ 100019d0     msls4:ARRAYFACTORY.obj
 0001:000009ec       ??_C@_0CD@PPLMEPPO@Chunk?5Fragment?5Dobj?5Fragment?5Arr@ 100019ec     msls4:ARRAYFACTORY.obj
 0001:00000a10       ??_C@_0BJ@MOFNFFAD@Chunk?5Fragment?5Dcp?5Array?$AA@ 10001a10     msls4:ARRAYFACTORY.obj
 0001:00000a2c       ??_C@_0BP@NEKNKLIO@Chunk?5Fragment?5Array?5Structure?$AA@ 10001a2c     msls4:ARRAYFACTORY.obj
 0001:00000a4c       ??_C@_0CJ@BDKBFMAF@Variant?5Info?5Reallocated?5Tempora@ 10001a4c     msls4:ARRAYFACTORY.obj
 0001:00000a78       ??_C@_0CB@GPFMEPPD@Dur?5Expand?5Max?5Reallocated?5Array@ 10001a78     msls4:ARRAYFACTORY.obj
 0001:00000a9c       ??_C@_0CD@EFPKBKJK@Dur?5Compress?5Max?5Reallocated?5Arr@ 10001a9c     msls4:ARRAYFACTORY.obj
 0001:00000ac0       ??_C@_0CJ@JJHNIJDE@Break?5Opportunity?5Text?5Reallocat@ 10001ac0     msls4:ARRAYFACTORY.obj
 0001:00000aec       ??_C@_0CE@GECKMABB@Text?5Safety?5Range?5Reallocated?5Ar@ 10001aec     msls4:ARRAYFACTORY.obj
 0001:00000b10       ??_C@_0CC@JHKHJMFB@Text?5Break?5Info?5Reallocated?5Arra@ 10001b10     msls4:ARRAYFACTORY.obj
 0001:00000b34       ??_C@_0CJ@MJDNKCFI@Break?5Opportunity?5Info?5Reallocat@ 10001b34     msls4:ARRAYFACTORY.obj
 0001:00000b60       ??_C@_0DA@LIOJGHHF@Forced?5Break?5Opportunity?5Info?5Re@ 10001b60     msls4:ARRAYFACTORY.obj
 0001:00000b90       ??_C@_0BE@KMAHBCCG@Tabs?5Context?5Arrays?$AA@ 10001b90     msls4:ARRAYFACTORY.obj
 0001:00000ba4       ??_C@_0BH@BKPDMBJD@Tabs?5Context?5Structure?$AA@ 10001ba4     msls4:ARRAYFACTORY.obj
 0001:00000bbc       ??_C@_0BN@DNBFPCFL@Variant?5Info?5Temporary?5Array?$AA@ 10001bbc     msls4:ARRAYFACTORY.obj
 0001:00000bdc       ??_C@_0BI@ELEBAHBK@Text?5Safety?5Range?5Array?$AA@ 10001bdc     msls4:ARRAYFACTORY.obj
 0001:00000bf4       ??_C@_0BF@HMFDDOK@Dur?5Expand?5Max?5Array?$AA@ 10001bf4     msls4:ARRAYFACTORY.obj
 0001:00000c0c       ??_C@_0BH@GKAKIIOF@Dur?5Compress?5Max?5Array?$AA@ 10001c0c     msls4:ARRAYFACTORY.obj
 0001:00000c24       ??_C@_0CE@MNGELLFG@Forced?5Break?5Opportunity?5Info?5Ar@ 10001c24     msls4:ARRAYFACTORY.obj
 0001:00000c48       ??_C@_0BN@MPHGHOMP@Text?5Break?5Opportunity?5Array?$AA@ 10001c48     msls4:ARRAYFACTORY.obj
 0001:00000c68       ??_C@_0BG@OCANILFF@Text?5Break?5Info?5Array?$AA@ 10001c68     msls4:ARRAYFACTORY.obj
 0001:00000c80       ??_C@_0BN@KKKNDHIE@Break?5Opportunity?5Info?5Array?$AA@ 10001c80     msls4:ARRAYFACTORY.obj
 0001:00000ca0       ??_C@_0BJ@CKCGDKFJ@Cashe?5Break?5Opportunites?$AA@ 10001ca0     msls4:ARRAYFACTORY.obj
 0001:00000cbc       ??_C@_0O@IKGGGPFA@Array?5factory?$AA@ 10001cbc     msls4:ARRAYFACTORY.obj
 0001:00000ccc       ??_C@_04LIDDHMOL@Line?$AA@ 10001ccc     msls4:LSFORMAT.obj
 0001:00000cd4       ??_C@_0BF@DCNLJNOK@Break?5record?5of?5line?$AA@ 10001cd4     msls4:LSBREAKRECORDAPI.obj
 0001:00000cec       ??_C@_0BM@LLBMHBLA@Array?5of?5submitted?5sublines?$AA@ 10001cec     msls4:GROUPCHUNKEXT.obj
 0001:00000d08       ??_C@_0CL@KBHIDMBN@Group?5chunk?5array?5of?5fragments?5r@ 10001d08     msls4:GROUPCHUNKEXT.obj
 0001:00000d34       ??_C@_0CI@GJIBDIEO@Group?5chunk?5array?5of?5plsdns?5real@ 10001d34     msls4:GROUPCHUNKEXT.obj
 0001:00000d5c       ??_C@_0DE@IOBHBDOL@Group?5chunk?5array?5of?5continuatio@ 10001d5c     msls4:GROUPCHUNKEXT.obj
 0001:00000d90       ??_C@_0CK@CEGNJPPC@Group?5chunk?5array?5of?5elements?5re@ 10001d90     msls4:GROUPCHUNKEXT.obj
 0001:00000dbc       ??_C@_0DL@PIPLLHIJ@Group?5chunk?5array?5of?5non?5text?5ex@ 10001dbc     msls4:GROUPCHUNKEXT.obj
 0001:00000df8       ??_C@_0DE@IAMKBOEN@Group?5chunk?5array?5of?5of?5non?5text@ 10001df8     msls4:GROUPCHUNKEXT.obj
 0001:00000e2c       ??_C@_0BP@IIEPNEKL@Group?5chunk?5array?5of?5fragments?$AA@ 10001e2c     msls4:GROUPCHUNKEXT.obj
 0001:00000e4c       ??_C@_0CO@FMFAJABA@Group?5chunk?5array?5of?5non?5text?5ex@ 10001e4c     msls4:GROUPCHUNKEXT.obj
 0001:00000e7c       ??_C@_0CF@MBHBJAFH@Group?5chunk?5array?5of?5non?5text?5pl@ 10001e7c     msls4:GROUPCHUNKEXT.obj
 0001:00000ea4       ??_C@_0BM@NAKKJC@Group?5chunk?5array?5of?5plsdns?$AA@ 10001ea4     msls4:GROUPCHUNKEXT.obj
 0001:00000ec0       ??_C@_0CI@IJGIGDLN@Group?5chunk?5array?5of?5continuatio@ 10001ec0     msls4:GROUPCHUNKEXT.obj
 0001:00000ee8       ??_C@_0BO@DCGLAJFG@Group?5chunk?5array?5of?5elements?$AA@ 10001ee8     msls4:GROUPCHUNKEXT.obj
 0001:00000f08       ??_C@_0BF@CMBPCCPO@Extended?5Group?5Chunk?$AA@ 10001f08     msls4:GROUPCHUNKEXT.obj
 0001:00000f20       ??_C@_0BK@CBCNPHJO@Array?5of?5tabs?5reallocated?$AA@ 10001f20     msls4:TABUTILS.obj
 0001:00000f3c       ??_C@_0P@JLDGEOI@Chunk?5Fragment?$AA@ 10001f3c     msls4:LSCHUNKFRAGMENT.obj
 0001:00000f4c       ??_C@_0BJ@CPOFODAE@Chunk?5Fragment?5No?5Change?$AA@ 10001f4c     msls4:LSCHUNKFRAGMENT.obj
 0001:00000f68       ??_C@_0BI@HHECJBHG@Chunk?5Fragment?5Iterator?$AA@ 10001f68     msls4:LSCHUNKFRAGMENT.obj
 0001:00000f80       ??_C@_0P@KFICNGJM@Adjust?5Context?$AA@ 10001f80     msls4:LSADJUSTCONTEXT.obj
 0001:00000f90       ??_C@_0BN@NKNBFJOK@AllocAggrJustArraysInBreak?92?$AA@ 10001f90     msls4:LSTXTBRCROPP.obj
 0001:00000fb0       ??_C@_0BN@PBPMAKCJ@AllocAggrJustArraysInBreak?91?$AA@ 10001fb0     msls4:LSTXTBRCROPP.obj
 0001:00000fd0       ??_C@_0BN@LNLLLFOI@AllocAggrJustArraysInStart?92?$AA@ 10001fd0     msls4:LSTXTBRCROPP.obj
 0001:00000ff0       ??_C@_0BN@JGJGOGCL@AllocAggrJustArraysInStart?91?$AA@ 10001ff0     msls4:LSTXTBRCROPP.obj
 0001:00001010       ??_C@_0BE@IBKMHBNF@LsCreateTxtbreakopp?$AA@ 10002010     msls4:LSTXTBRCROPP.obj
 0001:00001024       ??_C@_0BE@GPMFHKBF@LsCreateTxtstartopp?$AA@ 10002024     msls4:LSTXTBRCROPP.obj
 0001:00001038       ??_C@_0BD@NAMKHILP@AllocInitFragments?$AA@ 10002038     msls4:LSTXTBRCRFRAGM.obj
 0001:0000104c       ??_C@_0BP@CBIEGFNJ@AllocCopyChunkWithFragmChanges?$AA@ 1000204c     msls4:LSTXTBRCRFRAGM.obj
 0001:0000106c       ??_C@_0BL@OJCIBNAJ@AllocAggrJustArraysInFragm?$AA@ 1000206c     msls4:LSTXTBRCRFRAGM.obj
 0001:00001088       ??_C@_0BE@FPDNLEHJ@LsAppendNewBlobUnit?$AA@ 10002088     msls4:LSTXTBLOBAPI.obj
 0001:0000109c       ??_C@_0BB@LOHLGMBL@LsCreateTextBlob?$AA@ 1000209c     msls4:LSTXTBLOBAPI.obj
 0001:000010b0       ??_C@_0BO@DCMPBPPF@LsAllocAggregJust?9pdurExpAggr?$AA@ 100020b0     msls4:LSTXTOBJSERV.obj
 0001:000010d0       ??_C@_0BP@EIMLABHJ@LsAllocAggregJust?9pdurCompAggr?$AA@ 100020d0     msls4:LSTXTOBJSERV.obj
 0001:000010f0       ??_C@_0CP@CHIOHHOE@LsCheckReallocJustifArraysTxtobj@ 100020f0     msls4:LSTXTOBJSERV.obj
 0001:00001120       ??_C@_0CO@KJONFKGF@LsCheckReallocJustifArraysTxtobj@ 10002120     msls4:LSTXTOBJSERV.obj
 0001:00001150       ??_C@_0CP@MHDBCKJK@LsCheckReallocJustifArraysTxtobj@ 10002150     msls4:LSTXTOBJSERV.obj
 0001:00001180       ??_C@_0BG@EFJBDHJE@AllocTempJustArrays?92?$AA@ 10002180     msls4:LSTXTOPT.obj
 0001:00001198       ??_C@_0BG@GOLMGEFH@AllocTempJustArrays?91?$AA@ 10002198     msls4:LSTXTOPT.obj
 0001:000011b0       ??_C@_0BF@LFCLGJON@Group?5Chunk?5Iterator?$AA@ 100021b0     msls4:GROUPCHUNKITERATOR.obj
 0001:000011c8       ??_C@_0CJ@CAMPBKMN@Inside?5object?5iterator?5array?5of?5@ 100021c8     msls4:GROUPCHUNKITERATOR.obj
 0001:000011f4       ??_C@_0BH@KGFNGIIK@Inside?5object?5iterator?$AA@ 100021f4     msls4:GROUPCHUNKITERATOR.obj
 0001:0000120c       ??_C@_0BL@OCMABLJP@GroupChunkIteratorFragment?$AA@ 1000220c     msls4:GROUPCHUNKITERATOR.obj
 0001:00001228       ??_C@_0DB@KGGJIEKP@Inside?5object?5fragment?5iterato?5a@ 10002228     msls4:GROUPCHUNKITERATOR.obj
 0001:0000125c       ??_C@_0CA@KJLHMHLE@Inside?5object?5fragment?5iterator?$AA@ 1000225c     msls4:GROUPCHUNKITERATOR.obj
 0001:0000127c       ??_C@_0BD@IFKJIHCB@LsAllocFullMixed?94?$AA@ 1000227c     msls4:LSTXTFULLMIXEDSERV.obj
 0001:00001290       ??_C@_0BD@MKOIBBOG@LsAllocFullMixed?93?$AA@ 10002290     msls4:LSTXTFULLMIXEDSERV.obj
 0001:000012a4       ??_C@_0BD@NDPDCAKH@LsAllocFullMixed?92?$AA@ 100022a4     msls4:LSTXTFULLMIXEDSERV.obj
 0001:000012b8       ??_C@_0BD@PINOHDGE@LsAllocFullMixed?91?$AA@ 100022b8     msls4:LSTXTFULLMIXEDSERV.obj
 0001:000012cc       ??_C@_0BL@JPOEFNMC@AllocGlyphNtiArraysInBreak?$AA@ 100022cc     msls4:LSTXTNTIOPP.obj
 0001:000012e8       ??_C@_0BL@IEHGPNLM@AllocGlyphNtiArraysInStart?$AA@ 100022e8     msls4:LSTXTNTIOPP.obj
 0001:00001304       ??_C@_0CL@LCMCBLKH@Memory?5for?5the?5initial?5block?5in?5@ 10002304     msls4shared:TSMEMORYCORE.obj
 0001:00001330       ??_C@_0BI@LKFJBEKP@Memory?5for?5a?5quick?5heap?$AA@ 10002330     msls4shared:TSMEMORYCORE.obj
 0001:00001348       ??_C@_0DC@IHGPMAFL@Memory?5for?5the?5additional?5block?5@ 10002348     msls4shared:TSMEMORYCORE.obj
 0001:0000137c       ??_C@_0CA@GAEBMKJG@Memory?5for?5a?5quick?5heap?5factory?$AA@ 1000237c     msls4shared:TSMEMORYCORE.obj
 0001:000013c0       LsAllocMemory              100023c0 f   msls4:LSMEMORYSERVICE.obj
 0001:000013ec       LsReallocMemory            100023ec f   msls4:LSMEMORYSERVICE.obj
 0001:00001418       LsDestroyMemory            10002418 f   msls4:LSMEMORYSERVICE.obj
 0001:00001420       TsCheckAdditionForLongPara 10002420 f i msls4:LSCRSUBL.obj
 0001:000014ac       LsCreateSubline            100024ac f   msls4:LSCRSUBL.obj
 0001:00001560       LsFetchAppendToCurrentSubline 10002560 f   msls4:LSCRSUBL.obj
 0001:00001730       LsFetchAppendToCurrentSublineResume 10002730 f   msls4:LSCRSUBL.obj
 0001:0000195c       LsAppendRunToCurrentSubline 1000295c f   msls4:LSCRSUBL.obj
 0001:00001c54       LsResetRMInCurrentSubline  10002c54 f   msls4:LSCRSUBL.obj
 0001:00001ca0       LsFinishCurrentSubline     10002ca0 f   msls4:LSCRSUBL.obj
 0001:00001d00       LsDoSpacingSubline         10002d00 f   msls4:LSCRSUBL.obj
 0001:00001d2c       LsTruncateSubline          10002d2c f   msls4:LSCRSUBL.obj
 0001:00001da8       LsFindPrevBreakOppInsideSubline 10002da8 f   msls4:LSCRSUBL.obj
 0001:00001eb8       LsFindNextBreakOppInsideSubline 10002eb8 f   msls4:LSCRSUBL.obj
 0001:00001fc8       LsFindBreakOppBeforeCpTruncateSubline 10002fc8 f   msls4:LSCRSUBL.obj
 0001:000020a8       LsFindBreakOppAfterCpTruncateSubline 100030a8 f   msls4:LSCRSUBL.obj
 0001:00002188       LsCreateStartOppInsideSubline 10003188 f   msls4:LSCRSUBL.obj
 0001:000021e4       LsProposeBreakAfterSubline 100031e4 f   msls4:LSCRSUBL.obj
 0001:00002210       LsProposeBreakBeforeSubline 10003210 f   msls4:LSCRSUBL.obj
 0001:0000223c       LsCreateBreakRecordSubline 1000323c f   msls4:LSCRSUBL.obj
 0001:00002240       LsCreateSublineFragment    10003240 f   msls4:LSCRSUBL.obj
 0001:00002354       LsDestroySublineFragment   10003354 f   msls4:LSCRSUBL.obj
 0001:00002358       LsDestroyBreakOppSubline   10003358 f   msls4:LSCRSUBL.obj
 0001:00002378       LsDestroyStartOppSubline   10003378 f   msls4:LSCRSUBL.obj
 0001:000023b0       LsDestroyBreakRecordSubline 100033b0 f   msls4:LSCRSUBL.obj
 0001:000023dc       LsDuplicateBreakRecordSubline 100033dc f   msls4:LSCRSUBL.obj
 0001:00002410       LsFindForceBreakOppBeforeCpTruncateSubline 10003410 f   msls4:LSCRSUBL.obj
 0001:00002514       LsFindPrevForceBreakOppInsideSubline 10003514 f   msls4:LSCRSUBL.obj
 0001:00002628       LsSetBreakSubline          10003628 f   msls4:LSCRSUBL.obj
 0001:00002674       LsDestroySubline           10003674 f   msls4:LSCRSUBL.obj
 0001:000026c8       LsMatchPresSubline         100036c8 f   msls4:LSCRSUBL.obj
 0001:000026f4       LsExpandSubline            100036f4 f   msls4:LSCRSUBL.obj
 0001:00002724       LsCompressSubline          10003724 f   msls4:LSCRSUBL.obj
 0001:00002754       LsGetSpecialEffectsSubline 10003754 f   msls4:LSCRSUBL.obj
 0001:00002790       LsGetSpecialEffectsSublineFragment 10003790 f   msls4:LSCRSUBL.obj
 0001:00002794       LsSqueezeSubline           10003794 f   msls4:LSCRSUBL.obj
 0001:000027c0       LsSetDebugFlags            100037c0 f   msls4:LSCONTXT.obj
 0001:0000286c       LsDestroyContext           1000386c f   msls4:LSCONTXT.obj
 0001:00002a48       LsCreateContext            10003a48 f   msls4:LSCONTXT.obj
 0001:00002f28       LsCreateLine               10003f28 f   msls4:LSCRLINE.obj
 0001:00002f68       LsCreateLineGivenBreak     10003f68 f   msls4:LSCRLINE.obj
 0001:00002fb0       LsModifyLineHeight         10003fb0 f   msls4:LSCRLINE.obj
 0001:0000301c       LsDestroyLine              1000401c f   msls4:LSCRLINE.obj
 0001:00003080       LsGetMinMaxDurUntilHardBreak 10004080 f   msls4:LSCRLINE.obj
 0001:0000310c       LsDestroyBreakRecord       1000410c f   msls4:LSCRLINE.obj
 0001:00003148       LsDuplicateBreakRecord     10004148 f   msls4:LSCRLINE.obj
 0001:00003188       LsGetStretchabilityForLine 10004188 f   msls4:LSCRLINE.obj
 0001:00003db0       LsDestroyParaBreakingSession 10004db0 f   msls4:LSPARABREAK.obj
 0001:00005f88       LsCreateParaBreakingSession 10006f88 f   msls4:LSPARABREAK.obj
 0001:000063ec       LsGetLineBreaks            100073ec f   msls4:LSPARABREAK.obj
 0001:00006fe4       dvl                        10007fe4 f   msls4:lsdebugview.obj
 0001:00006fec       LsDebugViewLine            10007fec f   msls4:lsdebugview.obj
 0001:00006ff0       dvs                        10007ff0 f   msls4:lsdebugview.obj
 0001:00006ff8       LsDebugViewSubline         10007ff8 f   msls4:lsdebugview.obj
 0001:00007108       LsDisplayLine              10008108 f   msls4:LSDSPLY.obj
 0001:000073b4       LsDisplaySubline           100083b4 f   msls4:lsdssubl.obj
 0001:00007440       LsEnumLine                 10008440 f   msls4:lsenum.obj
 0001:00007550       LsEnumSubline              10008550 f   msls4:lsensubl.obj
 0001:000079d0       LsGetHihLsimethods         100089d0 f   msls4:LSOBJHIH.obj
 0001:00007bfc       LsGetPenaltyModule         10008bfc f   msls4:LSGETPENALTYMODULE.obj
 0001:00009620       LsGetReverseLsimethods     1000a620 f   msls4:LSOBJREVERSE.obj
 0001:0000ae6c       LsGetRubyLsimethods        1000be6c f   msls4:LSOBJRUBY.obj
 0001:0000b7d8       LsGetTatenakayokoLsimethods 1000c7d8 f   msls4:LSOBJTATENAK.obj
 0001:0000c420       LsGetVRubyLsimethods       1000d420 f   msls4:LSOBJVRUBY.obj
 0001:0000f478       LsGetWarichuLsimethods     10010478 f   msls4:LSOBJWARICHU.obj
 0001:0000f6a4       LsZqFromZa                 100106a4 f   msls4:lszqfromza.obj
 0001:0000f6a8       LsZaFromZq                 100106a8 f   msls4:lszqfromza.obj
 0001:0000f708       LsLwMultDivR               10010708 f   msls4:lszqfromza.obj
 0001:0000f7d8       LsPointUV2FromPointUV1     100107d8 f   msls4:LSTFSET.obj
 0001:0000f8c0       LsPointXYFromPointUV       100108c0 f   msls4:LSTFSET.obj
 0001:0000f9c4       LsQueryCpPpointSubline     100109c4 f   msls4:LSQSUBL.obj
 0001:0000fa3c       LsQueryPointPcpSubline     10010a3c f   msls4:LSQSUBL.obj
 0001:0000fab4       LsQuerySublineUp           10010ab4 f   msls4:LSQSUBL.obj
 0001:0000fb58       LsQuerySublineDown         10010b58 f   msls4:LSQSUBL.obj
 0001:0000fbfc       LsQueryTextCellDetails     10010bfc f   msls4:LSQLINE.obj
 0001:0000fd04       LsQueryLineDup             10010d04 f   msls4:LSQLINE.obj
 0001:0000fdd4       LsQueryFLineEmpty          10010dd4 f   msls4:LSQLINE.obj
 0001:0000feac       LsQueryLineMaxDepth        10010eac f   msls4:LSQLINE.obj
 0001:0000ff18       LsQueryLineCpPpoint        10010f18 f   msls4:LSQLINE.obj
 0001:000100c8       LsQueryLinePointPcp        100110c8 f   msls4:LSQLINE.obj
 0001:00010470       LsQueryLineUp              10011470 f   msls4:LSQLINE.obj
 0001:000104c0       LsQueryLineDown            100114c0 f   msls4:LSQLINE.obj
 0001:00010510       LsSetModWidthPairs         10011510 f   msls4:LSSETDOC.obj
 0001:000105e4       LsSetCompression           100115e4 f   msls4:LSSETDOC.obj
 0001:000106c0       LsSetExpansion             100116c0 f   msls4:LSSETDOC.obj
 0001:00010794       LsSetBreaking              10011794 f   msls4:LSSETDOC.obj
 0001:00010868       LsSetPenalty               10011868 f   msls4:LSSETDOC.obj
 0001:000108d0       LsSetDoc                   100118d0 f   msls4:LSSETDOC.obj
 0001:00010ab0       LsdnQueryObjDimRange       10011ab0 f   msls4:LSDNSET.obj
 0001:00010b2c       LsdnGetCurTabInfo          10011b2c f   msls4:LSDNSET.obj
 0001:00010c50       LsdnResolvePrevTab         10011c50 f   msls4:LSDNSET.obj
 0001:00010ca4       LsdnSkipCurTab             10011ca4 f   msls4:LSDNSET.obj
 0001:00010d28       LsdnSetRigidDup            10011d28 f   msls4:LSDNSET.obj
 0001:00010d70       LsdnGetDup                 10011d70 f   msls4:LSDNSET.obj
 0001:00010dd0       LsdnResetObjDim            10011dd0 f   msls4:LSDNSET.obj
 0001:00010e4c       LsdnResetPenNode           10011e4c f   msls4:LSDNSET.obj
 0001:00010eec       LsdnQueryPenNode           10011eec f   msls4:LSDNSET.obj
 0001:00010f48       LsdnSetAbsBaseLine         10011f48 f   msls4:LSDNSET.obj
 0001:00010fa4       LsdnModifyParaEnding       10011fa4 f   msls4:LSDNSET.obj
 0001:00010fe8       LsdnDistribute             10011fe8 f   msls4:LSDNSET.obj
 0001:000112a4       LsdnFinishRegular          100122a4 f   msls4:LSDNFIN.obj
 0001:00011674       LsdnFinishRegularAddAdvancePen 10012674 f   msls4:LSDNFIN.obj
 0001:00011864       LsdnFinishByPen            10012864 f   msls4:LSDNFIN.obj
 0001:000119f4       LsdnFinishDelete           100129f4 f   msls4:LSDNFIN.obj
 0001:00011ad4       LssbGetObjDimSubline       10012ad4 f   msls4:LSSUBSET.obj
 0001:00011b1c       LssbGetDupSubline          10012b1c f   msls4:LSSUBSET.obj
 0001:00011b64       LssbFDonePresSubline       10012b64 f   msls4:LSSUBSET.obj
 0001:00011bac       LssbFDoneDisplay           10012bac f   msls4:LSSUBSET.obj
 0001:00011be4       LssbGetPlsrunsFromSubline  10012be4 f   msls4:LSSUBSET.obj
 0001:00011c18       LssbGetNumberDnodesInSubline 10012c18 f   msls4:LSSUBSET.obj
 0001:00011c4c       LssbGetVisibleDcpInSubline 10012c4c f   msls4:LSSUBSET.obj
 0001:00011c80       LssbGetDurTrailInSubline   10012c80 f   msls4:LSSUBSET.obj
 0001:00011cb4       LssbGetDurTrailWithPensInSubline 10012cb4 f   msls4:LSSUBSET.obj
 0001:00011ce8       LssbFIsSublineEmpty        10012ce8 f   msls4:LSSUBSET.obj
 0001:00011d1c       LsGetSpecialEffectsSublineCore 10012d1c f   msls4:SUBLUTIL.obj
 0001:00011de8       LsGetSpecialEffectsSublineFragmentCore 10012de8 f   msls4:SUBLUTIL.obj
 0001:00011f50       LsGetObjDimSublineCore     10012f50 f   msls4:SUBLUTIL.obj
 0001:00011f64       LsGetDupSublineCore        10012f64 f   msls4:SUBLUTIL.obj
 0001:00011f80       LsFIsSublineEmpty          10012f80 f   msls4:SUBLUTIL.obj
 0001:00011fec       LsDestroySublineCore       10012fec f   msls4:SUBLUTIL.obj
 0001:00012064       LsFAreTabsPensInSubline    10013064 f   msls4:SUBLUTIL.obj
 0001:000120b8       LsGetPlsrunFromSublineCore 100130b8 f   msls4:SUBLUTIL.obj
 0001:00012118       LsGetNumberDnodesCore      10013118 f   msls4:SUBLUTIL.obj
 0001:0001215c       LsGetVisibleDcpInSublineCore 1001315c f   msls4:SUBLUTIL.obj
 0001:000121ac       LsGetDurTrailInSubline     100131ac f   msls4:SUBLUTIL.obj
 0001:000121ec       LsGetDurTrailWithPensInSubline 100131ec f   msls4:SUBLUTIL.obj
 0001:0001222c       LsFUseForPurpose           1001322c f   msls4:SUBLUTIL.obj
 0001:000122a4       LsFAcceptSublines          100132a4 f   msls4:SUBLUTIL.obj
 0001:000123e8       LsFAcceptSubs              100133e8 f   msls4:SUBLUTIL.obj
 0001:000124a8       LsDoSpacingSublineCore     100134a8 f   msls4:SUBLUTIL.obj
 0001:00012720       LsSqueezeSublineCore       10013720 f   msls4:SUBLUTIL.obj
 0001:000128b0       LsCreateSublineCore        100138b0 f   msls4:LSFETCH.obj
 0001:00012a88       LsInitializeAutoDecTab     10013a88 f   msls4:LSFETCH.obj
 0001:00012cdc       LsRightMarginIncreasing    10013cdc f   msls4:LSFETCH.obj
 0001:0001324c       LsQuickFormatting          1001424c f   msls4:LSFETCH.obj
 0001:000139a8       LsHandleTab                100149a8 f   msls4:LSFETCH.obj
 0001:00013bb4       LsCloseCurrentBorder       10014bb4 f   msls4:LSFETCH.obj
 0001:00013d60       LsProcessOneRun            10014d60 f   msls4:LSFETCH.obj
 0001:000147d8       LsFinishSublineCore        100157d8 f   msls4:LSFETCH.obj
 0001:000148b0       LsFormatAnm                100158b0 f   msls4:LSFETCH.obj
 0001:00014cd4       LsFetchAppendEscCore       10015cd4 f   msls4:LSFETCH.obj
 0001:0001561c       LsApplyModWidthToPrecedingChar 1001661c f   msls4:NTIMAN.obj
 0001:00015824       LsApplyNominalToIdeal      10016824 f   msls4:NTIMAN.obj
 0001:00015be0       LsCutPossibleContextViolation 10016be0 f   msls4:NTIMAN.obj
 0001:00015cec       LsProposeBreakAfterSublineCore 10016cec f   msls4:BREAKSUBL.obj
 0001:00015e0c       LsProposeBreakBeforeSublineCore 10016e0c f   msls4:BREAKSUBL.obj
 0001:00015f2c       LsFindForceBreakOppBeforeCpTruncateSublineCore 10016f2c f   msls4:BREAKSUBL.obj
 0001:000163a8       LsSetBreakSublineCore      100173a8 f   msls4:BREAKSUBL.obj
 0001:00016570       LsdnFCanBreakBeforeNextChunkCore 10017570 f   msls4:BREAKSUBL.obj
 0001:000174cc       LsFindPrevForceBreakOppInsideSublineCore 100184cc f   msls4:BREAKSUBL.obj
 0001:00017ec0       LsFindPrevBreakOppInsideSublineCore 10018ec0 f   msls4:BREAKSUBL.obj
 0001:00018004       LsFindNextBreakOppInsideSublineCore 10019004 f   msls4:BREAKSUBL.obj
 0001:00018194       LsFindBreakOppBeforeCpTruncateSublineCore 10019194 f   msls4:BREAKSUBL.obj
 0001:000182d8       LsFindBreakOppAfterCpTruncateSublineCore 100192d8 f   msls4:BREAKSUBL.obj
 0001:0001841c       LsTruncateSublineCore      1001941c f   msls4:BREAKSUBL.obj
 0001:00018634       LsSetBreakSublineAtTheEnd  10019634 f   msls4:BREAKSUBL.obj
 0001:00018808       LsDestroyChunkContext      10019808 f   msls4:CHNUTILS.obj
 0001:0001888c       LsNewChunkContext          1001988c f   msls4:CHNUTILS.obj
 0001:00018b98       LsFindNominalDnodeInChunkByDcpLim 10019b98 f   msls4:CHNUTILS.obj
 0001:00018c10       LsFindNominalDnodeInChunkByDcp 10019c10 f   msls4:CHNUTILS.obj
 0001:00018ccc       LsCollectChunkEndingWith   10019ccc f   msls4:CHNUTILS.obj
 0001:00019088       LsCollectChunkAround       1001a088 f   msls4:CHNUTILS.obj
 0001:00019238       LsCollectPreviousChunk     1001a238 f   msls4:CHNUTILS.obj
 0001:000192d8       LsCollectNextChunk         1001a2d8 f   msls4:CHNUTILS.obj
 0001:00019330       LsApplyChunkFragment       1001a330 f   msls4:CHNUTILS.obj
 0001:0001974c       LsFindChunkContainsCpLim   1001a74c f   msls4:CHNUTILS.obj
 0001:000198d0       LsCreateStartOppInsideSublineCore 1001a8d0 f   msls4:LSSTARTOPPSUBL.obj
 0001:00019b6c       LsDestroyStartOppSublineCore 1001ab6c f   msls4:LSSTARTOPPSUBL.obj
 0001:00019bc8       LsCreateSublineFragmentAfterChunkFragment 1001abc8 f   msls4:LSSUBLFRAGMENT.obj
 0001:00019d64       LsNewFeasibilityInfo       1001ad64 f   msls4:LSSUBLFRAGMENT.obj
 0001:00019dec       LsDestroyFeasibilityInfo   1001adec f   msls4:LSSUBLFRAGMENT.obj
 0001:00019e20       LsDestroySublineFragmentCore 1001ae20 f   msls4:LSSUBLFRAGMENT.obj
 0001:00019ea8       LsNewSublineFragmentIterator 1001aea8 f   msls4:LSSUBLFRAGMENT.obj
 0001:0001a088       LsGetNextDnodeInSublineFragment 1001b088 f   msls4:LSSUBLFRAGMENT.obj
 0001:0001a360       LsDestroySublineFragmentIterator 1001b360 f   msls4:LSSUBLFRAGMENT.obj
 0001:0001a3a0       LsCreateBreakRecordSublineFragment 1001b3a0 f   msls4:LSSUBLFRAGMENT.obj
 0001:0001a52c       LsFCheckFeasibilityOfFragment 1001b52c f   msls4:LSSUBLFRAGMENT.obj
 0001:0001a764       LsCreateSublineFragmentCore 1001b764 f   msls4:LSSUBLFRAGMENT.obj
 0001:0001b6a0       LsFindListDup              1001c6a0 f   msls4:DNUTILS.obj
 0001:0001bae0       LsDestroyDnodeList         1001cae0 f   msls4:DNUTILS.obj
 0001:0001bbc4       LsDurBorderFromDnodeInside 1001cbc4 f   msls4:DNUTILS.obj
 0001:0001bbec       LsFSpacesOnly              1001cbec f   msls4:DNUTILS.obj
 0001:0001bc80       LsGetNextDnodeSkipBorders  1001cc80 f   msls4:DNUTILS.obj
 0001:0001bcac       LsCollectFPenPositionUsed  1001ccac f   msls4:DNUTILS.obj
 0001:0001bd14       LsFindDnodeForRange        1001cd14 f   msls4:DNUTILS.obj
 0001:0001bd94       LsCalcDurMaxExpandRagged   1001cd94 f   msls4:DNUTILS.obj
 0001:0001be00       LsFindListDims             1001ce00 f   msls4:DNUTILS.obj
 0001:0001be4c       LsFindSublineFragmentDims  1001ce4c f   msls4:DNUTILS.obj
 0001:0001beb4       LsNewBreakOppSubline       1001ceb4 f   msls4:LSBREAKOPPSUBL.obj
 0001:0001bf20       LsDestroyBreakOppSublineCore 1001cf20 f   msls4:LSBREAKOPPSUBL.obj
 0001:0001bf68       LsNewBreakRecordSubline    1001cf68 f   msls4:LSBREAKRECORDSUBLAPI.obj
 0001:0001bfa8       LsDestroyBreakRecordSublineCore 1001cfa8 f   msls4:LSBREAKRECORDSUBLAPI.obj
 0001:0001c018       LsDuplicateBreakRecordSublineCore 1001d018 f   msls4:LSBREAKRECORDSUBLAPI.obj
 0001:0001cba8       LsMatchPresSublineCore     1001dba8 f   msls4:PREPDISP.obj
 0001:0001cf3c       LsAdjustSubline            1001df3c f   msls4:PREPDISP.obj
 0001:0001e0d0       LsPrepareLineForDisplayProc 1001f0d0 f   msls4:PREPDISP.obj
 0001:0001e65c       LsAutonumCreateILSObj      1001f65c f   msls4:AUTONUM.obj
 0001:0001e6b8       LsSetAutonumConfig         1001f6b8 f   msls4:AUTONUM.obj
 0001:0001e6d4       LsAutonumDestroyILSObj     1001f6d4 f   msls4:AUTONUM.obj
 0001:0001e6ec       LsAutonumSetDoc            1001f6ec f   msls4:AUTONUM.obj
 0001:0001e6f4       LsAutonumCreateLNObj       1001f6f4 f   msls4:AUTONUM.obj
 0001:0001e700       LsAutonumDestroyLNObj      1001f700 f   msls4:AUTONUM.obj
 0001:0001e708       LsAutonumGetSpecialEffectsInside 1001f708 f   msls4:AUTONUM.obj
 0001:0001e710       LsAutonumCalcPresentation  1001f710 f   msls4:AUTONUM.obj
 0001:0001e718       LsAutonumQueryPointPcp     1001f718 f   msls4:AUTONUM.obj
 0001:0001e720       LsAutonumQueryCpPpoint     1001f720 f   msls4:AUTONUM.obj
 0001:0001e728       LsAutonumQueryUp           1001f728 f   msls4:AUTONUM.obj
 0001:0001e778       LsAutonumQueryDown         1001f778 f   msls4:AUTONUM.obj
 0001:0001e7c8       LsAutonumDisplay           1001f7c8 f   msls4:AUTONUM.obj
 0001:0001e81c       LsAutonumDestroyDobj       1001f81c f   msls4:AUTONUM.obj
 0001:0001e858       LsAutonumGetSubmissionInfoFromDobj 1001f858 f   msls4:AUTONUM.obj
 0001:0001e890       LsAutonumGetSublinesFromDobj 1001f890 f   msls4:AUTONUM.obj
 0001:0001e8b8       LsAutonumFindPrevBreakOppInside 1001f8b8 f   msls4:AUTONUM.obj
 0001:0001e8ec       LsAutonumFindNextBreakOppInside 1001f8ec f   msls4:AUTONUM.obj
 0001:0001e920       LsAutonumProposeBreakAfter 1001f920 f   msls4:AUTONUM.obj
 0001:0001e930       LsAutonumProposeBreakBefore 1001f930 f   msls4:AUTONUM.obj
 0001:0001e940       LsAllignAutonum95          1001f940 f   msls4:AUTONUM.obj
 0001:0001e9d4       LsAllignAutonum            1001f9d4 f   msls4:AUTONUM.obj
 0001:0001eaa0       LsAutonumEnumerate         1001faa0 f   msls4:AUTONUM.obj
 0001:0001eab4       LsAutonumFmt               1001fab4 f   msls4:AUTONUM.obj
 0001:0001ec68       LsCreateStartOppInsideText 1001fc68 f   msls4:LSTXTBR1.obj
 0001:0001ecdc       LsCreateBreakOppAfterText  1001fcdc f   msls4:LSTXTBR1.obj
 0001:0001ee08       LsDestroyBreakOppText      1001fe08 f   msls4:LSTXTBR1.obj
 0001:0001ee0c       LsCreateStartOppBeforeText 1001fe0c f   msls4:LSTXTBR1.obj
 0001:0001ee3c       LsDestroyStartOppText      1001fe3c f   msls4:LSTXTBR1.obj
 0001:0001ee40       LsDestroyDobjFragmentText  1001fe40 f   msls4:LSTXTBR1.obj
 0001:0001ee44       LsSetBreakText             1001fe44 f   msls4:LSTXTBR1.obj
 0001:0001ee68       LsFindPrevForceBreakOppInsideText 1001fe68 f   msls4:LSTXTBR1.obj
 0001:0001f274       LsFindForceBreakOppBeforeCpTruncateText 10020274 f   msls4:LSTXTBR1.obj
 0001:0001f63c       LsQuickBreakText           1002063c f   msls4:LSTXTBR1.obj
 0001:0001f91c       LsCreateBreakRecordText    1002091c f   msls4:LSTXTBR1.obj
 0001:0001f9a0       LsDuplicateBreakRecordText 100209a0 f   msls4:LSTXTBR1.obj
 0001:0001fa04       LsDestroyBreakRecordText   10020a04 f   msls4:LSTXTBR1.obj
 0001:0001fa1c       LsGetTextBreakInfo         10020a1c f   msls4:LSTXTBR1.obj
 0001:0001fbd8       LsGetTextStartInfo         10020bd8 f   msls4:LSTXTBR1.obj
 0001:0001fc30       LsCreateDobjFragmentText   10020c30 f   msls4:LSTXTBR1.obj
 0001:000201b4       LsTruncateText             100211b4 f   msls4:LSTXTBR1.obj
 0001:00020780       LsDestroyDobjText          10021780 f   msls4:LSTXTFMT.obj
 0001:000218d4       LsFmtText                  100228d4 f   msls4:LSTXTFMT.obj
 0001:00021f74       LsFmtResumeText            10022f74 f   msls4:LSTXTFMT.obj
 0001:000220b8       LsCalcPresentationText     100230b8 f   msls4:DISPTEXT.obj
 0001:00022754       LsDisplayText              10023754 f   msls4:DISPTEXT.obj
 0001:00022adc       LsEnumObjText              10023adc f   msls4:TEXTENUM.obj
 0001:000230f0       LsQueryCpPpointText        100240f0 f   msls4:LSTXTQRY.obj
 0001:00023220       LsQueryPointPcpText        10024220 f   msls4:LSTXTQRY.obj
 0001:00023540       LsQueryTextCellDetailsCore 10024540 f   msls4:LSTXTQRY.obj
 0001:00023644       LsQueryUpText              10024644 f   msls4:LSTXTQRY.obj
 0001:00023668       LsQueryDownText            10024668 f   msls4:LSTXTQRY.obj
 0001:0002368c       LsCreateILSObjText         1002468c f   msls4:LSTXTINI.obj
 0001:0002370c       LsSetDocText               1002470c f   msls4:LSTXTINI.obj
 0001:00023820       LsCreateLNObjText          10024820 f   msls4:LSTXTINI.obj
 0001:00023874       LsDestroyLNObjText         10024874 f   msls4:LSTXTINI.obj
 0001:00023890       LsSetTextParaParams        10024890 f   msls4:LSTXTINI.obj
 0001:000238c4       LsSetTextLineParams        100248c4 f   msls4:LSTXTINI.obj
 0001:000238d4       LsModifyTextLineEnding     100248d4 f   msls4:LSTXTINI.obj
 0001:000238e0       LsSetTextBreaking          100248e0 f   msls4:LSTXTINI.obj
 0001:00024054       LsDestroyILSObjText        10025054 f   msls4:LSTXTINI.obj
 0001:0002405c       LsSetTextConfig            1002505c f   msls4:LSTXTINI.obj
 0001:00024a58       LsSetTextModWidthPairs     10025a58 f   msls4:LSTXTINI.obj
 0001:00024b7c       LsSetTextCompression       10025b7c f   msls4:LSTXTINI.obj
 0001:00024ca4       LsSetTextExpansion         10025ca4 f   msls4:LSTXTINI.obj
 0001:00024e34       TsDestroyPenaltyContextCore 10025e34 f   msls4:TSPENALTYCORE.obj
 0001:00024f80       TsFComparePenaltyCore      10025f80 f   msls4:TSPENALTYCORE.obj
 0001:00025024       TsFCanMergePenaltyCalculationsCore 10026024 f   msls4:TSPENALTYCORE.obj
 0001:000250f8       TsFCompareRestrictionCore  100260f8 f   msls4:TSPENALTYCORE.obj
 0001:00025194       TsDestroyLinePenaltyInfoCore 10026194 f   msls4:TSPENALTYCORE.obj
 0001:00025204       TsDestroyPenaltyCalculationStateCore 10026204 f   msls4:TSPENALTYCORE.obj
 0001:00025274       TsDestroyLinePenaltyRestrictionCore 10026274 f   msls4:TSPENALTYCORE.obj
 0001:000252e4       TsIsBetterThanAnySmallerCore 100262e4 f   msls4:TSPENALTYCORE.obj
 0001:00025310       TsIsBetterThanAnyBiggerCore 10026310 f   msls4:TSPENALTYCORE.obj
 0001:000255dc       TsSetPenaltyContextCore    100265dc f   msls4:TSPENALTYCORE.obj
 0001:00025988       TsInitPenaltyStateCore     10026988 f   msls4:TSPENALTYCORE.obj
 0001:00025a70       TsCalculateLineVariantRestrictionCore 10026a70 f   msls4:TSPENALTYCORE.obj
 0001:00025ca4       TsDuplicateLinePenaltyInfoCore 10026ca4 f   msls4:TSPENALTYCORE.obj
 0001:00025d2c       TsCreateLinePenaltyInfoCore 10026d2c f   msls4:TSPENALTYCORE.obj
 0001:00025f00       TsCreateForcedLinePenaltyInfoCore 10026f00 f   msls4:TSPENALTYCORE.obj
 0001:000261c8       TsCreateDefaultPenaltyContextCore 100271c8 f   msls4:TSPENALTYCORE.obj
 0001:00026300       TsCalculatePenaltyCore     10027300 f   msls4:TSPENALTYCORE.obj
 0001:00026500       TsFCheckRestrictionCore    10027500 f   msls4:TSPENALTYCORE.obj
 0001:00026668       LscCompressExpandMaxStorageMax 10027668 f i msls4:ARRAYFACTORY.obj
 0001:000266d0       LsNewChunkContextFromFactory 100276d0 f   msls4:ARRAYFACTORY.obj
 0001:000266fc       LsReleaseChunkContextToFactory 100276fc f   msls4:ARRAYFACTORY.obj
 0001:00026738       LsNewGroupChunkExtFromFactory 10027738 f   msls4:ARRAYFACTORY.obj
 0001:00026764       LsReleaseGroupChunkExtToFactory 10027764 f   msls4:ARRAYFACTORY.obj
 0001:000268f8       LsNewChunkFragmentArraysFromFactory 100278f8 f   msls4:ARRAYFACTORY.obj
 0001:00026994       LsReleaseChunkFragmentArraysToFactory 10027994 f   msls4:ARRAYFACTORY.obj
 0001:00026aa4       LsReleaseCacheBreakOppToFactory 10027aa4 f   msls4:ARRAYFACTORY.obj
 0001:00026adc       LsIncreaseCacheBreakOpp    10027adc f   msls4:ARRAYFACTORY.obj
 0001:00026d24       LsIncreaseCacheForcedBreakOpp 10027d24 f   msls4:ARRAYFACTORY.obj
 0001:00026d84       LsNewTabsContextFromFactory 10027d84 f   msls4:ARRAYFACTORY.obj
 0001:00026e40       LsReleaseTabsContextToFactory 10027e40 f   msls4:ARRAYFACTORY.obj
 0001:000271b8       LsNewCacheBreakOppFromFactory 100281b8 f   msls4:ARRAYFACTORY.obj
 0001:000271e4       LsDestroyArrayFactory      100281e4 f   msls4:ARRAYFACTORY.obj
 0001:00027310       LsNewArrayFactory          10028310 f   msls4:ARRAYFACTORY.obj
 0001:00027424       TsInitPenaltyState         10028424 f   msls4:TSPENALTYAPI.obj
 0001:00027450       TsCalculatePenalty         10028450 f   msls4:TSPENALTYAPI.obj
 0001:0002746c       TsCalculateLineVariantRestriction 1002846c f   msls4:TSPENALTYAPI.obj
 0001:00027470       TsFComparePenalty          10028470 f   msls4:TSPENALTYAPI.obj
 0001:00027474       TsFCanMergePenaltyCalculations 10028474 f   msls4:TSPENALTYAPI.obj
 0001:00027478       TsFCompareRestriction      10028478 f   msls4:TSPENALTYAPI.obj
 0001:0002747c       TsDestroyLinePenaltyInfo   1002847c f   msls4:TSPENALTYAPI.obj
 0001:00027480       TsDestroyPenaltyCalculationState 10028480 f   msls4:TSPENALTYAPI.obj
 0001:00027484       TsDestroyLinePenaltyRestriction 10028484 f   msls4:TSPENALTYAPI.obj
 0001:00027488       TsDuplicateLinePenaltyInfo 10028488 f   msls4:TSPENALTYAPI.obj
 0001:0002748c       LsCreateQuickHeap          1002848c f   msls4:QHEAP.obj
 0001:000274ac       LsCreateQuickHeapFactory   100284ac f   msls4:QHEAP.obj
 0001:000275dc       LsCreateLineCore           100285dc f   msls4:LSCRLINEAPI.obj
 0001:00027e94       LsGetMinMaxDurUntilHardBreakCore 10028e94 f   msls4:LSCRLINEAPI.obj
 0001:0002860c       LsAppendMainLine           1002960c f   msls4:LSFORMAT.obj
 0001:00028718       LsDestroyLineCore          10029718 f   msls4:LSFORMAT.obj
 0001:000288a8       LsCreateEmptyLine          100298a8 f   msls4:LSFORMAT.obj
 0001:0002894c       LsAdjustStartLine          1002994c f   msls4:LSFORMAT.obj
 0001:00028c90       LsFormatMainLine           10029c90 f   msls4:LSFORMAT.obj
 0001:00029040       LsNewBreakRecordLine       1002a040 f   msls4:LSBREAKRECORDAPI.obj
 0001:00029080       LsDestroyBreakRecordLineCore 1002a080 f   msls4:LSBREAKRECORDAPI.obj
 0001:000290c0       LsDuplicateBreakRecordLineCore 1002a0c0 f   msls4:LSBREAKRECORDAPI.obj
 0001:00029138       LsFSuspectDeviceDifferent  1002a138 f   msls4:LSTXTJST.obj
 0001:00029140       LsFQuickAdjustExactPossible 1002a140 f   msls4:LSTXTJST.obj
 0001:00029190       LsQuickAdjustExact         1002a190 f   msls4:LSTXTJST.obj
 0001:00029454       LsCacheJustificationInfoText 1002a454 f   msls4:LSTXTJST.obj
 0001:000294ac       LsDistributeInText         1002a4ac f   msls4:LSTXTJST.obj
 0001:0002a3b0       LsGetTrailInfoText         1002b3b0 f   msls4:LSTXTJST.obj
 0001:0002a758       LsGetCompressionInfoText   1002b758 f   msls4:LSTXTJST.obj
 0001:0002af40       LsGetExpansionInfoText     1002bf40 f   msls4:LSTXTJST.obj
 0001:0002c55c       LsAdjustText               1002d55c f   msls4:LSTXTJST.obj
 0001:0002ccf4       LsDestroyGroupChunkExt     1002dcf4 f   msls4:GROUPCHUNKEXT.obj
 0001:0002cef4       LsFindPointOffset          1002def4 f   msls4:GROUPCHUNKEXT.obj
 0001:0002de00       LsCollectTextGroupChunk    1002ee00 f   msls4:GROUPCHUNKEXT.obj
 0001:0002de98       LsCollectLastTextGroupChunkForSublineFragment 1002ee98 f   msls4:GROUPCHUNKEXT.obj
 0001:0002dfc4       LsNewGroupChunkExt         1002efc4 f   msls4:GROUPCHUNKEXT.obj
 0001:0002e15c       LsFindTrailingArea         1002f15c f   msls4:GROUPCHUNKEXT.obj
 0001:0002e210       LsFindTrailingAreaForFragment 1002f210 f   msls4:GROUPCHUNKEXT.obj
 0001:0002e2d0       LsResolveTrailingAreaForTextGroupChunk 1002f2d0 f   msls4:GROUPCHUNKEXT.obj
 0001:0002e324       LsEndrForHardStop          1002f324 f   msls4:BREAK.obj
 0001:0002e3a8       LsBreakQuickCase           1002f3a8 f   msls4:BREAK.obj
 0001:0002e4e8       LsGetLineDurCore           1002f4e8 f   msls4:BREAK.obj
 0001:0002e974       LsFindForceBreakLineOptimal 1002f974 f   msls4:BREAK.obj
 0001:0002f1c8       LsResolveHardBreak         100301c8 f   msls4:BREAK.obj
 0001:0002f2d8       LsCalcMinDurBreaks         100302d8 f   msls4:BREAK.obj
 0001:0002ff2c       LsBreakGivenCp             10030f2c f   msls4:BREAK.obj
 0001:00031dc0       LsBreakGeneralCase         10032dc0 f   msls4:BREAK.obj
 0001:00031f68       LsAllocMemoryCore          10032f68 f   msls4:lsmemorycore.obj
 0001:00031f88       LsReallocMemoryCore        10032f88 f   msls4:lsmemorycore.obj
 0001:00031fa8       LsDestroyMemoryCore        10032fa8 f   msls4:lsmemorycore.obj
 0001:00031fb0       LsFillLineInfo             10032fb0 f   msls4:LSFILLLINEINFO.obj
 0001:00032090       LsFillLineInfoFromLine     10033090 f   msls4:LSFILLLINEINFO.obj
 0001:0003249c       LsSetLineProperties        1003349c f   msls4:LSINITFORMAT.obj
 0001:00032634       LsSetLinePropertiesParagraphFormatting 10033634 f   msls4:LSINITFORMAT.obj
 0001:00032670       LsSetParaProperties        10033670 f   msls4:LSINITFORMAT.obj
 0001:000330fc       LsDisplaySublineCore       100340fc f   msls4:DISPMAIN.obj
 0001:000334c0       LsEnumSublineCore          100344c0 f   msls4:EnumCore.obj
 0001:00033600       LsSobjhelpCreateLNObj      10034600 f   msls4:LSOBJSTATICHELP.obj
 0001:0003360c       LsSobjhelpDestroyLNObj     1003460c f   msls4:LSOBJSTATICHELP.obj
 0001:00033614       LsSobjhelpFmtResume        10034614 f   msls4:LSOBJSTATICHELP.obj
 0001:0003361c       LsSobjhelpGetModWidthPrecedingChar 1003461c f   msls4:LSOBJSTATICHELP.obj
 0001:00033638       LsSobjhelpGetModWidthFollowingChar 10034638 f   msls4:LSOBJSTATICHELP.obj
 0001:00033654       LsSobjhelpTruncate         10034654 f   msls4:LSOBJSTATICHELP.obj
 0001:00033674       LsSobjhelpFindPrevBreakOppInside 10034674 f   msls4:LSOBJSTATICHELP.obj
 0001:00033688       LsSobjhelpFindNextBreakOppInside 10034688 f   msls4:LSOBJSTATICHELP.obj
 0001:0003369c       LsSobjhelpFindBreakOppBeforeCpTruncate 1003469c f   msls4:LSOBJSTATICHELP.obj
 0001:000336ac       LsSobjhelpFindBreakOppAfterCpTruncate 100346ac f   msls4:LSOBJSTATICHELP.obj
 0001:000336bc       LsSobjhelpCreateStartOppInside 100346bc f   msls4:LSOBJSTATICHELP.obj
 0001:000336c4       LsSobjhelpProposeBreakAfter 100346c4 f   msls4:LSOBJSTATICHELP.obj
 0001:000336d4       LsSobjhelpProposeBreakBefore 100346d4 f   msls4:LSOBJSTATICHELP.obj
 0001:000336e4       LsSobjhelpCreateBreakOppAfter 100346e4 f   msls4:LSOBJSTATICHELP.obj
 0001:000336fc       LsSobjhelpCreateStartOppBefore 100346fc f   msls4:LSOBJSTATICHELP.obj
 0001:0003370c       LsSobjhelpCreateDobjFragment 1003470c f   msls4:LSOBJSTATICHELP.obj
 0001:00033790       LsSobjhelpCreateBreakRecord 10034790 f   msls4:LSOBJSTATICHELP.obj
 0001:000337a0       LsSobjhelpSetBreak         100347a0 f   msls4:LSOBJSTATICHELP.obj
 0001:000337a8       LsSobjhelpDestroyStartOpp  100347a8 f   msls4:LSOBJSTATICHELP.obj
 0001:000337b0       LsSobjhelpDestroyBreakOpp  100347b0 f   msls4:LSOBJSTATICHELP.obj
 0001:000337b8       LsSobjhelpDuplicateBreakRecord 100347b8 f   msls4:LSOBJSTATICHELP.obj
 0001:000337c8       LsSobjhelpDestroyBreakRecord 100347c8 f   msls4:LSOBJSTATICHELP.obj
 0001:000337d0       LsSobjhelpGetSubmissionInfoFromDobj 100347d0 f   msls4:LSOBJSTATICHELP.obj
 0001:000337e0       LsSobjhelpGetSublinesFromDobj 100347e0 f   msls4:LSOBJSTATICHELP.obj
 0001:000337f0       LsSobjhelpGetSubmissionInfoFromDobjFragment 100347f0 f   msls4:LSOBJSTATICHELP.obj
 0001:00033800       LsSobjhelpGetSubsFromDobjFragment 10034800 f   msls4:LSOBJSTATICHELP.obj
 0001:00033810       LsSobjhelpFExpandWithPrecedingChar 10034810 f   msls4:LSOBJSTATICHELP.obj
 0001:00033824       LsSobjhelpFExpandWithFollowingChar 10034824 f   msls4:LSOBJSTATICHELP.obj
 0001:00033838       LsSobjhelpDestroyDobjFragment 10034838 f   msls4:LSOBJSTATICHELP.obj
 0001:00033858       LsInitSobj                 10034858 f   msls4:LSOBJSTATICHELP.obj
 0001:0003387c       LsInitSils                 1003487c f   msls4:LSOBJSTATICHELP.obj
 0001:00033884       LsSobjhelpFindPrevForceBreakOppInside 10034884 f   msls4:LSOBJSTATICHELP.obj
 0001:00033898       LsSobjhelpFindForceBreakOppBeforeCpTruncate 10034898 f   msls4:LSOBJSTATICHELP.obj
 0001:000338e4       LsFormatSubline            100348e4 f   msls4:LSOBJHELP.obj
 0001:00033aa0       LsCreateQueryResult        10034aa0 f   msls4:LSOBJHELP.obj
 0001:00033b0c       LsCreateQueryVertResult    10034b0c f   msls4:LSOBJHELP.obj
 0001:00033bb4       ZqFromZa_C                 10034bb4 f   msls4:zqfromza.obj
 0001:0003470c       LsQuerySublineCpPpointCore 1003570c f   msls4:LSQCORE.obj
 0001:00034900       LsQuerySublinePointPcpCore 10035900 f   msls4:LSQCORE.obj
 0001:00034d00       LsQuerySublineUpDownCore   10035d00 f   msls4:LSQCORE.obj
 0001:000350a0       LsResolvePrevTabCore       100360a0 f   msls4:TABUTILS.obj
 0001:0003546c       LsGetMarginAfterBreakThroughTab 1003646c f   msls4:TABUTILS.obj
 0001:00035494       LsInitTabsContextForAutoDecimalTab 10036494 f   msls4:TABUTILS.obj
 0001:000357f8       LsGetCurTabInfoCore        100367f8 f   msls4:TABUTILS.obj
 0001:000359b0       LsPenHasBorder             100369b0 f   msls4:LSDNODEMACROEXT.obj
 0001:00035a2c       LsGetFirstCharInChunk      10036a2c f   msls4:LSTXTNTI.obj
 0001:00035ae8       LsGetLastCharInChunk       10036ae8 f   msls4:LSTXTNTI.obj
 0001:00035bac       LsModifyFirstCharInChunk   10036bac f   msls4:LSTXTNTI.obj
 0001:00035c68       LsModifyLastCharInChunk    10036c68 f   msls4:LSTXTNTI.obj
 0001:00035de8       LsNominalToIdealText       10036de8 f   msls4:LSTXTNTI.obj
 0001:00035e5c       LsCutTextDobj              10036e5c f   msls4:LSTXTNTI.obj
 0001:000363d0       LsNewChunkFragment         100373d0 f   msls4:LSCHUNKFRAGMENT.obj
 0001:00036568       LsNewChunkFragmentNoChange 10037568 f   msls4:LSCHUNKFRAGMENT.obj
 0001:00036654       LsDestroyChunkFragment     10037654 f   msls4:LSCHUNKFRAGMENT.obj
 0001:00036710       LsResolveChunkFragment     10037710 f   msls4:LSCHUNKFRAGMENT.obj
 0001:000368b0       LsNewChunkFragmentIterator 100378b0 f   msls4:LSCHUNKFRAGMENT.obj
 0001:0003693c       LsGetNextDnodeInChunkFragment 1003793c f   msls4:LSCHUNKFRAGMENT.obj
 0001:00036af8       LsDestroyChunkFragmentIterator 10037af8 f   msls4:LSCHUNKFRAGMENT.obj
 0001:00036b14       LsProposeBreakBeforeTabPenSplat 10037b14 f   msls4:BREAKTABPENSPLAT.obj
 0001:00036b74       LsProposeBreakAfterTabPenSplat 10037b74 f   msls4:BREAKTABPENSPLAT.obj
 0001:00036bb4       LsCreateBreakOppAfterTabPenSplat 10037bb4 f   msls4:BREAKTABPENSPLAT.obj
 0001:00036bc8       LsCreateStartOppBeforeTabPenSplat 10037bc8 f   msls4:BREAKTABPENSPLAT.obj
 0001:00036bd8       LsFindForceBreakOppBeforeCpTruncateTabPenSplat 10037bd8 f   msls4:BREAKTABPENSPLAT.obj
 0001:00036c4c       LsFCanCreateFragmentTabPenSplat 10037c4c f   msls4:BREAKTABPENSPLAT.obj
 0001:00037bc8       LsProposeBreakAfterText    10038bc8 f   msls4:LSTXTBRK.obj
 0001:00037ccc       LsProposeBreakBeforeText   10038ccc f   msls4:LSTXTBRK.obj
 0001:00039828       LsFindPrevBreakOppInsideText 1003a828 f   msls4:LSTXTBRK.obj
 0001:00039b3c       LsFindNextBreakOppInsideText 1003ab3c f   msls4:LSTXTBRK.obj
 0001:00039d10       LsFindBreakOppBeforeCpTruncateText 1003ad10 f   msls4:LSTXTBRK.obj
 0001:00039f9c       LsFindBreakOppAfterCpTruncateText 1003af9c f   msls4:LSTXTBRK.obj
 0001:0003a144       LsApplyBordersForTruncation 1003b144 f   msls4:BORDERSERVICE.obj
 0001:0003a334       LsCalcBordersInsideChunkFragment 1003b334 f   msls4:BORDERSERVICE.obj
 0001:0003a570       LsRemoveBorderDnodeFromList 1003b570 f   msls4:BORDERSERVICE.obj
 0001:0003a5c8       LsMoveClosingBorderAfterBreak 1003b5c8 f   msls4:BORDERSERVICE.obj
 0001:0003a7bc       LsNewAdjustContext         1003b7bc f   msls4:LSADJUSTCONTEXT.obj
 0001:0003a7f8       LsDestroyAdjustContext     1003b7f8 f   msls4:LSADJUSTCONTEXT.obj
 0001:0003a838       LsFillAdjustContextWithLineContent 1003b838 f   msls4:LSADJUSTCONTEXT.obj
 0001:0003a898       LsSetTabLeader             1003b898 f   msls4:LSTXTTAB.obj
 0001:0003a8a4       LsGetDecimalPoint          1003b8a4 f   msls4:LSTXTTAB.obj
 0001:0003ad04       LsGetCharTab               1003bd04 f   msls4:LSTXTTAB.obj
 0001:0003c61c       LsCreateTxtbreakopp        1003d61c f   msls4:LSTXTBRCROPP.obj
 0001:0003ceb0       LsDestroyTxtbreakopp       1003deb0 f   msls4:LSTXTBRCROPP.obj
 0001:0003cec0       LsCreateTxtstartopp        1003dec0 f   msls4:LSTXTBRCROPP.obj
 0001:0003d484       LsDestroyTxtstartopp       1003e484 f   msls4:LSTXTBRCROPP.obj
 0001:0003d494       TsCheckAdditionForRestriction 1003e494 f i msls4:LSTXTBROPPINFO.obj
 0001:0003d4dc       LsGetStartoppInfoFromBreakoppText 1003e4dc f   msls4:LSTXTBROPPINFO.obj
 0001:0003d55c       LsCreateTxtBreakInfoForOneOpp 1003e55c f   msls4:LSTXTBROPPINFO.obj
 0001:0003d798       LsCreateTxtBreakInfoForEol 1003e798 f   msls4:LSTXTBROPPINFO.obj
 0001:0003dad8       LsCreateTxtStartInfoForOneOpp 1003ead8 f   msls4:LSTXTBROPPINFO.obj
 0001:0003dd48       LsFindPrevChar             1003ed48 f   msls4:LSTXTBRSERV.obj
 0001:0003ddbc       LsFindNextChar             1003edbc f   msls4:LSTXTBRSERV.obj
 0001:0003de38       LsFindPrevSubstantialChar  1003ee38 f   msls4:LSTXTBRSERV.obj
 0001:0003dea4       LsFindNextSubstantialChar  1003eea4 f   msls4:LSTXTBRSERV.obj
 0001:0003df1c       LsFindSpaceBefore          1003ef1c f   msls4:LSTXTBRSERV.obj
 0001:0003e048       LsFindSpaceAfter           1003f048 f   msls4:LSTXTBRSERV.obj
 0001:0003e188       LsFindNonSpaceBefore       1003f188 f   msls4:LSTXTBRSERV.obj
 0001:0003e25c       LsFindNonSpaceAfter        1003f25c f   msls4:LSTXTBRSERV.obj
 0001:0003e34c       LsFindPrevSubstantialFragm 1003f34c f   msls4:LSTXTBRSERV.obj
 0001:0003e3c4       LsFindNextSubstantialFragm 1003f3c4 f   msls4:LSTXTBRSERV.obj
 0001:0003e43c       LsFindItxtobjIwchFromDcp   1003f43c f   msls4:LSTXTBRSERV.obj
 0001:0003e480       LsParseYsr                 1003f480 f   msls4:LSTXTBRSERV.obj
 0001:0003e670       LsGetReplCharFromFragm     1003f670 f   msls4:LSTXTBRCRFRAGM.obj
 0001:0003f818       LsDestroyTxtfragm          10040818 f   msls4:LSTXTBRCRFRAGM.obj
 0001:00041d54       LsCreateTxtfragms          10042d54 f   msls4:LSTXTBRCRFRAGM.obj
 0001:00042170       LsCopyMainArraysFromFragmToObj 10043170 f   msls4:LSTXTBRSETBREAK.obj
 0001:000425fc       LsSetBreakTxtobjs          100435fc f   msls4:LSTXTBRSETBREAK.obj
 0001:000426c4       LsIgindFirstFromIwch       100436c4 f   msls4:LSTXTMAP.obj
 0001:000426d0       LsIgindLastFromIwch        100436d0 f   msls4:LSTXTMAP.obj
 0001:000426f0       LsIgindBaseFromIgind       100436f0 f   msls4:LSTXTMAP.obj
 0001:0004271c       LsIwchFirstFromIgind       1004371c f   msls4:LSTXTMAP.obj
 0001:0004277c       LsIwchLastFromIwch         1004377c f   msls4:LSTXTMAP.obj
 0001:0004279c       LsIwchFirstFromIwch        1004379c f   msls4:LSTXTMAP.obj
 0001:000427bc       LsFIwchOneToOne            100437bc f   msls4:LSTXTMAP.obj
 0001:000427cc       LsFIwchLastInContext       100437cc f   msls4:LSTXTMAP.obj
 0001:000427d8       LsFIgindLastInContext      100437d8 f   msls4:LSTXTMAP.obj
 0001:000427e4       LsCopyGmapWithGivenIgind   100437e4 f   msls4:LSTXTMAP.obj
 0001:00042814       LsInterpretMap             10043814 f   msls4:LSTXTMAP.obj
 0001:0004297c       LsCalcPartWidths           1004397c f   msls4:LSTXTBRWIDTH.obj
 0001:00042a78       LsCalcWidthOfFragm         10043a78 f   msls4:LSTXTBRWIDTH.obj
 0001:00042b0c       LsCheckHotZoneUseTruncate  10043b0c f   msls4:LSTXTBRWIDTH.obj
 0001:00042bc8       LsFetchWidthOfChar         10043bc8 f   msls4:LSTXTBRWIDTH.obj
 0001:00042cd0       LsFetchWidthOfGlyph        10043cd0 f   msls4:LSTXTBRWIDTH.obj
 0001:000430c8       LsFHyphenFitsUseTruncate   100440c8 f   msls4:LSTXTBRWIDTH.obj
 0001:00043384       LsdnFInChildList           10044384 f   msls4:LSDNTEXT.obj
 0001:000433a4       LsdnGetUrPenAtBeginningOfChunk 100443a4 f   msls4:LSDNTEXT.obj
 0001:0004343c       LsdnGetPenAtBeginningOfDnode 1004443c f   msls4:LSDNTEXT.obj
 0001:000434e0       LsdnGetBorderAfter         100444e0 f   msls4:LSDNTEXT.obj
 0001:00043550       LsdnGetLeftIndentDur       10044550 f   msls4:LSDNTEXT.obj
 0001:00043570       LsdnSetStopr               10044570 f   msls4:LSDNTEXT.obj
 0001:00043624       LsdnSetTabr                10044624 f   msls4:LSDNTEXT.obj
 0001:00043680       LsdnFCanBreakBeforeNextChunk 10044680 f   msls4:LSDNTEXT.obj
 0001:00043690       LsdnFStoppedAfterChunk     10044690 f   msls4:LSDNTEXT.obj
 0001:000436e0       LsCreateTextBlob           100446e0 f   msls4:LSTXTBLOBAPI.obj
 0001:00043784       LsDestroyTextBlob          10044784 f   msls4:LSTXTBLOBAPI.obj
 0001:00043880       LsGetArrayFromBlob         10044880 f   msls4:LSTXTBLOBAPI.obj
 0001:00043910       LsCutLastArrayInBlob       10044910 f   msls4:LSTXTBLOBAPI.obj
 0001:00043998       LsDestroyArrayInBlob       10044998 f   msls4:LSTXTBLOBAPI.obj
 0001:00043ab4       LsReplaceArrayFromBlob     10044ab4 f   msls4:LSTXTBLOBAPI.obj
 0001:00043b50       LsAllocAggregJust          10044b50 f   msls4:LSTXTOBJSERV.obj
 0001:00043bdc       LsCopyMainArraysFromObjToObj 10044bdc f   msls4:LSTXTOBJSERV.obj
 0001:00043c7c       LsFillSpaceArrayInTxtobj   10044c7c f   msls4:LSTXTOBJSERV.obj
 0001:00043cec       LsSetNullsInArraysInTxtobj 10044cec f   msls4:LSTXTOBJSERV.obj
 0001:00043d88       LsDestroyNtiInfoInTxtobj   10044d88 f   msls4:LSTXTOBJSERV.obj
 0001:0004404c       LsCheckReallocJustifArraysTxtobj 1004504c f   msls4:LSTXTOBJSERV.obj
 0001:000442e0       LsDestroyJustifInfoInTxtobj 100452e0 f   msls4:LSTXTOBJSERV.obj
 0001:00044428       LsCheckReallocArraysTxtobj 10045428 f   msls4:LSTXTOBJSERV.obj
 0001:000447fc       LsCleanupTxtobj            100457fc f   msls4:LSTXTOBJSERV.obj
 0001:00044824       LsCacheFullMixedInfo       10045824 f   msls4:LSTXTOPT.obj
 0001:00045b88       LsGetFullMixedInfo         10046b88 f   msls4:LSTXTOPT.obj
 0001:00046414       LsApplyDistribution        10047414 f   msls4:LSTXTDISTR.obj
 0001:0004667c       LsCompressLastCharRight    1004767c f   msls4:LSTXTCMP.obj
 0001:00047ac8       LsGetTableCompressInfo     10048ac8 f   msls4:LSTXTCMP.obj
 0001:00048268       LsCacheTableCompressInfo   10049268 f   msls4:LSTXTCMP.obj
 0001:00048610       LsApplyCompress            10049610 f   msls4:LSTXTCMP.obj
 0001:00048aa8       LsApplyExpand              10049aa8 f   msls4:LSTXTCMP.obj
 0001:00048bd4       LsScaleSpaces              10049bd4 f   msls4:LSTXTSCL.obj
 0001:00048d50       LsApplySides               10049d50 f   msls4:LSTXTSCL.obj
 0001:00048fc4       LsScaleExtNonText          10049fc4 f   msls4:LSTXTSCL.obj
 0001:00049044       LsSetBeforeJust            1004a044 f   msls4:LSTXTSCL.obj
 0001:000490b8       LsFixExptBeforeJust        1004a0b8 f   msls4:LSTXTSCL.obj
 0001:00049208       LsGetDupLastChar           1004a208 f   msls4:LSTXTSCL.obj
 0001:00049228       LsFillDupPen               1004a228 f   msls4:LSTXTSCL.obj
 0001:000493e0       LsFinalAdjustmentOnPres    1004a3e0 f   msls4:LSTXTSCL.obj
 0001:0004a338       LsApplyNonExactWysi        1004b338 f   msls4:LSTXTSCL.obj
 0001:0004aa28       LsApplyWysi                1004ba28 f   msls4:LSTXTSCL.obj
 0001:0004aeb4       LsScaleSidesInPlace        1004beb4 f   msls4:LSTXTSCL.obj
 0001:0004b0e8       LsReplGlyphsForVisi        1004c0e8 f   msls4:LSTXTSCL.obj
 0001:0004b150       LsDurFromFragm             1004c150 f   msls4:LSTXTFRAGMSERV.obj
 0001:0004b27c       LsDurGindFromFragm         1004c27c f   msls4:LSTXTFRAGMSERV.obj
 0001:0004b370       LsIwchLastFromIwchFromFragm 1004c370 f   msls4:LSTXTFRAGMSERV.obj
 0001:0004b3fc       LsIwchFirstFromIwchFromFragm 1004c3fc f   msls4:LSTXTFRAGMSERV.obj
 0001:0004b488       LsIgindFirstFromIwchFromFragm 1004c488 f   msls4:LSTXTFRAGMSERV.obj
 0001:0004b51c       LsIgindLastFromIwchFromFragm 1004c51c f   msls4:LSTXTFRAGMSERV.obj
 0001:0004b5bc       LsIgindBaseFromIgindFromFragm 1004c5bc f   msls4:LSTXTFRAGMSERV.obj
 0001:0004b634       LsFIwchOneToOneFromFragm   1004c634 f   msls4:LSTXTFRAGMSERV.obj
 0001:0004b6a4       LsAggregateJustForOneFragm 1004c6a4 f   msls4:LSTXTFRAGMSERV.obj
 0001:0004c9e4       LsPositiveSimpleSpaceJustification 1004d9e4 f   msls4:LSTXTWRD.obj
 0001:0004ca54       LsNegativeSimpleSpaceJustification 1004da54 f   msls4:LSTXTWRD.obj
 0001:0004cae0       LsPositiveSpaceJustification 1004dae0 f   msls4:LSTXTWRD.obj
 0001:0004cb5c       LsNegativeSpaceJustification 1004db5c f   msls4:LSTXTWRD.obj
 0001:0004efac       LsApplyGlyphExpand         1004ffac f   msls4:LSTXTGLF.obj
 0001:000509e0       LsApplyFullMixed           100519e0 f   msls4:LSTXTOPTAPL.obj
 0001:00050bec       LsNewGroupChunkIterator    10051bec f   msls4:GROUPCHUNKITERATOR.obj
 0001:00050c68       LsDestroyGroupChunkIterator 10051c68 f   msls4:GROUPCHUNKITERATOR.obj
 0001:000510a4       LsGetNextDnodeInGroupChunk 100520a4 f   msls4:GROUPCHUNKITERATOR.obj
 0001:000512ac       LsDestroyGroupChunkIteratorFragment 100522ac f   msls4:GROUPCHUNKITERATOR.obj
 0001:00051324       LsNewGroupChunkIteratorFragment 10052324 f   msls4:GROUPCHUNKITERATOR.obj
 0001:0005172c       LsGetNextDnodeInGroupChunkFragment 1005272c f   msls4:GROUPCHUNKITERATOR.obj
 0001:00051c44       LsAdvanceToNextDnode       10052c44 f   msls4:DISPMISC.obj
 0001:00051c70       LsAdvanceToFirstDnode      10052c70 f   msls4:DISPMISC.obj
 0001:00051ca4       LsAdvanceToNextSubmittingDnode 10052ca4 f   msls4:DISPMISC.obj
 0001:00051cd0       LsAdvanceToFirstSubmittingDnode 10052cd0 f   msls4:DISPMISC.obj
 0001:00052080       LsCreateDisplayTree        10053080 f   msls4:DISPMISC.obj
 0001:00052e4c       LsDrawDecorations          10053e4c f   msls4:dispul.obj
 0001:00052ed4       LsGetNextImportantRunNti   10053ed4 f   msls4:LSTXTNTICORE.obj
 0001:00052f28       LsGetPrevImportantRunNti   10053f28 f   msls4:LSTXTNTICORE.obj
 0001:00055310       LsNominalToIdealTextCore   10056310 f   msls4:LSTXTNTICORE.obj
 0001:000557f0       LsGetEms                   100567f0 f   msls4:LSTXTMOD.obj
 0001:000558e0       LsGetChanges               100568e0 f   msls4:LSTXTMOD.obj
 0001:000559cc       LsGetChangesWithVariation  100569cc f   msls4:LSTXTMOD.obj
 0001:00055a4c       LsTranslateChanges         10056a4c f   msls4:LSTXTMOD.obj
 0001:00055afc       LsInterpretChanges         10056afc f   msls4:LSTXTMOD.obj
 0001:00055b88       LsApplyChanges             10056b88 f   msls4:LSTXTMOD.obj
 0001:00055c04       LsUndoAppliedChanges       10056c04 f   msls4:LSTXTMOD.obj
 0001:00055c4c       LsApplyGlyphChanges        10056c4c f   msls4:LSTXTMOD.obj
 0001:00055c90       LsAllocFullMixed           10056c90 f   msls4:LSTXTFULLMIXEDSERV.obj
 0001:00055f04       LsCopyFullMixed            10056f04 f   msls4:LSTXTFULLMIXEDSERV.obj
 0001:00055fac       LsDestroyFullMixed         10056fac f   msls4:LSTXTFULLMIXEDSERV.obj
 0001:00056110       Ls2DimCopy                 10057110 f   msls4:LSTXT2DIMSERV.obj
 0001:00056170       LsAggregateLeftRight       10057170 f   msls4:LSTXT2DIMSERV.obj
 0001:00056228       LsAddArraysIntoFirst       10057228 f   msls4:LSTXT2DIMSERV.obj
 0001:00056254       LsSubtractArraysIntoFirst  10057254 f   msls4:LSTXT2DIMSERV.obj
 0001:00056790       LsSetCharJustForHyphenWithoutYsrInBreak 10057790 f   msls4:LSTXTOPTOPP.obj
 0001:00056d60       LsSetCharJustWithoutHyphenInBreak 10057d60 f   msls4:LSTXTOPTOPP.obj
 0001:00056e20       LsSetGlyphJustInBreak      10057e20 f   msls4:LSTXTOPTOPP.obj
 0001:0005789c       LsSetCharJustInStart       1005889c f   msls4:LSTXTOPTOPP.obj
 0001:00057968       LsSetGlyphJustInStart      10058968 f   msls4:LSTXTOPTOPP.obj
 0001:00058880       LsSetZeroCharNtiUseTruncate 10059880 f   msls4:LSTXTNTIOPP.obj
 0001:00058888       LsSetCharNtiUseTruncate    10059888 f   msls4:LSTXTNTIOPP.obj
 0001:00058970       LsSetCharNtiForHyphenWithoutYsrInBreak 10059970 f   msls4:LSTXTNTIOPP.obj
 0001:00058ea4       LsSetCharNtiWithoutHyphenInBreak 10059ea4 f   msls4:LSTXTNTIOPP.obj
 0001:00059064       LsSetCharNtiInStart        1005a064 f   msls4:LSTXTNTIOPP.obj
 0001:0005931c       LsSetGlyphsHyphenateUseTruncate 1005a31c f   msls4:LSTXTNTIOPP.obj
 0001:000594b4       LsSetGlyphsInBreak         1005a4b4 f   msls4:LSTXTNTIOPP.obj
 0001:0005a6f4       LsSetGlyphsInStart         1005b6f4 f   msls4:LSTXTNTIOPP.obj
 0001:0005bbb0       LsFetchModWidthClassesForRun 1005cbb0 f   msls4:LSTXTNTISERV.obj
 0001:0005bc88       LsApplyNtiStartLine        1005cc88 f   msls4:LSTXTNTISERV.obj
 0001:0005be9c       LsUndoAppliedCharNti       1005ce9c f   msls4:LSTXTNTISERV.obj
 0001:0005cd48       LsApplyCharNtiToRun        1005dd48 f   msls4:LSTXTNTISERV.obj
 0001:0005cfb0       LsApplyGlyphNtiToArray     1005dfb0 f   msls4:LSTXTNTISERV.obj
 0001:0005d4c8       LsCreatePrevNeighborFromFragm 1005e4c8 f   msls4:LSTXTOPTSERV.obj
 0001:0005d70c       LsCreateNextNeighborFromFragm 1005e70c f   msls4:LSTXTOPTSERV.obj
 0001:0005d940       LsAggregateJustForCache    1005e940 f   msls4:LSTXTOPTSERV.obj
 0001:0005e25c       LsGetFullMixedInfoForOneGlyphInFragm 1005f25c f   msls4:LSTXTOPTSERV.obj
 0001:0005e404       LsGetFullMixedInfoForOneCharInFragm 1005f404 f   msls4:LSTXTOPTSERV.obj
 0001:0005edf8       LsGetFullMixedInfoForGlyphFragm 1005fdf8 f   msls4:LSTXTOPTSERV.obj
 0001:0005f03c       LsGetFullMixedInfoForCharFragm 1006003c f   msls4:LSTXTOPTSERV.obj
 0001:0005f230       LsFGetNextDobjForJust      10060230 f   msls4:LSTXTJSTSERV.obj
 0001:0005f308       LsGetPrevDobjForJust       10060308 f   msls4:LSTXTJSTSERV.obj
 0001:0005f374       LsFGetNextFragmForJust     10060374 f   msls4:LSTXTJSTSERV.obj
 0001:0005f4d4       TsCheckPositiveMultiplication 100604d4 f i msls4shared:TSMEMORYCORE.obj
 0001:0005f520       TsCreateMemoryContext      10060520 f   msls4shared:TSMEMORYCORE.obj
 0001:0005f590       TsDestroyMemoryContext     10060590 f   msls4shared:TSMEMORYCORE.obj
 0001:0005f5d0       TsAllocMemoryCore          100605d0 f   msls4shared:TSMEMORYCORE.obj
 0001:0005f674       TsReallocMemoryCore        10060674 f   msls4shared:TSMEMORYCORE.obj
 0001:0005f71c       TsDestroyMemoryCore        1006071c f   msls4shared:TSMEMORYCORE.obj
 0001:0005f864       TsDestroyQuickHeap         10060864 f   msls4shared:TSMEMORYCORE.obj
 0001:0005f8b4       TsPvNewQuickProc           100608b4 f   msls4shared:TSMEMORYCORE.obj
 0001:0005f9e4       TsDisposeQuickPvProc       100609e4 f   msls4shared:TSMEMORYCORE.obj
 0001:0005f9f8       TsCreateQuickHeapFactory   100609f8 f   msls4shared:TSMEMORYCORE.obj
 0001:0005fa80       TsNewQuickHeapFromFactory  10060a80 f   msls4shared:TSMEMORYCORE.obj
 0001:0005fad4       TsReleaseQuickHeapToFactory 10060ad4 f   msls4shared:TSMEMORYCORE.obj
 0001:0005fb00       TsDestroyQuickHeapFactory  10060b00 f   msls4shared:TSMEMORYCORE.obj
 0001:0005fb30       TsCreateQuickHeap          10060b30 f   msls4shared:TSMEMORYCORE.obj
 0001:0005fb58       DllMain                    10060b58 f   corelib0:dllmain.obj
 0001:0005fb6c       __GSHandlerCheckCommon     10060b6c f   corelib0:gshandler.obj
 0001:0005fba8       __GSHandlerCheck           10060ba8 f   corelib0:gshandler.obj
 0001:0005fbc8       __security_check_cookie    10060bc8 f   corelib0:armsecgs.obj
 0001:0005fbd8       __gsfailure                10060bd8     corelib0:armsecgs.obj
 0001:0005fc1c       memcpy                     10060c1c f   corelib1:COREDLL.dll
 0001:0005fc2c       memset                     10060c2c f   corelib1:COREDLL.dll
 0001:0005fc3c       __report_gsfailure         10060c3c f   corelib1:COREDLL.dll
 0001:0005fc4c       DisableThreadLibraryCalls  10060c4c f   coredll:COREDLL.dll
 0001:0005fcbc       __IMPORT_DESCRIPTOR_COREDLL 10060cbc     corelib1:COREDLL.dll
 0001:0005fcd0       __NULL_IMPORT_DESCRIPTOR   10060cd0     corelib1:COREDLL.dll
 0002:00000000       __imp_memcpy               10062000     corelib1:COREDLL.dll
 0002:00000004       __imp_memset               10062004     corelib1:COREDLL.dll
 0002:00000008       __imp___rt_sdiv64by64      10062008     corelib1:COREDLL.dll
 0002:0000000c       __imp___rt_sdiv            1006200c     corelib1:COREDLL.dll
 0002:00000010       __imp___rt_udiv            10062010     corelib1:COREDLL.dll
 0002:00000014       __imp___report_gsfailure   10062014     corelib1:COREDLL.dll
 0002:00000018       __imp_DisableThreadLibraryCalls 10062018     coredll:COREDLL.dll
 0002:0000001c       \177COREDLL_NULL_THUNK_DATA 1006201c     corelib1:COREDLL.dll
 0002:00000080       __security_cookie          10062080     corelib0:seccinit.obj
 0002:00000084       __security_cookie_complement 10062084     corelib0:seccinit.obj

 entry point at        0001:0005fb58

 Static symbols

 0001:00001468       ErrorInCurrentSubline      10002468 f   msls4:LSCRSUBL.obj
 0001:000027e8       InitObject                 100037e8 f   msls4:LSCONTXT.obj
 0001:00003190       ReleaseCacheBreakOpp       10004190 f   msls4:LSPARABREAK.obj
 0001:00003260       CacheTextBreakInfoForQuick 10004260 f   msls4:LSPARABREAK.obj
 0001:0000366c       FillPenaltyInfo            1000466c f   msls4:LSPARABREAK.obj
 0001:000037f0       SetStartTextInfo           100047f0 f   msls4:LSPARABREAK.obj
 0001:00003aa8       ResolvePenPostionUsedForceBreak 10004aa8 f   msls4:LSPARABREAK.obj
 0001:00003c70       CpVisFromCp                10004c70 f   msls4:LSPARABREAK.obj
 0001:00003d50       DestroyVariantInfoTemp     10004d50 f   msls4:LSPARABREAK.obj
 0001:00003e7c       AnalyzeBreak               10004e7c f   msls4:LSPARABREAK.obj
 0001:0000411c       AnalyzeBreakQuick          1000511c f   msls4:LSPARABREAK.obj
 0001:00004404       CalcIndexStartSearch       10005404 f   msls4:LSPARABREAK.obj
 0001:000047a0       CacheBreakOpp              100057a0 f   msls4:LSPARABREAK.obj
 0001:00004944       FillForceBreakAsNext       10005944 f   msls4:LSPARABREAK.obj
 0001:00004d78       ErrLsGetLineBreaks         10005d78 f   msls4:LSPARABREAK.obj
 0001:00004ddc       CacheLine                  10005ddc f   msls4:LSPARABREAK.obj
 0001:00004fc8       ContinueLine               10005fc8 f   msls4:LSPARABREAK.obj
 0001:00005148       FillVariantInfo            10006148 f   msls4:LSPARABREAK.obj
 0001:00005580       FindBestFit                10006580 f   msls4:LSPARABREAK.obj
 0001:000057b8       ResolvePenPostionUsedForGetBreaks 100067b8 f   msls4:LSPARABREAK.obj
 0001:00005990       FillForceBreak             10006990 f   msls4:LSPARABREAK.obj
 0001:000061e4       CopyVariantInfo            100071e4 f   msls4:LSPARABREAK.obj
 0001:00006ffc       LSDrawBreaks               10007ffc f   msls4:LSDSPLY.obj
 0001:000075ac       HihCreateILSObj            100085ac f   msls4:LSOBJHIH.obj
 0001:00007668       HihDestroyILSObj           10008668 f   msls4:LSOBJHIH.obj
 0001:00007680       HihSetDoc                  10008680 f   msls4:LSOBJHIH.obj
 0001:000076ac       HihFmt                     100086ac f   msls4:LSOBJHIH.obj
 0001:00007838       HihGetSpecialEffectsFromDobj 10008838 f   msls4:LSOBJHIH.obj
 0001:00007840       HihGetSpecialEffectsFromDobjFragment 10008840 f   msls4:LSOBJHIH.obj
 0001:0000784c       HihCalcPresentation        1000884c f   msls4:LSOBJHIH.obj
 0001:00007854       HihQueryPointPcp           10008854 f   msls4:LSOBJHIH.obj
 0001:00007880       HihQueryCpPpoint           10008880 f   msls4:LSOBJHIH.obj
 0001:000078ac       HihQueryUp                 100088ac f   msls4:LSOBJHIH.obj
 0001:000078ec       HihQueryDown               100088ec f   msls4:LSOBJHIH.obj
 0001:0000792c       HihEnum                    1000892c f   msls4:LSOBJHIH.obj
 0001:00007990       HihDisplay                 10008990 f   msls4:LSOBJHIH.obj
 0001:000079a0       HihDestroyDObj             100089a0 f   msls4:LSOBJHIH.obj
 0001:00007c34       NewBreakOppReverse         10008c34 f   msls4:LSOBJREVERSE.obj
 0001:00007c84       FreeBreakOppReverse        10008c84 f   msls4:LSOBJREVERSE.obj
 0001:00007cb8       ReverseFmtCore             10008cb8 f   msls4:LSOBJREVERSE.obj
 0001:00007f68       ReverseCreateILSObj        10008f68 f   msls4:LSOBJREVERSE.obj
 0001:0000803c       ReverseDestroyILSObj       1000903c f   msls4:LSOBJREVERSE.obj
 0001:00008054       ReverseSetDoc              10009054 f   msls4:LSOBJREVERSE.obj
 0001:0000805c       ReverseCreateLNObj         1000905c f   msls4:LSOBJREVERSE.obj
 0001:00008068       ReverseDestroyLNObj        10009068 f   msls4:LSOBJREVERSE.obj
 0001:00008070       ReverseFmt                 10009070 f   msls4:LSOBJREVERSE.obj
 0001:00008094       ReverseFmtResume           10009094 f   msls4:LSOBJREVERSE.obj
 0001:000080c4       ReverseGetModWidthPrecedingChar 100090c4 f   msls4:LSOBJREVERSE.obj
 0001:000080e0       ReverseGetModWidthFollowingChar 100090e0 f   msls4:LSOBJREVERSE.obj
 0001:000080fc       ReverseTruncate            100090fc f   msls4:LSOBJREVERSE.obj
 0001:00008184       ReverseFindPrevBreakOppInside 10009184 f   msls4:LSOBJREVERSE.obj
 0001:00008338       ReverseFindNextBreakOppInside 10009338 f   msls4:LSOBJREVERSE.obj
 0001:000084fc       ReverseFindBreakOppBeforeCpTruncate 100094fc f   msls4:LSOBJREVERSE.obj
 0001:00008710       ReverseFindBreakOppAfterCpTruncate 10009710 f   msls4:LSOBJREVERSE.obj
 0001:00008850       ReverseCreateStartOppInside 10009850 f   msls4:LSOBJREVERSE.obj
 0001:00008938       ReverseProposeBreakAfter   10009938 f   msls4:LSOBJREVERSE.obj
 0001:00008970       ReverseProposeBreakBefore  10009970 f   msls4:LSOBJREVERSE.obj
 0001:000089a8       ReverseCreateBreakOppAfter 100099a8 f   msls4:LSOBJREVERSE.obj
 0001:000089c0       ReverseCreateStartOppBefore 100099c0 f   msls4:LSOBJREVERSE.obj
 0001:000089d0       ReverseCreateDobjFragment  100099d0 f   msls4:LSOBJREVERSE.obj
 0001:00008be0       ReverseCreateBreakRecord   10009be0 f   msls4:LSOBJREVERSE.obj
 0001:00008ca8       ReverseSetBreak            10009ca8 f   msls4:LSOBJREVERSE.obj
 0001:00008ce8       ReverseDestroyStartOpp     10009ce8 f   msls4:LSOBJREVERSE.obj
 0001:00008d20       ReverseDestroyBreakOpp     10009d20 f   msls4:LSOBJREVERSE.obj
 0001:00008d30       ReverseDuplicateBreakRecord 10009d30 f   msls4:LSOBJREVERSE.obj
 0001:00008e04       ReverseDestroyBreakRecord  10009e04 f   msls4:LSOBJREVERSE.obj
 0001:00008e38       ReverseGetSpecialEffectsFromDobj 10009e38 f   msls4:LSOBJREVERSE.obj
 0001:00008e40       ReverseGetSpecialEffectsFromDobjFragment 10009e40 f   msls4:LSOBJREVERSE.obj
 0001:00008e48       ReverseGetSubmissionInfoFromDobj 10009e48 f   msls4:LSOBJREVERSE.obj
 0001:00008eb0       ReverseGetSublinesFromDobj 10009eb0 f   msls4:LSOBJREVERSE.obj
 0001:00008ecc       ReverseGetSubmissionInfoFromDobjFragment 10009ecc f   msls4:LSOBJREVERSE.obj
 0001:00008f38       ReverseGetSubsFromDobjFragment 10009f38 f   msls4:LSOBJREVERSE.obj
 0001:00008f5c       ReverseFExpandWithPrecedingChar 10009f5c f   msls4:LSOBJREVERSE.obj
 0001:00008f70       ReverseFExpandWithFollowingChar 10009f70 f   msls4:LSOBJREVERSE.obj
 0001:00008f84       ReverseCalcPresentation    10009f84 f   msls4:LSOBJREVERSE.obj
 0001:00008fd4       ReverseQueryPointPcp       10009fd4 f   msls4:LSOBJREVERSE.obj
 0001:00009004       ReverseQueryCpPpoint       1000a004 f   msls4:LSOBJREVERSE.obj
 0001:00009034       ReverseQueryUp             1000a034 f   msls4:LSOBJREVERSE.obj
 0001:00009078       ReverseQueryDown           1000a078 f   msls4:LSOBJREVERSE.obj
 0001:000090bc       ReverseEnum                1000a0bc f   msls4:LSOBJREVERSE.obj
 0001:0000917c       ReverseDisplay             1000a17c f   msls4:LSOBJREVERSE.obj
 0001:000091fc       ReverseDestroyDObj         1000a1fc f   msls4:LSOBJREVERSE.obj
 0001:0000922c       ReverseDestroyDobjFragment 1000a22c f   msls4:LSOBJREVERSE.obj
 0001:00009260       ReverseFindPrevForceBreakOppInside 1000a260 f   msls4:LSOBJREVERSE.obj
 0001:000093e4       ReverseFindForceBreakOppBeforeCpTruncate 1000a3e4 f   msls4:LSOBJREVERSE.obj
 0001:0000984c       RubyFreeDobj               1000a84c f   msls4:LSOBJRUBY.obj
 0001:00009888       GetRunsForSubline          1000a888 f   msls4:LSOBJRUBY.obj
 0001:00009938       DoRubySpaceDistribution    1000a938 f   msls4:LSOBJRUBY.obj
 0001:00009a3c       ModWidthHandler            1000aa3c f   msls4:LSOBJRUBY.obj
 0001:00009bc0       CalcRubyPosition           1000abc0 f   msls4:LSOBJRUBY.obj
 0001:00009c44       RubyCreateILSObj           1000ac44 f   msls4:LSOBJRUBY.obj
 0001:00009d74       RubyDestroyILSObj          1000ad74 f   msls4:LSOBJRUBY.obj
 0001:00009d8c       RubySetDoc                 1000ad8c f   msls4:LSOBJRUBY.obj
 0001:00009db8       RubyCreateLNObj            1000adb8 f   msls4:LSOBJRUBY.obj
 0001:00009dc4       RubyDestroyLNObj           1000adc4 f   msls4:LSOBJRUBY.obj
 0001:00009dcc       RubyFmt                    1000adcc f   msls4:LSOBJRUBY.obj
 0001:0000a468       RubyFmtResume              1000b468 f   msls4:LSOBJRUBY.obj
 0001:0000a470       RubyGetModWidthPrecedingChar 1000b470 f   msls4:LSOBJRUBY.obj
 0001:0000a500       RubyGetModWidthFollowingChar 1000b500 f   msls4:LSOBJRUBY.obj
 0001:0000a590       RubyTruncate               1000b590 f   msls4:LSOBJRUBY.obj
 0001:0000a5b0       RubyFindPrevBreakOppInside 1000b5b0 f   msls4:LSOBJRUBY.obj
 0001:0000a5c4       RubyFindNextBreakOppInside 1000b5c4 f   msls4:LSOBJRUBY.obj
 0001:0000a5d8       RubyFindBreakOppBeforeCpTruncate 1000b5d8 f   msls4:LSOBJRUBY.obj
 0001:0000a5e8       RubyFindBreakOppAfterCpTruncate 1000b5e8 f   msls4:LSOBJRUBY.obj
 0001:0000a5f8       RubyCreateStartOppInside   1000b5f8 f   msls4:LSOBJRUBY.obj
 0001:0000a600       RubyProposeBreakAfter      1000b600 f   msls4:LSOBJRUBY.obj
 0001:0000a610       RubyProposeBreakBefore     1000b610 f   msls4:LSOBJRUBY.obj
 0001:0000a620       RubyCreateBreakOppAfter    1000b620 f   msls4:LSOBJRUBY.obj
 0001:0000a638       RubyCreateStartOppBefore   1000b638 f   msls4:LSOBJRUBY.obj
 0001:0000a648       RubyCreateDobjFragment     1000b648 f   msls4:LSOBJRUBY.obj
 0001:0000a730       RubyCreateBreakRecord      1000b730 f   msls4:LSOBJRUBY.obj
 0001:0000a740       RubySetBreak               1000b740 f   msls4:LSOBJRUBY.obj
 0001:0000a760       RubyDestroyStartOpp        1000b760 f   msls4:LSOBJRUBY.obj
 0001:0000a768       RubyDestroyBreakOpp        1000b768 f   msls4:LSOBJRUBY.obj
 0001:0000a770       RubyDuplicateBreakRecord   1000b770 f   msls4:LSOBJRUBY.obj
 0001:0000a780       RubyDestroyBreakRecord     1000b780 f   msls4:LSOBJRUBY.obj
 0001:0000a788       RubyGetSpecialEffectsFromDobj 1000b788 f   msls4:LSOBJRUBY.obj
 0001:0000a7d8       RubyGetSpecialEffectsFromDobjFragment 1000b7d8 f   msls4:LSOBJRUBY.obj
 0001:0000a7e0       RubyGetSubmissionInfoFromDobj 1000b7e0 f   msls4:LSOBJRUBY.obj
 0001:0000a7f0       RubyGetSublinesFromDobj    1000b7f0 f   msls4:LSOBJRUBY.obj
 0001:0000a800       RubyGetSubmissionInfoFromDobjFragment 1000b800 f   msls4:LSOBJRUBY.obj
 0001:0000a810       RubyGetSubsFromDobjFragment 1000b810 f   msls4:LSOBJRUBY.obj
 0001:0000a820       RubyFExpandWithPrecedingChar 1000b820 f   msls4:LSOBJRUBY.obj
 0001:0000a834       RubyFExpandWithFollowingChar 1000b834 f   msls4:LSOBJRUBY.obj
 0001:0000a848       RubyCalcPresentation       1000b848 f   msls4:LSOBJRUBY.obj
 0001:0000a9d0       RubyQueryPointPcp          1000b9d0 f   msls4:LSOBJRUBY.obj
 0001:0000aa30       RubyQueryCpPpoint          1000ba30 f   msls4:LSOBJRUBY.obj
 0001:0000aaa4       RubyQueryUp                1000baa4 f   msls4:LSOBJRUBY.obj
 0001:0000ab6c       RubyQueryDown              1000bb6c f   msls4:LSOBJRUBY.obj
 0001:0000ac34       RubyEnum                   1000bc34 f   msls4:LSOBJRUBY.obj
 0001:0000ad4c       RubyDisplay                1000bd4c f   msls4:LSOBJRUBY.obj
 0001:0000addc       RubyDestroyDObj            1000bddc f   msls4:LSOBJRUBY.obj
 0001:0000adec       RubyDestroyDobjFragment    1000bdec f   msls4:LSOBJRUBY.obj
 0001:0000ae0c       RubyFindPrevForceBreakOppInside 1000be0c f   msls4:LSOBJRUBY.obj
[...]
 0001:00021fc8       DrawTextRun                10022fc8 f   msls4:DISPTEXT.obj
 0001:000220d4       DisplayTabLeader           100230d4 f   msls4:DISPTEXT.obj
 0001:00022464       DisplayGlyphs              10023464 f   msls4:DISPTEXT.obj
 0001:00022d60       GetCellDimensions          10023d60 f   msls4:LSTXTQRY.obj
 0001:00022e10       GetYSRCell                 10023e10 f   msls4:LSTXTQRY.obj
 0001:00022fa8       QueryDcpPcell              10023fa8 f   msls4:LSTXTQRY.obj
 0001:00023498       LsQueryUpDownText          10024498 f   msls4:LSTXTQRY.obj
 0001:00023a1c       TxtAddSpec                 10024a1c f   msls4:LSTXTINI.obj
 0001:00023ab8       TxtSortSpec                10024ab8 f   msls4:LSTXTINI.obj
 0001:00023bbc       CheckModWidthClasses       10024bbc f   msls4:LSTXTINI.obj
 0001:00023c48       CleanUpTxtils              10024c48 f   msls4:LSTXTINI.obj
 0001:00024dc8       FPenaltyGreater            10025dc8 f   msls4:TSPENALTYCORE.obj
 0001:00024eac       ResolveTolerance           10025eac f   msls4:TSPENALTYCORE.obj
 0001:0002533c       CalculateTextPenaltyGood   1002633c f   msls4:TSPENALTYCORE.obj
 0001:000254b0       CalculateMathPenalty       100264b0 f   msls4:TSPENALTYCORE.obj
 0001:0002556c       NewLinePenaltyInfo         1002656c f   msls4:TSPENALTYCORE.obj
 0001:00025f54       CalculateTextPenalty       10026f54 f   msls4:TSPENALTYCORE.obj
 0001:0002679c       DestroyChunkFragmentArrays 1002779c f   msls4:ARRAYFACTORY.obj
 0001:000267f4       NewChunkFragmentArrays     100277f4 f   msls4:ARRAYFACTORY.obj
 0001:000269e4       DestroyCacheBreakOpp       100279e4 f   msls4:ARRAYFACTORY.obj
 0001:00026eb4       NewCacheBreakOpp           10027eb4 f   msls4:ARRAYFACTORY.obj
 0001:000274d4       ErrLsCreateLine            100284d4 f   msls4:LSCRLINEAPI.obj
 0001:00027570       LsGetMinMaxDurUntilHardBreakCoreDestroyTempMemory 10028570 f   msls4:LSCRLINEAPI.obj
 0001:00028194       NewLsLine                  10029194 f   msls4:LSFORMAT.obj
 0001:00028308       FiniFormatGeneralCase      10029308 f   msls4:LSFORMAT.obj
 0001:000294e8       HandleTablesBased          1002a4e8 f   msls4:LSTXTJST.obj
 0001:00029af4       CalcOpticalRight           1002aaf4 f   msls4:LSTXTJST.obj
 0001:00029d04       CalcOpticalLeftPres        1002ad04 f   msls4:LSTXTJST.obj
 0001:00029e00       GetLastPosBeforeTrailSpaces 1002ae00 f   msls4:LSTXTJST.obj
 0001:0002a054       GetFirstPosAfterStartSpaces 1002b054 f   msls4:LSTXTJST.obj
 0001:0002a284       DupTotal                   1002b284 f   msls4:LSTXTJST.obj
 0001:0002b068       HandleSimpleTextWysi       1002c068 f   msls4:LSTXTJST.obj
 0001:0002b35c       HandleSimpleTextPres       1002c35c f   msls4:LSTXTJST.obj
 0001:0002b510       HandleGeneralSpacesExactSync 1002c510 f   msls4:LSTXTJST.obj
 0001:0002b8b4       HandleGeneralSpacesPres    1002c8b4 f   msls4:LSTXTJST.obj
 0001:0002bab8       HandleFullGlyphsExactSync  1002cab8 f   msls4:LSTXTJST.obj
 0001:0002bda8       HandleFullGlyphsPres       1002cda8 f   msls4:LSTXTJST.obj
 0001:0002bf94       HandleFullMixedExactSync   1002cf94 f   msls4:LSTXTJST.obj
 0001:0002c33c       HandleFullMixedPres        1002d33c f   msls4:LSTXTJST.obj
 0001:0002cd58       SublineTreeNext            1002dd58 f   msls4:GROUPCHUNKEXT.obj
 0001:0002cd70       CalcTrailingArea           1002dd70 f   msls4:GROUPCHUNKEXT.obj
 0001:0002ceec       SublineFragmentTreeNext    1002deec f   msls4:GROUPCHUNKEXT.obj
 0001:0002d660       IncreaseGroupChunkTextArrays 1002e660 f   msls4:GROUPCHUNKEXT.obj
 0001:0002d73c       FExpandBeforeNonTextObject 1002e73c f   msls4:GROUPCHUNKEXT.obj
 0001:0002d804       FExpandAfterNonTextObject  1002e804 f   msls4:GROUPCHUNKEXT.obj
 0001:0002d8cc       FillTextGroupChunk         1002e8cc f   msls4:GROUPCHUNKEXT.obj
 0001:0002e550       CalcHardBreakCpLim         1002f550 f   msls4:BREAK.obj
 0001:0002e67c       SetBreakLine               1002f67c f   msls4:BREAK.obj
 0001:0002e794       BreakLineOptimalDestroyTempMemory 1002f794 f   msls4:BREAK.obj
 0001:0002e884       ErrBreakLineOptimal        1002f884 f   msls4:BREAK.obj
 0001:0002e8f0       ErrForceBreakLineOptimal   1002f8f0 f   msls4:BREAK.obj
 0001:0002e938       ErrBreakLineGivenCp        1002f938 f   msls4:BREAK.obj
 0001:0002f290       ErrLsGetMinDurBreaksCore   10030290 f   msls4:BREAK.obj
 0001:0002f690       FindNextBreakAfterTruncateInLine 10030690 f   msls4:BREAK.obj
 0001:0002f9cc       FindPrevBreakBeforeTruncateInLine 100309cc f   msls4:BREAK.obj
 0001:0002fc9c       ForceBreakUsingTruncateLine 10030c9c f   msls4:BREAK.obj
 0001:0002feb4       FiniBreakLineHardBreak     10030eb4 f   msls4:BREAK.obj
 0001:000307ac       BreakLineOptimal           100317ac f   msls4:BREAK.obj
 0001:00031abc       BreakLineUsingTruncate     10032abc f   msls4:BREAK.obj
 0001:00032148       FPapInconsistent           10033148 f   msls4:LSINITFORMAT.obj
 0001:000321e4       FetchUntilVisible          100331e4 f   msls4:LSINITFORMAT.obj
 0001:00032350       FillFormatPropertiesPara   10033350 f   msls4:LSINITFORMAT.obj
 0001:00032830       FlushGroupEffect           10033830 f   msls4:DISPMAIN.obj
 0001:00032894       DisplayDnode               10033894 f   msls4:DISPMAIN.obj
 0001:00032964       FGetNeighboringOpeningBorder 10033964 f   msls4:DISPMAIN.obj
 0001:00032a2c       ShadeSubline               10033a2c f   msls4:DISPMAIN.obj
 0001:00032e18       DrawBorders                10033e18 f   msls4:DISPMAIN.obj
 0001:0003336c       EnumerateDnode             1003436c f   msls4:EnumCore.obj
 0001:00033c1c       QueryObjectCore            10034c1c f   msls4:LSQCORE.obj
 0001:00033cfc       FillInLevelQueryResults    10034cfc f   msls4:LSQCORE.obj
 0001:00033eb4       FillInQueryResults         10034eb4 f   msls4:LSQCORE.obj
 0001:00034068       FillInTextCellInfo         10035068 f   msls4:LSQCORE.obj
 0001:0003413c       BacktrackToPreviousDnode   1003513c f   msls4:LSQCORE.obj
 0001:00034184       FindNextSubline            10035184 f   msls4:LSQCORE.obj
 0001:0003420c       SkipAutonumbers            1003520c f   msls4:LSQCORE.obj
 0001:000342c4       FindDnodeGivenCp           100352c4 f   msls4:LSQCORE.obj
 0001:00034430       FindDnodeGivenUp           10035430 f   msls4:LSQCORE.obj
 0001:00034578       TransformPointsOnLowerLevels 10035578 f   msls4:LSQCORE.obj
 0001:00034b24       QueryObject                10035b24 f   msls4:LSQCORE.obj
 0001:000352ec       FindTab                    100362ec f   msls4:TABUTILS.obj
 0001:00035530       ItbdMergeTabs              10036530 f   msls4:TABUTILS.obj
 0001:00035744       FillTabsContext            10036744 f   msls4:TABUTILS.obj
 0001:00035d2c       EliminateNtiInfo           10036d2c f   msls4:LSTXTNTI.obj
 0001:00036c5c       CheckBreakAtLastChar       10037c5c f   msls4:LSTXTBRK.obj
 0001:00036ed0       CheckBreakAtNonReqHyphen   10037ed0 f   msls4:LSTXTBRK.obj
 0001:00037044       CheckPrevBreakHyphenUseTruncate 10038044 f   msls4:LSTXTBRK.obj
 0001:000374cc       CheckBreakHyphenWithoutTruncate 100384cc f   msls4:LSTXTBRK.obj
 0001:00037858       GetBrkcondAfterChar        10038858 f   msls4:LSTXTBRK.obj
 0001:00037a30       GetBrkcondBeforeChar       10038a30 f   msls4:LSTXTBRK.obj
 0001:00037b10       CreateBreakOutput          10038b10 f   msls4:LSTXTBRK.obj
 0001:00037d70       CheckPrevBreakRegular      10038d70 f   msls4:LSTXTBRK.obj
 0001:00037fe0       CheckNextBreakRegular      10038fe0 f   msls4:LSTXTBRK.obj
 0001:00038260       CheckBreakAcrossSpaces     10039260 f   msls4:LSTXTBRK.obj
 0001:0003870c       CheckPrevBreakFindYsr      1003970c f   msls4:LSTXTBRK.obj
 0001:000388d4       CheckNextBreakFindYsr      100398d4 f   msls4:LSTXTBRK.obj
 0001:00038b14       CheckBreakAtSpaceWrap      10039b14 f   msls4:LSTXTBRK.obj
 0001:00038c64       CheckBreakAtSpace          10039c64 f   msls4:LSTXTBRK.obj
 0001:00038d94       PrevBreakLoopUseTruncate   10039d94 f   msls4:LSTXTBRK.obj
 0001:00039120       PrevBreakLoopWithoutTruncate 1003a120 f   msls4:LSTXTBRK.obj
 0001:000393cc       NextBreakLoopUseTruncate   1003a3cc f   msls4:LSTXTBRK.obj
 0001:0003958c       NextBreakLoopWithoutTruncate 1003a58c f   msls4:LSTXTBRK.obj
 0001:0003af68       CheckForCharsGlyphs        1003bf68 f   msls4:LSTXTBRCROPP.obj
 0001:0003b048       FFindGlyphSyncPointBefore  1003c048 f   msls4:LSTXTBRCROPP.obj
 0001:0003b0f8       FFindGlyphSyncPointAfter   1003c0f8 f   msls4:LSTXTBRCROPP.obj
 0001:0003b224       FGlyphTogether             1003c224 f   msls4:LSTXTBRCROPP.obj
 0001:0003b2d4       CalcWidthOfBrokenDnodeTailBreakOpp 1003c2d4 f   msls4:LSTXTBRCROPP.obj
 0001:0003b5a8       CalcWidthOfBrokenDnodeStartOpp 1003c5a8 f   msls4:LSTXTBRCROPP.obj
 0001:0003b7a0       CalcOpticalAlignmentBreakOpp 1003c7a0 f   msls4:LSTXTBRCROPP.obj
 0001:0003b944       DestroyInternalsGlyphsnew  1003c944 f   msls4:LSTXTBRCROPP.obj
 0001:0003ba9c       AggreagateJustFromBreak    1003ca9c f   msls4:LSTXTBRCROPP.obj
 0001:0003be48       AggreagateJustFromStart    1003ce48 f   msls4:LSTXTBRCROPP.obj
 0001:0003c10c       CalcDurLastDnodeBreakOpp   1003d10c f   msls4:LSTXTBRCROPP.obj
 0001:0003c1c0       CalcAggrJustTrailInfoLastDnodeBreakOpp 1003d1c0 f   msls4:LSTXTBRCROPP.obj
 0001:0003c3a4       CleanUpBreakOpp            1003d3a4 f   msls4:LSTXTBRCROPP.obj
 0001:0003c4e8       CleanUpStartOpp            1003d4e8 f   msls4:LSTXTBRCROPP.obj
 0001:0003e6ac       CopyCharFromBreakToFragm   1003f6ac f   msls4:LSTXTBRCRFRAGM.obj
 0001:0003e71c       CopyGlyphNtiForOneFragm    1003f71c f   msls4:LSTXTBRCRFRAGM.obj
 0001:0003e87c       FastSetDurInFragm          1003f87c f   msls4:LSTXTBRCRFRAGM.obj
 0001:0003e9e8       AllocCopyChunkWithFragmChanges 1003f9e8 f   msls4:LSTXTBRCRFRAGM.obj
 0001:0003ec80       AllocCharMainArraysInFragm 1003fc80 f   msls4:LSTXTBRCRFRAGM.obj
 0001:0003ed5c       AllocNtiArraysForOneFragm  1003fd5c f   msls4:LSTXTBRCRFRAGM.obj
 0001:0003efe8       DestroyInternalsFragm      1003ffe8 f   msls4:LSTXTBRCRFRAGM.obj
 0001:0003f2d0       SetJustNewSize             100402d0 f   msls4:LSTXTBRCRFRAGM.obj
 0001:0003f550       CopyJustFromStartoppToFragm 10040550 f   msls4:LSTXTBRCRFRAGM.obj
 0001:0003f634       CopyJustFromBreakoppToFragm 10040634 f   msls4:LSTXTBRCRFRAGM.obj
 0001:0003f718       SetAggregateCompExpForOneFragm 10040718 f   msls4:LSTXTBRCRFRAGM.obj
 0001:0003f794       AllocAggrJustArraysInFragm 10040794 f   msls4:LSTXTBRCRFRAGM.obj
 0001:0003f848       ReplaceCharsBreakOppToFragm 10040848 f   msls4:LSTXTBRCRFRAGM.obj
 0001:0003fd1c       ReplaceCharsStartOppToFragm 10040d1c f   msls4:LSTXTBRCRFRAGM.obj
 0001:0003ff44       CheckFastNtiSetNtiNewSize  10040f44 f   msls4:LSTXTBRCRFRAGM.obj
 0001:0004071c       CopyNtiFromStartOppToFragm 1004171c f   msls4:LSTXTBRCRFRAGM.obj
 0001:00040888       CopyNtiFromBreakOppToFragm 10041888 f   msls4:LSTXTBRCRFRAGM.obj
 0001:000409a0       CopyDobjsToFragmFull       100419a0 f   msls4:LSTXTBRCRFRAGM.obj
 0001:00040cfc       CleanUpFragms              10041cfc f   msls4:LSTXTBRCRFRAGM.obj
 0001:00040d58       SetAggregateJustInfoInFragm 10041d58 f   msls4:LSTXTBRCRFRAGM.obj
 0001:000411a0       TryCreateTxtfragmFast      100421a0 f   msls4:LSTXTBRCRFRAGM.obj
 0001:0004183c       CreateTxtfragmFull         1004283c f   msls4:LSTXTBRCRFRAGM.obj
 0001:00042210       CopyGlyphNtiArraysFromFragmToObj 10043210 f   msls4:LSTXTBRSETBREAK.obj
 0001:0004235c       SetBreakInOneDobj          1004335c f   msls4:LSTXTBRSETBREAK.obj
 0001:00042f08       FetchWidthOfCharCode       10043f08 f   msls4:LSTXTBRWIDTH.obj
 0001:00042fa4       GetOneToOneCharWidthFromTxtobj 10043fa4 f   msls4:LSTXTBRWIDTH.obj
 0001:000437cc       LsAppendNewBlobUnit        100447cc f   msls4:LSTXTBLOBAPI.obj
 0001:00043f6c       DestroyJustifInfo          10044f6c f   msls4:LSTXTOBJSERV.obj
 0001:00044300       LsDestroyInternalsInTxtobj 10045300 f   msls4:LSTXTOBJSERV.obj
 0001:00044bf0       GetCachedJustifValue       10045bf0 f   msls4:LSTXTOPT.obj
 0001:00044d58       AllocTempJustArrays        10045d58 f   msls4:LSTXTOPT.obj
 0001:00044e7c       CleanupJustArrays          10045e7c f   msls4:LSTXTOPT.obj
 0001:00044fa0       GetJustCorrectionAtBeginningOfSubl 10045fa0 f   msls4:LSTXTOPT.obj
 0001:00045584       GetJustCorrectionAtEndOfSubl 10046584 f   msls4:LSTXTOPT.obj
 0001:000466ec       FetchCompInfoForOneRun     100476ec f   msls4:LSTXTCMP.obj
 0001:00046ea4       FetchExpInfoForOneRun      10047ea4 f   msls4:LSTXTCMP.obj
 0001:00047414       ApplyPriorExpansion        10048414 f   msls4:LSTXTCMP.obj
 0001:000475e8       ApplyFullExpansion         100485e8 f   msls4:LSTXTCMP.obj
 0001:000477ac       GetCompressInfo            100487ac f   msls4:LSTXTCMP.obj
 0001:000478e4       ApplyPriorCompression      100488e4 f   msls4:LSTXTCMP.obj
 0001:000486f4       GetExpandInfo              100496f4 f   msls4:LSTXTCMP.obj
 0001:00049948       ApplyWysiGlyphs            1004a948 f   msls4:LSTXTSCL.obj
 0001:00049ea8       LsReplGlyphForVisiInOneDobj 1004aea8 f   msls4:LSTXTSCL.obj
 0001:0004bd24       GetNumberOfSpaces          1004cd24 f   msls4:LSTXTWRD.obj
 0001:0004be68       DistributeInDobjsSpacesSimple 1004ce68 f   msls4:LSTXTWRD.obj
 0001:0004c004       DistributeInDobjsSpaces    1004d004 f   msls4:LSTXTWRD.obj
 0001:0004c284       GetSqueezingInfo           1004d284 f   msls4:LSTXTWRD.obj
 0001:0004c528       SqueezeInDobjsSpacesSimple 1004d528 f   msls4:LSTXTWRD.obj
 0001:0004c6f8       SqueezeInDobjsSpaces       1004d6f8 f   msls4:LSTXTWRD.obj
 0001:0004cbf4       ApplyDiscrete              1004dbf4 f   msls4:LSTXTGLF.obj
 0001:0004cfe8       ApplyOneEachContinuous     1004dfe8 f   msls4:LSTXTGLF.obj
 0001:0004d1c4       ApplyFullWhiteContinuous   1004e1c4 f   msls4:LSTXTGLF.obj
 0001:0004d40c       ApplyResidualGlyphExp      1004e40c f   msls4:LSTXTGLF.obj
 0001:0004d5d0       CalcExpandChanges          1004e5d0 f   msls4:LSTXTGLF.obj
 0001:0004d640       DestroyCollectArrays       1004e640 f   msls4:LSTXTGLF.obj
 0001:0004d6e0       CollectGlyphExpInfo        1004e6e0 f   msls4:LSTXTGLF.obj
 0001:0004e658       ApplyPropWhiteContinuous   1004f658 f   msls4:LSTXTGLF.obj
 0001:0004edb4       ApplyPriorGlyphExp         1004fdb4 f   msls4:LSTXTGLF.obj
 0001:0004f0d8       CollectExpInfoFromGlyphRun 100500d8 f   msls4:LSTXTOPTAPL.obj
 0001:0004f228       CollectExpInfoFromCharRun  10050228 f   msls4:LSTXTOPTAPL.obj
 0001:0004f2bc       CollectCompInfoFromRun     100502bc f   msls4:LSTXTOPTAPL.obj
 0001:0004f348       CalcFirstLim               10050348 f   msls4:LSTXTOPTAPL.obj
 0001:0004f3dc       ApplyContExpOneMinEach     100503dc f   msls4:LSTXTOPTAPL.obj
 0001:0004f5e4       ApplyFullExpToGlyphRun     100505e4 f   msls4:LSTXTOPTAPL.obj
 0001:0004f690       CollectExpInfo             10050690 f   msls4:LSTXTOPTAPL.obj
 0001:0004f8bc       CollectCompInfo            100508bc f   msls4:LSTXTOPTAPL.obj
 0001:0004fac8       ApplyFullComp              10050ac8 f   msls4:LSTXTOPTAPL.obj
 0001:0004fd74       ApplyPropCompToCharRun     10050d74 f   msls4:LSTXTOPTAPL.obj
 0001:0004fe50       ApplyPropCompToGlyphRun    10050e50 f   msls4:LSTXTOPTAPL.obj
 0001:0004ff2c       ApplyFullExp               10050f2c f   msls4:LSTXTOPTAPL.obj
 0001:00050160       ApplyPropExpToCharRun      10051160 f   msls4:LSTXTOPTAPL.obj
 0001:0005023c       ApplyPropExpToGlyphRun     1005123c f   msls4:LSTXTOPTAPL.obj
 0001:000503f8       ApplyPropComp              100513f8 f   msls4:LSTXTOPTAPL.obj
 0001:00050608       ApplyPropExp               10051608 f   msls4:LSTXTOPTAPL.obj
 0001:00050824       ApplyPriorExp              10051824 f   msls4:LSTXTOPTAPL.obj
 0001:00050ca8       DestroyInsideObjectIterator 10051ca8 f   msls4:GROUPCHUNKITERATOR.obj
 0001:00050cf8       NewInsideObjectIterator    10051cf8 f   msls4:GROUPCHUNKITERATOR.obj
 0001:00050f58       GetNextDnodeInsideObject   10051f58 f   msls4:GROUPCHUNKITERATOR.obj
 0001:00051038       DestroyInsideObjectFragmentIterator 10052038 f   msls4:GROUPCHUNKITERATOR.obj
 0001:00051480       NewInsideObjectFragmentIterator 10052480 f   msls4:GROUPCHUNKITERATOR.obj
 0001:00051a64       GetNextDnodeInsideObjectFragment 10052a64 f   msls4:GROUPCHUNKITERATOR.obj
 0001:00051bf0       AdvanceToNextVisualDnodeCore 10052bf0 f   msls4:DISPMISC.obj
 0001:00051d04       LsCreateDisplayTreeCore    10052d04 f   msls4:DISPMISC.obj
 0001:00051f90       DoSubmittingDnodes         10052f90 f   msls4:DISPMISC.obj
 0001:000520c8       InitULMetricSums           100530c8 f   msls4:dispul.obj
 0001:0005216c       GetAveragedMetrics         1005316c f   msls4:dispul.obj
 0001:0005225c       GetULMetric                1005325c f   msls4:dispul.obj
 0001:000523f0       LsGetUnderlineMergeMetric  100533f0 f   msls4:dispul.obj
 0001:000527ec       LsDrawUnderlineMerge       100537ec f   msls4:dispul.obj
 0001:00052a74       LsStrikeDnode              10053a74 f   msls4:dispul.obj
 0001:00052b9c       LsDrawStrikethrough        10053b9c f   msls4:dispul.obj
 0001:00052cc8       LsDrawUnderline            10053cc8 f   msls4:dispul.obj
 0001:00052f7c       PrepareCharArraysSetNtiApplied 10053f7c f   msls4:LSTXTNTICORE.obj
 0001:000532d4       CheckApplyStartLine        100542d4 f   msls4:LSTXTNTICORE.obj
 0001:0005342c       AppendCharsFromNext        1005442c f   msls4:LSTXTNTICORE.obj
 0001:00053534       CleanUpApplyGlyphs         10054534 f   msls4:LSTXTNTICORE.obj
 0001:0005366c       UndoAppliedModWidthForGrid 1005466c f   msls4:LSTXTNTICORE.obj
 0001:000536dc       ApplySnapChanges           100546dc f   msls4:LSTXTNTICORE.obj
 0001:00053794       CleanUpGrid                10054794 f   msls4:LSTXTNTICORE.obj
 0001:000537e8       CalcSnapped                100547e8 f   msls4:LSTXTNTICORE.obj
 0001:00053858       ApplyGlyphsToRange         10054858 f   msls4:LSTXTNTICORE.obj
 0001:00054b50       ApplySnapGrid              10055b50 f   msls4:LSTXTNTICORE.obj
 0001:00056280       FindNextImportantRun       10057280 f   msls4:LSTXTOPTOPP.obj
 0001:000562fc       CreateNeighborFromGlyphsnew 100572fc f   msls4:LSTXTOPTOPP.obj
 0001:00056370       AllocCharruninfo           10057370 f   msls4:LSTXTOPTOPP.obj
 0001:00056440       CreateGlyphruninfoFromGlyphsnew 10057440 f   msls4:LSTXTOPTOPP.obj
 0001:00056654       DestroyGlyphruninfo        10057654 f   msls4:LSTXTOPTOPP.obj
 0001:00056700       CleanupCharHyphen          10057700 f   msls4:LSTXTOPTOPP.obj
 0001:000583b0       AllocCharNtiArraysInBreak  100593b0 f   msls4:LSTXTNTIOPP.obj
 0001:0005844c       AllocArraysInGlyphsnew     1005944c f   msls4:LSTXTNTIOPP.obj
 0001:00058668       CopyGlyphNtiInfo           10059668 f   msls4:LSTXTNTIOPP.obj
 0001:00058738       CleanUpSetGlyphs           10059738 f   msls4:LSTXTNTIOPP.obj
 0001:0005bef4       ApplyKernToRun             1005cef4 f   msls4:LSTXTNTISERV.obj
 0001:0005c210       ApplyModWidthPairsToRun    1005d210 f   msls4:LSTXTNTISERV.obj
 0001:0005c63c       ApplyModWidthSpaceToRun    1005d63c f   msls4:LSTXTNTISERV.obj
 0001:0005c810       ApplyModWidthOnRunToCharRun 1005d810 f   msls4:LSTXTNTISERV.obj
 0001:0005c978       ApplyModWidthOnRunToGlyphRun 1005d978 f   msls4:LSTXTNTISERV.obj
 0001:0005cae4       CalcGlyphArrayOutputs      1005dae4 f   msls4:LSTXTNTISERV.obj
 0001:0005d9d0       CreateOneGlyphrunInfo      1005e9d0 f   msls4:LSTXTOPTSERV.obj
 0001:0005ddc4       CreateOneCharrunInfo       1005edc4 f   msls4:LSTXTOPTSERV.obj
 0001:0005e070       CopyNtiFromFragmToGlyphrun 1005f070 f   msls4:LSTXTOPTSERV.obj
 0001:0005e128       CleanupGlyphrunInfo        1005f128 f   msls4:LSTXTOPTSERV.obj
 0001:0005e1e0       CleanupCharrunInfo         1005f1e0 f   msls4:LSTXTOPTSERV.obj
 0001:0005e588       CreateGlyphrunInfo         1005f588 f   msls4:LSTXTOPTSERV.obj
 0001:0005ea64       CreateCharrunInfo          1005fa64 f   msls4:LSTXTOPTSERV.obj
 0001:0005f734       TsCreateQuickHeapCore      10060734 f   msls4shared:TSMEMORYCORE.obj
