 ndis

 Timestamp is 618b153e (Tue Nov 09 17:41:34 2021)

 Preferred load address is 10000000

 Start         Length     Name                   Class
 0001:00000000 00000004H .CRT$XCA                CODE
 0001:00000004 00000004H .CRT$XCZ                CODE
 0001:00000008 00000004H .CRT$XIA                CODE
 0001:0000000c 00000004H .CRT$XIZ                CODE
 0001:00000010 00000004H .CRT$XPA                CODE
 0001:00000014 00000004H .CRT$XPZ                CODE
 0001:00000018 00000004H .CRT$XTA                CODE
 0001:0000001c 00000004H .CRT$XTZ                CODE
 0001:00000020 00001848H .rdata                  CODE
 0001:00001868 00000021H .rdata$debug            CODE
 0001:0000188c 0005163cH .text                   CODE
 0001:00052ec8 00000244H .xdata                  CODE
 0001:0005310c 00000050H .idata$2                CODE
 0001:0005315c 00000014H .idata$3                CODE
 0001:00053170 00000244H .idata$4                CODE
 0001:000533b4 00000250H .idata$6                CODE
 0001:00053610 000033fbH .edata                  CODE
 0002:00000000 00000244H .idata$5                DATA
 0002:00000248 00000ec8H .data                   DATA
 0002:00001120 00001060H .bss                    DATA
 0003:00000000 000028a8H .pdata                  DATA

  Address         Publics by Value              Rva+Base       Lib:Object

 0000:00000000       ___safe_se_handler_count   00000000     <absolute>
 0000:00000000       ___safe_se_handler_table   00000000     <absolute>
 0001:00000000       __xc_a                     10001000     corelib0:crt0init.obj
 0001:00000004       __xc_z                     10001004     corelib0:crt0init.obj
 0001:00000008       __xi_a                     10001008     corelib0:crt0init.obj
 0001:0000000c       __xi_z                     1000100c     corelib0:crt0init.obj
 0001:00000010       __xp_a                     10001010     corelib0:crt0init.obj
 0001:00000014       __xp_z                     10001014     corelib0:crt0init.obj
 0001:00000018       __xt_a                     10001018     corelib0:crt0init.obj
 0001:0000001c       __xt_z                     1000101c     corelib0:crt0init.obj
 0001:0000003c       BUS_FRIENDLY_NAMES         1000103c     ndislib:cestreamdrv.obj
 0001:00000060       BUS_FRIENDLY_NAME_LIST     10001060     ndislib:cestreamdrv.obj
 0001:00000088       COMM                       10001088     ndislib:cestreamdrv.obj
 0001:00000094       PCI                        10001094     ndislib:cestreamdrv.obj
 0001:0000009c       PARMS                      1000109c     ndislib:cestreamdrv.obj
 0001:000000a8       WACK                       100010a8     ndislib:cestreamdrv.obj
 0001:000000ac       ??_C@_19MADOJHGF@?$AAN?$AAD?$AAI?$AAS?$AA?$AA@ 100010ac     ndislib:cestreamdrv.obj
 0001:000000b8       ??_C@_1M@LMDLBDPD@?$AA?2?$AAC?$AAo?$AAm?$AAm?$AA?$AA@ 100010b8     ndislib:cestreamdrv.obj
 0001:000000c4       ??_C@_1BE@MNDDMKMB@?$AAB?$AAu?$AAs?$AAN?$AAu?$AAm?$AAb?$AAe?$AAr?$AA?$AA@ 100010c4     ndislib:cestreamdrv.obj
 0001:000000d8       ??_C@_1BA@IDLIEPGG@?$AAB?$AAu?$AAs?$AAT?$AAy?$AAp?$AAe?$AA?$AA@ 100010d8     ndislib:cestreamdrv.obj
 0001:000000e8       ??_C@_1BI@EHNMBHKA@?$AAP?$AAl?$AAu?$AAg?$AAA?$AAn?$AAd?$AAP?$AAl?$AAa?$AAy?$AA?$AA@ 100010e8     ndislib:cestreamdrv.obj
 0001:00000100       ??_C@_1BC@JKHACMNO@?$AAM?$AAi?$AAn?$AAi?$AAp?$AAo?$AAr?$AAt?$AA?$AA@ 10001100     ndislib:cestreamdrv.obj
 0001:00000114       ??_C@_1BC@GLIGFLDD@?$AA?$CF?$AAs?$AA?2?$AA?$CF?$AAs?$AA?2?$AA?$CF?$AAs?$AA?$AA@ 10001114     ndislib:cestreamdrv.obj
 0001:00000128       ??_C@_1CM@MLEAPGHC@?$AAC?$AAo?$AAm?$AAm?$AA?2?$AAB?$AAu?$AAs?$AAF?$AAr?$AAi?$AAe?$AAn?$AAd?$AAl?$AAy?$AAN?$AAa?$AAm?$AAe?$AAs?$AA?$AA@ 10001128     ndislib:cestreamdrv.obj
 0001:00000154       ??_C@_1M@DFKENGJN@?$AA?$CF?$AAs?$AA?2?$AA?$CF?$AAs?$AA?$AA@ 10001154     ndislib:cestreamdrv.obj
 0001:00000160       ??_C@_1BM@MHMIAMLB@?$AAI?$AAn?$AAt?$AAe?$AAr?$AAf?$AAa?$AAc?$AAe?$AAT?$AAy?$AAp?$AAe?$AA?$AA@ 10001160     ndislib:cestreamdrv.obj
 0001:0000017c       ??_C@_19KNJHAKIP@?$AA?$DP?$AA?$DP?$AA?$DP?$AA?2?$AA?$AA@ 1000117c     ndislib:cestreamdrv.obj
 0001:00000188       ??_C@_1BA@KDCCGFJM@?$AAB?$AAu?$AAs?$AAN?$AAa?$AAm?$AAe?$AA?$AA@ 10001188     ndislib:cestreamdrv.obj
 0001:00000198       ??_C@_17FJFCONIE@?$AAk?$AAe?$AAy?$AA?$AA@ 10001198     ndislib:cestreamdrv.obj
 0001:000001a0       ??_C@_1CK@BAHGHNNM@?$AAD?$AAr?$AAi?$AAv?$AAe?$AAr?$AAs?$AA?2?$AAB?$AAu?$AAi?$AAl?$AAt?$AAi?$AAn?$AA?2?$AAN?$AAD?$AAI?$AAS?$AA?$AA@ 100011a0     ndislib:cestreamdrv.obj
 0001:000001cc       ??_C@_17KACEIPNC@?$AAK?$AAe?$AAy?$AA?$AA@ 100011cc     ndislib:cestreamdrv.obj
 0001:000001d4       ??_C@_11LOCGONAA@?$AA?$AA@ 100011d4     ndislib:cestreamdrv.obj
 0001:000001d8       ??_C@_1M@IKGMBBOJ@?$AAN?$AAD?$AAS?$AA0?$AA?3?$AA?$AA@ 100011d8     ndislib:cestreamdrv.obj
 0001:000001e8       ??_C@_1EO@CIOFCGCG@?$AA?$HL?$AA9?$AA8?$AAC?$AA5?$AA2?$AA5?$AA0?$AAD?$AA?9?$AAC?$AA2?$AA9?$AAA?$AA?9?$AA4?$AA9?$AA8?$AA5?$AA?9?$AAA?$AAE?$AA5?$AAF?$AA?9?$AAA?$AAF?$AAE?$AA5?$AA3?$AA6?$AA7@ 100011e8     ndislib:cestreamdrv.obj
 0001:00000238       ??_C@_1DE@HELHCPML@?$AAR?$AAe?$AAg?$AAi?$AAs?$AAt?$AAe?$AAr?$AAP?$AAo?$AAw?$AAe?$AAr?$AAR?$AAe?$AAl?$AAa?$AAt?$AAi?$AAo?$AAn?$AAs?$AAh?$AAi?$AAp?$AA?$AA@ 10001238     ndislib:cestreamdrv.obj
 0001:0000026c       ??_C@_1DC@OFAADNNB@?$AAR?$AAe?$AAl?$AAe?$AAa?$AAs?$AAe?$AAP?$AAo?$AAw?$AAe?$AAr?$AAR?$AAe?$AAl?$AAa?$AAt?$AAi?$AAo?$AAn?$AAs?$AAh?$AAi?$AAp?$AA?$AA@ 1000126c     ndislib:cestreamdrv.obj
 0001:000002a0       ??_C@_1DE@LANNOACB@?$AAR?$AAe?$AAq?$AAu?$AAe?$AAs?$AAt?$AAP?$AAo?$AAw?$AAe?$AAr?$AAN?$AAo?$AAt?$AAi?$AAf?$AAi?$AAc?$AAa?$AAt?$AAi?$AAo?$AAn?$AAs?$AA?$AA@ 100012a0     ndislib:cestreamdrv.obj
 0001:000002d4       ??_C@_1CO@DBFFGBDE@?$AAS?$AAt?$AAo?$AAp?$AAP?$AAo?$AAw?$AAe?$AAr?$AAN?$AAo?$AAt?$AAi?$AAf?$AAi?$AAc?$AAa?$AAt?$AAi?$AAo?$AAn?$AAs?$AA?$AA@ 100012d4     ndislib:cestreamdrv.obj
 0001:00000304       ??_C@_1BI@CJKPFBEK@?$AAc?$AAo?$AAr?$AAe?$AAd?$AAl?$AAl?$AA?4?$AAd?$AAl?$AAl?$AA?$AA@ 10001304     ndislib:cestreamdrv.obj
 0001:0000031c       ??_C@_1BE@NMFIMKAA@?$AA?2?$AAw?$AAi?$AAn?$AAd?$AAo?$AAw?$AAs?$AA?2?$AA?$AA@ 1000131c     ndislib:common.obj
 0001:00000330       ??_C@_0DL@LFOINLGL@NdisAllocateNetBufferMdlAndData?3@ 10001330     ndislib:ndisbuf.obj
 0001:0000036c       ??_C@_0DB@JILAKICJ@NdisAllocateNetBuffer?3?5Pool?5?$CFp?5w@ 1000136c     ndislib:ndisbuf.obj
 0001:000003a0       ??_C@_0EB@NKMBDHHO@NdisAllocateNetBufferAndNetBuffe@ 100013a0     ndislib:ndisbuf.obj
 0001:000003e4       ??_C@_0DF@EEMLCMOG@NdisAllocateNetBufferAndNetBuffe@ 100013e4     ndislib:ndisbuf.obj
 0001:0000041c       ??_C@_1M@BFMMHON@?$AAW?$AAi?$AAn?$AAC?$AAE?$AA?$AA@ 1000141c     ndislib:RequestEx.obj
 0001:00000428       ??_C@_19DINFBLAK@?$AAN?$AAa?$AAm?$AAe?$AA?$AA@ 10001428     ndislib:RequestEx.obj
 0001:00000434       ??_C@_1M@LPEEOHMF@?$AAI?$AAd?$AAe?$AAn?$AAt?$AA?$AA@ 10001434     ndislib:RequestEx.obj
 0001:00000440       ??_C@_13COJANIEC@?$AA0?$AA?$AA@ 10001440     ndislib:RequestEx.obj
 0001:00000444       ??_C@_13JGCMLPCH@?$AA1?$AA?$AA@ 10001444     ndislib:RequestEx.obj
 0001:00000448       ??_C@_13IEJJBAMJ@?$AA2?$AA?$AA@ 10001448     ndislib:RequestEx.obj
 0001:0000044c       ??_C@_13DMCFHHKM@?$AA3?$AA?$AA@ 1000144c     ndislib:RequestEx.obj
 0001:00000450       ??_C@_0CD@JILEHFFK@NDIS?56?5Miniport?5calling?5NDIS?55?5A@ 10001450     ndislib:RequestEx.obj
 0001:00000474       ??_C@_0CA@EPKONKAH@?5?$CK?$CK?$CKNDIS?$CK?$CK?$CK?5?3?5Miniport?5?$CFZ?5?9?5?$CFs?6?$AA@ 10001474     ndislib:RequestEx.obj
 0001:00000494       ??_C@_1DC@DIADKALC@?$AA?2?$AAC?$AAo?$AAm?$AAm?$AA?2?$AAN?$AAe?$AAt?$AAw?$AAo?$AAr?$AAk?$AAP?$AAo?$AAl?$AAi?$AAc?$AAy?$AA?2?$AAW?$AAi?$AAF?$AAi?$AA?$AA@ 10001494     ndislib:miniport.obj
 0001:000004d8       ??_C@_1O@LBBNFMDB@?$AAM?$AAe?$AAm?$AAL?$AAe?$AAn?$AA?$AA@ 100014d8     ndislib:miniport.obj
 0001:000004e8       ??_C@_1M@LLKDCBKH@?$AAI?$AAO?$AAL?$AAe?$AAn?$AA?$AA@ 100014e8     ndislib:miniport.obj
 0001:000004f4       ??_C@_1BA@INLDIDEN@?$AAM?$AAe?$AAm?$AAB?$AAa?$AAs?$AAe?$AA?$AA@ 100014f4     ndislib:miniport.obj
 0001:00000504       ??_C@_1BG@OEIEJJLA@?$AAR?$AAa?$AAm?$AAA?$AAd?$AAd?$AAr?$AAe?$AAs?$AAs?$AA?$AA@ 10001504     ndislib:miniport.obj
 0001:0000051c       ??_C@_1DA@FJMCBPCF@?$AAM?$AAe?$AAm?$AAo?$AAr?$AAy?$AAM?$AAa?$AAp?$AAp?$AAe?$AAd?$AAB?$AAa?$AAs?$AAe?$AAA?$AAd?$AAd?$AAr?$AAe?$AAs?$AAs?$AA?$AA@ 1000151c     ndislib:miniport.obj
 0001:0000054c       ??_C@_1O@IEBMKJOO@?$AAI?$AAO?$AAB?$AAa?$AAs?$AAe?$AA?$AA@ 1000154c     ndislib:miniport.obj
 0001:0000055c       ??_C@_1BE@IMGCPOOB@?$AAI?$AAo?$AAA?$AAd?$AAd?$AAr?$AAe?$AAs?$AAs?$AA?$AA@ 1000155c     ndislib:miniport.obj
 0001:00000570       ??_C@_1BM@LBPDLMNJ@?$AAI?$AAo?$AAB?$AAa?$AAs?$AAe?$AAA?$AAd?$AAd?$AAr?$AAe?$AAs?$AAs?$AA?$AA@ 10001570     ndislib:miniport.obj
 0001:0000058c       ??_C@_17DJGGJCGD@?$AAI?$AAr?$AAq?$AA?$AA@ 1000158c     ndislib:miniport.obj
 0001:00000594       ??_C@_1BE@PBKDACKD@?$AAI?$AAn?$AAt?$AAe?$AAr?$AAr?$AAu?$AAp?$AAt?$AA?$AA@ 10001594     ndislib:miniport.obj
 0001:000005a8       ??_C@_1CA@INPFDDEP@?$AAI?$AAn?$AAt?$AAe?$AAr?$AAr?$AAu?$AAp?$AAt?$AAN?$AAu?$AAm?$AAb?$AAe?$AAr?$AA?$AA@ 100015a8     ndislib:miniport.obj
 0001:000005c8       ??_C@_17IHINEAF@?$AAP?$AAP?$AAP?$AA?$AA@ 100015c8     ndislib:miniport.obj
 0001:000005d0       ??_C@_1BA@NMHCBCNL@?$AA?$CK?$AAI?$AAf?$AAT?$AAy?$AAp?$AAe?$AA?$AA@ 100015d0     ndislib:miniport.obj
 0001:000005e0       ??_C@_1BK@DHAKLFB@?$AAN?$AAe?$AAt?$AAL?$AAu?$AAi?$AAd?$AAI?$AAn?$AAd?$AAe?$AAx?$AA?$AA@ 100015e0     ndislib:miniport.obj
 0001:000005fc       ??_C@_0CJ@GNGKAJIO@Completing?5reset?5when?5one?5is?5not@ 100015fc     ndislib:miniport.obj
 0001:00000628       ??_C@_1BI@PNLKGENF@?$AA?$CF?$AAs?$AA?2?$AA?$CF?$AAs?$AA?2?$AAP?$AAa?$AAr?$AAm?$AAs?$AA?$AA@ 10001628     ndislib:miniport.obj
 0001:00000640       ??_C@_1DE@EGMFPGOK@?$AAC?$AAh?$AAe?$AAc?$AAk?$AAF?$AAo?$AAr?$AAH?$AAa?$AAn?$AAg?$AAT?$AAi?$AAm?$AAe?$AAI?$AAn?$AAS?$AAe?$AAc?$AAo?$AAn?$AAd?$AAs?$AA?$AA@ 10001640     ndislib:miniport.obj
 0001:00000674       ??_C@_0CE@GKIKPBDE@Init?5failed?5without?5canceling?5ti@ 10001674     ndislib:miniport.obj
 0001:00000698       ??_C@_0CM@LFDIFMFF@Init?5failed?5without?5deregisterin@ 10001698     ndislib:miniport.obj
 0001:000006c4       ??_C@_1BC@FGCJDNHA@?$AAD?$AAi?$AAs?$AAa?$AAb?$AAl?$AAe?$AAd?$AA?$AA@ 100016c4     ndislib:miniport.obj
 0001:000006d8       ??_C@_1BO@OMKBDGCF@?$AAR?$AAe?$AAb?$AAi?$AAn?$AAd?$AAO?$AAn?$AAR?$AAe?$AAs?$AAu?$AAm?$AAe?$AA?$AA@ 100016d8     ndislib:miniport.obj
 0001:000006f8       ??_C@_1BM@JJLDCGMO@?$AAR?$AAe?$AAs?$AAe?$AAt?$AAO?$AAn?$AAR?$AAe?$AAs?$AAu?$AAm?$AAe?$AA?$AA@ 100016f8     ndislib:miniport.obj
 0001:00000714       ??_C@_1CO@GMFDDKFG@?$AAD?$AAi?$AAs?$AAa?$AAb?$AAl?$AAe?$AAP?$AAo?$AAw?$AAe?$AAr?$AAM?$AAa?$AAn?$AAa?$AAg?$AAe?$AAm?$AAe?$AAn?$AAt?$AA?$AA@ 10001714     ndislib:miniport.obj
 0001:00000748       ??_C@_0GI@CDJGBJNI@ndisValidateLegacyProtocols?3?5pro@ 10001748     ndislib:protocol.obj
 0001:000007b0       ??_C@_1BE@BLHIIKCJ@?$AAN?$AAD?$AAI?$AAS?$AAT?$AAE?$AAS?$AAT?$AA6?$AA?$AA@ 100017b0     ndislib:protocol.obj
 0001:000007c4       ??_C@_1O@BBGFHLK@?$AAT?$AAC?$AAP?$AAI?$AAP?$AA6?$AA?$AA@ 100017c4     ndislib:protocol.obj
 0001:000007d4       ??_C@_1M@HIKGEDIA@?$AAT?$AAC?$AAP?$AAI?$AAP?$AA?$AA@ 100017d4     ndislib:protocol.obj
 0001:000007e0       ??_C@_0EC@MJCCNEHH@Ndis?3?5NdisRegisterProtocol?5Ndis?5@ 100017e0     ndislib:protocol.obj
 0001:00000824       ??_C@_1CC@FAHGDHNC@?$AAC?$AAo?$AAm?$AAm?$AA?2?$AA?$CF?$AAs?$AA?2?$AAP?$AAa?$AAr?$AAm?$AAs?$AA?2?$AA?$CF?$AAs?$AA?$AA@ 10001824     ndislib:protocol.obj
 0001:00000848       ??_C@_1BG@HILGNFLB@?$AAD?$AAm?$AAa?$AAC?$AAh?$AAa?$AAn?$AAn?$AAe?$AAl?$AA?$AA@ 10001848     ndislib:init.obj
 0001:00000860       ??_C@_1BM@PHDMDDEA@?$AAU?$AAp?$AAp?$AAe?$AAr?$AAB?$AAi?$AAn?$AAd?$AAi?$AAn?$AAg?$AAs?$AA?$AA@ 10001860     ndislib:init.obj
 0001:0000087c       ??_C@_1BK@KPLOIJDF@?$AAM?$AAi?$AAn?$AAi?$AAp?$AAo?$AAr?$AAt?$AAN?$AAa?$AAm?$AAe?$AA?$AA@ 1000187c     ndislib:init.obj
 0001:00000898       ??_C@_1BI@FJLCDAFI@?$AAN?$AAd?$AAi?$AAs?$AAV?$AAe?$AAr?$AAs?$AAi?$AAo?$AAn?$AA?$AA@ 10001898     ndislib:init.obj
 0001:000008b0       ??_C@_1BM@HKMCCGEP@?$AAP?$AAr?$AAo?$AAc?$AAe?$AAs?$AAs?$AAo?$AAr?$AAT?$AAy?$AAp?$AAe?$AA?$AA@ 100018b0     ndislib:init.obj
 0001:000008cc       ??_C@_1BI@GGNGIFIL@?$AAE?$AAn?$AAv?$AAi?$AAr?$AAo?$AAn?$AAm?$AAe?$AAn?$AAt?$AA?$AA@ 100018cc     ndislib:init.obj
 0001:000008e4       ??_C@_1BO@MNPAGPBC@?$AA?$CF?$AAs?$AA?2?$AA?$CF?$AAs?$AA?2?$AAP?$AAa?$AAr?$AAm?$AAs?$AA?2?$AA?$CF?$AAs?$AA?$AA@ 100018e4     ndislib:init.obj
 0001:00000904       ??_C@_1BO@HGPPFMIN@?$AAN?$AAe?$AAt?$AAw?$AAo?$AAr?$AAk?$AAA?$AAd?$AAd?$AAr?$AAe?$AAs?$AAs?$AA?$AA@ 10001904     ndislib:init.obj
 0001:00000924       ??_C@_1BM@POLIMJBL@?$AAF?$AAi?$AAl?$AAt?$AAe?$AAr?$AAC?$AAl?$AAa?$AAs?$AAs?$AAe?$AAs?$AA?$AA@ 10001924     ndislib:ndis.obj
 0001:00000940       ??_C@_1DC@LJNLAFCH@?$AAA?$AAl?$AAl?$AAM?$AAi?$AAn?$AAi?$AAp?$AAo?$AAr?$AAt?$AAs?$AAD?$AAe?$AAs?$AAe?$AAr?$AAi?$AAa?$AAl?$AAi?$AAz?$AAe?$AAd?$AA?$AA@ 10001940     ndislib:ndis.obj
 0001:00000974       ??_C@_1DA@OEMEBGKD@?$AAO?$AAp?$AAt?$AAi?$AAm?$AAi?$AAz?$AAe?$AAR?$AAe?$AAc?$AAe?$AAi?$AAv?$AAe?$AAH?$AAa?$AAn?$AAd?$AAl?$AAi?$AAn?$AAg?$AA?$AA@ 10001974     ndislib:ndis.obj
 0001:000009a4       ??_C@_1CK@CFDLLPDN@?$AAN?$AAe?$AAv?$AAe?$AAr?$AAL?$AAo?$AAo?$AAp?$AAb?$AAa?$AAc?$AAk?$AAP?$AAa?$AAc?$AAk?$AAe?$AAt?$AAs?$AA?$AA@ 100019a4     ndislib:ndis.obj
 0001:000009d0       ??_C@_1BM@BKGCCNDO@?$AAM?$AAa?$AAx?$AAN?$AAu?$AAm?$AAF?$AAi?$AAl?$AAt?$AAe?$AAr?$AAs?$AA?$AA@ 100019d0     ndislib:ndis.obj
 0001:000009f0       ??_C@_1EE@MPPBICEB@?$AAP?$AAo?$AAr?$AAt?$AAA?$AAu?$AAt?$AAh?$AAR?$AAe?$AAc?$AAe?$AAi?$AAv?$AAe?$AAA?$AAu?$AAt?$AAh?$AAo?$AAr?$AAi?$AAz?$AAa?$AAt?$AAi?$AAo?$AAn?$AAS?$AAt?$AAa?$AAt@ 100019f0     ndislib:ndis.obj
 0001:00000a34       ??_C@_1DO@IKPLLHEO@?$AAP?$AAo?$AAr?$AAt?$AAA?$AAu?$AAt?$AAh?$AAS?$AAe?$AAn?$AAd?$AAA?$AAu?$AAt?$AAh?$AAo?$AAr?$AAi?$AAz?$AAa?$AAt?$AAi?$AAo?$AAn?$AAS?$AAt?$AAa?$AAt?$AAe?$AA?$AA@ 10001a34     ndislib:ndis.obj
 0001:00000a74       ??_C@_1DI@EBLPKANG@?$AAP?$AAo?$AAr?$AAt?$AAA?$AAu?$AAt?$AAh?$AAR?$AAe?$AAc?$AAe?$AAi?$AAv?$AAe?$AAC?$AAo?$AAn?$AAt?$AAr?$AAo?$AAl?$AAS?$AAt?$AAa?$AAt?$AAe?$AA?$AA@ 10001a74     ndislib:ndis.obj
 0001:00000aac       ??_C@_1DC@DGNHCOJO@?$AAP?$AAo?$AAr?$AAt?$AAA?$AAu?$AAt?$AAh?$AAS?$AAe?$AAn?$AAd?$AAC?$AAo?$AAn?$AAt?$AAr?$AAo?$AAl?$AAS?$AAt?$AAa?$AAt?$AAe?$AA?$AA@ 10001aac     ndislib:ndis.obj
 0001:00000ae0       ??_C@_1CA@MELFKFKB@?$AAP?$AAa?$AAc?$AAk?$AAe?$AAt?$AAS?$AAt?$AAa?$AAc?$AAk?$AAS?$AAi?$AAz?$AAe?$AA?$AA@ 10001ae0     ndislib:ndis.obj
 0001:00000b00       ??_C@_1M@OAJFFPML@?$AAF?$AAl?$AAa?$AAg?$AAs?$AA?$AA@ 10001b00     ndislib:ndis.obj
 0001:00000b0c       ??_C@_1CA@LLBPCCKI@?$AAC?$AAo?$AAm?$AAm?$AA?2?$AAN?$AAD?$AAI?$AAS?$AA?2?$AAP?$AAa?$AAr?$AAm?$AAs?$AA?$AA@ 10001b0c     ndislib:ndis.obj
 0001:00000b2c       ??_C@_17BMKLNAAF@?$AAN?$AAO?$AAT?$AA?$AA@ 10001b2c     ndislib:ndis.obj
 0001:00000b34       ??_C@_1CE@NPGEKBKI@?$AAP?$AAr?$AAo?$AAt?$AAo?$AAc?$AAo?$AAl?$AAs?$AAT?$AAo?$AAB?$AAi?$AAn?$AAd?$AAT?$AAo?$AA?$AA@ 10001b34     ndislib:ndis.obj
 0001:00000b58       ??_C@_1BE@LMOAEFD@?$AAU?$AAp?$AAp?$AAe?$AAr?$AAB?$AAi?$AAn?$AAd?$AA?$AA@ 10001b58     ndislib:ndis.obj
 0001:00000b6c       ??_C@_1BM@ICFPJJJE@?$AAN?$AAd?$AAi?$AAs?$AAB?$AAo?$AAo?$AAt?$AAS?$AAt?$AAa?$AAr?$AAt?$AA?$AA@ 10001b6c     ndislib:ndis.obj
 0001:00000b88       ??_C@_1EK@FLAMEJDE@?$AAR?$AAe?$AAc?$AAe?$AAi?$AAv?$AAe?$AAP?$AAa?$AAc?$AAk?$AAe?$AAt?$AAP?$AAo?$AAo?$AAl?$AAO?$AAv?$AAe?$AAr?$AAf?$AAl?$AAo?$AAw?$AAD?$AAe?$AAs?$AAc?$AAr?$AAi?$AAp@ 10001b88     ndislib:ndis.obj
 0001:00000bd4       ??_C@_1DK@GDCBOMNC@?$AAR?$AAe?$AAc?$AAe?$AAi?$AAv?$AAe?$AAP?$AAa?$AAc?$AAk?$AAe?$AAt?$AAP?$AAo?$AAo?$AAl?$AAD?$AAe?$AAs?$AAc?$AAr?$AAi?$AAp?$AAt?$AAo?$AAr?$AAs?$AA?$AA@ 10001bd4     ndislib:ndis.obj
 0001:00000c10       ??_C@_1EE@OOKKDCFB@?$AAS?$AAe?$AAn?$AAd?$AAP?$AAa?$AAc?$AAk?$AAe?$AAt?$AAP?$AAo?$AAo?$AAl?$AAO?$AAv?$AAe?$AAr?$AAf?$AAl?$AAo?$AAw?$AAD?$AAe?$AAs?$AAc?$AAr?$AAi?$AAp?$AAt?$AAo?$AAr@ 10001c10     ndislib:ndis.obj
 0001:00000c54       ??_C@_1DE@MHHAECGJ@?$AAS?$AAe?$AAn?$AAd?$AAP?$AAa?$AAc?$AAk?$AAe?$AAt?$AAP?$AAo?$AAo?$AAl?$AAD?$AAe?$AAs?$AAc?$AAr?$AAi?$AAp?$AAt?$AAo?$AAr?$AAs?$AA?$AA@ 10001c54     ndislib:ndis.obj
 0001:00000c88       ??_C@_1BO@IHANICJL@?$AA?$CF?$AAl?$AAs?$AA?2?$AAN?$AAD?$AAI?$AAS?$AA?2?$AAP?$AAa?$AAr?$AAm?$AAs?$AA?$AA@ 10001c88     ndislib:ndis.obj
 0001:00000ca8       ??_C@_0DG@OKHAGKBI@NDIS?3?5failed?5to?5create?5ndis?5net?5@ 10001ca8     ndislib:ndis.obj
 0001:00000ce0       ??_C@_0DL@MKEPFHAK@NDIS?3?5failed?5to?5create?5ndis?5net?5@ 10001ce0     ndislib:ndis.obj
 0001:00000d1c       ??_C@_1BI@BHLBGEOK@?$AAP?$AAr?$AAi?$AAo?$AAr?$AAi?$AAt?$AAy?$AA2?$AA5?$AA6?$AA?$AA@ 10001d1c     ndislib:ndis.obj
 0001:00000d34       ??_C@_1CC@NNLCDFKF@?$AAN?$AAe?$AAt?$AAC?$AAf?$AAg?$AAI?$AAn?$AAs?$AAt?$AAa?$AAn?$AAc?$AAe?$AAI?$AAd?$AA?$AA@ 10001d34     ndislib:ndispnp.obj
 0001:00000d58       ??_C@_1BM@BDBLJMDP@?$AA?$CF?$AAl?$AAs?$AA?2?$AA?$CF?$AAl?$AAs?$AA?2?$AAP?$AAa?$AAr?$AAm?$AAs?$AA?$AA@ 10001d58     ndislib:ndispnp.obj
 0001:00000d74       ??_C@_0DA@JLGECHPH@?$CK?$CK?$CKNDIS?$CK?$CK?$CK?3?5Protocol?5?$CFwZ?5failed?5@ 10001d74     ndislib:ndispnp.obj
 0001:00000da4       ??_C@_19LELMJPKF@?$AAe?$AAd?$AAi?$AAt?$AA?$AA@ 10001da4     ndislib:lwfilter.obj
 0001:00000db0       ??_C@_19HMHJFJJI@?$AAe?$AAn?$AAu?$AAm?$AA?$AA@ 10001db0     ndislib:lwfilter.obj
 0001:00000dbc       ??_C@_1M@EAIOIOIP@?$AAd?$AAw?$AAo?$AAr?$AAd?$AA?$AA@ 10001dbc     ndislib:lwfilter.obj
 0001:00000dc8       ??_C@_19PDIFHHOB@?$AAw?$AAo?$AAr?$AAd?$AA?$AA@ 10001dc8     ndislib:lwfilter.obj
 0001:00000dd4       ??_C@_19EKGKGAPA@?$AAl?$AAo?$AAn?$AAg?$AA?$AA@ 10001dd4     ndislib:lwfilter.obj
 0001:00000de0       ??_C@_17IDNKMCOH@?$AAi?$AAn?$AAt?$AA?$AA@ 10001de0     ndislib:lwfilter.obj
 0001:00000de8       ??_C@_1BA@IBABNALF@?$AA?$CF?$AAs?$AA?9?$AA?$CF?$AA0?$AA4?$AAu?$AA?$AA@ 10001de8     ndislib:lwfilter.obj
 0001:00000df8       ??_C@_1BI@DENFJGPJ@?$AAF?$AAi?$AAl?$AAt?$AAe?$AAr?$AAC?$AAl?$AAa?$AAs?$AAs?$AA?$AA@ 10001df8     ndislib:lwfilter.obj
 0001:00000e10       ??_C@_1BI@BHBOIBCJ@?$AAA?$AAt?$AAt?$AAa?$AAc?$AAh?$AAO?$AAr?$AAd?$AAe?$AAr?$AA?$AA@ 10001e10     ndislib:lwfilter.obj
 0001:00000e28       ??_C@_1BK@PEINIBFG@?$AAL?$AAo?$AAw?$AAe?$AAr?$AAE?$AAx?$AAc?$AAl?$AAu?$AAd?$AAe?$AA?$AA@ 10001e28     ndislib:lwfilter.obj
 0001:00000e44       ??_C@_1CC@LNHJCGBE@?$AAF?$AAi?$AAl?$AAt?$AAe?$AAr?$AAM?$AAe?$AAd?$AAi?$AAa?$AAT?$AAy?$AAp?$AAe?$AAs?$AA?$AA@ 10001e44     ndislib:lwfilter.obj
 0001:00000e68       ??_C@_1BG@MIBDMCD@?$AAF?$AAi?$AAl?$AAt?$AAe?$AAr?$AAT?$AAy?$AAp?$AAe?$AA?$AA@ 10001e68     ndislib:lwfilter.obj
 0001:00000e80       ??_C@_1CA@BMLKPFBJ@?$AA?2?$AAC?$AAo?$AAm?$AAm?$AA?2?$AAL?$AAW?$AAF?$AAi?$AAl?$AAt?$AAe?$AAr?$AAs?$AA?$AA@ 10001e80     ndislib:lwfilter.obj
 0001:00000ea0       ??_C@_1BM@BGKPKFED@?$AAF?$AAi?$AAl?$AAt?$AAe?$AAr?$AAR?$AAu?$AAn?$AAT?$AAy?$AAp?$AAe?$AA?$AA@ 10001ea0     ndislib:lwfilter.obj
 0001:00000ebc       ??_C@_19BIEPDBPA@?$AAT?$AAy?$AAp?$AAe?$AA?$AA@ 10001ebc     ndislib:lwfilter.obj
 0001:00000ec8       ??_C@_1BA@GHOECOCL@?$AAD?$AAe?$AAf?$AAa?$AAu?$AAl?$AAt?$AA?$AA@ 10001ec8     ndislib:lwfilter.obj
 0001:00000ed8       ??_C@_1BC@BKJNEEFE@?$AAO?$AAp?$AAt?$AAi?$AAo?$AAn?$AAa?$AAl?$AA?$AA@ 10001ed8     ndislib:lwfilter.obj
 0001:00000eec       ??_C@_19BLGDCJIP@?$AA?$CF?$AA0?$AA4?$AAd?$AA?$AA@ 10001eec     ndislib:lwfilter.obj
 0001:00000ef8       ??_C@_1BO@DKKJKNDM@?$AAL?$AAo?$AAw?$AAe?$AAr?$AAC?$AAo?$AAm?$AAp?$AAo?$AAn?$AAe?$AAn?$AAt?$AA?$AA@ 10001ef8     ndislib:lwfilter.obj
 0001:00000f18       ??_C@_13FPGAJAPJ@?$AA?2?$AA?$AA@ 10001f18     ndislib:lwfilter.obj
 0001:00000f1c       ??_C@_1CM@FAPOBEPC@?$AAD?$AAe?$AAf?$AAa?$AAu?$AAl?$AAt?$AAF?$AAi?$AAl?$AAt?$AAe?$AAr?$AAS?$AAe?$AAt?$AAt?$AAi?$AAn?$AAg?$AAs?$AA?$AA@ 10001f1c     ndislib:lwfilter.obj
 0001:00000f48       ??_C@_0CH@OPHLNHIM@Overwrote?5past?5allocated?5shared?5@ 10001f48     ndislib:configm.obj
 0001:00000f70       ??_C@_0CE@HIIEPOKI@Freeing?5shared?5memory?5not?5alloca@ 10001f70     ndislib:configm.obj
 0001:00000f98       ??_C@_0FK@NIKIEHPL@NdisMDeregisterMiniportDriver?3?5D@ 10001f98     ndislib:configm.obj
 0001:00000ff4       ??_C@_1CG@DFEGIGIP@?$AA?$CK?$AAP?$AAh?$AAy?$AAs?$AAi?$AAc?$AAa?$AAl?$AAM?$AAe?$AAd?$AAi?$AAa?$AAT?$AAy?$AAp?$AAe?$AA?$AA@ 10001ff4     ndislib:configm.obj
 0001:0000101c       ??_C@_1BG@LCMOJFMP@?$AAI?$AAM?$AAM?$AAi?$AAn?$AAi?$AAp?$AAo?$AAr?$AAt?$AA?$AA@ 1000201c     ndislib:configm.obj
 0001:00001034       ??_C@_0BO@JKCJNPAL@NDIS?3?5Init?5time?5?$CI?$CFwZ?$CJ?5?$CFld?5ms?6?$AA@ 10002034     ndislib:initpnp.obj
 0001:00001054       ??_C@_1BM@OJDJMCAI@?$AAN?$AAd?$AAi?$AAs?$AA?2?$AAI?$AAf?$AAT?$AAy?$AAp?$AAe?$AAs?$AA?2?$AA?$AA@ 10002054     ndislib:initpnp.obj
 0001:00001070       ??_C@_1BG@PCNFFOOE@?$AAS?$AAl?$AAo?$AAt?$AAN?$AAu?$AAm?$AAb?$AAe?$AAr?$AA?$AA@ 10002070     ndislib:initpnp.obj
 0001:00001088       ??_C@_1BK@JHFNDMGF@?$AAD?$AAe?$AAv?$AAi?$AAc?$AAe?$AAN?$AAu?$AAm?$AAb?$AAe?$AAr?$AA?$AA@ 10002088     ndislib:initpnp.obj
 0001:000010a4       ??_C@_1BO@PJDCCDMH@?$AAF?$AAu?$AAn?$AAc?$AAt?$AAi?$AAo?$AAn?$AAN?$AAu?$AAm?$AAb?$AAe?$AAr?$AA?$AA@ 100020a4     ndislib:initpnp.obj
 0001:000010c4       ??_C@_1CA@HKGAIPCA@?$AAP?$AAn?$AAP?$AAC?$AAa?$AAp?$AAa?$AAb?$AAi?$AAl?$AAi?$AAt?$AAi?$AAe?$AAs?$AA?$AA@ 100020c4     ndislib:initpnp.obj
 0001:000010e4       ??_C@_1BO@IGJJANKM@?$AAR?$AAe?$AAm?$AAo?$AAt?$AAe?$AAB?$AAo?$AAo?$AAt?$AAC?$AAa?$AAr?$AAd?$AA?$AA@ 100020e4     ndislib:initpnp.obj
 0001:00001104       ??_C@_1CM@INHBENMF@?$AAN?$AAd?$AAi?$AAs?$AAD?$AAr?$AAi?$AAv?$AAe?$AAr?$AAV?$AAe?$AAr?$AAi?$AAf?$AAy?$AAF?$AAl?$AAa?$AAg?$AAs?$AA?$AA@ 10002104     ndislib:initpnp.obj
 0001:00001130       ??_C@_1BA@BDHDGOBO@?$AAS?$AAy?$AAs?$AAI?$AAn?$AAt?$AAr?$AA?$AA@ 10002130     ndislib:initpnp.obj
 0001:00001140       ??_C@_1CK@CKFJJIHI@?$AAI?$AAf?$AAU?$AAs?$AAe?$AAd?$AAN?$AAe?$AAt?$AAL?$AAu?$AAi?$AAd?$AAI?$AAn?$AAd?$AAi?$AAc?$AAe?$AAs?$AA?$AA@ 10002140     ndislib:ndisif.obj
 0001:0000116c       ??_C@_1O@CPOOBBI@?$AAI?$AAf?$AAT?$AAy?$AAp?$AAe?$AA?$AA@ 1000216c     ndislib:ndisif.obj
 0001:0000117c       ??_C@_1DG@CHDAEBBJ@?$AA?$CF?$AAl?$AAs?$AA?2?$AAN?$AAD?$AAI?$AAS?$AA?2?$AAP?$AAa?$AAr?$AAm?$AAs?$AA?2?$AAI?$AAf?$AAT?$AAy?$AAp?$AAe?$AAs?$AA?2?$AA?$CF?$AAh?$AAu?$AA?$AA@ 1000217c     ndislib:ndisif.obj
 0001:000011b4       ??_C@_1BM@MAJLBHCD@?$AAI?$AAn?$AAt?$AAe?$AAr?$AAf?$AAa?$AAc?$AAe?$AAG?$AAu?$AAi?$AAd?$AA?$AA@ 100021b4     ndislib:ndisif.obj
 0001:000011d0       ??_C@_13HOIJIPNN@?$AA?5?$AA?$AA@ 100021d0     ndislib:ndisif.obj
 0001:000011d4       ??_C@_1DI@ONIHMIFA@?$AAS?$AAo?$AAf?$AAt?$AAw?$AAa?$AAr?$AAe?$AA?5?$AAL?$AAo?$AAo?$AAp?$AAb?$AAa?$AAc?$AAk?$AA?5?$AAI?$AAn?$AAt?$AAe?$AAr?$AAf?$AAa?$AAc?$AAe?$AA?$AA@ 100021d4     ndislib:ndisif.obj
 0001:0000120c       ??_C@_1DE@FPLODACM@?$AAL?$AAo?$AAo?$AAp?$AAb?$AAa?$AAc?$AAk?$AA?5?$AAP?$AAs?$AAe?$AAu?$AAd?$AAo?$AA?9?$AAI?$AAn?$AAt?$AAe?$AAr?$AAf?$AAa?$AAc?$AAe?$AA?$AA@ 1000220c     ndislib:ndisif.obj
 0001:00001240       ??_C@_1CO@NLOMEMAK@?$AA?$CF?$AAl?$AAs?$AA?2?$AAN?$AAD?$AAI?$AAS?$AA?2?$AAP?$AAa?$AAr?$AAm?$AAs?$AA?2?$AAI?$AAf?$AAT?$AAy?$AAp?$AAe?$AAs?$AA?$AA@ 10002240     ndislib:ndisif.obj
 0001:00001270       ??_C@_1BM@OBNLOILJ@?$AAC?$AAo?$AAm?$AAm?$AA?2?$AA?$CF?$AAs?$AA?2?$AAP?$AAa?$AAr?$AAm?$AAs?$AA?$AA@ 10002270     ndislib:timerm.obj
 0001:0000128c       ??_C@_0CE@CMBKPNKO@Halting?5without?5deregistering?5ti@ 1000228c     ndislib:minint.obj
 0001:000012b0       ??_C@_0CI@IHMJGCLP@Halting?5without?5deregistering?5in@ 100022b0     ndislib:minint.obj
 0001:000012d8       Highest32Bit               100022d8     ndislib:netdma.obj
 0001:000012e0       Lowest32Bit                100022e0     ndislib:netdma.obj
 0001:000012e8       Highest64Bit               100022e8     ndislib:netdma.obj
 0001:000012f0       ??_C@_0DE@LBAKNAHG@Dma?5engine?5is?5halted?4?5Completed?5@ 100022f0     ndislib:netdma.obj
 0001:00001324       ??_C@_0CC@DNBCFLCF@Indicating?5packet?5not?5owned?5by?5i@ 10002324     ndislib:tfilter.obj
 0001:00001348       ??_C@_1CA@IFOIM@?$AA?$CK?$AAN?$AAd?$AAi?$AAs?$AAD?$AAe?$AAv?$AAi?$AAc?$AAe?$AAT?$AAy?$AAp?$AAe?$AA?$AA@ 10002348     ndislib:data.obj
 0001:00001368       ??_C@_1CC@LHPIADKO@?$AA?$CK?$AAH?$AAe?$AAa?$AAd?$AAe?$AAr?$AAD?$AAa?$AAt?$AAa?$AAS?$AAp?$AAl?$AAi?$AAt?$AA?$AA@ 10002368     ndislib:data.obj
 0001:0000138c       ??_C@_1CI@LEJFGHAG@?$AA?$CK?$AAI?$AAP?$AAs?$AAe?$AAc?$AAO?$AAf?$AAf?$AAl?$AAo?$AAa?$AAd?$AAV?$AA2?$AAI?$AAP?$AAv?$AA4?$AA?$AA@ 1000238c     ndislib:data.obj
 0001:000013b4       ??_C@_1CA@OJHEOGMD@?$AA?$CK?$AAI?$AAP?$AAs?$AAe?$AAc?$AAO?$AAf?$AAf?$AAl?$AAo?$AAa?$AAd?$AAV?$AA2?$AA?$AA@ 100023b4     ndislib:data.obj
 0001:000013d4       ??_C@_1DE@KAGCJPAA@?$AA?$CK?$AAT?$AAC?$AAP?$AAC?$AAo?$AAn?$AAn?$AAe?$AAc?$AAt?$AAi?$AAo?$AAn?$AAO?$AAf?$AAf?$AAl?$AAo?$AAa?$AAd?$AAI?$AAP?$AAv?$AA6?$AA?$AA@ 100023d4     ndislib:data.obj
 0001:00001408       ??_C@_1DE@KGLFHIL@?$AA?$CK?$AAT?$AAC?$AAP?$AAC?$AAo?$AAn?$AAn?$AAe?$AAc?$AAt?$AAi?$AAo?$AAn?$AAO?$AAf?$AAf?$AAl?$AAo?$AAa?$AAd?$AAI?$AAP?$AAv?$AA4?$AA?$AA@ 10002408     ndislib:data.obj
 0001:0000143c       ??_C@_1CI@MDALLFPG@?$AA?$CK?$AAI?$AAP?$AAs?$AAe?$AAc?$AAO?$AAf?$AAf?$AAl?$AAo?$AAa?$AAd?$AAV?$AA1?$AAI?$AAP?$AAv?$AA4?$AA?$AA@ 1000243c     ndislib:data.obj
 0001:00001464       ??_C@_1BG@CCLILDIL@?$AA?$CK?$AAL?$AAs?$AAo?$AAV?$AA2?$AAI?$AAP?$AAv?$AA6?$AA?$AA@ 10002464     ndislib:data.obj
 0001:0000147c       ??_C@_1BG@IILBHLAA@?$AA?$CK?$AAL?$AAs?$AAo?$AAV?$AA2?$AAI?$AAP?$AAv?$AA4?$AA?$AA@ 1000247c     ndislib:data.obj
 0001:00001494       ??_C@_1BG@PPCPKJPA@?$AA?$CK?$AAL?$AAs?$AAo?$AAV?$AA1?$AAI?$AAP?$AAv?$AA4?$AA?$AA@ 10002494     ndislib:data.obj
 0001:000014ac       ??_C@_1DG@JBCLLKHJ@?$AA?$CK?$AAT?$AAC?$AAP?$AAU?$AAD?$AAP?$AAC?$AAh?$AAe?$AAc?$AAk?$AAs?$AAu?$AAm?$AAO?$AAf?$AAf?$AAl?$AAo?$AAa?$AAd?$AAI?$AAP?$AAv?$AA6?$AA?$AA@ 100024ac     ndislib:data.obj
 0001:000014e4       ??_C@_1DG@DLCCHCPC@?$AA?$CK?$AAT?$AAC?$AAP?$AAU?$AAD?$AAP?$AAC?$AAh?$AAe?$AAc?$AAk?$AAs?$AAu?$AAm?$AAO?$AAf?$AAf?$AAl?$AAo?$AAa?$AAd?$AAI?$AAP?$AAv?$AA4?$AA?$AA@ 100024e4     ndislib:data.obj
 0001:0000151c       ??_C@_1DA@OLIKAHAJ@?$AA?$CK?$AAU?$AAD?$AAP?$AAC?$AAh?$AAe?$AAc?$AAk?$AAs?$AAu?$AAm?$AAO?$AAf?$AAf?$AAl?$AAo?$AAa?$AAd?$AAI?$AAP?$AAv?$AA6?$AA?$AA@ 1000251c     ndislib:data.obj
 0001:0000154c       ??_C@_1DA@EBIDMPIC@?$AA?$CK?$AAU?$AAD?$AAP?$AAC?$AAh?$AAe?$AAc?$AAk?$AAs?$AAu?$AAm?$AAO?$AAf?$AAf?$AAl?$AAo?$AAa?$AAd?$AAI?$AAP?$AAv?$AA4?$AA?$AA@ 1000254c     ndislib:data.obj
 0001:0000157c       ??_C@_1DA@ECJLDFLE@?$AA?$CK?$AAT?$AAC?$AAP?$AAC?$AAh?$AAe?$AAc?$AAk?$AAs?$AAu?$AAm?$AAO?$AAf?$AAf?$AAl?$AAo?$AAa?$AAd?$AAI?$AAP?$AAv?$AA6?$AA?$AA@ 1000257c     ndislib:data.obj
 0001:000015ac       ??_C@_1DA@OIJCPNDP@?$AA?$CK?$AAT?$AAC?$AAP?$AAC?$AAh?$AAe?$AAc?$AAk?$AAs?$AAu?$AAm?$AAO?$AAf?$AAf?$AAl?$AAo?$AAa?$AAd?$AAI?$AAP?$AAv?$AA4?$AA?$AA@ 100025ac     ndislib:data.obj
 0001:000015dc       ??_C@_1CO@ICHJCLHG@?$AA?$CK?$AAI?$AAP?$AAC?$AAh?$AAe?$AAc?$AAk?$AAs?$AAu?$AAm?$AAO?$AAf?$AAf?$AAl?$AAo?$AAa?$AAd?$AAI?$AAP?$AAv?$AA4?$AA?$AA@ 100025dc     ndislib:data.obj
 0001:00001610       HighestAcceptableMax       10002610     ndislib:data.obj
 0001:00001618       ??_C@_0CI@JBPFBKKD@Init?5failed?5without?5deregisterin@ 10002618     ndislib:ndispwr.obj
 0001:00001640       ??_C@_1M@MHNHFOM@?$AAR?$AAo?$AAu?$AAt?$AAe?$AA?$AA@ 10002640     ntcompat:cedevice.obj
 0001:0000164c       ??_C@_1BG@DKIHOFKA@?$AA?$CF?$AAs?$AA?2?$AAL?$AAi?$AAn?$AAk?$AAa?$AAg?$AAe?$AA?$AA@ 1000264c     ntcompat:cedevice.obj
 0001:00001664       ??_C@_1BO@JIFIIBBK@?$AAN?$AAo?$AAD?$AAe?$AAv?$AAi?$AAc?$AAe?$AAC?$AAr?$AAe?$AAa?$AAt?$AAe?$AA?$AA@ 10002664     ntcompat:cedevice.obj
 0001:00001684       ??_C@_1BI@JBAOFJDI@?$AAD?$AAr?$AAi?$AAv?$AAe?$AAr?$AAE?$AAn?$AAt?$AAr?$AAy?$AA?$AA@ 10002684     ntcompat:cedriver.obj
 0001:0000169c       ??_C@_1BC@BNCHDOLF@?$AAP?$AAa?$AAg?$AAe?$AAa?$AAb?$AAl?$AAe?$AA?$AA@ 1000269c     ntcompat:cedriver.obj
 0001:000016b0       ??_C@_1BE@CMLCLKJK@?$AAI?$AAm?$AAa?$AAg?$AAe?$AAP?$AAa?$AAt?$AAh?$AA?$AA@ 100026b0     ntcompat:cedriver.obj
 0001:000016c4       ??_C@_1M@LHGLMLD@?$AAG?$AAr?$AAo?$AAu?$AAp?$AA?$AA@ 100026c4     ntcompat:cedriver.obj
 0001:000016d0       ??_C@_1O@JMCNHCBG@?$AAI?$AAo?$AAB?$AAa?$AAs?$AAe?$AA?$AA@ 100026d0     ntcompat:ceinterrupt.obj
 0001:000016e0       ??_C@_1BG@PHEFFJNK@?$AAM?$AAa?$AAs?$AAk?$AAO?$AAf?$AAf?$AAs?$AAe?$AAt?$AA?$AA@ 100026e0     ntcompat:ceinterrupt.obj
 0001:000016f8       ??_C@_1BG@LJECLMIL@?$AAU?$AAs?$AAe?$AAM?$AAa?$AAs?$AAk?$AAR?$AAe?$AAg?$AA?$AA@ 100026f8     ntcompat:ceinterrupt.obj
 0001:00001710       ??_C@_1BC@IBLIBIEM@?$AAP?$AAo?$AAr?$AAt?$AAM?$AAa?$AAs?$AAk?$AA?$AA@ 10002710     ntcompat:ceinterrupt.obj
 0001:00001724       ??_C@_1BC@KMOKJEFJ@?$AAP?$AAo?$AAr?$AAt?$AAS?$AAi?$AAz?$AAe?$AA?$AA@ 10002724     ntcompat:ceinterrupt.obj
 0001:00001738       ??_C@_1BG@DCBPGGHJ@?$AAP?$AAo?$AAr?$AAt?$AAO?$AAf?$AAf?$AAs?$AAe?$AAt?$AA?$AA@ 10002738     ntcompat:ceinterrupt.obj
 0001:00001750       ??_C@_1BE@FPFCKICE@?$AAP?$AAo?$AAr?$AAt?$AAI?$AAn?$AAd?$AAe?$AAx?$AA?$AA@ 10002750     ntcompat:ceinterrupt.obj
 0001:00001764       ??_C@_1BC@DMHMJCMC@?$AAP?$AAo?$AAr?$AAt?$AAI?$AAs?$AAI?$AAO?$AA?$AA@ 10002764     ntcompat:ceinterrupt.obj
 0001:00001778       ??_C@_1BE@GCONHCMJ@?$AAC?$AAh?$AAe?$AAc?$AAk?$AAP?$AAo?$AAr?$AAt?$AA?$AA@ 10002778     ntcompat:ceinterrupt.obj
 0001:0000178c       ??_C@_1BE@JABEPCFF@?$AAg?$AAi?$AAi?$AAs?$AAr?$AA?4?$AAd?$AAl?$AAl?$AA?$AA@ 1000278c     ntcompat:ceinterrupt.obj
 0001:000017a0       ??_C@_1BG@NELPJJNN@?$AAI?$AAs?$AAr?$AAH?$AAa?$AAn?$AAd?$AAl?$AAe?$AAr?$AA?$AA@ 100027a0     ntcompat:ceinterrupt.obj
 0001:000017b8       ??_C@_1O@MDNCMDKF@?$AAI?$AAs?$AAr?$AAD?$AAl?$AAl?$AA?$AA@ 100027b8     ntcompat:ceinterrupt.obj
 0001:000017c8       GuidFormat                 100027c8     vcompat:rtlmisc.obj
 0001:00001830       RtlpIntegerChars           10002830     vcompat:rtlmisc.obj
 0001:00001840       NPI_MS_NDIS_MODULEID       10002840     uuidnet:msmodid.obj
 0001:00001858       NPI_NSI_MODULE_ID          10002858     uuidnet:msnpiid.obj
 0001:0000188c       EthCreateFilter            1000288c f   ndislib:efilter.obj
 0001:00001a88       EthDeleteFilter            10002a88 f   ndislib:efilter.obj
 0001:00001ad0       EthQueryOpenFilterAddresses 10002ad0 f   ndislib:efilter.obj
 0001:00001b78       EthQueryGlobalFilterAddresses 10002b78 f   ndislib:efilter.obj
 0001:00001be8       EthFilterDprIndicateReceiveComplete 10002be8 f   ndislib:efilter.obj
 0001:00001c8c       ethFindMulticast           10002c8c f   ndislib:efilter.obj
 0001:00001df8       ethAllocateOpenMulticastBuffer 10002df8 f   ndislib:efilter.obj
 0001:00001eb0       ethFreeOpenMulticastBuffer 10002eb0 f   ndislib:efilter.obj
 0001:00001ee4       ethDeleteOneOpenMulticastAddress 10002ee4 f   ndislib:efilter.obj
 0001:00002058       ethAddOneOpenMulticastAddress 10003058 f   ndislib:efilter.obj
 0001:00002288       EthInitializeFilter        10003288 f   ndislib:efilter.obj
 0001:0000242c       EthDeInitializeFilter      1000342c f   ndislib:efilter.obj
 0001:000024a4       EthDeleteFilterOpenAdapter 100034a4 f   ndislib:efilter.obj
 0001:000024c0       EthFilterDprIndicateReceive 100034c0 f   ndislib:efilter.obj
 0001:00002a58       ethFilterDprIndicateReceivePacket 10003a58 f   ndislib:efilter.obj
 0001:00003200       Log_EthFilterDprIndicateReceive 10004200 f   ndislib:efilter.obj
 0001:0000329c       Log_ethFilterDprIndicateReceivePacket 1000429c f   ndislib:efilter.obj
 0001:000032e4       CEOptimized_ethFilterDprIndicateReceivePacket 100042e4 f   ndislib:efilter.obj
 0001:00003410       NdisAllocateSpinLock       10004410 f   ndislib:minisub.obj
 0001:00003414       NdisFreeSpinLock           10004414 f   ndislib:minisub.obj
 0001:00003418       NdisAcquireSpinLock        10004418 f   ndislib:minisub.obj
 0001:0000341c       NdisReleaseSpinLock        1000441c f   ndislib:minisub.obj
 0001:00003420       NdisDprAcquireSpinLock     10004420 f   ndislib:minisub.obj
 0001:00003424       NdisDprReleaseSpinLock     10004424 f   ndislib:minisub.obj
 0001:00003428       NdisFreeBuffer             10004428 f   ndislib:minisub.obj
 0001:0000342c       NdisQueryBuffer            1000442c f   ndislib:minisub.obj
 0001:0000346c       NdisQueryBufferSafe        1000446c f   ndislib:minisub.obj
 0001:000034ac       NdisQueryBufferOffset      100044ac f   ndislib:minisub.obj
 0001:000034d4       NdisGetFirstBufferFromPacket 100044d4 f   ndislib:minisub.obj
 0001:00003554       NdisGetFirstBufferFromPacketSafe 10004554 f   ndislib:minisub.obj
 0001:000035d4       NdisBufferLength           100045d4 f   ndislib:minisub.obj
 0001:000035e4       NdisBufferVirtualAddress   100045e4 f   ndislib:minisub.obj
 0001:000035fc       NDIS_BUFFER_TO_SPAN_PAGES  100045fc f   ndislib:minisub.obj
 0001:00003644       NdisGetBufferPhysicalArraySize 10004644 f   ndislib:minisub.obj
 0001:00003694       NdisQueryNetBufferPhysicalCount 10004694 f   ndislib:minisub.obj
 0001:00003780       NdisAnsiStringToUnicodeString 10004780 f   ndislib:minisub.obj
 0001:00003788       NdisUnicodeStringToAnsiString 10004788 f   ndislib:minisub.obj
 0001:00003790       NdisUpcaseUnicodeString    10004790 f   ndislib:minisub.obj
 0001:00003798       ndisMStartBufferPhysicalMapping 10004798 f   ndislib:minisub.obj
 0001:000038e4       NdisMStartBufferPhysicalMapping 100048e4 f   ndislib:minisub.obj
 0001:00003918       ndisMCompleteBufferPhysicalMapping 10004918 f   ndislib:minisub.obj
 0001:00003940       NdisMCompleteBufferPhysicalMapping 10004940 f   ndislib:minisub.obj
 0001:00003954       NdisInterlockedIncrement   10004954 f   ndislib:minisub.obj
 0001:00003958       NdisInterlockedDecrement   10004958 f   ndislib:minisub.obj
 0001:0000395c       NdisInterlockedAddUlong    1000495c f   ndislib:minisub.obj
 0001:0000398c       NdisInterlockedInsertHeadList 1000498c f   ndislib:minisub.obj
 0001:00003990       NdisInterlockedInsertTailList 10004990 f   ndislib:minisub.obj
 0001:00003994       NdisInterlockedRemoveHeadList 10004994 f   ndislib:minisub.obj
 0001:00003998       NdisMCreateLog             10004998 f   ndislib:minisub.obj
 0001:00003a70       NdisMCloseLog              10004a70 f   ndislib:minisub.obj
 0001:00003ac0       NdisMWriteLogData          10004ac0 f   ndislib:minisub.obj
 0001:00003b88       NdisGetLogData             10004b88 f   ndislib:minisub.obj
 0001:00003cbc       NdisMFlushLog              10004cbc f   ndislib:minisub.obj
 0001:00003cf8       NdisMQueryAdapterInstanceName 10004cf8 f   ndislib:minisub.obj
 0001:00003d8c       NdisInitializeReadWriteLock 10004d8c f   ndislib:minisub.obj
 0001:00003db8       NdisFreeReadWriteLock      10004db8 f   ndislib:minisub.obj
 0001:00003dbc       NdisAcquireReadWriteLock   10004dbc f   ndislib:minisub.obj
 0001:00003dc8       NdisDprAcquireReadWriteLock 10004dc8 f   ndislib:minisub.obj
 0001:00003dd4       NdisReleaseReadWriteLock   10004dd4 f   ndislib:minisub.obj
 0001:00003de0       NdisDprReleaseReadWriteLock 10004de0 f   ndislib:minisub.obj
 0001:00003dec       KeWaitForSingleObject      10004dec f i ndislib:cestreamdrv.obj
 0001:00003eac       CopyRegistryValues         10004eac f   ndislib:cestreamdrv.obj
 0001:0000405c       CopyRegistryTree           1000505c f   ndislib:cestreamdrv.obj
 0001:00004194       CopyHKLMRegistryTree       10005194 f   ndislib:cestreamdrv.obj
 0001:0000423c       CEDeviceInit               1000523c f   ndislib:cestreamdrv.obj
 0001:0000438c       CE_IsInBusFriendlyNameList 1000538c f   ndislib:cestreamdrv.obj
 0001:00004424       CE_AddBusFriendlyName      10005424 f   ndislib:cestreamdrv.obj
 0001:000044bc       NdisPCIBusDeviceInit       100054bc f   ndislib:cestreamdrv.obj
 0001:000045a0       ndisAddBusAgnosticDeviceFromNdisInit 100055a0 f   ndislib:cestreamdrv.obj
 0001:000047a8       ndisIsBuiltInDevice        100057a8 f   ndislib:cestreamdrv.obj
 0001:0000484c       NDS_Deinit                 1000584c f   ndislib:cestreamdrv.obj
 0001:00004868       NDS_Open                   10005868 f   ndislib:cestreamdrv.obj
 0001:00004880       NDS_Close                  10005880 f   ndislib:cestreamdrv.obj
 0001:00004888       NDS_Read                   10005888 f   ndislib:cestreamdrv.obj
 0001:00004890       NDS_Write                  10005890 f   ndislib:cestreamdrv.obj
 0001:00004898       NDS_Seek                   10005898 f   ndislib:cestreamdrv.obj
 0001:000048a0       ndisMPreReset              100058a0 f   ndislib:cestreamdrv.obj
 0001:00004940       ndisResumeThread           10005940 f   ndislib:cestreamdrv.obj
 0001:000049d4       ndisCheckIfResumeRequested 100059d4 f   ndislib:cestreamdrv.obj
 0001:00004a60       AddStringToBuffer          10005a60 f   ndislib:cestreamdrv.obj
 0001:00004acc       NdisGetAdapterNames        10005acc f   ndislib:cestreamdrv.obj
 0001:00004bac       NdisGetProtocolNames       10005bac f   ndislib:cestreamdrv.obj
 0001:00004c70       findAdapter                10005c70 f   ndislib:cestreamdrv.obj
 0001:00004cb8       NdisGetAdapterBindings     10005cb8 f   ndislib:cestreamdrv.obj
 0001:00004dd8       NdisRegisterAdapter        10005dd8 f   ndislib:cestreamdrv.obj
 0001:00004e14       NdisDeregisterAdapter      10005e14 f   ndislib:cestreamdrv.obj
 0001:00004ed0       INdisBindOrUnbindThread    10005ed0 f   ndislib:cestreamdrv.obj
 0001:00004fdc       INdisSpinBindOrUnbindThread 10005fdc f   ndislib:cestreamdrv.obj
 0001:000050d4       INdisDoApplicationAdapterCommand 100060d4 f   ndislib:cestreamdrv.obj
 0001:000051a8       NdisBindProtocolsToAdapter 100061a8 f   ndislib:cestreamdrv.obj
 0001:000051cc       NdisUnbindProtocolsFromAdapter 100061cc f   ndislib:cestreamdrv.obj
 0001:000051f0       NdisRebindProtocolsToAdapter 100061f0 f   ndislib:cestreamdrv.obj
 0001:0000523c       NdisMRebindProtocolsToAdapter 1000623c f   ndislib:cestreamdrv.obj
 0001:000052ac       DEVICE_STATE_TO_BITMASK    100062ac f   ndislib:cestreamdrv.obj
 0001:000052f4       CE_TO_NDIS_POWER_STATE     100062f4 f   ndislib:cestreamdrv.obj
 0001:00005350       CeGetPowerCapabilitiesForPm 10006350 f   ndislib:cestreamdrv.obj
 0001:00005414       CeRegisterAdapterToPm      10006414 f   ndislib:cestreamdrv.obj
 0001:00005500       CeDeregisterAdapterFromPm  10006500 f   ndislib:cestreamdrv.obj
 0001:00005568       FindAdapterFromPowerRelation 10006568 f   ndislib:cestreamdrv.obj
 0001:00005624       AliasPointer               10006624 f   ndislib:cestreamdrv.obj
 0001:00005680       NDS_IOControl              10006680 f   ndislib:cestreamdrv.obj
 0001:00005fb4       CEHandlePowerStatusChangeNotification 10006fb4 f   ndislib:cestreamdrv.obj
 0001:00006004       CEPowerNotificationThread  10007004 f   ndislib:cestreamdrv.obj
 0001:000061f8       NdisQueryPacket            100071f8 f   ndislib:cestreamdrv.obj
 0001:000062c8       NDS_Init                   100072c8 f   ndislib:cestreamdrv.obj
 0001:000063ac       KeQueryTickCount           100073ac f i ndislib:common.obj
 0001:000063ec       NdisStallExecution         100073ec f   ndislib:common.obj
 0001:000063f0       NdisFlushBuffer            100073f0 f   ndislib:common.obj
 0001:00006420       NdisInitializeListHead     10007420 f   ndislib:common.obj
 0001:0000642c       NdisAllocateMemory         1000742c f   ndislib:common.obj
 0001:000064bc       NdisAllocateMemoryWithTag  100074bc f   ndislib:common.obj
 0001:000064f8       NdisFreeMemory             100074f8 f   ndislib:common.obj
 0001:0000651c       NdisPacketSize             1000751c f   ndislib:common.obj
 0001:00006588       NdisGetPoolFromPacket      10007588 f   ndislib:common.obj
 0001:00006590       NdisIMGetCurrentPacketStack 10007590 f   ndislib:common.obj
 0001:000065fc       NdisAllocatePacketPoolEx   100075fc f   ndislib:common.obj
 0001:00006728       ndisFreePacketPool         10007728 f   ndislib:common.obj
 0001:0000678c       NdisAllocatePacket         1000778c f   ndislib:common.obj
 0001:000068f4       NdisFreePacket             100078f4 f   ndislib:common.obj
 0001:0000698c       NdisPacketPoolUsage        1000798c f   ndislib:common.obj
 0001:00006994       NdisSetPacketPoolProtocolId 10007994 f   ndislib:common.obj
 0001:0000699c       NdisAllocateBufferPool     1000799c f   ndislib:common.obj
 0001:000069ac       NdisFreeBufferPool         100079ac f   ndislib:common.obj
 0001:000069b0       NdisAllocateBuffer         100079b0 f   ndislib:common.obj
 0001:000069e8       NdisAllocateMdl            100079e8 f   ndislib:common.obj
 0001:00006a08       NdisFreeMdl                10007a08 f   ndislib:common.obj
 0001:00006a0c       NdisAdjustBufferLength     10007a0c f   ndislib:common.obj
 0001:00006a14       NdisCopyBuffer             10007a14 f   ndislib:common.obj
 0001:00006a80       NdisUnchainBufferAtFront   10007a80 f   ndislib:common.obj
 0001:00006acc       NdisUnchainBufferAtBack    10007acc f   ndislib:common.obj
 0001:00006b34       NdisCopyFromPacketToPacket 10007b34 f   ndislib:common.obj
 0001:00006cb0       NdisUpdateSharedMemory     10007cb0 f   ndislib:common.obj
 0001:00006ccc       NdisOpenFile               10007ccc f   ndislib:common.obj
 0001:00006e8c       NdisCloseFile              10007e8c f   ndislib:common.obj
 0001:00006eb4       NdisMapFile                10007eb4 f   ndislib:common.obj
 0001:00006ee8       NdisUnmapFile              10007ee8 f   ndislib:common.obj
 0001:00006ef4       NdisSystemProcessorCount   10007ef4 f   ndislib:common.obj
 0001:00006f04       NdisSystemActiveProcessorCount 10007f04 f   ndislib:common.obj
 0001:00006f08       NdisGetSystemUpTime        10007f08 f   ndislib:common.obj
 0001:00006f1c       NdisGetSystemUpTimeEx      10007f1c f   ndislib:common.obj
 0001:00006f20       NdisGetCurrentProcessorCpuUsage 10007f20 f   ndislib:common.obj
 0001:00006f2c       NdisGetCurrentProcessorCounts 10007f2c f   ndislib:common.obj
 0001:00006f40       NdisGetCurrentSystemTime   10007f40 f   ndislib:common.obj
 0001:00006f44       NdisQueryMapRegisterCount  10007f44 f   ndislib:common.obj
 0001:00006f58       NdisInitializeEvent        10007f58 f   ndislib:common.obj
 0001:00006f7c       NdisFreeEvent              10007f7c f   ndislib:common.obj
 0001:00006f84       NdisSetEvent               10007f84 f   ndislib:common.obj
 0001:00006f90       NdisResetEvent             10007f90 f   ndislib:common.obj
 0001:00006f9c       NdisWaitEvent              10007f9c f   ndislib:common.obj
 0001:00006fc8       ndisWorkItemHandler        10007fc8 f   ndislib:common.obj
 0001:00006fdc       NdisInitializeString       10007fdc f   ndislib:common.obj
 0001:00007054       NdisSetPacketStatus        10008054 f   ndislib:common.obj
 0001:00007064       NdisAllocateMemoryWithTagPriority 10008064 f   ndislib:common.obj
 0001:00007090       NdisAllocatePacketPool     10008090 f   ndislib:common.obj
 0001:000070b0       NdisFreePacketPool         100080b0 f   ndislib:common.obj
 0001:000070b8       NdisScheduleWorkItem       100080b8 f   ndislib:common.obj
 0001:000070e8       ExInterlockedPopEntrySList 100080e8 f i ndislib:ndisbuf.obj
 0001:0000712c       ndisIPsecPktInfoToNBLInfo  1000812c f i ndislib:ndisbuf.obj
 0001:000071a0       ndisIPsecNblInfoToPktInfo  100081a0 f i ndislib:ndisbuf.obj
 0001:0000729c       ndisAllocateMdl            1000829c f   ndislib:ndisbuf.obj
 0001:00007320       ndisFreeMdl                10008320 f   ndislib:ndisbuf.obj
 0001:00007348       NdisRetreatNetBufferDataStart 10008348 f   ndislib:ndisbuf.obj
 0001:00007434       NdisAdvanceNetBufferDataStart 10008434 f   ndislib:ndisbuf.obj
 0001:00007520       NdisRetreatNetBufferListDataStart 10008520 f   ndislib:ndisbuf.obj
 0001:000075dc       NdisAdvanceNetBufferListDataStart 100085dc f   ndislib:ndisbuf.obj
 0001:00007618       NdisAllocateNetBufferListContext 10008618 f   ndislib:ndisbuf.obj
 0001:000076c4       NdisGetDataBuffer          100086c4 f   ndislib:ndisbuf.obj
 0001:00007774       NdisGetPoolFromNetBufferList 10008774 f   ndislib:ndisbuf.obj
 0001:0000777c       NdisGetPoolFromNetBuffer   1000877c f   ndislib:ndisbuf.obj
 0001:00007784       ndisNetBufferToPacket      10008784 f   ndislib:ndisbuf.obj
 0001:000078d4       ndisFreeConvertedPacket    100088d4 f   ndislib:ndisbuf.obj
 0001:00007970       ndisPacketToNetBuffer      10008970 f   ndislib:ndisbuf.obj
 0001:000079d4       ndisCopyPacketInfoToNBL    100089d4 f   ndislib:ndisbuf.obj
 0001:00007a5c       ndisCopyNBLInfoToPacket    10008a5c f   ndislib:ndisbuf.obj
 0001:00007b08       ndisXlateSendCompletePacketToNetBufferList 10008b08 f   ndislib:ndisbuf.obj
 0001:00007bb4       ndisXlateRecvNetBufferListsToPacketArray 10008bb4 f   ndislib:ndisbuf.obj
 0001:00007d84       ndisXlateReturnPacketToNetBufferList 10008d84 f   ndislib:ndisbuf.obj
 0001:00007ddc       NdisAdjustNetBufferCurrentMdl 10008ddc f   ndislib:ndisbuf.obj
 0001:00007e1c       NdisGetNetBufferListProtocolId 10008e1c f   ndislib:ndisbuf.obj
 0001:00007e34       NdisCopySendNetBufferListInfo 10008e34 f   ndislib:ndisbuf.obj
 0001:00007e94       NdisCopyReceiveNetBufferListInfo 10008e94 f   ndislib:ndisbuf.obj
 0001:00007ef0       ndisAllocateFromNPagedPool 10008ef0 f   ndislib:ndisbuf.obj
 0001:00007f3c       ndisFreeToNPagedPool       10008f3c f   ndislib:ndisbuf.obj
 0001:00007f44       ndisPplCreatePool          10008f44 f   ndislib:ndisbuf.obj
 0001:00008014       ndisPplDestroyPool         10009014 f   ndislib:ndisbuf.obj
 0001:00008050       ndisPplAllocate            10009050 f   ndislib:ndisbuf.obj
 0001:000080c0       ndisPplFree                100090c0 f   ndislib:ndisbuf.obj
 0001:00008134       NdisCopyFromNetBufferToNetBuffer 10009134 f   ndislib:ndisbuf.obj
 0001:00008188       NdisAllocateNetBufferPool  10009188 f   ndislib:ndisbuf.obj
 0001:000082a4       NdisFreeNetBufferPool      100092a4 f   ndislib:ndisbuf.obj
 0001:000082c8       NdisFreeNetBuffer          100092c8 f   ndislib:ndisbuf.obj
 0001:00008308       NdisAllocateNetBufferListPool 10009308 f   ndislib:ndisbuf.obj
 0001:00008478       NdisFreeNetBufferListPool  10009478 f   ndislib:ndisbuf.obj
 0001:0000849c       NdisFreeNetBufferListContext 1000949c f   ndislib:ndisbuf.obj
 0001:00008514       ndisXlateSendNetBufferListsToPacketArray 10009514 f   ndislib:ndisbuf.obj
 0001:00008900       NdisAllocateNetBufferMdlAndData 10009900 f   ndislib:ndisbuf.obj
 0001:000089c4       NdisAllocateNetBuffer      100099c4 f   ndislib:ndisbuf.obj
 0001:00008aac       NdisFreeNetBufferList      10009aac f   ndislib:ndisbuf.obj
 0001:00008afc       NdisFreeCloneNetBufferList 10009afc f   ndislib:ndisbuf.obj
 0001:00008bac       NdisFreeFragmentNetBufferList 10009bac f   ndislib:ndisbuf.obj
 0001:00008c6c       NdisFreeReassembledNetBufferList 10009c6c f   ndislib:ndisbuf.obj
 0001:00008ce0       ndisXlateSendCompleteNetBufferListToPacket 10009ce0 f   ndislib:ndisbuf.obj
 0001:00008d6c       ndisXlateReturnNetBufferListToPacket 10009d6c f   ndislib:ndisbuf.obj
 0001:00008db0       NdisAllocateNetBufferList  10009db0 f   ndislib:ndisbuf.obj
 0001:00008ff0       NdisAllocateNetBufferAndNetBufferList 10009ff0 f   ndislib:ndisbuf.obj
 0001:000091ec       ndisXlateSendPacketArrayToNetBufferLists 1000a1ec f   ndislib:ndisbuf.obj
 0001:000093b4       ndisXlateRecvPacketArrayToNetBufferLists 1000a3b4 f   ndislib:ndisbuf.obj
 0001:00009810       NdisAllocateCloneNetBufferList 1000a810 f   ndislib:ndisbuf.obj
 0001:00009b08       NdisAllocateFragmentNetBufferList 1000ab08 f   ndislib:ndisbuf.obj
 0001:00009e74       NdisAllocateReassembledNetBufferList 1000ae74 f   ndislib:ndisbuf.obj
 0001:0000a100       ndisMDoIndicateStatus      1000b100 f   ndislib:RequestEx.obj
 0001:0000a260       ndisMInterceptRequest      1000b260 f   ndislib:RequestEx.obj
 0001:0000a404       CE_ndisMAliasNdisRequest   1000b404 f   ndislib:RequestEx.obj
 0001:0000a51c       CE_ndisMUnAliasNdisRequest 1000b51c f   ndislib:RequestEx.obj
 0001:0000a570       CE_ndisMAliasNdisOidRequest 1000b570 f   ndislib:RequestEx.obj
 0001:0000a6a0       CE_ndisMUnAliasNdisOidRequest 1000b6a0 f   ndislib:RequestEx.obj
 0001:0000a70c       NdisAllocateOidRequest     1000b70c f   ndislib:RequestEx.obj
 0001:0000a71c       NdisFreeOidRequest         1000b71c f   ndislib:RequestEx.obj
 0001:0000a738       ndisMAllocateRequest       1000b738 f   ndislib:RequestEx.obj
 0001:0000a7e8       NdisOidRequest             1000b7e8 f   ndislib:RequestEx.obj
 0001:0000a7f8       NdisDirectOidRequest       1000b7f8 f   ndislib:RequestEx.obj
 0001:0000a808       ndisMQueueOidRequest       1000b808 f   ndislib:RequestEx.obj
 0001:0000a878       ndisMDoDirectOidRequest    1000b878 f   ndislib:RequestEx.obj
 0001:0000a9f8       ndisInterceptOid           1000b9f8 f   ndislib:RequestEx.obj
 0001:0000aa6c       ndisOidRequestComplete     1000ba6c f   ndislib:RequestEx.obj
 0001:0000adc8       ndisFQueueOidRequest       1000bdc8 f   ndislib:RequestEx.obj
 0001:0000ae30       ndisFDoDirectOidRequest    1000be30 f   ndislib:RequestEx.obj
 0001:0000aec0       ndisFDoRequestInWorkItem   1000bec0 f i ndislib:RequestEx.obj
 0001:0000af30       ndisFDoDirectOidRequestOnNext 1000bf30 f   ndislib:RequestEx.obj
 0001:0000b058       ndisDoDirectOidRequestOnTop 1000c058 f   ndislib:RequestEx.obj
 0001:0000b1c4       ndisMOidRequestToRequest   1000c1c4 f   ndislib:RequestEx.obj
 0001:0000b398       ndisCompleteOidRequestToRequest 1000c398 f   ndislib:RequestEx.obj
 0001:0000b40c       ndisMFailRequests          1000c40c f   ndislib:RequestEx.obj
 0001:0000b4fc       ndisFFailRequests          1000c4fc f   ndislib:RequestEx.obj
 0001:0000b5e8       ndisOidPreProtocolOptions  1000c5e8 f   ndislib:RequestEx.obj
 0001:0000b684       ndisOidPrePhysicalMedium   1000c684 f   ndislib:RequestEx.obj
 0001:0000b734       ndisOidPreLinkSpeedAndMediaState 1000c734 f   ndislib:RequestEx.obj
 0001:0000b8d8       ndisOidPostLinkSpeed       1000c8d8 f   ndislib:RequestEx.obj
 0001:0000ba70       ndisOidPostMediaState      1000ca70 f   ndislib:RequestEx.obj
 0001:0000bbd4       ndisOidPreSupportedList    1000cbd4 f   ndislib:RequestEx.obj
 0001:0000bd0c       ndisOidPreMediaInUse       1000cd0c f   ndislib:RequestEx.obj
 0001:0000bdb0       ndisOidPreCurrentLookahead 1000cdb0 f   ndislib:RequestEx.obj
 0001:0000bfa8       ndisOidPostCurrentLookahead 1000cfa8 f   ndislib:RequestEx.obj
 0001:0000c0dc       ndisOidPreMaxLookahead     1000d0dc f   ndislib:RequestEx.obj
 0001:0000c16c       ndisOidPostMaxLookahead    1000d16c f   ndislib:RequestEx.obj
 0001:0000c1ec       ndisOidPreMaxListSize      1000d1ec f   ndislib:RequestEx.obj
 0001:0000c2ac       ndisOidPreDriverVersion    1000d2ac f   ndislib:RequestEx.obj
 0001:0000c340       ndisSetOpenFunctional      1000d340 f   ndislib:RequestEx.obj
 0001:0000c498       ndisSetRestoreFunctional   1000d498 f   ndislib:RequestEx.obj
 0001:0000c4f8       ndisOidPreTRCurrFunctional 1000d4f8 f   ndislib:RequestEx.obj
 0001:0000c6d4       ndisOidPostCurrentFunctional 1000d6d4 f   ndislib:RequestEx.obj
 0001:0000c86c       ndisSetOpenGroupAddress    1000d86c f   ndislib:RequestEx.obj
 0001:0000c964       ndisSetRestoreGroupAddress 1000d964 f   ndislib:RequestEx.obj
 0001:0000c9c8       ndisOidPreTRCurrGroup      1000d9c8 f   ndislib:RequestEx.obj
 0001:0000cb54       ndisOidPostCurrentGroup    1000db54 f   ndislib:RequestEx.obj
 0001:0000cd00       ndisOidPreMaxFrameOrTotalSize 1000dd00 f   ndislib:RequestEx.obj
 0001:0000cdc0       ndisOidPreEthAddress       1000ddc0 f   ndislib:RequestEx.obj
 0001:0000ce68       ndisSetOpenAddWakeUpPattern 1000de68 f   ndislib:RequestEx.obj
 0001:0000d014       ndisSetAddWakeUpPattern    1000e014 f   ndislib:RequestEx.obj
 0001:0000d27c       ndisOidPreAddWakeUpPattern 1000e27c f   ndislib:RequestEx.obj
 0001:0000d31c       ndisPostSetAddWakeUpPattern 1000e31c f   ndislib:RequestEx.obj
 0001:0000d3ec       ndisPreRemoveOpenWakeUpPattern 1000e3ec f   ndislib:RequestEx.obj
 0001:0000d4a4       ndisPreRemoveMiniportWakeUpPattern 1000e4a4 f   ndislib:RequestEx.obj
 0001:0000d5cc       ndisRemoveOpenWakeUpPattern 1000e5cc f   ndislib:RequestEx.obj
 0001:0000d69c       ndisPostRemoveMiniportWakeUpPattern 1000e69c f   ndislib:RequestEx.obj
 0001:0000d80c       ndisPostSetRemoveWakeUpPattern 1000e80c f   ndislib:RequestEx.obj
 0001:0000d854       ndisQueryWakeUpPatternList 1000e854 f   ndislib:RequestEx.obj
 0001:0000d924       ndisOidPreWakeUpPatternList 1000e924 f   ndislib:RequestEx.obj
 0001:0000d978       ndisQueryOpenEnableWakeUp  1000e978 f   ndislib:RequestEx.obj
 0001:0000d9bc       ndisQueryEnableWakeUp      1000e9bc f   ndislib:RequestEx.obj
 0001:0000da60       ndisSetOpenEnableWakeUp    1000ea60 f   ndislib:RequestEx.obj
 0001:0000db40       ndisSetRestoreEnableWakeUp 1000eb40 f   ndislib:RequestEx.obj
 0001:0000dbac       ndisSetMiniportEnableWakeUp 1000ebac f   ndislib:RequestEx.obj
 0001:0000dc6c       ndisSetEnableWakeUp        1000ec6c f   ndislib:RequestEx.obj
 0001:0000dd48       ndisOidPreEnableWakeUp     1000ed48 f   ndislib:RequestEx.obj
 0001:0000dd60       ndisOidPostEnableWakeUp    1000ed60 f   ndislib:RequestEx.obj
 0001:0000ddc0       ndisOidPreFriendlyName     1000edc0 f   ndislib:RequestEx.obj
 0001:0000de68       ndisOidPrePnPCapabilites   1000ee68 f   ndislib:RequestEx.obj
 0001:0000df44       ndisOidPreMacOptions       1000ef44 f   ndislib:RequestEx.obj
 0001:0000dfec       ndisQueryMiniportPacketFilter 1000efec f   ndislib:RequestEx.obj
 0001:0000e09c       ndisQueryOpenPacketFilter  1000f09c f   ndislib:RequestEx.obj
 0001:0000e118       ndisSetMiniportPacketFilter 1000f118 f   ndislib:RequestEx.obj
 0001:0000e238       ndisSetRemoveWakeUpPattern 1000f238 f   ndislib:RequestEx.obj
 0001:0000e2b8       ndisUpdateCheckForLoopbackFlag 1000f2b8 f   ndislib:RequestEx.obj
 0001:0000e32c       ndisMAdjustFilters         1000f32c f   ndislib:RequestEx.obj
 0001:0000e348       ndisCeGetHostName          1000f348 f   ndislib:RequestEx.obj
 0001:0000e464       ndisQueryOpenEthMulticastList 1000f464 f   ndislib:RequestEx.obj
 0001:0000e4ec       ndisQueryMiniportEthMulticastList 1000f4ec f   ndislib:RequestEx.obj
 0001:0000e560       ndisIsValidMulticastFilter 1000f560 f   ndislib:RequestEx.obj
 0001:0000e628       ndisSetOpenEthMulticastList 1000f628 f   ndislib:RequestEx.obj
 0001:0000eb10       ndisSetMiniportEthMulticastList 1000fb10 f   ndislib:RequestEx.obj
 0001:0000eb78       ndisSetRestoreMulticastList 1000fb78 f   ndislib:RequestEx.obj
 0001:0000ed7c       ndisOidPreEthMulticastList 1000fd7c f   ndislib:RequestEx.obj
 0001:0000ee94       ndisPostOpenSetMulticastList 1000fe94 f   ndislib:RequestEx.obj
 0001:0000ef64       ndisOidPostEthMulticastList 1000ff64 f   ndislib:RequestEx.obj
 0001:0000f03c       ndisQueryMiniportRSSParameters 1001003c f   ndislib:RequestEx.obj
 0001:0000f0d0       ndisQueryOpenRSSParameters 100100d0 f   ndislib:RequestEx.obj
 0001:0000f164       ndisSetOpenRSSParameters   10010164 f   ndislib:RequestEx.obj
 0001:0000f470       ndisSetMiniportRSSParameters 10010470 f   ndislib:RequestEx.obj
 0001:0000f514       ndisOidPreRSSCaps          10010514 f   ndislib:RequestEx.obj
 0001:0000f5e4       ndisOidPreRSSParameters    100105e4 f   ndislib:RequestEx.obj
 0001:0000f6f4       ndisPostSetOpenRSSParameters 100106f4 f   ndislib:RequestEx.obj
 0001:0000f808       ndisPostSetMiniportRSSParameters 10010808 f   ndislib:RequestEx.obj
 0001:0000f88c       ndisOidPostRSSParameters   1001088c f   ndislib:RequestEx.obj
 0001:0000f8d4       ndisOidPreMacAddress       100108d4 f   ndislib:RequestEx.obj
 0001:0000f97c       ndisOidPreLinkState        1001097c f   ndislib:RequestEx.obj
 0001:0000fa8c       ndisOidPreMaxLinkSpeed     10010a8c f   ndislib:RequestEx.obj
 0001:0000fb54       ndisOidPreGetPciDeviceCustomProperties 10010b54 f   ndislib:RequestEx.obj
 0001:0000fc14       ndisOidPreNdisIfOidQuery   10010c14 f   ndislib:RequestEx.obj
 0001:0000fc28       NdisAllocateCloneOidRequest 10010c28 f   ndislib:RequestEx.obj
 0001:0000fdd4       NdisFreeCloneOidRequest    10010dd4 f   ndislib:RequestEx.obj
 0001:0000fdec       NdisCancelOidRequest       10010dec f   ndislib:RequestEx.obj
 0001:000100dc       NdisCancelDirectOidRequest 100110dc f   ndislib:RequestEx.obj
 0001:00010210       ndisOidPreEnumeratePorts   10011210 f   ndislib:RequestEx.obj
 0001:00010278       ndisOidPrePortState        10011278 f   ndislib:RequestEx.obj
 0001:00010468       ndisOidPreSetPortAuthentication 10011468 f   ndislib:RequestEx.obj
 0001:0001067c       ndisOidPreHDSplitCurrentConfig 1001167c f   ndislib:RequestEx.obj
 0001:0001074c       ndisInitializeNdisOffload  1001174c f   ndislib:RequestEx.obj
 0001:00010888       ndisInitializeOffloadEncapsulation 10011888 f   ndislib:RequestEx.obj
 0001:000108b0       ndisMergeEncapsulations    100118b0 f   ndislib:RequestEx.obj
 0001:00010988       ndisTranslateOffloadSetsToTasks 10011988 f   ndislib:RequestEx.obj
 0001:00010e84       ndisOidPreOpenSetEncapsulation 10011e84 f   ndislib:RequestEx.obj
 0001:00011030       ndisOidPreMiniportSetEncapsulation 10012030 f   ndislib:RequestEx.obj
 0001:00011260       ndisOidPreSetOffloadEncapsulation 10012260 f   ndislib:RequestEx.obj
 0001:000112b4       ndisOidPreQueryOffloadEncapsulation 100122b4 f   ndislib:RequestEx.obj
 0001:00011398       ndisOidPreOffloadEncapsulation 10012398 f   ndislib:RequestEx.obj
 0001:000113e4       ndisOidPostMiniportSetEncapsulation 100123e4 f   ndislib:RequestEx.obj
 0001:00011480       ndisOidPostOpenSetEncapsulation 10012480 f   ndislib:RequestEx.obj
 0001:00011518       ndisOidPostOffloadEncapsulation 10012518 f   ndislib:RequestEx.obj
 0001:0001157c       ndisGetTaskBytes           1001257c f   ndislib:RequestEx.obj
 0001:000115d4       ndisFillOffloadCapsInTasks 100125d4 f   ndislib:RequestEx.obj
 0001:00011a80       ndisGetEncapsulationFromTask 10012a80 f   ndislib:RequestEx.obj
 0001:00011b24       ndisSetTaskOffloadValidate 10012b24 f   ndislib:RequestEx.obj
 0001:00011c24       ndisPreTaskOffloadSet      10012c24 f   ndislib:RequestEx.obj
 0001:00011d60       ndisOidPostTaskOffload     10012d60 f   ndislib:RequestEx.obj
 0001:00011e10       ndisQueryFilterOffloadCaps 10012e10 f   ndislib:RequestEx.obj
 0001:00011eb4       ndisQueryMiniportOffloadCaps 10012eb4 f   ndislib:RequestEx.obj
 0001:00011f58       ndisOidPreOffloadCaps      10012f58 f   ndislib:RequestEx.obj
 0001:00011ff0       ndisConvertOffloadValueToString 10012ff0 f   ndislib:RequestEx.obj
 0001:00012060       ndisPostOffloadAdminSettings 10013060 f   ndislib:RequestEx.obj
 0001:000120a0       ndisOidPreOffloadHwCaps    100130a0 f   ndislib:RequestEx.obj
 0001:00012164       ndisOidPostMiniportStats   10013164 f   ndislib:RequestEx.obj
 0001:000122cc       ndisOidPreTcpConnectionOffload 100132cc f   ndislib:RequestEx.obj
 0001:0001236c       ndisOidPreTcpConnectionOffloadHwCaps 1001336c f   ndislib:RequestEx.obj
 0001:0001240c       ndisOidPreQueryTcpConnectionParameters 1001340c f   ndislib:RequestEx.obj
 0001:000124b0       ndisOidPreTcpConnectionOffloadParameters 100134b0 f   ndislib:RequestEx.obj
 0001:00012544       ndisOidSendToMiniportDirect 10013544 f   ndislib:RequestEx.obj
 0001:000126e0       ndisOidGetStatisticAllProcessors 100136e0 f   ndislib:RequestEx.obj
 0001:00012838       IsOidRequestDirectOid      10013838 f   ndislib:RequestEx.obj
 0001:00012880       ndisUpdateHDSplitKeyword   10013880 f   ndislib:RequestEx.obj
 0001:0001299c       ndisMDirectOidRequest      1001399c f   ndislib:RequestEx.obj
 0001:00012aa8       ndisPreProcessOid          10013aa8 f   ndislib:RequestEx.obj
 0001:00012c0c       ndisFDoOidRequest          10013c0c f   ndislib:RequestEx.obj
 0001:00012d58       ndisOidPreRemoveWakeUpPattern 10013d58 f   ndislib:RequestEx.obj
 0001:00012df4       ndisSetOpenPacketFilter    10013df4 f   ndislib:RequestEx.obj
 0001:00012fbc       ndisSetRestorePacketFilter 10013fbc f   ndislib:RequestEx.obj
 0001:00013090       ndisOidPrePacketFilter     10014090 f   ndislib:RequestEx.obj
 0001:00013180       ndisPostSetOpenPacketFilter 10014180 f   ndislib:RequestEx.obj
 0001:00013428       ndisOidPostPacketFilter    10014428 f   ndislib:RequestEx.obj
 0001:0001365c       ndisSetOpenEthAddDeleteMulticast 1001465c f   ndislib:RequestEx.obj
 0001:00013a98       ndisOidPreEthMulticastOid  10014a98 f   ndislib:RequestEx.obj
 0001:00013b1c       ndisOidPostEthMulticastOid 10014b1c f   ndislib:RequestEx.obj
 0001:00013c10       ndisOidPreSetHDSplitParameters 10014c10 f   ndislib:RequestEx.obj
 0001:00013d04       ndisPreTaskOffloadQuery    10014d04 f   ndislib:RequestEx.obj
 0001:00013e20       ndisUpdateOffloadKeywords  10014e20 f   ndislib:RequestEx.obj
 0001:0001479c       ndisPreOffloadAdminSettings 1001579c f   ndislib:RequestEx.obj
 0001:00014910       ndisOidPreGenStats         10015910 f   ndislib:RequestEx.obj
 0001:00014d04       ndisOidPreMiniportStats    10015d04 f   ndislib:RequestEx.obj
 0001:00014f30       ndisMDoOidRequest          10015f30 f   ndislib:RequestEx.obj
 0001:000151f0       ndisOidPreTaskOffload      100161f0 f   ndislib:RequestEx.obj
 0001:000152b0       ndisDoOidRequests          100162b0 f   ndislib:RequestEx.obj
 0001:00015300       ndisQueueRestoreRequestsOnTop 10016300 f   ndislib:RequestEx.obj
 0001:00015518       ndisMRestoreFilterSettings 10016518 f   ndislib:RequestEx.obj
 0001:00015d68       ndisQueueRequestWorkItem   10016d68 f   ndislib:RequestEx.obj
 0001:00015ef4       ndisQueueRequestOnTop      10016ef4 f   ndislib:RequestEx.obj
 0001:00016154       ndisProcessRequestAsync    10017154 f   ndislib:RequestEx.obj
 0001:00016198       ndisLegacyRequest          10017198 f   ndislib:RequestEx.obj
 0001:00016444       ndisMOidRequestCompleteInternal 10017444 f i ndislib:RequestEx.obj
 0001:000165e4       ndisQuerySetMiniport       100175e4 f   ndislib:RequestEx.obj
 0001:00016784       ndisMOidRequest            10017784 f   ndislib:RequestEx.obj
 0001:00016ac4       NdisMOidRequestComplete    10017ac4 f   ndislib:RequestEx.obj
 0001:00016acc       NdisMDirectOidRequestComplete 10017acc f   ndislib:RequestEx.obj
 0001:00016ad4       ndisQueueRequestOnTopAsync 10017ad4 f   ndislib:RequestEx.obj
 0001:00016b90       ndisCompleteLegacyRequest  10017b90 f   ndislib:RequestEx.obj
 0001:00016c34       ndisOidTranslateBetweenOids 10017c34 f   ndislib:RequestEx.obj
 0001:000170dc       ndisMDoMiniportOp          100180dc f   ndislib:RequestEx.obj
 0001:000171c4       ndisFQueueRequestOnNext    100181c4 f   ndislib:RequestEx.obj
 0001:000173a4       NdisMQueryInformationComplete 100183a4 f   ndislib:RequestEx.obj
 0001:000173f0       NdisMSetInformationComplete 100183f0 f   ndislib:RequestEx.obj
 0001:00017444       ndisMNotifyMachineName     10018444 f   ndislib:RequestEx.obj
 0001:000174ec       ExpDummyAllocate           100184ec f   ndislib:ndisce.obj
 0001:000174f4       ndisAllocatePool           100184f4 f   ndislib:ndisce.obj
 0001:000174fc       ndisFreePool               100184fc f   ndislib:ndisce.obj
 0001:00017500       NdisAllocateFromNPagedLookasideList 10018500 f   ndislib:ndisce.obj
 0001:00017590       NdisFreeToNPagedLookasideList 10018590 f   ndislib:ndisce.obj
 0001:00017630       NdisInitializeNPagedLookasideList 10018630 f   ndislib:ndisce.obj
 0001:000176b0       NdisDeleteNPagedLookasideList 100186b0 f   ndislib:ndisce.obj
 0001:000176ec       NDIS_FREE_XFER_DATA_PACKET 100186ec f i ndislib:miniport.obj
 0001:00017784       multiszCount               10018784 f   ndislib:miniport.obj
 0001:000177c4       buildAddrResourceList      100187c4 f   ndislib:miniport.obj
 0001:000179b4       ndisInitializeResourcesFromRegistry 100189b4 f   ndislib:miniport.obj
 0001:00017d44       ndisGetSubsequentHandler   10018d44 f   ndislib:miniport.obj
 0001:00017d88       ndisMGetNextSendNblHandler 10018d88 f   ndislib:miniport.obj
 0001:00017de8       ndisMGetIndicateNblHandler 10018de8 f   ndislib:miniport.obj
 0001:00017e30       ndisGetSendPacketsHandler  10018e30 f   ndislib:miniport.obj
 0001:00017e90       ndisMGetPacketIndicateHandler 10018e90 f   ndislib:miniport.obj
 0001:00017ef0       ndisGetSendHandler         10018ef0 f   ndislib:miniport.obj
 0001:00017f68       ndisMGetEthRxIndicateHandler 10018f68 f   ndislib:miniport.obj
 0001:00017fc8       ndisGetWanSendHandler      10018fc8 f   ndislib:miniport.obj
 0001:00018010       NdisIMSwitchToMiniport     10019010 f   ndislib:miniport.obj
 0001:000180b4       ndisMDeQueueWorkItem       100190b4 f   ndislib:miniport.obj
 0001:00018148       ndisMQueueWorkItem         10019148 f   ndislib:miniport.obj
 0001:000181e8       ndisMQueueNewWorkItem      100191e8 f   ndislib:miniport.obj
 0001:00018280       NdisMIndicateStatusComplete 10019280 f   ndislib:miniport.obj
 0001:00018284       NdisMWanIndicateReceive    10019284 f   ndislib:miniport.obj
 0001:00018330       NdisMWanIndicateReceiveComplete 10019330 f   ndislib:miniport.obj
 0001:00018380       NdisGetReceivedPacket      10019380 f   ndislib:miniport.obj
 0001:000183c8       NdisReturnPacketsLegacy    100193c8 f   ndislib:miniport.obj
 0001:00018468       NdisReturnPackets          10019468 f   ndislib:miniport.obj
 0001:00018548       ndisMDeferredReturnPackets 10019548 f   ndislib:miniport.obj
 0001:000185dc       ndisMAbortRequests         100195dc f   ndislib:miniport.obj
 0001:00018788       ndisMAbortPackets          10019788 f   ndislib:miniport.obj
 0001:000189ac       ndisMResetCompleteStage1   100199ac f   ndislib:miniport.obj
 0001:00018ab4       ndisMResetCompleteStage2   10019ab4 f   ndislib:miniport.obj
 0001:00018c34       ndisMFakeWanSend           10019c34 f   ndislib:miniport.obj
 0001:00018c48       ndisMFakeSend              10019c48 f   ndislib:miniport.obj
 0001:00018c90       ndisMFakeSendNetBufferLists 10019c90 f   ndislib:miniport.obj
 0001:00018cd0       ndisMFakeSendPackets       10019cd0 f   ndislib:miniport.obj
 0001:00018d48       ndisMFakeReset             10019d48 f   ndislib:miniport.obj
 0001:00018d90       ndisMFakeRequest           10019d90 f   ndislib:miniport.obj
 0001:00018dd8       ndisMFakeOidRequest        10019dd8 f   ndislib:miniport.obj
 0001:00018dec       ndisMFakeDirectOidRequest  10019dec f   ndislib:miniport.obj
 0001:00018e00       ndisMSwapOpenHandlers      10019e00 f   ndislib:miniport.obj
 0001:00018ec0       NdisMSetMiniportSecondary  10019ec0 f   ndislib:miniport.obj
 0001:00018f34       ndisQueuedCheckAdapterBindings 10019f34 f   ndislib:miniport.obj
 0001:00019020       ndisIsMiniportStarted      1001a020 f   ndislib:miniport.obj
 0001:00019080       ndisQueueOpenOnMiniport    1001a080 f   ndislib:miniport.obj
 0001:000190d0       ndisMSetIndicatePacketHandler 1001a0d0 f   ndislib:miniport.obj
 0001:0001922c       ndisReferenceOpenByHandle  1001a22c f   ndislib:miniport.obj
 0001:000192c0       ndisRemoveOpenFromGlobalList 1001a2c0 f   ndislib:miniport.obj
 0001:00019324       ndisMSetGeneralAttributes  1001a324 f   ndislib:miniport.obj
 0001:00019878       ndisMSetNative802_11Attributes 1001a878 f   ndislib:miniport.obj
 0001:00019bcc       ndisMSetHDSplitAttributes  1001abcc f   ndislib:miniport.obj
 0001:00019cf4       NdisAllocateGenericObject  1001acf4 f   ndislib:miniport.obj
 0001:00019d74       NdisFreeGenericObject      1001ad74 f   ndislib:miniport.obj
 0001:00019d78       NdisAllocateIoWorkItem     1001ad78 f   ndislib:miniport.obj
 0001:00019f60       NdisFreeIoWorkItem         1001af60 f   ndislib:miniport.obj
 0001:00019fd8       ndisDispatchIoWorkItem     1001afd8 f   ndislib:miniport.obj
 0001:00019fec       ndisSetOpenToTranslationMode 1001afec f   ndislib:miniport.obj
 0001:0001a0e8       ndisSetupMiniportProtocolHandlers 1001b0e8 f   ndislib:miniport.obj
 0001:0001a234       ndisUnsetNdis6OpenHandlers 1001b234 f   ndislib:miniport.obj
 0001:0001a328       ndisSetMiniportHandlers    1001b328 f   ndislib:miniport.obj
 0001:0001a4a4       ndisLWM5PauseMiniport      1001b4a4 f   ndislib:miniport.obj
 0001:0001a5a4       NdisMPauseComplete         1001b5a4 f   ndislib:miniport.obj
 0001:0001a5d4       NdisMRestartComplete       1001b5d4 f   ndislib:miniport.obj
 0001:0001a60c       ndisParseReceivedNBL       1001b60c f   ndislib:miniport.obj
 0001:0001a7dc       ndisGetMiniportInfo        1001b7dc f   ndislib:miniport.obj
 0001:0001aef4       ndisIMAddIfStackEntry      1001bef4 f   ndislib:miniport.obj
 0001:0001af94       ndisIMDeleteIfStackEntry   1001bf94 f   ndislib:miniport.obj
 0001:0001b034       ndisCheckIfTypeMismatch    1001c034 f   ndislib:miniport.obj
 0001:0001b3e8       ndisQueuedRestoreMiniportstack 1001c3e8 f   ndislib:miniport.obj
 0001:0001b488       NdisMGetMiniportInitAttributes 1001c488 f   ndislib:miniport.obj
 0001:0001b494       NdisMRequestDpc            1001c494 f   ndislib:miniport.obj
 0001:0001b49c       NdisGetPacketFromNetBufferList 1001c49c f   ndislib:miniport.obj
 0001:0001b4a4       ndisMIndicateHDSplitChange 1001c4a4 f   ndislib:miniport.obj
 0001:0001b524       ndisMProcessResetRequested 1001c524 f   ndislib:miniport.obj
 0001:0001b664       NdisMResetComplete         1001c664 f   ndislib:miniport.obj
 0001:0001b6ec       NdisMSetAttributesEx       1001c6ec f   ndislib:miniport.obj
 0001:0001b9f8       NdisMPromoteMiniport       1001c9f8 f   ndislib:miniport.obj
 0001:0001bb08       NdisMSetMiniportAttributes 1001cb08 f   ndislib:miniport.obj
 0001:0001bd4c       NdisQueueIoWorkItem        1001cd4c f   ndislib:miniport.obj
 0001:0001bd80       ndisPauseMiniport          1001cd80 f   ndislib:miniport.obj
 0001:0001bf1c       ndisRestartMiniport        1001cf1c f   ndislib:miniport.obj
 0001:0001c134       ndisRestoreMiniportStackDpc 1001d134 f   ndislib:miniport.obj
 0001:0001c180       ndisMProcessDeferred       1001d180 f   ndislib:miniport.obj
 0001:0001c378       ndisMReset                 1001d378 f   ndislib:miniport.obj
 0001:0001c63c       ndisMRestoreOpenHandlers   1001d63c f   ndislib:miniport.obj
 0001:0001c730       NdisMSetAttributes         1001d730 f   ndislib:miniport.obj
 0001:0001c75c       ndisMOpenAdapter           1001d75c f   ndislib:miniport.obj
 0001:0001cca8       NdisIMRevertBack           1001dca8 f   ndislib:miniport.obj
 0001:0001cd10       NdisIMQueueMiniportCallback 1001dd10 f   ndislib:miniport.obj
 0001:0001ce2c       ndisIndicateStatusInternal 1001de2c f   ndislib:miniport.obj
 0001:0001d94c       NdisMIndicateStatusEx      1001e94c f   ndislib:miniport.obj
 0001:0001de54       NdisMIndicateStatus        1001ee54 f   ndislib:miniport.obj
 0001:0001e0f0       ndisMInitializeAdapter     1001f0f0 f   ndislib:miniport.obj
 0001:0001f1d8       ndisValidateLegacyProtocols 100201d8 f   ndislib:protocol.obj
 0001:0001f228       NdisSetProtocolFilter      10020228 f   ndislib:protocol.obj
 0001:0001f238       NdisGetDriverHandle        10020238 f   ndislib:protocol.obj
 0001:0001f248       ndisReferenceProtocolByName 10020248 f   ndislib:protocol.obj
 0001:0001f37c       ndisDereferenceProtocol    1002037c f   ndislib:protocol.obj
 0001:0001f410       ndisCheckProtocolBindings  10020410 f   ndislib:protocol.obj
 0001:0001f680       NdisOpenProtocolConfiguration 10020680 f   ndislib:protocol.obj
 0001:0001f704       ndisQueueOpenOnProtocol    10020704 f   ndislib:protocol.obj
 0001:0001f754       ndisDeQueueOpenOnProtocol  10020754 f   ndislib:protocol.obj
 0001:0001f7bc       NdisQueryBindInstanceName  100207bc f   ndislib:protocol.obj
 0001:0001f858       NdisQueryAdapterInstanceName 10020858 f   ndislib:protocol.obj
 0001:0001f8f4       ndisCloseAllBindingsOnProtocol 100208f4 f   ndislib:protocol.obj
 0001:0001fbf0       NdisSetPacketCancelId      10020bf0 f   ndislib:protocol.obj
 0001:0001fc00       NdisGetPacketCancelId      10020c00 f   ndislib:protocol.obj
 0001:0001fc10       NdisCancelSendPackets      10020c10 f   ndislib:protocol.obj
 0001:0001fc28       NdisCancelSendNetBufferLists 10020c28 f   ndislib:protocol.obj
 0001:0001fc3c       ndisOpenCancelSendNetBufferLists 10020c3c f   ndislib:protocol.obj
 0001:0001fc54       NdisQueryPendingIOCount    10020c54 f   ndislib:protocol.obj
 0001:0001fca8       NdisGeneratePartialCancelId 10020ca8 f   ndislib:protocol.obj
 0001:0001fcc0       ndisQueuedUnbindAdapter    10020cc0 f   ndislib:protocol.obj
 0001:0001fdfc       ndisMDoProtocolRequest     10020dfc f   ndislib:protocol.obj
 0001:0001fefc       NdisOpenAdapterEx          10020efc f   ndislib:protocol.obj
 0001:000202bc       NdisCompleteBindAdapterEx  100212bc f   ndislib:protocol.obj
 0001:000202d4       NdisCompleteUnbindAdapterEx 100212d4 f   ndislib:protocol.obj
 0001:000202ec       ndisValidate60Protocol     100212ec f   ndislib:protocol.obj
 0001:00020358       ndisLegacyProtocolPauseRestartHandler 10021358 f   ndislib:protocol.obj
 0001:000203d4       ndisCloseMiniportBindingsForPause 100213d4 f   ndislib:protocol.obj
 0001:0002084c       ndisIndicateInitialStateToBinding 1002184c f   ndislib:protocol.obj
 0001:00020bb0       ndis6DummyReceiveComplete  10021bb0 f   ndislib:protocol.obj
 0001:00020bb4       ndisQueuedStatusUnbindAdapter 10021bb4 f   ndislib:protocol.obj
 0001:00020c68       ndisAllocateOpenOffload    10021c68 f   ndislib:protocol.obj
 0001:00020cbc       NdisRegisterProtocolDriver 10021cbc f   ndislib:protocol.obj
 0001:00020ff0       NdisRegisterProtocol       10021ff0 f   ndislib:protocol.obj
 0001:000212b4       NdisDeregisterProtocol     100222b4 f   ndislib:protocol.obj
 0001:000213a4       NdisOpenAdapter            100223a4 f   ndislib:protocol.obj
 0001:00021700       NdisReEnumerateProtocolBindings 10022700 f   ndislib:protocol.obj
 0001:00021794       NdisUnbindAdapter          10022794 f   ndislib:protocol.obj
 0001:000217e8       ndisCleanUpForProtocol     100227e8 f   ndislib:protocol.obj
 0001:00021924       ndisInitializeBindingEx    10022924 f   ndislib:protocol.obj
 0001:000220e8       NdisDeregisterProtocolDriver 100230e8 f   ndislib:protocol.obj
 0001:00022104       NdisCloseAdapter           10023104 f   ndislib:protocol.obj
 0001:000221b0       NdisCloseAdapterEx         100231b0 f   ndislib:protocol.obj
 0001:000221d8       NdisInitializeTimer        100231d8 f   ndislib:timer.obj
 0001:00022200       NdisSetTimer               10023200 f   ndislib:timer.obj
 0001:00022228       NdisSetPeriodicTimer       10023228 f   ndislib:timer.obj
 0001:00022250       NdisSetTimerEx             10023250 f   ndislib:timer.obj
 0001:00022288       NdisCancelTimer            10023288 f   ndislib:timer.obj
 0001:0002229c       ndisInitializeConfigurationKey 1002329c f   ndislib:init.obj
 0001:00022300       ndisOpenConfigurationKey   10023300 f   ndislib:init.obj
 0001:000223b4       NdisOpenConfiguration      100233b4 f   ndislib:init.obj
 0001:00022428       NdisOpenConfigurationKeyByName 10023428 f   ndislib:init.obj
 0001:00022450       NdisOpenConfigurationKeyByIndex 10023450 f   ndislib:init.obj
 0001:00022544       TerminateString            10023544 f   ndislib:init.obj
 0001:000225f0       NdisWriteConfiguration     100235f0 f   ndislib:init.obj
 0001:00022768       ndisFreeConfiguration      10023768 f   ndislib:init.obj
 0001:00022798       NdisCloseConfiguration     10023798 f   ndislib:init.obj
 0001:000227b0       ndisSaveParameters         100237b0 f   ndislib:init.obj
 0001:00022924       ndisAllocateConfigurationString 10023924 f   ndislib:init.obj
 0001:00022a7c       ndisReadUpperBindings      10023a7c f   ndislib:init.obj
 0001:00022ba0       NdisReadConfiguration      10023ba0 f   ndislib:init.obj
 0001:000230dc       NdisReadNetworkAddress     100240dc f   ndislib:init.obj
 0001:00023228       NdisOpenConfigurationEx    10024228 f   ndislib:init.obj
 0001:00023418       RegReadValuesMemAlloc      10024418 f i ndislib:ndis.obj
 0001:00023440       RegReadValuesMemFree       10024440 f i ndislib:ndis.obj
 0001:00023444       ndisReadRegistry           10024444 f   ndislib:ndis.obj
 0001:000236b8       ndisDoWorkQueueItem        100246b8 f   ndislib:ndis.obj
 0001:000236d4       ndisWorkerThread           100246d4 f   ndislib:ndis.obj
 0001:00023774       ndisReferenceMiniportByName 10024774 f   ndislib:ndis.obj
 0001:000238dc       ndisMapOpenByName          100248dc f   ndislib:ndis.obj
 0001:00023ac8       ndisInitializeBinding      10024ac8 f   ndislib:ndis.obj
 0001:00023d84       NdisCompleteBindAdapter    10024d84 f   ndislib:ndis.obj
 0001:00023d9c       NdisCompleteUnbindAdapter  10024d9c f   ndislib:ndis.obj
 0001:00023db4       NdisRegisterTdiCallBack    10024db4 f   ndislib:ndis.obj
 0001:00023de0       NdisMatchPdoWithPacket     10024de0 f   ndislib:ndis.obj
 0001:00023e30       ndisDevicePnPEventNotifyMiniport 10024e30 f   ndislib:ndis.obj
 0001:00023f30       ndisReferenceNextUnprocessedMiniport 10024f30 f   ndislib:ndis.obj
 0001:00023fcc       ndisUnprocessAllMiniports  10024fcc f   ndislib:ndis.obj
 0001:00024030       NdisGetVersion             10025030 f   ndislib:ndis.obj
 0001:0002403c       ReleaseSpinLockTillClear   1002503c f   ndislib:ndis.obj
 0001:00024080       ndisBlockLockMiniportDpcL  10025080 f   ndislib:ndis.obj
 0001:000240f8       NdisSetLoggingState        100250f8 f   ndislib:ndis.obj
 0001:0002423c       ndisReferenceMiniportByHandle 1002523c f   ndislib:ndis.obj
 0001:00024384       ndisReferenceMiniportByHandleForNsi 10025384 f   ndislib:ndis.obj
 0001:000244a8       ndisReferenceTopMiniportByNameForNsi 100254a8 f   ndislib:ndis.obj
 0001:0002464c       ndisReceiveQueueingOn      1002564c f   ndislib:ndis.obj
 0001:00024698       ndisReceiveQueueingOff     10025698 f   ndislib:ndis.obj
 0001:000246e0       ndisReceiveQueueingPaused  100256e0 f   ndislib:ndis.obj
 0001:000246fc       ndisReceiveQueueingRestart 100256fc f   ndislib:ndis.obj
 0001:0002472c       ndisUnloadPeriodicReceives 1002572c f   ndislib:ndis.obj
 0001:000247f4       ndisGetUpperBindCount      100257f4 f   ndislib:ndis.obj
 0001:00024978       NdisGetProcessorInformation 10025978 f   ndislib:ndis.obj
 0001:00024984       ndisFindRootDevice         10025984 f   ndislib:ndis.obj
 0001:00024b10       ndisNotifyMiniports        10025b10 f   ndislib:ndis.obj
 0001:00024bbc       ndisBindUnbindPeriodicReceives 10025bbc f   ndislib:ndis.obj
 0001:00024cd0       ndisInitializePeriodicReceives 10025cd0 f   ndislib:ndis.obj
 0001:00024e98       DriverEntry                10025e98 f   ndislib:ndis.obj
 0001:0002533c       DllEntry                   1002633c f   ndislib:ndis.obj
 0001:000254b8       ndisUnbindProtocol         100264b8 f   ndislib:ndis.obj
 0001:00025858       ndisHandleProtocolUnbindNotification 10026858 f   ndislib:ndis.obj
 0001:00025b8c       NdisCompleteNetPnPEvent    10026b8c f   ndislib:ndispnp.obj
 0001:00025ba0       NdisCompletePnPEvent       10026ba0 f   ndislib:ndispnp.obj
 0001:00025bb4       ndisFindRebindProtocol     10026bb4 f   ndislib:ndispnp.obj
 0001:00025bec       ndisAddRebindProtocol      10026bec f   ndislib:ndispnp.obj
 0001:00025c3c       ndisRemoveAllRebindProtocol 10026c3c f   ndislib:ndispnp.obj
 0001:00025c88       ndisReferenceNextUnprocessedOpenEx 10026c88 f   ndislib:ndispnp.obj
 0001:00025d8c       ndisUnprocessAllOpens      10026d8c f   ndislib:ndispnp.obj
 0001:00025e48       ndisRemoveDevice           10026e48 f   ndislib:ndispnp.obj
 0001:00026288       NdisMNetPnPEvent           10027288 f   ndislib:ndispnp.obj
 0001:00026318       NdisIMNotifyPnPEvent       10027318 f   ndislib:ndispnp.obj
 0001:0002637c       ndisAcquireMiniportPnPEventLock 1002737c f i ndislib:ndispnp.obj
 0001:00026434       ndisReleaseMiniportPnPEventLock 10027434 f i ndislib:ndispnp.obj
 0001:00026480       ndisRemoveRebindProtocol   10027480 f   ndislib:ndispnp.obj
 0001:0002650c       ndisPnPNotifyBinding       1002750c f   ndislib:ndispnp.obj
[...]
 0002:00000724       ndisNsiProviderDispatch    10058724     ndislib:ndisif.obj
 0002:00000730       ndisNsiInformationObjects  10058730     ndislib:ndisif.obj
 0002:00000a08       ndisIfSiteScopeId          10058a08     ndislib:ndisif.obj
 0002:00000a10       InterfaceRodOidArray       10058a10     ndislib:ndisif.obj
 0002:00000a58       SettlementRequirement      10058a58     ndislib:offload.obj
 0002:00000d80       NdisTcpChimneyOffloadHandlers 10058d80     ndislib:offload.obj
 0002:00000d9c       NetDmaVerifyDmaCopy        10058d9c     ndislib:netdma.obj
 0002:00000da0       NetDmaMinXferSize          10058da0     ndislib:netdma.obj
 0002:00000da4       NetDmaMaxPendingDescriptors 10058da4     ndislib:netdma.obj
 0002:00000da8       NetDmaDebugLevel           10058da8     ndislib:netdma.obj
 0002:00000db0       ndisMediaTypeCl            10058db0     ndislib:cdata.obj
 0002:00000dc8       ndisMediumBuffer           10058dc8     ndislib:cdata.obj
 0002:00000e20       ndisMediumArray            10058e20     ndislib:cdata.obj
 0002:00000e24       ndisMediumArraySize        10058e24     ndislib:cdata.obj
 0002:00000e28       ndis5MediumArraySize       10058e28     ndislib:cdata.obj
 0002:00000e2c       ndisMediumArrayMaxSize     10058e2c     ndislib:cdata.obj
 0002:00000e30       ndisPacketStackSize        10058e30     ndislib:cdata.obj
 0002:00000e34       g_ndisPacketStackSizeInBytes 10058e34     ndislib:cdata.obj
 0002:00000e38       ndis5SupportedStatsOids    10058e38     ndislib:cdata.obj
 0002:00000e74       ndisHandledNdis6OnlyGenOids 10058e74     ndislib:cdata.obj
 0002:00000ea0       ndisHandledNdis5Ndis6GenOids 10058ea0     ndislib:cdata.obj
 0002:00000f30       ndisHandledNdis5Ndis6_802_3_Oids 10058f30     ndislib:cdata.obj
 0002:00000f34       ndisHandledNdis5Only_802_5_Oids 10058f34     ndislib:cdata.obj
 0002:00000f3c       ndisHandledNdis6Only_802_3_Oids 10058f3c     ndislib:cdata.obj
 0002:00000f4c       ndisDirectOidRequestPathOids 10058f4c     ndislib:cdata.obj
 0002:00000f58       NdisMajorVersion           10058f58     ndislib:data.obj
 0002:00000f5c       NdisMinorVersion           10058f5c     ndislib:data.obj
 0002:00000f60       g_NdisDefaultFilterClasses 10058f60     ndislib:data.obj
 0002:00000ffc       ndisAcOnLine               10058ffc     ndislib:data.obj
 0002:00001000       ndisGlobalPortSendControlState 10059000     ndislib:data.obj
 0002:00001004       ndisGlobalPortReceiveControlState 10059004     ndislib:data.obj
 0002:00001008       ndisGlobalPortSendAuthorizationState 10059008     ndislib:data.obj
 0002:0000100c       ndisGlobalPortReceiveAuthorizationState 1005900c     ndislib:data.obj
 0002:00001010       ndisMaxNumberFilterPerAdapter 10059010     ndislib:data.obj
 0002:00001014       ndisIntReqGeneric          10059014     ndislib:data.obj
 0002:00001020       ndisIntReqIoctl            10059020     ndislib:data.obj
 0002:0000102c       ndisIntReqNsi              1005902c     ndislib:data.obj
 0002:00001038       ndisIntReqRestore          10059038     ndislib:data.obj
 0002:00001044       ndisControlGuid            10059044     ndislib:data.obj
 0002:00001054       EtwGuidNdisReceive         10059054     ndislib:data.obj
 0002:00001064       IPXsumIPv4Str              10059064     ndislib:data.obj
 0002:0000106c       TCPXsumIPv4Str             1005906c     ndislib:data.obj
 0002:00001074       TCPXsumIPv6Str             10059074     ndislib:data.obj
 0002:0000107c       UDPXsumIPv4Str             1005907c     ndislib:data.obj
 0002:00001084       UDPXsumIPv6Str             10059084     ndislib:data.obj
 0002:0000108c       TCPUDPChecksumOffloadIPv4Str 1005908c     ndislib:data.obj
 0002:00001094       TCPUDPChecksumOffloadIPv6Str 10059094     ndislib:data.obj
 0002:0000109c       LsoV1IPv4Str               1005909c     ndislib:data.obj
 0002:000010a4       LsoV2IPv4Str               100590a4     ndislib:data.obj
 0002:000010ac       LsoV2IPv6Str               100590ac     ndislib:data.obj
 0002:000010b4       IPsecIPv4Str               100590b4     ndislib:data.obj
 0002:000010bc       TCPConnectionOffloadIPv4Str 100590bc     ndislib:data.obj
 0002:000010c4       TCPConnectionOffloadIPv6Str 100590c4     ndislib:data.obj
 0002:000010cc       IPsecV2Str                 100590cc     ndislib:data.obj
 0002:000010d4       IPsecV2IPv4Str             100590d4     ndislib:data.obj
 0002:000010dc       HDSplitStr                 100590dc     ndislib:data.obj
 0002:000010e4       NdisDeviceTypeStr          100590e4     ndislib:data.obj
 0002:000010ec       ndisMaxNumRssCpus          100590ec     ndislib:data.obj
 0002:000010f0       ndisDpcTimeLimit           100590f0     ndislib:data.obj
 0002:000010f4       ndisDpcWatchdogLimit       100590f4     ndislib:data.obj
 0002:000010f8       g_ThreadPriority256        100590f8     ceosutil:regwait.obj
 0002:000010fc       g_funcAlloc                100590fc     ceosutil:utilmem.obj
 0002:00001100       g_funcFree                 10059100     ceosutil:utilmem.obj
 0002:00001104       g_funcRealloc              10059104     ceosutil:utilmem.obj
 0002:00001108       __security_cookie          10059108     corelib0:seccinit.obj
 0002:0000110c       __security_cookie_complement 1005910c     corelib0:seccinit.obj
 0002:00001120       g_NDSInitDoneEvent         10059120     ndislib:cestreamdrv.obj
 0002:00001124       g_NDSInitDone              10059124     ndislib:cestreamdrv.obj
 0002:00001128       NdisSessionToCompartmentMappingEpochAndZero 10059128     ndislib:ndiscm.obj
 0002:0000112c       ndisDefaultNetworkGuid     1005912c     ndislib:ndisif.obj
 0002:0000113c       ndisNsiInterfaceProviderHandle 1005913c     ndislib:ndisif.obj
 0002:00001140       ndisNsiClientInterfaceChangeNotificationHandle 10059140     ndislib:ndisif.obj
 0002:00001144       ndisNsiClientInterfaceEnumChangeNotificationHandle 10059144     ndislib:ndisif.obj
 0002:00001148       ndisNsiClientCompartmentChangeNotificationHandle 10059148     ndislib:ndisif.obj
 0002:0000114c       ndisNsiClientNetworkChangeNotificationHandle 1005914c     ndislib:ndisif.obj
 0002:00001150       ndisNsiSavedCompartmentChangeNotification 10059150     ndislib:ndisif.obj
 0002:0000117c       ndisNsiSavedNetworkChangeNotification 1005917c     ndislib:ndisif.obj
 0002:000011a8       ndisNsiSavedInterfaceChangeNotification 100591a8     ndislib:ndisif.obj
 0002:000011d4       ndisNsiSavedInterfaceInfoChangeNotification 100591d4     ndislib:ndisif.obj
 0002:00001200       ndisIfSiteIdWrapped        10059200     ndislib:ndisif.obj
 0002:00001204       NetDmaBuildDate            10059204     ndislib:netdma.obj
 0002:0000120c       NetDmaBuildTime            1005920c     ndislib:netdma.obj
 0002:00001214       NetDmaBuiltBy              10059214     ndislib:netdma.obj
 0002:0000121c       GlobalBreak                1005921c     ndislib:netdma.obj
 0002:00001220       Overruns                   10059220     ndislib:netdma.obj
 0002:00001224       NetDmaBreakOnOverun        10059224     ndislib:netdma.obj
 0002:00001228       NetDmaFakeCopy             10059228     ndislib:netdma.obj
 0002:0000122c       NetDmaDontCallEngine       1005922c     ndislib:netdma.obj
 0002:00001230       NetDmaFakeCompletion       10059230     ndislib:netdma.obj
 0002:00001234       NetDmaFakeCompletionAfterOneQuery 10059234     ndislib:netdma.obj
 0002:00001238       NetDmaKeepStats            10059238     ndislib:netdma.obj
 0002:0000123c       NetDmaGetCycleCounters     1005923c     ndislib:netdma.obj
 0002:00001240       NetDmaSnoopSrc             10059240     ndislib:netdma.obj
 0002:00001244       NetDmaCompleteEveryCopy    10059244     ndislib:netdma.obj
 0002:00001248       NetDmaDebugSeqNumber       10059248     ndislib:netdma.obj
 0002:0000124c       NetDmaDebugSmallXfersWithStatusUpdate 1005924c     ndislib:netdma.obj
 0002:00001250       NetDmaNumberOfProcessors   10059250     ndislib:netdma.obj
 0002:00001254       NetDmaActiveProcessors     10059254     ndislib:netdma.obj
 0002:0000125c       ndisInstanceNumber         1005925c     ndislib:cdata.obj
 0002:00001260       ndisFdoIndex               10059260     ndislib:cdata.obj
 0002:00001264       g_ndisNeverLoopbackPackets 10059264     ndislib:cdata.obj
 0002:00001268       g_NdisDpcLevelLockInitDone 10059268     ndislib:data.obj
 0002:0000126c       g_CEPowerManagerActive     1005926c     ndislib:data.obj
 0002:00001270       g_NdisLoggingEnabled       10059270     ndislib:data.obj
 0002:00001274       g_NdisOptimizeReceiveHandling 10059274     ndislib:data.obj
 0002:00001278       g_NdisAllMiniportsDeserialized 10059278     ndislib:data.obj
 0002:0000127c       g_NdisRegFilterClasses     1005927c     ndislib:data.obj
 0002:00001280       g_NdisRegFilterClassesBCount 10059280     ndislib:data.obj
 0002:00001284       g_hCoreDll                 10059284     ndislib:data.obj
 0002:00001288       ndisValidProcessors        10059288     ndislib:data.obj
 0002:00001289       ndisMaximumProcessor       10059289     ndislib:data.obj
 0002:0000128a       ndisCurrentProcessor       1005928a     ndislib:data.obj
 0002:0000128b       ndisSkipProcessorAffinity  1005928b     ndislib:data.obj
 0002:0000128c       ndisNumberOfProcessors     1005928c     ndislib:data.obj
 0002:00001290       ndisActiveProcessors       10059290     ndislib:data.obj
 0002:00001294       ndisMiniDriverList         10059294     ndislib:data.obj
 0002:00001298       ndisProtocolList           10059298     ndislib:data.obj
 0002:0000129c       ndisMiniportList           1005929c     ndislib:data.obj
 0002:000012a0       ndisOrphanedMiniportList   100592a0     ndislib:data.obj
 0002:000012a4       ndisGlobalOpenList         100592a4     ndislib:data.obj
 0002:000012a8       ndisGlobalFilterList       100592a8     ndislib:data.obj
 0002:000012ac       ndisTdiRegisterCallback    100592ac     ndislib:data.obj
 0002:000012b0       ndisTdiPnPHandler          100592b0     ndislib:data.obj
 0002:000012b4       ndisDmaAlignment           100592b4     ndislib:data.obj
 0002:000012b8       ndisTimeIncrement          100592b8     ndislib:data.obj
 0002:000012bc       SharedMemoryResource       100592bc     ndislib:data.obj
 0002:000012d0       ndisSystemProcess          100592d0     ndislib:data.obj
 0002:000012d4       ndisThreadObject           100592d4     ndislib:data.obj
 0002:000012d8       ndisLastFailedInitErrorCode 100592d8     ndislib:data.obj
 0002:000012dc       ndisVerifierLevel          100592dc     ndislib:data.obj
 0002:000012e0       ndisVeriferFailedAllocations 100592e0     ndislib:data.obj
 0002:000012e4       ndisCancelId               100592e4     ndislib:data.obj
 0002:000012e8       ndisWorkerQueue            100592e8     ndislib:data.obj
 0002:00001308       PoolAgingTicks             10059308     ndislib:data.obj
 0002:00001310       ndisFlags                  10059310     ndislib:data.obj
 0002:00001314       ndisBuildDate              10059314     ndislib:data.obj
 0002:0000131c       ndisBuildTime              1005931c     ndislib:data.obj
 0002:00001324       ndisBuiltBy                10059324     ndislib:data.obj
 0002:0000132c       ndisPnPMutexOwner          1005932c     ndislib:data.obj
 0002:00001330       ndisChecked                10059330     ndislib:data.obj
 0002:00001334       ndisAbortedRequestsIndex   10059334     ndislib:data.obj
 0002:00001338       ndisSpin                   10059338     ndislib:data.obj
 0002:0000133c       ndisFilterDriverList       1005933c     ndislib:data.obj
 0002:00001340       ndisNetBufferListPool      10059340     ndislib:data.obj
 0002:00001344       ndisNetBufferPool          10059344     ndislib:data.obj
 0002:00001348       ndisSendPacketPool         10059348     ndislib:data.obj
 0002:0000134c       ndisRecvPacketPool         1005934c     ndislib:data.obj
 0002:00001350       ndisUsedIndicesMutexOwner  10059350     ndislib:data.obj
 0002:00001354       ndisInterfaceIndex         10059354     ndislib:data.obj
 0002:00001358       ndisIfProviderHandle       10059358     ndislib:data.obj
 0002:0000135c       ndisIfLoopbackProviderHandle 1005935c     ndislib:data.obj
 0002:00001360       ndisIfLoopbackDescr        10059360     ndislib:data.obj
 0002:00001564       ndisInterfaceCount         10059564     ndislib:data.obj
 0002:00001568       ndisIfLoopbackAlias        10059568     ndislib:data.obj
 0002:0000176c       ndisNsiInitialized         1005976c     ndislib:data.obj
 0002:00001770       ndisIfNetworkCount         10059770     ndislib:data.obj
 0002:00001774       ndisIfCompartmentCount     10059774     ndislib:data.obj
 0002:00001778       IfUsedIfIndicesLength      10059778     ndislib:data.obj
 0002:0000177c       IfUsedIfIndicesData        1005977c     ndislib:data.obj
 0002:00001780       ndisRssBaseCpu             10059780     ndislib:data.obj
 0002:00001784       ndisProcessorInfo          10059784     ndislib:data.obj
 0002:000017bc       ndisWorkitemDpcs           100597bc     ndislib:data.obj
 0002:000017c0       ndisNetDmaMaxPendingDescriptors 100597c0     ndislib:data.obj
 0002:000017c4       ndisPrefetchNextDmaDescriptor 100597c4     ndislib:data.obj
 0002:000017c8       ndisGetRecvCycleCounts     100597c8     ndislib:data.obj
 0002:000017cc       NumberOfActiveProcessors   100597cc     ndislib:perflog.obj
 0002:000017d0       ActiveProcessors           100597d0     ndislib:perflog.obj
 0002:000017d4       g_CeKeTimerListEvent       100597d4     ntcompat:cetimer.obj
 0002:000017d8       g_hCeKeTimerThread         100597d8     ntcompat:cetimer.obj
 0002:000017dc       g_bCeKeTimerActive         100597dc     ntcompat:cetimer.obj
 0002:000017e0       g_dwTickCountPrev          100597e0     ntcompat:cetimer.obj
 0002:000017e4       g_pCeKeDpcQueue            100597e4     ntcompat:cetimer.obj
 0002:000017e8       g_CeKeDpcQueueLocal        100597e8     ntcompat:cetimer.obj
 0002:00001808       g_bIsLocalQueueInitialized 10059808     ntcompat:cetimer.obj
 0002:0000180c       g_hCeKeDpcQueueLocalEventHandle 1005980c     ntcompat:cetimer.obj
 0002:00001810       g_dwInitCounter            10059810     ntcompat:cetimer.obj
 0002:00001814       g_dwInitializing           10059814     ntcompat:cetimer.obj
 0002:00001818       g_pfPowerUp                10059818     ntcompat:cetimer.obj
 0002:0000181c       g_hSysintrNetworkServiceThread 1005981c     ntcompat:ceinterrupt.obj
 0002:00001820       g_KeDpcInitialized         10059820     vcompat:ke.obj
 0002:00001824       g_KeDpcShutdown            10059824     vcompat:ke.obj
 0002:0000182c       g_ExInitialized            1005982c     vcompat:ex.obj
 0002:00001830       ?g_cTimerQueueCookie@@3KA  10059830     ceosutil:TimerQueue.obj
 0002:00001834       ?g_pCeOsUtilThreadPool@@3PAVSVSThreadPool@@A 10059834     ceosutil:TimerQueue.obj
 0002:00001838       ?g_pDefaultTimer@@3PAVCTimerManager@@A 10059838     ceosutil:TimerQueue.obj
 0002:0000183c       ?g_pTimerBlockList@@3PAVSVSLinkManager@@A 1005983c     ceosutil:TimerQueue.obj
 0002:00001840       ?g_pTimerManagerLock@@3PAVSVSSynch@@A 10059840     ceosutil:TimerQueue.obj
 0002:00001844       ?g_pTimerManagerList@@3PAVSVSLinkManager@@A 10059844     ceosutil:TimerQueue.obj
 0002:00001848       ?g_pWaitForEventsMgr@@3PAVCWaitForEventsManager@@A 10059848     ceosutil:regwait.obj
 0002:00001850       g_pvAllocData              10059850     ceosutil:utilmem.obj
 0002:00001854       g_pvFreeData               10059854     ceosutil:utilmem.obj
 0002:00001858       _exitflag                  10059858     corelib0:cexit.obj
 0002:00001860       EventStartTime             10059860     <common>
 0002:00001920       NdisPerfLog                10059920     <common>
 0002:000019c0       EventCount                 100599c0     <common>
 0002:00001a80       EventTotalTime             10059a80     <common>
 0002:00001b30       ndisIfList                 10059b30     <common>
 0002:00001b38       ndisIfStackEntryList       10059b38     <common>
 0002:00001b40       ndisUsedIndicesMutex       10059b40     <common>
 0002:00001b48       ndisIfProviderList         10059b48     <common>
 0002:00001b50       g_RebindAdaptersOnResume   10059b50     <common>
 0002:00001b60       ndisGlobalLock             10059b60     <common>
 0002:00001b80       ndisGlobalOpenListLock     10059b80     <common>
 0002:00001b94       ndisPnPMutex               10059b94     <common>
 0002:00001ba0       ndisIfProviderListLock     10059ba0     <common>
 0002:00001bc0       g_NdisDpcLevelLock         10059bc0     <common>
 0002:00001bd4       ndisRssProcessors          10059bd4     <common>
 0002:00001be0       ndisIfListLock             10059be0     <common>
 0002:00001c00       ndisGlobalFilterListLock   10059c00     <common>
 0002:00001c14       g_hNdisDpcThread           10059c14     <common>
 0002:00001c20       g_NdisDpcQueue             10059c20     <common>
 0002:00001c40       ndisIfTypesList            10059c40     <common>
 0002:00001c60       ndisFilterDriverListLock   10059c60     <common>
 0002:00001c80       ndisMiniDriverListLock     10059c80     <common>
 0002:00001ca0       ndisProtocolListLock       10059ca0     <common>
 0002:00001cb4       g_ResumeState              10059cb4     <common>
 0002:00001cb8       g_NdisIntThreadPrio        10059cb8     <common>
 0002:00001cc0       ndisMiniportListLock       10059cc0     <common>
 0002:00001cd8       ndisGlobalTimerList        10059cd8     <common>
 0002:00001ce0       ndisRcv100BytesLL          10059ce0     <common>
 0002:00001d40       ndisIfCompartmentList      10059d40     <common>
 0002:00001d48       ndisIfNetworkList          10059d48     <common>
 0002:00001d60       ndisRcv1514BytesLL         10059d60     <common>
 0002:00001dc0       ndisPeriodicReceives       10059dc0     <common>
 0002:00001ee0       ndisGlobalTimerListLock    10059ee0     <common>
 0002:00001f00       ndisIfStackEntryLock       10059f00     <common>
 0002:00001f14       ndisPeriodicReceivesMutex  10059f14     <common>
 0002:00001f18       ProviderList               10059f18     <common>
 0002:00001f20       GlobalChannelListLock      10059f20     <common>
 0002:00001f40       ChannelCpuArray            10059f40     <common>
 0002:00001fc0       ProviderListLock           10059fc0     <common>
 0002:00001fd8       GlobalChannelList          10059fd8     <common>
 0002:00001fe0       ClientList                 10059fe0     <common>
 0002:00002000       ClientListLock             1005a000     <common>
 0002:00002020       g_NdisIstLock              1005a020     <common>
 0002:00002040       MiniportSortedByIRQ        1005a040     <common>
 0002:000020c0       ndisNsiSavedClientNpi      1005a0c0     <common>
 0002:000020c8       g_hSysintrNetworkEventHandle 1005a0c8     <common>
 0002:000020e0       g_csOEMInterruptEnable     1005a0e0     <common>
 0002:000020f4       g_pdwOEMInterruptEnable    1005a0f4     <common>
 0002:000020f8       g_pdwOEMInterruptMask      1005a0f8     <common>
 0002:00002100       g_CeDriverObjectListLock   1005a100     <common>
 0002:00002114       g_pCeDriverObjectList      1005a114     <common>
 0002:00002120       g_CeKeTimerListLock        1005a120     <common>
 0002:00002138       g_CeKeTimerList            1005a138     <common>
 0002:00002140       g_pCeDeviceObjectList      1005a140     <common>
 0002:00002160       g_CeDeviceObjectListLock   1005a160     <common>
 0002:00002174       __onexitend                1005a174     <common>
 0002:00002178       __onexitbegin              1005a178     <common>
 0002:0000217c       g_pcsExit                  1005a17c     <common>

 entry point at        0001:0005292c

 Static symbols

 0001:0000721c       IoBuildPartialMdl          1000821c f   ndislib:ndisbuf.obj
 0001:00050e64       ScanHexFormat              10051e64 f   vcompat:rtlmisc.obj
 0001:00052ab8       doexit                     10053ab8 f   corelib0:cexit.obj
