 netui

 Timestamp is 5cafa469 (Thu Apr 11 13:32:41 2019)

 Preferred load address is 10000000

 Start         Length     Name                   Class
 0001:00000000 00000004H .CRT$XCA                CODE
 0001:00000004 00000008H .CRT$XCU                CODE
 0001:0000000c 00000004H .CRT$XCZ                CODE
 0001:00000010 00000004H .CRT$XIA                CODE
 0001:00000014 00000004H .CRT$XIZ                CODE
 0001:00000018 00000004H .CRT$XPA                CODE
 0001:0000001c 00000004H .CRT$XPZ                CODE
 0001:00000020 00000004H .CRT$XTA                CODE
 0001:00000024 00000004H .CRT$XTZ                CODE
 0001:00000030 000022dcH .rdata                  CODE
 0001:0000230c 00000022H .rdata$debug            CODE
 0001:00002330 0001ec3cH .text                   CODE
 0001:00020f6c 00000058H .text$yc                CODE
 0001:00020fc4 00000018H .text$yd                CODE
 0001:00020fdc 000001ccH .xdata                  CODE
 0001:000211a8 00000050H .idata$2                CODE
 0001:000211f8 00000014H .idata$3                CODE
 0001:0002120c 00000384H .idata$4                CODE
 0001:00021590 000000baH .idata$6                CODE
 0001:00021650 000005ccH .edata                  CODE
 0002:00000000 00000384H .idata$5                DATA
 0002:00000388 00006b90H .data                   DATA
 0002:00006f20 00006614H .bss                    DATA
 0003:00000000 00000b70H .pdata                  DATA
 0004:00000000 00001d50H .rsrc$01                DATA
 0004:00001d50 0000fb88H .rsrc$02                DATA

  Address         Publics by Value              Rva+Base       Lib:Object

 0000:00000000       ___safe_se_handler_count   00000000     <absolute>
 0000:00000000       ___safe_se_handler_table   00000000     <absolute>
 0001:00000000       __xc_a                     10001000     corelib0:crt0init.obj
 0001:0000000c       __xc_z                     1000100c     corelib0:crt0init.obj
 0001:00000010       __xi_a                     10001010     corelib0:crt0init.obj
 0001:00000014       __xi_z                     10001014     corelib0:crt0init.obj
 0001:00000018       __xp_a                     10001018     corelib0:crt0init.obj
 0001:0000001c       __xp_z                     1000101c     corelib0:crt0init.obj
 0001:00000020       __xt_a                     10001020     corelib0:crt0init.obj
 0001:00000024       __xt_z                     10001024     corelib0:crt0init.obj
 0001:0000004c       ??_C@_1CG@LNMJALAI@?$AAI?$AAn?$AAi?$AAt?$AAC?$AAo?$AAm?$AAm?$AAo?$AAn?$AAC?$AAo?$AAn?$AAt?$AAr?$AAo?$AAl?$AAs?$AA?$AA@ 1000104c     netui.obj
 0001:00000074       ??_C@_1CK@JHBHHHJE@?$AAI?$AAn?$AAi?$AAt?$AAC?$AAo?$AAm?$AAm?$AAo?$AAn?$AAC?$AAo?$AAn?$AAt?$AAr?$AAo?$AAl?$AAs?$AAE?$AAx?$AA?$AA@ 10001074     netui.obj
 0001:000000a0       ??_C@_1CI@JPPIMHKP@?$AAC?$AAr?$AAe?$AAa?$AAt?$AAe?$AAS?$AAt?$AAa?$AAt?$AAu?$AAs?$AAW?$AAi?$AAn?$AAd?$AAo?$AAw?$AAW?$AA?$AA@ 100010a0     netui.obj
 0001:000000c8       ??_C@_1CA@MMBGPJHN@?$AAD?$AAr?$AAa?$AAw?$AAS?$AAt?$AAa?$AAt?$AAu?$AAs?$AAT?$AAe?$AAx?$AAt?$AAW?$AA?$AA@ 100010c8     netui.obj
 0001:000000e8       ??_C@_1CE@JDJHFDJE@?$AAC?$AAo?$AAm?$AAm?$AAa?$AAn?$AAd?$AAB?$AAa?$AAr?$AA_?$AAC?$AAr?$AAe?$AAa?$AAt?$AAe?$AA?$AA@ 100010e8     netui.obj
 0001:0000010c       ??_C@_1CA@CODMEOJM@?$AAC?$AAo?$AAm?$AAm?$AAa?$AAn?$AAd?$AAB?$AAa?$AAr?$AA_?$AAS?$AAh?$AAo?$AAw?$AA?$AA@ 1000110c     netui.obj
 0001:0000012c       ??_C@_1CK@GKFIKLLE@?$AAC?$AAo?$AAm?$AAm?$AAa?$AAn?$AAd?$AAB?$AAa?$AAr?$AA_?$AAA?$AAd?$AAd?$AAB?$AAi?$AAt?$AAm?$AAa?$AAp?$AA?$AA@ 1000112c     netui.obj
 0001:00000158       ??_C@_1DE@IHHNKFAI@?$AAC?$AAo?$AAm?$AAm?$AAa?$AAn?$AAd?$AAB?$AAa?$AAr?$AA_?$AAI?$AAn?$AAs?$AAe?$AAr?$AAt?$AAC?$AAo?$AAm?$AAb?$AAo?$AAB?$AAo?$AAx?$AA?$AA@ 10001158     netui.obj
 0001:0000018c       ??_C@_1DC@HDIIHHGG@?$AAC?$AAo?$AAm?$AAm?$AAa?$AAn?$AAd?$AAB?$AAa?$AAr?$AA_?$AAI?$AAn?$AAs?$AAe?$AAr?$AAt?$AAM?$AAe?$AAn?$AAu?$AAb?$AAa?$AAr?$AA?$AA@ 1000118c     netui.obj
 0001:000001c0       ??_C@_1CG@HEOKNFPJ@?$AAC?$AAo?$AAm?$AAm?$AAa?$AAn?$AAd?$AAB?$AAa?$AAr?$AA_?$AAG?$AAe?$AAt?$AAM?$AAe?$AAn?$AAu?$AA?$AA@ 100011c0     netui.obj
 0001:000001e8       ??_C@_1DC@MPGKACHM@?$AAC?$AAo?$AAm?$AAm?$AAa?$AAn?$AAd?$AAB?$AAa?$AAr?$AA_?$AAA?$AAd?$AAd?$AAA?$AAd?$AAo?$AAr?$AAn?$AAm?$AAe?$AAn?$AAt?$AAs?$AA?$AA@ 100011e8     netui.obj
 0001:0000021c       ??_C@_1CE@OEMNHHBJ@?$AAC?$AAo?$AAm?$AAm?$AAa?$AAn?$AAd?$AAB?$AAa?$AAr?$AA_?$AAH?$AAe?$AAi?$AAg?$AAh?$AAt?$AA?$AA@ 1000121c     netui.obj
 0001:00000240       ??_C@_1CI@DDOEPNLC@?$AAI?$AAs?$AAC?$AAo?$AAm?$AAm?$AAa?$AAn?$AAd?$AAB?$AAa?$AAr?$AAM?$AAe?$AAs?$AAs?$AAa?$AAg?$AAe?$AA?$AA@ 10001240     netui.obj
 0001:00000268       ??_C@_1BO@GFLHEGJP@?$AAP?$AAr?$AAo?$AAp?$AAe?$AAr?$AAt?$AAy?$AAS?$AAh?$AAe?$AAe?$AAt?$AAW?$AA?$AA@ 10001268     netui.obj
 0001:00000288       ??_C@_1DC@HIHNDKC@?$AAC?$AAr?$AAe?$AAa?$AAt?$AAe?$AAP?$AAr?$AAo?$AAp?$AAe?$AAr?$AAt?$AAy?$AAS?$AAh?$AAe?$AAe?$AAt?$AAP?$AAa?$AAg?$AAe?$AAW?$AA?$AA@ 10001288     netui.obj
 0001:000002bc       ??_C@_1DC@FAGHOJF@?$AAD?$AAe?$AAs?$AAt?$AAr?$AAo?$AAy?$AAP?$AAr?$AAo?$AAp?$AAe?$AAr?$AAt?$AAy?$AAS?$AAh?$AAe?$AAe?$AAt?$AAP?$AAa?$AAg?$AAe?$AA?$AA@ 100012bc     netui.obj
 0001:000002f0       ??_C@_1CI@FKEEBNKI@?$AAC?$AAr?$AAe?$AAa?$AAt?$AAe?$AAU?$AAp?$AAD?$AAo?$AAw?$AAn?$AAC?$AAo?$AAn?$AAt?$AAr?$AAo?$AAl?$AA?$AA@ 100012f0     netui.obj
 0001:00000318       ??_C@_1BK@NAKKEEKA@?$AAc?$AAo?$AAm?$AAm?$AAc?$AAt?$AAr?$AAl?$AA?4?$AAd?$AAl?$AAl?$AA?$AA@ 10001318     netui.obj
 0001:00000334       ??_C@_1BM@EFOBEHBF@?$AAR?$AAN?$AAA?$AA_?$AAI?$AAP?$AAA?$AAd?$AAd?$AAr?$AAe?$AAs?$AAs?$AA?$AA@ 10001334     ipaddr.obj
 0001:00000350       ??_C@_15KNBIKKIN@?$AA?$CF?$AAd?$AA?$AA@ 10001350     ipaddr.obj
 0001:00000358       ??_C@_11LOCGONAA@?$AA?$AA@ 10001358     ipaddr.obj
 0001:0000035c       ??_C@_19PLOBJMHF@?$AAE?$AAd?$AAi?$AAt?$AA?$AA@ 1000135c     ipaddr.obj
 0001:00000368       ??_C@_13JOFGPIOO@?$AA?4?$AA?$AA@ 10001368     ipaddr.obj
 0001:0000036c       GetUsernamePasswordCallbacks 1000136c     getuser.obj
 0001:00000374       GetNewPasswordCallbacks    10001374     getuser.obj
 0001:0000037c       ??_C@_1DM@BDCIKIHJ@?$AAD?$AAi?$AAs?$AAa?$AAl?$AAl?$AAo?$AAw?$AAS?$AAa?$AAv?$AAe?$AAd?$AAN?$AAe?$AAt?$AAw?$AAo?$AAr?$AAk?$AAP?$AAa?$AAs?$AAs?$AAw?$AAo?$AAr?$AAd?$AAs?$AA?$AA@ 1000137c     getuser.obj
 0001:000003b8       ??_C@_1BM@EIIFGPAF@?$AAC?$AAo?$AAm?$AAm?$AA?2?$AAS?$AAe?$AAc?$AAu?$AAr?$AAi?$AAt?$AAy?$AA?$AA@ 100013b8     getuser.obj
 0001:000003d4       ??_C@_1DK@BCDMIGLI@?$AAf?$AAi?$AAl?$AAe?$AA?3?$AAr?$AAn?$AAe?$AAt?$AAw?$AA?4?$AAh?$AAt?$AAm?$AA?$CD?$AAM?$AAa?$AAi?$AAn?$AA_?$AAC?$AAo?$AAn?$AAt?$AAe?$AAn?$AAt?$AAs?$AA?$AA@ 100013d4     linecnfg.obj
 0001:00000410       ??_C@_1BA@NGKEOGJG@?$AAp?$AAe?$AAg?$AAh?$AAe?$AAl?$AAp?$AA?$AA@ 10001410     linecnfg.obj
 0001:00000420       ??_C@_13JGCMLPCH@?$AA1?$AA?$AA@ 10001420     linecnfg.obj
 0001:00000424       ??_C@_13IEJJBAMJ@?$AA2?$AA?$AA@ 10001424     linecnfg.obj
 0001:00000428       ??_C@_13KBPCEPBF@?$AA4?$AA?$AA@ 10001428     linecnfg.obj
 0001:0000042c       ??_C@_13BJEOCIHA@?$AA5?$AA?$AA@ 1000142c     linecnfg.obj
 0001:00000430       ??_C@_13LPLIHJO@?$AA6?$AA?$AA@ 10001430     linecnfg.obj
 0001:00000434       ??_C@_13LDEHOAPL@?$AA7?$AA?$AA@ 10001434     linecnfg.obj
 0001:00000438       ??_C@_13OLCEPAKN@?$AA8?$AA?$AA@ 10001438     linecnfg.obj
 0001:0000043c       ??_C@_17OMLHFPNM@?$AA1?$AA1?$AA0?$AA?$AA@ 1000143c     linecnfg.obj
 0001:00000444       ??_C@_17GFMOILAE@?$AA3?$AA0?$AA0?$AA?$AA@ 10001444     linecnfg.obj
 0001:0000044c       ??_C@_17CNCOIFGA@?$AA6?$AA0?$AA0?$AA?$AA@ 1000144c     linecnfg.obj
 0001:00000454       ??_C@_19KIPNNFID@?$AA1?$AA2?$AA0?$AA0?$AA?$AA@ 10001454     linecnfg.obj
 0001:00000460       ??_C@_19IFKFGHAH@?$AA2?$AA4?$AA0?$AA0?$AA?$AA@ 10001460     linecnfg.obj
 0001:0000046c       ??_C@_19NPBEACAP@?$AA4?$AA8?$AA0?$AA0?$AA?$AA@ 1000146c     linecnfg.obj
 0001:00000478       ??_C@_19DPGAJLIN@?$AA9?$AA6?$AA0?$AA0?$AA?$AA@ 10001478     linecnfg.obj
 0001:00000484       ??_C@_1M@JPGIMDDC@?$AA1?$AA4?$AA4?$AA0?$AA0?$AA?$AA@ 10001484     linecnfg.obj
 0001:00000490       ??_C@_1M@KMPJEBAF@?$AA1?$AA9?$AA2?$AA0?$AA0?$AA?$AA@ 10001490     linecnfg.obj
 0001:0000049c       ??_C@_1M@GJGPLNCD@?$AA3?$AA8?$AA4?$AA0?$AA0?$AA?$AA@ 1000149c     linecnfg.obj
 0001:000004a8       ??_C@_1M@DFHMEEDD@?$AA5?$AA7?$AA6?$AA0?$AA0?$AA?$AA@ 100014a8     linecnfg.obj
 0001:000004b4       ??_C@_1O@CKHCLLOB@?$AA1?$AA1?$AA5?$AA2?$AA0?$AA0?$AA?$AA@ 100014b4     linecnfg.obj
 0001:000004c4       ??_C@_15EFLNJKHH@?$AA?$CF?$AAu?$AA?$AA@ 100014c4     linecnfg.obj
 0001:000004cc       ??_C@_1CG@OCDCECEH@?$AA?2?$AAW?$AAi?$AAn?$AAd?$AAo?$AAw?$AAs?$AA?2?$AAr?$AAn?$AAe?$AAt?$AAw?$AA?4?$AAh?$AAt?$AAm?$AA?$AA@ 100014cc     linecnfg.obj
 0001:000004f4       ??_C@_1CK@CKCDMMNE@?$AA?2?$AAW?$AAi?$AAn?$AAd?$AAo?$AAw?$AAs?$AA?2?$AAp?$AAe?$AAg?$AAh?$AAe?$AAl?$AAp?$AA?4?$AAe?$AAx?$AAe?$AA?$AA@ 100014f4     linecnfg.obj
 0001:00000520       ??_C@_1BI@OEFBFBJM@?$AA?$CF?$AA?4?$AA4?$AA9?$AAs?$AA?7?$AA?$CF?$AA?4?$AA4?$AA9?$AAs?$AA?$AA@ 10001520     wnet.obj
 0001:00000538       ??_C@_1O@HBJEMMOJ@?$AA?$CI?$AAn?$AAo?$AAn?$AAe?$AA?$CJ?$AA?$AA@ 10001538     wnet.obj
 0001:00000548       ??_C@_1CO@LGAJCCGD@?$AAW?$AAN?$AAe?$AAt?$AAD?$AAi?$AAs?$AAc?$AAo?$AAn?$AAn?$AAe?$AAc?$AAt?$AAD?$AAi?$AAa?$AAl?$AAo?$AAg?$AA1?$AAW?$AA?$AA@ 10001548     wnet.obj
 0001:00000578       ??_C@_1BM@PLEDBLHF@?$AAW?$AAN?$AAe?$AAt?$AAC?$AAl?$AAo?$AAs?$AAe?$AAE?$AAn?$AAu?$AAm?$AA?$AA@ 10001578     wnet.obj
 0001:00000594       ??_C@_1CE@IEFAANJC@?$AAW?$AAN?$AAe?$AAt?$AAE?$AAn?$AAu?$AAm?$AAR?$AAe?$AAs?$AAo?$AAu?$AAr?$AAc?$AAe?$AAW?$AA?$AA@ 10001594     wnet.obj
 0001:000005b8       ??_C@_1BM@MBJKGDAG@?$AAW?$AAN?$AAe?$AAt?$AAO?$AAp?$AAe?$AAn?$AAE?$AAn?$AAu?$AAm?$AAW?$AA?$AA@ 100015b8     wnet.obj
 0001:000005d4       ??_C@_1BI@CJKPFBEK@?$AAc?$AAo?$AAr?$AAe?$AAd?$AAl?$AAl?$AA?4?$AAd?$AAl?$AAl?$AA?$AA@ 100015d4     wnet.obj
 0001:000005ec       ??_C@_1CI@GKDDGGEB@?$AAC?$AAr?$AAy?$AAp?$AAt?$AAE?$AAn?$AAu?$AAm?$AAP?$AAr?$AAo?$AAv?$AAi?$AAd?$AAe?$AAr?$AAs?$AAW?$AA?$AA@ 100015ec     certui.obj
 0001:00000614       ??_C@_1CE@DNEJCKIG@?$AAC?$AAr?$AAy?$AAp?$AAt?$AAG?$AAe?$AAt?$AAP?$AAr?$AAo?$AAv?$AAP?$AAa?$AAr?$AAa?$AAm?$AA?$AA@ 10001614     certui.obj
 0001:00000638       ??_C@_1CK@HLHOBACO@?$AAC?$AAr?$AAy?$AAp?$AAt?$AAA?$AAc?$AAq?$AAu?$AAi?$AAr?$AAe?$AAC?$AAo?$AAn?$AAt?$AAe?$AAx?$AAt?$AAW?$AA?$AA@ 10001638     certui.obj
 0001:00000664       ??_C@_1CI@NEKDKLAH@?$AAC?$AAr?$AAy?$AAp?$AAt?$AAR?$AAe?$AAl?$AAe?$AAa?$AAs?$AAe?$AAC?$AAo?$AAn?$AAt?$AAe?$AAx?$AAt?$AA?$AA@ 10001664     certui.obj
 0001:0000068c       ??_C@_1CA@PNGHDIEK@?$AAC?$AAr?$AAy?$AAp?$AAt?$AAG?$AAe?$AAt?$AAU?$AAs?$AAe?$AAr?$AAK?$AAe?$AAy?$AA?$AA@ 1000168c     certui.obj
 0001:000006ac       ??_C@_1CC@BACJBHLI@?$AAC?$AAr?$AAy?$AAp?$AAt?$AAG?$AAe?$AAt?$AAK?$AAe?$AAy?$AAP?$AAa?$AAr?$AAa?$AAm?$AA?$AA@ 100016ac     certui.obj
 0001:000006d0       ??_C@_1CA@BDLOIHGC@?$AAC?$AAr?$AAy?$AAp?$AAt?$AAD?$AAe?$AAs?$AAt?$AAr?$AAo?$AAy?$AAK?$AAe?$AAy?$AA?$AA@ 100016d0     certui.obj
 0001:000006f0       ??_C@_1DK@GHGAKKNE@?$AAC?$AAe?$AAr?$AAt?$AAC?$AAr?$AAe?$AAa?$AAt?$AAe?$AAC?$AAe?$AAr?$AAt?$AAi?$AAf?$AAi?$AAc?$AAa?$AAt?$AAe?$AAC?$AAo?$AAn?$AAt?$AAe?$AAx?$AAt?$AA?$AA@ 100016f0     certui.obj
 0001:0000072c       ??_C@_1DG@EHJEIGDN@?$AAC?$AAe?$AAr?$AAt?$AAF?$AAr?$AAe?$AAe?$AAC?$AAe?$AAr?$AAt?$AAi?$AAf?$AAi?$AAc?$AAa?$AAt?$AAe?$AAC?$AAo?$AAn?$AAt?$AAe?$AAx?$AAt?$AA?$AA@ 1000172c     certui.obj
 0001:00000768       ??_C@_1EA@DAOJHNPH@?$AAC?$AAe?$AAr?$AAt?$AAD?$AAu?$AAp?$AAl?$AAi?$AAc?$AAa?$AAt?$AAe?$AAC?$AAe?$AAr?$AAt?$AAi?$AAf?$AAi?$AAc?$AAa?$AAt?$AAe?$AAC?$AAo?$AAn?$AAt?$AAe?$AAx?$AAt?$AA?$AA@ 10001768     certui.obj
 0001:000007a8       ??_C@_1BM@CMLKIKKH@?$AAC?$AAe?$AAr?$AAt?$AAO?$AAp?$AAe?$AAn?$AAS?$AAt?$AAo?$AAr?$AAe?$AA?$AA@ 100017a8     certui.obj
 0001:000007c4       ??_C@_1BO@NCLHKAKO@?$AAC?$AAe?$AAr?$AAt?$AAC?$AAl?$AAo?$AAs?$AAe?$AAS?$AAt?$AAo?$AAr?$AAe?$AA?$AA@ 100017c4     certui.obj
 0001:000007e4       ??_C@_1DI@CMJPEOCC@?$AAC?$AAe?$AAr?$AAt?$AAE?$AAn?$AAu?$AAm?$AAC?$AAe?$AAr?$AAt?$AAi?$AAf?$AAi?$AAc?$AAa?$AAt?$AAe?$AAs?$AAI?$AAn?$AAS?$AAt?$AAo?$AAr?$AAe?$AA?$AA@ 100017e4     certui.obj
 0001:0000081c       ??_C@_1DG@NJOMMJEO@?$AAC?$AAe?$AAr?$AAt?$AAF?$AAi?$AAn?$AAd?$AAC?$AAe?$AAr?$AAt?$AAi?$AAf?$AAi?$AAc?$AAa?$AAt?$AAe?$AAI?$AAn?$AAS?$AAt?$AAo?$AAr?$AAe?$AA?$AA@ 1000181c     certui.obj
 0001:00000854       ??_C@_1CG@EEOCOINI@?$AAC?$AAe?$AAr?$AAt?$AAG?$AAe?$AAt?$AAN?$AAa?$AAm?$AAe?$AAS?$AAt?$AAr?$AAi?$AAn?$AAg?$AAW?$AA?$AA@ 10001854     certui.obj
 0001:00000880       ??_C@_1EE@FPENKFMD@?$AAC?$AAe?$AAr?$AAt?$AAG?$AAe?$AAt?$AAC?$AAe?$AAr?$AAt?$AAi?$AAf?$AAi?$AAc?$AAa?$AAt?$AAe?$AAC?$AAo?$AAn?$AAt?$AAe?$AAx?$AAt?$AAP?$AAr?$AAo?$AAp?$AAe?$AAr?$AAt@ 10001880     certui.obj
 0001:000008c8       ??_C@_1EE@NJMCEDEG@?$AAC?$AAe?$AAr?$AAt?$AAS?$AAe?$AAt?$AAC?$AAe?$AAr?$AAt?$AAi?$AAf?$AAi?$AAc?$AAa?$AAt?$AAe?$AAC?$AAo?$AAn?$AAt?$AAe?$AAx?$AAt?$AAP?$AAr?$AAo?$AAp?$AAe?$AAr?$AAt@ 100018c8     certui.obj
 0001:00000910       ??_C@_1EC@JDBHNBAF@?$AAC?$AAe?$AAr?$AAt?$AAA?$AAd?$AAd?$AAE?$AAn?$AAc?$AAo?$AAd?$AAe?$AAd?$AAC?$AAe?$AAr?$AAt?$AAi?$AAf?$AAi?$AAc?$AAa?$AAt?$AAe?$AAT?$AAo?$AAS?$AAt?$AAo?$AAr?$AAe@ 10001910     certui.obj
 0001:00000958       ??_C@_1EC@GHPIOIPJ@?$AAC?$AAe?$AAr?$AAt?$AAA?$AAd?$AAd?$AAC?$AAe?$AAr?$AAt?$AAi?$AAf?$AAi?$AAc?$AAa?$AAt?$AAe?$AAC?$AAo?$AAn?$AAt?$AAe?$AAx?$AAt?$AAT?$AAo?$AAS?$AAt?$AAo?$AAr?$AAe@ 10001958     certui.obj
 0001:0000099c       ??_C@_1DG@IJPADMDC@?$AAC?$AAe?$AAr?$AAt?$AAC?$AAo?$AAm?$AAp?$AAa?$AAr?$AAe?$AAC?$AAe?$AAr?$AAt?$AAi?$AAf?$AAi?$AAc?$AAa?$AAt?$AAe?$AAN?$AAa?$AAm?$AAe?$AA?$AA@ 1000199c     certui.obj
 0001:000009d4       ??_C@_1BO@NHMGJAID@?$AAC?$AAe?$AAr?$AAt?$AAN?$AAa?$AAm?$AAe?$AAT?$AAo?$AAS?$AAt?$AAr?$AAW?$AA?$AA@ 100019d4     certui.obj
 0001:000009f4       ??_C@_1DA@LDOPMIEJ@?$AAC?$AAe?$AAr?$AAt?$AAG?$AAe?$AAt?$AAE?$AAn?$AAh?$AAa?$AAn?$AAc?$AAe?$AAd?$AAK?$AAe?$AAy?$AAU?$AAs?$AAa?$AAg?$AAe?$AA?$AA@ 100019f4     certui.obj
 0001:00000a24       ??_C@_1CC@OPNCBMMJ@?$AAC?$AAr?$AAy?$AAp?$AAt?$AAF?$AAi?$AAn?$AAd?$AAO?$AAI?$AAD?$AAI?$AAn?$AAf?$AAo?$AA?$AA@ 10001a24     certui.obj
 0001:00000a48       ??_C@_1BI@MIELKEKL@?$AAc?$AAr?$AAy?$AAp?$AAt?$AA3?$AA2?$AA?4?$AAd?$AAl?$AAl?$AA?$AA@ 10001a48     certui.obj
 0001:00000a60       ??_C@_1CC@JPENPCAM@?$AA0?$AA1?$AA2?$AA3?$AA4?$AA5?$AA6?$AA7?$AA8?$AA9?$AAA?$AAB?$AAC?$AAD?$AAE?$AAF?$AA?$AA@ 10001a60     showcert.obj
 0001:00000b10       ??_C@_15JNBOKNOG@?$AA?$AN?$AA?6?$AA?$AA@ 10001b10     showcert.obj
 0001:00000b18       ??_C@_19HHMHINIL@?$AA?$CF?$AA0?$AA2?$AAX?$AA?$AA@ 10001b18     showcert.obj
 0001:00000b24       ??_C@_13HOIJIPNN@?$AA?5?$AA?$AA@ 10001b24     showcert.obj
 0001:00000b28       ??_C@_1CG@JIKKECNO@?$AAV?$AAa?$AAl?$AAi?$AAd?$AAa?$AAt?$AAe?$AAS?$AAe?$AAr?$AAv?$AAe?$AAr?$AAC?$AAe?$AAr?$AAt?$AA?$AA@ 10001b28     eaptlscfg.obj
 0001:00000b50       ??_C@_1CM@PIKLEGFL@?$AAT?$AAu?$AAn?$AAn?$AAe?$AAl?$AAe?$AAd?$AAE?$AAx?$AAt?$AAe?$AAn?$AAs?$AAi?$AAo?$AAn?$AAT?$AAy?$AAp?$AAe?$AA?$AA@ 10001b50     eaptlscfg.obj
 0001:00000b7c       ??_C@_1CM@NFBNEJOD@?$AAC?$AAo?$AAm?$AAm?$AA?2?$AAE?$AAA?$AAP?$AA?2?$AAE?$AAx?$AAt?$AAe?$AAn?$AAs?$AAi?$AAo?$AAn?$AA?2?$AA2?$AA5?$AA?$AA@ 10001b7c     eaptlscfg.obj
 0001:00000ba8       ??_C@_1DC@PJLLDPOG@?$AAC?$AAu?$AAr?$AAr?$AAe?$AAn?$AAt?$AAW?$AAi?$AAF?$AAi?$AAC?$AAp?$AAl?$AAM?$AAa?$AAi?$AAn?$AAW?$AAi?$AAn?$AAd?$AAo?$AAw?$AA?$AA@ 10001ba8     eaptlscfg.obj
 0001:00000bdc       ??_C@_1DC@BFIMCDJJ@?$AAS?$AAo?$AAf?$AAt?$AAw?$AAa?$AAr?$AAe?$AA?2?$AAM?$AAi?$AAc?$AAr?$AAo?$AAs?$AAo?$AAf?$AAt?$AA?2?$AAn?$AAe?$AAt?$AAu?$AAi?$AA?$AA@ 10001bdc     eaptlscfg.obj
 0001:00000c10       ??_C@_1CG@BKGGMACO@?$AAW?$AAi?$AAF?$AAi?$AAU?$AAi?$AAR?$AAe?$AAq?$AAu?$AAe?$AAs?$AAt?$AAE?$AAv?$AAe?$AAn?$AAt?$AA?$AA@ 10001c10     eaptlscfg.obj
 0001:00000c38       ??_C@_15ELPOAHMG@?$AAM?$AAY?$AA?$AA@ 10001c38     eaptlscfg.obj
 0001:00000c40       ??_C@_1CM@FANKCDPN@?$AAC?$AAo?$AAm?$AAm?$AA?2?$AAE?$AAA?$AAP?$AA?2?$AAE?$AAx?$AAt?$AAe?$AAn?$AAs?$AAi?$AAo?$AAn?$AA?2?$AA?$CF?$AAu?$AA?$AA@ 10001c40     eaptlscfg.obj
 0001:00000c6c       ??_C@_1BI@FCMLLAGN@?$AA?$CF?$AAd?$AA?4?$AA?$CF?$AAd?$AA?4?$AA?$CF?$AAd?$AA?4?$AA?$CF?$AAd?$AA?$AA@ 10001c6c     network.obj
 0001:00000c84       ??_C@_17NLOACHNB@?$AAD?$AAN?$AAS?$AA?$AA@ 10001c84     network.obj
 0001:00000c8c       ??_C@_19JNIFBICO@?$AAW?$AAI?$AAN?$AAS?$AA?$AA@ 10001c8c     network.obj
 0001:00000c98       ??_C@_1BE@FELOAGJB@?$AAI?$AAp?$AAA?$AAd?$AAd?$AAr?$AAe?$AAs?$AAs?$AA?$AA@ 10001c98     network.obj
 0001:00000cac       ??_C@_1BG@GEHIKCEG@?$AAS?$AAu?$AAb?$AAn?$AAe?$AAt?$AAm?$AAa?$AAs?$AAk?$AA?$AA@ 10001cac     network.obj
 0001:00000cc4       ??_C@_1BO@FIGFABFD@?$AAD?$AAe?$AAf?$AAa?$AAu?$AAl?$AAt?$AAG?$AAa?$AAt?$AAe?$AAw?$AAa?$AAy?$AA?$AA@ 10001cc4     network.obj
 0001:00000ce4       ??_C@_1BG@GPKEPLMJ@?$AAE?$AAn?$AAa?$AAb?$AAl?$AAe?$AAD?$AAH?$AAC?$AAP?$AA?$AA@ 10001ce4     network.obj
 0001:00000cfc       ??_C@_1BK@ENMBFFEE@?$AA?2?$AAP?$AAa?$AAr?$AAm?$AAs?$AA?2?$AAT?$AAc?$AAp?$AAI?$AAp?$AA?$AA@ 10001cfc     network.obj
 0001:00000d18       ??_C@_1BI@EEKPCHLN@?$AAD?$AAi?$AAs?$AAp?$AAl?$AAa?$AAy?$AAN?$AAa?$AAm?$AAe?$AA?$AA@ 10001d18     network.obj
 0001:00000d30       ??_C@_1M@JNGEBKJJ@?$AAC?$AAo?$AAm?$AAm?$AA?2?$AA?$AA@ 10001d30     network.obj
 0001:00000e84       ??_C@_13COJANIEC@?$AA0?$AA?$AA@ 10001e84     reg.obj
 0001:00000e88       ??_C@_15GANGMFKL@?$AA?$CF?$AAs?$AA?$AA@ 10001e88     reg.obj
 0001:00000f00       ??_C@_1DE@DKPMBKAG@?$AAE?$AAa?$AAp?$AAH?$AAo?$AAs?$AAt?$AAP?$AAe?$AAe?$AAr?$AAI?$AAn?$AAv?$AAo?$AAk?$AAe?$AAC?$AAo?$AAn?$AAf?$AAi?$AAg?$AAU?$AAI?$AA?$AA@ 10001f00     wzcui.obj
 0001:00000f34       ??_C@_1CM@CMHMJKHB@?$AAE?$AAa?$AAp?$AAH?$AAo?$AAs?$AAt?$AAP?$AAe?$AAe?$AAr?$AAG?$AAe?$AAt?$AAM?$AAe?$AAt?$AAh?$AAo?$AAd?$AAs?$AA?$AA@ 10001f34     wzcui.obj
 0001:00000f60       ??_C@_1CM@KKJAPABH@?$AAE?$AAa?$AAp?$AAH?$AAo?$AAs?$AAt?$AAP?$AAe?$AAe?$AAr?$AAF?$AAr?$AAe?$AAe?$AAM?$AAe?$AAm?$AAo?$AAr?$AAy?$AA?$AA@ 10001f60     wzcui.obj
 0001:00000f8c       ??_C@_1DG@GCCBFMNN@?$AAE?$AAa?$AAp?$AAH?$AAo?$AAs?$AAt?$AAP?$AAe?$AAe?$AAr?$AAF?$AAr?$AAe?$AAe?$AAE?$AAr?$AAr?$AAo?$AAr?$AAM?$AAe?$AAm?$AAo?$AAr?$AAy?$AA?$AA@ 10001f8c     wzcui.obj
 0001:00000fc4       ??_C@_1BI@PPHCOONG@?$AAE?$AAA?$AAP?$AAP?$AAC?$AAF?$AAG?$AA?4?$AAd?$AAl?$AAl?$AA?$AA@ 10001fc4     wzcui.obj
 0001:00000fdc       ??_C@_1BO@KEAMHHIL@?$AAS?$AAy?$AAs?$AAA?$AAl?$AAl?$AAo?$AAc?$AAS?$AAt?$AAr?$AAi?$AAn?$AAg?$AA?$AA@ 10001fdc     wzcui.obj
 0001:00000ffc       ??_C@_1CE@FGNAFLLL@?$AAS?$AAy?$AAs?$AAA?$AAl?$AAl?$AAo?$AAc?$AAS?$AAt?$AAr?$AAi?$AAn?$AAg?$AAL?$AAe?$AAn?$AA?$AA@ 10001ffc     wzcui.obj
 0001:00001020       ??_C@_1BM@IPMMHKAH@?$AAS?$AAy?$AAs?$AAF?$AAr?$AAe?$AAe?$AAS?$AAt?$AAr?$AAi?$AAn?$AAg?$AA?$AA@ 10002020     wzcui.obj
 0001:0000103c       ??_C@_1BK@CHGLGOMA@?$AAS?$AAy?$AAs?$AAS?$AAt?$AAr?$AAi?$AAn?$AAg?$AAL?$AAe?$AAn?$AA?$AA@ 1000203c     wzcui.obj
 0001:00001058       ??_C@_1BK@LEFPDCAJ@?$AAo?$AAl?$AAe?$AAa?$AAu?$AAt?$AA3?$AA2?$AA?4?$AAd?$AAl?$AAl?$AA?$AA@ 10002058     wzcui.obj
 0001:00001074       ??_C@_1BO@EDPAAENI@?$AAC?$AAo?$AAI?$AAn?$AAi?$AAt?$AAi?$AAa?$AAl?$AAi?$AAz?$AAe?$AAE?$AAx?$AA?$AA@ 10002074     wzcui.obj
 0001:00001094       ??_C@_1BO@BFFNMKBI@?$AAC?$AAo?$AAU?$AAn?$AAi?$AAn?$AAi?$AAt?$AAi?$AAa?$AAl?$AAi?$AAz?$AAe?$AA?$AA@ 10002094     wzcui.obj
 0001:000010b4       ??_C@_1CC@LBGBAMCN@?$AAC?$AAo?$AAC?$AAr?$AAe?$AAa?$AAt?$AAe?$AAI?$AAn?$AAs?$AAt?$AAa?$AAn?$AAc?$AAe?$AA?$AA@ 100020b4     wzcui.obj
 0001:000010d8       ??_C@_1BE@DPMNNGMJ@?$AAo?$AAl?$AAe?$AA3?$AA2?$AA?4?$AAd?$AAl?$AAl?$AA?$AA@ 100020d8     wzcui.obj
 0001:000010ec       ??_C@_1CM@LPMBJCPO@?$AAC?$AAm?$AAG?$AAe?$AAt?$AAC?$AAo?$AAn?$AAn?$AAe?$AAc?$AAt?$AAi?$AAo?$AAn?$AAC?$AAo?$AAn?$AAf?$AAi?$AAg?$AA?$AA@ 100020ec     wzcui.obj
 0001:00001118       ??_C@_1CM@IGHBGMFA@?$AAC?$AAm?$AAA?$AAd?$AAd?$AAC?$AAo?$AAn?$AAn?$AAe?$AAc?$AAt?$AAi?$AAo?$AAn?$AAC?$AAo?$AAn?$AAf?$AAi?$AAg?$AA?$AA@ 10002118     wzcui.obj
 0001:00001144       ??_C@_1DC@GJGGKABF@?$AAC?$AAm?$AAD?$AAe?$AAl?$AAe?$AAt?$AAe?$AAC?$AAo?$AAn?$AAn?$AAe?$AAc?$AAt?$AAi?$AAo?$AAn?$AAC?$AAo?$AAn?$AAf?$AAi?$AAg?$AA?$AA@ 10002144     wzcui.obj
 0001:00001178       ??_C@_1EA@GMCHHBLL@?$AAC?$AAm?$AAR?$AAe?$AAg?$AAi?$AAs?$AAt?$AAe?$AAr?$AAN?$AAo?$AAt?$AAi?$AAf?$AAi?$AAc?$AAa?$AAt?$AAi?$AAo?$AAn?$AAs?$AAL?$AAi?$AAs?$AAt?$AAe?$AAn?$AAe?$AAr?$AA?$AA@ 10002178     wzcui.obj
 0001:000011b8       ??_C@_1EE@GJFJNMHK@?$AAC?$AAm?$AAU?$AAn?$AAr?$AAe?$AAg?$AAi?$AAs?$AAt?$AAe?$AAr?$AAN?$AAo?$AAt?$AAi?$AAf?$AAi?$AAc?$AAa?$AAt?$AAi?$AAo?$AAn?$AAs?$AAL?$AAi?$AAs?$AAt?$AAe?$AAn?$AAe@ 100021b8     wzcui.obj
 0001:000011fc       ??_C@_1BO@BALBFLOM@?$AAC?$AAm?$AAC?$AAl?$AAo?$AAs?$AAe?$AAS?$AAe?$AAs?$AAs?$AAi?$AAo?$AAn?$AA?$AA@ 100021fc     wzcui.obj
 0001:0000121c       ??_C@_1DM@FPHCLECI@?$AAC?$AAm?$AAG?$AAe?$AAt?$AAT?$AAo?$AAU?$AAp?$AAd?$AAa?$AAt?$AAe?$AAC?$AAo?$AAn?$AAn?$AAe?$AAc?$AAt?$AAi?$AAo?$AAn?$AAC?$AAo?$AAn?$AAf?$AAi?$AAg?$AA?$AA@ 1000221c     wzcui.obj
 0001:00001258       ??_C@_1DC@BDHALJND@?$AAC?$AAm?$AAU?$AAp?$AAd?$AAa?$AAt?$AAe?$AAC?$AAo?$AAn?$AAn?$AAe?$AAc?$AAt?$AAi?$AAo?$AAn?$AAC?$AAo?$AAn?$AAf?$AAi?$AAg?$AA?$AA@ 10002258     wzcui.obj
 0001:0000128c       ??_C@_1CA@GAMBCEAI@?$AAC?$AAm?$AAC?$AAr?$AAe?$AAa?$AAt?$AAe?$AAS?$AAe?$AAs?$AAs?$AAi?$AAo?$AAn?$AA?$AA@ 1000228c     wzcui.obj
 0001:000012ac       ??_C@_1CE@EAMGMGLD@?$AAC?$AAm?$AAG?$AAe?$AAt?$AAN?$AAo?$AAt?$AAi?$AAf?$AAi?$AAc?$AAa?$AAt?$AAi?$AAo?$AAn?$AA?$AA@ 100022ac     wzcui.obj
 0001:000012d0       ??_C@_1CI@OJEPNJIE@?$AAC?$AAm?$AAR?$AAe?$AAl?$AAe?$AAa?$AAs?$AAe?$AAC?$AAo?$AAn?$AAn?$AAe?$AAc?$AAt?$AAi?$AAo?$AAn?$AA?$AA@ 100022d0     wzcui.obj
 0001:000012f8       ??_C@_1DM@MLLDADMM@?$AAC?$AAm?$AAG?$AAe?$AAt?$AAF?$AAi?$AAr?$AAs?$AAt?$AAC?$AAa?$AAn?$AAd?$AAi?$AAd?$AAa?$AAt?$AAe?$AAC?$AAo?$AAn?$AAn?$AAe?$AAc?$AAt?$AAi?$AAo?$AAn?$AA?$AA@ 100022f8     wzcui.obj
 0001:00001334       ??_C@_1DK@PNAIDCBH@?$AAC?$AAm?$AAG?$AAe?$AAt?$AAN?$AAe?$AAx?$AAt?$AAC?$AAa?$AAn?$AAd?$AAi?$AAd?$AAa?$AAt?$AAe?$AAC?$AAo?$AAn?$AAn?$AAe?$AAc?$AAt?$AAi?$AAo?$AAn?$AA?$AA@ 10002334     wzcui.obj
 0001:00001370       ??_C@_1DO@EMLEGIHO@?$AAC?$AAm?$AAG?$AAe?$AAt?$AAC?$AAo?$AAn?$AAn?$AAe?$AAc?$AAt?$AAi?$AAo?$AAn?$AAD?$AAe?$AAt?$AAa?$AAi?$AAl?$AAs?$AAB?$AAy?$AAH?$AAa?$AAn?$AAd?$AAl?$AAe?$AA?$AA@ 10002370     wzcui.obj
 0001:000013b0       ??_C@_1DK@LCMHHFOI@?$AAC?$AAm?$AAG?$AAe?$AAt?$AAC?$AAo?$AAn?$AAn?$AAe?$AAc?$AAt?$AAi?$AAo?$AAn?$AAD?$AAe?$AAt?$AAa?$AAi?$AAl?$AAs?$AAB?$AAy?$AAN?$AAa?$AAm?$AAe?$AA?$AA@ 100023b0     wzcui.obj
 0001:000013ec       ??_C@_1CI@FDKABBNC@?$AAC?$AAm?$AAA?$AAc?$AAq?$AAu?$AAi?$AAr?$AAe?$AAC?$AAo?$AAn?$AAn?$AAe?$AAc?$AAt?$AAi?$AAo?$AAn?$AA?$AA@ 100023ec     wzcui.obj
 0001:00001414       ??_C@_1DM@LIJBAABK@?$AAC?$AAm?$AAE?$AAn?$AAu?$AAm?$AAC?$AAo?$AAn?$AAn?$AAe?$AAc?$AAt?$AAi?$AAo?$AAn?$AAs?$AAC?$AAo?$AAn?$AAf?$AAi?$AAg?$AAB?$AAy?$AAT?$AAy?$AAp?$AAe?$AA?$AA@ 10002414     wzcui.obj
 0001:00001450       ??_C@_1BM@EFGGKPPF@?$AAC?$AAm?$AAS?$AAe?$AAt?$AAP?$AAr?$AAi?$AAo?$AAr?$AAi?$AAt?$AAy?$AA?$AA@ 10002450     wzcui.obj
 0001:0000146c       ??_C@_1BE@FJOFOEEF@?$AAc?$AAm?$AAn?$AAe?$AAt?$AA?4?$AAd?$AAl?$AAl?$AA?$AA@ 1000246c     wzcui.obj
 0001:00001480       ??_C@_1BO@IONGGIHH@?$AAW?$AAl?$AAa?$AAn?$AAO?$AAp?$AAe?$AAn?$AAH?$AAa?$AAn?$AAd?$AAl?$AAe?$AA?$AA@ 10002480     wzcui.obj
 0001:000014a0       ??_C@_1CA@LOPHBKKI@?$AAW?$AAl?$AAa?$AAn?$AAC?$AAl?$AAo?$AAs?$AAe?$AAH?$AAa?$AAn?$AAd?$AAl?$AAe?$AA?$AA@ 100024a0     wzcui.obj
 0001:000014c0       ??_C@_1CG@BHHGIIIL@?$AAW?$AAl?$AAa?$AAn?$AAE?$AAn?$AAu?$AAm?$AAI?$AAn?$AAt?$AAe?$AAr?$AAf?$AAa?$AAc?$AAe?$AAs?$AA?$AA@ 100024c0     wzcui.obj
 0001:000014e8       ??_C@_1CG@BFBBIGMN@?$AAW?$AAl?$AAa?$AAn?$AAQ?$AAu?$AAe?$AAr?$AAy?$AAI?$AAn?$AAt?$AAe?$AAr?$AAf?$AAa?$AAc?$AAe?$AA?$AA@ 100024e8     wzcui.obj
 0001:00001510       ??_C@_1DC@GICGJAGB@?$AAW?$AAl?$AAa?$AAn?$AAR?$AAe?$AAg?$AAi?$AAs?$AAt?$AAe?$AAr?$AAN?$AAo?$AAt?$AAi?$AAf?$AAi?$AAc?$AAa?$AAt?$AAi?$AAo?$AAn?$AA?$AA@ 10002510     wzcui.obj
 0001:00001544       ??_C@_1BC@LHCAFPHE@?$AAW?$AAl?$AAa?$AAn?$AAS?$AAc?$AAa?$AAn?$AA?$AA@ 10002544     wzcui.obj
 0001:00001558       ??_C@_1DI@NCFJANNN@?$AAW?$AAl?$AAa?$AAn?$AAG?$AAe?$AAt?$AAA?$AAv?$AAa?$AAi?$AAl?$AAa?$AAb?$AAl?$AAe?$AAN?$AAe?$AAt?$AAw?$AAo?$AAr?$AAk?$AAL?$AAi?$AAs?$AAt?$AA?$AA@ 10002558     wzcui.obj
 0001:00001590       ??_C@_1BO@KCEDAOAN@?$AAW?$AAl?$AAa?$AAn?$AAF?$AAr?$AAe?$AAe?$AAM?$AAe?$AAm?$AAo?$AAr?$AAy?$AA?$AA@ 10002590     wzcui.obj
 0001:000015b0       ??_C@_1BI@BKLPIPKO@?$AAw?$AAl?$AAa?$AAn?$AAa?$AAp?$AAi?$AA?4?$AAd?$AAl?$AAl?$AA?$AA@ 100025b0     wzcui.obj
 0001:000015c8       ??_C@_00CNPNBAHC@?$AA@     100025c8     wzcui.obj
 0001:000015cc       Bluetooth_Base_UUID        100025cc     btmgmtui.obj
 0001:000015dc       RFCOMM_PROTOCOL_UUID       100025dc     btmgmtui.obj
 0001:000015ec       HeadsetServiceClass_UUID   100025ec     btmgmtui.obj
 0001:000015fc       HandsfreeServiceClass_UUID 100025fc     btmgmtui.obj
 0001:0000162c       _GUID_a6ecd9fb_0c7a_41a3_9ff0_0b617e989357 1000262c     btmgmtui.obj
 0001:0000163c       _GUID_249797fa_19db_4dda_94d4_e0bcd30ea65e 1000263c     btmgmtui.obj
 0001:0000164c       ??_C@_1M@DJFDNGE@?$AA?$CF?$AAs?$AA?5?$AA?$CF?$AAd?$AA?$AA@ 1000264c     btmgmtui.obj
 0001:00001658       ??_C@_1BM@KINMMAFP@?$AA?$CF?$AAs?$AA?5?$AA?$CI?$AA?$CF?$AA0?$AA4?$AAx?$AA?$CF?$AA0?$AA8?$AAx?$AA?$CJ?$AA?$AA@ 10002658     btmgmtui.obj
 0001:00001674       ??_C@_17MCIPGPKE@?$AAp?$AAi?$AAn?$AA?$AA@ 10002674     btmgmtui.obj
 0001:0000167c       ??_C@_17FJFCONIE@?$AAk?$AAe?$AAy?$AA?$AA@ 1000267c     btmgmtui.obj
 0001:00001688       ??_C@_1EM@BJNPJMF@?$AAs?$AAo?$AAf?$AAt?$AAw?$AAa?$AAr?$AAe?$AA?2?$AAm?$AAi?$AAc?$AAr?$AAo?$AAs?$AAo?$AAf?$AAt?$AA?2?$AAb?$AAl?$AAu?$AAe?$AAt?$AAo?$AAo?$AAt?$AAh?$AA?2?$AAs?$AAe?$AAc@ 10002688     btmgmtui.obj
 0001:000016d4       ??_C@_1BE@ILNOGHBK@?$AA?$CF?$AAs?$AA?5?$AA?$CF?$AAd?$AA?5?$AA?$CF?$AAs?$AA?6?$AA?$AA@ 100026d4     btmgmtui.obj
 0001:000016e8       ??_C@_1DC@HJABAFOB@?$AAf?$AAi?$AAl?$AAe?$AA?3?$AAc?$AAt?$AAp?$AAn?$AAl?$AA?4?$AAh?$AAt?$AAm?$AA?$CD?$AAb?$AAl?$AAu?$AAe?$AAt?$AAo?$AAo?$AAt?$AAh?$AA?$AA@ 100026e8     btmgmtui.obj
 0001:0000171c       ??_C@_1BO@CFJHEENC@?$AAC?$AAo?$AAT?$AAa?$AAs?$AAk?$AAM?$AAe?$AAm?$AAA?$AAl?$AAl?$AAo?$AAc?$AA?$AA@ 1000271c     btmgmtui.obj
 0001:0000173c       ??_C@_1BM@HJFDGKHF@?$AAC?$AAo?$AAT?$AAa?$AAs?$AAk?$AAM?$AAe?$AAm?$AAF?$AAr?$AAe?$AAe?$AA?$AA@ 1000273c     btmgmtui.obj
 0001:00001758       ??_C@_1CM@NANECLFO@?$AAB?$AAt?$AAh?$AAN?$AAs?$AAL?$AAo?$AAo?$AAk?$AAu?$AAp?$AAS?$AAe?$AAr?$AAv?$AAi?$AAc?$AAe?$AAE?$AAn?$AAd?$AA?$AA@ 10002758     btmgmtui.obj
 0001:00001784       ??_C@_1BM@MAMGNDGM@?$AAB?$AAt?$AAh?$AAG?$AAe?$AAt?$AAL?$AAi?$AAn?$AAk?$AAK?$AAe?$AAy?$AA?$AA@ 10002784     btmgmtui.obj
 0001:000017a0       ??_C@_1CO@LNEHELME@?$AAB?$AAt?$AAh?$AAN?$AAs?$AAL?$AAo?$AAo?$AAk?$AAu?$AAp?$AAS?$AAe?$AAr?$AAv?$AAi?$AAc?$AAe?$AAN?$AAe?$AAx?$AAt?$AA?$AA@ 100027a0     btmgmtui.obj
 0001:000017d0       ??_C@_1DA@IKLIMIGG@?$AAB?$AAt?$AAh?$AAN?$AAs?$AAL?$AAo?$AAo?$AAk?$AAu?$AAp?$AAS?$AAe?$AAr?$AAv?$AAi?$AAc?$AAe?$AAB?$AAe?$AAg?$AAi?$AAn?$AA?$AA@ 100027d0     btmgmtui.obj
 0001:00001800       ??_C@_1CA@KIBMOLM@?$AAB?$AAt?$AAh?$AAA?$AAu?$AAt?$AAh?$AAe?$AAn?$AAt?$AAi?$AAc?$AAa?$AAt?$AAe?$AA?$AA@ 10002800     btmgmtui.obj
 0001:00001820       ??_C@_1BE@JFANLELO@?$AAB?$AAt?$AAh?$AAS?$AAe?$AAt?$AAP?$AAI?$AAN?$AA?$AA@ 10002820     btmgmtui.obj
 0001:00001834       ??_C@_1CC@JOOOKGAH@?$AAB?$AAt?$AAh?$AAR?$AAe?$AAv?$AAo?$AAk?$AAe?$AAL?$AAi?$AAn?$AAk?$AAK?$AAe?$AAy?$AA?$AA@ 10002834     btmgmtui.obj
 0001:00001858       ??_C@_1BK@JGLNKKFM@?$AAB?$AAt?$AAh?$AAR?$AAe?$AAv?$AAo?$AAk?$AAe?$AAP?$AAI?$AAN?$AA?$AA@ 10002858     btmgmtui.obj
 0001:00001874       ??_C@_1CO@HNMPNJCO@?$AAB?$AAt?$AAh?$AAC?$AAr?$AAe?$AAa?$AAt?$AAe?$AAA?$AAC?$AAL?$AAC?$AAo?$AAn?$AAn?$AAe?$AAc?$AAt?$AAi?$AAo?$AAn?$AA?$AA@ 10002874     btmgmtui.obj
 0001:000018a4       ??_C@_1CG@DCFIGEPD@?$AAB?$AAt?$AAh?$AAC?$AAl?$AAo?$AAs?$AAe?$AAC?$AAo?$AAn?$AAn?$AAe?$AAc?$AAt?$AAi?$AAo?$AAn?$AA?$AA@ 100028a4     btmgmtui.obj
 0001:000018cc       ??_C@_1BE@BNOOLHHG@?$AAb?$AAt?$AAd?$AAr?$AAt?$AA?4?$AAd?$AAl?$AAl?$AA?$AA@ 100028cc     btmgmtui.obj
 0001:000018e0       ??_C@_1O@CFJIAAME@?$AAD?$AAi?$AAa?$AAl?$AAo?$AAg?$AA?$AA@ 100028e0     btmgmtui.obj
 0001:000018f0       ??_C@_1BE@OLFNPNMB@?$AAb?$AAt?$AAh?$AAm?$AAg?$AAm?$AAt?$AAu?$AAi?$AA?$AA@ 100028f0     btmgmtui.obj
 0001:00001904       ??_C@_17LGKOMLJ@?$AA?4?$AA?4?$AA?4?$AA?$AA@ 10002904     WzcQuickCfgUi.obj
 0001:0000190c       ??_C@_1BA@OJFOBGOM@?$AA0?$AA?4?$AA0?$AA?4?$AA0?$AA?4?$AA0?$AA?$AA@ 1000290c     IpQuickCfgUi.obj
 0001:0000191c       ??_C@_1BA@JLKPEFKF@?$AA?$CF?$AAs?$AA?5?$AA?$CF?$AA0?$AA2?$AAX?$AA?$AA@ 1000291c     IpQuickCfgUi.obj
 0001:0000194c       ??_C@_1M@OCFACEGK@?$AAU?$AAI?$AAO?$AA1?$AA?3?$AA?$AA@ 1000294c     QuickConfigUi.obj
 0001:00001958       ??_C@_1DC@NKNBBBBB@?$AAC?$AAo?$AAm?$AAm?$AA?2?$AAA?$AAd?$AAa?$AAp?$AAt?$AAe?$AAr?$AAN?$AAa?$AAm?$AAe?$AAM?$AAa?$AAp?$AAp?$AAi?$AAn?$AAg?$AAs?$AA?$AA@ 10002958     QuickConfigUi.obj
 0001:00001990       cszSpaces                  10002990     WzcLogging.obj
 0001:000019e4       ??_C@_1BC@BPPDLLLO@?$AAO?$AAl?$AAd?$AAI?$AAn?$AAd?$AAe?$AAx?$AA?$AA@ 100029e4     WzcLogging.obj
 0001:000019f8       ??_C@_1BC@DHAJBKDG@?$AAN?$AAe?$AAw?$AAI?$AAn?$AAd?$AAe?$AAx?$AA?$AA@ 100029f8     WzcLogging.obj
 0001:00001a0c       ??_C@_1BE@GIPNOPEH@?$AAQ?$AAu?$AAe?$AAu?$AAe?$AAD?$AAa?$AAt?$AAa?$AA?$AA@ 10002a0c     WzcLogging.obj
 0001:00001a20       ??_C@_1DG@EGFPKMHI@?$AAD?$AAr?$AAi?$AAv?$AAe?$AAr?$AAs?$AA?2?$AAB?$AAu?$AAi?$AAl?$AAt?$AAI?$AAn?$AA?2?$AAE?$AAt?$AAh?$AAm?$AAa?$AAn?$AA?2?$AAL?$AAo?$AAg?$AA?$AA@ 10002a20     WzcLogging.obj
 0001:00001a58       ??_C@_1DC@OBAJPCDB@?$AA?$FL?$AA?$CF?$AA0?$AA2?$AAd?$AA?3?$AA?$CF?$AA0?$AA2?$AAd?$AA?3?$AA?$CF?$AA0?$AA2?$AAd?$AA?5?$AA?9?$AA?5?$AA?$CF?$AAs?$AA?$FN?$AA?5?$AA?$CF?$AAs?$AA?$AA@ 10002a58     WzcLogging.obj
 0001:00001a8c       ??_C@_1M@EDNJBBP@?$AAP?$AAo?$AAp?$AAu?$AAp?$AA?$AA@ 10002a8c     WzcPopup.obj
 0001:00001a98       ??_C@_1BA@BKONPLFM@?$AAT?$AAi?$AAm?$AAe?$AAo?$AAu?$AAt?$AA?$AA@ 10002a98     WzcPopup.obj
 0001:00001aa8       ??_C@_1DK@KJHLPADK@?$AAD?$AAr?$AAi?$AAv?$AAe?$AAr?$AAs?$AA?2?$AAB?$AAu?$AAi?$AAl?$AAt?$AAi?$AAn?$AA?2?$AAE?$AAt?$AAh?$AAm?$AAa?$AAn?$AA?2?$AAP?$AAo?$AAp?$AAu?$AAp?$AA?$AA@ 10002aa8     WzcPopup.obj
 0001:00001ae8       ??_C@_1EA@COLBKNFP@?$AAN?$AAe?$AAt?$AAU?$AAI?$AA?5?$AAt?$AAr?$AAa?$AAn?$AAs?$AAd?$AAi?$AAa?$AAl?$AAo?$AAg?$AA?5?$AAw?$AAr?$AAa?$AAp?$AAp?$AAe?$AAr?$AA?5?$AAe?$AAv?$AAe?$AAn?$AAt?$AA?$AA@ 10002ae8     transdlg_wrapper.obj
 0001:00001b58       ??_C@_13EBCNDICG@?$AA?3?$AA?$AA@ 10002b58     nwprofilehelper.obj
 0001:00001b5c       _GUID_2933bf81_7b36_11d2_b20e_00c04f983e60 10002b5c     nwprofilehelper.obj
 0001:00001b6c       _GUID_00000000_0000_0000_c000_000000000046 10002b6c     nwprofilehelper.obj
 0001:00001b7c       _GUID_2933bf90_7b36_11d2_b20e_00c04f983e60 10002b7c     nwprofilehelper.obj
 0001:00001b8c       ??_C@_1BA@HABJOAEE@?$AAU?$AAN?$AAK?$AAN?$AAO?$AAW?$AAN?$AA?$AA@ 10002b8c     btenum:btenum.obj
 0001:00001b9c       ??_C@_1BE@OJLLDPHP@?$AAH?$AAa?$AAn?$AAd?$AAs?$AAf?$AAr?$AAe?$AAe?$AA?$AA@ 10002b9c     btenum:btenum.obj
 0001:00001bb0       ??_C@_17HADECFJH@?$AAP?$AAA?$AAN?$AA?$AA@ 10002bb0     btenum:btenum.obj
 0001:00001bb8       ??_C@_17FMIEGNAA@?$AAH?$AAI?$AAD?$AA?$AA@ 10002bb8     btenum:btenum.obj
 0001:00001bc0       ??_C@_1BG@HEOKBGAE@?$AAA?$AAc?$AAt?$AAi?$AAv?$AAe?$AAS?$AAy?$AAn?$AAc?$AA?$AA@ 10002bc0     btenum:btenum.obj
 0001:00001bd8       ??_C@_1BA@LDBHIHGH@?$AAH?$AAe?$AAa?$AAd?$AAs?$AAe?$AAt?$AA?$AA@ 10002bd8     btenum:btenum.obj
 0001:00001be8       ??_C@_19EJFALCKG@?$AAO?$AAB?$AAE?$AAX?$AA?$AA@ 10002be8     btenum:btenum.obj
 0001:00001bf4       ??_C@_1BG@PLDOAIIB@?$AAf?$AAi?$AAl?$AAe?$AA_?$AAt?$AAr?$AAa?$AAn?$AAs?$AA?$AA@ 10002bf4     btenum:btenum.obj
 0001:00001c0c       ??_C@_1BG@BKCKEFNB@?$AAl?$AAa?$AAn?$AA_?$AAa?$AAc?$AAc?$AAe?$AAs?$AAs?$AA?$AA@ 10002c0c     btenum:btenum.obj
 0001:00001c24       ??_C@_1BA@MODHLJF@?$AAp?$AAr?$AAi?$AAn?$AAt?$AAe?$AAr?$AA?$AA@ 10002c24     btenum:btenum.obj
 0001:00001c34       ??_C@_1M@NHOPBEPN@?$AAm?$AAo?$AAd?$AAe?$AAm?$AA?$AA@ 10002c34     btenum:btenum.obj
 0001:00001c40       ??_C@_1O@JAAIGEPE@?$AAB?$AAT?$AAP?$AAA?$AAN?$AA1?$AA?$AA@ 10002c40     btenum:btenum.obj
 0001:00001c50       ??_C@_1DM@HPHKBEC@?$AAC?$AAO?$AAM?$AAM?$AA?2?$AA?$CF?$AAs?$AA?2?$AAA?$AAs?$AAs?$AAo?$AAc?$AAi?$AAa?$AAt?$AAi?$AAo?$AAn?$AAs?$AA?2?$AA?$CF?$AA0?$AA4?$AAx?$AA?$CF?$AA0?$AA8?$AAx?$AA?$AA@ 10002c50     btenum:btenum.obj
 0001:00001c8c       ??_C@_1BC@CKGHAGHJ@?$AA?$CF?$AA0?$AA4?$AAx?$AA?$CF?$AA0?$AA8?$AAx?$AA?$AA@ 10002c8c     btenum:btenum.obj
 0001:00001ca0       ??_C@_1BA@LDPMAPOD@?$AAA?$AAd?$AAd?$AAr?$AAe?$AAs?$AAs?$AA?$AA@ 10002ca0     btenum:btenum.obj
 0001:00001cb0       ??_C@_1GG@HENFDGCJ@?$AA?$HL?$AA?$CF?$AA0?$AA8?$AAx?$AA?9?$AA?$CF?$AA0?$AA4?$AAx?$AA?9?$AA?$CF?$AA0?$AA4?$AAx?$AA?9?$AA?$CF?$AA0?$AA2?$AAx?$AA?$CF?$AA0?$AA2?$AAx?$AA?9?$AA?$CF?$AA0?$AA2?$AAx?$AA?$CF?$AA0?$AA2@ 10002cb0     btenum:btenum.obj
 0001:00001d18       ??_C@_1BE@EINEJJHA@?$AAS?$AAe?$AAr?$AAv?$AAi?$AAc?$AAe?$AAI?$AAd?$AA?$AA@ 10002d18     btenum:btenum.obj
 0001:00001d2c       ??_C@_1BK@BPOFCLJO@?$AAP?$AAA?$AAN?$AA?$EA?$AA?$CF?$AA0?$AA4?$AAx?$AA?$CF?$AA0?$AA8?$AAx?$AA?$AA@ 10002d2c     btenum:btenum.obj
 0001:00001d48       ??_C@_19KJNOMKCJ@?$AAS?$AAS?$AAI?$AAD?$AA?$AA@ 10002d48     btenum:btenum.obj
 0001:00001d54       ??_C@_1BC@JHNNEHFE@?$AAP?$AAr?$AAi?$AAo?$AAr?$AAi?$AAt?$AAy?$AA?$AA@ 10002d54     btenum:btenum.obj
 0001:00001d68       ??_C@_1BI@IJEEFKGI@?$AAA?$AAd?$AAa?$AAp?$AAt?$AAe?$AAr?$AAN?$AAa?$AAm?$AAe?$AA?$AA@ 10002d68     btenum:btenum.obj
 0001:00001d80       ??_C@_1BO@BLMJBFPF@?$AAD?$AAe?$AAf?$AAa?$AAu?$AAl?$AAt?$AAE?$AAn?$AAc?$AAr?$AAy?$AAp?$AAt?$AA?$AA@ 10002d80     btenum:btenum.obj
 0001:00001da0       ??_C@_1BI@GGLAKNFJ@?$AAD?$AAe?$AAf?$AAa?$AAu?$AAl?$AAt?$AAA?$AAu?$AAt?$AAh?$AA?$AA@ 10002da0     btenum:btenum.obj
 0001:00001db8       ??_C@_1BG@HJNFKHBP@?$AAD?$AAe?$AAf?$AAa?$AAu?$AAl?$AAt?$AAM?$AAt?$AAu?$AA?$AA@ 10002db8     btenum:btenum.obj
 0001:00001dd0       ??_C@_1EI@FMECOCOO@?$AAs?$AAo?$AAf?$AAt?$AAw?$AAa?$AAr?$AAe?$AA?2?$AAm?$AAi?$AAc?$AAr?$AAo?$AAs?$AAo?$AAf?$AAt?$AA?2?$AAb?$AAl?$AAu?$AAe?$AAt?$AAo?$AAo?$AAt?$AAh?$AA?2?$AAd?$AAe?$AAv@ 10002dd0     btenum:btenum.obj
 0001:00001e18       ??_C@_1CM@ONMBNBDF@?$AAR?$AAa?$AAs?$AAG?$AAe?$AAt?$AAE?$AAn?$AAt?$AAr?$AAy?$AAP?$AAr?$AAo?$AAp?$AAe?$AAr?$AAt?$AAi?$AAe?$AAs?$AA?$AA@ 10002e18     btenum:btenum.obj
 0001:00001e44       ??_C@_1CM@DMDNPBD@?$AAR?$AAa?$AAs?$AAS?$AAe?$AAt?$AAE?$AAn?$AAt?$AAr?$AAy?$AAP?$AAr?$AAo?$AAp?$AAe?$AAr?$AAt?$AAi?$AAe?$AAs?$AA?$AA@ 10002e44     btenum:btenum.obj
 0001:00001e70       ??_C@_1CM@BKFCDFJK@?$AAR?$AAa?$AAs?$AAS?$AAe?$AAt?$AAE?$AAn?$AAt?$AAr?$AAy?$AAD?$AAi?$AAa?$AAl?$AAP?$AAa?$AAr?$AAa?$AAm?$AAs?$AA?$AA@ 10002e70     btenum:btenum.obj
 0001:00001e9c       ??_C@_1BO@DOJMFNO@?$AAR?$AAa?$AAs?$AAD?$AAe?$AAl?$AAe?$AAt?$AAe?$AAE?$AAn?$AAt?$AAr?$AAy?$AA?$AA@ 10002e9c     btenum:btenum.obj
 0001:00001ebc       ??_C@_1BG@BBPPJFEC@?$AAs?$AAd?$AAp?$AA_?$AAr?$AAe?$AAc?$AAo?$AAr?$AAd?$AA?$AA@ 10002ebc     btenum:btenum.obj
 0001:00001ed4       ??_C@_19HHIIBINK@?$AAn?$AAa?$AAm?$AAe?$AA?$AA@ 10002ed4     btenum:btenum.obj
 0001:00001ee0       ??_C@_1BE@KAELLDHI@?$AAp?$AAo?$AAr?$AAt?$AA_?$AAn?$AAa?$AAm?$AAe?$AA?$AA@ 10002ee0     btenum:btenum.obj
 0001:00001ef4       ??_C@_1BA@CMDIGMLP@?$AAc?$AAh?$AAa?$AAn?$AAn?$AAe?$AAl?$AA?$AA@ 10002ef4     btenum:btenum.obj
 0001:00001f04       ??_C@_1BK@OFMOFJDM@?$AAh?$AAi?$AAd?$AA_?$AAs?$AAu?$AAb?$AAc?$AAl?$AAa?$AAs?$AAs?$AA?$AA@ 10002f04     btenum:btenum.obj
 0001:00001f20       ??_C@_17BNGBIKIF@?$AAm?$AAt?$AAu?$AA?$AA@ 10002f20     btenum:btenum.obj
 0001:00001f28       ??_C@_1O@IBNPCBAA@?$AAa?$AAc?$AAt?$AAi?$AAv?$AAe?$AA?$AA@ 10002f28     btenum:btenum.obj
 0001:00001f38       ??_C@_19KIMBPHAI@?$AAa?$AAu?$AAt?$AAh?$AA?$AA@ 10002f38     btenum:btenum.obj
 0001:00001f44       ??_C@_1BA@OGAKGFHO@?$AAe?$AAn?$AAc?$AAr?$AAy?$AAp?$AAt?$AA?$AA@ 10002f44     btenum:btenum.obj
 0001:00001f54       ??_C@_1O@MKHGGFNC@?$AAh?$AAa?$AAn?$AAd?$AAl?$AAe?$AA?$AA@ 10002f54     btenum:btenum.obj
 0001:00001f68       ??_C@_1GE@OHKGHNPL@?$AA?$HL?$AA?$CF?$AA0?$AA8?$AAx?$AA?9?$AA?$CF?$AA0?$AA4?$AAx?$AA?9?$AA?$CF?$AA0?$AA4?$AAx?$AA?9?$AA?$CF?$AA0?$AA2?$AAx?$AA?$CF?$AA0?$AA2?$AAx?$AA?$CF?$AA0?$AA2?$AAx?$AA?$CF?$AA0?$AA2?$AAx@ 10002f68     btenum:btenum.obj
 0001:00001fcc       ??_C@_1BG@JMHNMDCH@?$AAs?$AAe?$AAr?$AAv?$AAi?$AAc?$AAe?$AA_?$AAi?$AAd?$AA?$AA@ 10002fcc     btenum:btenum.obj
 0001:00001fe8       ??_C@_1GA@BLKLAHNA@?$AAs?$AAo?$AAf?$AAt?$AAw?$AAa?$AAr?$AAe?$AA?2?$AAm?$AAi?$AAc?$AAr?$AAo?$AAs?$AAo?$AAf?$AAt?$AA?2?$AAb?$AAl?$AAu?$AAe?$AAt?$AAo?$AAo?$AAt?$AAh?$AA?2?$AAd?$AAe?$AAv@ 10002fe8     btenum:btenum.obj
 0001:00002048       ??_C@_1M@HICBJBAF@?$AAB?$AAH?$AAI?$AA0?$AA?3?$AA?$AA@ 10003048     btenum:btenum.obj
 0001:00002058       ??_C@_1FG@BGELHJGI@?$AAS?$AAo?$AAf?$AAt?$AAw?$AAa?$AAr?$AAe?$AA?2?$AAM?$AAi?$AAc?$AAr?$AAo?$AAs?$AAo?$AAf?$AAt?$AA?2?$AAB?$AAl?$AAu?$AAe?$AAt?$AAo?$AAo?$AAt?$AAh?$AA?2?$AAH?$AAi?$AAd@ 10003058     btenum:btenum.obj
 0001:000020b0       ??_C@_1FE@PJDOIFFC@?$AAS?$AAo?$AAf?$AAt?$AAw?$AAa?$AAr?$AAe?$AA?2?$AAM?$AAi?$AAc?$AAr?$AAo?$AAs?$AAo?$AAf?$AAt?$AA?2?$AAB?$AAl?$AAu?$AAe?$AAt?$AAo?$AAo?$AAt?$AAh?$AA?2?$AAH?$AAi?$AAd@ 100030b0     btenum:btenum.obj
 0001:00002104       ??_C@_1BG@NMAINAMK@?$AA?$GA?$AAB?$AAl?$AAu?$AAe?$AAt?$AAo?$AAo?$AAt?$AAh?$AA?$AA@ 10003104     btenum:btenum.obj
 0001:0000211c       ??_C@_1O@KHGOPIBK@?$AAp?$AAo?$AAr?$AAt?$AA?$CF?$AAd?$AA?$AA@ 1000311c     btenum:btenum.obj
 0001:0000212c       ??_C@_1BO@IBNMLPN@?$AAP?$AAr?$AAi?$AAn?$AAt?$AAe?$AAr?$AAs?$AA?2?$AAP?$AAo?$AAr?$AAt?$AAs?$AA?$AA@ 1000312c     btenum:btenum.obj
 0001:0000214c       ??_C@_1O@MBAHICGL@?$AAB?$AAS?$AAP?$AA?$CF?$AAd?$AA?3?$AA?$AA@ 1000314c     btenum:btenum.obj
 0001:0000215c       ??_C@_1BG@GFCMPDMO@?$AAd?$AAe?$AAv?$AAi?$AAc?$AAe?$AAt?$AAy?$AAp?$AAe?$AA?$AA@ 1000315c     btenum:btenum.obj
 0001:00002174       ??_C@_1BK@NFAMBODO@?$AAf?$AAr?$AAi?$AAe?$AAn?$AAd?$AAl?$AAy?$AAn?$AAa?$AAm?$AAe?$AA?$AA@ 10003174     btenum:btenum.obj
 0001:00002190       ??_C@_1BK@PKKGKJBJ@?$AAu?$AAn?$AAi?$AAm?$AAo?$AAd?$AAe?$AAm?$AA?4?$AAd?$AAl?$AAl?$AA?$AA@ 10003190     btenum:btenum.obj
 0001:000021ac       ??_C@_17FEEOGAAP@?$AAt?$AAs?$AAp?$AA?$AA@ 100031ac     btenum:btenum.obj
 0001:000021b4       ??_C@_1BC@NNPLODDF@?$AAu?$AAn?$AAi?$AAm?$AAo?$AAd?$AAe?$AAm?$AA?$AA@ 100031b4     btenum:btenum.obj
 0001:000021c8       ??_C@_1BA@HOMBGNNP@?$AAb?$AAt?$AAd?$AA?4?$AAd?$AAl?$AAl?$AA?$AA@ 100031c8     btenum:btenum.obj
 0001:000021d8       ??_C@_17MALKAJEN@?$AAd?$AAl?$AAl?$AA?$AA@ 100031d8     btenum:btenum.obj
 0001:000021e0       ??_C@_17LAHCJAPN@?$AAB?$AAS?$AAP?$AA?$AA@ 100031e0     btenum:btenum.obj
 0001:000021e8       ??_C@_1O@KMGAJKPP@?$AAp?$AAr?$AAe?$AAf?$AAi?$AAx?$AA?$AA@ 100031e8     btenum:btenum.obj
 0001:000021f8       ??_C@_1M@FMOMODBB@?$AAi?$AAn?$AAd?$AAe?$AAx?$AA?$AA@ 100031f8     btenum:btenum.obj
 0001:00002204       ??_C@_1BA@HMGCDKEM@?$AAc?$AAo?$AAn?$AAt?$AAe?$AAx?$AAt?$AA?$AA@ 10003204     btenum:btenum.obj
 0001:00002218       ??_C@_1FK@EKPAGIJN@?$AAs?$AAo?$AAf?$AAt?$AAw?$AAa?$AAr?$AAe?$AA?2?$AAm?$AAi?$AAc?$AAr?$AAo?$AAs?$AAo?$AAf?$AAt?$AA?2?$AAb?$AAl?$AAu?$AAe?$AAt?$AAo?$AAo?$AAt?$AAh?$AA?2?$AAd?$AAe?$AAv@ 10003218     btenum:btenum.obj
 0001:00002274       ??_C@_1BA@IELBACJJ@?$AAS?$AAe?$AAr?$AAv?$AAi?$AAc?$AAe?$AA?$AA@ 10003274     btenum:btenum.obj
 0001:00002288       ??_C@_1GI@PGODFBNI@?$AAS?$AAO?$AAF?$AAT?$AAW?$AAA?$AAR?$AAE?$AA?2?$AAM?$AAi?$AAc?$AAr?$AAo?$AAs?$AAo?$AAf?$AAt?$AA?2?$AAB?$AAl?$AAu?$AAe?$AAt?$AAo?$AAo?$AAt?$AAh?$AA?2?$AAA?$AAu?$AAd@ 10003288     btenum:btenum.obj
 0001:000022f0       ??_C@_1O@OEEGBNG@?$AAd?$AAi?$AAr?$AAe?$AAc?$AAt?$AA?$AA@ 100032f0     btenum:btenum.obj
 0001:00002300       ??_C@_1M@DJGABELA@?$AAg?$AAu?$AAe?$AAs?$AAt?$AA?$AA@ 10003300     btenum:btenum.obj
 0001:00002330       InitCommCtrlTable          10003330 f i netui.obj
 0001:0000250c       EnsureCommCtrlLoaded       1000350c f   netui.obj
 0001:00002548       DllEntry                   10003548 f   netui.obj
 0001:000025a0       GetNetStringSize           100035a0 f   netui.obj
 0001:000025d8       GetNetString               100035d8 f   netui.obj
 0001:00002604       NetMsgBox                  10003604 f   netui.obj
 0001:00002714       DlgProcIPAddr              10003714 f   getip.obj
 0001:000027ec       GetIPAddress               100037ec f   getip.obj
 0001:0000284c       RuiUserMessage             1000384c f   ipaddr.obj
 0001:00002908       UnregisterIPClass          10003908 f   ipaddr.obj
 0001:00002920       EnterField                 10003920 f   ipaddr.obj
 0001:000029cc       PadField                   100039cc f   ipaddr.obj
 0001:00002aa0       GetFieldValue              10003aa0 f   ipaddr.obj
 0001:00002b70       ExitField                  10003b70 f   ipaddr.obj
 0001:00002cd8       IPAddressFieldProc         10003cd8 f   ipaddr.obj
 0001:00003180       IPAddressWndFn             10004180 f   ipaddr.obj
 0001:000038b8       RegisterIPClass            100048b8 f   ipaddr.obj
 0001:00003928       DisallowSavedPasswords     10004928 f   getuser.obj
 0001:000039a8       CommonUserPasswordDialogFunc 100049a8 f   getuser.obj
 0001:00003a78       CommonUserPasswordDialogBox 10004a78 f   getuser.obj
 0001:00003b64       SplitDomainUser            10004b64 f   getuser.obj
 0001:00003c48       MakeDomainUser             10004c48 f   getuser.obj
 0001:00003d14       CachedCredentialDomainUser 10004d14 f   getuser.obj
 0001:00003df4       CacheDomainCredential      10004df4 f   getuser.obj
 0001:00003ec0       GetServerFromResource      10004ec0 f   getuser.obj
 0001:00003f60       GetUsernamePasswordInitDialog 10004f60 f   getuser.obj
 0001:000042dc       GetUsernamePasswordOKDialog 100052dc f   getuser.obj
 0001:00004498       GetUsernamePasswordEx      10005498 f   getuser.obj
 0001:00004544       GetUsernamePassword        10005544 f   getuser.obj
 0001:00004554       MessageBoxUsingIds         10005554 f   getuser.obj
 0001:000045dc       GetNewPasswordInitDialog   100055dc f   getuser.obj
 0001:000045fc       GetNewPasswordOKDialog     100055fc f   getuser.obj
 0001:000046c4       GetNewPasswordEx           100056c4 f   getuser.obj
 0001:000046fc       GetNewPassword             100056fc f   getuser.obj
 0001:00004704       CloseUsernamePasswordDialog 10005704 f   getuser.obj
 0001:00004714       PortSettingsDlgProc        10005714 f   linecnfg.obj
 0001:000051d0       CallOptionsDlgProc         100061d0 f   linecnfg.obj
 0001:000057c0       PropSheetProc              100067c0 f   linecnfg.obj
 0001:000057d0       LineConfigEdit             100067d0 f   linecnfg.obj
 0001:00005a0c       DlgProcResourcePwd         10006a0c f   wnet.obj
 0001:00005f74       ConnectionDialog           10006f74 f   wnet.obj
 0001:00006030       DisconnectDialog           10007030 f   wnet.obj
 0001:00006190       GetResourcePassword        10007190 f   wnet.obj
 0001:00006254       DlgProcDriverName          10007254 f   netcard.obj
 0001:000063c8       GetDriverName              100073c8 f   netcard.obj
 0001:00006454       ?LoadCAPI2@@YAHXZ          10007454 f   certui.obj
 0001:000067f0       ?FreeCAPI2@@YAXXZ          100077f0 f   certui.obj
 0001:00006aec       ?PickCertDialogProc@@YAHPAUHWND__@@IIJ@Z 10007aec f   certui.obj
 0001:00006cf4       PickCertificate            10007cf4 f   certui.obj
 0001:00006dd4       ?FetchLocalStrings@@YAPAULOCAL_STRINGS@@XZ 10007dd4 f   showcert.obj
 0001:00006e60       ?PopulateEKU@@YAPAGPBU_CERT_CONTEXT@@@Z 10007e60 f   showcert.obj
 0001:00007054       ?ConvertToHex@@YAHPAEKPAGKH@Z 10008054 f   showcert.obj
 0001:000070fc       ?PlaceCertificateDataIntoListBox@@YAHPAUHWND__@@0PAUShowCertMapping@@@Z 100080fc f   showcert.obj
 0001:000071b8       ?OnSelectionOfACertField@@YAKPAUHWND__@@0PAUShowCertMapping@@@Z 100081b8 f   showcert.obj
 0001:00007220       ?ViewCertDlgProc@@YAHPAUHWND__@@IIJ@Z 10008220 f   showcert.obj
 0001:00007348       ?GetCertStatusString@@YAPAGKPAULOCAL_STRINGS@@@Z 10008348 f   showcert.obj
 0001:000073e0       ?CertHashToStr@@YAHPAEKPAPAG@Z 100083e0 f   showcert.obj
 0001:00007458       ?FTtoString@@YAPAGPAU_FILETIME@@@Z 10008458 f   showcert.obj
 0001:00007588       ShowCertificateEx          10008588 f   showcert.obj
 0001:00007f50       ShowCertificate            10008f50 f   showcert.obj
 0001:00007f58       ??1EapTlsConfig@@QAA@XZ    10008f58 f   eaptlscfg.obj
 0001:00007fac       ?InitConnectionData@EapTlsConfig@@QAAKPAEKK@Z 10008fac f   eaptlscfg.obj
 0001:00008050       ?FinishDialog@EapTlsConfig@@AAAXXZ 10009050 f   eaptlscfg.obj
 0001:000080e4       ?UpdateUserCert@EapTlsConfig@@AAAXXZ 100090e4 f   eaptlscfg.obj
 0001:000081b4       ?RegGetDwordValue@@YAKPAUHKEY__@@PAG1PAK@Z 100091b4 f   eaptlscfg.obj
 0001:00008248       ?PeapInitializeDefaultConnectionProperties@@YAXPAU_PEAP_CONN_PROPERTIES@@@Z 10009248 f   eaptlscfg.obj
 0001:00008318       IsUIRequestFromActiveXamlWiFiCpl 10009318 f   eaptlscfg.obj
 0001:00008410       RasEapInvokeInteractiveUI  10009410 f   eaptlscfg.obj
 0001:000085b4       RasEapFreeMemory           100095b4 f   eaptlscfg.obj
 0001:000085c4       ?InitDialog@EapTlsConfig@@AAAHPAUHWND__@@@Z 100095c4 f   eaptlscfg.obj
 0001:000086ec       ?PickUserCertificate@EapTlsConfig@@AAAKXZ 100096ec f   eaptlscfg.obj
 0001:00008918       ?ConfigDialogProc@EapTlsConfig@@SAHPAUHWND__@@IIJ@Z 10009918 f   eaptlscfg.obj
 0001:000089f0       ?DoDialog@EapTlsConfig@@QAAHPAUHINSTANCE__@@PAUHWND__@@@Z 100099f0 f   eaptlscfg.obj
 0001:00008a84       ?EapTlsInvokeConfigUI@@YAKKPAUHWND__@@KPAEKPAPAEPAK@Z 10009a84 f   eaptlscfg.obj
 0001:00008c08       ?EapPeapInvokeConfigUI@@YAKPAUHWND__@@KPAEKPAPAEPAK@Z 10009c08 f   eaptlscfg.obj
 0001:00008dc4       RasEapInvokeConfigUI       10009dc4 f   eaptlscfg.obj
 0001:00008e58       NetworkIPDlgProc           10009e58 f   network.obj
 0001:000093b0       NetworkNameServDlgProc     1000a3b0 f   network.obj
 0001:00009560       AdapterPropSheetProc       1000a560 f   network.obj
 0001:00009568       IPAddrToStr                1000a568 f   network.obj
 0001:000095a0       StringToAddr               1000a5a0 f   network.obj
 0001:00009674       GetMultiSZAddr             1000a674 f   network.obj
 0001:0000974c       AdapterIPProperties        1000a74c f   network.obj
 0001:00009f74       GetLocationPtr             1000af74 f   transdlg.obj
 0001:00009fc4       GetFirstLocation           1000afc4 f   transdlg.obj
 0001:0000a044       EnableCBRedraw             1000b044 f   transdlg.obj
 0001:0000a078       LocationFillList           1000b078 f   transdlg.obj
 0001:0000a254       LocationFindInList         1000b254 f   transdlg.obj
 0001:0000a2d0       SetCancelCWCtls            1000b2d0 f   transdlg.obj
 0001:0000a514       GetCW                      1000b514 f   transdlg.obj
 0001:0000a5b0       FPrefixChanged             1000b5b0 f   transdlg.obj
 0001:0000a60c       FLocationChanged           1000b60c f   transdlg.obj
 0001:0000a69c       UUpdateLocList             1000b69c f   transdlg.obj
 0001:0000a778       AddOneLocation             1000b778 f   transdlg.obj
 0001:0000a7fc       LocationClearList          1000b7fc f   transdlg.obj
 0001:0000a834       EditDialPatternDlg         1000b834 f   transdlg.obj
 0001:0000ab6c       NewLocationDlg             1000bb6c f   transdlg.obj
 0001:0000ade8       LegalLocationName          1000bde8 f   transdlg.obj
 0001:0000ae58       LocationReadList           1000be58 f   transdlg.obj
 0001:0000aec4       DialDlgProc                1000bec4 f   transdlg.obj
 0001:0000b9d8       LineTranslateDialog        1000c9d8 f   transdlg.obj
 0001:0000ba84       ParseLocation              1000ca84 f   reg.obj
 0001:0000bbec       RegReadLocations           1000cbec f   reg.obj
 0001:0000c000       GetLocationString          1000d000 f   reg.obj
 0001:0000c148       RegSaveDialSettings        1000d148 f   reg.obj
 0001:0000c37c       RegReadDialDigitsTable     1000d37c f   reg.obj
 0001:0000c428       IsNumericOnlyEdit          1000d428 f   util.obj
 0001:0000c460       AddNumericOnlyEdit         1000d460 f   util.obj
 0001:0000c4a4       RemoveNumericOnlyEdit      1000d4a4 f   util.obj
 0001:0000c4e4       UtilGetStr                 1000d4e4 f   util.obj
 0001:0000c560       UtilMsgBox                 1000d560 f   util.obj
 0001:0000c5f8       UtilErrorRpt               1000d5f8 f   util.obj
 0001:0000c68c       UtilGetSelectedStr         1000d68c f   util.obj
 0001:0000c768       GetTable                   1000d768 f   util.obj
 0001:0000c7bc       EditCtlProc                1000d7bc f   util.obj
 0001:0000ca68       UpdateDialDigitsTable      1000da68 f   util.obj
 0001:0000caf4       FreeDialDigitsTable        1000daf4 f   util.obj
 0001:0000cb1c       InitNativeWifiConfig       1000db1c f   wzcui.obj
 0001:0000d144       UninitNativeWifiConfig     1000e144 f   wzcui.obj
 0001:0000d170       IsWPAAESCapable            1000e170 f   wzcui.obj
 0001:0000d1cc       GetWiFiConfigByConnectionName 1000e1cc f   wzcui.obj
 0001:0000d2b4       SaveWiFiConfig             1000e2b4 f   wzcui.obj
 0001:0000d48c       GetInterfaceGuidByName     1000e48c f   wzcui.obj
 0001:0000d5ec       CopyActionConfigListEnt    1000e5ec f   wzcui.obj
 0001:0000d658       FreeActionConfigListEnt    1000e658 f   wzcui.obj
 0001:0000d698       OnWifiConfigChanged        1000e698 f   wzcui.obj
 0001:0000d794       AllocAndInitConfigListEnt  1000e794 f   wzcui.obj
 0001:0000d7e8       FreeConfigListEnt          1000e7e8 f   wzcui.obj
 0001:0000d824       ConfigMatch                1000e824 f   wzcui.obj
 0001:0000d880       IsConfigWithNameInList     1000e880 f   wzcui.obj
 0001:0000d944       IsConfigInList             1000e944 f   wzcui.obj
 0001:0000d99c       AddUniqueConfig            1000e99c f   wzcui.obj
 0001:0000db20       FillPreferredList          1000eb20 f   wzcui.obj
 0001:0000dc3c       FillCurrentConfig          1000ec3c f   wzcui.obj
 0001:0000dcc4       RefreshAvailableNetwork    1000ecc4 f   wzcui.obj
 0001:0000dd28       RefreshConnectionConfigs   1000ed28 f   wzcui.obj
 0001:0000ddf0       GetCapabilityFlag          1000edf0 f   wzcui.obj
 0001:0000de5c       RefreshWiFiInterface       1000ee5c f   wzcui.obj
 0001:0000e004       ConnectingThreadProc       1000f004 f   wzcui.obj
 0001:0000e334       CmNotificationThreadProc   1000f334 f   wzcui.obj
 0001:0000e550       GetWiFiConfigFromAvailableNetwork 1000f550 f   wzcui.obj
 0001:0000e618       GetWirelessInfo            1000f618 f   wzcui.obj
 0001:0000e718       FillVisibleList            1000f718 f   wzcui.obj
 0001:0000e818       InitializeCfgProps         1000f818 f   wzcprops.obj
 0001:0000e898       AlreadyExists              1000f898 f   wzcprops.obj
 0001:0000e910       WLanPropsErrorMessageBox   1000f910 f   wzcprops.obj
 0001:0000ea1c       Init8021xControls          1000fa1c f   wzcprops.obj
 0001:0000ec60       Cleanup8021xControls       1000fc60 f   wzcprops.obj
 0001:0000ed74       Enable8021xControls        1000fd74 f   wzcprops.obj
 0001:0000ee60       InitWepKControls           1000fe60 f   wzcprops.obj
 0001:0000ef30       SaveWepKSettings           1000ff30 f   wzcprops.obj
 0001:0000f0fc       RefreshNWControls          100100fc f   wzcprops.obj
 0001:0000f9d0       NetworkWLanPropsDlgProc    100109d0 f   wzcprops.obj
 0001:000107a4       ??0BTDEV@@QAA@_KH@Z        100117a4 f i btmgmtui.obj
 0001:000107ec       ??0BTDEV@@QAA@AAU0@@Z      100117ec f i btmgmtui.obj
 0001:00013f84       CreateScanDevice           10014f84 f   btmgmtui.obj
 0001:00014654       RefreshNativeWifiConfigThread 10015654 f   WzcQuickCfgUi.obj
 0001:00014770       IsConfigInLV               10015770 f   WzcQuickCfgUi.obj
 0001:00014900       IsNetworkInList            10015900 f   WzcQuickCfgUi.obj
 0001:00014a48       InsertLVItem               10015a48 f   WzcQuickCfgUi.obj
 0001:00014c2c       OnNWOk                     10015c2c f   WzcQuickCfgUi.obj
 0001:00014cbc       AddListConfigsToCache      10015cbc f   WzcQuickCfgUi.obj
 0001:00014e00       AreNetworksCached          10015e00 f   WzcQuickCfgUi.obj
 0001:00014eb0       OnCloseNWDialog            10015eb0 f   WzcQuickCfgUi.obj
 0001:00014f8c       SelectAssociatedNetwork    10015f8c f   WzcQuickCfgUi.obj
 0001:00015044       GetSelectedConfig          10016044 f   WzcQuickCfgUi.obj
 0001:000150fc       OnConfigureNetwork         100160fc f   WzcQuickCfgUi.obj
 0001:000153d4       GetSignalStrength          100163d4 f   WzcQuickCfgUi.obj
 0001:0001548c       SetNWSignalStrength        1001648c f   WzcQuickCfgUi.obj
 0001:00015608       DisplayNWStatus            10016608 f   WzcQuickCfgUi.obj
 0001:0001575c       TranslateMsgToAdhoc        1001675c f   WzcQuickCfgUi.obj
 0001:00015824       GetListConfigBySsid        10016824 f   WzcQuickCfgUi.obj
 0001:000158a8       UpdateConnectionStatus     100168a8 f   WzcQuickCfgUi.obj
 0001:00015b5c       IsPreferredListEmpty       10016b5c f   WzcQuickCfgUi.obj
 0001:00015ba8       AddConfigToLV              10016ba8 f   WzcQuickCfgUi.obj
 0001:00015d94       RefreshNWListView          10016d94 f   WzcQuickCfgUi.obj
 0001:00015f10       RefreshWirelessInfo        10016f10 f   WzcQuickCfgUi.obj
 0001:00015fd0       RefreshNWButtons           10016fd0 f   WzcQuickCfgUi.obj
 0001:00016124       OnAddNew                   10017124 f   WzcQuickCfgUi.obj
 0001:00016398       OnListRClick               10017398 f   WzcQuickCfgUi.obj
 0001:00016500       OnDeleteNetwork            10017500 f   WzcQuickCfgUi.obj
 0001:00016610       OnConnect                  10017610 f   WzcQuickCfgUi.obj
 0001:00016930       DisplayInitialSignalStrength 10017930 f   WzcQuickCfgUi.obj
 0001:000169e4       SignalStrengthThread       100179e4 f   WzcQuickCfgUi.obj
 0001:00016b94       HandleNotifications        10017b94 f   WzcQuickCfgUi.obj
 0001:000173cc       OnListDblClick             100183cc f   WzcQuickCfgUi.obj
 0001:000174e4       OnInitNWDialog             100184e4 f   WzcQuickCfgUi.obj
 0001:00017940       NWQuickCfgDialogProc       10018940 f   WzcQuickCfgUi.obj
 0001:00017c48       AddToListControl           10018c48 f   IpQuickCfgUi.obj
 0001:00017ce0       GetAdapterNameW            10018ce0 f   IpQuickCfgUi.obj
 0001:00017d48       GetAdapterNameA            10018d48 f   IpQuickCfgUi.obj
 0001:00017dcc       GetIPAdapterInfo           10018dcc f   IpQuickCfgUi.obj
 0001:00017ec4       RefreshIPCfgDialog         10018ec4 f   IpQuickCfgUi.obj
 0001:0001820c       GetIPv6AddressString       1001920c f   IpQuickCfgUi.obj
 0001:00018270       InitListView               10019270 f   IpQuickCfgUi.obj
 0001:00018430       UpdateIPv6AddressField     10019430 f   IpQuickCfgUi.obj
 0001:00018524       RefreshIPv6CfgDialog       10019524 f   IpQuickCfgUi.obj
 0001:00018930       IPv6QuickCfgDialogProc     10019930 f   IpQuickCfgUi.obj
 0001:000189b8       OnInitNetDetailsDialog     100199b8 f   IpQuickCfgUi.obj
 0001:00019044       NetDetailsDialogProc       1001a044 f   IpQuickCfgUi.obj
 0001:000190ac       IPQuickCfgDialogProc       1001a0ac f   IpQuickCfgUi.obj
 0001:00019278       TimeToFileTime             1001a278 f   QuickConfigUi.obj
 0001:000192ac       InitializeNWQCFG           1001a2ac f   QuickConfigUi.obj
 0001:00019318       DeleteNWQCFG               1001a318 f   QuickConfigUi.obj
 0001:00019358       QuickCfgProcPage           1001a358 f   QuickConfigUi.obj
 0001:00019360       NWMiniMsgPump              1001a360 f   QuickConfigUi.obj
 0001:000193b8       RemoveNetUISystrayIcon     1001a3b8 f   QuickConfigUi.obj
 0001:00019678       GetDeviceSystrayIcon       1001a678 f   QuickConfigUi.obj
 0001:000196f8       GetDeviceSystrayIconByName 1001a6f8 f   QuickConfigUi.obj
 0001:0001976c       GetFriendlyDeviceName      1001a76c f   QuickConfigUi.obj
 0001:000197f4       IPv6Present                1001a7f4 f   QuickConfigUi.obj
 0001:00019844       CreatePropertySheet        1001a844 f   QuickConfigUi.obj
 0001:00019aa4       NotifyDialogProc           1001aaa4 f   QuickConfigUi.obj
 0001:00019cf0       AddNetUISystrayIcon        1001acf0 f   QuickConfigUi.obj
 0001:0001a32c       IsPropSheetDialogMessage   1001b32c f   QuickConfigUi.obj
 0001:0001a3b8       ClosePropSheetDialog       1001b3b8 f   QuickConfigUi.obj
 0001:0001a424       ClosePropSheetDialogIfReady 1001b424 f   QuickConfigUi.obj
 0001:0001a4a0       NwLoggingDialogProc        1001b4a0 f   WzcLogging.obj
 0001:0001a4e4       UpdateNWLogView            1001b4e4 f   WzcLogging.obj
 0001:0001a5c0       InitLoggingCS              1001b5c0 f   WzcLogging.obj
 0001:0001a5d0       DeleteLoggingCS            1001b5d0 f   WzcLogging.obj
 0001:0001a5e0       NwLoggingThread            1001b5e0 f   WzcLogging.obj
 0001:0001a6f0       LoadStateFromRegistry      1001b6f0 f   WzcLogging.obj
 0001:0001a80c       SaveStateToRegistry        1001b80c f   WzcLogging.obj
 0001:0001a904       AddLoggingMsg              1001b904 f   WzcLogging.obj
 0001:0001aa08       OpenLoggingWindow          1001ba08 f   WzcLogging.obj
 0001:0001aa64       InitializeLoggingQueue     1001ba64 f   WzcLogging.obj
 0001:0001aaa0       UnloadLoggingQueue         1001baa0 f   WzcLogging.obj
 0001:0001aaf4       GetDialogPopup             1001baf4 f   WzcPopup.obj
 0001:0001ac98       SetDialogPopup             1001bc98 f   WzcPopup.obj
 0001:0001ad6c       NWCacheAdd                 1001bd6c f   WzcPopup.obj
 0001:0001ae44       RefreshNWCache             1001be44 f   WzcPopup.obj
 0001:0001af04       NWCacheClear               1001bf04 f   WzcPopup.obj
 0001:0001af34       IsInNWCache                1001bf34 f   WzcPopup.obj
 0001:0001afa8       GetResourcePasswordExt     1001bfa8 f   wnet_wrapper.obj
 0001:0001afe0       ConnectionDialogExt        1001bfe0 f   wnet_wrapper.obj
 0001:0001b018       DisconnectDialogExt        1001c018 f   wnet_wrapper.obj
 0001:0001b074       GetNetStringSizeExt        1001c074 f   netui_wrapper.obj
 0001:0001b0a8       GetNetStringExt            1001c0a8 f   netui_wrapper.obj
 0001:0001b0e8       NetMsgBoxExt               1001c0e8 f   netui_wrapper.obj
 0001:0001b128       GetUsernamePasswordExExt   1001c128 f   getuser_wrapper.obj
 0001:0001b1b4       GetNewPasswordExExt        1001c1b4 f   getuser_wrapper.obj
 0001:0001b234       CloseUsernamePasswordDialogExt 1001c234 f   getuser_wrapper.obj
 0001:0001b2a0       MsgWaitForMultipleObjectsExt 1001c2a0 f   gwes_wrapper.obj
 0001:0001b358       PeekMessageWExt            1001c358 f   gwes_wrapper.obj
 0001:0001b3b8       TranslateMessageExt        1001c3b8 f   gwes_wrapper.obj
 0001:0001b3f4       DispatchMessageExt         1001c3f4 f   gwes_wrapper.obj
 0001:0001b430       LoadLibraryExt             1001c430 f   gwes_wrapper.obj
 0001:0001b49c       FreeLibraryExt             1001c49c f   gwes_wrapper.obj
 0001:0001b50c       GetIPAddressExt            1001c50c f   getip_wrapper.obj
 0001:0001b57c       LineConfigEditExt          1001c57c f   linecnfg_wrapper.obj
 0001:0001b614       ?LineTranslateWrapperThread@@YAKPAX@Z 1001c614 f   transdlg_wrapper.obj
 0001:0001b63c       LineTranslateDialogExt     1001c63c f   transdlg_wrapper.obj
 0001:0001b6f0       AdapterIPPropertiesExt     1001c6f0 f   network_wrapper.obj
 0001:0001b764       GetDriverNameExt           1001c764 f   netcard_wrapper.obj
 0001:0001b7d8       CreateConnectionConfigFromXml 1001c7d8 f   cmhelper.obj
 0001:0001b904       GetConnectionDetailsByHandle 1001c904 f   cmhelper.obj
 0001:0001b9ac       GetConnectionDetailsByName 1001c9ac f   cmhelper.obj
 0001:0001ba54       AllocAndGetXmlFromConnectionConfig 1001ca54 f   cmhelper.obj
 0001:0001baf0       DeleteConnection           1001caf0 f   cmhelper.obj
 0001:0001bb24       ?IsHexDigit@@YA_NG@Z       1001cb24 f i nwprofilehelper.obj
 0001:0001bb6c       ?BinHexToBufferLength@@YAIPBGI@Z 1001cb6c f   nwprofilehelper.obj
 0001:0001bbb0       ?ConvertHexWCharToInteger@@YAEG@Z 1001cbb0 f   nwprofilehelper.obj
 0001:0001bbf4       WlanStringToSsid           1001cbf4 f   nwprofilehelper.obj
 0001:0001bcc8       WlanSsidToDisplayName      1001ccc8 f   nwprofilehelper.obj
 0001:0001bdcc       ?ExpandNode@@YAKPAUNW_WLAN_CONFIG@@HPAUIXMLDOMNode@@W4NodeType@@@Z 1001cdcc f   nwprofilehelper.obj
 0001:0001bfa0       ?SyncXmlEnumValue@@YAKPAUIXMLDOMNode@@PAU?$NameValuePair@K@@KPAKH@Z 1001cfa0 f   nwprofilehelper.obj
 0001:0001c128       ?SyncXmlFlagValue@@YAKPAUIXMLDOMNode@@PAU?$NameValuePair@K@@PAKH@Z 1001d128 f   nwprofilehelper.obj
 0001:0001c264       ?find@?$_string_t@G$0BA@U?$char_traits@G@ce@@Vallocator@2@@ce@@QBAIPBGII@Z 1001d264 f i nwprofilehelper.obj
 0001:0001c344       ?find_first_not_of@?$_string_t@G$0BA@U?$char_traits@G@ce@@Vallocator@2@@ce@@QBAIPBGI@Z 1001d344 f i nwprofilehelper.obj
 0001:0001c3a4       ?find_last_not_of@?$_string_t@G$0BA@U?$char_traits@G@ce@@Vallocator@2@@ce@@QBAIPBGI@Z 1001d3a4 f i nwprofilehelper.obj
 0001:0001c40c       ?_Grow@?$_string_t@G$0BA@U?$char_traits@G@ce@@Vallocator@2@@ce@@IAA_NI@Z 1001d40c f i nwprofilehelper.obj
 0001:0001c49c       ?_Buynode@?$list@U?$pair@V?$_string_t@G$0BA@U?$char_traits@G@ce@@Vallocator@2@@ce@@W4NodeType@@@std@@Vallocator@ce@@@ce@@IAAPAU?$_ListNode@U?$pair@V?$_string_t@G$0BA@U?$char_traits@G@ce@@Vallocator@2@@ce@@W4NodeType@@@std@@@list_impl@2@PAU342@@Z 1001d49c f i nwprofilehelper.obj
 0001:0001c4e8       ?ConvertBufferToBinHex@@YAXPBXIPAGI@Z 1001d4e8 f   nwprofilehelper.obj
 0001:0001c554       ?ConvertBinHexToBuffer@@YAXPBGIPAX@Z 1001d554 f   nwprofilehelper.obj
 0001:0001c5a8       ?erase@?$_string_t@G$0BA@U?$char_traits@G@ce@@Vallocator@2@@ce@@QAAXII@Z 1001d5a8 f i nwprofilehelper.obj
 0001:0001c60c       ?trim@?$_string_t@G$0BA@U?$char_traits@G@ce@@Vallocator@2@@ce@@QAAXPBG@Z 1001d60c f i nwprofilehelper.obj
 0001:0001c694       ?get_lock@?$singleton@V?$free_list@$0GE@Vallocator@ce@@@ce@@$03V?$static_allocator@V?$free_list@$0GE@Vallocator@ce@@@ce@@$03@2@@ce@@KAAAVcritical_section@2@XZ 1001d694 f i nwprofilehelper.obj
 0001:0001c6e8       ?hash_function@?$hash_traits@V?$_string_t@G$0BA@U?$char_traits@G@ce@@Vallocator@2@@ce@@@ce@@QBAIABV?$_string_t@G$0BA@U?$char_traits@G@ce@@Vallocator@2@@2@@Z 1001d6e8 f i nwprofilehelper.obj
 0001:0001c734       ?assign@?$_string_t@G$0BA@U?$char_traits@G@ce@@Vallocator@2@@ce@@QAA_NPBGII@Z 1001d734 f i nwprofilehelper.obj
 0001:0001c79c       ?erase@?$list@U?$pair@V?$_string_t@G$0BA@U?$char_traits@G@ce@@Vallocator@2@@ce@@W4NodeType@@@std@@Vallocator@ce@@@ce@@QAA?AV?$iterator@U?$pair@V?$_string_t@G$0BA@U?$char_traits@G@ce@@Vallocator@2@@ce@@W4NodeType@@@std@@@list_impl@2@V342@@Z 1001d79c f i nwprofilehelper.obj
 0001:0001c80c       ?erase@?$list@U?$pair@V?$_string_t@G$0BA@U?$char_traits@G@ce@@Vallocator@2@@ce@@W4NodeType@@@std@@Vallocator@ce@@@ce@@QAA?AV?$iterator@U?$pair@V?$_string_t@G$0BA@U?$char_traits@G@ce@@Vallocator@2@@ce@@W4NodeType@@@std@@@list_impl@2@V342@0@Z 1001d80c f i nwprofilehelper.obj
 0001:0001c864       ?erase@?$vector@U?$pair@V?$iterator@U?$pair@V?$_string_t@G$0BA@U?$char_traits@G@ce@@Vallocator@2@@ce@@W4NodeType@@@std@@@list_impl@ce@@I@std@@Vallocator@ce@@U?$exponential_growth@$09@4@@ce@@QAAPAU?$pair@V?$iterator@U?$pair@V?$_string_t@G$0BA@U?$char_traits@G@ce@@Vallocator@2@@ce@@W4NodeType@@@std@@@list_impl@ce@@I@std@@PAU34@0@Z 1001d864 f i nwprofilehelper.obj
 0001:0001c8c8       ??0?$_string_t@G$0BA@U?$char_traits@G@ce@@Vallocator@2@@ce@@QAA@ABV01@@Z 1001d8c8 f i nwprofilehelper.obj
 0001:0001c910       ?erase@?$vector@U?$pair@V?$iterator@U?$pair@V?$_string_t@G$0BA@U?$char_traits@G@ce@@Vallocator@2@@ce@@W4NodeType@@@std@@@list_impl@ce@@I@std@@V?$reference_allocator@Vallocator@ce@@@details@ce@@U?$exponential_growth@$09@5@@ce@@QAAPAU?$pair@V?$iterator@U?$pair@V?$_string_t@G$0BA@U?$char_traits@G@ce@@Vallocator@2@@ce@@W4NodeType@@@std@@@list_impl@ce@@I@std@@PAU34@0@Z 1001d910 f i nwprofilehelper.obj
 0001:0001c974       ??$?8G$0BA@$0BA@U?$char_traits@G@ce@@Vallocator@1@V21@@ce@@YA_NABV?$_string_t@G$0BA@U?$char_traits@G@ce@@Vallocator@2@@0@0@Z 1001d974 f i nwprofilehelper.obj
 0001:0001c9c0       ??0?$_string_t@G$0BA@U?$char_traits@G@ce@@Vallocator@2@@ce@@QAA@PBG@Z 1001d9c0 f i nwprofilehelper.obj
 0001:0001ca30       ??$insert@U?$pair@V?$_string_t@G$0BA@U?$char_traits@G@ce@@Vallocator@2@@ce@@W4NodeType@@@std@@@?$list@U?$pair@V?$_string_t@G$0BA@U?$char_traits@G@ce@@Vallocator@2@@ce@@W4NodeType@@@std@@Vallocator@ce@@@ce@@QAA?AV?$iterator@U?$pair@V?$_string_t@G$0BA@U?$char_traits@G@ce@@Vallocator@2@@ce@@W4NodeType@@@std@@@list_impl@1@V231@ABU?$pair@V?$_string_t@G$0BA@U?$char_traits@G@ce@@Vallocator@2@@ce@@W4NodeType@@@std@@@Z 1001da30 f i nwprofilehelper.obj
 0001:0001ca88       ??1?$hash@V?$hash_map_traits@V?$_string_t@G$0BA@U?$char_traits@G@ce@@Vallocator@2@@ce@@W4NodeType@@U?$hash_traits@V?$_string_t@G$0BA@U?$char_traits@G@ce@@Vallocator@2@@ce@@@2@Vallocator@2@@details@ce@@@details@ce@@QAA@XZ 1001da88 f i nwprofilehelper.obj
 0001:0001cac8       ?_Insert_dispatch@?$vector@U?$pair@V?$iterator@U?$pair@V?$_string_t@G$0BA@U?$char_traits@G@ce@@Vallocator@2@@ce@@W4NodeType@@@std@@@list_impl@ce@@I@std@@Vallocator@ce@@U?$exponential_growth@$09@4@@ce@@AAA_NPAU?$pair@V?$iterator@U?$pair@V?$_string_t@G$0BA@U?$char_traits@G@ce@@Vallocator@2@@ce@@W4NodeType@@@std@@@list_impl@ce@@I@std@@IABU34@ABUtrue_type@detail@2@@Z 1001dac8 f i nwprofilehelper.obj
 0001:0001cd10       ?resize@?$vector@U?$pair@V?$iterator@U?$pair@V?$_string_t@G$0BA@U?$char_traits@G@ce@@Vallocator@2@@ce@@W4NodeType@@@std@@@list_impl@ce@@I@std@@Vallocator@ce@@U?$exponential_growth@$09@4@@ce@@QAA_NIABU?$pair@V?$iterator@U?$pair@V?$_string_t@G$0BA@U?$char_traits@G@ce@@Vallocator@2@@ce@@W4NodeType@@@std@@@list_impl@ce@@I@std@@@Z 1001dd10 f i nwprofilehelper.obj
 0001:0001cd6c       ?_ready@?$hash@V?$hash_map_traits@V?$_string_t@G$0BA@U?$char_traits@G@ce@@Vallocator@2@@ce@@W4NodeType@@U?$hash_traits@V?$_string_t@G$0BA@U?$char_traits@G@ce@@Vallocator@2@@ce@@@2@Vallocator@2@@details@ce@@@details@ce@@IAA_NXZ 1001dd6c f i nwprofilehelper.obj
 0001:0001cdc4       ?insert@?$hash@V?$hash_map_traits@V?$_string_t@G$0BA@U?$char_traits@G@ce@@Vallocator@2@@ce@@W4NodeType@@U?$hash_traits@V?$_string_t@G$0BA@U?$char_traits@G@ce@@Vallocator@2@@ce@@@2@Vallocator@2@@details@ce@@@details@ce@@QAA?AV?$iterator@U?$pair@V?$_string_t@G$0BA@U?$char_traits@G@ce@@Vallocator@2@@ce@@W4NodeType@@@std@@@list_impl@3@ABU?$pair@V?$_string_t@G$0BA@U?$char_traits@G@ce@@Vallocator@2@@ce@@W4NodeType@@@std@@@Z 1001ddc4 f i nwprofilehelper.obj
 0001:0001ce98       ?find@?$hash@V?$hash_map_traits@V?$_string_t@G$0BA@U?$char_traits@G@ce@@Vallocator@2@@ce@@W4NodeType@@U?$hash_traits@V?$_string_t@G$0BA@U?$char_traits@G@ce@@Vallocator@2@@ce@@@2@Vallocator@2@@details@ce@@@details@ce@@QAA?AV?$iterator@U?$pair@V?$_string_t@G$0BA@U?$char_traits@G@ce@@Vallocator@2@@ce@@W4NodeType@@@std@@@list_impl@3@ABV?$_string_t@G$0BA@U?$char_traits@G@ce@@Vallocator@2@@3@@Z 1001de98 f i nwprofilehelper.obj
 0001:0001cf28       ?insert@?$hash_map@V?$_string_t@G$0BA@U?$char_traits@G@ce@@Vallocator@2@@ce@@W4NodeType@@U?$hash_traits@V?$_string_t@G$0BA@U?$char_traits@G@ce@@Vallocator@2@@ce@@@2@Vallocator@2@@ce@@QAA?AV?$iterator@U?$pair@V?$_string_t@G$0BA@U?$char_traits@G@ce@@Vallocator@2@@ce@@W4NodeType@@@std@@@list_impl@2@ABV?$_string_t@G$0BA@U?$char_traits@G@ce@@Vallocator@2@@2@ABW4NodeType@@@Z 1001df28 f i nwprofilehelper.obj
 0001:0001cf9c       ?SyncXmlNode@@YAKPAUNW_WLAN_CONFIG@@HPAUIXMLDOMNode@@W4NodeType@@PAH@Z 1001df9c f   nwprofilehelper.obj
 0001:0001d7dc       SyncProfile                1001e7dc f   nwprofilehelper.obj
 0001:0001d9f8       ??A?$hash_map@V?$_string_t@G$0BA@U?$char_traits@G@ce@@Vallocator@2@@ce@@W4NodeType@@U?$hash_traits@V?$_string_t@G$0BA@U?$char_traits@G@ce@@Vallocator@2@@ce@@@2@Vallocator@2@@ce@@QAAPAW4NodeType@@ABV?$_string_t@G$0BA@U?$char_traits@G@ce@@Vallocator@2@@1@@Z 1001e9f8 f i nwprofilehelper.obj
 0001:0001da60       InitProfileHelper          1001ea60 f   nwprofilehelper.obj
 0001:0001e660       ?BthEnumUpdate@@YAHPAUBTDEV@@@Z 1001f660 f   btenum:btenum.obj
 0001:0001e9d0       ?BthEnumRemove@@YAHPAUBTDEV@@@Z 1001f9d0 f   btenum:btenum.obj
 0001:0001eb24       ?BthEnumDeactivate@@YAHPAUBTDEV@@@Z 1001fb24 f   btenum:btenum.obj
 0001:0001f008       ?BthEnumActivate@@YAHPAUBTDEV@@H@Z 10020008 f   btenum:btenum.obj
 0001:0001f564       ?BthEnumGetClassDefaults@@YAHHPAUBTDEV@@@Z 10020564 f   btenum:btenum.obj
 0001:0001f614       ?BthEnumDevices@@YAHPAXP6AH0PAUBTDEV@@@Z@Z 10020614 f   btenum:btenum.obj
 0001:0001fcdc       GetAdaptersInfo            10020cdc f   iphlpapi:iphlpapi.dll
 0001:0001fcec       IpRenewAddress             10020cec f   iphlpapi:iphlpapi.dll
 0001:0001fcfc       IpReleaseAddress           10020cfc f   iphlpapi:iphlpapi.dll
 0001:0001fd0c       GetInterfaceInfo           10020d0c f   iphlpapi:iphlpapi.dll
 0001:0001fd1c       GetAdaptersAddresses       10020d1c f   iphlpapi:iphlpapi.dll
 0001:0001fd2c       GetNetworkParams           10020d2c f   iphlpapi:iphlpapi.dll
 0001:0001fd3c       WSAAddressToStringW        10020d3c f   ws2:WS2.dll
 0001:0001fd4c       CeDriverDuplicateCallerHandle 10020d4c f   ceddk:CEDDK.dll
 0001:0001fd5c       GetProcAddressW            10020d5c f   coredll:COREDLL.dll
 0001:0001fd6c       LoadLibraryW               10020d6c f   coredll:COREDLL.dll
 0001:0001fd7c       LeaveCriticalSection       10020d7c f   coredll:COREDLL.dll
 0001:0001fd8c       EnterCriticalSection       10020d8c f   coredll:COREDLL.dll
 0001:0001fd9c       DeleteCriticalSection      10020d9c f   coredll:COREDLL.dll
 0001:0001fdac       DisableThreadLibraryCalls  10020dac f   coredll:COREDLL.dll
 0001:0001fdbc       InitializeCriticalSection  10020dbc f   coredll:COREDLL.dll
 0001:0001fdcc       LoadStringW                10020dcc f   coredll:COREDLL.dll
 0001:0001fddc       MessageBoxW                10020ddc f   coredll:COREDLL.dll
 0001:0001fdec       SetCursor                  10020dec f   coredll:COREDLL.dll
 0001:0001fdfc       SetLastError               10020dfc f   coredll:COREDLL.dll
 0001:0001fe0c       IsWindow                   10020e0c f   coredll:COREDLL.dll
 0001:0001fe1c       SetFocus                   10020e1c f   coredll:COREDLL.dll
 0001:0001fe2c       EnableWindow               10020e2c f   coredll:COREDLL.dll
 0001:0001fe3c       SetWindowLongW             10020e3c f   coredll:COREDLL.dll
 0001:0001fe4c       GetWindowLongW             10020e4c f   coredll:COREDLL.dll
 0001:0001fe5c       EndDialog                  10020e5c f   coredll:COREDLL.dll
 0001:0001fe6c       SendMessageW               10020e6c f   coredll:COREDLL.dll
 0001:0001fe7c       GetDlgItem                 10020e7c f   coredll:COREDLL.dll
 0001:0001fe8c       DialogBoxIndirectParamW    10020e8c f   coredll:COREDLL.dll
 0001:0001fe9c       LoadResource               10020e9c f   coredll:COREDLL.dll
 0001:0001feac       FindResourceW              10020eac f   coredll:COREDLL.dll
 0001:0001febc       LocalFree                  10020ebc f   coredll:COREDLL.dll
 0001:0001fecc       StringCchVPrintfW          10020ecc f   coredll:COREDLL.dll
 0001:0001fedc       LocalAlloc                 10020edc f   coredll:COREDLL.dll
 0001:0001feec       UnregisterClassW           10020eec f   coredll:COREDLL.dll
 0001:0001fefc       SetWindowTextW             10020efc f   coredll:COREDLL.dll
 0001:0001ff0c       LCMapStringW               10020f0c f   coredll:COREDLL.dll
 0001:0001ff1c       wsprintfW                  10020f1c f   coredll:COREDLL.dll
 0001:0001ff2c       GetParent                  10020f2c f   coredll:COREDLL.dll
 0001:0001ff3c       ImmReleaseContext          10020f3c f   coredll:COREDLL.dll
 0001:0001ff4c       ImmNotifyIME               10020f4c f   coredll:COREDLL.dll
 0001:0001ff5c       ImmGetContext              10020f5c f   coredll:COREDLL.dll
 0001:0001ff6c       GetKeyState                10020f6c f   coredll:COREDLL.dll
 0001:0001ff7c       MessageBeep                10020f7c f   coredll:COREDLL.dll
 0001:0001ff8c       CallWindowProcW            10020f8c f   coredll:COREDLL.dll
 0001:0001ff9c       DefWindowProcW             10020f9c f   coredll:COREDLL.dll
 0001:0001ffac       GetFocus                   10020fac f   coredll:COREDLL.dll
 0001:0001ffbc       DestroyWindow              10020fbc f   coredll:COREDLL.dll
 0001:0001ffcc       CreateWindowExW            10020fcc f   coredll:COREDLL.dll
 0001:0001ffdc       ReleaseDC                  10020fdc f   coredll:COREDLL.dll
 0001:0001ffec       GetTextExtentExPointW      10020fec f   coredll:COREDLL.dll
 0001:0001fffc       GetDC                      10020ffc f   coredll:COREDLL.dll
 0001:0002000c       InvalidateRect             1002100c f   coredll:COREDLL.dll
 0001:0002001c       EndPaint                   1002101c f   coredll:COREDLL.dll
 0001:0002002c       ExtTextOutW                1002102c f   coredll:COREDLL.dll
 0001:0002003c       SetBkColor                 1002103c f   coredll:COREDLL.dll
 0001:0002004c       SetTextColor               1002104c f   coredll:COREDLL.dll
 0001:0002005c       DeleteObject               1002105c f   coredll:COREDLL.dll
 0001:0002006c       Rectangle                  1002106c f   coredll:COREDLL.dll
 0001:0002007c       CreatePen                  1002107c f   coredll:COREDLL.dll
 0001:0002008c       SelectObject               1002108c f   coredll:COREDLL.dll
 0001:0002009c       CreateSolidBrush           1002109c f   coredll:COREDLL.dll
 0001:000200ac       GetSysColor                100210ac f   coredll:COREDLL.dll
 0001:000200bc       GetClientRect              100210bc f   coredll:COREDLL.dll
 0001:000200cc       BeginPaint                 100210cc f   coredll:COREDLL.dll
 0001:000200dc       RegisterClassW             100210dc f   coredll:COREDLL.dll
 0001:000200ec       RegCloseKey                100210ec f   coredll:COREDLL.dll
 0001:000200fc       RegQueryValueExW           100210fc f   coredll:COREDLL.dll
 0001:0002010c       RegOpenKeyExW              1002110c f   coredll:COREDLL.dll
 0001:0002011c       GetSystemMetrics           1002111c f   coredll:COREDLL.dll
 0001:0002012c       CredFree                   1002112c f   coredll:COREDLL.dll
 0001:0002013c       CredRead                   1002113c f   coredll:COREDLL.dll
 0001:0002014c       CredWrite                  1002114c f   coredll:COREDLL.dll
 0001:0002015c       SetDlgItemTextW            1002115c f   coredll:COREDLL.dll
 0001:0002016c       ShowWindow                 1002116c f   coredll:COREDLL.dll
 0001:0002017c       GetDlgItemTextW            1002117c f   coredll:COREDLL.dll
 0001:0002018c       CreateProcessW             1002118c f   coredll:COREDLL.dll
 0001:0002019c       GetLocaleInfoW             1002119c f   coredll:COREDLL.dll
 0001:000201ac       SendDlgItemMessageW        100211ac f   coredll:COREDLL.dll
 0001:000201bc       ImmAssociateContext        100211bc f   coredll:COREDLL.dll
 0001:000201cc       SetWindowPos               100211cc f   coredll:COREDLL.dll
 0001:000201dc       GetWindowRect              100211dc f   coredll:COREDLL.dll
 0001:000201ec       GetWindowDC                100211ec f   coredll:COREDLL.dll
 0001:000201fc       GetFileAttributesW         100211fc f   coredll:COREDLL.dll
 0001:0002020c       StringCchPrintfW           1002120c f   coredll:COREDLL.dll
 0001:0002021c       FreeLibrary                1002121c f   coredll:COREDLL.dll
 0001:0002022c       GetModuleHandleW           1002122c f   coredll:COREDLL.dll
 0001:0002023c       InterlockedIncrement       1002123c f   coredll:COREDLL.dll
 0001:0002024c       InterlockedDecrement       1002124c f   coredll:COREDLL.dll
 0001:0002025c       GetLastError               1002125c f   coredll:COREDLL.dll
 0001:0002026c       GetTimeFormatW             1002126c f   coredll:COREDLL.dll
 0001:0002027c       GetDateFormatW             1002127c f   coredll:COREDLL.dll
 0001:0002028c       FileTimeToSystemTime       1002128c f   coredll:COREDLL.dll
 0001:0002029c       FormatMessageW             1002129c f   coredll:COREDLL.dll
 0001:000202ac       EventModify                100212ac f   coredll:COREDLL.dll
 0001:000202bc       CloseHandle                100212bc f   coredll:COREDLL.dll
 0001:000202cc       OpenEventW                 100212cc f   coredll:COREDLL.dll
 0001:000202dc       CheckRadioButton           100212dc f   coredll:COREDLL.dll
 0001:000202ec       GetWindow                  100212ec f   coredll:COREDLL.dll
 0001:000202fc       RegSetValueExW             100212fc f   coredll:COREDLL.dll
 0001:0002030c       RegCreateKeyExW            1002130c f   coredll:COREDLL.dll
 0001:0002031c       StringCchCatW              1002131c f   coredll:COREDLL.dll
 0001:0002032c       UpdateWindow               1002132c f   coredll:COREDLL.dll
 0001:0002033c       PostMessageW               1002133c f   coredll:COREDLL.dll
 0001:0002034c       GetWindowTextW             1002134c f   coredll:COREDLL.dll
 0001:0002035c       lstrcmpW                   1002135c f   coredll:COREDLL.dll
 0001:0002036c       LocalReAlloc               1002136c f   coredll:COREDLL.dll
 0001:0002037c       LoadImageW                 1002137c f   coredll:COREDLL.dll
 0001:0002038c       StringCchCopyNW            1002138c f   coredll:COREDLL.dll
 0001:0002039c       LoadCursorW                1002139c f   coredll:COREDLL.dll
 0001:000203ac       VirtualFree                100213ac f   coredll:COREDLL.dll
 0001:000203bc       RegEnumValueW              100213bc f   coredll:COREDLL.dll
 0001:000203cc       VirtualAlloc               100213cc f   coredll:COREDLL.dll
 0001:000203dc       RegQueryInfoKeyW           100213dc f   coredll:COREDLL.dll
 0001:000203ec       RegDeleteValueW            100213ec f   coredll:COREDLL.dll
 0001:000203fc       GetActiveWindow            100213fc f   coredll:COREDLL.dll
 0001:0002040c       ImmSetConversionStatus     1002140c f   coredll:COREDLL.dll
 0001:0002041c       ImmGetConversionStatus     1002141c f   coredll:COREDLL.dll
 0001:0002042c       ImmGetCompositionStringW   1002142c f   coredll:COREDLL.dll
 0001:0002043c       ImmIsIME                   1002143c f   coredll:COREDLL.dll
 0001:0002044c       CloseClipboard             1002144c f   coredll:COREDLL.dll
 0001:0002045c       GetClipboardData           1002145c f   coredll:COREDLL.dll
 0001:0002046c       OpenClipboard              1002146c f   coredll:COREDLL.dll
 0001:0002047c       GetKeyboardLayout          1002147c f   coredll:COREDLL.dll
 0001:0002048c       MultiByteToWideChar        1002148c f   coredll:COREDLL.dll
 0001:0002049c       DestroyMenu                1002149c f   coredll:COREDLL.dll
 0001:000204ac       TrackPopupMenuEx           100214ac f   coredll:COREDLL.dll
 0001:000204bc       GetCursorPos               100214bc f   coredll:COREDLL.dll
 0001:000204cc       AppendMenuW                100214cc f   coredll:COREDLL.dll
 0001:000204dc       CreatePopupMenu            100214dc f   coredll:COREDLL.dll
 0001:000204ec       GetCurrentFT               100214ec f   coredll:COREDLL.dll
 0001:000204fc       WaitForMultipleObjects     100214fc f   coredll:COREDLL.dll
 0001:0002050c       StringCchCopyW             1002150c f   coredll:COREDLL.dll
 0001:0002051c       GetWindowTextLengthW       1002151c f   coredll:COREDLL.dll
 0001:0002052c       PostQuitMessage            1002152c f   coredll:COREDLL.dll
 0001:0002053c       WideCharToMultiByte        1002153c f   coredll:COREDLL.dll
 0001:0002054c       MsgWaitForMultipleObjectsEx 1002154c f   coredll:COREDLL.dll
 0001:0002055c       DispatchMessageW           1002155c f   coredll:COREDLL.dll
 0001:0002056c       PeekMessageW               1002156c f   coredll:COREDLL.dll
 0001:0002057c       SetForegroundWindow        1002157c f   coredll:COREDLL.dll
 0001:0002058c       DestroyIcon                1002158c f   coredll:COREDLL.dll
 0001:0002059c       ImageList_ReplaceIcon      1002159c f   coredll:COREDLL.dll
[...]
 0002:00000240       __imp_ImageList_Create     10023240     coredll:COREDLL.dll
 0002:00000244       __imp_GetMessagePos        10023244     coredll:COREDLL.dll
 0002:00000248       __imp_CheckMenuItem        10023248     coredll:COREDLL.dll
 0002:0000024c       __imp_EnableMenuItem       1002324c     coredll:COREDLL.dll
 0002:00000250       __imp_GetSubMenu           10023250     coredll:COREDLL.dll
 0002:00000254       __imp_LoadMenuW            10023254     coredll:COREDLL.dll
 0002:00000258       __imp_WaitForSingleObject  10023258     coredll:COREDLL.dll
 0002:0000025c       __imp_ImageList_Destroy    1002325c     coredll:COREDLL.dll
 0002:00000260       __imp_CreateThread         10023260     coredll:COREDLL.dll
 0002:00000264       __imp_CreateEventW         10023264     coredll:COREDLL.dll
 0002:00000268       __imp_FindWindowW          10023268     coredll:COREDLL.dll
 0002:0000026c       __imp_ReleaseSemaphore     1002326c     coredll:COREDLL.dll
 0002:00000270       __imp_CreateSemaphoreW     10023270     coredll:COREDLL.dll
 0002:00000274       __imp_SetTimer             10023274     coredll:COREDLL.dll
 0002:00000278       __imp_CompareStringW       10023278     coredll:COREDLL.dll
 0002:0000027c       __imp_CreateDialogIndirectParamW 1002327c     coredll:COREDLL.dll
 0002:00000280       __imp_DeviceIoControl      10023280     coredll:COREDLL.dll
 0002:00000284       __imp_Shell_NotifyIcon     10023284     coredll:COREDLL.dll
 0002:00000288       __imp_IsWindowEnabled      10023288     coredll:COREDLL.dll
 0002:0000028c       __imp_TryEnterCriticalSection 1002328c     coredll:COREDLL.dll
 0002:00000290       __imp_ImageList_LoadImage  10023290     coredll:COREDLL.dll
 0002:00000294       __imp_KillTimer            10023294     coredll:COREDLL.dll
 0002:00000298       __imp_Sleep                10023298     coredll:COREDLL.dll
 0002:0000029c       __imp_FileTimeToLocalFileTime 1002329c     coredll:COREDLL.dll
 0002:000002a0       __imp___GetUserKData       100232a0     coredll:COREDLL.dll
 0002:000002a4       __imp_CreateFileW          100232a4     coredll:COREDLL.dll
 0002:000002a8       __imp_GetMessageW          100232a8     coredll:COREDLL.dll
 0002:000002ac       __imp_TranslateMessage     100232ac     coredll:COREDLL.dll
 0002:000002b0       __imp_IsDialogMessageW     100232b0     coredll:COREDLL.dll
 0002:000002b4       __imp_WaitForAPIReady      100232b4     coredll:COREDLL.dll
 0002:000002b8       __imp_GetTickCount         100232b8     coredll:COREDLL.dll
 0002:000002bc       __imp_RegDeleteKeyW        100232bc     coredll:COREDLL.dll
 0002:000002c0       __imp_RegFlushKey          100232c0     coredll:COREDLL.dll
 0002:000002c4       __imp_ActivateDeviceEx     100232c4     coredll:COREDLL.dll
 0002:000002c8       __imp_DeactivateDevice     100232c8     coredll:COREDLL.dll
 0002:000002cc       __imp_ActivateDevice       100232cc     coredll:COREDLL.dll
 0002:000002d0       __imp_RegEnumKeyExW        100232d0     coredll:COREDLL.dll
 0002:000002d4       __imp__wtoi                100232d4     corelib1:COREDLL.dll
 0002:000002d8       __imp_wcslen               100232d8     corelib1:COREDLL.dll
 0002:000002dc       __imp_memcpy               100232dc     corelib1:COREDLL.dll
 0002:000002e0       __imp_memset               100232e0     corelib1:COREDLL.dll
 0002:000002e4       __imp_wcscmp               100232e4     corelib1:COREDLL.dll
 0002:000002e8       __imp_wcscat               100232e8     corelib1:COREDLL.dll
 0002:000002ec       __imp_wcscpy               100232ec     corelib1:COREDLL.dll
 0002:000002f0       __imp__wtol                100232f0     corelib1:COREDLL.dll
 0002:000002f4       __imp_mbstowcs             100232f4     corelib1:COREDLL.dll
 0002:000002f8       __imp_??2@YAPAXI@Z         100232f8     corelib1:COREDLL.dll
 0002:000002fc       __imp_strlen               100232fc     corelib1:COREDLL.dll
 0002:00000300       __imp_??3@YAXPAX@Z         10023300     corelib1:COREDLL.dll
 0002:00000304       __imp_wcsncmp              10023304     corelib1:COREDLL.dll
 0002:00000308       __imp_memcmp               10023308     corelib1:COREDLL.dll
 0002:0000030c       __imp_swprintf             1002330c     corelib1:COREDLL.dll
 0002:00000310       __imp__wcsicmp             10023310     corelib1:COREDLL.dll
 0002:00000314       __imp_wcschr               10023314     corelib1:COREDLL.dll
 0002:00000318       __imp_towupper             10023318     corelib1:COREDLL.dll
 0002:0000031c       __imp_iswctype             1002331c     corelib1:COREDLL.dll
 0002:00000320       __imp_strcmp               10023320     corelib1:COREDLL.dll
 0002:00000324       __imp__itow                10023324     corelib1:COREDLL.dll
 0002:00000328       __imp__isctype             10023328     corelib1:COREDLL.dll
 0002:0000032c       __imp_wcscpy_s             1002332c     corelib1:COREDLL.dll
 0002:00000330       __imp__wcsdup              10023330     corelib1:COREDLL.dll
 0002:00000334       __imp__wcsnicmp            10023334     corelib1:COREDLL.dll
 0002:00000338       __imp_free                 10023338     corelib1:COREDLL.dll
 0002:0000033c       __imp_strncpy              1002333c     corelib1:COREDLL.dll
 0002:00000340       __imp_wcsncpy              10023340     corelib1:COREDLL.dll
 0002:00000344       __imp_strncmp              10023344     corelib1:COREDLL.dll
 0002:00000348       __imp_wcstombs             10023348     corelib1:COREDLL.dll
 0002:0000034c       __imp_malloc               1002334c     corelib1:COREDLL.dll
 0002:00000350       __imp__snwprintf           10023350     corelib1:COREDLL.dll
 0002:00000354       __imp_strcpy               10023354     corelib1:COREDLL.dll
 0002:00000358       __imp_memmove              10023358     corelib1:COREDLL.dll
 0002:0000035c       \177COREDLL_NULL_THUNK_DATA 1002335c     coredll:COREDLL.dll
 0002:00000360       __imp_WSAAddressToStringW  10023360     ws2:WS2.dll
 0002:00000364       \177WS2_NULL_THUNK_DATA    10023364     ws2:WS2.dll
 0002:00000368       __imp_GetNetworkParams     10023368     iphlpapi:iphlpapi.dll
 0002:0000036c       __imp_GetAdaptersAddresses 1002336c     iphlpapi:iphlpapi.dll
 0002:00000370       __imp_GetInterfaceInfo     10023370     iphlpapi:iphlpapi.dll
 0002:00000374       __imp_IpReleaseAddress     10023374     iphlpapi:iphlpapi.dll
 0002:00000378       __imp_IpRenewAddress       10023378     iphlpapi:iphlpapi.dll
 0002:0000037c       __imp_GetAdaptersInfo      1002337c     iphlpapi:iphlpapi.dll
 0002:00000380       \177iphlpapi_NULL_THUNK_DATA 10023380     iphlpapi:iphlpapi.dll
 0002:00000388       ?ProtocolAttrMap@@3PAU_ATTR_MAP@@A 10023388     showcert.obj
 0002:000003b8       ?AlgAttrMap@@3PAU_ATTR_MAP@@A 100233b8     showcert.obj
 0002:000004e4       g_wszHiddWepK              100234e4     wzcprops.obj
 0002:0000051c       g_szHiddWepK               1002351c     wzcprops.obj
 0002:00000538       EAP_TYPE_MD5               10023538     wzcprops.obj
 0002:00000548       EAP_TYPE_TLS               10023548     wzcprops.obj
 0002:00000558       EAP_TYPE_PEAP              10023558     wzcprops.obj
 0002:00000568       EAP_TYPE_MSCHAPv2          10023568     wzcprops.obj
 0002:000005e0       ViewInfo                   100235e0     IpQuickCfgUi.obj
 0002:00006308       ?g_szProfileTemplate@@3PAGA 10029308     nwprofilehelper.obj
 0002:00006f10       __security_cookie          10029f10     corelib0:seccinit.obj
 0002:00006f14       __security_cookie_complement 10029f14     corelib0:seccinit.obj
 0002:00006f20       g_bIsCommCtrlLoaded        10029f20     netui.obj
 0002:00006f38       ?pCertAddCertificateContextToStore@@3P6AHPAXPBU_CERT_CONTEXT@@KPAPBU1@@ZA 10029f38     certui.obj
 0002:00006f3c       ?pCryptReleaseContext@@3P6AHKK@ZA 10029f3c     certui.obj
 0002:00006f40       ?pCertOpenStore@@3P6APAXPBDKKKPBX@ZA 10029f40     certui.obj
 0002:00006f44       ?pCertCreateCertificateContext@@3P6APBU_CERT_CONTEXT@@KPBEK@ZA 10029f44     certui.obj
 0002:00006f48       ?pCertNameToStrW@@3P6AKKPAU_CRYPTOAPI_BLOB@@KPAGK@ZA 10029f48     certui.obj
 0002:00006f4c       ?pCertGetNameStringW@@3P6AKPBU_CERT_CONTEXT@@KKPAXPAGK@ZA 10029f4c     certui.obj
 0002:00006f5c       ?pCryptAcquireContextW@@3P6AHPAKPBG1KK@ZA 10029f5c     certui.obj
 0002:00006f60       ?pCertFreeCertificateContext@@3P6AHPBU_CERT_CONTEXT@@@ZA 10029f60     certui.obj
 0002:00006f64       ?pCryptEnumProvidersW@@3P6AHKPAKK0PAG0@ZA 10029f64     certui.obj
 0002:00006f68       ?pCryptGetProvParam@@3P6AHKKPAEPAKK@ZA 10029f68     certui.obj
 0002:00006f6c       ?pCryptFindOIDInfo@@3P6APBU_CRYPT_OID_INFO@@KPAXK@ZA 10029f6c     certui.obj
 0002:00006f70       ?pCertGetEnhancedKeyUsage@@3P6AHPBU_CERT_CONTEXT@@KPAU_CTL_USAGE@@PAK@ZA 10029f70     certui.obj
 0002:00006f74       ?pCryptGetUserKey@@3P6AHKKPAK@ZA 10029f74     certui.obj
 0002:00006f78       ?pCryptGetKeyParam@@3P6AHKKPAEPAKK@ZA 10029f78     certui.obj
 0002:00006f7c       ?pCertCloseStore@@3P6AHPAXK@ZA 10029f7c     certui.obj
 0002:00006f80       ?pCertEnumCertificatesInStore@@3P6APBU_CERT_CONTEXT@@PAXPBU1@@ZA 10029f80     certui.obj
 0002:00006f84       ?pCertAddEncodedCertificateToStore@@3P6AHPAXKPBEKKPAPBU_CERT_CONTEXT@@@ZA 10029f84     certui.obj
 0002:00006f88       ?pCertFindCertificateInStore@@3P6APBU_CERT_CONTEXT@@PAXKKKPBXPBU1@@ZA 10029f88     certui.obj
 0002:00006f8c       ?pCertSetCertificateContextProperty@@3P6AHPBU_CERT_CONTEXT@@KKPBX@ZA 10029f8c     certui.obj
 0002:00006f90       ?pCertGetCertificateContextProperty@@3P6AHPBU_CERT_CONTEXT@@KPAXPAK@ZA 10029f90     certui.obj
 0002:00006f94       ?pCryptDestroyKey@@3P6AHK@ZA 10029f94     certui.obj
 0002:00006f98       ?pCertDuplicateCertificateContext@@3P6APBU_CERT_CONTEXT@@PBU1@@ZA 10029f98     certui.obj
 0002:00006f9c       ?pCertCompareCertificateName@@3P6AHKPAU_CRYPTOAPI_BLOB@@0@ZA 10029f9c     certui.obj
 0002:000095ec       g_dwWifiInitCount          1002c5ec     wzcui.obj
 0002:000095f0       pfnWlanOpenHandle          1002c5f0     wzcui.obj
 0002:000095f4       pfnWlanCloseHandle         1002c5f4     wzcui.obj
 0002:000095f8       pfnWlanEnumInterfaces      1002c5f8     wzcui.obj
 0002:000095fc       pfnWlanQueryInterface      1002c5fc     wzcui.obj
 0002:00009600       pfnWlanRegisterNotification 1002c600     wzcui.obj
 0002:00009604       pfnWlanScan                1002c604     wzcui.obj
 0002:00009608       pfnWlanGetAvailableNetworkList 1002c608     wzcui.obj
 0002:0000960c       pfnWlanFreeMemory          1002c60c     wzcui.obj
 0002:00009610       pfnCmGetConnectionConfig   1002c610     wzcui.obj
 0002:00009614       pfnCmAddConnectionConfig   1002c614     wzcui.obj
 0002:00009618       pfnCmDeleteConnectionConfig 1002c618     wzcui.obj
 0002:0000961c       pfnCmRegisterNotificationsListener 1002c61c     wzcui.obj
 0002:00009620       pfnCmUnregisterNotificationsListener 1002c620     wzcui.obj
 0002:00009624       pfnCmCloseSession          1002c624     wzcui.obj
 0002:00009628       pfnCmGetToUpdateConnectionConfig 1002c628     wzcui.obj
 0002:0000962c       pfnCmUpdateConnectionConfig 1002c62c     wzcui.obj
 0002:00009630       pfnCmCreateSession         1002c630     wzcui.obj
 0002:00009634       pfnCmGetNotification       1002c634     wzcui.obj
 0002:00009638       pfnCmReleaseConnection     1002c638     wzcui.obj
 0002:0000963c       pfnCmGetFirstCandidateConnection 1002c63c     wzcui.obj
 0002:00009640       pfnCmGetNextCandidateConnection 1002c640     wzcui.obj
 0002:00009644       pfnCmGetConnectionDetailsByHandle 1002c644     wzcui.obj
 0002:00009648       pfnCmGetConnectionDetailsByName 1002c648     wzcui.obj
 0002:0000964c       pfnCmAcquireConnection     1002c64c     wzcui.obj
 0002:00009650       pfnCmEnumConnectionsConfigByType 1002c650     wzcui.obj
 0002:00009654       pfnCmSetPriority           1002c654     wzcui.obj
 0002:00009658       pfnCoInitializeEx          1002c658     wzcui.obj
 0002:0000965c       pfnCoUninitialize          1002c65c     wzcui.obj
 0002:00009660       pfnCoCreateInstance        1002c660     wzcui.obj
 0002:00009664       pfnSysAllocString          1002c664     wzcui.obj
 0002:00009668       pfnSysAllocStringLen       1002c668     wzcui.obj
 0002:0000966c       pfnSysFreeString           1002c66c     wzcui.obj
 0002:00009670       pfnSysStringLen            1002c670     wzcui.obj
 0002:00009674       pfnEapHostPeerInvokeConfigUI 1002c674     wzcui.obj
 0002:00009678       pfnEapHostPeerGetMethods   1002c678     wzcui.obj
 0002:0000967c       pfnEapHostPeerFreeMemory   1002c67c     wzcui.obj
 0002:00009680       pfnEapHostPeerFreeErrorMemory 1002c680     wzcui.obj
 0002:0000c204       g_hNdisUio                 1002f204     QuickConfigUi.obj
 0002:0000d118       g_pNWCacheHead             10030118     WzcPopup.obj
 0002:0000d11c       ??_B?1??get_lock@?$singleton@V?$free_list@$0GE@Vallocator@ce@@@ce@@$03V?$static_allocator@V?$free_list@$0GE@Vallocator@ce@@@ce@@$03@2@@ce@@KAAAVcritical_section@2@XZ@51 1003011c     nwprofilehelper.obj
 0002:0000d120       ?cs@?1??get_lock@?$singleton@V?$free_list@$0GE@Vallocator@ce@@@ce@@$03V?$static_allocator@V?$free_list@$0GE@Vallocator@ce@@@ce@@$03@2@@ce@@KAAAVcritical_section@3@XZ@4V43@A 10030120     nwprofilehelper.obj
 0002:0000d134       ?_factory@?$singleton@V?$free_list@$0GE@Vallocator@ce@@@ce@@$03V?$static_allocator@V?$free_list@$0GE@Vallocator@ce@@@ce@@$03@2@@ce@@1Ulock_factory@12@A 10030134     nwprofilehelper.obj
 0002:0000d234       _exitflag                  10030234     corelib0:cexit.obj
 0002:0000d238       g_pSystrayIconsHead        10030238     <common>
 0002:0000d240       g_csLock                   10030240     <common>
 0002:0000d260       g_wszDelete                10030260     <common>
 0002:0000d280       g_fConfiguring             10030280     <common>
 0002:0000d2a0       g_wszPreferred             100302a0     <common>
 0002:0000d2c0       g_fPopup                   100302c0     <common>
 0002:0000d2c4       g_hStopConnectEvent        100302c4     <common>
 0002:0000d2e0       g_wszConnect               100302e0     <common>
 0002:0000d300       g_wszConfigure             10030300     <common>
 0002:0000d320       g_cchPreferred             10030320     <common>
 0002:0000d340       g_wszAddNew                10030340     <common>
 0002:0000d360       g_wszCbDisabled            10030360     <common>
 0002:0000d380       g_wszCbSSN                 10030380     <common>
 0002:0000d3a0       g_wszCbTKIP                100303a0     <common>
 0002:0000d3c0       g_wszCbWPA2PSK             100303c0     <common>
 0002:0000d3e0       g_wszCbWEP                 100303e0     <common>
 0002:0000d400       g_wszCbSSNPSK              10030400     <common>
 0002:0000d420       g_wszCbWPA2                10030420     <common>
 0002:0000d440       g_wszCbOpen                10030440     <common>
 0002:0000d460       g_wszCbAES                 10030460     <common>
 0002:0000d480       g_wszCbShared              10030480     <common>
 0002:0000d4a0       dwHighLocId                100304a0     <common>
 0002:0000d4a4       dwCurrLocId                100304a4     <common>
 0002:0000d4a8       oldEditCtlProc             100304a8     <common>
 0002:0000d4ac       cyScreen                   100304ac     <common>
 0002:0000d4b0       nCurrLocation              100304b0     <common>
 0002:0000d4b4       hwndDial                   100304b4     <common>
 0002:0000d4b8       cxScreen                   100304b8     <common>
 0002:0000d4bc       nNumLocations              100304bc     <common>
 0002:0000d4c0       g_csNetUI                  100304c0     <common>
 0002:0000d4e0       CommCtrlFunctions          100304e0     <common>
 0002:0000d524       v_hInst                    10030524     <common>
 0002:0000d528       __onexitend                10030528     <common>
 0002:0000d52c       __onexitbegin              1003052c     <common>
 0002:0000d530       g_pcsExit                  10030530     <common>

 entry point at        0001:000207fc

 Static symbols

 0001:00005b40       DlgProcAddConnect          10006b40 f   wnet.obj
 0001:00005c48       DisconnectDialogDone       10006c48 f   wnet.obj
 0001:00005ccc       DlgProcRemoveConnect       10006ccc f   wnet.obj
 0001:00006850       ?InitListViewColumns@@YAHPAUHWND__@@@Z 10007850 f   certui.obj
 0001:00006938       ?PopulateListView@@YAHPAUHWND__@@PAU_NETUI_PICKCERT@@@Z 10007938 f   certui.obj
 0001:00010830       ?WaitForSingleObjectMessageLoop@@YAHPAXK@Z 10011830 f   btmgmtui.obj
 0001:000108d0       ?PropSheetCallback@@YAHPAUHWND__@@IJ@Z 100118d0 f   btmgmtui.obj
 0001:00010928       ?DlgProcEnterPin@@YAHPAUHWND__@@IIJ@Z 10011928 f   btmgmtui.obj
 0001:000109ec       ?GetSelectedListItem@@YAHPAUHWND__@@PAUtagLVITEMW@@PAGH@Z 100119ec f   btmgmtui.obj
 0001:00010a98       ?PopulateLists@@YAHXZ      10011a98 f   btmgmtui.obj
 0001:00010c98       ?LoadIcons@@YAPAU_IMAGELIST@@XZ 10011c98 f   btmgmtui.obj
 0001:00010d3c       ?CreateActiveMenu@@YAHPAUHWND__@@H@Z 10011d3c f   btmgmtui.obj
 0001:00010f00       ?SetDeviceIcons@@YAXPAUBTDEVICE@@@Z 10011f00 f   btmgmtui.obj
 0001:00010fc8       ?EnumCallback@@YAHPAXPAUBTDEV@@@Z 10011fc8 f   btmgmtui.obj
 0001:00011040       ?getUuid@@YAGH@Z           10012040 f   btmgmtui.obj
 0001:000110b0       ?GetBA@@YAHPAGPA_K@Z       100120b0 f   btmgmtui.obj
 0001:000111d8       ?ServiceAndAttributeSearch@@YAJPAEKPAPAPAUISdpRecord@@PAK@Z 100121d8 f   btmgmtui.obj
 0001:00011318       ?FindTrustedDevice@@YAPAUBTDEVICE@@_K@Z 10012318 f   btmgmtui.obj
 0001:000113cc       ?FindTrustedOrEmptyService@@YAPAUBTDEVICE@@_KH@Z 100123cc f   btmgmtui.obj
 0001:000114a0       ?DeregisterDeviceClass@@YAXH@Z 100124a0 f   btmgmtui.obj
 0001:00011568       ?DeleteListItem@@YAXPAUHWND__@@PAUBTDEVICE@@@Z 10012568 f   btmgmtui.obj
 0001:00011600       ?RemovePINLink@@YAXPAUBTDEVICE@@@Z 10012600 f   btmgmtui.obj
 0001:00011650       ?ActivateBthDevice@@YAXPAUBTDEVICE@@@Z 10012650 f   btmgmtui.obj
 0001:000116e0       ?CreateLists@@YAHXZ        100126e0 f   btmgmtui.obj
 0001:000117f0       ?CreateDevice@@YAXXZ       100127f0 f   btmgmtui.obj
 0001:00011ad0       ?StopInquiryAndPair@@YAHXZ 10012ad0 f   btmgmtui.obj
 0001:00011d28       ?VerifyHIDRecord@@YAHPAEHPAK@Z 10012d28 f   btmgmtui.obj
 0001:00011e34       ?FindRFCOMMChannel@@YAJPAEH0PAU_GUID@@@Z 10012e34 f   btmgmtui.obj
 0001:00012238       ?FindPANService@@YAJPAEHPAU_GUID@@@Z 10013238 f   btmgmtui.obj
 0001:00012424       ?DeleteUntrusted@@YAXXZ    10013424 f   btmgmtui.obj
 0001:000125b8       ?DoSDP@@YAHPA_KHPAEPAPAEPAIPAKPAU_GUID@@@Z 100135b8 f   btmgmtui.obj
 0001:00012a10       ?DoInquiry@@YAKPAX@Z       10013a10 f   btmgmtui.obj
 0001:00013064       ?DlgProcScanDC@@YAHPAUHWND__@@IIJ@Z 10014064 f   btmgmtui.obj
 0001:000138f8       ?DlgProcScanDCP@@YAHPAUHWND__@@IIJ@Z 100148f8 f   btmgmtui.obj
 0001:0001dabc       ?HexStringToDword@@YAHPAPAGAAKHG@Z 1001eabc f   btenum:btenum.obj
 0001:0001db80       ?StrToGUID@@YAHPAGPAU_GUID@@@Z 1001eb80 f   btenum:btenum.obj
 0001:0001dd5c       ?DeactivatePanDevice@@YAXPAUBTDEV@@@Z 1001ed5c f   btenum:btenum.obj
 0001:0001de74       ?ActivatePanDevice@@YAHPAUBTDEV@@H@Z 1001ee74 f   btenum:btenum.obj
 0001:0001e230       ?BthEnumInit@@YAXXZ        1001f230 f   btenum:btenum.obj
 0001:0001ea60       ?ConnectToHidDevice@@YAHPAUBTDEV@@H@Z 1001fa60 f   btenum:btenum.obj
 0001:0001ed24       ?ActivateBluetoothPort@@YAHPAUBTDEV@@K@Z 1001fd24 f   btenum:btenum.obj
 0001:00020b2c       doexit                     10021b2c f   corelib0:cexit.obj
 0001:00020f6c       ??__E?_factory@?$singleton@V?$free_list@$0GE@Vallocator@ce@@@ce@@$03V?$static_allocator@V?$free_list@$0GE@Vallocator@ce@@@ce@@$03@2@@ce@@1Ulock_factory@12@A@@YAXXZ 10021f6c f   nwprofilehelper.obj
 0001:00020f70       ??__Es_nodeMap@@YAXXZ      10021f70 f   nwprofilehelper.obj
 0001:00020fd0       ??__Fs_nodeMap@@YAXXZ      10021fd0 f   nwprofilehelper.obj
