 ole32

 Timestamp is 618b158a (Tue Nov 09 17:42:50 2021)

 Preferred load address is 10000000

 Start         Length     Name                   Class
 0001:00000000 00000004H .CRT$XCA                CODE
 0001:00000004 00000050H .CRT$XCU                CODE
 0001:00000054 00000004H .CRT$XCZ                CODE
 0001:00000058 00000004H .CRT$XIA                CODE
 0001:0000005c 00000004H .CRT$XIZ                CODE
 0001:00000060 00000004H .CRT$XPA                CODE
 0001:00000064 00000004H .CRT$XPZ                CODE
 0001:00000068 00000004H .CRT$XTA                CODE
 0001:0000006c 00000004H .CRT$XTZ                CODE
 0001:00000070 000087e4H .rdata                  CODE
 0001:00008854 00000022H .rdata$debug            CODE
 0001:00008878 00055c64H .text                   CODE
 0001:0005e4dc 000001b8H .text$yc                CODE
 0001:0005e694 000000fcH .text$yd                CODE
 0001:0005e790 000007f8H .xdata                  CODE
 0001:0005ef88 00000028H .idata$2                CODE
 0001:0005efb0 00000014H .idata$3                CODE
 0001:0005efc4 00000338H .idata$4                CODE
 0001:0005f2fc 00000684H .idata$6                CODE
 0001:0005f980 00000e14H .edata                  CODE
 0002:00000000 00005b70H .orpc                   CODE
 0003:00000000 00000338H .idata$5                DATA
 0003:00000338 00001a6cH .data                   DATA
 0003:00001da8 0000143cH .bss                    DATA
 0004:00000000 00004b68H .pdata                  DATA

  Address         Publics by Value              Rva+Base       Lib:Object

 0000:00000000       ___safe_se_handler_count   00000000     <absolute>
 0000:00000000       ___safe_se_handler_table   00000000     <absolute>
 0001:00000000       __xc_a                     10001000     corelib0:crt0init.obj
 0001:00000054       __xc_z                     10001054     corelib0:crt0init.obj
 0001:00000058       __xi_a                     10001058     corelib0:crt0init.obj
 0001:0000005c       __xi_z                     1000105c     corelib0:crt0init.obj
 0001:00000060       __xp_a                     10001060     corelib0:crt0init.obj
 0001:00000064       __xp_z                     10001064     corelib0:crt0init.obj
 0001:00000068       __xt_a                     10001068     corelib0:crt0init.obj
 0001:0000006c       __xt_z                     1000106c     corelib0:crt0init.obj
 0001:0000008c       IID_IStdIdentity           1000108c     ole32_ALL:COMPOBJ.obj
 0001:0000009c       IID_IInternalUnknown       1000109c     ole32_ALL:COMPOBJ.obj
 0001:000000ac       IID_INonNDRStub            100010ac     ole32_ALL:COMPOBJ.obj
 0001:000000bc       CLSID_FileMoniker          100010bc     ole32_ALL:COMPOBJ.obj
 0001:000000cc       CLSID_ItemMoniker          100010cc     ole32_ALL:COMPOBJ.obj
 0001:000000dc       CLSID_AntiMoniker          100010dc     ole32_ALL:COMPOBJ.obj
 0001:000000ec       CLSID_PointerMoniker       100010ec     ole32_ALL:COMPOBJ.obj
 0001:000000fc       CLSID_CompositeMoniker     100010fc     ole32_ALL:COMPOBJ.obj
 0001:0000010c       CLSID_ClassMoniker         1000110c     ole32_ALL:COMPOBJ.obj
 0001:0000011c       CLSID_ErrorObject          1000111c     ole32_ALL:COMPOBJ.obj
 0001:0000012c       ERROR_EXTENSION            1000112c     ole32_ALL:COMPOBJ.obj
 0001:0000013c       CLSID_PSOlePrx32           1000113c     ole32_ALL:COMPOBJ.obj
 0001:0000014c       CLSID_ObjrefMoniker        1000114c     ole32_ALL:COMPOBJ.obj
 0001:0000015c       CLSID_ComBinding           1000115c     ole32_ALL:COMPOBJ.obj
 0001:0000016c       CLSID_PSDispatch           1000116c     ole32_ALL:COMPOBJ.obj
 0001:0000017c       ??_7COleStaticMutexSem@@6B@ 1000117c     ole32_ALL:COMPOBJ.obj
 0001:00000180       ??_C@_1BG@POFIGNHI@?$AAS?$AAm?$AAa?$AAr?$AAt?$AAP?$AAh?$AAo?$AAn?$AAe?$AA?$AA@ 10001180     ole32_ALL:COMPOBJ.obj
 0001:00000198       ??_C@_1BK@LEFPDCAJ@?$AAo?$AAl?$AAe?$AAa?$AAu?$AAt?$AA3?$AA2?$AA?4?$AAd?$AAl?$AAl?$AA?$AA@ 10001198     ole32_ALL:COMPOBJ.obj
 0001:000001b8       ??_C@_1EE@LBDKGGBP@?$AAS?$AAo?$AAf?$AAt?$AAw?$AAa?$AAr?$AAe?$AA?2?$AAM?$AAi?$AAc?$AAr?$AAo?$AAs?$AAo?$AAf?$AAt?$AA?2?$AAO?$AAL?$AAE?$AA?2?$AAL?$AAe?$AAg?$AAa?$AAc?$AAy?$AAA?$AAp?$AAp@ 100011b8     ole32_ALL:COMPOBJ.obj
 0001:000001fc       ??_C@_1BE@JIPKLCGE@?$AA?2?$AAN?$AAe?$AAt?$AAw?$AAo?$AAr?$AAk?$AA?2?$AA?$AA@ 100011fc     ole32_ALL:CMONIMP.obj
 0001:00000210       ??_C@_1CM@JEBLOPBI@?$AAW?$AAN?$AAe?$AAt?$AAG?$AAe?$AAt?$AAU?$AAn?$AAi?$AAv?$AAe?$AAr?$AAs?$AAa?$AAl?$AAN?$AAa?$AAm?$AAe?$AAW?$AA?$AA@ 10001210     ole32_ALL:CMONIMP.obj
 0001:0000023c       ??_C@_1BI@CJKPFBEK@?$AAc?$AAo?$AAr?$AAe?$AAd?$AAl?$AAl?$AA?4?$AAd?$AAl?$AAl?$AA?$AA@ 1000123c     ole32_ALL:CMONIMP.obj
 0001:00000254       ??_C@_17FLNAHGDE@?$AAA?$AA?3?$AA?2?$AA?$AA@ 10001254     ole32_ALL:CMONIMP.obj
 0001:0000025c       ??_C@_13MGDFOILI@?$AA?$CB?$AA?$AA@ 1000125c     ole32_ALL:CMONIMP.obj
 0001:00000260       ??_C@_1CE@FOOPNGNJ@?$AA?$CB?$AA?$CC?$AA?8?$AA?$CK?$AA?$CL?$AA?0?$AA?1?$AA?$DL?$AA?$DM?$AA?$DN?$AA?$DO?$AA?$DP?$AA?$EA?$AA?$FL?$AA?$FN?$AA?$GA?$AA?$HM?$AA?$AA@ 10001260     ole32_ALL:CMONIMP.obj
 0001:00000284       ??_C@_1O@BGPMPFMD@?$AA?2?$AAC?$AAl?$AAs?$AAi?$AAd?$AA?$AA@ 10001284     ole32_ALL:COMPAPI.obj
 0001:00000294       ??_7CXmitRpcStream@@6B@    10001294     ole32_ALL:SOBJACT.obj
 0001:000002cc       ??_7CObjServer@@6B@        100012cc     ole32_ALL:SOBJACT.obj
 0001:000002e8       IID_IAccessControl         100012e8     ole32_ALL:SECURITY.obj
 0001:000002f8       ??_7CServerSecurity@@6B@   100012f8     ole32_ALL:SECURITY.obj
 0001:00000314       ??_C@_1CI@KHFCENDM@?$AAA?$AAu?$AAt?$AAh?$AAe?$AAn?$AAt?$AAi?$AAc?$AAa?$AAt?$AAi?$AAo?$AAn?$AAL?$AAe?$AAv?$AAe?$AAl?$AA?$AA@ 10001314     ole32_ALL:SECURITY.obj
 0001:0000033c       ??_C@_1BA@GHOECOCL@?$AAD?$AAe?$AAf?$AAa?$AAu?$AAl?$AAt?$AA?$AA@ 1000133c     ole32_ALL:SECURITY.obj
 0001:0000034c       ??_C@_1DA@ONHECMH@?$AAD?$AAe?$AAf?$AAa?$AAu?$AAl?$AAt?$AAA?$AAc?$AAc?$AAe?$AAs?$AAs?$AAP?$AAe?$AAr?$AAm?$AAi?$AAs?$AAs?$AAi?$AAo?$AAn?$AA?$AA@ 1000134c     ole32_ALL:SECURITY.obj
 0001:0000037c       ??_C@_1CO@LGJNIHNE@?$AAS?$AAO?$AAF?$AAT?$AAW?$AAA?$AAR?$AAE?$AA?2?$AAM?$AAi?$AAc?$AAr?$AAo?$AAs?$AAo?$AAf?$AAt?$AA?2?$AAO?$AAL?$AAE?$AA?$AA@ 1000137c     ole32_ALL:SECURITY.obj
 0001:000003ac       ??_C@_1CC@JNCNNNPK@?$AAA?$AAc?$AAc?$AAe?$AAs?$AAs?$AAP?$AAe?$AAr?$AAm?$AAi?$AAs?$AAs?$AAi?$AAo?$AAn?$AA?$AA@ 100013ac     ole32_ALL:SECURITY.obj
 0001:000003d0       ??_C@_1M@EJNEECMJ@?$AAA?$AAp?$AAp?$AAI?$AAD?$AA?$AA@ 100013d0     ole32_ALL:SECURITY.obj
 0001:000003dc       ??_C@_1O@DDBLFHF@?$AAA?$AAp?$AAp?$AAI?$AAD?$AA?2?$AA?$AA@ 100013dc     ole32_ALL:SECURITY.obj
 0001:000003ec       ??_7CFmCtrlUnknown@@6B@    100013ec     ole32_ALL:IPMRSHL.obj
 0001:000003f8       ??_7CFreeMarshaler@@6B@    100013f8     ole32_ALL:IPMRSHL.obj
 0001:0000041c       ??_C@_1BE@DBKAINNB@?$AAO?$AAL?$AAE?$AA3?$AA2?$AA?4?$AAD?$AAL?$AAL?$AA?$AA@ 1000141c     ole32_ALL:COBJACT.obj
 0001:000004d0       ?gRemUnknownIf@@3U_RPC_SERVER_INTERFACE@@B 100014d0     ole32_ALL:RIFTBL.obj
 0001:00000514       ??_7CUUIDHashTable@@6B@    10001514     ole32_ALL:RIFTBL.obj
 0001:00000524       ??_7CStringHashTable@@6B@  10001524     ole32_ALL:IPIDTBL.obj
 0001:00000534       ??_C@_1CE@DAFIIABK@?$AAS?$AAl?$AAo?$AAw?$AAR?$AAp?$AAc?$AAT?$AAi?$AAm?$AAe?$AAF?$AAa?$AAc?$AAt?$AAo?$AAr?$AA?$AA@ 10001534     ole32_ALL:CALLCTRL.obj
 0001:00000558       ??_C@_1CC@FHGFHEJK@?$AAO?$AAl?$AAe?$AAC?$AAo?$AAm?$AAp?$AAa?$AAt?$AAi?$AAb?$AAi?$AAl?$AAi?$AAt?$AAy?$AA?$AA@ 10001558     ole32_ALL:CALLCTRL.obj
 0001:0000057c       ??_7CMTARpcChnl@@6B@       1000157c     ole32_ALL:CALLCTRL.obj
 0001:000005a4       ??_7CAptRpcChnl@@6B@       100015a4     ole32_ALL:CALLCTRL.obj
 0001:000005d0       ??_7CClassMoniker@@6BIMoniker@@@ 100015d0     ole32_ALL:CLASSMON.obj
 0001:0000062c       ??_7CClassMoniker@@6BIROTData@@@ 1000162c     ole32_ALL:CLASSMON.obj
 0001:0000063c       ??_7CClassMoniker@@6BIMarshal@@@ 1000163c     ole32_ALL:CLASSMON.obj
 0001:00000660       ??_C@_13EBCNDICG@?$AA?3?$AA?$AA@ 10001660     ole32_ALL:CLASSMON.obj
 0001:00000664       ??_C@_1BO@KEAMHHIL@?$AAS?$AAy?$AAs?$AAA?$AAl?$AAl?$AAo?$AAc?$AAS?$AAt?$AAr?$AAi?$AAn?$AAg?$AA?$AA@ 10001664     ole32_ALL:CERROR.obj
 0001:00000684       ??_C@_1BC@EMAMFHHJ@?$AAo?$AAl?$AAe?$AAa?$AAu?$AAt?$AA3?$AA2?$AA?$AA@ 10001684     ole32_ALL:CERROR.obj
 0001:00000698       ??_C@_1BM@IPMMHKAH@?$AAS?$AAy?$AAs?$AAF?$AAr?$AAe?$AAe?$AAS?$AAt?$AAr?$AAi?$AAn?$AAg?$AA?$AA@ 10001698     ole32_ALL:CERROR.obj
 0001:000006b4       ??_C@_1CI@HONEEDOE@?$AAS?$AAy?$AAs?$AAR?$AAe?$AAA?$AAl?$AAl?$AAo?$AAc?$AAS?$AAt?$AAr?$AAi?$AAn?$AAg?$AAL?$AAe?$AAn?$AA?$AA@ 100016b4     ole32_ALL:CERROR.obj
 0001:000006dc       ??_C@_1CC@PACLCEDK@?$AAS?$AAy?$AAs?$AAS?$AAt?$AAr?$AAi?$AAn?$AAg?$AAB?$AAy?$AAt?$AAe?$AAL?$AAe?$AAn?$AA?$AA@ 100016dc     ole32_ALL:CERROR.obj
 0001:00000700       ??_7CErrorObject@@6BIErrorInfo@@@ 10001700     ole32_ALL:CERROR.obj
 0001:00000720       ??_7CErrorObject@@6BICreateErrorInfo@@@ 10001720     ole32_ALL:CERROR.obj
 0001:00000740       ??_7CErrorObject@@6BIMarshal@@@ 10001740     ole32_ALL:CERROR.obj
 0001:00000768       ??_7CCompositeMoniker@@6BIMoniker@@@ 10001768     ole32_ALL:CCOMPMON.obj
 0001:000007c8       ??_7CCompositeMoniker@@6BIROTData@@@ 100017c8     ole32_ALL:CCOMPMON.obj
 0001:000007d8       ??_7CCompositeMonikerEnum@@6B@ 100017d8     ole32_ALL:CCOMPMON.obj
 0001:000007f8       ??_7CBaseMoniker@@6BIMoniker@@@ 100017f8     ole32_ALL:CCOMPMON.obj
 0001:00000858       ??_7CBaseMoniker@@6BIROTData@@@ 10001858     ole32_ALL:CCOMPMON.obj
 0001:00000868       ??_7COAHolder@@6B@         10001868     ole32_ALL:oaholder.obj
 0001:0000088c       ??_7CMemStm@@6B@           1000188c     ole32_ALL:memstm.obj
 0001:000008c4       ?DEBUG_EXTENSION@@3U_GUID@@B 100018c4     ole32_ALL:CHANNELB.obj
 0001:000008d4       ??_7CErrorChannelHook@@6B@ 100018d4     ole32_ALL:CHANNELB.obj
 0001:000008f8       ??_7CRpcChannelBuffer@@6B@ 100018f8     ole32_ALL:CHANNELB.obj
 0001:00000920       ??_7CDebugChannelHook@@6B@ 10001920     ole32_ALL:CHANNELB.obj
 0001:00000944       ??_C@_17MKFMIEKO@?$AA?4?$AA?4?$AA?2?$AA?$AA@ 10001944     ole32_ALL:CFILEMON.obj
 0001:00000950       ??_7CFileMoniker@@6BIMoniker@@@ 10001950     ole32_ALL:CFILEMON.obj
 0001:000009b4       ??_7CFileMoniker@@6BIROTData@@@ 100019b4     ole32_ALL:CFILEMON.obj
 0001:000009c4       ??_C@_11LOCGONAA@?$AA?$AA@ 100019c4     ole32_ALL:CFILEMON.obj
 0001:000009c8       ??_7CRunningObjectTable@@6B@ 100019c8     ole32_ALL:CROT.obj
 0001:000009f0       ??_7CRotMonikerEnum@@6B@   100019f0     ole32_ALL:CROT.obj
 0001:00000a0c       ??_C@_1BO@EGEAFJOD@?$AAO?$AAl?$AAe?$AAD?$AAf?$AAR?$AAo?$AAo?$AAt?$AA?$CF?$AA0?$AA8?$AAl?$AAX?$AA?$AA@ 10001a0c     ole32_ALL:docfile.obj
 0001:00000a48       ??_C@_1HA@GIPCBIGD@?$AAn?$AAc?$AAa?$AAl?$AAr?$AAp?$AAc?$AA?3?$AA?$FL?$AAe?$AAp?$AAm?$AAa?$AAp?$AAp?$AAe?$AAr?$AA?0?$AAS?$AAe?$AAc?$AAu?$AAr?$AAi?$AAt?$AAy?$AA?$DN?$AAI?$AAm?$AAp?$AAe?$AAr@ 10001a48     ole32_ALL:RESOLVER.obj
 0001:00000ab8       CLSID_MyPSFactoryBuffer    10001ab8     ole32_ALL:transmit.obj
 0001:00000ac8       ??_7CPunkForRelease@@6B@   10001ac8     ole32_ALL:transmit.obj
 0001:00000ad4       ??_7CContinue@@6B@         10001ad4     ole32_ALL:transmit.obj
 0001:00000ae4       ??_7CStreamOnMessage@@6B@  10001ae4     ole32_ALL:transmit.obj
 0001:00000b68       ??_7CFileMonikerFactory@@6BIClassFactory@@@ 10001b68     ole32_ALL:CFACTORY.obj
 0001:00000b7c       ??_7CFileMonikerFactory@@6BIParseDisplayName@@@ 10001b7c     ole32_ALL:CFACTORY.obj
 0001:00000b8c       ??_7CObjrefMonikerFactory@@6BIClassFactory@@@ 10001b8c     ole32_ALL:CFACTORY.obj
 0001:00000ba0       ??_7CObjrefMonikerFactory@@6BIParseDisplayName@@@ 10001ba0     ole32_ALL:CFACTORY.obj
 0001:00000bb0       ??_7CClassMonikerFactory@@6BIClassFactory@@@ 10001bb0     ole32_ALL:CFACTORY.obj
 0001:00000bc4       ??_7CClassMonikerFactory@@6BIParseDisplayName@@@ 10001bc4     ole32_ALL:CFACTORY.obj
 0001:00000bd4       ??_7CDllHost@@6B@          10001bd4     ole32_ALL:DLLHOST.obj
 0001:00000be4       ??_C@_1O@POKAANMG@?$AAC?$AAl?$AAs?$AAi?$AAd?$AA?2?$AA?$AA@ 10001be4     ole32_ALL:PATTBL.obj
 0001:00000bf4       ??_C@_1BC@NKMMNMGL@?$AAF?$AAi?$AAl?$AAe?$AAT?$AAy?$AAp?$AAe?$AA?$AA@ 10001bf4     ole32_ALL:PATTBL.obj
 0001:00000c08       ??_7CExtHashTable@@6B@     10001c08     ole32_ALL:pexttbl.obj
 0001:00000c18       ??_C@_1CM@CMHGJDLG@?$AAO?$AAl?$AAe?$AAM?$AAa?$AAi?$AAn?$AAT?$AAh?$AAr?$AAe?$AAa?$AAd?$AAW?$AAn?$AAd?$AAC?$AAl?$AAa?$AAs?$AAs?$AA?$AA@ 10001c18     ole32_ALL:DLLCACHE.obj
 0001:00000c44       ??_C@_1CK@GPHPIOMF@?$AAO?$AAl?$AAe?$AAM?$AAa?$AAi?$AAn?$AAT?$AAh?$AAr?$AAe?$AAa?$AAd?$AAW?$AAn?$AAd?$AAN?$AAa?$AAm?$AAe?$AA?$AA@ 10001c44     ole32_ALL:DLLCACHE.obj
 0001:00000d04       ??_C@_1CA@HIFBNMAG@?$AAD?$AAl?$AAl?$AAC?$AAa?$AAn?$AAU?$AAn?$AAl?$AAo?$AAa?$AAd?$AAN?$AAo?$AAw?$AA?$AA@ 10001d04     ole32_ALL:DLLCACHE.obj
 0001:00000d24       ??_C@_1CE@GIIEPNKC@?$AAD?$AAl?$AAl?$AAG?$AAe?$AAt?$AAC?$AAl?$AAa?$AAs?$AAs?$AAO?$AAb?$AAj?$AAe?$AAc?$AAt?$AA?$AA@ 10001d24     ole32_ALL:DLLCACHE.obj
 0001:00000d48       ??_C@_1BM@NLEIHFDK@?$AAO?$AAL?$AAE?$AAC?$AAh?$AAa?$AAn?$AAn?$AAe?$AAl?$AAW?$AAn?$AAd?$AA?$AA@ 10001d48     ole32_ALL:CHANCONT.obj
 0001:00000d64       ??_C@_17LODAJCMP@?$AAO?$AAL?$AAE?$AA?$AA@ 10001d64     ole32_ALL:SERVICE.obj
 0001:00000d6c       ??_C@_1BA@EONDGCCM@?$AAn?$AAc?$AAa?$AAl?$AAr?$AAp?$AAc?$AA?$AA@ 10001d6c     ole32_ALL:SERVICE.obj
 0001:00000d7c       ??_C@_1BK@CAFFCECE@?$AAn?$AAc?$AAa?$AAl?$AAr?$AAp?$AAc?$AA?3?$AA?$FL?$AAO?$AAL?$AAE?$AA?$AA@ 10001d7c     ole32_ALL:SERVICE.obj
 0001:00000d98       ??_C@_13OHNMPHJM@?$AA?$FN?$AA?$AA@ 10001d98     ole32_ALL:SERVICE.obj
 0001:00000d9c       ??_C@_15JOGBDECP@?$AA?0?$AA?5?$AA?$AA@ 10001d9c     ole32_ALL:SERVICE.obj
 0001:00000da4       ??_C@_1BE@EMMNJCAI@?$AAE?$AAn?$AAd?$AAp?$AAo?$AAi?$AAn?$AAt?$AAs?$AA?$AA@ 10001da4     ole32_ALL:SERVICE.obj
 0001:00000db8       ??_C@_00CNPNBAHC@?$AA@     10001db8     ole32_ALL:CITEMMON.obj
 0001:00000dbc       ??_C@_13FPGAJAPJ@?$AA?2?$AA?$AA@ 10001dbc     ole32_ALL:CITEMMON.obj
 0001:00000dc0       ??_7CDelayUnlockContainer@@6B@ 10001dc0     ole32_ALL:CITEMMON.obj
 0001:00000dd0       ??_7CItemMoniker@@6BIMoniker@@@ 10001dd0     ole32_ALL:CITEMMON.obj
 0001:00000e30       ??_7CItemMoniker@@6BIROTData@@@ 10001e30     ole32_ALL:CITEMMON.obj
 0001:00000e40       ??_C@_17OFBPHKFE@?$AA?2?$AA?4?$AA?4?$AA?$AA@ 10001e40     ole32_ALL:CANTIMON.obj
 0001:00000e48       ??_7CAntiMoniker@@6BIMoniker@@@ 10001e48     ole32_ALL:CANTIMON.obj
 0001:00000ea8       ??_7CAntiMoniker@@6BIROTData@@@ 10001ea8     ole32_ALL:CANTIMON.obj
 0001:00000eb8       ??_7CBindCtx@@6B@          10001eb8     ole32_ALL:CBINDCTX.obj
 0001:00000ef0       ??_7CPointerMoniker@@6BIMoniker@@@ 10001ef0     ole32_ALL:CPTRMON.obj
 0001:00000f50       ??_7CPointerMoniker@@6BIROTData@@@ 10001f50     ole32_ALL:CPTRMON.obj
 0001:00000f60       ??_7CPointerMoniker@@6B@   10001f60     ole32_ALL:CPTRMON.obj
 0001:00000f88       ??_7CObjrefMoniker@@6BIMoniker@@@ 10001f88     ole32_ALL:cobjrmon.obj
 0001:00000fe8       ??_7CObjrefMoniker@@6BIROTData@@@ 10001fe8     ole32_ALL:cobjrmon.obj
 0001:00000ff8       ??_7CObjrefMoniker@@6B@    10001ff8     ole32_ALL:cobjrmon.obj
 0001:0000101c       ??_C@_1O@FOKAHLBC@?$AAo?$AAb?$AAj?$AAr?$AAe?$AAf?$AA?$AA@ 1000201c     ole32_ALL:cobjrmon.obj
 0001:0000102c       IID_IUnknown               1000202c     ole32_ALL:mega_i.obj
 0001:0000103c       IID_IClassFactory          1000203c     ole32_ALL:mega_i.obj
 0001:0000104c       IID_IMarshal               1000204c     ole32_ALL:mega_i.obj
 0001:0000105c       IID_IMalloc                1000205c     ole32_ALL:mega_i.obj
 0001:0000106c       IID_IMallocSpy             1000206c     ole32_ALL:mega_i.obj
 0001:0000107c       IID_IStdMarshalInfo        1000207c     ole32_ALL:mega_i.obj
 0001:0000108c       IID_IExternalConnection    1000208c     ole32_ALL:mega_i.obj
 0001:0000109c       IID_IMultiQI               1000209c     ole32_ALL:mega_i.obj
 0001:000010ac       IID_IEnumUnknown           100020ac     ole32_ALL:mega_i.obj
 0001:000010bc       IID_IBindCtx               100020bc     ole32_ALL:mega_i.obj
 0001:000010cc       IID_IEnumMoniker           100020cc     ole32_ALL:mega_i.obj
 0001:000010dc       IID_IRunnableObject        100020dc     ole32_ALL:mega_i.obj
 0001:000010ec       IID_IRunningObjectTable    100020ec     ole32_ALL:mega_i.obj
 0001:000010fc       IID_IPersist               100020fc     ole32_ALL:mega_i.obj
 0001:0000110c       IID_IPersistStream         1000210c     ole32_ALL:mega_i.obj
 0001:0000111c       IID_IMoniker               1000211c     ole32_ALL:mega_i.obj
 0001:0000112c       IID_IROTData               1000212c     ole32_ALL:mega_i.obj
 0001:0000113c       IID_IEnumString            1000213c     ole32_ALL:mega_i.obj
 0001:0000114c       IID_ISequentialStream      1000214c     ole32_ALL:mega_i.obj
 0001:0000115c       IID_IStream                1000215c     ole32_ALL:mega_i.obj
 0001:0000116c       IID_IEnumSTATSTG           1000216c     ole32_ALL:mega_i.obj
 0001:0000117c       IID_IStorage               1000217c     ole32_ALL:mega_i.obj
 0001:0000118c       IID_IPersistFile           1000218c     ole32_ALL:mega_i.obj
 0001:0000119c       IID_IPersistStorage        1000219c     ole32_ALL:mega_i.obj
 0001:000011ac       IID_ILockBytes             100021ac     ole32_ALL:mega_i.obj
 0001:000011bc       IID_IEnumFORMATETC         100021bc     ole32_ALL:mega_i.obj
 0001:000011cc       IID_IEnumSTATDATA          100021cc     ole32_ALL:mega_i.obj
 0001:000011dc       IID_IRootStorage           100021dc     ole32_ALL:mega_i.obj
 0001:000011ec       IID_IAdviseSink            100021ec     ole32_ALL:mega_i.obj
 0001:000011fc       IID_IAdviseSink2           100021fc     ole32_ALL:mega_i.obj
 0001:0000120c       IID_IDataObject            1000220c     ole32_ALL:mega_i.obj
 0001:0000121c       IID_IRpcChannelBuffer      1000221c     ole32_ALL:mega_i.obj
 0001:0000122c       IID_IRpcChannelBuffer2     1000222c     ole32_ALL:mega_i.obj
 0001:0000123c       IID_IPSFactoryBuffer       1000223c     ole32_ALL:mega_i.obj
 0001:0000124c       IID_IChannelHook           1000224c     ole32_ALL:mega_i.obj
 0001:0000125c       IID_IConnectionPoint       1000225c     ole32_ALL:mega_i.obj
 0001:0000126c       IID_IConnectionPointContainer 1000226c     ole32_ALL:mega_i.obj
 0001:0000127c       IID_IEnumConnections       1000227c     ole32_ALL:mega_i.obj
 0001:0000128c       IID_IEnumConnectionPoints  1000228c     ole32_ALL:mega_i.obj
 0001:0000129c       IID_IClientSecurity        1000229c     ole32_ALL:mega_i.obj
 0001:000012ac       IID_IServerSecurity        100022ac     ole32_ALL:mega_i.obj
 0001:000012bc       IID_IClassActivator        100022bc     ole32_ALL:mega_i.obj
 0001:000012cc       IID_IRpcOptions            100022cc     ole32_ALL:mega_i.obj
 0001:000012dc       IID_IFillLockBytes         100022dc     ole32_ALL:mega_i.obj
 0001:000012ec       IID_IProgressNotify        100022ec     ole32_ALL:mega_i.obj
 0001:000012fc       IID_ISurrogate             100022fc     ole32_ALL:mega_i.obj
 0001:0000130c       IID_IGlobalInterfaceTable  1000230c     ole32_ALL:mega_i.obj
 0001:0000131c       IID_IComBinding            1000231c     ole32_ALL:mega_i.obj
 0001:0000132c       IID_IOleAdviseHolder       1000232c     ole32_ALL:mega_i.obj
 0001:0000133c       IID_IOleCache              1000233c     ole32_ALL:mega_i.obj
 0001:0000134c       IID_IOleCache2             1000234c     ole32_ALL:mega_i.obj
 0001:0000135c       IID_IOleCacheControl       1000235c     ole32_ALL:mega_i.obj
 0001:0000136c       IID_IParseDisplayName      1000236c     ole32_ALL:mega_i.obj
 0001:0000137c       IID_IOleContainer          1000237c     ole32_ALL:mega_i.obj
 0001:0000138c       IID_IOleClientSite         1000238c     ole32_ALL:mega_i.obj
 0001:0000139c       IID_IOleObject             1000239c     ole32_ALL:mega_i.obj
 0001:000013ac       IID_IOleWindow             100023ac     ole32_ALL:mega_i.obj
 0001:000013bc       IID_IOleLink               100023bc     ole32_ALL:mega_i.obj
 0001:000013cc       IID_IOleItemContainer      100023cc     ole32_ALL:mega_i.obj
 0001:000013dc       IID_IOleInPlaceUIWindow    100023dc     ole32_ALL:mega_i.obj
 0001:000013ec       IID_IOleInPlaceActiveObject 100023ec     ole32_ALL:mega_i.obj
 0001:000013fc       IID_IOleInPlaceFrame       100023fc     ole32_ALL:mega_i.obj
 0001:0000140c       IID_IOleInPlaceObject      1000240c     ole32_ALL:mega_i.obj
 0001:0000141c       IID_IOleInPlaceSite        1000241c     ole32_ALL:mega_i.obj
 0001:0000142c       IID_IContinue              1000242c     ole32_ALL:mega_i.obj
 0001:0000143c       IID_IViewObject            1000243c     ole32_ALL:mega_i.obj
 0001:0000144c       IID_IViewObject2           1000244c     ole32_ALL:mega_i.obj
 0001:0000145c       IID_IDropTarget            1000245c     ole32_ALL:mega_i.obj
 0001:0000146c       IID_IEnumOLEVERB           1000246c     ole32_ALL:mega_i.obj
 0001:0000147c       IID_IServerHandler         1000247c     ole32_ALL:mega_i.obj
 0001:0000148c       IID_IClientSiteHandler     1000248c     ole32_ALL:mega_i.obj
 0001:0000149c       IID_IRemUnknown            1000249c     ole32_ALL:mega_i.obj
 0001:000014ac       IID_IObjServer             100024ac     ole32_ALL:mega_i.obj
 0001:000014bc       IID_IDSCM                  100024bc     ole32_ALL:mega_i.obj
 0001:000014cc       IID_IInterfaceFromWindowProp 100024cc     ole32_ALL:mega_i.obj
 0001:000014dc       IID_IRemUnknown2           100024dc     ole32_ALL:mega_i.obj
 0001:000014ec       IID_IRundown               100024ec     ole32_ALL:mega_i.obj
 0001:000014fc       IID_IDLLHost               100024fc     ole32_ALL:mega_i.obj
 0001:0000150c       GUID_NULL                  1000250c     ole32_ALL:dcomuuid.obj
 0001:0000151c       IID_IProxyManager          1000251c     ole32_ALL:dcomuuid.obj
 0001:0000152c       IID_IInternalMoniker       1000252c     ole32_ALL:dcomuuid.obj
 0001:0000153c       IID_IDfReserved1           1000253c     ole32_ALL:dcomuuid.obj
 0001:0000154c       CLSID_StdMarshal           1000254c     ole32_ALL:dcomuuid.obj
 0001:0000155c       CLSID_DCOMAccessControl    1000255c     ole32_ALL:dcomuuid.obj
 0001:0000156c       CLSID_StdGlobalInterfaceTable 1000256c     ole32_ALL:dcomuuid.obj
 0001:0000157c       CLSID_InProcFreeMarshaler  1000257c     ole32_ALL:dcomuuid.obj
 0001:0000158c       IID_IErrorInfo             1000258c     ole32_ALL:dcomuuid.obj
 0001:0000159c       IID_ICreateErrorInfo       1000259c     ole32_ALL:dcomuuid.obj
 0001:000015ac       IID_ISupportErrorInfo      100025ac     ole32_ALL:dcomuuid.obj
 0001:000015bc       ??_C@_1BI@EHGKGMCI@?$AAD?$AAe?$AAs?$AAi?$AAg?$AAn?$AAe?$AAr?$AA_?$AA4?$AA0?$AA?$AA@ 100025bc     ole32_ALL:OLE1GUID.obj
 0001:000015d4       ??_C@_19FABBOCGE@?$AAD?$AAr?$AAa?$AAw?$AA?$AA@ 100025d4     ole32_ALL:OLE1GUID.obj
 0001:000015e0       ??_C@_1BI@MPKFDDBB@?$AAC?$AAh?$AAa?$AAr?$AAP?$AAr?$AAe?$AAs?$AA_?$AA3?$AA0?$AA?$AA@ 100025e0     ole32_ALL:OLE1GUID.obj
 0001:000015f8       ??_C@_1BI@FLJOLOHB@?$AAC?$AAh?$AAa?$AAr?$AAi?$AAs?$AAm?$AAa?$AA_?$AA3?$AA0?$AA?$AA@ 100025f8     ole32_ALL:OLE1GUID.obj
 0001:00001610       ??_C@_1BC@GDMDMLGH@?$AAC?$AAh?$AAa?$AAr?$AAi?$AAs?$AAm?$AAa?$AA?$AA@ 10002610     ole32_ALL:OLE1GUID.obj
 0001:00001624       ??_C@_1BC@PFCKPBA@?$AAW?$AAP?$AAC?$AAh?$AAa?$AAr?$AAt?$AAs?$AA?$AA@ 10002624     ole32_ALL:OLE1GUID.obj
 0001:00001638       ??_C@_1BG@EIALJMKN@?$AAW?$AAP?$AAG?$AAr?$AAa?$AAp?$AAh?$AAi?$AAc?$AAs?$AA?$AA@ 10002638     ole32_ALL:OLE1GUID.obj
 0001:00001650       ??_C@_1BO@JMFMNDJB@?$AAA?$AAm?$AAi?$AAP?$AAr?$AAo?$AAD?$AAo?$AAc?$AAu?$AAm?$AAe?$AAn?$AAt?$AA?$AA@ 10002650     ole32_ALL:OLE1GUID.obj
 0001:00001670       ??_C@_1BC@DHKOHHFG@?$AAT?$AAe?$AAs?$AAt?$AAS?$AAe?$AAr?$AAv?$AA?$AA@ 10002670     ole32_ALL:OLE1GUID.obj
 0001:00001684       ??_C@_1BC@HJKDDDAC@?$AAM?$AAi?$AAn?$AAS?$AAv?$AAr?$AAM?$AAI?$AA?$AA@ 10002684     ole32_ALL:OLE1GUID.obj
 0001:00001698       ??_C@_1O@LPANPFDN@?$AAB?$AAi?$AAb?$AAR?$AAe?$AAf?$AA?$AA@ 10002698     ole32_ALL:OLE1GUID.obj
 0001:000016a8       ??_C@_1BM@KBMDIFPA@?$AAH?$AAi?$AAe?$AAr?$AAa?$AAr?$AAc?$AAh?$AAy?$AAL?$AAi?$AAs?$AAt?$AA?$AA@ 100026a8     ole32_ALL:OLE1GUID.obj
 0001:000016c4       ??_C@_1O@GFDGBBCG@?$AAM?$AAi?$AAn?$AAS?$AAv?$AAr?$AA?$AA@ 100026c4     ole32_ALL:OLE1GUID.obj
 0001:000016d4       ??_C@_1CG@LOBIAMJD@?$AAM?$AAS?$AAW?$AAo?$AAr?$AAk?$AAs?$AAS?$AAp?$AAr?$AAe?$AAa?$AAd?$AAs?$AAh?$AAe?$AAe?$AAt?$AA?$AA@ 100026d4     ole32_ALL:OLE1GUID.obj
 0001:000016fc       ??_C@_1BK@FKCIBFIO@?$AAM?$AAS?$AAW?$AAo?$AAr?$AAk?$AAs?$AAC?$AAh?$AAa?$AAr?$AAt?$AA?$AA@ 100026fc     ole32_ALL:OLE1GUID.obj
 0001:00001718       ??_C@_1BE@KAEGAPHP@?$AAM?$AAS?$AAP?$AAr?$AAo?$AAj?$AAe?$AAc?$AAt?$AA?$AA@ 10002718     ole32_ALL:OLE1GUID.obj
 0001:0000172c       ??_C@_1CG@OPCDINAC@?$AAM?$AAS?$AA_?$AAC?$AAl?$AAi?$AAp?$AAA?$AAr?$AAt?$AA_?$AAG?$AAa?$AAl?$AAl?$AAe?$AAr?$AAy?$AA?$AA@ 1000272c     ole32_ALL:OLE1GUID.obj
 0001:00001754       ??_C@_1O@DAIGLGAC@?$AAC?$AAl?$AAt?$AAe?$AAs?$AAt?$AA?$AA@ 10002754     ole32_ALL:OLE1GUID.obj
 0001:00001764       ??_C@_1BC@CFEJHAAD@?$AAS?$AAr?$AAv?$AAr?$AAT?$AAe?$AAs?$AAt?$AA?$AA@ 10002764     ole32_ALL:OLE1GUID.obj
 0001:00001778       ??_C@_1BK@FBJINLPC@?$AAI?$AAm?$AAp?$AAo?$AAr?$AAt?$AAS?$AAe?$AAr?$AAv?$AAe?$AAr?$AA?$AA@ 10002778     ole32_ALL:OLE1GUID.obj
 0001:00001794       ??_C@_1CC@JIKFBOCB@?$AAS?$AAh?$AAa?$AAp?$AAe?$AAw?$AAa?$AAr?$AAe?$AAV?$AAI?$AAS?$AAI?$AAO?$AA1?$AA0?$AA?$AA@ 10002794     ole32_ALL:OLE1GUID.obj
 0001:000017b8       ??_C@_1BG@KDNBBCOD@?$AAS?$AAt?$AAi?$AAc?$AAk?$AAy?$AAn?$AAo?$AAt?$AAe?$AA?$AA@ 100027b8     ole32_ALL:OLE1GUID.obj
 0001:000017d0       ??_C@_1BA@JPEDNJFL@?$AAF?$AAY?$AAI?$AAV?$AAi?$AAe?$AAw?$AA?$AA@ 100027d0     ole32_ALL:OLE1GUID.obj
 0001:000017e0       ??_C@_17LILCKFHE@?$AAF?$AAY?$AAI?$AA?$AA@ 100027e0     ole32_ALL:OLE1GUID.obj
 0001:000017e8       ??_C@_1BI@PGCNAHLJ@?$AAO?$AAb?$AAj?$AAM?$AAa?$AAk?$AAe?$AAr?$AAO?$AAL?$AAE?$AA?$AA@ 100027e8     ole32_ALL:OLE1GUID.obj
 0001:00001800       ??_C@_1BC@EGALGCD@?$AAH?$AAJ?$AAW?$AAI?$AAN?$AA1?$AA?4?$AA0?$AA?$AA@ 10002800     ole32_ALL:OLE1GUID.obj
 0001:00001814       ??_C@_1M@IPLDCJHN@?$AAC?$AAD?$AAr?$AAa?$AAw?$AA?$AA@ 10002814     ole32_ALL:OLE1GUID.obj
 0001:00001820       ??_C@_1BG@OFMMOLFK@?$AAC?$AAo?$AAr?$AAe?$AAl?$AAC?$AAh?$AAa?$AAr?$AAt?$AA?$AA@ 10002820     ole32_ALL:OLE1GUID.obj
 0001:00001838       ??_C@_1M@JNLAPPHP@?$AAC?$AAS?$AAh?$AAo?$AAw?$AA?$AA@ 10002838     ole32_ALL:OLE1GUID.obj
 0001:00001844       ??_C@_1BG@FNEDHOHM@?$AAP?$AAh?$AAo?$AAt?$AAo?$AAP?$AAa?$AAi?$AAn?$AAt?$AA?$AA@ 10002844     ole32_ALL:OLE1GUID.obj
 0001:0000185c       ??_C@_1BG@EMPAKCCD@?$AAD?$AAG?$AAr?$AAa?$AAp?$AAh?$AAD?$AAA?$AAT?$AAA?$AA?$AA@ 1000285c     ole32_ALL:OLE1GUID.obj
 0001:00001874       ??_C@_1BI@PLIKOMJP@?$AAD?$AAG?$AAr?$AAa?$AAp?$AAh?$AAC?$AAH?$AAA?$AAR?$AAT?$AA?$AA@ 10002874     ole32_ALL:OLE1GUID.obj
 0001:0000188c       ??_C@_1CC@PCBKMAPF@?$AAS?$AAt?$AAa?$AAn?$AAf?$AAo?$AAr?$AAd?$AAG?$AAr?$AAa?$AAp?$AAh?$AAi?$AAc?$AAs?$AA?$AA@ 1000288c     ole32_ALL:OLE1GUID.obj
 0001:000018b0       ??_C@_1CI@NEBMKEGM@?$AAC?$AAo?$AAr?$AAo?$AAm?$AAa?$AAn?$AAd?$AAe?$AAl?$AAO?$AAb?$AAj?$AAS?$AAe?$AAr?$AAv?$AAe?$AAr?$AA?$AA@ 100028b0     ole32_ALL:OLE1GUID.obj
 0001:000018d8       ??_C@_1CE@BMGGINEE@?$AAC?$AAo?$AAr?$AAo?$AAm?$AAa?$AAn?$AAd?$AAe?$AAl?$AAI?$AAn?$AAt?$AAe?$AAg?$AAr?$AAa?$AA?$AA@ 100028d8     ole32_ALL:OLE1GUID.obj
 0001:000018fc       ??_C@_1BA@HNHMNCKC@?$AAO?$AAl?$AAe?$AAD?$AAe?$AAm?$AAo?$AA?$AA@ 100028fc     ole32_ALL:OLE1GUID.obj
 0001:0000190c       ??_C@_1O@IIFBKFL@?$AAS?$AAr?$AAt?$AAI?$AAn?$AAv?$AA?$AA@ 1000290c     ole32_ALL:OLE1GUID.obj
 0001:0000191c       ??_C@_1O@LDBNLEIM@?$AAS?$AAr?$AAt?$AAe?$AAs?$AAt?$AA?$AA@ 1000291c     ole32_ALL:OLE1GUID.obj
 0001:0000192c       ??_C@_1BG@FBKIIDBG@?$AAS?$AAe?$AAr?$AAv?$AAe?$AAr?$AAD?$AAe?$AAm?$AAo?$AA?$AA@ 1000292c     ole32_ALL:OLE1GUID.obj
 0001:00001944       ??_C@_1BA@CKBGPJBG@?$AAM?$AAP?$AAl?$AAa?$AAy?$AAe?$AAr?$AA?$AA@ 10002944     ole32_ALL:OLE1GUID.obj
 0001:00001954       ??_C@_1BC@EAONNPJO@?$AAS?$AAo?$AAu?$AAn?$AAd?$AAR?$AAe?$AAc?$AA?$AA@ 10002954     ole32_ALL:OLE1GUID.obj
 0001:00001968       ??_C@_1BA@LJEMMLBI@?$AAP?$AAa?$AAc?$AAk?$AAa?$AAg?$AAe?$AA?$AA@ 10002968     ole32_ALL:OLE1GUID.obj
 0001:00001978       ??_C@_1BC@HIPLFNDP@?$AAE?$AAq?$AAu?$AAa?$AAt?$AAi?$AAo?$AAn?$AA?$AA@ 10002978     ole32_ALL:OLE1GUID.obj
 0001:0000198c       ??_C@_1O@LADPAOBI@?$AAP?$AAB?$AAr?$AAu?$AAs?$AAh?$AA?$AA@ 1000298c     ole32_ALL:OLE1GUID.obj
 0001:0000199c       ??_C@_1BA@KLFAFNHH@?$AAW?$AAo?$AAr?$AAd?$AAA?$AAr?$AAt?$AA?$AA@ 1000299c     ole32_ALL:OLE1GUID.obj
 0001:000019ac       ??_C@_1BA@HJAKOBHD@?$AAN?$AAo?$AAt?$AAe?$AA?9?$AAI?$AAt?$AA?$AA@ 100029ac     ole32_ALL:OLE1GUID.obj
 0001:000019bc       ??_C@_1O@NPIGPMID@?$AAM?$AAS?$AAD?$AAr?$AAa?$AAw?$AA?$AA@ 100029bc     ole32_ALL:OLE1GUID.obj
 0001:000019cc       ??_C@_1BA@DAKMJHJN@?$AAM?$AAS?$AAG?$AAr?$AAa?$AAp?$AAh?$AA?$AA@ 100029cc     ole32_ALL:OLE1GUID.obj
 0001:000019dc       ??_C@_1CA@JFDEFHAD@?$AAM?$AAS?$AAP?$AAo?$AAw?$AAe?$AAr?$AAP?$AAo?$AAi?$AAn?$AAt?$AAS?$AAh?$AAo?$AA?$AA@ 100029dc     ole32_ALL:OLE1GUID.obj
 0001:000019fc       ??_C@_1BK@FICNKANE@?$AAM?$AAS?$AAP?$AAo?$AAw?$AAe?$AAr?$AAP?$AAo?$AAi?$AAn?$AAt?$AA?$AA@ 100029fc     ole32_ALL:OLE1GUID.obj
 0001:00001a18       ??_C@_1BK@FJLCEJAE@?$AAW?$AAo?$AAr?$AAd?$AAD?$AAo?$AAc?$AAu?$AAm?$AAe?$AAn?$AAt?$AA?$AA@ 10002a18     ole32_ALL:OLE1GUID.obj
 0001:00001a34       ??_C@_1CA@FGHEJBLM@?$AAE?$AAx?$AAc?$AAe?$AAl?$AAM?$AAa?$AAc?$AAr?$AAo?$AAs?$AAh?$AAe?$AAe?$AAt?$AA?$AA@ 10002a34     ole32_ALL:OLE1GUID.obj
 0001:00001a54       ??_C@_1BG@FHEOFGJF@?$AAE?$AAx?$AAc?$AAe?$AAl?$AAC?$AAh?$AAa?$AAr?$AAt?$AA?$AA@ 10002a54     ole32_ALL:OLE1GUID.obj
 0001:00001a6c       ??_C@_1BO@ECMNLHHB@?$AAE?$AAx?$AAc?$AAe?$AAl?$AAW?$AAo?$AAr?$AAk?$AAs?$AAh?$AAe?$AAe?$AAt?$AA?$AA@ 10002a6c     ole32_ALL:OLE1GUID.obj
 0001:00001a8c       CLSID_ExcelWorksheet       10002a8c     ole32_ALL:OLE1GUID.obj
 0001:00001a9c       CLSID_ExcelChart           10002a9c     ole32_ALL:OLE1GUID.obj
 0001:00001aac       CLSID_ExcelMacrosheet      10002aac     ole32_ALL:OLE1GUID.obj
 0001:00001abc       CLSID_WordDocument         10002abc     ole32_ALL:OLE1GUID.obj
 0001:00001acc       CLSID_MSPowerPoint         10002acc     ole32_ALL:OLE1GUID.obj
 0001:00001adc       CLSID_MSPowerPointSho      10002adc     ole32_ALL:OLE1GUID.obj
 0001:00001aec       CLSID_MSGraph              10002aec     ole32_ALL:OLE1GUID.obj
 0001:00001afc       CLSID_MSDraw               10002afc     ole32_ALL:OLE1GUID.obj
 0001:00001b0c       CLSID_Note_It              10002b0c     ole32_ALL:OLE1GUID.obj
 0001:00001b1c       CLSID_WordArt              10002b1c     ole32_ALL:OLE1GUID.obj
 0001:00001b2c       CLSID_PBrush               10002b2c     ole32_ALL:OLE1GUID.obj
 0001:00001b3c       CLSID_Equation             10002b3c     ole32_ALL:OLE1GUID.obj
 0001:00001b4c       CLSID_Package              10002b4c     ole32_ALL:OLE1GUID.obj
 0001:00001b5c       CLSID_SoundRec             10002b5c     ole32_ALL:OLE1GUID.obj
 0001:00001b6c       CLSID_MPlayer              10002b6c     ole32_ALL:OLE1GUID.obj
 0001:00001b7c       CLSID_ServerDemo           10002b7c     ole32_ALL:OLE1GUID.obj
 0001:00001b8c       CLSID_Srtest               10002b8c     ole32_ALL:OLE1GUID.obj
 0001:00001b9c       CLSID_SrtInv               10002b9c     ole32_ALL:OLE1GUID.obj
 0001:00001bac       CLSID_OleDemo              10002bac     ole32_ALL:OLE1GUID.obj
 0001:00001bbc       CLSID_CoromandelIntegra    10002bbc     ole32_ALL:OLE1GUID.obj
 0001:00001bcc       CLSID_CoromandelObjServer  10002bcc     ole32_ALL:OLE1GUID.obj
 0001:00001bdc       CLSID_StanfordGraphics     10002bdc     ole32_ALL:OLE1GUID.obj
 0001:00001bec       CLSID_DGraphCHART          10002bec     ole32_ALL:OLE1GUID.obj
 0001:00001bfc       CLSID_DGraphDATA           10002bfc     ole32_ALL:OLE1GUID.obj
 0001:00001c0c       CLSID_PhotoPaint           10002c0c     ole32_ALL:OLE1GUID.obj
 0001:00001c1c       CLSID_CShow                10002c1c     ole32_ALL:OLE1GUID.obj
 0001:00001c2c       CLSID_CorelChart           10002c2c     ole32_ALL:OLE1GUID.obj
 0001:00001c3c       CLSID_CDraw                10002c3c     ole32_ALL:OLE1GUID.obj
 0001:00001c4c       CLSID_HJWIN1_0             10002c4c     ole32_ALL:OLE1GUID.obj
 0001:00001c5c       CLSID_ObjMakerOLE          10002c5c     ole32_ALL:OLE1GUID.obj
 0001:00001c6c       CLSID_FYI                  10002c6c     ole32_ALL:OLE1GUID.obj
 0001:00001c7c       CLSID_FYIView              10002c7c     ole32_ALL:OLE1GUID.obj
 0001:00001c8c       CLSID_Stickynote           10002c8c     ole32_ALL:OLE1GUID.obj
 0001:00001c9c       CLSID_ShapewareVISIO10     10002c9c     ole32_ALL:OLE1GUID.obj
 0001:00001cac       CLSID_ImportServer         10002cac     ole32_ALL:OLE1GUID.obj
 0001:00001cbc       CLSID_SrvrTest             10002cbc     ole32_ALL:OLE1GUID.obj
 0001:00001ccc       CLSID_ClTest               10002ccc     ole32_ALL:OLE1GUID.obj
 0001:00001cdc       CLSID_MS_ClipArt_Gallery   10002cdc     ole32_ALL:OLE1GUID.obj
 0001:00001cec       CLSID_MSProject            10002cec     ole32_ALL:OLE1GUID.obj
 0001:00001cfc       CLSID_MSWorksChart         10002cfc     ole32_ALL:OLE1GUID.obj
 0001:00001d0c       CLSID_MSWorksSpreadsheet   10002d0c     ole32_ALL:OLE1GUID.obj
 0001:00001d1c       CLSID_MinSvr               10002d1c     ole32_ALL:OLE1GUID.obj
 0001:00001d2c       CLSID_HierarchyList        10002d2c     ole32_ALL:OLE1GUID.obj
 0001:00001d3c       CLSID_BibRef               10002d3c     ole32_ALL:OLE1GUID.obj
 0001:00001d4c       CLSID_MinSvrMI             10002d4c     ole32_ALL:OLE1GUID.obj
 0001:00001d5c       CLSID_TestServ             10002d5c     ole32_ALL:OLE1GUID.obj
 0001:00001d6c       CLSID_AmiProDocument       10002d6c     ole32_ALL:OLE1GUID.obj
 0001:00001d7c       CLSID_WPGraphics           10002d7c     ole32_ALL:OLE1GUID.obj
 0001:00001d8c       CLSID_WPCharts             10002d8c     ole32_ALL:OLE1GUID.obj
 0001:00001d9c       CLSID_Charisma             10002d9c     ole32_ALL:OLE1GUID.obj
 0001:00001dac       CLSID_Charisma_30          10002dac     ole32_ALL:OLE1GUID.obj
 0001:00001dbc       CLSID_CharPres_30          10002dbc     ole32_ALL:OLE1GUID.obj
 0001:00001dcc       CLSID_Draw                 10002dcc     ole32_ALL:OLE1GUID.obj
 0001:00001ddc       CLSID_Designer_40          10002ddc     ole32_ALL:OLE1GUID.obj
 0001:00001dec       ??_C@_1DA@OIAPOJKM@?$AAp?$AAr?$AAo?$AAt?$AAo?$AAc?$AAo?$AAl?$AA?2?$AAS?$AAt?$AAd?$AAF?$AAi?$AAl?$AAe?$AAE?$AAd?$AAi?$AAt?$AAi?$AAn?$AAg?$AA?$AA@ 10002dec     ole32_ALL:OLE1GUID.obj
 0001:00001e1c       ??_C@_1O@HNNDAFP@?$AAP?$AAr?$AAo?$AAg?$AAI?$AAD?$AA?$AA@ 10002e1c     ole32_ALL:OLE1GUID.obj
 0001:00001e2c       ??_C@_1BE@FDOFKBIK@?$AAO?$AAl?$AAe?$AA1?$AAC?$AAl?$AAa?$AAs?$AAs?$AA?$AA@ 10002e2c     ole32_ALL:OLE1GUID.obj
 0001:00001e40       ??_C@_1BE@IMAHEAJD@?$AAC?$AAL?$AAS?$AAI?$AAD?$AA?2?$AA?$CF?$AAw?$AAs?$AA?$AA@ 10002e40     ole32_ALL:OLE1GUID.obj
 0001:00001e54       ??_C@_1CE@MJMMNJGC@?$AAP?$AAa?$AAc?$AAk?$AAa?$AAg?$AAe?$AAO?$AAn?$AAF?$AAi?$AAl?$AAe?$AAD?$AAr?$AAo?$AAp?$AA?$AA@ 10002e54     ole32_ALL:OLE1GUID.obj
 0001:00001e78       ??_C@_1EO@JOOPFMFJ@?$AA?$HL?$AA0?$AA0?$AA0?$AA3?$AA0?$AA0?$AA0?$AA3?$AA?9?$AA0?$AA0?$AA0?$AA0?$AA?9?$AA0?$AA0?$AA0?$AA0?$AA?9?$AAC?$AA0?$AA0?$AA0?$AA?9?$AA0?$AA0?$AA0?$AA0?$AA0?$AA0?$AA0@ 10002e78     ole32_ALL:OLE1GUID.obj
 0001:00001ec8       ??_C@_1M@LBGMBANL@?$AAC?$AAl?$AAs?$AAi?$AAd?$AA?$AA@ 10002ec8     ole32_ALL:OLE1GUID.obj
 0001:00001ed8       ??_C@_1FG@PEHCMGIL@?$AA?$HL?$AA0?$AA0?$AA0?$AA4?$AA?$CF?$AA0?$AA2?$AAX?$AA?$CF?$AA0?$AA2?$AAX?$AA?9?$AA0?$AA0?$AA0?$AA0?$AA?9?$AA0?$AA0?$AA0?$AA0?$AA?9?$AAC?$AA0?$AA0?$AA0?$AA?9?$AA0?$AA0?$AA0@ 10002ed8     ole32_ALL:OLE1GUID.obj
 0001:00001f30       ??_7CStdMarshal@@6B@       10002f30     ole32_ALL:MARSHAL.obj
 0001:00001f54       ??_C@_1BI@INKPHAML@?$AAw?$AAi?$AAn?$AAw?$AAo?$AAr?$AAd?$AA?4?$AAe?$AAx?$AAe?$AA?$AA@ 10002f54     ole32_ALL:MARSHAL.obj
 0001:00001f6c       ??_7CNdrStream@@6B@        10002f6c     ole32_ALL:STREAM.obj
 0001:00001fa4       ??_7CClientSecurity@@6B@   10002fa4     ole32_ALL:STDID.obj
 0001:00001fbc       ??_7IProxyManager@@6B@     10002fbc     ole32_ALL:STDID.obj
 0001:00001fd8       ??_7CInternalUnk@CStdIdentity@@6BIInternalUnknown@@@ 10002fd8     ole32_ALL:STDID.obj
 0001:00001fe8       ??_7CInternalUnk@CStdIdentity@@6BIMultiQI@@@ 10002fe8     ole32_ALL:STDID.obj
 0001:00001ff8       ??_7CStdIdentity@@6BIProxyManager@@@ 10002ff8     ole32_ALL:STDID.obj
 0001:00002014       ??_7CStdIdentity@@6BCStdMarshal@@@ 10003014     ole32_ALL:STDID.obj
 0001:00002038       ??_7CStdIdentity@@6BCClientSecurity@@@ 10003038     ole32_ALL:STDID.obj
 0001:00002050       ??_7CStdIdentity@@6BCRpcOptions@@@ 10003050     ole32_ALL:STDID.obj
 0001:00002064       ??_C@_1BA@NKNFBGEG@?$AAB?$AAi?$AAn?$AAd?$AAi?$AAn?$AAg?$AA?$AA@ 10003064     ole32_ALL:events.obj
 0001:00002074       ??_C@_1BA@PBFLOAMJ@?$AAM?$AAe?$AAt?$AAh?$AAo?$AAd?$AA?$CD?$AA?$AA@ 10003074     ole32_ALL:events.obj
 0001:00002084       ??_C@_17JACOGNJO@?$AAI?$AAI?$AAD?$AA?$AA@ 10003084     ole32_ALL:events.obj
 0001:0000208c       ??_C@_1M@PPLFKPBO@?$AAM?$AAO?$AAX?$AAI?$AAD?$AA?$AA@ 1000308c     ole32_ALL:events.obj
 0001:000020b8       ?CLSID_VSA_IEC@@3U_GUID@@B 100030b8     ole32_ALL:events.obj
 0001:000020c8       ?CLSID_VSA_IEC_TREATAS@@3U_GUID@@B 100030c8     ole32_ALL:events.obj
 0001:00002198       ??_7CDebugEventFire@@6B@   10003198     ole32_ALL:events.obj
 0001:000021bc       ??_7CDebugEventFireCF@@6B@ 100031bc     ole32_ALL:events.obj
 0001:000021d0       ??_7COle32DebugEventFire@@6B@ 100031d0     ole32_ALL:events.obj
 0001:000021f4       ??_C@_1BO@IABFIABG@?$AAC?$AAO?$AAM?$AA?5?$AAR?$AAu?$AAn?$AAt?$AAi?$AAm?$AAe?$AA?5?$AA?$CF?$AAd?$AA?$AA@ 100031f4     ole32_ALL:events.obj
 0001:00002214       ??_C@_1DK@BKDDEDIN@?$AAM?$AAS?$AAF?$AAT?$AA?4?$AAV?$AAS?$AAA?$AA?4?$AAI?$AAE?$AAC?$AA?4?$AAS?$AAT?$AAA?$AAT?$AAU?$AAS?$AA?4?$AA6?$AAc?$AA7?$AA3?$AA6?$AAd?$AAb?$AA0?$AA?$AA@ 10003214     ole32_ALL:events.obj
 0001:00002250       ??_C@_1DA@MGOLICEG@?$AAM?$AAS?$AAF?$AAT?$AA?4?$AAV?$AAS?$AAA?$AA?4?$AAC?$AAO?$AAM?$AA?4?$AAD?$AAI?$AAS?$AAA?$AAB?$AAL?$AAE?$AA?4?$AA?$CF?$AAd?$AA?$AA@ 10003250     ole32_ALL:events.obj
 0001:00002280       ??_7CNameHashTable@@6B@    10003280     ole32_ALL:HASH.obj
 0001:00002290       ??_C@_1CI@KHMEHCDC@?$AA?2?$AA?2?$AA?2?$AAT?$AAh?$AAr?$AAe?$AAa?$AAd?$AA?5?$AAt?$AAo?$AA?5?$AAt?$AAh?$AAr?$AAe?$AAa?$AAd?$AA?$AA@ 10003290     ole32_ALL:REMOTEU.obj
 0001:000022b8       ??_7CRemoteUnknown@@6B@    100032b8     ole32_ALL:REMOTEU.obj
 0001:000022d8       ??_C@_1BC@DKHOMMDK@?$AAP?$AAr?$AAo?$AAf?$AAi?$AAl?$AAe?$AA?2?$AA?$AA@ 100032d8     ole32_ALL:ORPC_DBG.obj
 0001:000022ec       ??_C@_13JGCMLPCH@?$AA1?$AA?$AA@ 100032ec     ole32_ALL:ORPC_DBG.obj
 0001:000022f0       ??_C@_1BC@IEHMNDKL@?$AAd?$AAr?$AAw?$AAt?$AAs?$AAn?$AA3?$AA2?$AA?$AA@ 100032f0     ole32_ALL:ORPC_DBG.obj
 0001:00002304       ??_C@_1BC@MLJJDKHA@?$AAD?$AAe?$AAb?$AAu?$AAg?$AAg?$AAe?$AAr?$AA?$AA@ 10003304     ole32_ALL:ORPC_DBG.obj
 0001:00002318       ??_7CMarshalImplPStream@@6B@ 10003318     ole32_ALL:CMARSHAL.obj
 0001:0000233c       ??_7CGIPTable@@6B@         1000333c     ole32_ALL:GIPTBL.obj
 0001:00002354       ??_7CGIPTableCF@@6B@       10003354     ole32_ALL:GIPTBL.obj
 0001:00002368       ??_C@_1BK@BKPKNBDK@?$AAR?$AAo?$AAt?$AAH?$AAi?$AAn?$AAt?$AAT?$AAa?$AAb?$AAl?$AAe?$AA?$AA@ 10003368     ole32_ALL:CROTHINT.obj
 0001:00002384       ??_C@_1CO@NFBNFHNM@?$AAO?$AAl?$AAe?$AAD?$AAf?$AAS?$AAh?$AAa?$AAr?$AAe?$AAd?$AAM?$AAe?$AAm?$AAo?$AAr?$AAy?$AAM?$AAu?$AAt?$AAe?$AAx?$AA?$AA@ 10003384     ole32_ALL:mem.obj
 0001:000023b4       ??_7CSmAllocator@@6B@      100033b4     ole32_ALL:mem.obj
 0001:000023d8       ??_C@_1BE@PLBDFGIG@?$AAD?$AAo?$AAc?$AAf?$AAi?$AAl?$AAe?$AA?$CF?$AAd?$AA?$AA@ 100033d8     ole32_ALL:filest32.obj
 0001:000023ec       ??_7CFileStream@@6BILockBytes@@@ 100033ec     ole32_ALL:filest32.obj
 0001:00002414       ??_7CFileStream@@6BIFileLockBytes@@@ 10003414     ole32_ALL:filest32.obj
 0001:00002434       ??_7IFileLockBytes@@6B@    10003434     ole32_ALL:filest.obj
 0001:0000246c       ??_7PRevertable@@6B@       1000346c     ole32_ALL:publicdf.obj
 0001:00002470       ??_7CPubDocFile@@6B@       10003470     ole32_ALL:publicdf.obj
 0001:00002480       ??_7PDocFile@@6B@          10003480     ole32_ALL:rpubdf.obj
 0001:000024d8       ??_7CDocFile@@6B@          100034d8     ole32_ALL:rpubdf.obj
 0001:00002530       ??_7CRootPubDocFile@@6B@   10003530     ole32_ALL:rpubdf.obj
 0001:00002548       ??_7CExposedDocFile@@6BIStorage@@@ 10003548     ole32_ALL:expdf.obj
 0001:00002590       ??_7CExposedDocFile@@6BIRootStorage@@@ 10003590     ole32_ALL:expdf.obj
 0001:00002f48       ??_7CFAccessControl@@6B@   10003f48     ole32_ALL:CACCCTRL.obj
 0001:00002f5c       ??_7COAccessControl@@6B@   10003f5c     ole32_ALL:CACCCTRL.obj
 0001:00002f68       ??_7IAccessControl@@6B@    10003f68     ole32_ALL:CACCCTRL.obj
 0001:00002f8c       ??_7CImpAccessControl@COAccessControl@@6BIPersistStream@@@ 10003f8c     ole32_ALL:CACCCTRL.obj
 0001:00002fac       ??_7CImpAccessControl@COAccessControl@@6BIAccessControl@@@ 10003fac     ole32_ALL:CACCCTRL.obj
 0001:00002fd0       ??_C@_13NOLLCAOD@?$AA?$AA?$AA?$AA@ 10003fd0     ole32_ALL:CACCCTRL.obj
 0001:00002fd4       ??_C@_13PJJBFPED@?$AA?$DL?$AA?$AA@ 10003fd4     ole32_ALL:CACCCTRL.obj
 0001:00002fd8       ??_C@_13EFKPHINO@?$AA?$EA?$AA?$AA@ 10003fd8     ole32_ALL:CACCCTRL.obj
 0001:00002fdc       ??_C@_13IMODFHAA@?$AA?9?$AA?$AA@ 10003fdc     ole32_ALL:CACCCTRL.obj
 0001:00002fe0       ??_7CComBinding@@6B@       10003fe0     ole32_ALL:binding.obj
 0001:00002ff4       ??_7CComBindingFac@@6B@    10003ff4     ole32_ALL:binding.obj
 0001:00003008       ??_C@_0BD@IKPINLFA@IClientSiteHandler?$AA@ 10004008     ole32_ALL:mega_p.obj
 0001:0000301c       ??_C@_0P@EAHOMPBH@IServerHandler?$AA@ 1000401c     ole32_ALL:mega_p.obj
 0001:0000302c       ??_C@_08FIGPBBEC@IROTData?$AA@ 1000402c     ole32_ALL:mega_p.obj
 0001:00003038       ??_C@_0BA@HPKMCANN@IProgressNotify?$AA@ 10004038     ole32_ALL:mega_p.obj
 0001:00003048       ??_C@_0BB@KBNBOBE@IEnumConnections?$AA@ 10004048     ole32_ALL:mega_p.obj
 0001:0000305c       ??_C@_0BB@FEIMFBPD@IConnectionPoint?$AA@ 1000405c     ole32_ALL:mega_p.obj
 0001:00003070       ??_C@_0BG@NEHBCIHM@IEnumConnectionPoints?$AA@ 10004070     ole32_ALL:mega_p.obj
 0001:00003088       ??_C@_0BK@BKCJCJEL@IConnectionPointContainer?$AA@ 10004088     ole32_ALL:mega_p.obj
 0001:000030a4       ??_C@_08CLADNJCG@IDLLHost?$AA@ 100040a4     ole32_ALL:mega_p.obj
 0001:000030b0       ??_C@_0BA@JLMKHAID@IClassActivator?$AA@ 100040b0     ole32_ALL:mega_p.obj
 0001:000030c0       ??_C@_0N@BLBBFJHA@IRemUnknown2?$AA@ 100040c0     ole32_ALL:mega_p.obj
 0001:000030d0       ??_C@_05CFKKFJOM@IDSCM?$AA@ 100040d0     ole32_ALL:mega_p.obj
 0001:000030d8       ??_C@_0BJ@EEFLANFC@IInterfaceFromWindowProp?$AA@ 100040d8     ole32_ALL:mega_p.obj
 0001:000030f4       ??_C@_08FFFNDFDE@IRundown?$AA@ 100040f4     ole32_ALL:mega_p.obj
 0001:00003100       ??_C@_0L@LBCFBDJG@IObjServer?$AA@ 10004100     ole32_ALL:mega_p.obj
 0001:0000310c       ??_C@_0M@NICLFKNF@IRemUnknown?$AA@ 1000410c     ole32_ALL:mega_p.obj
 0001:00003118       ??_C@_0BC@LIFMDHNC@ISequentialStream?$AA@ 10004118     ole32_ALL:mega_p.obj
 0001:0000312c       ??_C@_09NOFPOOAM@IContinue?$AA@ 1000412c     ole32_ALL:mega_p.obj
 0001:00003138       ??_C@_0BB@KEDGMPDK@IOleCacheControl?$AA@ 10004138     ole32_ALL:mega_p.obj
 0001:0000314c       ??_C@_0L@EBLHNFOL@IOleCache2?$AA@ 1000414c     ole32_ALL:mega_p.obj
 0001:00003158       ??_C@_0N@BCHCIBNL@IViewObject2?$AA@ 10004158     ole32_ALL:mega_p.obj
 0001:00003168       ??_C@_0BA@NCDHOGLA@IRunnableObject?$AA@ 10004168     ole32_ALL:mega_p.obj
 0001:00003178       ??_C@_0N@BNKNJEOP@IAdviseSink2?$AA@ 10004178     ole32_ALL:mega_p.obj
 0001:00003188       ??_C@_0M@KGNJIMKL@IDropTarget?$AA@ 10004188     ole32_ALL:mega_p.obj
 0001:00003194       ??_C@_0L@FOLAFMJN@ISurrogate?$AA@ 10004194     ole32_ALL:mega_p.obj
 0001:000031a0       ??_C@_09HLHINKCL@IOleCache?$AA@ 100041a0     ole32_ALL:mega_p.obj
 0001:000031ac       ??_C@_08JADIGPLD@IOleLink?$AA@ 100041ac     ole32_ALL:mega_p.obj
 0001:000031b8       ??_C@_0BC@OEBAJKJG@IOleItemContainer?$AA@ 100041b8     ole32_ALL:mega_p.obj
 0001:000031cc       ??_C@_0O@KDPKDOMP@IOleContainer?$AA@ 100041cc     ole32_ALL:mega_p.obj
 0001:000031dc       ??_C@_0BC@GDAJOKEB@IParseDisplayName?$AA@ 100041dc     ole32_ALL:mega_p.obj
 0001:000031f0       ??_C@_0BA@OLCEHNMI@IOleInPlaceSite?$AA@ 100041f0     ole32_ALL:mega_p.obj
 0001:00003200       ??_C@_0P@HCFPIDBD@IOleClientSite?$AA@ 10004200     ole32_ALL:mega_p.obj
 0001:00003210       ??_C@_0BI@PBOAFJOO@IOleInPlaceActiveObject?$AA@ 10004210     ole32_ALL:mega_p.obj
 0001:00003228       ??_C@_0BB@KACBDCLD@IOleInPlaceFrame?$AA@ 10004228     ole32_ALL:mega_p.obj
 0001:0000323c       ??_C@_0BE@JLKINFEO@IOleInPlaceUIWindow?$AA@ 1000423c     ole32_ALL:mega_p.obj
 0001:00003250       ??_C@_0L@MKKKKME@IOleWindow?$AA@ 10004250     ole32_ALL:mega_p.obj
 0001:0000325c       ??_C@_0BC@DJDMFNPC@IOleInPlaceObject?$AA@ 1000425c     ole32_ALL:mega_p.obj
 0001:00003270       ??_C@_0L@FNFHODKM@IOleObject?$AA@ 10004270     ole32_ALL:mega_p.obj
 0001:0000327c       ??_C@_0N@DLOKJFGL@IRootStorage?$AA@ 1000427c     ole32_ALL:mega_p.obj
 0001:0000328c       ??_C@_0P@BLKGPCHN@IFillLockBytes?$AA@ 1000428c     ole32_ALL:mega_p.obj
 0001:0000329c       ??_C@_0BE@DGJCAPAD@IRunningObjectTable?$AA@ 1000429c     ole32_ALL:mega_p.obj
 0001:000032b0       ??_C@_0M@NCFDNKJA@IAdviseSink?$AA@ 100042b0     ole32_ALL:mega_p.obj
 0001:000032bc       ??_C@_08LNEPKMJG@IMoniker?$AA@ 100042bc     ole32_ALL:mega_p.obj
 0001:000032c8       ??_C@_0M@OJJNIJLJ@IDataObject?$AA@ 100042c8     ole32_ALL:mega_p.obj
 0001:000032d4       ??_C@_08HNKCOJKN@IBindCtx?$AA@ 100042d4     ole32_ALL:mega_p.obj
 0001:000032e0       ??_C@_0M@NLPNKNJ@IViewObject?$AA@ 100042e0     ole32_ALL:mega_p.obj
 0001:000032ec       ??_C@_0N@NFCMABGO@IEnumSTATSTG?$AA@ 100042ec     ole32_ALL:mega_p.obj
 0001:000032fc       ??_C@_08EEDNCKCO@IPersist?$AA@ 100042fc     ole32_ALL:mega_p.obj
 0001:00003308       ??_C@_07DICNEFMO@IStream?$AA@ 10004308     ole32_ALL:mega_p.obj
 0001:00003310       ??_C@_0N@KGLEGOMK@IPersistFile?$AA@ 10004310     ole32_ALL:mega_p.obj
 0001:00003320       ??_C@_08EHBICBB@IStorage?$AA@ 10004320     ole32_ALL:mega_p.obj
 0001:0000332c       ??_C@_0BA@BLMEALNA@IPersistStorage?$AA@ 1000432c     ole32_ALL:mega_p.obj
 0001:0000333c       ??_C@_0L@PBPFECIJ@ILockBytes?$AA@ 1000433c     ole32_ALL:mega_p.obj
 0001:00003348       ??_C@_0P@FHCHOKBN@IPersistStream?$AA@ 10004348     ole32_ALL:mega_p.obj
 0001:00003358       ??_C@_0O@OINKOPAM@IEnumSTATDATA?$AA@ 10004358     ole32_ALL:mega_p.obj
 0001:00003368       ??_C@_0N@EHNAGGGB@IEnumOLEVERB?$AA@ 10004368     ole32_ALL:mega_p.obj
 0001:00003378       ??_C@_0P@DHOPCLPH@IEnumFORMATETC?$AA@ 10004378     ole32_ALL:mega_p.obj
 0001:00003388       ??_C@_0N@LDFIFFE@IEnumMoniker?$AA@ 10004388     ole32_ALL:mega_p.obj
 0001:00003398       ??_C@_0M@JPEMKKPO@IEnumString?$AA@ 10004398     ole32_ALL:mega_p.obj
 0001:000033a4       ??_C@_0O@CDHCPEAC@IClassFactory?$AA@ 100043a4     ole32_ALL:mega_p.obj
 0001:000033b4       ??_C@_0N@JGEGFEMJ@IEnumUnknown?$AA@ 100043b4     ole32_ALL:mega_p.obj
 0001:00006040       _IClassFactoryStubVtbl     10007040     ole32_ALL:mega_p.obj
 0001:000060c8       _IEnumUnknownStubVtbl      100070c8     ole32_ALL:mega_p.obj
 0001:00006174       _IBindCtxStubVtbl          10007174     ole32_ALL:mega_p.obj
 0001:000061fc       _IEnumMonikerStubVtbl      100071fc     ole32_ALL:mega_p.obj
 0001:0000628c       _IRunnableObjectStubVtbl   1000728c     ole32_ALL:mega_p.obj
 0001:0000630c       _IRunningObjectTableStubVtbl 1000730c     ole32_ALL:mega_p.obj
 0001:00006380       _IPersistStubVtbl          10007380     ole32_ALL:mega_p.obj
 0001:000063fc       _IPersistStreamStubVtbl    100073fc     ole32_ALL:mega_p.obj
 0001:000064e8       _IMonikerStubVtbl          100074e8     ole32_ALL:mega_p.obj
 0001:00006558       _IROTDataStubVtbl          10007558     ole32_ALL:mega_p.obj
 0001:000065e0       _IEnumStringStubVtbl       100075e0     ole32_ALL:mega_p.obj
 0001:0000665c       _ISequentialStreamStubVtbl 1000765c     ole32_ALL:mega_p.obj
 0001:00006710       _IStreamStubVtbl           10007710     ole32_ALL:mega_p.obj
 0001:00006798       _IEnumSTATSTGStubVtbl      10007798     ole32_ALL:mega_p.obj
 0001:00006864       _IStorageStubVtbl          10007864     ole32_ALL:mega_p.obj
 0001:000068e0       _IPersistFileStubVtbl      100078e0     ole32_ALL:mega_p.obj
 0001:00006960       _IPersistStorageStubVtbl   10007960     ole32_ALL:mega_p.obj
 0001:000069fc       _ILockBytesStubVtbl        100079fc     ole32_ALL:mega_p.obj
 0001:00006a84       _IEnumFORMATETCStubVtbl    10007a84     ole32_ALL:mega_p.obj
 0001:00006b0c       _IEnumSTATDATAStubVtbl     10007b0c     ole32_ALL:mega_p.obj
 0001:00006b80       _IRootStorageStubVtbl      10007b80     ole32_ALL:mega_p.obj
 0001:00006bfc       _IAdviseSinkStubVtbl       10007bfc     ole32_ALL:mega_p.obj
 0001:00006c78       _IAdviseSink2StubVtbl      10007c78     ole32_ALL:mega_p.obj
 0001:00006d20       _IDataObjectStubVtbl       10007d20     ole32_ALL:mega_p.obj
 0001:00006d9c       _IConnectionPointStubVtbl  10007d9c     ole32_ALL:mega_p.obj
 0001:00006e10       _IConnectionPointContainerStubVtbl 10007e10     ole32_ALL:mega_p.obj
 0001:00006e98       _IEnumConnectionsStubVtbl  10007e98     ole32_ALL:mega_p.obj
 0001:00006f20       _IEnumConnectionPointsStubVtbl 10007f20     ole32_ALL:mega_p.obj
 0001:00006f94       _IClassActivatorStubVtbl   10007f94     ole32_ALL:mega_p.obj
 0001:0000701c       _IFillLockBytesStubVtbl    1000801c     ole32_ALL:mega_p.obj
 0001:00007090       _IProgressNotifyStubVtbl   10008090     ole32_ALL:mega_p.obj
 0001:00007104       _ISurrogateStubVtbl        10008104     ole32_ALL:mega_p.obj
 0001:00007180       _IOleCacheStubVtbl         10008180     ole32_ALL:mega_p.obj
 0001:0000721c       _IOleCache2StubVtbl        1000821c     ole32_ALL:mega_p.obj
 0001:00007290       _IOleCacheControlStubVtbl  10008290     ole32_ALL:mega_p.obj
 0001:00007304       _IParseDisplayNameStubVtbl 10008304     ole32_ALL:mega_p.obj
 0001:0000737c       _IOleContainerStubVtbl     1000837c     ole32_ALL:mega_p.obj
 0001:000073f8       _IOleClientSiteStubVtbl    100083f8     ole32_ALL:mega_p.obj
 0001:00007494       _IOleObjectStubVtbl        10008494     ole32_ALL:mega_p.obj
 0001:00007508       _IOleWindowStubVtbl        10008508     ole32_ALL:mega_p.obj
 0001:00007590       _IOleLinkStubVtbl          10008590     ole32_ALL:mega_p.obj
 0001:00007624       _IOleItemContainerStubVtbl 10008624     ole32_ALL:mega_p.obj
 0001:000076a0       _IOleInPlaceUIWindowStubVtbl 100086a0     ole32_ALL:mega_p.obj
 0001:0000773c       _IOleInPlaceActiveObjectStubVtbl 1000873c     ole32_ALL:mega_p.obj
 0001:000077c4       _IOleInPlaceFrameStubVtbl  100087c4     ole32_ALL:mega_p.obj
 0001:00007840       _IOleInPlaceObjectStubVtbl 10008840     ole32_ALL:mega_p.obj
 0001:000078c8       _IOleInPlaceSiteStubVtbl   100088c8     ole32_ALL:mega_p.obj
 0001:0000793c       _IContinueStubVtbl         1000893c     ole32_ALL:mega_p.obj
 0001:000079d0       _IViewObjectStubVtbl       100089d0     ole32_ALL:mega_p.obj
 0001:00007a6c       _IViewObject2StubVtbl      10008a6c     ole32_ALL:mega_p.obj
 0001:00007ae4       _IDropTargetStubVtbl       10008ae4     ole32_ALL:mega_p.obj
 0001:00007b6c       _IEnumOLEVERBStubVtbl      10008b6c     ole32_ALL:mega_p.obj
 0001:00007be4       _IServerHandlerStubVtbl    10008be4     ole32_ALL:mega_p.obj
 0001:00007ce8       _IClientSiteHandlerStubVtbl 10008ce8     ole32_ALL:mega_p.obj
 0001:00007d60       _IRemUnknownStubVtbl       10008d60     ole32_ALL:mega_p.obj
 0001:00007dd8       _IObjServerStubVtbl        10008dd8     ole32_ALL:mega_p.obj
 0001:00007e50       _IDSCMStubVtbl             10008e50     ole32_ALL:mega_p.obj
 0001:00007ec0       _IInterfaceFromWindowPropStubVtbl 10008ec0     ole32_ALL:mega_p.obj
 0001:00007f38       _IRemUnknown2StubVtbl      10008f38     ole32_ALL:mega_p.obj
 0001:00007fb4       _IRundownStubVtbl          10008fb4     ole32_ALL:mega_p.obj
 0001:00008028       _IDLLHostStubVtbl          10009028     ole32_ALL:mega_p.obj
 0001:00008060       _MEGA_ProxyVtblList        10009060     ole32_ALL:mega_p.obj
 0001:00008158       _MEGA_StubVtblList         10009158     ole32_ALL:mega_p.obj
 0001:00008250       _MEGA_InterfaceNamesList   10009250     ole32_ALL:mega_p.obj
 0001:00008348       MEGA_ProxyFileInfo         10009348     ole32_ALL:mega_p.obj
 0001:000083d0       ??_C@_1O@KGBLGLJG@?$AAS?$AAi?$AAn?$AAg?$AAl?$AAe?$AA?$AA@ 100093d0     ole32_ALL:OLESCM.obj
 0001:0000852c       ??_C@_1BG@FOAHFCPJ@?$AAn?$AAc?$AAa?$AAc?$AAn?$AA_?$AAh?$AAt?$AAt?$AAp?$AA?$AA@ 1000952c     ole32_ALL:TASK.obj
 0001:00008544       ??_C@_1BC@JENJMPCI@?$AAn?$AAc?$AAa?$AAd?$AAg?$AA_?$AAm?$AAq?$AA?$AA@ 10009544     ole32_ALL:TASK.obj
 0001:00008558       ??_C@_1BM@HBJHELEH@?$AAn?$AAc?$AAa?$AAc?$AAn?$AA_?$AAv?$AAn?$AAs?$AA_?$AAs?$AAp?$AAp?$AA?$AA@ 10009558     ole32_ALL:TASK.obj
 0001:00008574       ??_C@_1BK@FHMDCCNP@?$AAn?$AAc?$AAa?$AAd?$AAg?$AA_?$AAa?$AAt?$AA_?$AAd?$AAd?$AAp?$AA?$AA@ 10009574     ole32_ALL:TASK.obj
 0001:00008590       ??_C@_1BK@FAFHKOIC@?$AAn?$AAc?$AAa?$AAc?$AAn?$AA_?$AAa?$AAt?$AA_?$AAd?$AAs?$AAp?$AA?$AA@ 10009590     ole32_ALL:TASK.obj
 0001:000085ac       ??_C@_1BI@IJHJECAH@?$AAn?$AAc?$AAa?$AAc?$AAn?$AA_?$AAn?$AAb?$AA_?$AAn?$AAb?$AA?$AA@ 100095ac     ole32_ALL:TASK.obj
 0001:000085c4       ??_C@_1BC@CCHMBIKG@?$AAn?$AAc?$AAa?$AAc?$AAn?$AA_?$AAn?$AAp?$AA?$AA@ 100095c4     ole32_ALL:TASK.obj
 0001:000085d8       ??_C@_1BE@LHBLLAHO@?$AAn?$AAc?$AAa?$AAd?$AAg?$AA_?$AAi?$AAp?$AAx?$AA?$AA@ 100095d8     ole32_ALL:TASK.obj
 0001:000085ec       ??_C@_1BK@DNMDBNPI@?$AAn?$AAc?$AAa?$AAc?$AAn?$AA_?$AAn?$AAb?$AA_?$AAi?$AAp?$AAx?$AA?$AA@ 100095ec     ole32_ALL:TASK.obj
 0001:00008608       ??_C@_1BE@KCAEANMM@?$AAn?$AAc?$AAa?$AAc?$AAn?$AA_?$AAs?$AAp?$AAx?$AA?$AA@ 10009608     ole32_ALL:TASK.obj
 0001:0000861c       ??_C@_1BK@JKILGBNI@?$AAn?$AAc?$AAa?$AAc?$AAn?$AA_?$AAn?$AAb?$AA_?$AAt?$AAc?$AAp?$AA?$AA@ 1000961c     ole32_ALL:TASK.obj
 0001:00008638       ??_C@_1BK@NHINDGCD@?$AAn?$AAc?$AAa?$AAd?$AAg?$AA_?$AAi?$AAp?$AA_?$AAu?$AAd?$AAp?$AA?$AA@ 10009638     ole32_ALL:TASK.obj
 0001:00008654       ??_C@_1BK@BPGFLIHL@?$AAn?$AAc?$AAa?$AAc?$AAn?$AA_?$AAi?$AAp?$AA_?$AAt?$AAc?$AAp?$AA?$AA@ 10009654     ole32_ALL:TASK.obj
 0001:00008670       ??_C@_1BO@MCKJABEH@?$AAn?$AAc?$AAa?$AAc?$AAn?$AA_?$AAd?$AAn?$AAe?$AAt?$AA_?$AAd?$AAs?$AAp?$AA?$AA@ 10009670     ole32_ALL:TASK.obj
 0001:00008690       ??_C@_1M@OJOGONPH@?$AAA?$AAp?$AAp?$AAI?$AAd?$AA?$AA@ 10009690     ole32_ALL:TASK.obj
 0001:0000869c       ??_7CRpcOptions@@6B@       1000969c     ole32_ALL:rpcopt.obj
 0001:000086b0       ?wcsContents@@3QBGB        100096b0     ole32_ALL:mstream.obj
 0001:000086c4       ?_aReserveSize@CDFBasis@@0QBIB 100096c4     ole32_ALL:dfbasis.obj
 0001:000086d4       ??_7PTSetMember@@6B@       100096d4     ole32_ALL:wdocfile.obj
 0001:000086f0       ??_7CWrappedDocFile@@6BPDocFile@@@ 100096f0     ole32_ALL:wdocfile.obj
 0001:00008748       ??_7CWrappedDocFile@@6BPTSetMember@@@ 10009748     ole32_ALL:wdocfile.obj
 0001:00008760       ??_7CPubStream@@6B@        10009760     ole32_ALL:pbstream.obj
 0001:00008764       ??_7CExposedStream@@6B@    10009764     ole32_ALL:expst.obj
 0001:0000879c       ??_7CExposedIterator@@6B@  1000979c     ole32_ALL:expiter.obj
 0001:000087b8       ??_C@_1BG@IBAKKNMO@?$AAR?$AAo?$AAo?$AAt?$AA?5?$AAE?$AAn?$AAt?$AAr?$AAy?$AA?$AA@ 100097b8     ole32_ALL:dir.obj
 0001:000087d0       ??_7PSStream@@6B@          100097d0     ole32_ALL:sstream.obj
 0001:000087f4       ??_7CDirectStream@@6B@     100097f4     ole32_ALL:sstream.obj
 0001:00008818       ??_7CTransactedStream@@6BPSStream@@@ 10009818     ole32_ALL:tstream.obj
 0001:0000883c       ??_7CTransactedStream@@6BPTSetMember@@@ 1000983c     ole32_ALL:tstream.obj
 0001:00008878       ?IsWOWThreadCallable@@YAHXZ 10009878 f i ole32_ALL:COMPOBJ.obj
 0001:000088b0       ??0COleTls@@QAA@AAJ@Z      100098b0 f i ole32_ALL:COMPOBJ.obj
 0001:000088f8       ??_GCOleStaticMutexSem@@UAAPAXI@Z 100098f8 f i ole32_ALL:COMPOBJ.obj
 0001:000088f8       ??_ECOleStaticMutexSem@@UAAPAXI@Z 100098f8 f i ole32_ALL:COMPOBJ.obj
 0001:0000891c       DllGetClassObject          1000991c f   ole32_ALL:COMPOBJ.obj
 0001:00008960       ?ApartmentUninitialize@@YAHXZ 10009960 f   ole32_ALL:COMPOBJ.obj
 0001:000089d4       ?IsWindowsMobile@@YAHXZ    100099d4 f   ole32_ALL:COMPOBJ.obj
 0001:00008a48       CoGetCurrentProcess        10009a48 f   ole32_ALL:COMPOBJ.obj
 0001:00008a98       CoBuildVersion             10009a98 f   ole32_ALL:COMPOBJ.obj
 0001:00008aa4       CoSetState                 10009aa4 f   ole32_ALL:COMPOBJ.obj
 0001:00008bbc       CoGetState                 10009bbc f   ole32_ALL:COMPOBJ.obj
 0001:00008c24       CoQueryReleaseObject       10009c24 f   ole32_ALL:COMPOBJ.obj
 0001:00008c98       ?ProcessUninitialize@@YAXXZ 10009c98 f   ole32_ALL:COMPOBJ.obj
 0001:00008d44       ?wCoInitializeEx@@YAJAAVCOleTls@@K@Z 10009d44 f   ole32_ALL:COMPOBJ.obj
 0001:00008e30       ?wCoUninitialize@@YAXAAVCOleTls@@H@Z 10009e30 f   ole32_ALL:COMPOBJ.obj
 0001:00008f7c       DllMain                    10009f7c f   ole32_ALL:COMPOBJ.obj
 0001:00009044       CoInitializeEx             1000a044 f   ole32_ALL:COMPOBJ.obj
 0001:0000914c       CoUninitialize             1000a14c f   ole32_ALL:COMPOBJ.obj
 0001:000091d4       ?IsApartmentInitialized@@YAHXZ 1000a1d4 f   ole32_ALL:COMPOBJ.obj
 0001:000093a4       CoInitialize               1000a3a4 f   ole32_ALL:COMPOBJ.obj
 0001:000093c8       GetFullPathName            1000a3c8 f i ole32_ALL:CMONIMP.obj
 0001:00009444       ?DupWCHARString@@YAJPBGAAPAGAAG@Z 1000a444 f   ole32_ALL:CMONIMP.obj
 0001:000094d8       CreateItemMoniker          1000a4d8 f   ole32_ALL:CMONIMP.obj
 0001:0000956c       ?IsAbsolutePath@@YAHPBG@Z  1000a56c f   ole32_ALL:CMONIMP.obj
 0001:000095a8       ?IsAbsoluteNonUNCPath@@YAHPBG@Z 1000a5a8 f   ole32_ALL:CMONIMP.obj
 0001:000095e4       ?FindUNCEndServer@@YAXPBGPAG@Z 1000a5e4 f   ole32_ALL:CMONIMP.obj
 0001:00009688       ?ExpandUNCName@@YAJPAGPAPAG0@Z 1000a688 f   ole32_ALL:CMONIMP.obj
 0001:00009830       CreateFileMoniker          1000a830 f   ole32_ALL:CMONIMP.obj
 0001:00009a3c       ?CreateOle1FileMoniker@@YAJPAGABU_GUID@@PAPAUIMoniker@@@Z 1000aa3c f   ole32_ALL:CMONIMP.obj
 0001:00009aa8       CreateAntiMoniker          1000aaa8 f   ole32_ALL:CMONIMP.obj
 0001:00009aec       CreateBindCtx              1000aaec f   ole32_ALL:CMONIMP.obj
 0001:00009b3c       CreatePointerMoniker       1000ab3c f   ole32_ALL:CMONIMP.obj
 0001:00009ba8       CreateObjrefMoniker        1000aba8 f   ole32_ALL:CMONIMP.obj
 0001:00009c1c       OleLoadFromStream          1000ac1c f   ole32_ALL:CMONIMP.obj
 0001:00009d50       OleSaveToStream            1000ad50 f   ole32_ALL:CMONIMP.obj
 0001:00009e08       Parse10DisplayName         1000ae08 f   ole32_ALL:CMONIMP.obj
 0001:00009fa4       FindProgIdMoniker          1000afa4 f   ole32_ALL:CMONIMP.obj
 0001:0000a18c       BindMoniker                1000b18c f   ole32_ALL:CMONIMP.obj
 0001:0000a250       FindClassID                1000b250 f   ole32_ALL:CMONIMP.obj
 0001:0000a348       FindClassMoniker           1000b348 f   ole32_ALL:CMONIMP.obj
 0001:0000a448       ?RunningMoniker@@YAHPAUIBindCtx@@PAGGPAKPAPAUIMoniker@@@Z 1000b448 f   ole32_ALL:CMONIMP.obj
 0001:0000a590       ?FindMaximalFileMoniker@@YAJPAGGPAKPAPAUIMoniker@@@Z 1000b590 f   ole32_ALL:CMONIMP.obj
 0001:0000a690       FindFileMoniker            1000b690 f   ole32_ALL:CMONIMP.obj
 0001:0000a75c       MkParseDisplayName         1000b75c f   ole32_ALL:CMONIMP.obj
 0001:0000a974       CoGetObject                1000b974 f   ole32_ALL:CMONIMP.obj
 0001:0000aab8       RegQueryValue              1000bab8 f i ole32_ALL:COMPAPI.obj
 0001:0000ab4c       RegSetValue                1000bb4c f i ole32_ALL:COMPAPI.obj
 0001:0000ac04       ?wCoGetCallerTID@@YAJPAK@Z 1000bc04 f i ole32_ALL:COMPAPI.obj
 0001:0000ac54       ?wCoGetCurrentLogicalThreadId@@YAJPAU_GUID@@@Z 1000bc54 f i ole32_ALL:COMPAPI.obj
 0001:0000ac9c       CoMarshalHresult           1000bc9c f   ole32_ALL:COMPAPI.obj
 0001:0000acf0       CoUnmarshalHresult         1000bcf0 f   ole32_ALL:COMPAPI.obj
 0001:0000ad64       CoGetCallerTID             1000bd64 f   ole32_ALL:COMPAPI.obj
 0001:0000ad90       CoGetCurrentLogicalThreadId 1000bd90 f   ole32_ALL:COMPAPI.obj
 0001:0000adbc       StringFromGUID2            1000bdbc f   ole32_ALL:COMPAPI.obj
 0001:0000ae20       CoIsOle1Class              1000be20 f   ole32_ALL:COMPAPI.obj
 0001:0000ae28       ?wCoGetClassExt@@YAJPBGPAU_GUID@@@Z 1000be28 f   ole32_ALL:COMPAPI.obj
 0001:0000aed0       ?wCoCreateInstance@@YAJABU_GUID@@PAUIUnknown@@K0PAPAX@Z 1000bed0 f   ole32_ALL:COMPAPI.obj
 0001:0000af14       ?wCoMarshalInterThreadInterfaceInStream@@YAJABU_GUID@@PAUIUnknown@@PAPAUIStream@@@Z 1000bf14 f   ole32_ALL:COMPAPI.obj
 0001:0000b070       ?wUUIDFromString@@YAHPBGPAU_GUID@@@Z 1000c070 f   ole32_ALL:COMPAPI.obj
 0001:0000b21c       ?wGUIDFromString@@YAHPBGPAU_GUID@@@Z 1000c21c f   ole32_ALL:COMPAPI.obj
 0001:0000b270       ?wStringFromCLSID@@YAJABU_GUID@@PAPAG@Z 1000c270 f   ole32_ALL:COMPAPI.obj
 0001:0000b2d0       ?wStringFromIID@@YAJABU_GUID@@PAPAG@Z 1000c2d0 f   ole32_ALL:COMPAPI.obj
 0001:0000b33c       ?wIIDFromString@@YAJPAGPAU_GUID@@@Z 1000c33c f   ole32_ALL:COMPAPI.obj
 0001:0000b398       ?wRegQueryClassValue@@YAJABU_GUID@@PBGPAGH@Z 1000c398 f   ole32_ALL:COMPAPI.obj
 0001:0000b434       ?wCoOpenClassKey@@YAJABU_GUID@@HPAPAUHKEY__@@@Z 1000c434 f   ole32_ALL:COMPAPI.obj
 0001:0000b520       GUIDFromString             1000c520 f   ole32_ALL:COMPAPI.obj
 0001:0000b57c       StringFromCLSID            1000c57c f   ole32_ALL:COMPAPI.obj
 0001:0000b5cc       StringFromIID              1000c5cc f   ole32_ALL:COMPAPI.obj
 0001:0000b61c       IIDFromString              1000c61c f   ole32_ALL:COMPAPI.obj
 0001:0000b68c       CoCreateInstance           1000c68c f   ole32_ALL:COMPAPI.obj
 0001:0000b738       CoMarshalInterThreadInterfaceInStream 1000c738 f   ole32_ALL:COMPAPI.obj
 0001:0000b7a0       CoGetInterfaceAndReleaseStream 1000c7a0 f   ole32_ALL:COMPAPI.obj
 0001:0000b828       ?wCLSIDFromString@@YAJPAGPAU_GUID@@@Z 1000c828 f   ole32_ALL:COMPAPI.obj
 0001:0000b8a4       ?wCLSIDFromOle1Class@@YAJPBGPAU_GUID@@H@Z 1000c8a4 f   ole32_ALL:COMPAPI.obj
 0001:0000b98c       ?wCoGetTreatAsClass@@YAJABU_GUID@@PAU1@@Z 1000c98c f   ole32_ALL:COMPAPI.obj
 0001:0000baa8       ?wRegQueryPSClsid@@YAJABU_GUID@@PAU1@@Z 1000caa8 f   ole32_ALL:COMPAPI.obj
 0001:0000bc58       ?wRegGetClassExt@@YAJPBGPAU_GUID@@@Z 1000cc58 f   ole32_ALL:COMPAPI.obj
 0001:0000bd08       ?wCoGetClassPattern@@YAJPAXPAU_GUID@@@Z 1000cd08 f   ole32_ALL:COMPAPI.obj
 0001:0000be20       ?wkProgIDFromCLSID@@YAJABU_GUID@@PAPAG@Z 1000ce20 f   ole32_ALL:COMPAPI.obj
 0001:0000bed4       CLSIDFromString            1000ced4 f   ole32_ALL:COMPAPI.obj
 0001:0000bf24       CLSIDFromOle1Class         1000cf24 f   ole32_ALL:COMPAPI.obj
 0001:0000bfc0       ProgIDFromCLSID            1000cfc0 f   ole32_ALL:COMPAPI.obj
 0001:0000c010       CLSIDFromProgID            1000d010 f   ole32_ALL:COMPAPI.obj
 0001:0000c018       CoGetTreatAsClass          1000d018 f   ole32_ALL:COMPAPI.obj
 0001:0000c070       ?wCoTreatAsClass@@YAJABU_GUID@@0@Z 1000d070 f   ole32_ALL:COMPAPI.obj
 0001:0000c1f4       CoTreatAsClass             1000d1f4 f   ole32_ALL:COMPAPI.obj
 0001:0000c24c       ?InitializeISurrogate@CCOMSurrogate@@SAJPAUISurrogate@@@Z 1000d24c f i ole32_ALL:SOBJACT.obj
 0001:0000c2a0       CoRevokeClassObject        1000d2a0 f   ole32_ALL:SOBJACT.obj
 0001:0000c2d8       CoAddRefServerProcess      1000d2d8 f   ole32_ALL:SOBJACT.obj
 0001:0000c2e4       CoReleaseServerProcess     1000d2e4 f   ole32_ALL:SOBJACT.obj
 0001:0000c2f0       CoSuspendClassObjects      1000d2f0 f   ole32_ALL:SOBJACT.obj
 0001:0000c2fc       CoResumeClassObjects       1000d2fc f   ole32_ALL:SOBJACT.obj
 0001:0000c308       ?AddRef@CObjServer@@UAAKXZ 1000d308 f   ole32_ALL:SOBJACT.obj
 0001:0000c310       ?Release@CObjServer@@UAAKXZ 1000d310 f   ole32_ALL:SOBJACT.obj
 0001:0000c318       ?QueryInterface@CObjServer@@UAAJABU_GUID@@PAPAX@Z 1000d318 f   ole32_ALL:SOBJACT.obj
 0001:0000c38c       ?ObjectServerGetClassObject@CObjServer@@UAAJKPBU_GUID@@PAU2@PAPAUtagMInterfacePointer@@PAK@Z 1000d38c f   ole32_ALL:SOBJACT.obj
 0001:0000c43c       ?ObjectServerCreateInstance@CObjServer@@UAAJKPBU_GUID@@KPAU2@PAPAUtagMInterfacePointer@@PAJPAK@Z 1000d43c f   ole32_ALL:SOBJACT.obj
 0001:0000c528       ?NotifyActivation@@YAHHPAUIUnknown@@@Z 1000d528 f   ole32_ALL:SOBJACT.obj
 0001:0000c5a0       CoRegisterSurrogate        1000d5a0 f   ole32_ALL:SOBJACT.obj
 0001:0000c5e0       ?LoadDllServer@CCOMSurrogate@@SAJABU_GUID@@@Z 1000d5e0 f i ole32_ALL:SOBJACT.obj
 0001:0000c63c       ??0CObjServer@@QAA@AAJ@Z   1000d63c f   ole32_ALL:SOBJACT.obj
 0001:0000c6c0       ??1CObjServer@@QAA@XZ      1000d6c0 f   ole32_ALL:SOBJACT.obj
 0001:0000c72c       ?ObjectServerLoadDll@CObjServer@@UAAJPBU_GUID@@PAK@Z 1000d72c f   ole32_ALL:SOBJACT.obj
 0001:0000c73c       ??0CXmitRpcStream@@QAA@PAUtagInterfaceData@@@Z 1000d73c f i ole32_ALL:SOBJACT.obj
 0001:0000c780       ObjactThreadUninitialize   1000d780 f   ole32_ALL:SOBJACT.obj
 0001:0000c7e4       ??0CXmitRpcStream@@QAA@XZ  1000d7e4 f i ole32_ALL:SOBJACT.obj
 0001:0000c83c       CoRegisterClassObject      1000d83c f   ole32_ALL:SOBJACT.obj
 0001:0000c9ec       ?ObjectServerGetInstance@CObjServer@@UAAJKPBU_GUID@@KPAGPAUtagMInterfacePointer@@KPAU2@2PAPAU3@PAJPAK@Z 1000d9ec f   ole32_ALL:SOBJACT.obj
 0001:0000cc5c       ?ResumeImpersonate@@YAXPAUIUnknown@@HPAX@Z 1000dc5c f i ole32_ALL:SECURITY.obj
 0001:0000ccbc       ?SuspendImpersonate@@YAXPAUIUnknown@@PAHPAPAX@Z 1000dcbc f i ole32_ALL:SECURITY.obj
 0001:0000cd40       CoCopyProxy                1000dd40 f   ole32_ALL:SECURITY.obj
 0001:0000cdc8       CoQueryProxyBlanket        1000ddc8 f   ole32_ALL:SECURITY.obj
 0001:0000ce64       CoSetProxyBlanket          1000de64 f   ole32_ALL:SECURITY.obj
 0001:0000cf00       CoSwitchCallContext        1000df00 f   ole32_ALL:SECURITY.obj
 0001:0000cf3c       ?AddRef@CServerSecurity@@UAAKXZ 1000df3c f   ole32_ALL:SECURITY.obj
 0001:0000cf54       ??0CServerSecurity@@QAA@PAVCChannelCallInfo@@@Z 1000df54 f   ole32_ALL:SECURITY.obj
 0001:0000cf9c       ?EndCall@CServerSecurity@@QAAXXZ 1000df9c f   ole32_ALL:SECURITY.obj
 0001:0000cfcc       ?ImpersonateClient@CServerSecurity@@UAAJXZ 1000dfcc f   ole32_ALL:SECURITY.obj
 0001:0000cfd8       ?IsImpersonating@CServerSecurity@@UAAHXZ 1000dfd8 f   ole32_ALL:SECURITY.obj
 0001:0000cfe0       ?QueryBlanket@CServerSecurity@@UAAJPAK0PAPAG00PAPAX0@Z 1000dfe0 f   ole32_ALL:SECURITY.obj
 0001:0000d104       ?QueryInterface@CServerSecurity@@UAAJABU_GUID@@PAPAX@Z 1000e104 f   ole32_ALL:SECURITY.obj
 0001:0000d178       ?RevertToSelf@CServerSecurity@@UAAJXZ 1000e178 f   ole32_ALL:SECURITY.obj
 0001:0000d180       ?FixupAccessControl@@YAJPAPAU_SECURITY_DESCRIPTOR@@K@Z 1000e180 f   ole32_ALL:SECURITY.obj
 0001:0000d288       ?GetRegistryAuthnLevel@@YAXPAUHKEY__@@PAK@Z 1000e288 f   ole32_ALL:SECURITY.obj
 0001:0000d304       ?GetRegistrySecDesc@@YAJPAUHKEY__@@PAGPAPAU_SECURITY_DESCRIPTOR@@PAKPAH@Z 1000e304 f   ole32_ALL:SECURITY.obj
 0001:0000d4c8       ?IsCallerLocalSystem@@YAHXZ 1000e4c8 f   ole32_ALL:SECURITY.obj
 0001:0000d4d0       ?IsLocalAuthnService@@YAHG@Z 1000e4d0 f   ole32_ALL:SECURITY.obj
 0001:0000d51c       ?LookupPrincName@@YAJPAGKPAPAG@Z 1000e51c f   ole32_ALL:SECURITY.obj
 0001:0000d594       ?MakeSecDesc@@YAJPAPAU_SECURITY_DESCRIPTOR@@PAK@Z 1000e594 f   ole32_ALL:SECURITY.obj
 0001:0000d714       ?RegisterAuthnServices@@YAJKPAUtagSOLE_AUTHENTICATION_SERVICE@@@Z 1000e714 f   ole32_ALL:SECURITY.obj
 0001:0000d8ac       ?SetAuthnService@@YAJPAXPAUtagOXID_INFO@@PAUtagOXIDEntry@@@Z 1000e8ac f   ole32_ALL:SECURITY.obj
 0001:0000da28       ?SetLocalToken@@YAKPAX@Z   1000ea28 f   ole32_ALL:SECURITY.obj
 0001:0000da30       ?UninitializeSecurity@@YAXXZ 1000ea30 f   ole32_ALL:SECURITY.obj
 0001:0000dae4       ?GetHandle@CRpcChannelBuffer@@QAAJPAPAX@Z 1000eae4 f i ole32_ALL:SECURITY.obj
 0001:0000db24       ?CopyProxy@CClientSecurity@@UAAJPAUIUnknown@@PAPAU2@@Z 1000eb24 f   ole32_ALL:SECURITY.obj
 0001:0000db68       ?QueryBlanket@CClientSecurity@@UAAJPAUIUnknown@@PAK1PAPAG11PAPAX1@Z 1000eb68 f   ole32_ALL:SECURITY.obj
 0001:0000de48       ?SetBlanket@CClientSecurity@@UAAJPAUIUnknown@@KKPAGKKPAXK@Z 1000ee48 f   ole32_ALL:SECURITY.obj
 0001:0000e1e8       CoGetCallContext           1000f1e8 f   ole32_ALL:SECURITY.obj
 0001:0000e258       CoImpersonateClient        1000f258 f   ole32_ALL:SECURITY.obj
 0001:0000e2ac       CoQueryAuthenticationServices 1000f2ac f   ole32_ALL:SECURITY.obj
 0001:0000e49c       CoQueryClientBlanket       1000f49c f   ole32_ALL:SECURITY.obj
 0001:0000e528       CoRevertToSelf             1000f528 f   ole32_ALL:SECURITY.obj
 0001:0000e57c       ?Release@CServerSecurity@@UAAKXZ 1000f57c f   ole32_ALL:SECURITY.obj
 0001:0000e5b8       ?DefaultAuthnServices@@YAJXZ 1000f5b8 f   ole32_ALL:SECURITY.obj
 0001:0000e7d4       ?GetLegacyBlanket@@YAJPAPAU_SECURITY_DESCRIPTOR@@PAK1@Z 1000f7d4 f   ole32_ALL:SECURITY.obj
 0001:0000eb18       ?CheckAccessControl@@YAJPAX0@Z 1000fb18 f   ole32_ALL:SECURITY.obj
 0001:0000ec7c       CoInitializeSecurity       1000fc7c f   ole32_ALL:SECURITY.obj
 0001:0000f048       ?InitializeSecurity@@YAJXZ 10010048 f   ole32_ALL:SECURITY.obj
 0001:0000f0b8       ?CheckObjactAccess@@YAHXZ  100100b8 f   ole32_ALL:SECURITY.obj
 0001:0000f100       ?QueryInterface@CFmCtrlUnknown@@EAAJABU_GUID@@PAPAX@Z 10010100 f   ole32_ALL:IPMRSHL.obj
 0001:0000f194       ?AddRef@CFmCtrlUnknown@@EAAKXZ 10010194 f   ole32_ALL:IPMRSHL.obj
 0001:0000f1ac       ?QueryInterface@CFreeMarshaler@@UAAJABU_GUID@@PAPAX@Z 100101ac f   ole32_ALL:IPMRSHL.obj
 0001:0000f1c4       ?AddRef@CFreeMarshaler@@UAAKXZ 100101c4 f   ole32_ALL:IPMRSHL.obj
 0001:0000f1dc       ?Release@CFreeMarshaler@@UAAKXZ 100101dc f   ole32_ALL:IPMRSHL.obj
 0001:0000f1f4       ?GetUnmarshalClass@CFreeMarshaler@@UAAJABU_GUID@@PAXK1KPAU2@@Z 100101f4 f   ole32_ALL:IPMRSHL.obj
 0001:0000f2b4       ?GetMarshalSizeMax@CFreeMarshaler@@UAAJABU_GUID@@PAXK1KPAK@Z 100102b4 f   ole32_ALL:IPMRSHL.obj
 0001:0000f350       ?MarshalInterface@CFreeMarshaler@@UAAJPAUIStream@@ABU_GUID@@PAXK2K@Z 10010350 f   ole32_ALL:IPMRSHL.obj
 0001:0000f460       ?UnmarshalInterface@CFreeMarshaler@@UAAJPAUIStream@@ABU_GUID@@PAPAX@Z 10010460 f   ole32_ALL:IPMRSHL.obj
 0001:0000f500       ?ReleaseMarshalData@CFreeMarshaler@@UAAJPAUIStream@@@Z 10010500 f   ole32_ALL:IPMRSHL.obj
 0001:0000f578       ?DisconnectObject@CFreeMarshaler@@UAAJK@Z 10010578 f   ole32_ALL:IPMRSHL.obj
 0001:0000f5e0       ??1CFmCtrlUnknown@@AAA@XZ  100105e0 f   ole32_ALL:IPMRSHL.obj
 0001:0000f61c       GetInProcFreeMarshaler     1001061c f   ole32_ALL:IPMRSHL.obj
 0001:0000f6e8       ?Release@CFmCtrlUnknown@@EAAKXZ 100106e8 f   ole32_ALL:IPMRSHL.obj
 0001:0000f73c       CoCreateFreeThreadedMarshaler 1001073c f   ole32_ALL:IPMRSHL.obj
 0001:0000f844       ?wCoCreateGuid@@YAJPAU_GUID@@@Z 10010844 f   ole32_ALL:COCRGUID.obj
 0001:0000f87c       CoCreateGuid               1001087c f   ole32_ALL:COCRGUID.obj
 0001:0000f8a8       ??0CSplit_QI@@QAA@AAJKPAUtagMULTI_QI@@@Z 100108a8 f   ole32_ALL:ACTAPI.obj
 0001:0000fa0c       ?UpdateResultsArray@@YAJJKPAUtagMULTI_QI@@@Z 10010a0c f i ole32_ALL:ACTAPI.obj
 0001:0000facc       ??1CSplit_QI@@QAA@XZ       10010acc f   ole32_ALL:ACTAPI.obj
 0001:0000fb90       ?DoBetterUnmarshal@@YAJAAPAUtagMInterfacePointer@@ABU_GUID@@PAPAUIUnknown@@@Z 10010b90 f i ole32_ALL:ACTAPI.obj
 0001:0000fbfc       ?UnmarshalMultipleSCMResults@@YAHAAJPAPAUtagMInterfacePointer@@KABU_GUID@@PAUIUnknown@@KPAU2@PAJPAUtagMULTI_QI@@KPAGPAPAUIClassFactory@@@Z 10010bfc f   ole32_ALL:ACTAPI.obj
 0001:0000fca0       ?GetInstanceHelper@@YAJPAU_COSERVERINFO@@PAU_GUID@@PAUIUnknown@@KKPAGPAUIStorage@@KPAUtagMULTI_QI@@@Z 10010ca0 f   ole32_ALL:ACTAPI.obj
 0001:00010160       ICoGetClassObject          10011160 f   ole32_ALL:ACTAPI.obj
 0001:00010344       CoCreateInstanceEx         10011344 f   ole32_ALL:ACTAPI.obj
 0001:000106dc       CoGetInstanceFromFile      100116dc f   ole32_ALL:ACTAPI.obj
 0001:00010780       CoGetInstanceFromIStorage  10011780 f   ole32_ALL:ACTAPI.obj
 0001:0001088c       ?InlineIsEqualGUID@@YAHABU_GUID@@0@Z 1001188c f i ole32_ALL:COAPI.obj
 0001:000108d4       CoGetMarshalSizeMax        100118d4 f   ole32_ALL:COAPI.obj
 0001:000109e0       CoMarshalInterface         100119e0 f   ole32_ALL:COAPI.obj
 0001:00010c40       CoUnmarshalInterface       10011c40 f   ole32_ALL:COAPI.obj
 0001:00010e04       CoReleaseMarshalData       10011e04 f   ole32_ALL:COAPI.obj
 0001:00010f94       CoDisconnectObject         10011f94 f   ole32_ALL:COAPI.obj
 0001:00011078       CoLockObjectExternal       10012078 f   ole32_ALL:COAPI.obj
 0001:00011134       CoIsHandlerConnected       10012134 f   ole32_ALL:COAPI.obj
 0001:000111ac       ?GetStaticUnMarshaler@@YAJPAPAUIMarshal@@@Z 100121ac f   ole32_ALL:COAPI.obj
 0001:00011248       CoGetStandardMarshal       10012248 f   ole32_ALL:COAPI.obj
 0001:000112f4       CoFileTimeNow              100122f4 f   ole32_ALL:TIME.obj
 0001:00011384       CoLoadLibrary              10012384 f   ole32_ALL:DLLAPI.obj
 0001:00011388       CoFreeLibrary              10012388 f   ole32_ALL:DLLAPI.obj
 0001:0001138c       CoFreeAllLibraries         1001238c f   ole32_ALL:DLLAPI.obj
 0001:00011390       CoFreeUnusedLibraries      10012390 f   ole32_ALL:DLLAPI.obj
 0001:000113bc       CoFreeUnusedLibrariesEx    100123bc f   ole32_ALL:DLLAPI.obj
 0001:000113f4       ?IsInternalCLSID@@YAHABU_GUID@@0AAJPAPAX@Z 100123f4 f   ole32_ALL:COBJACT.obj
 0001:0001151c       ?SearchCacheOrLoadInProc@@YAPAUIUnknown@@ABU_GUID@@0HHKKAAJ@Z 1001251c f   ole32_ALL:COBJACT.obj
 0001:000115b8       ?IsWOWThread@@YAHXZ        100125b8 f i ole32_ALL:COBJACT.obj
 0001:000115dc       ?RemapClassCtxForInProcServer@@YAKK@Z 100125dc f   ole32_ALL:COBJACT.obj
 0001:00011644       CoGetClassObject           10012644 f   ole32_ALL:COBJACT.obj
 0001:00011710       ?MallocInitialize@@YAJH@Z  10012710 f   ole32_ALL:MEMAPI.obj
 0001:00011750       ?MallocUninitialize@@YAHXZ 10012750 f   ole32_ALL:MEMAPI.obj
 0001:00011758       CoGetMalloc                10012758 f   ole32_ALL:MEMAPI.obj
 0001:00011784       CoRevokeMallocSpy          10012784 f   ole32_ALL:MEMAPI.obj
 0001:00011838       CoTaskMemAlloc             10012838 f   ole32_ALL:MEMAPI.obj
 0001:0001185c       CoTaskMemFree              1001285c f   ole32_ALL:MEMAPI.obj
 0001:00011880       CoTaskMemRealloc           10012880 f   ole32_ALL:MEMAPI.obj
 0001:000118a8       CoTaskMemSize              100128a8 f   ole32_ALL:MEMAPI.obj
 0001:000118cc       MIDL_user_allocate         100128cc f   ole32_ALL:MEMAPI.obj
 0001:000118fc       MIDL_user_free             100128fc f   ole32_ALL:MEMAPI.obj
 0001:00011928       ?CMalloc_QueryInterface@@YAJPAUIMalloc@@ABU_GUID@@PAPAX@Z 10012928 f   ole32_ALL:MEMAPI.obj
 0001:0001198c       ?CMalloc_AddRef@@YAKPAUIMalloc@@@Z 1001298c f   ole32_ALL:MEMAPI.obj
 0001:00011994       ?CMalloc_Release@@YAKPAUIMalloc@@@Z 10012994 f   ole32_ALL:MEMAPI.obj
 0001:0001199c       ?CRetailMalloc_Alloc@@YAPAXPAUIMalloc@@K@Z 1001299c f   ole32_ALL:MEMAPI.obj
 0001:000119b4       ?CRetailMalloc_DidAlloc@@YAHPAUIMalloc@@PAX@Z 100129b4 f   ole32_ALL:MEMAPI.obj
 0001:000119dc       ?CRetailMalloc_Free@@YAXPAUIMalloc@@PAX@Z 100129dc f   ole32_ALL:MEMAPI.obj
 0001:00011a00       ?CRetailMalloc_GetSize@@YAKPAUIMalloc@@PAX@Z 10012a00 f   ole32_ALL:MEMAPI.obj
 0001:00011a2c       ?CRetailMalloc_HeapMinimize@@YAXPAUIMalloc@@@Z 10012a2c f   ole32_ALL:MEMAPI.obj
 0001:00011a30       ?CRetailMalloc_Realloc@@YAPAXPAUIMalloc@@PAXK@Z 10012a30 f   ole32_ALL:MEMAPI.obj
 0001:00011a90       ?CSpyMalloc_Alloc@@YAPAXPAUIMalloc@@K@Z 10012a90 f   ole32_ALL:MEMAPI.obj
 0001:00011b4c       ?CSpyMalloc_Realloc@@YAPAXPAUIMalloc@@PAXK@Z 10012b4c f   ole32_ALL:MEMAPI.obj
 0001:00011ca4       ?CSpyMalloc_Free@@YAXPAUIMalloc@@PAX@Z 10012ca4 f   ole32_ALL:MEMAPI.obj
 0001:00011d88       ?CSpyMalloc_GetSize@@YAKPAUIMalloc@@PAX@Z 10012d88 f   ole32_ALL:MEMAPI.obj
 0001:00011e50       ?CSpyMalloc_DidAlloc@@YAHPAUIMalloc@@PAX@Z 10012e50 f   ole32_ALL:MEMAPI.obj
 0001:00011f1c       ?CSpyMalloc_HeapMinimize@@YAXPAUIMalloc@@@Z 10012f1c f   ole32_ALL:MEMAPI.obj
 0001:00011f94       CoRegisterMallocSpy        10012f94 f   ole32_ALL:MEMAPI.obj
 0001:000120a8       ?Initialize@CHashTable@@UAAXPAUSHashChain@@@Z 100130a8 f i ole32_ALL:RIFTBL.obj
 0001:000120b0       ?Initialize@CRIFTable@@QAAXXZ 100130b0 f   ole32_ALL:RIFTBL.obj
 0001:000120e0       ?GetClientInterfaceInfo@CRIFTable@@QAAPAU_RPC_CLIENT_INTERFACE@@ABU_GUID@@@Z 100130e0 f   ole32_ALL:RIFTBL.obj
 0001:0001212c       ?RegisterClientInterface@CRIFTable@@AAAJPAUtagRIFEntry@@ABU_GUID@@@Z 1001312c f   ole32_ALL:RIFTBL.obj
 0001:000121b0       ?RegisterServerInterface@CRIFTable@@AAAJPAUtagRIFEntry@@ABU_GUID@@@Z 100131b0 f   ole32_ALL:RIFTBL.obj
 0001:000122bc       ?AddEntry@CRIFTable@@AAAJABU_GUID@@0KPAPAUtagRIFEntry@@@Z 100132bc f   ole32_ALL:RIFTBL.obj
 0001:00012358       ?UnRegisterInterface@CRIFTable@@QAAXPAUtagRIFEntry@@@Z 10013358 f   ole32_ALL:RIFTBL.obj
 0001:000123e8       ?GetPSClsid@CRIFTable@@QAAJABU_GUID@@PAU2@PAPAUtagRIFEntry@@@Z 100133e8 f   ole32_ALL:RIFTBL.obj
 0001:000124f4       ?RegisterPSClsid@CRIFTable@@QAAJABU_GUID@@0@Z 100134f4 f   ole32_ALL:RIFTBL.obj
 0001:000125c0       CoRegisterPSClsid          100135c0 f   ole32_ALL:RIFTBL.obj
 0001:00012638       CoGetPSClsid               10013638 f   ole32_ALL:RIFTBL.obj
 0001:000126cc       ?CleanupRIFEntry@@YAXPAUSHashChain@@@Z 100136cc f   ole32_ALL:RIFTBL.obj
 0001:000126dc       ?Cleanup@CRIFTable@@QAAXXZ 100136dc f   ole32_ALL:RIFTBL.obj
 0001:00012704       ?RegisterInterface@CRIFTable@@QAAJABU_GUID@@HPAU2@@Z 10013704 f   ole32_ALL:RIFTBL.obj
 0001:000127a4       ?Initialize@CIPIDTable@@QAAXXZ 100137a4 f   ole32_ALL:IPIDTBL.obj
 0001:000127b8       ?Cleanup@CIPIDTable@@QAAXXZ 100137b8 f   ole32_ALL:IPIDTBL.obj
 0001:000127c4       ?LookupIPID@CIPIDTable@@QAAPAUtagIPIDEntry@@ABU_GUID@@@Z 100137c4 f   ole32_ALL:IPIDTBL.obj
 0001:00012824       ?ReleaseEntryList@CIPIDTable@@QAAXPAUtagIPIDEntry@@0@Z 10013824 f   ole32_ALL:IPIDTBL.obj
 0001:00012830       ?Initialize@COXIDTable@@QAAXXZ 10013830 f   ole32_ALL:IPIDTBL.obj
 0001:00012844       ?Cleanup@COXIDTable@@QAAXXZ 10013844 f   ole32_ALL:IPIDTBL.obj
 0001:00012850       ?SearchList@COXIDTable@@AAAPAUtagOXIDEntry@@ABU_GUID@@PAU2@@Z 10013850 f   ole32_ALL:IPIDTBL.obj
 0001:000128a4       ?NumOxidsToRemove@COXIDTable@@QAAKXZ 100138a4 f   ole32_ALL:IPIDTBL.obj
 0001:000128c0       ?GetOxidsToRemove@COXIDTable@@QAAXPAU__MIDL_ILocalObjectExporter_0001@@PAK@Z 100138c0 f   ole32_ALL:IPIDTBL.obj
 0001:00012980       ?GetLocalOXIDEntry@@YAPAUtagOXIDEntry@@XZ 10013980 f   ole32_ALL:IPIDTBL.obj
 0001:000129b0       ?SetLocalOXIDEntry@@YAXPAUtagOXIDEntry@@@Z 100139b0 f   ole32_ALL:IPIDTBL.obj
 0001:000129e4       CoGetTIDFromIPID           100139e4 f   ole32_ALL:IPIDTBL.obj
 0001:00012a30       ?Initialize@CMIDTable@@QAAXXZ 10013a30 f   ole32_ALL:IPIDTBL.obj
 0001:00012a58       ?LookupMID@CMIDTable@@QAAPAUtagMIDEntry@@PAUtagDUALSTRINGARRAY@@PAK@Z 10013a58 f   ole32_ALL:IPIDTBL.obj
 0001:00012a9c       ?AddMIDEntry@CMIDTable@@AAAJAB_KKPAUtagDUALSTRINGARRAY@@PAPAUtagMIDEntry@@@Z 10013a9c f   ole32_ALL:IPIDTBL.obj
[...]
 0003:00001570       _IPersistStorageProxyVtbl  10069570     ole32_ALL:mega_p.obj
 0003:000015a0       _ILockBytesProxyVtbl       100695a0     ole32_ALL:mega_p.obj
 0003:000015d0       _IEnumFORMATETCProxyVtbl   100695d0     ole32_ALL:mega_p.obj
 0003:000015f4       _IEnumSTATDATAProxyVtbl    100695f4     ole32_ALL:mega_p.obj
 0003:00001618       _IRootStorageProxyVtbl     10069618     ole32_ALL:mega_p.obj
 0003:00001630       _IAdviseSinkProxyVtbl      10069630     ole32_ALL:mega_p.obj
 0003:00001658       _IAdviseSink2ProxyVtbl     10069658     ole32_ALL:mega_p.obj
 0003:00001684       _IDataObjectProxyVtbl      10069684     ole32_ALL:mega_p.obj
 0003:000016bc       _IConnectionPointProxyVtbl 100696bc     ole32_ALL:mega_p.obj
 0003:000016e4       _IConnectionPointContainerProxyVtbl 100696e4     ole32_ALL:mega_p.obj
 0003:00001700       _IEnumConnectionsProxyVtbl 10069700     ole32_ALL:mega_p.obj
 0003:00001724       _IEnumConnectionPointsProxyVtbl 10069724     ole32_ALL:mega_p.obj
 0003:00001748       _IClassActivatorProxyVtbl  10069748     ole32_ALL:mega_p.obj
 0003:00001760       _IFillLockBytesProxyVtbl   10069760     ole32_ALL:mega_p.obj
 0003:00001784       _IProgressNotifyProxyVtbl  10069784     ole32_ALL:mega_p.obj
 0003:0000179c       _ISurrogateProxyVtbl       1006979c     ole32_ALL:mega_p.obj
 0003:000017b8       _IOleCacheProxyVtbl        100697b8     ole32_ALL:mega_p.obj
 0003:000017e0       _IOleCache2ProxyVtbl       100697e0     ole32_ALL:mega_p.obj
 0003:00001810       _IOleCacheControlProxyVtbl 10069810     ole32_ALL:mega_p.obj
 0003:0000182c       _IParseDisplayNameProxyVtbl 1006982c     ole32_ALL:mega_p.obj
 0003:00001844       _IOleContainerProxyVtbl    10069844     ole32_ALL:mega_p.obj
 0003:00001864       _IOleClientSiteProxyVtbl   10069864     ole32_ALL:mega_p.obj
 0003:00001890       _IOleObjectProxyVtbl       10069890     ole32_ALL:mega_p.obj
 0003:000018f8       _IOleWindowProxyVtbl       100698f8     ole32_ALL:mega_p.obj
 0003:00001914       _IOleItemContainerProxyVtbl 10069914     ole32_ALL:mega_p.obj
 0003:00001940       _IOleLinkProxyVtbl         10069940     ole32_ALL:mega_p.obj
 0003:00001980       _IOleInPlaceUIWindowProxyVtbl 10069980     ole32_ALL:mega_p.obj
 0003:000019ac       _IOleInPlaceActiveObjectProxyVtbl 100699ac     ole32_ALL:mega_p.obj
 0003:000019dc       _IOleInPlaceObjectProxyVtbl 100699dc     ole32_ALL:mega_p.obj
 0003:00001a08       _IOleInPlaceFrameProxyVtbl 10069a08     ole32_ALL:mega_p.obj
 0003:00001a4c       _IViewObjectProxyVtbl      10069a4c     ole32_ALL:mega_p.obj
 0003:00001a78       _IOleInPlaceSiteProxyVtbl  10069a78     ole32_ALL:mega_p.obj
 0003:00001abc       _IContinueProxyVtbl        10069abc     ole32_ALL:mega_p.obj
 0003:00001ad4       _IViewObject2ProxyVtbl     10069ad4     ole32_ALL:mega_p.obj
 0003:00001b04       _IDropTargetProxyVtbl      10069b04     ole32_ALL:mega_p.obj
 0003:00001b28       _IEnumOLEVERBProxyVtbl     10069b28     ole32_ALL:mega_p.obj
 0003:00001b4c       _IServerHandlerProxyVtbl   10069b4c     ole32_ALL:mega_p.obj
 0003:00001b70       _IClientSiteHandlerProxyVtbl 10069b70     ole32_ALL:mega_p.obj
 0003:00001be4       _IRemUnknownProxyVtbl      10069be4     ole32_ALL:mega_p.obj
 0003:00001c04       _IObjServerProxyVtbl       10069c04     ole32_ALL:mega_p.obj
 0003:00001c28       _IDSCMProxyVtbl            10069c28     ole32_ALL:mega_p.obj
 0003:00001c48       _IInterfaceFromWindowPropProxyVtbl 10069c48     ole32_ALL:mega_p.obj
 0003:00001c64       _IRemUnknown2ProxyVtbl     10069c64     ole32_ALL:mega_p.obj
 0003:00001c88       _IRundownProxyVtbl         10069c88     ole32_ALL:mega_p.obj
 0003:00001cb0       _IDLLHostProxyVtbl         10069cb0     ole32_ALL:mega_p.obj
 0003:00001cc8       ?afThreadModelMatch@@3PAY03HA 10069cc8     ole32_ALL:OLESCM.obj
 0003:00001d08       IOrCallback_DispatchTable  10069d08     ole32_ALL:orcb_s.obj
 0003:00001d14       _IOrCallback_ServerIfHandle 10069d14     ole32_ALL:orcb_s.obj
 0003:00001d18       ?utProtseqInfo@@3PAPAGA    10069d18     ole32_ALL:TASK.obj
 0003:00001d9c       __security_cookie          10069d9c     corelib0:seccinit.obj
 0003:00001da0       __security_cookie_complement 10069da0     corelib0:seccinit.obj
 0003:00001db0       ?g_pOleThunkWOW@@3PAVOleThunkWOW@@A 10069db0     ole32_ALL:COMPOBJ.obj
 0003:00001db4       ?g_cProcessInits@@3KA      10069db4     ole32_ALL:COMPOBJ.obj
 0003:00001db8       ?g_cMTAInits@@3KA          10069db8     ole32_ALL:COMPOBJ.obj
 0003:00001dbc       ?g_cSTAInits@@3KA          10069dbc     ole32_ALL:COMPOBJ.obj
 0003:00001dc0       ?gdwScmProcessID@@3KA      10069dc0     ole32_ALL:COMPOBJ.obj
 0003:00001dc4       ?g_hinst@@3PAUHINSTANCE__@@A 10069dc4     ole32_ALL:COMPOBJ.obj
 0003:00001dd0       adwQueryInterfaceTable     10069dd0     ole32_ALL:COMPOBJ.obj
 0003:00001de0       ?g_pPatTbl@@3PAVCProcessPatternTbl@@A 10069de0     ole32_ALL:COMPAPI.obj
 0003:00001de4       ?g_pExtTbl@@3PAVCProcessExtensionTbl@@A 10069de4     ole32_ALL:COMPAPI.obj
 0003:00001de8       ?wszCairoRoot@@3PAGA       10069de8     ole32_ALL:COMPAPI.obj
 0003:00001dec       ?gpMTAObjServer@@3PAVCObjServer@@A 10069dec     ole32_ALL:SOBJACT.obj
 0003:00001df0       ?gCapabilities@@3KA        10069df0     ole32_ALL:SECURITY.obj
 0003:00001df4       ?gLegacySecurity@@3PAUtagSECURITYBINDING@@A 10069df4     ole32_ALL:SECURITY.obj
 0003:00001df8       ?gClientSvcList@@3PAGA     10069df8     ole32_ALL:SECURITY.obj
 0003:00001dfc       ?gClientSvcListLen@@3KA    10069dfc     ole32_ALL:SECURITY.obj
 0003:00001e00       ?gServerSvcList@@3PAGA     10069e00     ole32_ALL:SECURITY.obj
 0003:00001e04       ?gServerSvcListLen@@3KA    10069e04     ole32_ALL:SECURITY.obj
 0003:00001e08       ?gDisableDCOM@@3HA         10069e08     ole32_ALL:SECURITY.obj
 0003:00001e0c       ?gGotSecurityData@@3HA     10069e0c     ole32_ALL:SECURITY.obj
 0003:00001e10       ?gAccessControl@@3PAUIAccessControl@@A 10069e10     ole32_ALL:SECURITY.obj
 0003:00001e14       ?gpsaSecurity@@3PAUtagDUALSTRINGARRAY@@A 10069e14     ole32_ALL:SECURITY.obj
 0003:00001e18       ?gDefaultService@@3HA      10069e18     ole32_ALL:SECURITY.obj
 0003:00001e1c       ?gpStdMarshal@@3PAUIMarshal@@A 10069e1c     ole32_ALL:COAPI.obj
 0003:00001e20       ?g_CompName@@3VCComputerName@@A 10069e20     ole32_ALL:COBJACT.obj
 0003:00001e24       ?g_CMalloc@@3UCMalloc@@A   10069e24     ole32_ALL:MEMAPI.obj
 0003:00001e28       ?g_lpVtblMalloc@@3PAUIMallocVtbl@@A 10069e28     ole32_ALL:MEMAPI.obj
 0003:00001e2c       ?g_pMallocSpy@@3PAUIMallocSpy@@A 10069e2c     ole32_ALL:MEMAPI.obj
 0003:00001e30       ?g_dwMallocSpyRegistrationTID@@3KA 10069e30     ole32_ALL:MEMAPI.obj
 0003:00001e34       ?g_fRevokePending@@3HA     10069e34     ole32_ALL:MEMAPI.obj
 0003:00001e38       ?g_pAllocTbl@@3PAVCSpyTable@@A 10069e38     ole32_ALL:MEMAPI.obj
 0003:00001e3c       ?_palloc@COXIDTable@@0VCPageAllocator@@A 10069e3c     ole32_ALL:IPIDTBL.obj
 0003:00001e54       ?_palloc@CMIDTable@@0VCPageAllocator@@A 10069e54     ole32_ALL:IPIDTBL.obj
 0003:00001e6c       ?gIPIDTbl@@3VCIPIDTable@@A 10069e6c     ole32_ALL:IPIDTBL.obj
 0003:00001e6d       ?gMIDTbl@@3VCMIDTable@@A   10069e6d     ole32_ALL:IPIDTBL.obj
 0003:00001e6e       ?gOXIDTbl@@3VCOXIDTable@@A 10069e6e     ole32_ALL:IPIDTBL.obj
 0003:00001e70       ?_palloc@CIPIDTable@@0VCPageAllocator@@A 10069e70     ole32_ALL:IPIDTBL.obj
 0003:00001e88       ?gpLocalMIDEntry@@3PAUtagMIDEntry@@A 10069e88     ole32_ALL:IPIDTBL.obj
 0003:00001e8c       ?gpMTAOXIDEntry@@3PAUtagOXIDEntry@@A 10069e8c     ole32_ALL:IPIDTBL.obj
 0003:00001e90       ?gpsaLocalResolver@@3PAUtagDUALSTRINGARRAY@@A 10069e90     ole32_ALL:IPIDTBL.obj
 0003:00001e94       ?_cExpired@COXIDTable@@0KA 10069e94     ole32_ALL:IPIDTBL.obj
 0003:00001e98       ?gNumExtent@@3KA           10069e98     ole32_ALL:CHOCK.obj
 0003:00001e9c       ?gaChannelHook@@3PAU_GUID@@A 10069e9c     ole32_ALL:CHOCK.obj
 0003:00001ea4       ?hOleAut32@@3PAUHINSTANCE__@@A 10069ea4     ole32_ALL:CERROR.obj
 0003:00001ea8       ?list@working_call@@0PAPAXA 10069ea8     ole32_ALL:CHANNELB.obj
 0003:00001ec8       ?next@working_call@@0KA    10069ec8     ole32_ALL:CHANNELB.obj
 0003:00001ecc       ?DoDebuggerHooks@@3HA      10069ecc     ole32_ALL:CHANNELB.obj
 0003:00001ed0       ?DebuggerArg@@3PAUORPC_INIT_ARGS@@A 10069ed0     ole32_ALL:CHANNELB.obj
 0003:00001ed4       ?gfChannelProcessInitialized@@3HA 10069ed4     ole32_ALL:CHANNELB.obj
 0003:00001ed8       ?gfMTAChannelInitialized@@3HA 10069ed8     ole32_ALL:CHANNELB.obj
 0003:00001edc       ?pROT@@3PAVCRunningObjectTable@@A 10069edc     ole32_ALL:CROT.obj
 0003:00001ee0       g_hCDfMutexCriticalSection 10069ee0     ole32_ALL:storage.obj
 0003:00001ef8       ?gLocalMid@@3_KA           10069ef8     ole32_ALL:RESOLVER.obj
 0003:00001f00       ?_arPreRegOids@CRpcResolver@@0PA_KA 10069f00     ole32_ALL:RESOLVER.obj
 0003:00001f50       ?gResolver@@3VCRpcResolver@@A 10069f50     ole32_ALL:RESOLVER.obj
 0003:00001f54       ?giPingPeriod@@3KA         10069f54     ole32_ALL:RESOLVER.obj
 0003:00001f58       ?_hRpc@CRpcResolver@@0PAXA 10069f58     ole32_ALL:RESOLVER.obj
 0003:00001f5c       ?_ph@CRpcResolver@@0PAXA   10069f5c     ole32_ALL:RESOLVER.obj
 0003:00001f60       ?_fWorker@CRpcResolver@@0HA 10069f60     ole32_ALL:RESOLVER.obj
 0003:00001f64       ?_hEventOXID@CRpcResolver@@0PAXA 10069f64     ole32_ALL:RESOLVER.obj
 0003:00001f68       ?_dwFlags@CRpcResolver@@0KA 10069f68     ole32_ALL:RESOLVER.obj
 0003:00001f6c       ?_dwSleepPeriod@CRpcResolver@@0KA 10069f6c     ole32_ALL:RESOLVER.obj
 0003:00001f70       ?_cReservedOidsAvail@CRpcResolver@@0KA 10069f70     ole32_ALL:RESOLVER.obj
 0003:00001f74       ?_cOidsToAdd@CRpcResolver@@0KA 10069f74     ole32_ALL:RESOLVER.obj
 0003:00001f78       ?_OidNextReserved@CRpcResolver@@0_KA 10069f78     ole32_ALL:RESOLVER.obj
 0003:00001f80       ?_cOidsToRemove@CRpcResolver@@0KA 10069f80     ole32_ALL:RESOLVER.obj
 0003:00001f84       ?_cPreRegOidsAvail@CRpcResolver@@0KA 10069f84     ole32_ALL:RESOLVER.obj
 0003:00001f88       ?_pSCMSTA@CRpcResolver@@0PAUIDSCM@@A 10069f88     ole32_ALL:RESOLVER.obj
 0003:00001f8c       ?_pSCMMTA@CRpcResolver@@0PAUIDSCM@@A 10069f8c     ole32_ALL:RESOLVER.obj
 0003:00001f90       ?_pwszWinstaDesktop@CRpcResolver@@0PAGA 10069f90     ole32_ALL:RESOLVER.obj
 0003:00001f94       ?_dwProcessSignature@CRpcResolver@@0KA 10069f94     ole32_ALL:RESOLVER.obj
 0003:00001f98       ?_bDynamicSecurity@CRpcResolver@@0HA 10069f98     ole32_ALL:RESOLVER.obj
 0003:00001f9c       ?_ClientOIDRegList@CRpcResolver@@0USOIDRegistration@@A 10069f9c     ole32_ALL:RESOLVER.obj
 0003:00001fc8       ?g_hHeap@@3PAXA            10069fc8     ole32_ALL:CCOMPAPI.obj
 0003:00001fcc       ?g_fDllUnloading@@3HA      10069fcc     ole32_ALL:TLS.obj
 0003:00001fd0       ?gTlsIndex@@3KA            10069fd0     ole32_ALL:TLS.obj
 0003:00001fd4       ?g_OleMutexCreationSem@@3UCRITICAL_SECTION@@A 10069fd4     ole32_ALL:OLESEM.obj
 0003:00001fe8       ?g_pInitializedStaticMutexList@@3PAVCOleStaticMutexSem@@A 10069fe8     ole32_ALL:OLESEM.obj
 0003:00001fec       ?g_pIMalloc@@3PAUIMalloc@@A 10069fec     ole32_ALL:ACSRV.obj
 0003:00001ff0       ?g_ulHeaderSize@@3KA       10069ff0     ole32_ALL:ACSRV.obj
 0003:00001ff4       ?g_ServerLock@@3UCRITICAL_SECTION@@A 10069ff4     ole32_ALL:ACSRV.obj
 0003:00002008       ?g_bInitialized@@3HA       1006a008     ole32_ALL:ACSRV.obj
 0003:0000200c       gPFactory                  1006a00c     ole32_ALL:DLLDATAX.obj
 0003:0000201c       ?gcHostProcessInits@@3KA   1006a01c     ole32_ALL:DLLHOST.obj
 0003:00002020       ?gOleWindowClass@@3PAGA    1006a020     ole32_ALL:DLLCACHE.obj
 0003:00002024       ?gdwMainThreadId@@3KA      1006a024     ole32_ALL:DLLCACHE.obj
 0003:00002028       ?hwndOleMainThread@@3PAUHWND__@@A 1006a028     ole32_ALL:DLLCACHE.obj
 0003:0000202c       ?gfDestroyingMainWindow@@3HA 1006a02c     ole32_ALL:DLLCACHE.obj
 0003:00002030       ?gpOIDTable@@3PAVCIDArray@@A 1006a030     ole32_ALL:IDTABLE.obj
 0003:00002034       ?gEventCache@@3VCEventCache@@A 1006a034     ole32_ALL:CHANCONT.obj
 0003:00002035       ?gRpcThreadCache@@3VCRpcThreadCache@@A 1006a035     ole32_ALL:CHANCONT.obj
 0003:00002038       ?_list@CEventCache@@0PAPAXA 1006a038     ole32_ALL:CHANCONT.obj
 0003:00002058       ?_ifree@CEventCache@@0KA   1006a058     ole32_ALL:CHANCONT.obj
 0003:0000205c       ?_palloc@CEndpointsTable@@0VCPageAllocator@@A 1006a05c     ole32_ALL:SERVICE.obj
 0003:00002074       ?gEndpointsTable@@3VCEndpointsTable@@A 1006a074     ole32_ALL:SERVICE.obj
 0003:0000207c       ?gSpeedOverMem@@3HA        1006a07c     ole32_ALL:SERVICE.obj
 0003:00002080       ?gfListening@@3HA          1006a080     ole32_ALL:SERVICE.obj
 0003:00002084       ?gfDefaultStrings@@3HA     1006a084     ole32_ALL:SERVICE.obj
 0003:00002088       ?gfLrpc@@3HA               1006a088     ole32_ALL:SERVICE.obj
 0003:0000208c       ?gdwEndPoint@@3KA          1006a08c     ole32_ALL:SERVICE.obj
 0003:00002090       ?gdwPsaMaxSize@@3KA        1006a090     ole32_ALL:SERVICE.obj
 0003:00002094       ?gpsaCurrentProcess@@3PAUtagDUALSTRINGARRAY@@A 1006a094     ole32_ALL:SERVICE.obj
 0003:000020a4       __@@_PchSym_@00@UygUCGFBUkirezgvUwxlnUlovDCUxlnUrmxUdrmxvUlyqUzineHUivgzroUlovCrmgOlyq@inc 1006a0a4     ole32_ALL:ole2int.obj
 0003:000020a8       ?_pSurrogate@CCOMSurrogate@@0PAUISurrogate@@A 1006a0a8     ole32_ALL:COMSRGT.obj
 0003:000020ac       ?gdllcacheInprocSrv@@3VCDllCache@@A 1006a0ac     ole32_ALL:HOBJACT.obj
 0003:000020f0       ?gdllcacheHandler@@3VCDllCache@@A 1006a0f0     ole32_ALL:HOBJACT.obj
 0003:00002134       ?gIPIDSeqNum@@3JA          1006a134     ole32_ALL:MARSHAL.obj
 0003:00002138       ?saNULL@@3UtagDUALSTRINGARRAY@@A 1006a138     ole32_ALL:MARSHAL.obj
 0003:00002140       ?gptrtlstTreatClasses@@3PAVCTreatList@@A 1006a140     ole32_ALL:TREAT.obj
 0003:00002154       ?gpMTARemoteUnknown@@3PAVCRemoteUnknown@@A 1006a154     ole32_ALL:REMOTEU.obj
 0003:00002158       ?_pFreeList@CRpcThreadCache@@0PAVCRpcThread@@A 1006a158     ole32_ALL:THREADS.obj
 0003:0000215c       ?_palloc@CGIPTable@@0VCPageAllocator@@A 1006a15c     ole32_ALL:GIPTBL.obj
 0003:00002174       ?_fInRevokeAll@CGIPTable@@0HA 1006a174     ole32_ALL:GIPTBL.obj
 0003:00002178       __@@_PchSym_@00@UygUCGFBUkirezgvUwxlnUlovDCnUhgliztvUvckUlyqUzineHUivgzroUvcksvzwOlyq@exp 1006a178     ole32_ALL:exphead.obj
 0003:0000217c       ?fInitialisedSm@@3HA       1006a17c     ole32_ALL:mem.obj
 0003:00002180       ?mxsInitSm@@3VCOleStaticMutexSem@@A 1006a180     ole32_ALL:mem.obj
 0003:0000219c       ?pvDfSharedMemBase@@3PAXA  1006a19c     ole32_ALL:mem.obj
 0003:000021a4       __@@_PchSym_@00@UygUCGFBUkirezgvUwxlnUlovDCnUhgliztvUwlxurovUlyqUzineHUivgzroUwusvzwOlyq@docfile 1006a1a4     ole32_ALL:dfhead.obj
 0003:000021a8       __@@_PchSym_@00@UygUCGFBUkirezgvUwxlnUlovDCnUhgliztvUnhuUlyqUzineHUivgzroUnhusvzwOlyq@msf 1006a1a8     ole32_ALL:msfhead.obj
 0003:000021b0       ?g_csScratchBuffer@@3UCRITICAL_SECTION@@A 1006a1b0     ole32_ALL:mstream.obj
 0003:000031cc       _exitflag                  1006b1cc     corelib0:cexit.obj
 0003:000031d0       any_handle                 1006b1d0     <common>
 0003:000031d4       __onexitend                1006b1d4     <common>
 0003:000031d8       __onexitbegin              1006b1d8     <common>
 0003:000031dc       g_pcsExit                  1006b1dc     <common>
 0003:000031e0       _pRawDllMain               1006b1e0     <common>

 entry point at        0001:0005de64

 Static symbols

 0001:0000afac       ?HexStringToDword@@YAHAAPBGAAKHG@Z 1000bfac f   ole32_ALL:COMPAPI.obj
 0001:000260d0       ?SkipToNext@@YAPAGPAG@Z    100270d0 f   ole32_ALL:PATTBL.obj
 0001:00026134       ?ToHex@@YAEPAG@Z           10027134 f   ole32_ALL:PATTBL.obj
 0001:0002b484       ?wStrtok@@YAPAGPAG0@Z      1002c484 f   ole32_ALL:SERVICE.obj
 0001:0002ba70       ?wReadProtseqsForAppid@@YAJPAUHKEY__@@@Z 1002ca70 f   ole32_ALL:SERVICE.obj
 0001:00030584       ?WriteToRegDb@@YAJPBG0@Z   10031584 f   ole32_ALL:OLE1GUID.obj
 0001:00036800       ?_CreateLoggerHelper@@YAXPAVCDebugEventFire@@@Z 10037800 f   ole32_ALL:events.obj
 0001:0003704c       ?LogEventMarshalHelper@@YAXAAUtagOBJREF@@PAK1@Z 1003804c f   ole32_ALL:events.obj
 0001:00037304       ?_CreateLoggerWorker@@YAKPAX@Z 10038304 f   ole32_ALL:events.obj
 0001:0003c740       ?GetOpenWithMask@@YAJPAUILockBytes@@KHKPAK@Z 1003d740 f   ole32_ALL:lock.obj
 0001:0003cd90       ?ReleaseOpenWithMask@@YAXPAUILockBytes@@KKK@Z 1003dd90 f   ole32_ALL:lock.obj
 0001:00047884       IEnumFORMATETC_DVTARGETDEVICEExprEval_0000 10048884 f   ole32_ALL:mega_p.obj
 0001:0005dd74       _DllMainCRTStartupHelper   1005ed74 f   corelib0:pegdmain.obj
 0001:0005e17c       doexit                     1005f17c f   corelib0:cexit.obj
 0001:0005e4dc       ??__Eg_mxsCoSetState@@YAXXZ 1005f4dc f   ole32_ALL:COMPOBJ.obj
 0001:0005e4e8       ??__Eg_mxsSingleThreadOle@@YAXXZ 1005f4e8 f   ole32_ALL:COMPOBJ.obj
 0001:0005e4f4       ??__EgmxsOleMisc@@YAXXZ    1005f4f4 f   ole32_ALL:COMPOBJ.obj
 0001:0005e500       ??__EgmxsObjReg@@YAXXZ     1005f500 f   ole32_ALL:SOBJACT.obj
 0001:0005e50c       ??__Eg_SpySem@@YAXXZ       1005f50c f   ole32_ALL:MEMAPI.obj
 0001:0005e518       ??__Eg_RotSem@@YAXXZ       1005f518 f   ole32_ALL:CROT.obj
 0001:0005e524       ??__E?_ClientOIDRegList@CRpcResolver@@0USOIDRegistration@@A@@YAXXZ 1005f524 f   ole32_ALL:RESOLVER.obj
 0001:0005e580       ??__EgSTHost@@YAXXZ        1005f580 f   ole32_ALL:DLLHOST.obj
 0001:0005e58c       ??__EgSTMTHost@@YAXXZ      1005f58c f   ole32_ALL:DLLHOST.obj
 0001:0005e598       ??__EgATHost@@YAXXZ        1005f598 f   ole32_ALL:DLLHOST.obj
 0001:0005e5a4       ??__EgMTHost@@YAXXZ        1005f5a4 f   ole32_ALL:DLLHOST.obj
 0001:0005e5b0       ??__EgTblLck@@YAXXZ        1005f5b0 f   ole32_ALL:pexttbl.obj
 0001:0005e5bc       ??__EgComLock@@YAXXZ       1005f5bc f   ole32_ALL:LOCKS.obj
 0001:0005e5c8       ??__EgMtaInitLock@@YAXXZ   1005f5c8 f   ole32_ALL:LOCKS.obj
 0001:0005e5d4       ??__EgdllcacheInprocSrv@@YAXXZ 1005f5d4 f   ole32_ALL:HOBJACT.obj
 0001:0005e5f4       ??__EgdllcacheHandler@@YAXXZ 1005f5f4 f   ole32_ALL:HOBJACT.obj
 0001:0005e614       ??__ERpcKeys@@YAXXZ        1005f614 f   ole32_ALL:events.obj
 0001:0005e640       ??__EMrsKeys@@YAXXZ        1005f640 f   ole32_ALL:events.obj
 0001:0005e66c       ??__EDisKeys@@YAXXZ        1005f66c f   ole32_ALL:events.obj
 0001:0005e688       ??__E?_mxs@CRpcThreadCache@@0VCOleStaticMutexSem@@A@@YAXXZ 1005f688 f   ole32_ALL:THREADS.obj
 0001:0005e694       ??__Fg_mxsCoSetState@@YAXXZ 1005f694 f   ole32_ALL:COMPOBJ.obj
 0001:0005e6a0       ??__Fg_mxsSingleThreadOle@@YAXXZ 1005f6a0 f   ole32_ALL:COMPOBJ.obj
 0001:0005e6ac       ??__FgmxsOleMisc@@YAXXZ    1005f6ac f   ole32_ALL:COMPOBJ.obj
 0001:0005e6b8       ??__FgmxsObjReg@@YAXXZ     1005f6b8 f   ole32_ALL:SOBJACT.obj
 0001:0005e6c4       ??__Fg_SpySem@@YAXXZ       1005f6c4 f   ole32_ALL:MEMAPI.obj
 0001:0005e6d0       ??__Fg_RotSem@@YAXXZ       1005f6d0 f   ole32_ALL:CROT.obj
 0001:0005e6dc       ??__F?_ClientOIDRegList@CRpcResolver@@0USOIDRegistration@@A@@YAXXZ 1005f6dc f   ole32_ALL:RESOLVER.obj
 0001:0005e708       ??__FgSTMTHost@@YAXXZ      1005f708 f   ole32_ALL:DLLHOST.obj
 0001:0005e718       ??__FgATHost@@YAXXZ        1005f718 f   ole32_ALL:DLLHOST.obj
 0001:0005e728       ??__FgMTHost@@YAXXZ        1005f728 f   ole32_ALL:DLLHOST.obj
 0001:0005e738       ??__FgSTHost@@YAXXZ        1005f738 f   ole32_ALL:DLLHOST.obj
 0001:0005e748       ??__FgTblLck@@YAXXZ        1005f748 f   ole32_ALL:pexttbl.obj
 0001:0005e754       ??__FgComLock@@YAXXZ       1005f754 f   ole32_ALL:LOCKS.obj
 0001:0005e760       ??__FgMtaInitLock@@YAXXZ   1005f760 f   ole32_ALL:LOCKS.obj
 0001:0005e76c       ??__FgdllcacheInprocSrv@@YAXXZ 1005f76c f   ole32_ALL:HOBJACT.obj
 0001:0005e778       ??__FgdllcacheHandler@@YAXXZ 1005f778 f   ole32_ALL:HOBJACT.obj
 0001:0005e784       ??__F?_mxs@CRpcThreadCache@@0VCOleStaticMutexSem@@A@@YAXXZ 1005f784 f   ole32_ALL:THREADS.obj
