 pimstore

 Timestamp is 5cafb4a2 (Thu Apr 11 14:41:54 2019)

 Preferred load address is 10000000

 Start         Length     Name                   Class
 0001:00000000 00000004H .CRT$XCA                CODE
 0001:00000004 00000004H .CRT$XCL                CODE
 0001:00000008 00000010H .CRT$XCU                CODE
 0001:00000018 00000004H .CRT$XCZ                CODE
 0001:0000001c 00000004H .CRT$XIA                CODE
 0001:00000020 00000004H .CRT$XIZ                CODE
 0001:00000024 00000004H .CRT$XPA                CODE
 0001:00000028 00000004H .CRT$XPZ                CODE
 0001:0000002c 00000004H .CRT$XTA                CODE
 0001:00000030 00000004H .CRT$XTZ                CODE
 0001:00000040 0001063aH .rdata                  CODE
 0001:0001067c 00000025H .rdata$debug            CODE
 0001:000106a4 000629b0H .text                   CODE
 0001:00073054 000000a0H .text$yc                CODE
 0001:000730f4 00000080H .text$yd                CODE
 0001:00073174 000001b0H .xdata                  CODE
 0001:00073324 00000000H ATL$__a                 CODE
 0001:00073324 00000000H ATL$__z                 CODE
 0001:00073324 000000b4H .idata$2                CODE
 0001:000733d8 00000014H .idata$3                CODE
 0001:000733ec 00000500H .idata$4                CODE
 0001:000738ec 0000055cH .idata$6                CODE
 0001:00073e50 0000036fH .edata                  CODE
 0002:00000000 000004c4H .orpc                   CODE
 0003:00000000 00000500H .idata$5                DATA
 0003:00000500 00002cfcH .data                   DATA
 0003:00003200 00000280H .bss                    DATA
 0004:00000000 000054d8H .pdata                  DATA

  Address         Publics by Value              Rva+Base       Lib:Object

 0000:00000000       ___safe_se_handler_count   00000000     <absolute>
 0000:00000000       ___safe_se_handler_table   00000000     <absolute>
 0001:00000000       __xc_a                     10001000     corelib0:crt0init.obj
 0001:00000018       __xc_z                     10001018     corelib0:crt0init.obj
 0001:0000001c       __xi_a                     1000101c     corelib0:crt0init.obj
 0001:00000020       __xi_z                     10001020     corelib0:crt0init.obj
 0001:00000024       __xp_a                     10001024     corelib0:crt0init.obj
 0001:00000028       __xp_z                     10001028     corelib0:crt0init.obj
 0001:0000002c       __xt_a                     1000102c     corelib0:crt0init.obj
 0001:00000030       __xt_z                     10001030     corelib0:crt0init.obj
 0001:0000005c       ??_C@_1BA@JIHHIEDE@?$AAT?$AAy?$AAp?$AAe?$AAL?$AAi?$AAb?$AA?$AA@ 1000105c     dllmain.obj
 0001:0000006c       ??_C@_1BC@EAHCMADO@?$AAS?$AAo?$AAf?$AAt?$AAw?$AAa?$AAr?$AAe?$AA?$AA@ 1000106c     dllmain.obj
 0001:00000080       ??_C@_1O@GBFINDKL@?$AAS?$AAY?$AAS?$AAT?$AAE?$AAM?$AA?$AA@ 10001080     dllmain.obj
 0001:00000090       ??_C@_1BC@IBECJAAI@?$AAS?$AAE?$AAC?$AAU?$AAR?$AAI?$AAT?$AAY?$AA?$AA@ 10001090     dllmain.obj
 0001:000000a4       ??_C@_17OMAOINJK@?$AAS?$AAA?$AAM?$AA?$AA@ 100010a4     dllmain.obj
 0001:000000ac       ??_C@_19HLLLM@?$AAM?$AAi?$AAm?$AAe?$AA?$AA@ 100010ac     dllmain.obj
 0001:000000b8       ??_C@_1BC@MAICEHGI@?$AAH?$AAa?$AAr?$AAd?$AAw?$AAa?$AAr?$AAe?$AA?$AA@ 100010b8     dllmain.obj
 0001:000000cc       ??_C@_1BE@EKPAFMCP@?$AAI?$AAn?$AAt?$AAe?$AAr?$AAf?$AAa?$AAc?$AAe?$AA?$AA@ 100010cc     dllmain.obj
 0001:000000e0       ??_C@_1BC@NKMMNMGL@?$AAF?$AAi?$AAl?$AAe?$AAT?$AAy?$AAp?$AAe?$AA?$AA@ 100010e0     dllmain.obj
 0001:000000f4       ??_C@_1CK@OEKPKBNA@?$AAC?$AAo?$AAm?$AAp?$AAo?$AAn?$AAe?$AAn?$AAt?$AA?5?$AAC?$AAa?$AAt?$AAe?$AAg?$AAo?$AAr?$AAi?$AAe?$AAs?$AA?$AA@ 100010f4     dllmain.obj
 0001:00000120       ??_C@_1M@KANJNLFF@?$AAC?$AAL?$AAS?$AAI?$AAD?$AA?$AA@ 10001120     dllmain.obj
 0001:0000012c       ??_C@_1M@EJNEECMJ@?$AAA?$AAp?$AAp?$AAI?$AAD?$AA?$AA@ 1000112c     dllmain.obj
 0001:00000138       ??_C@_1O@JDLOHAN@?$AAD?$AAe?$AAl?$AAe?$AAt?$AAe?$AA?$AA@ 10001138     dllmain.obj
 0001:00000148       ??_C@_1BC@GCKHIPE@?$AAN?$AAo?$AAR?$AAe?$AAm?$AAo?$AAv?$AAe?$AA?$AA@ 10001148     dllmain.obj
 0001:0000015c       ??_C@_1BI@JFAIJMHL@?$AAF?$AAo?$AAr?$AAc?$AAe?$AAR?$AAe?$AAm?$AAo?$AAv?$AAe?$AA?$AA@ 1000115c     dllmain.obj
 0001:00000174       ??_C@_17LLMMEOJD@?$AAV?$AAa?$AAl?$AA?$AA@ 10001174     dllmain.obj
 0001:0000017c       ??_C@_13OPKGLAFF@?$AAB?$AA?$AA@ 1000117c     dllmain.obj
 0001:00000180       ??_C@_13MKMNOPIJ@?$AAD?$AA?$AA@ 10001180     dllmain.obj
 0001:00000184       ??_C@_13LHMFKAAD@?$AAM?$AA?$AA@ 10001184     dllmain.obj
 0001:00000188       ??_C@_13HADIAKP@?$AAS?$AA?$AA@ 10001188     dllmain.obj
 0001:0000018c       IID_IChangeEventSink       1000118c     dllmain.obj
 0001:0000019c       IID_ICustomEventSink       1000119c     dllmain.obj
 0001:000001ac       IID_IException             100011ac     dllmain.obj
 0001:000001bc       IID_IExceptions            100011bc     dllmain.obj
 0001:000001cc       IID_ITimeZone              100011cc     dllmain.obj
 0001:000001dc       IID_IRecurrencePattern     100011dc     dllmain.obj
 0001:000001ec       IID_IRecurrencePattern2    100011ec     dllmain.obj
 0001:000001fc       IID_IRecipient             100011fc     dllmain.obj
 0001:0000020c       IID_IPOlRecipient          1000120c     dllmain.obj
 0001:0000021c       IID_IRecipient2            1000121c     dllmain.obj
 0001:0000022c       IID_IRecipients            1000122c     dllmain.obj
 0001:0000023c       IID_IRecipients2           1000123c     dllmain.obj
 0001:0000024c       IID_IPOutlookItemCollection 1000124c     dllmain.obj
 0001:0000025c       IID_IPOutlookItemCollection2 1000125c     dllmain.obj
 0001:0000026c       IID_IPOutlookFolderCollection 1000126c     dllmain.obj
 0001:0000027c       IID_IPOutlookStoreCollection 1000127c     dllmain.obj
 0001:0000028c       IID_IPOlItems              1000128c     dllmain.obj
 0001:0000029c       IID_IContact               1000129c     dllmain.obj
 0001:000002ac       IID_IContact2              100012ac     dllmain.obj
 0001:000002bc       IID_ITask                  100012bc     dllmain.obj
 0001:000002cc       IID_ITask2                 100012cc     dllmain.obj
 0001:000002dc       IID_IAppointment           100012dc     dllmain.obj
 0001:000002ec       IID_IAppointment2          100012ec     dllmain.obj
 0001:000002fc       IID_ICity                  100012fc     dllmain.obj
 0001:0000030c       IID_IFolder                1000130c     dllmain.obj
 0001:0000031c       IID_IFolder2               1000131c     dllmain.obj
 0001:0000032c       IID_IPOutlookApp           1000132c     dllmain.obj
 0001:0000033c       IID_IPOutlookApp2          1000133c     dllmain.obj
 0001:0000034c       IID_IPOutlookApp3          1000134c     dllmain.obj
 0001:0000035c       IID_IStore                 1000135c     dllmain.obj
 0001:0000036c       IID_IItem                  1000136c     dllmain.obj
 0001:0000037c       IID_IItem2                 1000137c     dllmain.obj
 0001:0000038c       IID_IRecipient3            1000138c     dllmain.obj
 0001:0000039c       IID_IPOlItems2             1000139c     dllmain.obj
 0001:000003ac       ITI_ContactItemRef         100013ac     dllmain.obj
 0001:000003bc       CLSID_Application          100013bc     dllmain.obj
 0001:000003cc       IID_IPOlException          100013cc     dllmain.obj
 0001:000003dc       IID_IPOlAppointment        100013dc     dllmain.obj
 0001:000003ec       IID_IPOlTask               100013ec     dllmain.obj
 0001:000003fc       IID_IPOlCalstoreOutlookApp 100013fc     dllmain.obj
 0001:0000040c       IID_IPOutlookAppStoreHook  1000140c     dllmain.obj
 0001:0000041c       IID_IRestriction           1000141c     dllmain.obj
 0001:0000042c       IID_ICollection            1000142c     dllmain.obj
 0001:0000043c       IID_IItemIterator          1000143c     dllmain.obj
 0001:0000044c       IID_IStoreIterator         1000144c     dllmain.obj
 0001:0000045c       IID_IRecipientIterator     1000145c     dllmain.obj
 0001:0000046c       IID_IPOutlookAppPriv       1000146c     dllmain.obj
 0001:0000047c       IID_IContactPrivate        1000147c     dllmain.obj
 0001:0000048c       IID_IPimNewCard            1000148c     dllmain.obj
 0001:0000049c       IID_IPimEditCard           1000149c     dllmain.obj
 0001:000004ac       IID_IPimConfigurationManager 100014ac     dllmain.obj
 0001:000004bc       CLSID_PimConfigurationManager 100014bc     dllmain.obj
 0001:000004ec       ?rgszNeverDelete@CRegParser@ATL@@1QBQBGB 100014ec     dllmain.obj
 0001:0000051c       IID_IPOlContact            1000151c     dllmain.obj
 0001:0000052c       ??_C@_1BO@ONBCMHFO@?$AAL?$AAo?$AAg?$AAi?$AAc?$AAa?$AAl?$AAP?$AAi?$AAx?$AAe?$AAl?$AAs?$AAY?$AA?$AA@ 1000152c     dllmain.obj
 0001:0000054c       ??_C@_1CG@NPAKAMEF@?$AAS?$AAY?$AAS?$AAT?$AAE?$AAM?$AA?2?$AAG?$AAW?$AAE?$AA?2?$AAD?$AAi?$AAs?$AAp?$AAl?$AAa?$AAy?$AA?$AA@ 1000154c     dllmain.obj
 0001:00000574       ??_C@_1BO@FFKOKADL@?$AAL?$AAo?$AAg?$AAi?$AAc?$AAa?$AAl?$AAP?$AAi?$AAx?$AAe?$AAl?$AAs?$AAX?$AA?$AA@ 10001574     dllmain.obj
 0001:00000594       ??_7?$CUnknownImpl@UIClassFactory@@@@6B@ 10001594     dllmain.obj
 0001:000005ac       ??_7CComModule@ATL@@6B@    100015ac     dllmain.obj
 0001:000005d4       _GUID_00000146_0000_0000_c000_000000000046 100015d4     dllmain.obj
 0001:000005e8       ?map@?1??HKeyFromString@CRegParser@ATL@@KAPAUHKEY__@@PAG@Z@4QBUkeymap@?1??123@KAPAU4@0@Z@B 100015e8     dllmain.obj
 0001:00000628       ??_C@_19NCHLBIN@?$AAH?$AAK?$AAC?$AAR?$AA?$AA@ 10001628     dllmain.obj
 0001:00000634       ??_C@_19JAPAIJDE@?$AAH?$AAK?$AAC?$AAU?$AA?$AA@ 10001634     dllmain.obj
 0001:00000640       ??_C@_19PEALEEJB@?$AAH?$AAK?$AAL?$AAM?$AA?$AA@ 10001640     dllmain.obj
 0001:0000064c       ??_C@_17PJOJPMPB@?$AAH?$AAK?$AAU?$AA?$AA@ 1000164c     dllmain.obj
 0001:00000654       ??_C@_1CE@PACHPJFI@?$AAH?$AAK?$AAE?$AAY?$AA_?$AAC?$AAL?$AAA?$AAS?$AAS?$AAE?$AAS?$AA_?$AAR?$AAO?$AAO?$AAT?$AA?$AA@ 10001654     dllmain.obj
 0001:00000678       ??_C@_1CE@HLHNCBPM@?$AAH?$AAK?$AAE?$AAY?$AA_?$AAC?$AAU?$AAR?$AAR?$AAE?$AAN?$AAT?$AA_?$AAU?$AAS?$AAE?$AAR?$AA?$AA@ 10001678     dllmain.obj
 0001:0000069c       ??_C@_1CG@GFBEANJL@?$AAH?$AAK?$AAE?$AAY?$AA_?$AAL?$AAO?$AAC?$AAA?$AAL?$AA_?$AAM?$AAA?$AAC?$AAH?$AAI?$AAN?$AAE?$AA?$AA@ 1000169c     dllmain.obj
 0001:000006c4       ??_C@_1BG@BGODANIO@?$AAH?$AAK?$AAE?$AAY?$AA_?$AAU?$AAS?$AAE?$AAR?$AAS?$AA?$AA@ 100016c4     dllmain.obj
 0001:000006dc       ??_C@_11LOCGONAA@?$AA?$AA@ 100016dc     dllmain.obj
 0001:000006e0       ??_C@_1M@PPPPCDEP@?$AAA?$AAP?$AAP?$AAI?$AAD?$AA?$AA@ 100016e0     dllmain.obj
 0001:000006ec       ??_7CRegObject@ATL@@6B@    100016ec     dllmain.obj
 0001:00000704       ??_C@_1BE@LJOLIMEM@?$AA?$AN?$AA?6?$AA?7?$AA?$HN?$AA?$AN?$AA?6?$AA?$HN?$AA?$AN?$AA?6?$AA?$AA@ 10001704     dllmain.obj
 0001:00000718       ??_C@_1EA@NHKLICFA@?$AAH?$AAK?$AAC?$AAU?$AA?$AN?$AA?6?$AA?$HL?$AA?7?$AAS?$AAo?$AAf?$AAt?$AAw?$AAa?$AAr?$AAe?$AA?$AN?$AA?6?$AA?7?$AA?$HL?$AA?$AN?$AA?6?$AA?7?$AA?7?$AAC?$AAl?$AAa?$AAs?$AAs?$AAe?$AAs?$AA?$AA@ 10001718     dllmain.obj
 0001:00000758       ??_7CPOutlookAppFactory@@6B@ 10001758     dllmain.obj
 0001:00000770       ??_C@_1BC@KAILKFFG@?$AAR?$AAE?$AAG?$AAI?$AAS?$AAT?$AAR?$AAY?$AA?$AA@ 10001770     dllmain.obj
 0001:00000784       ??_C@_1BG@JBACFMF@?$AAM?$AAo?$AAd?$AAu?$AAl?$AAe?$AA_?$AAR?$AAa?$AAw?$AA?$AA@ 10001784     dllmain.obj
 0001:0000079c       ??_C@_1O@MNLDABAF@?$AAM?$AAo?$AAd?$AAu?$AAl?$AAe?$AA?$AA@ 1000179c     dllmain.obj
 0001:000007cc       PS_MAPI                    100017cc     DllLoadCmn.obj
 0001:000007dc       ??_C@_1BC@COPIIC@?$AAt?$AAm?$AAa?$AAi?$AAl?$AAu?$AAt?$AAl?$AA?$AA@ 100017dc     DllLoadCmn.obj
 0001:000007f0       __real@bff0000000000000    100017f0     calstorelib:helper.obj
 0001:00000880       ??_7RGRTime@@6B@           10001880     calstorelib:recur.obj
 0001:00000890       ??_7RGApptRecurBlock@@6B@  10001890     calstorelib:recur.obj
 0001:000008a0       ??_7RGRecX@@6B@            100018a0     calstorelib:recur.obj
 0001:000008b0       ??_7GenericArray@@6B@      100018b0     calstorelib:genarray.obj
 0001:000008c0       ??_C@_1CE@NBLJFFMF@?$AAC?$AAS?$AA?3?$AAG?$AAe?$AAt?$AAH?$AAi?$AAg?$AAh?$AAC?$AAo?$AAn?$AAf?$AAl?$AAc?$AAt?$AA?$AA@ 100018c0     calstorelib:csperf.obj
 0001:000008e4       ??_C@_1DA@FBDGJPJG@?$AAC?$AAS?$AA?3?$AAA?$AAp?$AAp?$AAt?$AAF?$AAr?$AAo?$AAm?$AAC?$AAo?$AAl?$AAl?$AAe?$AAc?$AAt?$AA?3?$AAF?$AAi?$AAl?$AAl?$AA?$AA@ 100018e4     calstorelib:csperf.obj
 0001:00000914       ??_C@_1DA@GPJICDMB@?$AAC?$AAS?$AA?3?$AAA?$AAp?$AAp?$AAt?$AAF?$AAr?$AAo?$AAm?$AAC?$AAo?$AAl?$AAl?$AAe?$AAc?$AAt?$AA?3?$AAI?$AAn?$AAi?$AAt?$AA?$AA@ 10001914     calstorelib:csperf.obj
 0001:00000944       ??_C@_1DE@LLCOIHDK@?$AAC?$AAS?$AA?3?$AAA?$AAp?$AAp?$AAt?$AAF?$AAr?$AAo?$AAm?$AAC?$AAo?$AAl?$AAl?$AAe?$AAc?$AAt?$AA?3?$AAG?$AAe?$AAt?$AAO?$AAi?$AAd?$AA?$AA@ 10001944     calstorelib:csperf.obj
 0001:00000978       ??_C@_1DE@PJGGOAMA@?$AAC?$AAS?$AA?3?$AAA?$AAp?$AAp?$AAt?$AAF?$AAr?$AAo?$AAm?$AAC?$AAo?$AAl?$AAl?$AAe?$AAc?$AAt?$AA?3?$AAC?$AAr?$AAe?$AAa?$AAt?$AAe?$AA?$AA@ 10001978     calstorelib:csperf.obj
 0001:000009ac       ??_C@_1CG@KEHHFONG@?$AAC?$AAS?$AA?3?$AAA?$AAp?$AAp?$AAt?$AAF?$AAr?$AAo?$AAm?$AAC?$AAo?$AAl?$AAl?$AAe?$AAc?$AAt?$AA?$AA@ 100019ac     calstorelib:csperf.obj
 0001:000009d4       ??_C@_1CE@JKNKDHNF@?$AAC?$AAS?$AA?3?$AAA?$AAp?$AAp?$AAt?$AAR?$AAe?$AAc?$AAu?$AAr?$AA?3?$AAX?$AAf?$AAe?$AAr?$AA?$AA@ 100019d4     calstorelib:csperf.obj
 0001:000009f8       ??_C@_1DE@ICFEOPK@?$AAC?$AAS?$AA?3?$AAE?$AAn?$AAu?$AAm?$AAR?$AAe?$AAc?$AAu?$AAr?$AAA?$AAp?$AAp?$AAt?$AA?3?$AAE?$AAn?$AAu?$AAm?$AAI?$AAn?$AAs?$AAt?$AA?$AA@ 100019f8     calstorelib:csperf.obj
 0001:00000a2c       ??_C@_1DE@NGKGAFNF@?$AAC?$AAS?$AA?3?$AAE?$AAn?$AAu?$AAm?$AAR?$AAe?$AAc?$AAu?$AAr?$AAA?$AAp?$AAp?$AAt?$AA?3?$AAG?$AAe?$AAt?$AAC?$AAl?$AAa?$AAs?$AAs?$AA?$AA@ 10001a2c     calstorelib:csperf.obj
 0001:00000a60       ??_C@_1CC@BJGOCGCE@?$AAC?$AAS?$AA?3?$AAE?$AAn?$AAu?$AAm?$AAR?$AAe?$AAc?$AAu?$AAr?$AAA?$AAp?$AAp?$AAt?$AA?$AA@ 10001a60     calstorelib:csperf.obj
 0001:00000a84       ??_C@_1DA@BMGCAGG@?$AAC?$AAS?$AA?3?$AAE?$AAn?$AAu?$AAm?$AAM?$AAD?$AAA?$AAp?$AAp?$AAt?$AAs?$AA?3?$AAM?$AAo?$AAv?$AAe?$AAN?$AAe?$AAx?$AAt?$AA?$AA@ 10001a84     calstorelib:csperf.obj
 0001:00000ab4       ??_C@_1DA@BHODLLDC@?$AAC?$AAS?$AA?3?$AAE?$AAn?$AAu?$AAm?$AAM?$AAD?$AAA?$AAp?$AAp?$AAt?$AAs?$AA?3?$AAE?$AAn?$AAu?$AAm?$AAI?$AAn?$AAs?$AAt?$AA?$AA@ 10001ab4     calstorelib:csperf.obj
 0001:00000ae4       ??_C@_1CO@KIKAKJLP@?$AAC?$AAS?$AA?3?$AAE?$AAn?$AAu?$AAm?$AAM?$AAD?$AAA?$AAp?$AAp?$AAt?$AAs?$AA?3?$AAG?$AAe?$AAt?$AAA?$AAp?$AAp?$AAt?$AA?$AA@ 10001ae4     calstorelib:csperf.obj
 0001:00000b14       ??_C@_1DC@DOCBFDN@?$AAC?$AAS?$AA?3?$AAE?$AAn?$AAu?$AAm?$AAM?$AAD?$AAA?$AAp?$AAp?$AAt?$AAs?$AA?3?$AAM?$AAo?$AAv?$AAe?$AAS?$AAt?$AAa?$AAr?$AAt?$AA?$AA@ 10001b14     calstorelib:csperf.obj
 0001:00000b48       ??_C@_1BO@GCPCCNBI@?$AAC?$AAS?$AA?3?$AAE?$AAn?$AAu?$AAm?$AAM?$AAD?$AAA?$AAp?$AAp?$AAt?$AAs?$AA?$AA@ 10001b48     calstorelib:csperf.obj
 0001:00000b68       ??_C@_1DG@FPLMJLEP@?$AAC?$AAS?$AA?3?$AAE?$AAn?$AAu?$AAm?$AAR?$AAe?$AAc?$AAu?$AAr?$AAA?$AAp?$AAp?$AAt?$AAs?$AA?3?$AAM?$AAo?$AAv?$AAe?$AAN?$AAe?$AAx?$AAt?$AA?$AA@ 10001b68     calstorelib:csperf.obj
 0001:00000ba0       ??_C@_1DE@BIJJJEED@?$AAC?$AAS?$AA?3?$AAE?$AAn?$AAu?$AAm?$AAR?$AAe?$AAc?$AAu?$AAr?$AAA?$AAp?$AAp?$AAt?$AAs?$AA?3?$AAE?$AAn?$AAu?$AAm?$AAR?$AAe?$AAc?$AA?$AA@ 10001ba0     calstorelib:csperf.obj
 0001:00000bd4       ??_C@_1DE@DLEDLMNJ@?$AAC?$AAS?$AA?3?$AAE?$AAn?$AAu?$AAm?$AAR?$AAe?$AAc?$AAu?$AAr?$AAA?$AAp?$AAp?$AAt?$AAs?$AA?3?$AAG?$AAe?$AAt?$AAA?$AAp?$AAp?$AAt?$AA?$AA@ 10001bd4     calstorelib:csperf.obj
 0001:00000c08       ??_C@_1DI@BLBHLOKI@?$AAC?$AAS?$AA?3?$AAE?$AAn?$AAu?$AAm?$AAR?$AAe?$AAc?$AAu?$AAr?$AAA?$AAp?$AAp?$AAt?$AAs?$AA?3?$AAM?$AAo?$AAv?$AAe?$AAS?$AAt?$AAa?$AAr?$AAt?$AA?$AA@ 10001c08     calstorelib:csperf.obj
 0001:00000c40       ??_C@_1CE@FKGPHCEH@?$AAC?$AAS?$AA?3?$AAE?$AAn?$AAu?$AAm?$AAR?$AAe?$AAc?$AAu?$AAr?$AAA?$AAp?$AAp?$AAt?$AAs?$AA?$AA@ 10001c40     calstorelib:csperf.obj
 0001:00000c64       ??_C@_1CM@ONFIDFFL@?$AAC?$AAS?$AA?3?$AAE?$AAn?$AAu?$AAm?$AAA?$AAp?$AAp?$AAt?$AAs?$AAF?$AAr?$AAo?$AAm?$AAC?$AAa?$AAc?$AAh?$AAe?$AA?$AA@ 10001c64     calstorelib:csperf.obj
 0001:00000c90       ??_C@_1CO@MJKBGFLB@?$AAC?$AAS?$AA?3?$AAE?$AAn?$AAu?$AAm?$AAA?$AAp?$AAp?$AAt?$AAs?$AA?3?$AAR?$AAe?$AAc?$AAu?$AAr?$AAr?$AAi?$AAn?$AAg?$AA?$AA@ 10001c90     calstorelib:csperf.obj
 0001:00000cc0       ??_C@_1CM@EGLIDLND@?$AAC?$AAS?$AA?3?$AAE?$AAn?$AAu?$AAm?$AAA?$AAp?$AAp?$AAt?$AAs?$AA?3?$AAM?$AAu?$AAl?$AAt?$AAi?$AAD?$AAa?$AAy?$AA?$AA@ 10001cc0     calstorelib:csperf.obj
 0001:00000cec       ??_C@_1CI@PDCALPHB@?$AAC?$AAS?$AA?3?$AAE?$AAn?$AAu?$AAm?$AAA?$AAp?$AAp?$AAt?$AAs?$AA?3?$AAS?$AAi?$AAn?$AAg?$AAl?$AAe?$AA?$AA@ 10001cec     calstorelib:csperf.obj
 0001:00000d14       ??_C@_1DE@EOLGPCIO@?$AAC?$AAS?$AA?3?$AAE?$AAn?$AAu?$AAm?$AAA?$AAp?$AAp?$AAt?$AAs?$AA?3?$AAC?$AAh?$AAi?$AAl?$AAd?$AAF?$AAo?$AAl?$AAd?$AAe?$AAr?$AAs?$AA?$AA@ 10001d14     calstorelib:csperf.obj
 0001:00000d48       ??_C@_1BK@LHCGEECL@?$AAC?$AAS?$AA?3?$AAE?$AAn?$AAu?$AAm?$AAA?$AAp?$AAp?$AAt?$AAs?$AA?$AA@ 10001d48     calstorelib:csperf.obj
 0001:00000d64       ??_C@_1DE@LFJJINFH@?$AAC?$AAS?$AA?3?$AAP?$AAu?$AAt?$AAA?$AAt?$AAt?$AAe?$AAn?$AAd?$AA?3?$AAC?$AAr?$AAe?$AAa?$AAt?$AAe?$AAE?$AAm?$AAb?$AAe?$AAd?$AA2?$AA?$AA@ 10001d64     calstorelib:csperf.obj
 0001:00000d98       ??_C@_1DA@EJKOOIMN@?$AAC?$AAS?$AA?3?$AAP?$AAu?$AAt?$AAA?$AAt?$AAt?$AAe?$AAn?$AAd?$AA?3?$AAG?$AAe?$AAt?$AAA?$AAt?$AAt?$AAe?$AAn?$AAd?$AA2?$AA?$AA@ 10001d98     calstorelib:csperf.obj
 0001:00000dc8       ??_C@_1DC@MGFBKEJH@?$AAC?$AAS?$AA?3?$AAP?$AAu?$AAt?$AAA?$AAt?$AAt?$AAe?$AAn?$AAd?$AA?3?$AAC?$AAr?$AAe?$AAa?$AAt?$AAe?$AAE?$AAm?$AAb?$AAe?$AAd?$AA?$AA@ 10001dc8     calstorelib:csperf.obj
 0001:00000dfc       ??_C@_1CO@JFFIAGAK@?$AAC?$AAS?$AA?3?$AAP?$AAu?$AAt?$AAA?$AAt?$AAt?$AAe?$AAn?$AAd?$AA?3?$AAG?$AAe?$AAt?$AAA?$AAt?$AAt?$AAe?$AAn?$AAd?$AA?$AA@ 10001dfc     calstorelib:csperf.obj
 0001:00000e2c       ??_C@_1CM@EHINNHAA@?$AAC?$AAS?$AA?3?$AAP?$AAu?$AAt?$AAA?$AAt?$AAt?$AAe?$AAn?$AAd?$AA?3?$AAD?$AAe?$AAl?$AAE?$AAm?$AAb?$AAe?$AAd?$AA?$AA@ 10001e2c     calstorelib:csperf.obj
 0001:00000e58       ??_C@_1BK@DIFOPIPJ@?$AAC?$AAS?$AA?3?$AAP?$AAu?$AAt?$AAA?$AAt?$AAt?$AAe?$AAn?$AAd?$AA?$AA@ 10001e58     calstorelib:csperf.obj
 0001:00000e74       ??_C@_1DG@NKAAONMA@?$AAC?$AAS?$AA?3?$AAS?$AAt?$AAo?$AAr?$AAe?$AA?3?$AAS?$AAe?$AAt?$AAA?$AAl?$AAm?$AA?3?$AAF?$AAl?$AAu?$AAs?$AAh?$AAN?$AAo?$AAt?$AAi?$AAf?$AA?$AA@ 10001e74     calstorelib:csperf.obj
 0001:00000eac       ??_C@_1DC@GBFAIOKF@?$AAC?$AAS?$AA?3?$AAS?$AAt?$AAo?$AAr?$AAe?$AA?3?$AAS?$AAe?$AAt?$AAA?$AAl?$AAm?$AA?3?$AAC?$AAl?$AAr?$AAN?$AAo?$AAt?$AAi?$AAf?$AA?$AA@ 10001eac     calstorelib:csperf.obj
 0001:00000ee0       ??_C@_1DC@GKEKJHNF@?$AAC?$AAS?$AA?3?$AAS?$AAt?$AAo?$AAr?$AAe?$AA?3?$AAS?$AAe?$AAt?$AAA?$AAl?$AAm?$AA?3?$AAS?$AAe?$AAt?$AAN?$AAo?$AAt?$AAi?$AAf?$AA?$AA@ 10001ee0     calstorelib:csperf.obj
 0001:00000f14       ??_C@_1DA@CDHCLDMK@?$AAC?$AAS?$AA?3?$AAS?$AAt?$AAo?$AAr?$AAe?$AA?3?$AAS?$AAe?$AAt?$AAA?$AAl?$AAm?$AA?3?$AAG?$AAe?$AAt?$AAP?$AAr?$AAo?$AAp?$AA?$AA@ 10001f14     calstorelib:csperf.obj
 0001:00000f44       ??_C@_1DE@OHIIMNMJ@?$AAC?$AAS?$AA?3?$AAS?$AAt?$AAo?$AAr?$AAe?$AA?3?$AAS?$AAe?$AAt?$AAA?$AAl?$AAm?$AA?3?$AAG?$AAe?$AAt?$AAF?$AAo?$AAl?$AAd?$AAe?$AAr?$AA?$AA@ 10001f44     calstorelib:csperf.obj
 0001:00000f78       ??_C@_1DA@CBEHDIGL@?$AAC?$AAS?$AA?3?$AAS?$AAt?$AAo?$AAr?$AAe?$AA?3?$AAS?$AAe?$AAt?$AAA?$AAl?$AAm?$AA?3?$AAG?$AAe?$AAt?$AAT?$AAi?$AAm?$AAe?$AA?$AA@ 10001f78     calstorelib:csperf.obj
 0001:00000fa8       ??_C@_1DA@HOLHGGDC@?$AAC?$AAS?$AA?3?$AAS?$AAt?$AAo?$AAr?$AAe?$AA?3?$AAS?$AAe?$AAt?$AAA?$AAl?$AAm?$AA?3?$AAG?$AAe?$AAt?$AAD?$AAa?$AAt?$AAa?$AA?$AA@ 10001fa8     calstorelib:csperf.obj
 0001:00000fd8       ??_C@_1DA@BHKCLBND@?$AAC?$AAS?$AA?3?$AAS?$AAt?$AAo?$AAr?$AAe?$AA?3?$AAS?$AAe?$AAt?$AAA?$AAl?$AAm?$AA?3?$AAG?$AAe?$AAt?$AAL?$AAa?$AAs?$AAt?$AA?$AA@ 10001fd8     calstorelib:csperf.obj
 0001:00001008       ??_C@_1CA@NNDGICAO@?$AAC?$AAS?$AA?3?$AAS?$AAt?$AAo?$AAr?$AAe?$AA?3?$AAS?$AAe?$AAt?$AAA?$AAl?$AAm?$AA?$AA@ 10002008     calstorelib:csperf.obj
 0001:00001028       ??_C@_1DE@GPJBNHCH@?$AAC?$AAS?$AA?3?$AAS?$AAt?$AAo?$AAr?$AAe?$AA?3?$AAC?$AAr?$AAe?$AAa?$AAt?$AAe?$AAA?$AAp?$AAp?$AAt?$AA?3?$AAR?$AAe?$AAs?$AAe?$AAt?$AA?$AA@ 10002028     calstorelib:csperf.obj
 0001:0000105c       ??_C@_1DI@GHCPPLFM@?$AAC?$AAS?$AA?3?$AAS?$AAt?$AAo?$AAr?$AAe?$AA?3?$AAC?$AAr?$AAe?$AAa?$AAt?$AAe?$AAA?$AAp?$AAp?$AAt?$AA?3?$AAI?$AAn?$AAi?$AAt?$AAN?$AAe?$AAw?$AA?$AA@ 1000205c     calstorelib:csperf.obj
 0001:00001094       ??_C@_1DA@IAJKNFMI@?$AAC?$AAS?$AA?3?$AAS?$AAt?$AAo?$AAr?$AAe?$AA?3?$AAC?$AAr?$AAe?$AAa?$AAt?$AAe?$AAA?$AAp?$AAp?$AAt?$AA?3?$AAN?$AAe?$AAw?$AA?$AA@ 10002094     calstorelib:csperf.obj
 0001:000010c4       ??_C@_1CI@LGEOPDGC@?$AAC?$AAS?$AA?3?$AAS?$AAt?$AAo?$AAr?$AAe?$AA?3?$AAC?$AAr?$AAe?$AAa?$AAt?$AAe?$AAA?$AAp?$AAp?$AAt?$AA?$AA@ 100020c4     calstorelib:csperf.obj
 0001:000010ec       ??_C@_1DE@BFOCALAB@?$AAC?$AAS?$AA?3?$AAA?$AAp?$AAp?$AAt?$AA?3?$AAE?$AAn?$AAs?$AAu?$AAr?$AAe?$AAI?$AAt?$AAe?$AAm?$AA?3?$AAG?$AAe?$AAt?$AAO?$AAb?$AAj?$AA?$AA@ 100020ec     calstorelib:csperf.obj
 0001:00001120       ??_C@_1CG@KCAAEMFI@?$AAC?$AAS?$AA?3?$AAA?$AAp?$AAp?$AAt?$AA?3?$AAE?$AAn?$AAs?$AAu?$AAr?$AAe?$AAI?$AAt?$AAe?$AAm?$AA?$AA@ 10002120     calstorelib:csperf.obj
 0001:00001148       ??_C@_1DI@CCDIGJAE@?$AAC?$AAS?$AA?3?$AAA?$AAp?$AAp?$AAt?$AA?3?$AAI?$AAs?$AAR?$AAe?$AAc?$AAu?$AAr?$AA?3?$AAG?$AAe?$AAt?$AAA?$AAp?$AAp?$AAt?$AAD?$AAa?$AAt?$AAa?$AA?$AA@ 10002148     calstorelib:csperf.obj
 0001:00001180       ??_C@_1DI@GKLOGCHE@?$AAC?$AAS?$AA?3?$AAA?$AAp?$AAp?$AAt?$AA?3?$AAE?$AAd?$AAi?$AAt?$AAE?$AAx?$AAc?$AAe?$AAp?$AAt?$AA?3?$AAS?$AAe?$AAt?$AAN?$AAo?$AAt?$AAi?$AAf?$AA?$AA@ 10002180     calstorelib:csperf.obj
 0001:000011b8       ??_C@_1DG@DBIBCCNB@?$AAC?$AAS?$AA?3?$AAA?$AAp?$AAp?$AAt?$AA?3?$AAE?$AAd?$AAi?$AAt?$AAE?$AAx?$AAc?$AAe?$AAp?$AAt?$AA?3?$AAP?$AAa?$AAr?$AAN?$AAe?$AAx?$AAt?$AA?$AA@ 100021b8     calstorelib:csperf.obj
 0001:000011f0       ??_C@_1DE@IGIBLINH@?$AAC?$AAS?$AA?3?$AAA?$AAp?$AAp?$AAt?$AA?3?$AAE?$AAd?$AAi?$AAt?$AAE?$AAx?$AAc?$AAe?$AAp?$AAt?$AA?3?$AAF?$AAl?$AAu?$AAs?$AAh?$AA2?$AA?$AA@ 100021f0     calstorelib:csperf.obj
 0001:00001224       ??_C@_1DM@GGPMDHG@?$AAC?$AAS?$AA?3?$AAA?$AAp?$AAp?$AAt?$AA?3?$AAE?$AAd?$AAi?$AAt?$AAE?$AAx?$AAc?$AAe?$AAp?$AAt?$AA?3?$AAP?$AAu?$AAt?$AAA?$AAt?$AAt?$AAe?$AAn?$AAd?$AA2?$AA?$AA@ 10002224     calstorelib:csperf.obj
 0001:00001260       ??_C@_1DI@JPJLHCCC@?$AAC?$AAS?$AA?3?$AAA?$AAp?$AAp?$AAt?$AA?3?$AAE?$AAd?$AAi?$AAt?$AAE?$AAx?$AAc?$AAe?$AAp?$AAt?$AA?3?$AAG?$AAe?$AAt?$AAO?$AAr?$AAi?$AAg?$AA2?$AA?$AA@ 10002260     calstorelib:csperf.obj
 0001:00001298       ??_C@_1DC@OPJBLCMC@?$AAC?$AAS?$AA?3?$AAA?$AAp?$AAp?$AAt?$AA?3?$AAE?$AAd?$AAi?$AAt?$AAE?$AAx?$AAc?$AAe?$AAp?$AAt?$AA?3?$AAF?$AAl?$AAu?$AAs?$AAh?$AA?$AA@ 10002298     calstorelib:csperf.obj
 0001:000012cc       ??_C@_1DG@NNLMHKJL@?$AAC?$AAS?$AA?3?$AAA?$AAp?$AAp?$AAt?$AA?3?$AAE?$AAd?$AAi?$AAt?$AAE?$AAx?$AAc?$AAe?$AAp?$AAt?$AA?3?$AAG?$AAe?$AAt?$AAI?$AAn?$AAf?$AAo?$AA?$AA@ 100022cc     calstorelib:csperf.obj
 0001:00001304       ??_C@_1DG@DAHAJAMF@?$AAC?$AAS?$AA?3?$AAA?$AAp?$AAp?$AAt?$AA?3?$AAE?$AAd?$AAi?$AAt?$AAE?$AAx?$AAc?$AAe?$AAp?$AAt?$AA?3?$AAS?$AAe?$AAt?$AAP?$AAr?$AAo?$AAp?$AA?$AA@ 10002304     calstorelib:csperf.obj
 0001:0000133c       ??_C@_1DG@PJDIBMNL@?$AAC?$AAS?$AA?3?$AAA?$AAp?$AAp?$AAt?$AA?3?$AAE?$AAd?$AAi?$AAt?$AAE?$AAx?$AAc?$AAe?$AAp?$AAt?$AA?3?$AAX?$AAf?$AAe?$AAr?$AAO?$AAu?$AAt?$AA?$AA@ 1000233c     calstorelib:csperf.obj
 0001:00001374       ??_C@_1DG@FPKDDHCE@?$AAC?$AAS?$AA?3?$AAA?$AAp?$AAp?$AAt?$AA?3?$AAE?$AAd?$AAi?$AAt?$AAE?$AAx?$AAc?$AAe?$AAp?$AAt?$AA?3?$AAG?$AAe?$AAt?$AAD?$AAa?$AAt?$AAa?$AA?$AA@ 10002374     calstorelib:csperf.obj
 0001:000013ac       ??_C@_1DI@KMFAIAKJ@?$AAC?$AAS?$AA?3?$AAA?$AAp?$AAp?$AAt?$AA?3?$AAE?$AAd?$AAi?$AAt?$AAE?$AAx?$AAc?$AAe?$AAp?$AAt?$AA?3?$AAD?$AAe?$AAl?$AAO?$AAc?$AAc?$AAu?$AAr?$AA?$AA@ 100023ac     calstorelib:csperf.obj
 0001:000013e4       ??_C@_1DM@NMJEEGOO@?$AAC?$AAS?$AA?3?$AAA?$AAp?$AAp?$AAt?$AA?3?$AAE?$AAd?$AAi?$AAt?$AAE?$AAx?$AAc?$AAe?$AAp?$AAt?$AA?3?$AAP?$AAu?$AAt?$AAA?$AAt?$AAt?$AAt?$AAe?$AAn?$AAd?$AA?$AA@ 100023e4     calstorelib:csperf.obj
 0001:00001420       ??_C@_1DG@MPFELEIC@?$AAC?$AAS?$AA?3?$AAA?$AAp?$AAp?$AAt?$AA?3?$AAE?$AAd?$AAi?$AAt?$AAE?$AAx?$AAc?$AAe?$AAp?$AAt?$AA?3?$AAG?$AAe?$AAt?$AAO?$AAr?$AAi?$AAg?$AA?$AA@ 10002420     calstorelib:csperf.obj
 0001:00001458       ??_C@_1DG@MNEBAIIG@?$AAC?$AAS?$AA?3?$AAA?$AAp?$AAp?$AAt?$AA?3?$AAE?$AAd?$AAi?$AAt?$AAE?$AAx?$AAc?$AAe?$AAp?$AAt?$AA?3?$AAP?$AAa?$AAr?$AAE?$AAd?$AAi?$AAt?$AA?$AA@ 10002458     calstorelib:csperf.obj
 0001:00001490       ??_C@_1DI@MLPMOKJI@?$AAC?$AAS?$AA?3?$AAA?$AAp?$AAp?$AAt?$AA?3?$AAE?$AAd?$AAi?$AAt?$AAE?$AAx?$AAc?$AAe?$AAp?$AAt?$AA?3?$AAG?$AAe?$AAt?$AAC?$AAl?$AAa?$AAs?$AAs?$AA?$AA@ 10002490     calstorelib:csperf.obj
 0001:000014c8       ??_C@_1CG@KNJDMPJH@?$AAC?$AAS?$AA?3?$AAA?$AAp?$AAp?$AAt?$AA?3?$AAE?$AAd?$AAi?$AAt?$AAE?$AAx?$AAc?$AAe?$AAp?$AAt?$AA?$AA@ 100024c8     calstorelib:csperf.obj
 0001:000014f0       ??_C@_1CO@OMMHDPJM@?$AAC?$AAS?$AA?3?$AAA?$AAp?$AAp?$AAt?$AA?3?$AAG?$AAe?$AAt?$AAO?$AAr?$AAg?$AA?3?$AAG?$AAe?$AAt?$AAS?$AAt?$AAr?$AA2?$AA?$AA@ 100024f0     calstorelib:csperf.obj
 0001:00001520       ??_C@_1CM@PBAOPIBH@?$AAC?$AAS?$AA?3?$AAA?$AAp?$AAp?$AAt?$AA?3?$AAG?$AAe?$AAt?$AAO?$AAr?$AAg?$AA?3?$AAG?$AAe?$AAt?$AAS?$AAt?$AAr?$AA?$AA@ 10002520     calstorelib:csperf.obj
 0001:0000154c       ??_C@_1CO@EPMKAMOL@?$AAC?$AAS?$AA?3?$AAA?$AAp?$AAp?$AAt?$AA?3?$AAG?$AAe?$AAt?$AAO?$AAr?$AAg?$AA?3?$AAG?$AAe?$AAt?$AAP?$AAr?$AAo?$AAp?$AA?$AA@ 1000254c     calstorelib:csperf.obj
 0001:0000157c       ??_C@_1DC@HMCLHBKP@?$AAC?$AAS?$AA?3?$AAA?$AAp?$AAp?$AAt?$AA?3?$AAG?$AAe?$AAt?$AAO?$AAr?$AAg?$AA?3?$AAM?$AAo?$AAv?$AAe?$AAS?$AAt?$AAa?$AAr?$AAt?$AA?$AA@ 1000257c     calstorelib:csperf.obj
 0001:000015b0       ??_C@_1DA@CNBAGFFB@?$AAC?$AAS?$AA?3?$AAA?$AAp?$AAp?$AAt?$AA?3?$AAG?$AAe?$AAt?$AAO?$AAr?$AAg?$AA?3?$AAG?$AAe?$AAt?$AAC?$AAo?$AAu?$AAn?$AAt?$AA?$AA@ 100025b0     calstorelib:csperf.obj
 0001:000015e0       ??_C@_1DA@IKHIIPOC@?$AAC?$AAS?$AA?3?$AAA?$AAp?$AAp?$AAt?$AA?3?$AAG?$AAe?$AAt?$AAO?$AAr?$AAg?$AA?3?$AAG?$AAe?$AAt?$AAE?$AAm?$AAb?$AAe?$AAd?$AA?$AA@ 100025e0     calstorelib:csperf.obj
 0001:00001610       ??_C@_1BO@INHGFNCC@?$AAC?$AAS?$AA?3?$AAA?$AAp?$AAp?$AAt?$AA?3?$AAG?$AAe?$AAt?$AAO?$AAr?$AAg?$AA?$AA@ 10002610     calstorelib:csperf.obj
 0001:00001630       ??_C@_1DC@BFMBALIF@?$AAC?$AAS?$AA?3?$AAA?$AAp?$AAp?$AAt?$AA?3?$AAS?$AAe?$AAt?$AAA?$AAp?$AAp?$AAt?$AA?3?$AAS?$AAe?$AAt?$AAA?$AAl?$AAa?$AAr?$AAm?$AA?$AA@ 10002630     calstorelib:csperf.obj
 0001:00001664       ??_C@_1CM@DHHAGGAK@?$AAC?$AAS?$AA?3?$AAA?$AAp?$AAp?$AAt?$AA?3?$AAS?$AAe?$AAt?$AAA?$AAp?$AAp?$AAt?$AA?3?$AAF?$AAl?$AAu?$AAs?$AAh?$AA?$AA@ 10002664     calstorelib:csperf.obj
 0001:00001690       ??_C@_1DC@EJDBPDKC@?$AAC?$AAS?$AA?3?$AAA?$AAp?$AAp?$AAt?$AA?3?$AAS?$AAe?$AAt?$AAA?$AAp?$AAp?$AAt?$AA?3?$AAS?$AAe?$AAt?$AAC?$AAa?$AAt?$AAe?$AAg?$AA?$AA@ 10002690     calstorelib:csperf.obj
 0001:000016c4       ??_C@_1DE@NPBBEKPD@?$AAC?$AAS?$AA?3?$AAA?$AAp?$AAp?$AAt?$AA?3?$AAS?$AAe?$AAt?$AAA?$AAp?$AAp?$AAt?$AA?3?$AAP?$AAu?$AAt?$AAA?$AAt?$AAt?$AAe?$AAn?$AAd?$AA?$AA@ 100026c4     calstorelib:csperf.obj
 0001:000016f8       ??_C@_1DC@FDJPIINI@?$AAC?$AAS?$AA?3?$AAA?$AAp?$AAp?$AAt?$AA?3?$AAS?$AAe?$AAt?$AAA?$AAp?$AAp?$AAt?$AA?3?$AAS?$AAe?$AAt?$AAP?$AAr?$AAo?$AAp?$AAs?$AA?$AA@ 100026f8     calstorelib:csperf.obj
 0001:0000172c       ??_C@_1DC@LADCBCLO@?$AAC?$AAS?$AA?3?$AAA?$AAp?$AAp?$AAt?$AA?3?$AAS?$AAe?$AAt?$AAA?$AAp?$AAp?$AAt?$AA?3?$AAA?$AAd?$AAd?$AAP?$AAr?$AAo?$AAp?$AAs?$AA?$AA@ 1000272c     calstorelib:csperf.obj
 0001:00001760       ??_C@_1DC@KHGLONAN@?$AAC?$AAS?$AA?3?$AAA?$AAp?$AAp?$AAt?$AA?3?$AAS?$AAe?$AAt?$AAA?$AAp?$AAp?$AAt?$AA?3?$AAG?$AAe?$AAt?$AAC?$AAl?$AAa?$AAs?$AAs?$AA?$AA@ 10002760     calstorelib:csperf.obj
 0001:00001794       ??_C@_1DG@NEENBMGG@?$AAC?$AAS?$AA?3?$AAA?$AAp?$AAp?$AAt?$AA?3?$AAS?$AAe?$AAt?$AAA?$AAp?$AAp?$AAt?$AA?3?$AAR?$AAe?$AAc?$AAu?$AAr?$AAE?$AAq?$AAu?$AAa?$AAl?$AA?$AA@ 10002794     calstorelib:csperf.obj
 0001:000017cc       ??_C@_1DA@KJLHPEGK@?$AAC?$AAS?$AA?3?$AAA?$AAp?$AAp?$AAt?$AA?3?$AAS?$AAe?$AAt?$AAA?$AAp?$AAp?$AAt?$AA?3?$AAG?$AAe?$AAt?$AAD?$AAa?$AAt?$AAa?$AA?$AA@ 100027cc     calstorelib:csperf.obj
 0001:000017fc       ??_C@_1CA@CGBMKGCA@?$AAC?$AAS?$AA?3?$AAA?$AAp?$AAp?$AAt?$AA?3?$AAS?$AAe?$AAt?$AAA?$AAp?$AAp?$AAt?$AA?$AA@ 100027fc     calstorelib:csperf.obj
 0001:0000181c       ??_C@_1DG@FNFIAIMA@?$AAC?$AAS?$AA?3?$AAA?$AAp?$AAp?$AAt?$AA?3?$AAS?$AAe?$AAt?$AAN?$AAo?$AAt?$AAi?$AAf?$AA?3?$AAS?$AAe?$AAt?$AAR?$AAu?$AAn?$AAA?$AAp?$AAp?$AA?$AA@ 1000281c     calstorelib:csperf.obj
 0001:00001854       ??_C@_1DG@ECOJGDMC@?$AAC?$AAS?$AA?3?$AAA?$AAp?$AAp?$AAt?$AA?3?$AAS?$AAe?$AAt?$AAN?$AAo?$AAt?$AAi?$AAf?$AA?3?$AAC?$AAl?$AAr?$AAN?$AAo?$AAt?$AAi?$AAf?$AA2?$AA?$AA@ 10002854     calstorelib:csperf.obj
 0001:0000188c       ??_C@_1DE@JGNMJEIH@?$AAC?$AAS?$AA?3?$AAA?$AAp?$AAp?$AAt?$AA?3?$AAS?$AAe?$AAt?$AAN?$AAo?$AAt?$AAi?$AAf?$AA?3?$AAS?$AAe?$AAt?$AAP?$AAr?$AAo?$AAp?$AAs?$AA?$AA@ 1000288c     calstorelib:csperf.obj
 0001:000018c0       ??_C@_1DG@JLNLJOO@?$AAC?$AAS?$AA?3?$AAA?$AAp?$AAp?$AAt?$AA?3?$AAS?$AAe?$AAt?$AAN?$AAo?$AAt?$AAi?$AAf?$AA?3?$AAS?$AAe?$AAt?$AAN?$AAo?$AAt?$AAi?$AAf?$AA2?$AA?$AA@ 100028c0     calstorelib:csperf.obj
 0001:000018f8       ??_C@_1DE@MDGKHJLO@?$AAC?$AAS?$AA?3?$AAA?$AAp?$AAp?$AAt?$AA?3?$AAS?$AAe?$AAt?$AAN?$AAo?$AAt?$AAi?$AAf?$AA?3?$AAS?$AAe?$AAt?$AAN?$AAo?$AAt?$AAi?$AAf?$AA?$AA@ 100028f8     calstorelib:csperf.obj
 0001:0000192c       ??_C@_1DA@LKOOHPBB@?$AAC?$AAS?$AA?3?$AAA?$AAp?$AAp?$AAt?$AA?3?$AAS?$AAe?$AAt?$AAN?$AAo?$AAt?$AAi?$AAf?$AA?3?$AAG?$AAe?$AAt?$AAS?$AAt?$AAr?$AA?$AA@ 1000292c     calstorelib:csperf.obj
 0001:0000195c       ??_C@_1DC@GIHJHNKP@?$AAC?$AAS?$AA?3?$AAA?$AAp?$AAp?$AAt?$AA?3?$AAS?$AAe?$AAt?$AAN?$AAo?$AAt?$AAi?$AAf?$AA?3?$AAG?$AAe?$AAt?$AAT?$AAi?$AAm?$AAe?$AA?$AA@ 1000295c     calstorelib:csperf.obj
 0001:00001990       ??_C@_1DG@JMCAIBKO@?$AAC?$AAS?$AA?3?$AAA?$AAp?$AAp?$AAt?$AA?3?$AAS?$AAe?$AAt?$AAN?$AAo?$AAt?$AAi?$AAf?$AA?3?$AAG?$AAe?$AAt?$AAA?$AAl?$AAm?$AAS?$AAt?$AAr?$AA?$AA@ 10002990     calstorelib:csperf.obj
 0001:000019c8       ??_C@_1DG@FKMIJBP@?$AAC?$AAS?$AA?3?$AAA?$AAp?$AAp?$AAt?$AA?3?$AAS?$AAe?$AAt?$AAN?$AAo?$AAt?$AAi?$AAf?$AA?3?$AAC?$AAl?$AAr?$AAU?$AAs?$AAr?$AAN?$AAo?$AAt?$AA?$AA@ 100029c8     calstorelib:csperf.obj
 0001:00001a00       ??_C@_1DA@NHAFGOAD@?$AAC?$AAS?$AA?3?$AAA?$AAp?$AAp?$AAt?$AA?3?$AAS?$AAe?$AAt?$AAN?$AAo?$AAt?$AAi?$AAf?$AA?3?$AAG?$AAe?$AAt?$AAE?$AAn?$AAd?$AA?$AA@ 10002a00     calstorelib:csperf.obj
 0001:00001a30       ??_C@_1DC@JNOHDMLM@?$AAC?$AAS?$AA?3?$AAA?$AAp?$AAp?$AAt?$AA?3?$AAS?$AAe?$AAt?$AAN?$AAo?$AAt?$AAi?$AAf?$AA?3?$AAG?$AAe?$AAt?$AAA?$AAp?$AAp?$AAt?$AA?$AA@ 10002a30     calstorelib:csperf.obj
 0001:00001a64       ??_C@_1DC@KCHDHKAA@?$AAC?$AAS?$AA?3?$AAA?$AAp?$AAp?$AAt?$AA?3?$AAS?$AAe?$AAt?$AAN?$AAo?$AAt?$AAi?$AAf?$AA?3?$AAS?$AAe?$AAt?$AAS?$AAn?$AAa?$AAp?$AA?$AA@ 10002a64     calstorelib:csperf.obj
 0001:00001a98       ??_C@_1DC@LEOENKBD@?$AAC?$AAS?$AA?3?$AAA?$AAp?$AAp?$AAt?$AA?3?$AAS?$AAe?$AAt?$AAN?$AAo?$AAt?$AAi?$AAf?$AA?3?$AAG?$AAe?$AAt?$AAN?$AAe?$AAx?$AAt?$AA?$AA@ 10002a98     calstorelib:csperf.obj
 0001:00001acc       ??_C@_1DE@HGADCJEL@?$AAC?$AAS?$AA?3?$AAA?$AAp?$AAp?$AAt?$AA?3?$AAS?$AAe?$AAt?$AAN?$AAo?$AAt?$AAi?$AAf?$AA?3?$AAI?$AAs?$AAR?$AAe?$AAc?$AAu?$AAr?$AAr?$AA?$AA@ 10002acc     calstorelib:csperf.obj
 0001:00001b00       ??_C@_1CC@CLEPPGBH@?$AAC?$AAS?$AA?3?$AAA?$AAp?$AAp?$AAt?$AA?3?$AAS?$AAe?$AAt?$AAN?$AAo?$AAt?$AAi?$AAf?$AA?$AA@ 10002b00     calstorelib:csperf.obj
 0001:00001b24       ??_C@_1CO@BGJFJFGI@?$AAC?$AAS?$AA?3?$AAT?$AAa?$AAs?$AAk?$AA?3?$AAF?$AAo?$AAl?$AAd?$AAe?$AAr?$AAF?$AAr?$AAo?$AAm?$AAT?$AAa?$AAs?$AAk?$AA?$AA@ 10002b24     calstorelib:csperf.obj
 0001:00001b54       ??_C@_1CK@MBLCMDAB@?$AAC?$AAS?$AA?3?$AAT?$AAa?$AAs?$AAk?$AA?3?$AAG?$AAe?$AAt?$AAD?$AAa?$AAt?$AAa?$AA?3?$AAS?$AAt?$AAr?$AAs?$AA?$AA@ 10002b54     calstorelib:csperf.obj
 0001:00001b80       ??_C@_1CK@OFLICOPL@?$AAC?$AAS?$AA?3?$AAT?$AAa?$AAs?$AAk?$AA?3?$AAG?$AAe?$AAt?$AAD?$AAa?$AAt?$AAa?$AA?3?$AAC?$AAo?$AAp?$AAy?$AA?$AA@ 10002b80     calstorelib:csperf.obj
 0001:00001bac       ??_C@_1CM@DBBAAHF@?$AAC?$AAS?$AA?3?$AAT?$AAa?$AAs?$AAk?$AA?3?$AAG?$AAe?$AAt?$AAD?$AAa?$AAt?$AAa?$AA?3?$AAC?$AAa?$AAc?$AAh?$AAe?$AA?$AA@ 10002bac     calstorelib:csperf.obj
 0001:00001bd8       ??_C@_1DC@MBNOHFDD@?$AAC?$AAS?$AA?3?$AAT?$AAa?$AAs?$AAk?$AA?3?$AAG?$AAe?$AAt?$AAD?$AAa?$AAt?$AAa?$AA?3?$AAG?$AAe?$AAt?$AAP?$AAr?$AAo?$AAp?$AAs?$AA?$AA@ 10002bd8     calstorelib:csperf.obj
 0001:00001c0c       ??_C@_1DC@KGPBEKKM@?$AAC?$AAS?$AA?3?$AAT?$AAa?$AAs?$AAk?$AA?3?$AAG?$AAe?$AAt?$AAD?$AAa?$AAt?$AAa?$AA?3?$AAC?$AAh?$AAs?$AAP?$AAr?$AAo?$AAp?$AAs?$AA?$AA@ 10002c0c     calstorelib:csperf.obj
 0001:00001c40       ??_C@_1CA@ICNAMMBM@?$AAC?$AAS?$AA?3?$AAT?$AAa?$AAs?$AAk?$AA?3?$AAG?$AAe?$AAt?$AAD?$AAa?$AAt?$AAa?$AA?$AA@ 10002c40     calstorelib:csperf.obj
 0001:00001c60       ??_C@_1CO@BEOHABCF@?$AAC?$AAS?$AA?3?$AAA?$AAp?$AAp?$AAt?$AA?3?$AAF?$AAi?$AAl?$AAl?$AAA?$AAp?$AAp?$AAt?$AA?3?$AAC?$AAa?$AAc?$AAh?$AAe?$AA?$AA@ 10002c60     calstorelib:csperf.obj
 0001:00001c90       ??_C@_1DC@JLFMCLGA@?$AAC?$AAS?$AA?3?$AAA?$AAp?$AAp?$AAt?$AA?3?$AAF?$AAi?$AAl?$AAl?$AAA?$AAp?$AAp?$AAt?$AA?3?$AAC?$AAo?$AAr?$AAr?$AAe?$AAc?$AAt?$AA?$AA@ 10002c90     calstorelib:csperf.obj
 0001:00001cc4       ??_C@_1DE@CNOEFAG@?$AAC?$AAS?$AA?3?$AAA?$AAp?$AAp?$AAt?$AA?3?$AAF?$AAi?$AAl?$AAl?$AAA?$AAp?$AAp?$AAt?$AA?3?$AAG?$AAe?$AAt?$AAR?$AAe?$AAc?$AAi?$AAp?$AA?$AA@ 10002cc4     calstorelib:csperf.obj
 0001:00001cf8       ??_C@_1DA@LLNEMLF@?$AAC?$AAS?$AA?3?$AAA?$AAp?$AAp?$AAt?$AA?3?$AAF?$AAi?$AAl?$AAl?$AAA?$AAp?$AAp?$AAt?$AA?3?$AAG?$AAe?$AAt?$AAO?$AAr?$AAg?$AA?$AA@ 10002cf8     calstorelib:csperf.obj
 0001:00001d28       ??_C@_1CM@HKNLDNKK@?$AAC?$AAS?$AA?3?$AAA?$AAp?$AAp?$AAt?$AA?3?$AAF?$AAi?$AAl?$AAl?$AAA?$AAp?$AAp?$AAt?$AA?3?$AAS?$AAt?$AAr?$AAs?$AA?$AA@ 10002d28     calstorelib:csperf.obj
 0001:00001d54       ??_C@_1DC@GFILDGLE@?$AAC?$AAS?$AA?3?$AAA?$AAp?$AAp?$AAt?$AA?3?$AAF?$AAi?$AAl?$AAl?$AAA?$AAp?$AAp?$AAt?$AA?3?$AAT?$AAz?$AAC?$AAa?$AAc?$AAh?$AAe?$AA?$AA@ 10002d54     calstorelib:csperf.obj
 0001:00001d88       ??_C@_1DE@PJDFJLLE@?$AAC?$AAS?$AA?3?$AAA?$AAp?$AAp?$AAt?$AA?3?$AAF?$AAi?$AAl?$AAl?$AAA?$AAp?$AAp?$AAt?$AA?3?$AAR?$AAe?$AAc?$AAC?$AAa?$AAc?$AAh?$AAe?$AA?$AA@ 10002d88     calstorelib:csperf.obj
 0001:00001dbc       ??_C@_1DE@IPKPHBK@?$AAC?$AAS?$AA?3?$AAA?$AAp?$AAp?$AAt?$AA?3?$AAF?$AAi?$AAl?$AAl?$AAA?$AAp?$AAp?$AAt?$AA?3?$AAF?$AAi?$AAl?$AAl?$AAT?$AAi?$AAm?$AAe?$AA?$AA@ 10002dbc     calstorelib:csperf.obj
 0001:00001df0       ??_C@_1CM@FONBNAFA@?$AAC?$AAS?$AA?3?$AAA?$AAp?$AAp?$AAt?$AA?3?$AAF?$AAi?$AAl?$AAl?$AAA?$AAp?$AAp?$AAt?$AA?3?$AAC?$AAo?$AAp?$AAy?$AA?$AA@ 10002df0     calstorelib:csperf.obj
 0001:00001e1c       ??_C@_1DE@EKFEKIPK@?$AAC?$AAS?$AA?3?$AAA?$AAp?$AAp?$AAt?$AA?3?$AAF?$AAi?$AAl?$AAl?$AAA?$AAp?$AAp?$AAt?$AA?3?$AAG?$AAe?$AAt?$AAP?$AAr?$AAo?$AAp?$AAs?$AA?$AA@ 10002e1c     calstorelib:csperf.obj
 0001:00001e50       ??_C@_1DE@CNHLJHGF@?$AAC?$AAS?$AA?3?$AAA?$AAp?$AAp?$AAt?$AA?3?$AAF?$AAi?$AAl?$AAl?$AAA?$AAp?$AAp?$AAt?$AA?3?$AAC?$AAh?$AAs?$AAP?$AAr?$AAo?$AAp?$AAs?$AA?$AA@ 10002e50     calstorelib:csperf.obj
 0001:00001e84       ??_C@_1CC@OMMCIOMD@?$AAC?$AAS?$AA?3?$AAA?$AAp?$AAp?$AAt?$AA?3?$AAF?$AAi?$AAl?$AAl?$AAA?$AAp?$AAp?$AAt?$AA?$AA@ 10002e84     calstorelib:csperf.obj
 0001:00001ea8       ??_C@_1CO@CBBGGBPK@?$AAC?$AAS?$AA?3?$AAA?$AAp?$AAp?$AAt?$AA?3?$AAG?$AAe?$AAt?$AAA?$AAp?$AAp?$AAt?$AA?3?$AAA?$AAd?$AAj?$AAu?$AAs?$AAt?$AA?$AA@ 10002ea8     calstorelib:csperf.obj
 0001:00001ed8       ??_C@_1CK@EABBCPNE@?$AAC?$AAS?$AA?3?$AAA?$AAp?$AAp?$AAt?$AA?3?$AAG?$AAe?$AAt?$AAA?$AAp?$AAp?$AAt?$AA?3?$AAC?$AAo?$AAp?$AAy?$AA?$AA@ 10002ed8     calstorelib:csperf.obj
 0001:00001f04       ??_C@_1CK@HDIEIIFK@?$AAC?$AAS?$AA?3?$AAA?$AAp?$AAp?$AAt?$AA?3?$AAG?$AAe?$AAt?$AAA?$AAp?$AAp?$AAt?$AA?3?$AAF?$AAi?$AAl?$AAl?$AA?$AA@ 10002f04     calstorelib:csperf.obj
 0001:00001f30       ??_C@_1CA@BEAKNEDJ@?$AAC?$AAS?$AA?3?$AAA?$AAp?$AAp?$AAt?$AA?3?$AAG?$AAe?$AAt?$AAA?$AAp?$AAp?$AAt?$AA?$AA@ 10002f30     calstorelib:csperf.obj
 0001:00001f50       ??_C@_1CM@OGJACFDI@?$AAC?$AAS?$AA?3?$AAA?$AAp?$AAp?$AAt?$AA?3?$AAI?$AAn?$AAi?$AAt?$AAN?$AAe?$AAw?$AA?3?$AAC?$AAa?$AAc?$AAh?$AAe?$AA?$AA@ 10002f50     calstorelib:csperf.obj
 0001:00001f7c       ??_C@_1DA@NMFGABLL@?$AAC?$AAS?$AA?3?$AAA?$AAp?$AAp?$AAt?$AA?3?$AAI?$AAn?$AAi?$AAt?$AAN?$AAe?$AAw?$AA?3?$AAS?$AAe?$AAt?$AAA?$AAp?$AAp?$AAt?$AA?$AA@ 10002f7c     calstorelib:csperf.obj
 0001:00001fac       ??_C@_1DG@PAFGLCHN@?$AAC?$AAS?$AA?3?$AAA?$AAp?$AAp?$AAt?$AA?3?$AAI?$AAn?$AAi?$AAt?$AAN?$AAe?$AAw?$AA?3?$AAC?$AAr?$AAe?$AAa?$AAt?$AAe?$AAI?$AAt?$AAe?$AAm?$AA?$AA@ 10002fac     calstorelib:csperf.obj
 0001:00001fe4       ??_C@_1CA@LGDEMBJI@?$AAC?$AAS?$AA?3?$AAA?$AAp?$AAp?$AAt?$AA?3?$AAI?$AAn?$AAi?$AAt?$AAN?$AAe?$AAw?$AA?$AA@ 10002fe4     calstorelib:csperf.obj
 0001:00002004       ??_7CPimConfigurationManager@@6B@ 10003004     pimstorelib:factory.obj
 0001:00002030       _GUID_00020412_0000_0000_c000_000000000046 10003030     pimstorelib:factory.obj
 0001:00002040       _GUID_00000000_0000_0000_c000_000000000046 10003040     pimstorelib:factory.obj
 0001:00002050       _GUID_00020401_0000_0000_c000_000000000046 10003050     pimstorelib:factory.obj
 0001:00002060       ??_7?$CComObject@VCPimConfigurationManager@@@ATL@@6B@ 10003060     pimstorelib:factory.obj
 0001:00002090       ?_entries@?1??_GetEntries@CPimConfigurationManager@@SAPBU_ATL_INTMAP_ENTRY@ATL@@XZ@4QBU34@B 10003090     pimstorelib:factory.obj
 0001:000020c0       _GUID_00020400_0000_0000_c000_000000000046 100030c0     pimstorelib:factory.obj
 0001:000020d0       _GUID_1c502e68_c629_4645_9bb7_501ab7050bd4 100030d0     pimstorelib:factory.obj
 0001:000020e0       _GUID_83cfe14c_6d88_403c_87c7_d624cf6f46d4 100030e0     pimstorelib:factory.obj
 0001:000020f0       _GUID_e6a4c648_414c_453c_be07_79430b4adcda 100030f0     pimstorelib:pocketoutlook.obj
 0001:00002100       _GUID_58ed74d6_d2c4_415f_8179_5b67e4043614 10003100     pimstorelib:pocketoutlook.obj
 0001:00002110       _GUID_a65ccaeb_6558_4656_ad3d_eccc00d00f0d 10003110     pimstorelib:pocketoutlook.obj
 0001:00002120       _GUID_7268d1d3_d871_4b70_b1c0_79aefc11c9df 10003120     pimstorelib:pocketoutlook.obj
 0001:00002130       ??_C@_15OLBIGONE@?$AAH?$AAi?$AA?$AA@ 10003130     pimstorelib:Restriction.obj
 0001:00002138       ??_C@_15FFOCHDBO@?$AAL?$AAo?$AA?$AA@ 10003138     pimstorelib:Restriction.obj
 0001:00002140       ??_C@_17CKBBEPIP@?$AAO?$AAO?$AAF?$AA?$AA@ 10003140     pimstorelib:Restriction.obj
 0001:00002148       ??_C@_1BI@NPNCHHKB@?$AAO?$AAu?$AAt?$AAO?$AAf?$AAO?$AAf?$AAf?$AAi?$AAc?$AAe?$AA?$AA@ 10003148     pimstorelib:Restriction.obj
 0001:00002160       ??_C@_19PJALEPJJ@?$AAB?$AAu?$AAs?$AAy?$AA?$AA@ 10003160     pimstorelib:Restriction.obj
 0001:0000216c       ??_C@_1BE@NALKDNCF@?$AAT?$AAe?$AAn?$AAt?$AAa?$AAt?$AAi?$AAv?$AAe?$AA?$AA@ 1000316c     pimstorelib:Restriction.obj
 0001:00002180       ??_C@_19DFGFOPFL@?$AAF?$AAr?$AAe?$AAe?$AA?$AA@ 10003180     pimstorelib:Restriction.obj
 0001:0000218c       ??_C@_19EMIAFPMI@?$AAC?$AAo?$AAn?$AAf?$AA?$AA@ 1000318c     pimstorelib:Restriction.obj
 0001:00002198       ??_C@_19CKLLCGPO@?$AAP?$AAr?$AAi?$AAv?$AA?$AA@ 10003198     pimstorelib:Restriction.obj
 0001:000021a4       ??_C@_19CAKBMKG@?$AAP?$AAe?$AAr?$AAs?$AA?$AA@ 100031a4     pimstorelib:Restriction.obj
 0001:000021b0       ??_C@_19BKGLJBJJ@?$AAN?$AAo?$AAr?$AAm?$AA?$AA@ 100031b0     pimstorelib:Restriction.obj
 0001:000021bc       ??_C@_1M@GDFLIJGE@?$AAF?$AAa?$AAl?$AAs?$AAe?$AA?$AA@ 100031bc     pimstorelib:Restriction.obj
 0001:000021c8       ??_C@_19BFOILMBF@?$AAT?$AAr?$AAu?$AAe?$AA?$AA@ 100031c8     pimstorelib:Restriction.obj
 0001:000021d4       ??_C@_13NMPKAAJP@?$AA?$DN?$AA?$AA@ 100031d4     pimstorelib:Restriction.obj
 0001:000021d8       ??_C@_13MOEPKPHB@?$AA?$DO?$AA?$AA@ 100031d8     pimstorelib:Restriction.obj
 0001:000021dc       ??_C@_13GEEGGHPK@?$AA?$DM?$AA?$AA@ 100031dc     pimstorelib:Restriction.obj
 0001:000021e0       ??_C@_15HCAMBIPN@?$AA?$DO?$AA?$DN?$AA?$AA@ 100031e0     pimstorelib:Restriction.obj
 0001:000021e8       ??_C@_15CNHBBGBI@?$AA?$DM?$AA?$DO?$AA?$AA@ 100031e8     pimstorelib:Restriction.obj
 0001:000021f0       ??_C@_15DPMELJPG@?$AA?$DM?$AA?$DN?$AA?$AA@ 100031f0     pimstorelib:Restriction.obj
 0001:000021f8       ??_C@_17ILBEPGBF@?$AAO?$AAR?$AA?5?$AA?$AA@ 100031f8     pimstorelib:Restriction.obj
 0001:00002200       ??_C@_19GFOBMMIM@?$AAA?$AAN?$AAD?$AA?5?$AA?$AA@ 10003200     pimstorelib:Restriction.obj
 0001:00002304       ??_C@_15NBDHCBMM@?$AAO?$AAR?$AA?$AA@ 10003304     pimstorelib:Restriction.obj
 0001:0000230c       ??_C@_17FOMOEGJD@?$AAA?$AAN?$AAD?$AA?$AA@ 1000330c     pimstorelib:Restriction.obj
 0001:00002314       ??_C@_1CG@EOLCHEAA@?$AA?5?$AAU?$AAn?$AAk?$AAn?$AAo?$AAw?$AAn?$AA?5?$AAO?$AAp?$AAe?$AAr?$AAa?$AAt?$AAo?$AAr?$AA?5?$AA?$AA@ 10003314     pimstorelib:Restriction.obj
 0001:0000233c       ??_C@_1BG@NHPJPNBH@?$AA?$CI?$AA?$CF?$AAs?$AA?5?$AA?$CF?$AAs?$AA?5?$AA?$CF?$AAs?$AA?$CJ?$AA?$AA@ 1000333c     pimstorelib:Restriction.obj
 0001:00002354       ??_C@_1BG@OAMKPMNA@?$AA?$FL?$AA?$CF?$AAs?$AA?$FN?$AA?5?$AA?$CF?$AAs?$AA?5?$AA?$CF?$AAs?$AA?$AA@ 10003354     pimstorelib:Restriction.obj
 0001:0000236c       __real@411885a000000000    1000336c     pimstorelib:Restriction.obj
 0001:00002374       __real@0000000000000000    10003374     pimstorelib:Restriction.obj
 0001:0000237c       ??_7POOMRestrictionHelper@@6B@ 1000337c     pimstorelib:Restriction.obj
 0001:00002390       ??_7CRestriction@@6B@      10003390     pimstorelib:Restriction.obj
 0001:000023cc       ??_7?$CComObject@VPOOMRestrictionHelper@@@ATL@@6B@ 100033cc     pimstorelib:Restriction.obj
 0001:000023e0       ?_entries@?1??_GetEntries@POOMRestrictionHelper@@SAPBU_ATL_INTMAP_ENTRY@ATL@@XZ@4QBU34@B 100033e0     pimstorelib:Restriction.obj
 0001:000023f8       _GUID_3a0b7c7a_e1e2_451c_a1d0_36017a8811fa 100033f8     pimstorelib:Restriction.obj
 0001:00002408       ??_7?$CComObject@VCRestriction@@@ATL@@6B@ 10003408     pimstorelib:Restriction.obj
 0001:00002448       ?_entries@?1??_GetEntries@CRestriction@@SAPBU_ATL_INTMAP_ENTRY@ATL@@XZ@4QBU34@B 10003448     pimstorelib:Restriction.obj
 0001:00002460       _GUID_7bb81126_3784_4de5_882a_55bbab9f82f1 10003460     pimstorelib:Restriction.obj
 0001:00002470       IID_IPOlItems3             10003470     pimstorelib:PhBookAssimilator.obj
 0001:00002480       ??_C@_1BA@DDLIAHFF@?$AAS?$AAi?$AAm?$AA?4?$AAD?$AAL?$AAL?$AA?$AA@ 10003480     pimstorelib:PhBookAssimilator.obj
 0001:00002490       ??_C@_1BK@OHECKHNB@?$AAC?$AAC?$AAo?$AAr?$AAe?$AAU?$AAt?$AAl?$AA?4?$AAd?$AAl?$AAl?$AA?$AA@ 10003490     pimstorelib:PhBookAssimilator.obj
 0001:000024ac       ??_C@_1BM@GFGKFFLJ@?$AAS?$AAi?$AAm?$AAI?$AAn?$AAi?$AAt?$AAi?$AAa?$AAl?$AAi?$AAz?$AAe?$AA?$AA@ 100034ac     pimstorelib:PhBookAssimilator.obj
 0001:000024c8       ??_C@_1CA@MICIEOKE@?$AAS?$AAi?$AAm?$AAD?$AAe?$AAi?$AAn?$AAi?$AAt?$AAi?$AAa?$AAl?$AAi?$AAz?$AAe?$AA?$AA@ 100034c8     pimstorelib:PhBookAssimilator.obj
 0001:000024e8       ??_C@_1DI@PAODNMKG@?$AAS?$AAi?$AAm?$AAG?$AAe?$AAt?$AAP?$AAh?$AAo?$AAn?$AAe?$AAb?$AAo?$AAo?$AAk?$AAC?$AAa?$AAp?$AAa?$AAb?$AAi?$AAl?$AAi?$AAt?$AAi?$AAe?$AAs?$AA?$AA@ 100034e8     pimstorelib:PhBookAssimilator.obj
 0001:00002520       ??_C@_1CM@HIOAGJPH@?$AAS?$AAi?$AAm?$AAG?$AAe?$AAt?$AAP?$AAh?$AAo?$AAn?$AAe?$AAb?$AAo?$AAo?$AAk?$AAS?$AAt?$AAa?$AAt?$AAu?$AAs?$AA?$AA@ 10003520     pimstorelib:PhBookAssimilator.obj
 0001:0000254c       ??_C@_1BM@FLJFJJMC@?$AAS?$AAi?$AAm?$AAG?$AAe?$AAt?$AAD?$AAe?$AAv?$AAC?$AAa?$AAp?$AAs?$AA?$AA@ 1000354c     pimstorelib:PhBookAssimilator.obj
 0001:00002568       ??_C@_1DA@FBHMEKAA@?$AAS?$AAi?$AAm?$AAR?$AAe?$AAa?$AAd?$AAP?$AAh?$AAo?$AAn?$AAe?$AAb?$AAo?$AAo?$AAk?$AAE?$AAn?$AAt?$AAr?$AAi?$AAe?$AAs?$AA?$AA@ 10003568     pimstorelib:PhBookAssimilator.obj
 0001:00002598       ??_C@_1DC@CAFCOCGC@?$AAS?$AAi?$AAm?$AAW?$AAr?$AAi?$AAt?$AAe?$AAP?$AAh?$AAo?$AAn?$AAe?$AAb?$AAo?$AAo?$AAk?$AAE?$AAn?$AAt?$AAr?$AAy?$AAE?$AAx?$AA?$AA@ 10003598     pimstorelib:PhBookAssimilator.obj
 0001:000025cc       ??_C@_1DA@PHIKACIM@?$AAS?$AAi?$AAm?$AAD?$AAe?$AAl?$AAe?$AAt?$AAe?$AAP?$AAh?$AAo?$AAn?$AAe?$AAb?$AAo?$AAo?$AAk?$AAE?$AAn?$AAt?$AAr?$AAy?$AA?$AA@ 100035cc     pimstorelib:PhBookAssimilator.obj
 0001:000025fc       ??_C@_1CE@OIJJKAFE@?$AA?$FL?$AAC?$AAo?$AAn?$AAt?$AAa?$AAc?$AAt?$AAT?$AAy?$AAp?$AAe?$AA?$FN?$AA?5?$AA?$DN?$AA?5?$AA1?$AA?$AA@ 100035fc     pimstorelib:PhBookAssimilator.obj
 0001:00002620       ??_C@_1M@MDNELKBM@?$AA?$FL?$AAO?$AAi?$AAd?$AA?$FN?$AA?$AA@ 10003620     pimstorelib:PhBookAssimilator.obj
 0001:0000262c       ??_C@_1CM@DGMAEOHF@?$AAC?$AAo?$AAn?$AAt?$AAa?$AAc?$AAt?$AAS?$AAi?$AAm?$AAR?$AAe?$AAc?$AAo?$AAr?$AAd?$AAI?$AAn?$AAd?$AAe?$AAx?$AA?$AA@ 1000362c     pimstorelib:PhBookAssimilator.obj
 0001:00002668       ??_C@_19KLMLHLJG@?$AAN?$AAo?$AAn?$AAe?$AA?$AA@ 10003668     pimstorelib:utility.obj
 0001:00002674       ??_C@_13HOIJIPNN@?$AA?5?$AA?$AA@ 10003674     pimstorelib:utility.obj
 0001:00002678       _GUID_ad206d2b_7e48_4f09_a3c2_e9455cbc8243 10003678     pimstorelib:utility.obj
 0001:00002688       ??_C@_1CK@EFIBCMHJ@?$AA?5?$AAU?$AAn?$AAk?$AAn?$AAo?$AAw?$AAn?$AA?5?$AAV?$AAa?$AAl?$AAu?$AAe?$AA?5?$AAT?$AAy?$AAp?$AAe?$AA?5?$AA?$AA@ 10003688     pimstorelib:utility.obj
 0001:000026b4       ??_C@_15KNBIKKIN@?$AA?$CF?$AAd?$AA?$AA@ 100036b4     pimstorelib:utility.obj
 0001:000026bc       ??_C@_19GBMGDAIM@?$AA?$CC?$AA?$CF?$AAs?$AA?$CC?$AA?$AA@ 100036bc     pimstorelib:utility.obj
 0001:000026c8       _GUID_7f804e40_2010_11d2_8f18_0000f87a4335 100036c8     pimstorelib:utility.obj
 0001:000026d8       _GUID_3cd81cfc_088f_4544_a9ab_223dd8e9eb9b 100036d8     pimstorelib:utility.obj
 0001:000027f8       ?msc_rgPhoneProperties@CContact@@1QBIB 100037f8     pimstorelib:contacts.obj
 0001:00002828       ?msc_rgEmailProperties@CContact@@1QBIB 10003828     pimstorelib:contacts.obj
 0001:000028a0       ?msc_rgNameProperties@CContact@@1QBHB 100038a0     pimstorelib:contacts.obj
 0001:000028c0       ?msc_rgpfnSetField@CContact@@1QBQ6AJPAPAXPBG@ZB 100038c0     pimstorelib:contacts.obj
 0001:00002930       ??_7?$CUnknownImpl@UIItem2@@@@6B@ 10003930     pimstorelib:contacts.obj
 0001:00002984       ??_7IPOlContact@@6B@       10003984     pimstorelib:contacts.obj
 0001:00002994       _GUID_0b0c0eb6_4260_43f2_b6b2_321d850c0b16 10003994     pimstorelib:contacts.obj
 0001:000029a4       _GUID_516bcf37_57fe_4248_8bda_9d18d732c131 100039a4     pimstorelib:contacts.obj
 0001:000029b8       ??_7?$CPOOMItem@UIContact2@@@@6B?$CUnknownImpl@UIItem2@@@@@ 100039b8     pimstorelib:contacts.obj
 0001:00002a14       ??_7?$CPOOMItem@UIContact2@@@@6BCDispatchProvider@@@ 10003a14     pimstorelib:contacts.obj
 0001:00002a30       ??_7?$CPOOMItem@UIContact2@@@@6BIItem@@@ 10003a30     pimstorelib:contacts.obj
 0001:00002a78       ??_7?$CPOOMItem@UIContact2@@@@6BCItemProvider@@@ 10003a78     pimstorelib:contacts.obj
 0001:00002ad8       ??_7CContact@@6B?$CUnknownImpl@UIItem2@@@@@ 10003ad8     pimstorelib:contacts.obj
 0001:00002b38       ??_7CContact@@6BCDispatchProvider@@@ 10003b38     pimstorelib:contacts.obj
 0001:00002b58       ??_7CContact@@6BIItem@@@   10003b58     pimstorelib:contacts.obj
 0001:00002ba0       ??_7CContact@@6BCItemProvider@@@ 10003ba0     pimstorelib:contacts.obj
 0001:00002c00       ??_7CContact@@6BIContact2@@@ 10003c00     pimstorelib:contacts.obj
 0001:00002dd8       ??_7CContact@@6BIContact@@@ 10003dd8     pimstorelib:contacts.obj
 0001:00002fa4       ??_7CContact@@6BIPOlContact@@@ 10003fa4     pimstorelib:contacts.obj
 0001:00002fb4       ??_7CContact@@6BIContactPrivate@@@ 10003fb4     pimstorelib:contacts.obj
 0001:00002fc4       _GUID_fb8998d0_38f0_4d12_ac56_4ec8fce9f3d5 10003fc4     pimstorelib:contacts.obj
 0001:00002fd8       ??_7?$CDispatchImpl@UIItem2@@@@6B?$CUnknownImpl@UIItem2@@@@@ 10003fd8     pimstorelib:contacts.obj
 0001:00003030       ??_7?$CDispatchImpl@UIItem2@@@@6BCDispatchProvider@@@ 10004030     pimstorelib:contacts.obj
 0001:0000304c       _GUID_5370942d_f237_4972_9455_b05691270bbc 1000404c     pimstorelib:contacts.obj
 0001:0000305c       _GUID_3e8722b2_8cbf_42fc_a324_9362619e881c 1000405c     pimstorelib:contacts.obj
 0001:0000306c       ??_7CPOOMItemsEnum@@6B@    1000406c     pimstorelib:items.obj
 0001:00003090       ??_7?$CUnknownImpl@UIPOlItems3@@@@6B@ 10004090     pimstorelib:items.obj
 0001:000030ec       _GUID_f25b397b_a282_4c3f_89fb_c7ca9e31c813 100040ec     pimstorelib:items.obj
 0001:000030fc       _GUID_f06748c0_21a5_11d2_8f18_0000f87a4335 100040fc     pimstorelib:items.obj
 0001:00003110       ??_7CItems@@6B?$CUnknownImpl@UIPOlItems3@@@@@ 10004110     pimstorelib:items.obj
 0001:0000316c       ??_7CItems@@6BCDispatchProvider@@@ 1000416c     pimstorelib:items.obj
 0001:00003188       ??_7CItems@@6B@            10004188     pimstorelib:items.obj
 0001:000031d4       ??_C@_1CE@FACFMHDB@?$AA?$FL?$AAC?$AAo?$AAn?$AAt?$AAa?$AAc?$AAt?$AAT?$AAy?$AAp?$AAe?$AA?$FN?$AA?5?$AA?$DN?$AA?5?$AA0?$AA?$AA@ 100041d4     pimstorelib:items.obj
 0001:000031f8       ??_7?$CDispatchImpl@UIPOlItems3@@@@6B?$CUnknownImpl@UIPOlItems3@@@@@ 100041f8     pimstorelib:items.obj
 0001:00003254       ??_7?$CDispatchImpl@UIPOlItems3@@@@6BCDispatchProvider@@@ 10004254     pimstorelib:items.obj
 0001:00003270       ??_C@_1DG@DCFCAGHD@?$AAA?$AAp?$AAp?$AAt?$AAI?$AAt?$AAe?$AAr?$AA?3?$AAG?$AAe?$AAt?$AAI?$AAt?$AAe?$AAm?$AA?3?$AAI?$AAn?$AAi?$AAt?$AAE?$AAx?$AAi?$AAs?$AAt?$AA?$AA@ 10004270     pimstorelib:poomperf.obj
 0001:000032a8       ??_C@_1DC@NEDPJAAN@?$AAA?$AAp?$AAp?$AAt?$AAI?$AAt?$AAe?$AAr?$AA?3?$AAG?$AAe?$AAt?$AAI?$AAt?$AAe?$AAm?$AA?3?$AAN?$AAe?$AAw?$AAA?$AAp?$AAp?$AAt?$AA?$AA@ 100042a8     pimstorelib:poomperf.obj
 0001:000032dc       ??_C@_1DC@JHENIJBA@?$AAA?$AAp?$AAp?$AAt?$AAI?$AAt?$AAe?$AAr?$AA?3?$AAG?$AAe?$AAt?$AAI?$AAt?$AAe?$AAm?$AA?3?$AAG?$AAe?$AAt?$AAI?$AAt?$AAe?$AAm?$AA?$AA@ 100042dc     pimstorelib:poomperf.obj
 0001:00003310       ??_C@_1CC@GDCPMLPO@?$AAA?$AAp?$AAp?$AAt?$AAI?$AAt?$AAe?$AAr?$AA?3?$AAG?$AAe?$AAt?$AAI?$AAt?$AAe?$AAm?$AA?$AA@ 10004310     pimstorelib:poomperf.obj
 0001:00003334       ??_C@_1DM@LELLKOHA@?$AAR?$AAe?$AAc?$AAu?$AAr?$AAC?$AAo?$AAl?$AAl?$AAe?$AAc?$AAt?$AA?3?$AAG?$AAe?$AAt?$AAI?$AAt?$AAe?$AAm?$AA?3?$AAG?$AAe?$AAt?$AAP?$AAr?$AAo?$AAp?$AAs?$AA?$AA@ 10004334     pimstorelib:poomperf.obj
 0001:00003370       ??_C@_1DK@NKPBPLMO@?$AAR?$AAe?$AAc?$AAu?$AAr?$AAC?$AAo?$AAl?$AAl?$AAe?$AAc?$AAt?$AA?3?$AAG?$AAe?$AAt?$AAI?$AAt?$AAe?$AAm?$AA?3?$AAG?$AAe?$AAt?$AAI?$AAt?$AAe?$AAm?$AA?$AA@ 10004370     pimstorelib:poomperf.obj
 0001:000033ac       ??_C@_1DI@IBDKDHFB@?$AAR?$AAe?$AAc?$AAu?$AAr?$AAC?$AAo?$AAl?$AAl?$AAe?$AAc?$AAt?$AA?3?$AAG?$AAe?$AAt?$AAI?$AAt?$AAe?$AAm?$AA?3?$AAE?$AAn?$AAs?$AAu?$AAr?$AAe?$AA?$AA@ 100043ac     pimstorelib:poomperf.obj
 0001:000033e4       ??_C@_1CK@EECJJMGK@?$AAR?$AAe?$AAc?$AAu?$AAr?$AAC?$AAo?$AAl?$AAl?$AAe?$AAc?$AAt?$AA?3?$AAG?$AAe?$AAt?$AAI?$AAt?$AAe?$AAm?$AA?$AA@ 100043e4     pimstorelib:poomperf.obj
 0001:00003410       ??_C@_1DC@JODHINIJ@?$AAT?$AAa?$AAs?$AAk?$AA?3?$AAI?$AAn?$AAi?$AAt?$AAR?$AAe?$AAc?$AA?3?$AAC?$AAr?$AAe?$AAa?$AAt?$AAe?$AAN?$AAo?$AAR?$AAe?$AAc?$AA?$AA@ 10004410     pimstorelib:poomperf.obj
 0001:00003444       ??_C@_1CO@NIKNAJF@?$AAT?$AAa?$AAs?$AAk?$AA?3?$AAI?$AAn?$AAi?$AAt?$AAR?$AAe?$AAc?$AA?3?$AAC?$AAr?$AAe?$AAa?$AAt?$AAe?$AAR?$AAe?$AAc?$AA?$AA@ 10004444     pimstorelib:poomperf.obj
 0001:00003474       ??_C@_1DA@JEONAKFM@?$AAT?$AAa?$AAs?$AAk?$AA?3?$AAI?$AAn?$AAi?$AAt?$AAR?$AAe?$AAc?$AA?3?$AAG?$AAe?$AAt?$AAT?$AAa?$AAs?$AAk?$AAD?$AAa?$AAt?$AA?$AA@ 10004474     pimstorelib:poomperf.obj
 0001:000034a4       ??_C@_1CG@HDGPPFBE@?$AAT?$AAa?$AAs?$AAk?$AA?3?$AAI?$AAn?$AAi?$AAt?$AAR?$AAe?$AAc?$AA?3?$AAI?$AAs?$AAR?$AAe?$AAc?$AA?$AA@ 100044a4     pimstorelib:poomperf.obj
 0001:000034cc       ??_C@_1BK@HLNLPFCO@?$AAT?$AAa?$AAs?$AAk?$AA?3?$AAI?$AAn?$AAi?$AAt?$AAR?$AAe?$AAc?$AA?$AA@ 100044cc     pimstorelib:poomperf.obj
 0001:000034e8       ??_C@_1CK@EHBKCLIH@?$AAT?$AAa?$AAs?$AAk?$AA?3?$AAI?$AAn?$AAi?$AAt?$AAE?$AAx?$AA?3?$AAI?$AAn?$AAi?$AAt?$AAI?$AAt?$AAe?$AAm?$AA?$AA@ 100044e8     pimstorelib:poomperf.obj
 0001:00003514       ??_C@_1CO@HKFECLIG@?$AAT?$AAa?$AAs?$AAk?$AA?3?$AAI?$AAn?$AAi?$AAt?$AAE?$AAx?$AA?3?$AAG?$AAe?$AAt?$AAT?$AAa?$AAs?$AAk?$AAD?$AAa?$AAt?$AA?$AA@ 10004514     pimstorelib:poomperf.obj
 0001:00003544       ??_C@_1CK@NOLGFCMK@?$AAT?$AAa?$AAs?$AAk?$AA?3?$AAI?$AAn?$AAi?$AAt?$AAE?$AAx?$AA?3?$AAG?$AAe?$AAt?$AAS?$AAt?$AAo?$AAr?$AAe?$AA?$AA@ 10004544     pimstorelib:poomperf.obj
 0001:00003570       ??_C@_1CI@CAICDJOG@?$AAT?$AAa?$AAs?$AAk?$AA?3?$AAI?$AAn?$AAi?$AAt?$AAE?$AAx?$AA?3?$AAG?$AAe?$AAt?$AAI?$AAt?$AAe?$AAm?$AA?$AA@ 10004570     pimstorelib:poomperf.obj
 0001:00003598       ??_C@_1CI@DGGNLCKL@?$AAT?$AAa?$AAs?$AAk?$AA?3?$AAI?$AAn?$AAi?$AAt?$AAE?$AAx?$AA?3?$AAG?$AAe?$AAt?$AAT?$AAa?$AAs?$AAk?$AA?$AA@ 10004598     pimstorelib:poomperf.obj
 0001:000035c0       ??_C@_1CI@NGNIODHE@?$AAT?$AAa?$AAs?$AAk?$AA?3?$AAI?$AAn?$AAi?$AAt?$AAE?$AAx?$AA?3?$AAG?$AAe?$AAt?$AAO?$AAb?$AAj?$AAs?$AA?$AA@ 100045c0     pimstorelib:poomperf.obj
 0001:000035e8       ??_C@_1BI@JMNALNBE@?$AAT?$AAa?$AAs?$AAk?$AA?3?$AAI?$AAn?$AAi?$AAt?$AAE?$AAx?$AA?$AA@ 100045e8     pimstorelib:poomperf.obj
 0001:00003600       ??_C@_1CK@MHHKLOLJ@?$AAA?$AAp?$AAp?$AAt?$AA?3?$AAI?$AAn?$AAi?$AAt?$AAE?$AAx?$AA?3?$AAI?$AAn?$AAi?$AAt?$AAI?$AAt?$AAe?$AAm?$AA?$AA@ 10004600     pimstorelib:poomperf.obj
 0001:0000362c       ??_C@_1CI@GJFINKHM@?$AAA?$AAp?$AAp?$AAt?$AA?3?$AAI?$AAn?$AAi?$AAt?$AAE?$AAx?$AA?3?$AAH?$AAn?$AAd?$AAl?$AAR?$AAe?$AAc?$AA?$AA@ 1000462c     pimstorelib:poomperf.obj
 0001:00003654       ??_C@_1CK@HOOFCKCC@?$AAA?$AAp?$AAp?$AAt?$AA?3?$AAI?$AAn?$AAi?$AAt?$AAE?$AAx?$AA?3?$AAG?$AAe?$AAt?$AAA?$AAp?$AAD?$AAa?$AAt?$AA?$AA@ 10004654     pimstorelib:poomperf.obj
 0001:00003680       ??_C@_1CG@BFLHNKGN@?$AAA?$AAp?$AAp?$AAt?$AA?3?$AAI?$AAn?$AAi?$AAt?$AAE?$AAx?$AA?3?$AAG?$AAe?$AAt?$AAO?$AAc?$AAc?$AA?$AA@ 10004680     pimstorelib:poomperf.obj
 0001:000036a8       ??_C@_1CG@HFPGEJBK@?$AAA?$AAp?$AAp?$AAt?$AA?3?$AAI?$AAn?$AAi?$AAt?$AAE?$AAx?$AA?3?$AAC?$AAh?$AAk?$AAR?$AAe?$AAc?$AA?$AA@ 100046a8     pimstorelib:poomperf.obj
 0001:000036d0       ??_C@_1CK@FONGMHPE@?$AAA?$AAp?$AAp?$AAt?$AA?3?$AAI?$AAn?$AAi?$AAt?$AAE?$AAx?$AA?3?$AAG?$AAe?$AAt?$AAS?$AAt?$AAo?$AAr?$AAe?$AA?$AA@ 100046d0     pimstorelib:poomperf.obj
 0001:000036fc       ??_C@_1CI@NCCALPCB@?$AAA?$AAp?$AAp?$AAt?$AA?3?$AAI?$AAn?$AAi?$AAt?$AAE?$AAx?$AA?3?$AAG?$AAe?$AAt?$AAI?$AAt?$AAe?$AAm?$AA?$AA@ 100046fc     pimstorelib:poomperf.obj
 0001:00003724       ??_C@_1CI@DLLHHKBC@?$AAA?$AAp?$AAp?$AAt?$AA?3?$AAI?$AAn?$AAi?$AAt?$AAE?$AAx?$AA?3?$AAG?$AAe?$AAt?$AAA?$AAp?$AAp?$AAt?$AA?$AA@ 10004724     pimstorelib:poomperf.obj
 0001:0000374c       ??_C@_1CI@CEHKGFLD@?$AAA?$AAp?$AAp?$AAt?$AA?3?$AAI?$AAn?$AAi?$AAt?$AAE?$AAx?$AA?3?$AAG?$AAe?$AAt?$AAO?$AAb?$AAj?$AAs?$AA?$AA@ 1000474c     pimstorelib:poomperf.obj
 0001:00003774       ??_C@_1BI@MCDCKCGK@?$AAA?$AAp?$AAp?$AAt?$AA?3?$AAI?$AAn?$AAi?$AAt?$AAE?$AAx?$AA?$AA@ 10004774     pimstorelib:poomperf.obj
 0001:0000378c       ??_C@_1CO@LPGKKOBC@?$AAA?$AAp?$AAp?$AAt?$AA?3?$AAS?$AAa?$AAv?$AAe?$AA?3?$AAR?$AAe?$AAi?$AAn?$AAi?$AAt?$AAE?$AAx?$AAc?$AAe?$AAp?$AAt?$AA?$AA@ 1000478c     pimstorelib:poomperf.obj
 0001:000037bc       ??_C@_1CM@FHGOEODN@?$AAA?$AAp?$AAp?$AAt?$AA?3?$AAS?$AAa?$AAv?$AAe?$AA?3?$AAR?$AAe?$AAi?$AAn?$AAi?$AAt?$AAR?$AAe?$AAc?$AAu?$AAr?$AA?$AA@ 100047bc     pimstorelib:poomperf.obj
 0001:000037e8       ??_C@_1CG@GLNMGBFB@?$AAA?$AAp?$AAp?$AAt?$AA?3?$AAS?$AAa?$AAv?$AAe?$AA?3?$AAS?$AAa?$AAv?$AAe?$AAI?$AAt?$AAe?$AAm?$AA?$AA@ 100047e8     pimstorelib:poomperf.obj
 0001:00003810       ??_C@_1CK@HPFJNDGG@?$AAA?$AAp?$AAp?$AAt?$AA?3?$AAS?$AAa?$AAv?$AAe?$AA?3?$AAS?$AAe?$AAn?$AAd?$AAU?$AAp?$AAd?$AAa?$AAt?$AAe?$AA?$AA@ 10004810     pimstorelib:poomperf.obj
 0001:0000383c       ??_C@_1CK@JGBBAMCP@?$AAA?$AAp?$AAp?$AAt?$AA?3?$AAS?$AAa?$AAv?$AAe?$AA?3?$AAS?$AAe?$AAn?$AAd?$AAC?$AAa?$AAn?$AAc?$AAe?$AAl?$AA?$AA@ 1000483c     pimstorelib:poomperf.obj
 0001:00003868       ??_C@_1CM@GHGGPEGB@?$AAA?$AAp?$AAp?$AAt?$AA?3?$AAS?$AAa?$AAv?$AAe?$AA?3?$AAI?$AAs?$AAR?$AAe?$AAc?$AAu?$AAr?$AAr?$AAi?$AAn?$AAg?$AA?$AA@ 10004868     pimstorelib:poomperf.obj
 0001:00003894       ??_C@_1CM@DJGALDIN@?$AAA?$AAp?$AAp?$AAt?$AA?3?$AAS?$AAa?$AAv?$AAe?$AA?3?$AAO?$AAi?$AAd?$AAF?$AAr?$AAo?$AAm?$AAA?$AAp?$AAp?$AAt?$AA?$AA@ 10004894     pimstorelib:poomperf.obj
 0001:000038c0       ??_C@_1CK@POCDLCGG@?$AAA?$AAp?$AAp?$AAt?$AA?3?$AAS?$AAa?$AAv?$AAe?$AA?3?$AAC?$AAr?$AAe?$AAa?$AAt?$AAe?$AAA?$AAp?$AAp?$AAt?$AA?$AA@ 100048c0     pimstorelib:poomperf.obj
 0001:000038ec       ??_C@_1CM@DGPJPNIO@?$AAA?$AAp?$AAp?$AAt?$AA?3?$AAS?$AAa?$AAv?$AAe?$AA?3?$AAE?$AAn?$AAs?$AAu?$AAr?$AAe?$AAC?$AAa?$AAt?$AAe?$AAg?$AA?$AA@ 100048ec     pimstorelib:poomperf.obj
 0001:00003918       ??_C@_1DC@FPOECFNL@?$AAA?$AAp?$AAp?$AAt?$AA?3?$AAS?$AAa?$AAv?$AAe?$AA?3?$AAU?$AAp?$AAd?$AAa?$AAt?$AAe?$AAA?$AAt?$AAt?$AAe?$AAn?$AAd?$AAe?$AAe?$AA?$AA@ 10004918     pimstorelib:poomperf.obj
 0001:0000394c       ??_C@_1CG@FPANPHDB@?$AAA?$AAp?$AAp?$AAt?$AA?3?$AAS?$AAa?$AAv?$AAe?$AA?3?$AAF?$AAi?$AAn?$AAd?$AAD?$AAi?$AAf?$AAf?$AA?$AA@ 1000494c     pimstorelib:poomperf.obj
 0001:00003974       ??_C@_1CM@JFFDBPMO@?$AAA?$AAp?$AAp?$AAt?$AA?3?$AAS?$AAa?$AAv?$AAe?$AA?3?$AAS?$AAe?$AAt?$AAA?$AAp?$AAp?$AAt?$AAD?$AAa?$AAt?$AAa?$AA?$AA@ 10004974     pimstorelib:poomperf.obj
 0001:000039a0       ??_C@_1CK@BIPFONP@?$AAA?$AAp?$AAp?$AAt?$AA?3?$AAS?$AAa?$AAv?$AAe?$AA?3?$AAE?$AAn?$AAs?$AAu?$AAr?$AAe?$AAS?$AAt?$AAr?$AA2?$AA?$AA@ 100049a0     pimstorelib:poomperf.obj
 0001:000039cc       ??_C@_1CK@LDCNOBOG@?$AAA?$AAp?$AAp?$AAt?$AA?3?$AAS?$AAa?$AAv?$AAe?$AA?3?$AAE?$AAd?$AAi?$AAt?$AAE?$AAx?$AAc?$AAe?$AAp?$AAt?$AA?$AA@ 100049cc     pimstorelib:poomperf.obj
 0001:000039f8       ??_C@_1CI@BGPDDPII@?$AAA?$AAp?$AAp?$AAt?$AA?3?$AAS?$AAa?$AAv?$AAe?$AA?3?$AAI?$AAn?$AAi?$AAt?$AAR?$AAe?$AAc?$AAu?$AAr?$AA?$AA@ 100049f8     pimstorelib:poomperf.obj
 0001:00003a20       ??_C@_1CI@BMPODMIH@?$AAA?$AAp?$AAp?$AAt?$AA?3?$AAS?$AAa?$AAv?$AAe?$AA?3?$AAE?$AAn?$AAs?$AAu?$AAr?$AAe?$AAS?$AAt?$AAr?$AA?$AA@ 10004a20     pimstorelib:poomperf.obj
 0001:00003a48       ??_C@_1CG@FKBOOPPM@?$AAA?$AAp?$AAp?$AAt?$AA?3?$AAS?$AAa?$AAv?$AAe?$AA?3?$AAC?$AAo?$AAp?$AAy?$AAN?$AAo?$AAt?$AAe?$AA?$AA@ 10004a48     pimstorelib:poomperf.obj
 0001:00003a70       ??_C@_1CI@EDGKOKIH@?$AAA?$AAp?$AAp?$AAt?$AA?3?$AAS?$AAa?$AAv?$AAe?$AA?3?$AAA?$AAp?$AAp?$AAt?$AAE?$AAq?$AAu?$AAa?$AAl?$AA?$AA@ 10004a70     pimstorelib:poomperf.obj
 0001:00003a98       ??_C@_1CK@CGCOHHGD@?$AAA?$AAp?$AAp?$AAt?$AA?3?$AAS?$AAa?$AAv?$AAe?$AA?3?$AAC?$AAo?$AAn?$AAv?$AAe?$AAr?$AAt?$AAT?$AAZ?$AA2?$AA?$AA@ 10004a98     pimstorelib:poomperf.obj
 0001:00003ac4       ??_C@_1CM@IDDOPOKM@?$AAA?$AAp?$AAp?$AAt?$AA?3?$AAS?$AAa?$AAv?$AAe?$AA?3?$AAG?$AAe?$AAt?$AAA?$AAp?$AAp?$AAt?$AAD?$AAa?$AAt?$AAa?$AA?$AA@ 10004ac4     pimstorelib:poomperf.obj
 0001:00003af0       ??_C@_1CG@LNGPOFDO@?$AAA?$AAp?$AAp?$AAt?$AA?3?$AAS?$AAa?$AAv?$AAe?$AA?3?$AAV?$AAa?$AAl?$AAi?$AAd?$AAa?$AAt?$AAe?$AA?$AA@ 10004af0     pimstorelib:poomperf.obj
 0001:00003b18       ??_C@_1CO@GJHDDHAJ@?$AAA?$AAp?$AAp?$AAt?$AA?3?$AAS?$AAa?$AAv?$AAe?$AA?3?$AAF?$AAi?$AAl?$AAl?$AAA?$AAt?$AAt?$AAe?$AAn?$AAd?$AAe?$AAe?$AA?$AA@ 10004b18     pimstorelib:poomperf.obj
 0001:00003b48       ??_C@_1CI@MIOIDJOF@?$AAA?$AAp?$AAp?$AAt?$AA?3?$AAS?$AAa?$AAv?$AAe?$AA?3?$AAC?$AAo?$AAn?$AAv?$AAe?$AAr?$AAt?$AAT?$AAZ?$AA?$AA@ 10004b48     pimstorelib:poomperf.obj
 0001:00003b70       ??_C@_1CA@GPKNLKAJ@?$AAA?$AAp?$AAp?$AAt?$AA?3?$AAS?$AAa?$AAv?$AAe?$AA?3?$AAG?$AAe?$AAt?$AAT?$AAZ?$AA?$AA@ 10004b70     pimstorelib:poomperf.obj
 0001:00003b90       ??_C@_1CG@BMIDLJMA@?$AAA?$AAp?$AAp?$AAt?$AA?3?$AAS?$AAa?$AAv?$AAe?$AA?3?$AAC?$AAr?$AAe?$AAa?$AAt?$AAe?$AAT?$AAZ?$AA?$AA@ 10004b90     pimstorelib:poomperf.obj
 0001:00003bb8       ??_C@_1CE@JHBIGPB@?$AAA?$AAp?$AAp?$AAt?$AA?3?$AAS?$AAa?$AAv?$AAe?$AA?3?$AAC?$AAh?$AAa?$AAn?$AAg?$AAe?$AAd?$AA?$AA@ 10004bb8     pimstorelib:poomperf.obj
 0001:00003bdc       ??_C@_1DC@KICGFIDL@?$AAI?$AAt?$AAe?$AAm?$AAP?$AAr?$AAo?$AAv?$AA?3?$AAS?$AAa?$AAv?$AAe?$AAI?$AAt?$AAe?$AAm?$AA?3?$AAS?$AAe?$AAt?$AAS?$AAt?$AAm?$AA?$AA@ 10004bdc     pimstorelib:poomperf.obj
 0001:00003c10       ??_C@_1DG@BEFLAPCP@?$AAI?$AAt?$AAe?$AAm?$AAP?$AAr?$AAo?$AAv?$AA?3?$AAS?$AAa?$AAv?$AAe?$AAI?$AAt?$AAe?$AAm?$AA?3?$AAS?$AAe?$AAt?$AAP?$AAr?$AAo?$AAp?$AAs?$AA?$AA@ 10004c10     pimstorelib:poomperf.obj
 0001:00003c48       ??_C@_1DC@KKJHOCCN@?$AAI?$AAt?$AAe?$AAm?$AAP?$AAr?$AAo?$AAv?$AA?3?$AAS?$AAa?$AAv?$AAe?$AAI?$AAt?$AAe?$AAm?$AA?3?$AAS?$AAe?$AAt?$AAC?$AAa?$AAt?$AA?$AA@ 10004c48     pimstorelib:poomperf.obj
 0001:00003c7c       ??_C@_1DI@NFCKEDEJ@?$AAI?$AAt?$AAe?$AAm?$AAP?$AAr?$AAo?$AAv?$AA?3?$AAS?$AAa?$AAv?$AAe?$AAI?$AAt?$AAe?$AAm?$AA?3?$AAG?$AAe?$AAt?$AAC?$AAa?$AAt?$AAM?$AAg?$AAr?$AA?$AA@ 10004c7c     pimstorelib:poomperf.obj
 0001:00003cb4       ??_C@_1DC@IJOMDALF@?$AAI?$AAt?$AAe?$AAm?$AAP?$AAr?$AAo?$AAv?$AA?3?$AAS?$AAa?$AAv?$AAe?$AAI?$AAt?$AAe?$AAm?$AA?3?$AAE?$AAn?$AAs?$AAu?$AAr?$AAe?$AA?$AA@ 10004cb4     pimstorelib:poomperf.obj
 0001:00003ce8       ??_C@_1CE@PHLDILFG@?$AAI?$AAt?$AAe?$AAm?$AAP?$AAr?$AAo?$AAv?$AA?3?$AAS?$AAa?$AAv?$AAe?$AAI?$AAt?$AAe?$AAm?$AA?$AA@ 10004ce8     pimstorelib:poomperf.obj
 0001:00003d0c       ??_C@_1CO@FMFPHOII@?$AAF?$AAM?$AAa?$AAt?$AAc?$AAh?$AA?3?$AAE?$AAm?$AAb?$AAe?$AAd?$AAd?$AAe?$AAd?$AA?3?$AAD?$AAe?$AAl?$AAA?$AAl?$AAl?$AA?$AA@ 10004d0c     pimstorelib:poomperf.obj
 0001:00003d3c       ??_C@_1DC@NNLFFDNK@?$AAF?$AAM?$AAa?$AAt?$AAc?$AAh?$AA?3?$AAE?$AAm?$AAb?$AAe?$AAd?$AAd?$AAe?$AAd?$AA?3?$AAM?$AAo?$AAv?$AAe?$AAN?$AAe?$AAx?$AAt?$AA?$AA@ 10004d3c     pimstorelib:poomperf.obj
 0001:00003d70       ??_C@_1DC@MEOMGNGK@?$AAF?$AAM?$AAa?$AAt?$AAc?$AAh?$AA?3?$AAE?$AAm?$AAb?$AAe?$AAd?$AAd?$AAe?$AAd?$AA?3?$AAG?$AAe?$AAt?$AAP?$AAr?$AAo?$AAp?$AAs?$AA?$AA@ 10004d70     pimstorelib:poomperf.obj
 0001:00003da4       ??_C@_1DA@BAMNDOLG@?$AAF?$AAM?$AAa?$AAt?$AAc?$AAh?$AA?3?$AAE?$AAm?$AAb?$AAe?$AAd?$AAd?$AAe?$AAd?$AA?3?$AAM?$AAo?$AAv?$AAe?$AAS?$AAt?$AA1?$AA?$AA@ 10004da4     pimstorelib:poomperf.obj
 0001:00003dd4       ??_C@_1DA@MDKLPDDJ@?$AAF?$AAM?$AAa?$AAt?$AAc?$AAh?$AA?3?$AAE?$AAm?$AAb?$AAe?$AAd?$AAd?$AAe?$AAd?$AA?3?$AAG?$AAe?$AAt?$AAO?$AAb?$AAj?$AAs?$AA?$AA@ 10004dd4     pimstorelib:poomperf.obj
 0001:00003e04       ??_C@_1CA@KDHAJJKA@?$AAF?$AAM?$AAa?$AAt?$AAc?$AAh?$AA?3?$AAE?$AAm?$AAb?$AAe?$AAd?$AAd?$AAe?$AAd?$AA?$AA@ 10004e04     pimstorelib:poomperf.obj
 0001:00003e24       ??_C@_1CG@LNPIAILA@?$AAI?$AAs?$AAS?$AAi?$AAm?$AA?3?$AA?3?$AAP?$AAr?$AAo?$AAp?$AAV?$AAa?$AAl?$AAS?$AAa?$AAf?$AAe?$AA?$AA@ 10004e24     pimstorelib:poomperf.obj
 0001:00003e4c       ??_C@_1BO@PDINDGGN@?$AAI?$AAs?$AAS?$AAi?$AAm?$AA?3?$AA?3?$AAG?$AAe?$AAt?$AAP?$AAr?$AAo?$AAp?$AA?$AA@ 10004e4c     pimstorelib:poomperf.obj
 0001:00003e6c       ??_C@_1M@JIAAPAD@?$AAI?$AAs?$AAS?$AAi?$AAm?$AA?$AA@ 10004e6c     pimstorelib:poomperf.obj
 0001:00003e78       ??_C@_1CC@DKOHPJHM@?$AAS?$AAt?$AAo?$AAr?$AAe?$AA?3?$AA?3?$AAG?$AAe?$AAt?$AAI?$AAt?$AAe?$AAm?$AAI?$AAd?$AA?$AA@ 10004e78     pimstorelib:poomperf.obj
 0001:00003e9c       ??_C@_1CG@MJEKECNA@?$AAI?$AAt?$AAe?$AAm?$AA?3?$AA?3?$AAG?$AAe?$AAt?$AAN?$AAa?$AAm?$AAe?$AAd?$AAP?$AAr?$AAo?$AAp?$AA?$AA@ 10004e9c     pimstorelib:poomperf.obj
 0001:00003ec4       ??_C@_1DG@DAMHIALL@?$AAP?$AAO?$AAO?$AAM?$AA?3?$AA?3?$AAG?$AAe?$AAt?$AAP?$AAr?$AAo?$AAp?$AAE?$AAx?$AAt?$AAr?$AAa?$AAD?$AAa?$AAt?$AAa?$AAS?$AAi?$AAz?$AAe?$AA?$AA@ 10004ec4     pimstorelib:poomperf.obj
 0001:00003efc       ??_C@_1CK@HMAKENEJ@?$AAC?$AAD?$AAB?$AAP?$AA?3?$AAS?$AAa?$AAv?$AAe?$AA?3?$AAC?$AAr?$AAe?$AAa?$AAt?$AAe?$AAI?$AAt?$AAe?$AAm?$AA?$AA@ 10004efc     pimstorelib:poomperf.obj
 0001:00003f28       ??_C@_1CM@PGJHMCNH@?$AAC?$AAD?$AAB?$AAP?$AA?3?$AAS?$AAa?$AAv?$AAe?$AA?3?$AAS?$AAe?$AAt?$AAP?$AAr?$AAo?$AAp?$AAV?$AAa?$AAl?$AAs?$AA?$AA@ 10004f28     pimstorelib:poomperf.obj
 0001:00003f54       ??_C@_1CE@DALFMFEB@?$AAC?$AAD?$AAB?$AAP?$AA?3?$AAS?$AAa?$AAv?$AAe?$AA?3?$AAC?$AAo?$AAl?$AAl?$AAe?$AAc?$AAt?$AA?$AA@ 10004f54     pimstorelib:poomperf.obj
 0001:00003f78       ??_C@_1BE@DEHEJMCK@?$AAC?$AAD?$AAB?$AAP?$AA?3?$AAS?$AAa?$AAv?$AAe?$AA?$AA@ 10004f78     pimstorelib:poomperf.obj
 0001:00003f8c       ??_C@_1CG@FJFDHHPD@?$AAC?$AAD?$AAB?$AAP?$AA?3?$AA?3?$AAI?$AAn?$AAi?$AAt?$AAE?$AAx?$AAi?$AAs?$AAt?$AAi?$AAn?$AAg?$AA?$AA@ 10004f8c     pimstorelib:poomperf.obj
 0001:00003fb4       ??_C@_1CK@HKHJPAHG@?$AAC?$AAD?$AAB?$AAP?$AA?3?$AA?3?$AAC?$AAa?$AAc?$AAh?$AAe?$AAI?$AAn?$AAi?$AAt?$AAP?$AAr?$AAo?$AAp?$AAs?$AA?$AA@ 10004fb4     pimstorelib:poomperf.obj
 0001:00003fe0       ??_C@_1BO@KCGFKLCN@?$AAC?$AAD?$AAB?$AAP?$AA?3?$AA?3?$AAF?$AAi?$AAn?$AAd?$AAP?$AAr?$AAo?$AAp?$AA?$AA@ 10004fe0     pimstorelib:poomperf.obj
 0001:00004000       ??_C@_1CK@LDOKNBJI@?$AAC?$AAD?$AAB?$AAP?$AA?3?$AA?3?$AAG?$AAe?$AAt?$AAS?$AAt?$AAr?$AAP?$AAr?$AAo?$AAp?$AAe?$AAr?$AAt?$AAy?$AA?$AA@ 10005000     pimstorelib:poomperf.obj
 0001:0000402c       ??_C@_1CE@FHLFMCGG@?$AAC?$AAD?$AAB?$AAP?$AA?3?$AA?3?$AAG?$AAe?$AAt?$AAP?$AAr?$AAo?$AAp?$AAe?$AAr?$AAt?$AAy?$AA?$AA@ 1000502c     pimstorelib:poomperf.obj
 0001:00004050       ??_C@_1CO@IFBLMOD@?$AAC?$AAD?$AAB?$AAP?$AA?3?$AA?3?$AAG?$AAe?$AAt?$AAI?$AAn?$AAd?$AAe?$AAx?$AAF?$AAr?$AAo?$AAm?$AAP?$AAr?$AAo?$AAp?$AA?$AA@ 10005050     pimstorelib:poomperf.obj
 0001:00004080       ??_C@_1BO@MMEJHFAL@?$AAP?$AAO?$AAO?$AAM?$AA?3?$AA?3?$AAC?$AAo?$AAp?$AAy?$AAP?$AAr?$AAo?$AAp?$AA?$AA@ 10005080     pimstorelib:poomperf.obj
 0001:000040a0       ??_C@_1DC@FMFDADLF@?$AAC?$AAn?$AAc?$AAt?$AA?3?$AAS?$AAh?$AAo?$AAw?$AAE?$AAx?$AAt?$AAe?$AAn?$AAd?$AAe?$AAd?$AAN?$AAe?$AAw?$AAC?$AAa?$AAr?$AAd?$AA?$AA@ 100050a0     pimstorelib:poomperf.obj
 0001:000040d4       ??_C@_1CG@PAEAMII@?$AAC?$AAn?$AAc?$AAt?$AA?3?$AAU?$AAp?$AAd?$AAH?$AAe?$AAl?$AAp?$AA?3?$AAA?$AAs?$AAs?$AAo?$AAc?$AA?$AA@ 100050d4     pimstorelib:poomperf.obj
 0001:000040fc       ??_C@_1DC@OIJCFJDA@?$AAC?$AAn?$AAc?$AAt?$AA?3?$AAU?$AAp?$AAd?$AAH?$AAe?$AAl?$AAp?$AA?3?$AAC?$AAr?$AAe?$AAa?$AAt?$AAe?$AAE?$AAm?$AAb?$AAe?$AAd?$AA?$AA@ 100050fc     pimstorelib:poomperf.obj
 0001:00004130       ??_C@_1CE@DPBGEBMH@?$AAC?$AAn?$AAc?$AAt?$AA?3?$AAU?$AAp?$AAd?$AAH?$AAe?$AAl?$AAp?$AA?3?$AAH?$AAa?$AAs?$AAh?$AA?$AA@ 10005130     pimstorelib:poomperf.obj
 0001:00004154       ??_C@_1CK@NHCJLNIH@?$AAC?$AAn?$AAc?$AAt?$AA?3?$AAU?$AAp?$AAd?$AAH?$AAe?$AAl?$AAp?$AA?3?$AAG?$AAe?$AAt?$AAP?$AAr?$AAo?$AAp?$AA?$AA@ 10005154     pimstorelib:poomperf.obj
 0001:00004180       ??_C@_1CE@MCMOEOBP@?$AAC?$AAn?$AAc?$AAt?$AA?3?$AAU?$AAp?$AAd?$AAH?$AAe?$AAl?$AAp?$AA?3?$AAL?$AAo?$AAo?$AAp?$AA?$AA@ 10005180     pimstorelib:poomperf.obj
 0001:000041a4       ??_C@_1BK@DFBGFLMD@?$AAC?$AAn?$AAc?$AAt?$AA?3?$AAU?$AAp?$AAd?$AAH?$AAe?$AAl?$AAp?$AA?$AA@ 100051a4     pimstorelib:poomperf.obj
 0001:000041c0       ??_C@_1DE@JDGNKOAM@?$AAC?$AAn?$AAc?$AAt?$AA?3?$AAU?$AAp?$AAd?$AAQ?$AAu?$AAi?$AAc?$AAk?$AA?3?$AAU?$AAp?$AAd?$AAa?$AAt?$AAe?$AAE?$AAm?$AAa?$AAi?$AAl?$AA?$AA@ 100051c0     pimstorelib:poomperf.obj
 0001:000041f4       ??_C@_1DE@JEHIJCKE@?$AAC?$AAn?$AAc?$AAt?$AA?3?$AAU?$AAp?$AAd?$AAQ?$AAu?$AAi?$AAc?$AAk?$AA?3?$AAU?$AAp?$AAd?$AAa?$AAt?$AAe?$AAP?$AAh?$AAo?$AAn?$AAe?$AA?$AA@ 100051f4     pimstorelib:poomperf.obj
 0001:00004228       ??_C@_1DE@CFNHOHFE@?$AAC?$AAn?$AAc?$AAt?$AA?3?$AAU?$AAp?$AAd?$AAQ?$AAu?$AAi?$AAc?$AAk?$AA?3?$AAD?$AAe?$AAl?$AAe?$AAt?$AAe?$AAE?$AAm?$AAb?$AAe?$AAd?$AA?$AA@ 10005228     pimstorelib:poomperf.obj
 0001:0000425c       ??_C@_1BM@ILPEGBDB@?$AAC?$AAn?$AAc?$AAt?$AA?3?$AAU?$AAp?$AAd?$AAQ?$AAu?$AAi?$AAc?$AAk?$AA?$AA@ 1000525c     pimstorelib:poomperf.obj
 0001:00004278       ??_C@_1CK@JDACEJMH@?$AAC?$AAn?$AAc?$AAt?$AA?3?$AAS?$AAa?$AAv?$AAe?$AA?3?$AAD?$AAB?$AAP?$AAr?$AAo?$AAp?$AAS?$AAa?$AAv?$AAe?$AA?$AA@ 10005278     pimstorelib:poomperf.obj
 0001:000042a4       ??_C@_1CG@LLKNFCKD@?$AAC?$AAn?$AAc?$AAt?$AA?3?$AAS?$AAa?$AAv?$AAe?$AA?3?$AAS?$AAa?$AAv?$AAe?$AAI?$AAt?$AAe?$AAm?$AA?$AA@ 100052a4     pimstorelib:poomperf.obj
 0001:000042cc       ??_C@_1CI@ICPGJLAI@?$AAC?$AAn?$AAc?$AAt?$AA?3?$AAS?$AAa?$AAv?$AAe?$AA?3?$AAQ?$AAu?$AAi?$AAc?$AAk?$AAF?$AAi?$AAn?$AAd?$AA?$AA@ 100052cc     pimstorelib:poomperf.obj
 0001:000042f4       ??_C@_1DC@COFDHMEG@?$AAC?$AAn?$AAc?$AAt?$AA?3?$AAI?$AAn?$AAi?$AAt?$AAE?$AAx?$AAi?$AAs?$AAt?$AA?3?$AAG?$AAe?$AAt?$AAO?$AAb?$AAj?$AAe?$AAc?$AAt?$AA?$AA@ 100052f4     pimstorelib:poomperf.obj
 0001:00004328       ??_C@_1DA@ELOPINPI@?$AAC?$AAn?$AAc?$AAt?$AA?3?$AAI?$AAn?$AAi?$AAt?$AAE?$AAx?$AAi?$AAs?$AAt?$AA?3?$AAI?$AAn?$AAi?$AAt?$AAI?$AAt?$AAe?$AAm?$AA?$AA@ 10005328     pimstorelib:poomperf.obj
 0001:00004358       ??_C@_1BO@POEGCGBM@?$AAC?$AAn?$AAc?$AAt?$AA?3?$AAI?$AAn?$AAi?$AAt?$AAE?$AAx?$AAi?$AAs?$AAt?$AA?$AA@ 10005358     pimstorelib:poomperf.obj
 0001:00004378       ??_C@_1CK@PJNGGPEI@?$AAC?$AAn?$AAc?$AAt?$AA?3?$AAC?$AAo?$AAn?$AAs?$AAt?$AAr?$AAu?$AAc?$AAt?$AAF?$AAi?$AAl?$AAe?$AAA?$AAs?$AA?$AA@ 10005378     pimstorelib:poomperf.obj
 0001:000043a4       ??_C@_1CM@GIGGEHIN@?$AAC?$AAn?$AAc?$AAt?$AA?3?$AAC?$AAo?$AAn?$AAs?$AAt?$AAr?$AAu?$AAc?$AAt?$AAA?$AAd?$AAd?$AAr?$AAe?$AAs?$AAs?$AA?$AA@ 100053a4     pimstorelib:poomperf.obj
 0001:000043d0       ??_C@_1CK@KJJKIMGE@?$AAC?$AAn?$AAc?$AAt?$AA?3?$AAG?$AAe?$AAt?$AAT?$AAy?$AAp?$AAe?$AAS?$AAp?$AAe?$AAc?$AAP?$AAr?$AAo?$AAp?$AA?$AA@ 100053d0     pimstorelib:poomperf.obj
 0001:000043fc       ??_C@_1DI@IICJBMBD@?$AAO?$AAl?$AAA?$AAp?$AAp?$AA?3?$AA?3?$AAF?$AAi?$AAl?$AAl?$AAP?$AAr?$AAo?$AAv?$AAA?$AAn?$AAd?$AAC?$AAa?$AAl?$AAc?$AAP?$AAr?$AAo?$AAp?$AAs?$AA?$AA@ 100053fc     pimstorelib:poomperf.obj
 0001:00004434       ??_C@_1DA@JMLNOPPG@?$AAP?$AAO?$AAO?$AAM?$AA?3?$AA?3?$AAA?$AAl?$AAl?$AAo?$AAc?$AAA?$AAn?$AAd?$AAC?$AAo?$AAp?$AAy?$AAP?$AAr?$AAo?$AAp?$AAs?$AA?$AA@ 10005434     pimstorelib:poomperf.obj
 0001:00004464       ??_C@_1CM@HGKOBLKM@?$AAG?$AAe?$AAt?$AAS?$AAt?$AAo?$AAr?$AAe?$AAM?$AAg?$AAr?$AA?3?$AA?3?$AAC?$AAo?$AAC?$AAr?$AAe?$AAa?$AAt?$AAe?$AA?$AA@ 10005464     pimstorelib:poomperf.obj
 0001:00004490       ??_C@_1CE@GGKLPDGG@?$AAE?$AAv?$AAe?$AAn?$AAt?$AAS?$AAi?$AAn?$AAk?$AA?3?$AA?3?$AAA?$AAt?$AAt?$AAa?$AAc?$AAh?$AA?$AA@ 10005490     pimstorelib:poomperf.obj
 0001:000044b4       ??_C@_1DM@FOJKDIAL@?$AAE?$AAv?$AAe?$AAn?$AAt?$AAS?$AAi?$AAn?$AAk?$AA?3?$AA?3?$AAC?$AAo?$AAC?$AAr?$AAe?$AAa?$AAt?$AAe?$AAM?$AAa?$AAr?$AAs?$AAh?$AAa?$AAl?$AAl?$AAe?$AAr?$AA?$AA@ 100054b4     pimstorelib:poomperf.obj
 0001:000044f0       ??_C@_1DE@EFNBNCPC@?$AAE?$AAv?$AAe?$AAn?$AAt?$AAS?$AAi?$AAn?$AAk?$AA?3?$AA?3?$AAC?$AAr?$AAe?$AAa?$AAt?$AAe?$AAI?$AAn?$AAs?$AAt?$AAa?$AAn?$AAc?$AAe?$AA?$AA@ 100054f0     pimstorelib:poomperf.obj
 0001:00004524       ??_C@_1CO@DGHNGOBI@?$AAP?$AAo?$AAo?$AAm?$AAN?$AAo?$AAt?$AAi?$AAf?$AAy?$AA?3?$AA?3?$AAI?$AAn?$AAi?$AAt?$AAi?$AAa?$AAl?$AAi?$AAz?$AAe?$AA?$AA@ 10005524     pimstorelib:poomperf.obj
 0001:00004554       ??_C@_1DG@EEMNMMMO@?$AAP?$AAo?$AAo?$AAm?$AAN?$AAo?$AAt?$AAi?$AAf?$AAy?$AA?3?$AA?3?$AAC?$AAr?$AAe?$AAa?$AAt?$AAe?$AAI?$AAn?$AAs?$AAt?$AAa?$AAn?$AAc?$AAe?$AA?$AA@ 10005554     pimstorelib:poomperf.obj
 0001:0000458c       ??_C@_1DC@CFJDJNCG@?$AAO?$AAl?$AAA?$AAp?$AAp?$AA?3?$AA?3?$AAR?$AAe?$AAf?$AAr?$AAe?$AAs?$AAh?$AAR?$AAe?$AAc?$AAe?$AAn?$AAt?$AAL?$AAi?$AAs?$AAt?$AA?$AA@ 1000558c     pimstorelib:poomperf.obj
 0001:000045c0       ??_C@_1DC@CHDMJBOB@?$AAL?$AAo?$AAg?$AAo?$AAn?$AA?3?$AA?3?$AAG?$AAe?$AAt?$AAM?$AAo?$AAd?$AAu?$AAl?$AAe?$AAF?$AAi?$AAl?$AAe?$AAN?$AAa?$AAm?$AAe?$AA?$AA@ 100055c0     pimstorelib:poomperf.obj
 0001:000045f4       ??_C@_1DK@BOKCFDJF@?$AAP?$AAO?$AAO?$AAM?$AA?5?$AA?9?$AA?5?$AAI?$AAI?$AAt?$AAe?$AAm?$AA?3?$AA?3?$AAg?$AAe?$AAt?$AA_?$AAC?$AAa?$AAt?$AAe?$AAg?$AAo?$AAr?$AAi?$AAe?$AAs?$AA?$AA@ 100055f4     pimstorelib:poomperf.obj
 0001:00004630       ??_C@_1CM@GONKFFHF@?$AAP?$AAO?$AAO?$AAM?$AA?5?$AA?9?$AA?5?$AAD?$AAe?$AAl?$AAe?$AAt?$AAe?$AA?5?$AAc?$AAo?$AAn?$AAt?$AAa?$AAc?$AAt?$AA?$AA@ 10005630     pimstorelib:poomperf.obj
 0001:0000465c       ??_C@_1CI@OFLDEKNG@?$AAP?$AAO?$AAO?$AAM?$AA?5?$AA?9?$AA?5?$AAT?$AAa?$AAs?$AAk?$AA?5?$AAD?$AAi?$AAs?$AAp?$AAl?$AAa?$AAy?$AA?$AA@ 1000565c     pimstorelib:poomperf.obj
 0001:00004684       ??_C@_1CG@IEJKAKBP@?$AAP?$AAO?$AAO?$AAM?$AA?5?$AA?9?$AA?5?$AAD?$AAe?$AAl?$AAe?$AAt?$AAe?$AA?5?$AAt?$AAa?$AAs?$AAk?$AA?$AA@ 10005684     pimstorelib:poomperf.obj
 0001:000046ac       ??_C@_1DE@CILOGJFB@?$AAP?$AAO?$AAO?$AAM?$AA?5?$AA?9?$AA?5?$AAD?$AAe?$AAl?$AAe?$AAt?$AAe?$AA?5?$AAa?$AAp?$AAp?$AAo?$AAi?$AAn?$AAt?$AAm?$AAe?$AAn?$AAt?$AA?$AA@ 100056ac     pimstorelib:poomperf.obj
 0001:000046e0       ??_C@_1DA@EHLAKFAB@?$AAP?$AAO?$AAO?$AAM?$AA?5?$AA?9?$AA?5?$AAO?$AAp?$AAe?$AAn?$AA?5?$AAa?$AAp?$AAp?$AAo?$AAi?$AAn?$AAt?$AAm?$AAe?$AAn?$AAt?$AA?$AA@ 100056e0     pimstorelib:poomperf.obj
 0001:00004710       ??_C@_1DC@BEPCBPLC@?$AAP?$AAO?$AAO?$AAM?$AA?5?$AA?9?$AA?5?$AAC?$AAl?$AAo?$AAs?$AAe?$AA?5?$AAa?$AAp?$AAp?$AAo?$AAi?$AAn?$AAt?$AAm?$AAe?$AAn?$AAt?$AA?$AA@ 10005710     pimstorelib:poomperf.obj
 0001:00004744       ??_C@_1CC@FGCNFJHM@?$AAP?$AAO?$AAO?$AAM?$AA?5?$AA?9?$AA?5?$AAG?$AAe?$AAt?$AA?5?$AAC?$AAo?$AAu?$AAn?$AAt?$AA?$AA@ 10005744     pimstorelib:poomperf.obj
 0001:00004768       ??_C@_1DE@GBIJPNJJ@?$AAP?$AAO?$AAO?$AAM?$AA?5?$AA?9?$AA?5?$AAA?$AAt?$AAt?$AAe?$AAn?$AAd?$AAe?$AAe?$AAs?$AA?5?$AAD?$AAr?$AAa?$AAw?$AAI?$AAt?$AAe?$AAm?$AA?$AA@ 10005768     pimstorelib:poomperf.obj
 0001:0000479c       ??_C@_1CM@GAGOHHFN@?$AAP?$AAO?$AAO?$AAM?$AA?5?$AA?9?$AA?5?$AAA?$AAt?$AAt?$AAe?$AAn?$AAd?$AAe?$AAe?$AAs?$AA?5?$AAI?$AAn?$AAi?$AAt?$AA?$AA@ 1000579c     pimstorelib:poomperf.obj
 0001:000047c8       ??_C@_1BI@JPNDFIDH@?$AAP?$AAO?$AAO?$AAM?$AA?5?$AA?9?$AA?5?$AAS?$AAo?$AAr?$AAt?$AA?$AA@ 100057c8     pimstorelib:poomperf.obj
 0001:000047e0       ??_C@_1CA@IJAFGKEF@?$AAP?$AAO?$AAO?$AAM?$AA?5?$AA?9?$AA?5?$AAR?$AAe?$AAs?$AAt?$AAr?$AAi?$AAc?$AAt?$AA?$AA@ 100057e0     pimstorelib:poomperf.obj
 0001:00004800       ??_C@_1CC@DBAINMJD@?$AAP?$AAO?$AAO?$AAM?$AA?5?$AA?9?$AA?5?$AAS?$AAa?$AAv?$AAe?$AA?5?$AAT?$AAa?$AAs?$AAk?$AA?$AA@ 10005800     pimstorelib:poomperf.obj
 0001:00004824       ??_C@_1CI@NFMBBOPL@?$AAP?$AAO?$AAO?$AAM?$AA?5?$AA?9?$AA?5?$AAS?$AAa?$AAv?$AAe?$AA?5?$AAC?$AAo?$AAn?$AAt?$AAa?$AAc?$AAt?$AA?$AA@ 10005824     pimstorelib:poomperf.obj
 0001:0000484c       ??_C@_1DK@JIACDGAH@?$AAP?$AAO?$AAO?$AAM?$AA?5?$AA?9?$AA?5?$AAS?$AAi?$AAm?$AAC?$AAn?$AAc?$AAt?$AA?3?$AAW?$AAa?$AAi?$AAt?$AAP?$AAB?$AAE?$AAs?$AAt?$AAo?$AAr?$AAe?$AAd?$AA?$AA@ 1000584c     pimstorelib:poomperf.obj
 0001:00004888       ??_C@_1DC@MFAHCOMB@?$AAP?$AAO?$AAO?$AAM?$AA?5?$AA?9?$AA?5?$AAS?$AAi?$AAm?$AAC?$AAn?$AAc?$AAt?$AA?3?$AAS?$AAp?$AAb?$AAe?$AAW?$AAr?$AAi?$AAt?$AAe?$AA?$AA@ 10005888     pimstorelib:poomperf.obj
 0001:000048bc       ??_C@_1DG@GHCNPCPO@?$AAP?$AAO?$AAO?$AAM?$AA?5?$AA?9?$AA?5?$AAS?$AAi?$AAm?$AAC?$AAn?$AAc?$AAt?$AA?3?$AAS?$AAp?$AAb?$AAe?$AAP?$AAr?$AAe?$AAp?$AAa?$AAr?$AAe?$AA?$AA@ 100058bc     pimstorelib:poomperf.obj
 0001:000048f4       ??_C@_1DI@PLDCCJBI@?$AAP?$AAO?$AAO?$AAM?$AA?5?$AA?9?$AA?5?$AAS?$AAi?$AAm?$AAC?$AAn?$AAc?$AAt?$AA?3?$AAW?$AAr?$AAi?$AAt?$AAe?$AAN?$AAe?$AAw?$AAS?$AAP?$AAB?$AAE?$AA?$AA@ 100058f4     pimstorelib:poomperf.obj
 0001:0000492c       ??_C@_1DK@MNJPOKPJ@?$AAP?$AAO?$AAO?$AAM?$AA?5?$AA?9?$AA?5?$AAS?$AAi?$AAm?$AAC?$AAn?$AAc?$AAt?$AA?3?$AAS?$AAi?$AAm?$AAI?$AAn?$AAi?$AAt?$AAi?$AAa?$AAl?$AAi?$AAz?$AAe?$AA?$AA@ 1000592c     pimstorelib:poomperf.obj
 0001:00004968       ??_C@_1CO@KIMJCBGF@?$AAP?$AAO?$AAO?$AAM?$AA?5?$AA?9?$AA?5?$AAS?$AAi?$AAm?$AAC?$AAn?$AAc?$AAt?$AA?3?$AAS?$AAi?$AAm?$AAS?$AAa?$AAv?$AAe?$AA?$AA@ 10005968     pimstorelib:poomperf.obj
 0001:00004998       ??_C@_1DA@JMBKBNJG@?$AAP?$AAO?$AAO?$AAM?$AA?5?$AA?9?$AA?5?$AAS?$AAi?$AAm?$AAC?$AAn?$AAc?$AAt?$AA?3?$AAS?$AAp?$AAb?$AAe?$AAR?$AAe?$AAa?$AAd?$AA?$AA@ 10005998     pimstorelib:poomperf.obj
 0001:000049c8       ??_C@_1DM@JKGPOACA@?$AAP?$AAO?$AAO?$AAM?$AA?5?$AA?9?$AA?5?$AAS?$AAi?$AAm?$AAC?$AAn?$AAc?$AAt?$AA?3?$AAI?$AAm?$AAp?$AAr?$AAt?$AAS?$AAI?$AAM?$AAC?$AAn?$AAt?$AAc?$AAt?$AAs?$AA?$AA@ 100059c8     pimstorelib:poomperf.obj
 0001:00004a04       ??_C@_1CA@ILDFDFLF@?$AAP?$AAO?$AAO?$AAM?$AA?5?$AA?9?$AA?5?$AAG?$AAe?$AAt?$AA?5?$AAP?$AAr?$AAo?$AAp?$AA?$AA@ 10005a04     pimstorelib:poomperf.obj
 0001:00004a24       ??_C@_1CA@KODOLOKL@?$AAP?$AAO?$AAO?$AAM?$AA?5?$AA?9?$AA?5?$AAS?$AAe?$AAt?$AA?5?$AAP?$AAr?$AAo?$AAp?$AA?$AA@ 10005a24     pimstorelib:poomperf.obj
 0001:00004a44       ??_C@_1CC@CIDLFPDE@?$AAP?$AAO?$AAO?$AAM?$AA?5?$AA?9?$AA?5?$AAS?$AAe?$AAe?$AAk?$AA?5?$AAI?$AAt?$AAe?$AAm?$AA?$AA@ 10005a44     pimstorelib:poomperf.obj
 0001:00004a68       ??_C@_1DA@CGAFBEGH@?$AAP?$AAO?$AAO?$AAM?$AA?5?$AA?9?$AA?5?$AAS?$AAa?$AAv?$AAe?$AA?5?$AAA?$AAp?$AAp?$AAo?$AAi?$AAn?$AAt?$AAm?$AAe?$AAn?$AAt?$AA?$AA@ 10005a68     pimstorelib:poomperf.obj
 0001:00004a98       ??_C@_1CG@NNCIICIC@?$AAP?$AAO?$AAO?$AAM?$AA?5?$AA?9?$AA?5?$AAD?$AAe?$AAl?$AAe?$AAt?$AAe?$AA?5?$AAI?$AAt?$AAe?$AAm?$AA?$AA@ 10005a98     pimstorelib:poomperf.obj
 0001:00004ac0       ??_C@_1DA@BNHKAMMG@?$AAP?$AAO?$AAO?$AAM?$AA?5?$AA?9?$AA?5?$AAC?$AAI?$AAt?$AAe?$AAm?$AAs?$AA?3?$AA?3?$AAS?$AAe?$AAt?$AAP?$AAr?$AAo?$AAp?$AAs?$AA?$AA@ 10005ac0     pimstorelib:poomperf.obj
 0001:00004af0       ??_C@_1DA@DIHBIHNI@?$AAP?$AAO?$AAO?$AAM?$AA?5?$AA?9?$AA?5?$AAC?$AAI?$AAt?$AAe?$AAm?$AAs?$AA?3?$AA?3?$AAG?$AAe?$AAt?$AAP?$AAr?$AAo?$AAp?$AAs?$AA?$AA@ 10005af0     pimstorelib:poomperf.obj
 0001:00004b20       ??_C@_1DA@EBCAMNNH@?$AAP?$AAO?$AAO?$AAM?$AA?5?$AA?9?$AA?5?$AAC?$AAI?$AAt?$AAe?$AAm?$AAs?$AA?3?$AA?3?$AAF?$AAi?$AAn?$AAd?$AAN?$AAe?$AAx?$AAt?$AA?$AA@ 10005b20     pimstorelib:poomperf.obj
 0001:00004b50       ??_C@_1BI@LMDGIOGD@?$AAP?$AAO?$AAO?$AAM?$AA?5?$AA?9?$AA?5?$AAF?$AAi?$AAn?$AAd?$AA?$AA@ 10005b50     pimstorelib:poomperf.obj
 0001:00004b68       ??_C@_1CG@NJFEFCAL@?$AAP?$AAO?$AAO?$AAM?$AA?5?$AA?9?$AA?5?$AAC?$AAI?$AAt?$AAe?$AAm?$AAs?$AA?3?$AA?3?$AAA?$AAd?$AAd?$AA?$AA@ 10005b68     pimstorelib:poomperf.obj
 0001:00004b90       ??_C@_1DA@BMNDGBBI@?$AAP?$AAO?$AAO?$AAM?$AA?5?$AA?9?$AA?5?$AAF?$AAl?$AAd?$AAr?$AAC?$AAo?$AAl?$AAl?$AAc?$AAt?$AA?3?$AA?3?$AAS?$AAo?$AAr?$AAt?$AA?$AA@ 10005b90     pimstorelib:poomperf.obj
 0001:00004bc0       ??_C@_1DI@GCOODAHM@?$AAP?$AAO?$AAO?$AAM?$AA?5?$AA?9?$AA?5?$AAF?$AAl?$AAd?$AAr?$AAC?$AAo?$AAl?$AAl?$AAc?$AAt?$AA?3?$AA?3?$AAR?$AAe?$AAs?$AAt?$AAr?$AAi?$AAc?$AAt?$AA?$AA@ 10005bc0     pimstorelib:poomperf.obj
 0001:00004bf8       ??_C@_1DK@KOLJPAII@?$AAP?$AAO?$AAO?$AAM?$AA?5?$AA?9?$AA?5?$AAF?$AAl?$AAd?$AAr?$AAC?$AAo?$AAl?$AAl?$AAc?$AAt?$AA?3?$AA?3?$AAG?$AAe?$AAt?$AAF?$AAo?$AAl?$AAd?$AAe?$AAr?$AA?$AA@ 10005bf8     pimstorelib:poomperf.obj
 0001:00004c34       ??_C@_1DI@HBOGEMMA@?$AAP?$AAO?$AAO?$AAM?$AA?5?$AA?9?$AA?5?$AAF?$AAl?$AAd?$AAr?$AAC?$AAo?$AAl?$AAl?$AAc?$AAt?$AA?3?$AA?3?$AAF?$AAi?$AAn?$AAd?$AAN?$AAe?$AAx?$AAt?$AA?$AA@ 10005c34     pimstorelib:poomperf.obj
 0001:00004c6c       ??_C@_1DA@DPDGLHEM@?$AAP?$AAO?$AAO?$AAM?$AA?5?$AA?9?$AA?5?$AAF?$AAl?$AAd?$AAr?$AAC?$AAo?$AAl?$AAl?$AAc?$AAt?$AA?3?$AA?3?$AAF?$AAi?$AAn?$AAd?$AA?$AA@ 10005c6c     pimstorelib:poomperf.obj
 0001:00004c9c       ??_C@_1DO@KAGADDCJ@?$AAP?$AAO?$AAO?$AAM?$AA?5?$AA?9?$AA?5?$AAF?$AAl?$AAd?$AAr?$AAC?$AAo?$AAl?$AAl?$AAc?$AAt?$AA?3?$AA?3?$AAg?$AAe?$AAt?$AA_?$AA_?$AAN?$AAe?$AAw?$AAE?$AAn?$AAm?$AA?$AA@ 10005c9c     pimstorelib:poomperf.obj
 0001:00004cdc       ??_C@_1DK@HFBANAHP@?$AAP?$AAO?$AAO?$AAM?$AA?5?$AA?9?$AA?5?$AAF?$AAl?$AAd?$AAr?$AAC?$AAo?$AAl?$AAl?$AAc?$AAt?$AA?3?$AA?3?$AAg?$AAe?$AAt?$AA_?$AAC?$AAo?$AAu?$AAn?$AAt?$AA?$AA@ 10005cdc     pimstorelib:poomperf.obj
 0001:00004d18       ??_C@_1CG@CKMFFNNM@?$AAF?$AAl?$AAd?$AAr?$AA?3?$AAS?$AAa?$AAv?$AAe?$AA?3?$AAS?$AAa?$AAv?$AAe?$AAI?$AAt?$AAe?$AAm?$AA?$AA@ 10005d18     pimstorelib:poomperf.obj
 0001:00004d40       ??_C@_1CM@EMFKIAOF@?$AAF?$AAl?$AAd?$AAr?$AA?3?$AAS?$AAa?$AAv?$AAe?$AA?3?$AAS?$AAe?$AAt?$AAP?$AAr?$AAo?$AAp?$AAV?$AAa?$AAl?$AAs?$AA?$AA@ 10005d40     pimstorelib:poomperf.obj
 0001:00004d6c       ??_C@_1CG@DCIFFJDB@?$AAP?$AAO?$AAO?$AAM?$AA?5?$AA?9?$AA?5?$AAC?$AAF?$AAl?$AAd?$AAr?$AA?3?$AA?3?$AAS?$AAa?$AAv?$AAe?$AA?$AA@ 10005d6c     pimstorelib:poomperf.obj
 0001:00004d94       ??_C@_1CK@JGHEDGB@?$AAP?$AAO?$AAO?$AAM?$AA?5?$AA?9?$AA?5?$AAC?$AAF?$AAl?$AAd?$AAr?$AA?3?$AA?3?$AAD?$AAe?$AAl?$AAe?$AAt?$AAe?$AA?$AA@ 10005d94     pimstorelib:poomperf.obj
[...]
 0003:00000444       __imp_?SpbeSafeGetEmailCount@@YAKPAUsimphonebookentryex_tag@@K@Z 10077444     pimutil:PIMUTIL.dll
 0003:00000448       __imp_?SpbeSafeGetEmail@@YAPAGPAUsimphonebookentryex_tag@@K@Z 10077448     pimutil:PIMUTIL.dll
 0003:0000044c       __imp_AreAppointmentsEqual 1007744c     pimutil:PIMUTIL.dll
 0003:00000450       __imp_?GetSimPosForPoomPhoneNumber@@YAJPAUIPOutlookApp2@@KPAUIItem@@PAK@Z 10077450     pimutil:PIMUTIL.dll
 0003:00000454       \177PIMUTIL_NULL_THUNK_DATA 10077454     pimutil:PIMUTIL.dll
 0003:00000458       __imp_IUnknown_AddRef_Proxy 10077458     rpcrt4legacy:RPCRT4LEGACY.dll
 0003:0000045c       __imp_NdrDllGetClassObject 1007745c     rpcrt4legacy:RPCRT4LEGACY.dll
 0003:00000460       __imp_NdrCStdStubBuffer_Release 10077460     rpcrt4legacy:RPCRT4LEGACY.dll
 0003:00000464       __imp_NdrCStdStubBuffer2_Release 10077464     rpcrt4legacy:RPCRT4LEGACY.dll
 0003:00000468       __imp_NdrOleFree           10077468     rpcrt4legacy:RPCRT4LEGACY.dll
 0003:0000046c       __imp_NdrOleAllocate       1007746c     rpcrt4legacy:RPCRT4LEGACY.dll
 0003:00000470       __imp_CStdStubBuffer_DebugServerRelease 10077470     rpcrt4legacy:RPCRT4LEGACY.dll
 0003:00000474       __imp_CStdStubBuffer_DebugServerQueryInterface 10077474     rpcrt4legacy:RPCRT4LEGACY.dll
 0003:00000478       __imp_CStdStubBuffer_CountRefs 10077478     rpcrt4legacy:RPCRT4LEGACY.dll
 0003:0000047c       __imp_CStdStubBuffer_IsIIDSupported 1007747c     rpcrt4legacy:RPCRT4LEGACY.dll
 0003:00000480       __imp_CStdStubBuffer_Invoke 10077480     rpcrt4legacy:RPCRT4LEGACY.dll
 0003:00000484       __imp_CStdStubBuffer_Disconnect 10077484     rpcrt4legacy:RPCRT4LEGACY.dll
 0003:00000488       __imp_CStdStubBuffer_Connect 10077488     rpcrt4legacy:RPCRT4LEGACY.dll
 0003:0000048c       __imp_CStdStubBuffer_AddRef 1007748c     rpcrt4legacy:RPCRT4LEGACY.dll
 0003:00000490       __imp_CStdStubBuffer_QueryInterface 10077490     rpcrt4legacy:RPCRT4LEGACY.dll
 0003:00000494       __imp_NdrStubForwardingFunction 10077494     rpcrt4legacy:RPCRT4LEGACY.dll
 0003:00000498       __imp_NdrStubCall2         10077498     rpcrt4legacy:RPCRT4LEGACY.dll
 0003:0000049c       __imp_IUnknown_Release_Proxy 1007749c     rpcrt4legacy:RPCRT4LEGACY.dll
 0003:000004a0       __imp_NdrDllCanUnloadNow   100774a0     rpcrt4legacy:RPCRT4LEGACY.dll
 0003:000004a4       __imp_IUnknown_QueryInterface_Proxy 100774a4     rpcrt4legacy:RPCRT4LEGACY.dll
 0003:000004a8       \177RPCRT4LEGACY_NULL_THUNK_DATA 100774a8     rpcrt4legacy:RPCRT4LEGACY.dll
 0003:000004ac       __imp_CoTaskMemFree        100774ac     ole32:ole32.dll
 0003:000004b0       __imp_CoTaskMemAlloc       100774b0     ole32:ole32.dll
 0003:000004b4       __imp_CoTaskMemRealloc     100774b4     ole32:ole32.dll
 0003:000004b8       __imp_CoCreateInstance     100774b8     ole32:ole32.dll
 0003:000004bc       \177ole32_NULL_THUNK_DATA  100774bc     ole32:ole32.dll
 0003:000004c0       __imp_GetCchTailMin        100774c0     ossvcs:ossvcs.dll
 0003:000004c4       __imp_?CopyPropValue@@YAJPBU_CEPROPVAL@@PAU1@KPAPAX@Z 100774c4     ossvcs:ossvcs.dll
 0003:000004c8       __imp_?ComparePropVals@@YAHKPBU_CEPROPVAL@@0@Z 100774c8     ossvcs:ossvcs.dll
 0003:000004cc       __imp_BinaryToHexString    100774cc     ossvcs:ossvcs.dll
 0003:000004d0       __imp_HexStringToBinary    100774d0     ossvcs:ossvcs.dll
 0003:000004d4       __imp_?GetPropMemSize@@YAIPBU_CEPROPVAL@@@Z 100774d4     ossvcs:ossvcs.dll
 0003:000004d8       __imp_UMul                 100774d8     ossvcs:ossvcs.dll
 0003:000004dc       __imp_GetValidSimPhoneNumberAndAddressType 100774dc     ossvcs:ossvcs.dll
 0003:000004e0       __imp_SAdd                 100774e0     ossvcs:ossvcs.dll
 0003:000004e4       __imp_?SafeLPWSTR@@YAPBGPBU_CEPROPVAL@@@Z 100774e4     ossvcs:ossvcs.dll
 0003:000004e8       __imp_?DuplicateCEPROPVALArray@@YAJPBU_CEPROPVAL@@IIPAPAU1@@Z 100774e8     ossvcs:ossvcs.dll
 0003:000004ec       __imp_AddPlusToIntlEntries 100774ec     ossvcs:ossvcs.dll
 0003:000004f0       \177ossvcs_NULL_THUNK_DATA 100774f0     ossvcs:ossvcs.dll
 0003:000004f4       __imp_SimDeinitialize      100774f4     SIM:sim.dll
 0003:000004f8       __imp_SimInitialize        100774f8     SIM:sim.dll
 0003:000004fc       \177sim_NULL_THUNK_DATA    100774fc     SIM:sim.dll
 0003:00000500       ?g_rgCalstorePerfMarkers@@3PAU_CEPERF_BASIC_ITEM_DESCRIPTOR@@A 10077500     calstorelib:csperf.obj
 0003:00000cb0       ?g_poom_cleanup@@3VGlobalCleanup@@A 10077cb0     pimstorelib:PoomGlobals.obj
 0003:00000cd4       ?_tih@?$IDispatchImpl@VIPimConfigurationManager_Priv@@$1?IID_IPimConfigurationManager@@3U_GUID@@B$1?m_libid@CAtlModule@ATL@@2U_GUID@@A$00$0A@VCComTypeInfoHolder@ATL@@@ATL@@1VCComTypeInfoHolder@2@A 10077cd4     pimstorelib:factory.obj
 0003:00000cf0       ?s_dwSimContactCaps@PhonebookAssimilator@@0KA 10077cf0     pimstorelib:PhBookAssimilator.obj
 0003:00000cf4       ?s_cMaxAddressArraySize@PhonebookAssimilator@@0KA 10077cf4     pimstorelib:PhBookAssimilator.obj
 0003:00000cf8       ?s_SimPhonebookCaps@PhonebookAssimilator@@0Usimphonebookcaps_tag@@A 10077cf8     pimstorelib:PhBookAssimilator.obj
 0003:00000d44       ?s_cMaxTextArraySize@PhonebookAssimilator@@0KA 10077d44     pimstorelib:PhBookAssimilator.obj
 0003:00000d48       ?s_cMaxEmailAddressArraySize@PhonebookAssimilator@@0KA 10077d48     pimstorelib:PhBookAssimilator.obj
 0003:00000d4c       ?s_cMaxSecondNameArraySize@PhonebookAssimilator@@0KA 10077d4c     pimstorelib:PhBookAssimilator.obj
 0003:00000d50       ?g_rgPoomPerfItems@@3PAU_CEPERF_BASIC_ITEM_DESCRIPTOR@@A 10077d50     pimstorelib:poomperf.obj
 0003:00001980       ?c_rgszDB@@3PAPBGA         10078980     pimstorelib:polapp.obj
 0003:00001994       ?c_rgMailStreamPropId@@3PAKA 10078994     pimstorelib:Mail.obj
 0003:000019a4       ?c_rgStreamPropId@@3PAKA   100789a4     pimstorelib:item.obj
 0003:000019b0       ?g_rgContactsPerfMarkers@@3PAU_CEPERF_BASIC_ITEM_DESCRIPTOR@@A 100789b0     pimstorelib:ContactsPerf.obj
 0003:000019c0       ?g_hContactsPerfSession@@3PAXA 100789c0     pimstorelib:ContactsPerf.obj
 0003:000019c4       ?g_rgnStringIDs@@3PAIA     100789c4     pimstorelib:poomplug.obj
 0003:000019c8       ?s_ItemMask@?1??GetItemTypeMask@@YAKW4US_ITEMTYPE@@@Z@4PAW4US_ITEMMASK@@A 100789c8     pimstorelib:StorePoom.obj
 0003:000019e0       ?s_rgdwTasksSortPropID@?1??GetDefaultSortOrder@?$CUSOIDList@VSortedArrayItem@@UArrayItemData@@@@KAJW4OlItemType@@PAKPAPAKPAPAF@Z@4PAKA 100789e0     pimstorelib:OidCollection.obj
 0003:000019ec       ?s_rgfTasksSortDescending@?1??GetDefaultSortOrder@?$CUSOIDList@VSortedArrayItem@@UArrayItemData@@@@KAJW4OlItemType@@PAKPAPAKPAPAF@Z@4PAFA 100789ec     pimstorelib:OidCollection.obj
 0003:000019f4       aProxyFileList             100789f4     pimstoreuuid:pimproxy.obj
 0003:00001a2c       _IItemIteratorProxyVtbl    10078a2c     pimstoreuuid:pimstore_priv_p.obj
 0003:00001a58       _IRestrictionProxyVtbl     10078a58     pimstoreuuid:pimstore_priv_p.obj
 0003:00001a9c       _ICollectionProxyVtbl      10078a9c     pimstoreuuid:pimstore_priv_p.obj
 0003:00001acc       _IStoreIteratorProxyVtbl   10078acc     pimstoreuuid:pimstore_priv_p.obj
 0003:00001af0       _IRecipientIteratorProxyVtbl 10078af0     pimstoreuuid:pimstore_priv_p.obj
 0003:00001b14       _IPOutlookAppPrivProxyVtbl 10078b14     pimstoreuuid:pimstore_priv_p.obj
 0003:00001b30       _IContactPrivateProxyVtbl  10078b30     pimstoreuuid:pimstore_priv_p.obj
 0003:00001b5c       _IChangeEventSinkProxyVtbl 10078b5c     pimstoreuuid:pimstore_p.obj
 0003:00001b74       _ICustomEventSinkProxyVtbl 10078b74     pimstoreuuid:pimstore_p.obj
 0003:00001b8c       _IExceptionProxyVtbl       10078b8c     pimstoreuuid:pimstore_p.obj
 0003:00001bc0       _IExceptionStubVtbl        10078bc0     pimstoreuuid:pimstore_p.obj
 0003:00001bf8       _IExceptionsProxyVtbl      10078bf8     pimstoreuuid:pimstore_p.obj
 0003:00001c2c       _IExceptionsStubVtbl       10078c2c     pimstoreuuid:pimstore_p.obj
 0003:00001c64       _IRecipientProxyVtbl       10078c64     pimstoreuuid:pimstore_p.obj
 0003:00001c98       _ITimeZoneProxyVtbl        10078c98     pimstoreuuid:pimstore_p.obj
 0003:00001d00       _ITimeZoneStubVtbl         10078d00     pimstoreuuid:pimstore_p.obj
 0003:00001d38       _IRecurrencePatternProxyVtbl 10078d38     pimstoreuuid:pimstore_p.obj
 0003:00001dd0       _IRecurrencePatternStubVtbl 10078dd0     pimstoreuuid:pimstore_p.obj
 0003:00001e08       _IRecurrencePattern2ProxyVtbl 10078e08     pimstoreuuid:pimstore_p.obj
 0003:00001ea4       _IRecurrencePattern2StubVtbl 10078ea4     pimstoreuuid:pimstore_p.obj
 0003:00001edc       _IRecipientStubVtbl        10078edc     pimstoreuuid:pimstore_p.obj
 0003:00001f14       _IPOlRecipientProxyVtbl    10078f14     pimstoreuuid:pimstore_p.obj
 0003:00001f4c       _IPOlRecipientStubVtbl     10078f4c     pimstoreuuid:pimstore_p.obj
 0003:00001f84       _IRecipientsProxyVtbl      10078f84     pimstoreuuid:pimstore_p.obj
 0003:00001fc0       _IRecipient2ProxyVtbl      10078fc0     pimstoreuuid:pimstore_p.obj
 0003:00002008       _IRecipient2StubVtbl       10079008     pimstoreuuid:pimstore_p.obj
 0003:00002040       _IRecipientsStubVtbl       10079040     pimstoreuuid:pimstore_p.obj
 0003:00002078       _IRecipients2ProxyVtbl     10079078     pimstoreuuid:pimstore_p.obj
 0003:000020a4       _IFolderProxyVtbl          100790a4     pimstoreuuid:pimstore_p.obj
 0003:000020e0       _IPOutlookItemCollectionProxyVtbl 100790e0     pimstoreuuid:pimstore_p.obj
 0003:00002134       _IPOutlookItemCollectionStubVtbl 10079134     pimstoreuuid:pimstore_p.obj
 0003:0000216c       _IPOutlookRecipientCollectionProxyVtbl 1007916c     pimstoreuuid:pimstore_p.obj
 0003:00002190       _IPOutlookItemCollection2ProxyVtbl 10079190     pimstoreuuid:pimstore_p.obj
 0003:000021e4       _IPOutlookItemCollection2StubVtbl 100791e4     pimstoreuuid:pimstore_p.obj
 0003:00002220       _IPOutlookFolderCollectionProxyVtbl 10079220     pimstoreuuid:pimstore_p.obj
 0003:00002264       _IPOutlookFolderCollectionStubVtbl 10079264     pimstoreuuid:pimstore_p.obj
 0003:000022a0       _IPOutlookStoreCollectionProxyVtbl 100792a0     pimstoreuuid:pimstore_p.obj
 0003:000022e4       _IPOutlookStoreCollectionStubVtbl 100792e4     pimstoreuuid:pimstore_p.obj
 0003:00002320       _IPOlItemsProxyVtbl        10079320     pimstoreuuid:pimstore_p.obj
 0003:00002378       _IPOlItemsStubVtbl         10079378     pimstoreuuid:pimstore_p.obj
 0003:000023b0       _IContactProxyVtbl         100793b0     pimstoreuuid:pimstore_p.obj
 0003:00002584       _IContactStubVtbl          10079584     pimstoreuuid:pimstore_p.obj
 0003:000025c0       _IContact2ProxyVtbl        100795c0     pimstoreuuid:pimstore_p.obj
 0003:0000279c       _IContact2StubVtbl         1007979c     pimstoreuuid:pimstore_p.obj
 0003:000027d8       _ITaskProxyVtbl            100797d8     pimstoreuuid:pimstore_p.obj
 0003:00002898       _ITaskStubVtbl             10079898     pimstoreuuid:pimstore_p.obj
 0003:000028d0       _ITask2ProxyVtbl           100798d0     pimstoreuuid:pimstore_p.obj
 0003:00002998       _ITask2StubVtbl            10079998     pimstoreuuid:pimstore_p.obj
 0003:000029d0       _IAppointmentProxyVtbl     100799d0     pimstoreuuid:pimstore_p.obj
 0003:00002aa0       _IAppointmentStubVtbl      10079aa0     pimstoreuuid:pimstore_p.obj
 0003:00002ad8       _IAppointment2ProxyVtbl    10079ad8     pimstoreuuid:pimstore_p.obj
 0003:00002bf0       _IAppointment2StubVtbl     10079bf0     pimstoreuuid:pimstore_p.obj
 0003:00002c28       _ICityProxyVtbl            10079c28     pimstoreuuid:pimstore_p.obj
 0003:00002ca0       _ICityStubVtbl             10079ca0     pimstoreuuid:pimstore_p.obj
 0003:00002cd8       _IFolderStubVtbl           10079cd8     pimstoreuuid:pimstore_p.obj
 0003:00002d10       _IFolder2ProxyVtbl         10079d10     pimstoreuuid:pimstore_p.obj
 0003:00002d78       _IFolder2StubVtbl          10079d78     pimstoreuuid:pimstore_p.obj
 0003:00002db0       _IPOutlookAppProxyVtbl     10079db0     pimstoreuuid:pimstore_p.obj
 0003:00002e24       _IPOutlookAppStubVtbl      10079e24     pimstoreuuid:pimstore_p.obj
 0003:00002e60       _IPOutlookApp2ProxyVtbl    10079e60     pimstoreuuid:pimstore_p.obj
 0003:00002edc       _IPOutlookApp2StubVtbl     10079edc     pimstoreuuid:pimstore_p.obj
 0003:00002f18       _IPOutlookApp3ProxyVtbl    10079f18     pimstoreuuid:pimstore_p.obj
 0003:00002f74       _IPOutlookApp3StubVtbl     10079f74     pimstoreuuid:pimstore_p.obj
 0003:00002fb0       _IStoreProxyVtbl           10079fb0     pimstoreuuid:pimstore_p.obj
 0003:00003018       _IStoreStubVtbl            1007a018     pimstoreuuid:pimstore_p.obj
 0003:00003050       _IItemProxyVtbl            1007a050     pimstoreuuid:pimstore_p.obj
 0003:000030a0       _IItem2ProxyVtbl           1007a0a0     pimstoreuuid:pimstore_p.obj
 0003:000030f8       _IRecipient3ProxyVtbl      1007a0f8     pimstoreuuid:pimstore_p.obj
 0003:00003130       _IPOlItems2ProxyVtbl       1007a130     pimstoreuuid:pimstore_p.obj
 0003:0000318c       _IPOlItems2StubVtbl        1007a18c     pimstoreuuid:pimstore_p.obj
 0003:000031c4       ?g_rgTpcutilPerfItems@@3PAU_CEPERF_BASIC_ITEM_DESCRIPTOR@@A 1007a1c4     PerfMarker:perfmarker.obj
 0003:000031e4       ?CASSERT@@3HA              1007a1e4     PerfMarker:perfmarker.obj
 0003:000031e8       _pRawDllMain               1007a1e8     atls:atlbase.obj
 0003:000031ec       __security_cookie          1007a1ec     corelib0:seccinit.obj
 0003:000031f0       __security_cookie_complement 1007a1f0     corelib0:seccinit.obj
 0003:00003200       ?g_hInstRes@@3PAUHINSTANCE__@@A 1007a200     dllmain.obj
 0003:00003204       pCePerfInternal            1007a204     dllmain.obj
 0003:00003208       ?g_hInst@@3PAUHINSTANCE__@@A 1007a208     dllmain.obj
 0003:0000320c       g_HIDPI_LogPixelsY         1007a20c     dllmain.obj
 0003:00003210       g_HIDPI_LogPixelsX         1007a210     dllmain.obj
 0003:00003214       ?g_cComponents@@3JA        1007a214     dllmain.obj
 0003:00003218       ?g_cServerLocks@@3JA       1007a218     dllmain.obj
 0003:0000321c       ?_Module@@3VCComModule@ATL@@A 1007a21c     dllmain.obj
 0003:00003248       ?m_bInitFailed@CAtlBaseModule@ATL@@2_NA 1007a248     dllmain.obj
 0003:00003249       ?_AtlRegisterPerUser@ATL@@3_NA 1007a249     dllmain.obj
 0003:0000324c       ?_pAtlModule@ATL@@3PAVCAtlModule@1@A 1007a24c     dllmain.obj
 0003:00003250       ?m_libid@CAtlModule@ATL@@2U_GUID@@A 1007a250     dllmain.obj
 0003:00003260       ?_pModule@ATL@@3PAVCComModule@1@A 1007a260     dllmain.obj
 0003:00003264       ??_B?1??VTFromRegType@CRegParser@ATL@@KAHPBGAAG@Z@51 1007a264     dllmain.obj
 0003:00003268       ?map@?1??VTFromRegType@CRegParser@ATL@@KAHPBGAAG@Z@4QBUtypemap@?1??123@KAH01@Z@B 1007a268     dllmain.obj
 0003:00003288       ?g_hinstTMailUtl@@3PAUHINSTANCE__@@A 1007a288     DllLoadCmn.obj
 0003:0000329c       __@@_PchSym_@00@UygUDBFDUkirezgvUzkkhUlfgollpUhszivwUxzohglivUxnmxlivUlyqUzineHUivgzroUkivxlnkOlyq@calstorelib 1007a29c     calstorelib:precomp.obj
 0003:000032a0       ??_B?1??get_lock@?$singleton@V?$free_list@$0GE@Vallocator@ce@@@ce@@$03V?$static_allocator@V?$free_list@$0GE@Vallocator@ce@@@ce@@$03@2@@ce@@KAAAVcritical_section@2@XZ@51 1007a2a0     calstorelib:precomp.obj
 0003:000032a4       ?cs@?1??get_lock@?$singleton@V?$free_list@$0GE@Vallocator@ce@@@ce@@$03V?$static_allocator@V?$free_list@$0GE@Vallocator@ce@@@ce@@$03@2@@ce@@KAAAVcritical_section@3@XZ@4V43@A 1007a2a4     calstorelib:precomp.obj
 0003:000032b8       ?_factory@?$singleton@V?$free_list@$0GE@Vallocator@ce@@@ce@@$03V?$static_allocator@V?$free_list@$0GE@Vallocator@ce@@@ce@@$03@2@@ce@@1Ulock_factory@12@A 1007a2b8     calstorelib:precomp.obj
 0003:000032ec       ?g_hSqmSessionPIM@@3KA     1007a2ec     pimstorelib:pimstoresqm.obj
 0003:000032f0       ?g_csSqm@?A0xdf4121a8@@3VSaferCriticalSection@@A 1007a2f0     pimstorelib:pimstoresqm.obj
 0003:00003304       ?s_dwNewSimRecordIndex@PhonebookAssimilator@@0KA 1007a304     pimstorelib:PhBookAssimilator.obj
 0003:00003308       ?g_hPerfSession@@3PAXA     1007a308     pimstorelib:poomperf.obj
 0003:0000330c       ?g_dwRefCountPerfSession@@3JA 1007a30c     pimstorelib:poomperf.obj
 0003:00003310       __@@_PchSym_@00@UygUDBFDUkirezgvUzkkhUlfgollpUhszivwUkrnhglivUdkxUxnmxlivUlyqUzineHUivgzroUkivxlnkOlyq@pimstorelib 1007a310     pimstorelib:precomp.obj
 0003:00003314       ?g_pUSStoreManager@@3PAUIUSStoreManager@@A 1007a314     pimstorelib:polapp.obj
 0003:0000332c       ?g_dwNotifFlags@@3KA       1007a32c     pimstorelib:PoomNotifications.obj
 0003:00003330       gPFactory                  1007a330     pimstoreuuid:pimproxy.obj
 0003:00003340       hProxyDll                  1007a340     pimstoreuuid:pimproxy.obj
 0003:00003404       ?g_pcsLock@@3PAUCRITICAL_SECTION@@A 1007a404     sqmproxy:sqmproxy.obj
 0003:00003408       ?ghPerfTpcUtilSession@@3PAXA 1007a408     PerfMarker:perfmarker.obj
 0003:0000340c       __afxForceAtlRawDllMain    1007a40c     atls:atlbase.obj
 0003:00003410       ?_AtlModuleInstance@ATL@@3PAUHINSTANCE__@@A 1007a410     atls:atlbase.obj
 0003:00003414       ?_AtlBaseModule@ATL@@3VCAtlBaseModule@1@A 1007a414     atls:atlbase.obj
 0003:00003448       ?_pAtlRawDllMain@@3P6AHPAXK0@ZA 1007a448     atls:atlbase.obj
 0003:0000344c       __@@_PchSym_@00@UxsvozmCBUlgsvihUzgoJUhixUzgohUlyqUzineHUivgzroUhgwzucOlyq@atls 1007a44c     atls:stdafx.obj
 0003:00003450       _exitflag                  1007a450     corelib0:cexit.obj
 0003:00003454       ?g_pfnRetailLogEnter@@3P6AJKPBD@ZA 1007a454     RetailLogUtils:RetailLogUtils.obj
 0003:00003458       ?g_pfnRetailLogExit@@3P6AJKJ@ZA 1007a458     RetailLogUtils:RetailLogUtils.obj
 0003:0000345c       ?g_pfnRetailLogInit@@3P6AJPBG@ZA 1007a45c     RetailLogUtils:RetailLogUtils.obj
 0003:00003460       ?g_pfnRetailLogDeinit@@3P6AJXZA 1007a460     RetailLogUtils:RetailLogUtils.obj
 0003:00003464       ?g_pfnRetailLogRefresh@@3P6AXXZA 1007a464     RetailLogUtils:RetailLogUtils.obj
 0003:00003468       ?g_pfnRetailLogMessage@@3P6AJKKPBGPAD@ZA 1007a468     RetailLogUtils:RetailLogUtils.obj
 0003:0000346c       ?g_fRetailLogEnabled@@3HA  1007a46c     RetailLogUtils:RetailLogUtils.obj
 0003:00003470       ?g_hinstRetailLog@@3PAUHINSTANCE__@@A 1007a470     RetailLogUtils:RetailLogUtils.obj
 0003:00003474       __onexitend                1007a474     <common>
 0003:00003478       __onexitbegin              1007a478     <common>
 0003:0000347c       g_pcsExit                  1007a47c     <common>

 entry point at        0001:0005de2c

 Static symbols

 0001:0005cbb8       IRestriction_USPROPVALExprEval_0000 1005dbb8 f   pimstoreuuid:pimstore_priv_p.obj
 0001:0005cc10       IRestriction_CEPROPVALExprEval_0001 1005dc10 f   pimstoreuuid:pimstore_priv_p.obj
 0001:0005cc68       IStore_CEPROPVALExprEval_0000 1005dc68 f   pimstoreuuid:pimstore_p.obj
 0001:0005dd3c       _DllMainCRTStartupHelper   1005ed3c f   corelib0:pegdmain.obj
 0001:0005e0f8       doexit                     1005f0f8 f   corelib0:cexit.obj
 0001:00073054       ??__E_Module@@YAXXZ        10074054 f   dllmain.obj
 0001:00073090       ??__E?_factory@?$singleton@V?$free_list@$0GE@Vallocator@ce@@@ce@@$03V?$static_allocator@V?$free_list@$0GE@Vallocator@ce@@@ce@@$03@2@@ce@@1Ulock_factory@12@A@@YAXXZ 10074090 f   calstorelib:precomp.obj
 0001:00073094       ??__Eg_poom_cleanup@@YAXXZ 10074094 f   pimstorelib:PoomGlobals.obj
 0001:000730b4       ??__Eg_csSqm@?A0xdf4121a8@@YAXXZ 100740b4 f   pimstorelib:pimstoresqm.obj
 0001:000730d4       ??__E_AtlBaseModule@ATL@@YAXXZ 100740d4 f   atls:atlbase.obj
 0001:000730f4       ??__F_Module@@YAXXZ        100740f4 f   dllmain.obj
 0001:0007311c       ??__Fg_poom_cleanup@@YAXXZ 1007411c f   pimstorelib:PoomGlobals.obj
 0001:0007315c       ??__Fg_csSqm@?A0xdf4121a8@@YAXXZ 1007415c f   pimstorelib:pimstoresqm.obj
 0001:00073168       ??__F_AtlBaseModule@ATL@@YAXXZ 10074168 f   atls:atlbase.obj
