 ppp

 Timestamp is 618b1544 (Tue Nov 09 17:41:40 2021)

 Preferred load address is 10000000

 Start         Length     Name                   Class
 0001:00000000 00000004H .CRT$XCA                CODE
 0001:00000004 00000004H .CRT$XCU                CODE
 0001:00000008 00000004H .CRT$XCZ                CODE
 0001:0000000c 00000004H .CRT$XIA                CODE
 0001:00000010 00000004H .CRT$XIZ                CODE
 0001:00000014 00000004H .CRT$XPA                CODE
 0001:00000018 00000004H .CRT$XPZ                CODE
 0001:0000001c 00000004H .CRT$XTA                CODE
 0001:00000020 00000004H .CRT$XTZ                CODE
 0001:00000030 000014e0H .rdata                  CODE
 0001:00001510 00000020H .rdata$debug            CODE
 0001:00001530 00015830H .text                   CODE
 0001:00016d60 00000004H .text$yc                CODE
 0001:00016d64 0000000cH .text$yd                CODE
 0001:00016d70 00000228H .xdata                  CODE
 0001:00016f98 00000078H .idata$2                CODE
 0001:00017010 00000014H .idata$3                CODE
 0001:00017024 0000028cH .idata$4                CODE
 0001:000172b0 00000476H .idata$6                CODE
 0001:00017730 00000230H .edata                  CODE
 0002:00000000 0000028cH .idata$5                DATA
 0002:00000290 00000a30H .data                   DATA
 0002:00000cc0 0000012cH .bss                    DATA
 0003:00000000 00001228H .pdata                  DATA

  Address         Publics by Value              Rva+Base       Lib:Object

 0000:00000000       ___safe_se_handler_table   00000000     <absolute>
 0000:00000000       ___safe_se_handler_count   00000000     <absolute>
 0001:00000000       __xc_a                     10001000     corelib0:crt0init.obj
 0001:00000008       __xc_z                     10001008     corelib0:crt0init.obj
 0001:0000000c       __xi_a                     1000100c     corelib0:crt0init.obj
 0001:00000010       __xi_z                     10001010     corelib0:crt0init.obj
 0001:00000014       __xp_a                     10001014     corelib0:crt0init.obj
 0001:00000018       __xp_z                     10001018     corelib0:crt0init.obj
 0001:0000001c       __xt_a                     1000101c     corelib0:crt0init.obj
 0001:00000020       __xt_z                     10001020     corelib0:crt0init.obj
 0001:0000004c       ??_C@_1BK@HDPJNBGK@?$AAP?$AAo?$AAs?$AAt?$AAM?$AAe?$AAs?$AAs?$AAa?$AAg?$AAe?$AAW?$AA?$AA@ 1000104c     ppp2app:pppinit.obj
 0001:00000068       ??_C@_1BI@CJKPFBEK@?$AAc?$AAo?$AAr?$AAe?$AAd?$AAl?$AAl?$AA?4?$AAd?$AAl?$AAl?$AA?$AA@ 10001068     ppp2app:pppinit.obj
 0001:00000080       ??_C@_1CA@GOGEMIHH@?$AAW?$AAa?$AAi?$AAt?$AAF?$AAo?$AAr?$AAA?$AAP?$AAI?$AAR?$AAe?$AAa?$AAd?$AAy?$AA?$AA@ 10001080     ppp2app:ppp.obj
 0001:000000a0       ??_C@_1BM@LLINKHBA@?$AAk?$AA?4?$AAc?$AAo?$AAr?$AAe?$AAd?$AAl?$AAl?$AA?4?$AAd?$AAl?$AAl?$AA?$AA@ 100010a0     ppp2app:ppp.obj
 0001:000000bc       ??_C@_1BO@KLPJMMP@?$AAC?$AAe?$AAC?$AAa?$AAl?$AAl?$AAU?$AAs?$AAe?$AAr?$AAP?$AAr?$AAo?$AAc?$AA?$AA@ 100010bc     ppp2app:ppp.obj
 0001:000000dc       ??_C@_1CA@FKEBGHJI@?$AAG?$AAe?$AAt?$AAI?$AAP?$AAA?$AAd?$AAd?$AAr?$AAe?$AAs?$AAs?$AAE?$AAx?$AAt?$AA?$AA@ 100010dc     ppp2app:ppp.obj
 0001:000000fc       ??_C@_1BE@BOHEBICI@?$AAn?$AAe?$AAt?$AAu?$AAi?$AA?4?$AAd?$AAl?$AAl?$AA?$AA@ 100010fc     ppp2app:ppp.obj
 0001:00000110       ??_C@_17CADJDFHA@?$AAv?$AAp?$AAn?$AA?$AA@ 10001110     ppp2app:ppp.obj
 0001:00000118       ??_C@_19DAJGBOE@?$AAL?$AA2?$AAT?$AAP?$AA?$AA@ 10001118     ppp2app:ppp.obj
 0001:00000124       ??_C@_1BG@OOMPPHH@?$AAM?$AAi?$AAn?$AAi?$AAm?$AAu?$AAm?$AAM?$AAR?$AAU?$AA?$AA@ 10001124     ppp2app:ppp.obj
 0001:0000013c       ??_C@_1BM@IMDBGBOE@?$AAD?$AAH?$AAC?$AAP?$AAT?$AAi?$AAm?$AAe?$AAo?$AAu?$AAt?$AAM?$AAs?$AA?$AA@ 1000113c     ppp2app:ppp.obj
 0001:00000158       ??_C@_1BK@EIGLODLM@?$AAD?$AAH?$AAC?$AAP?$AAM?$AAa?$AAx?$AAT?$AAr?$AAi?$AAe?$AAs?$AA?$AA@ 10001158     ppp2app:ppp.obj
 0001:00000174       ??_C@_1CA@JGINFPNF@?$AAA?$AAu?$AAt?$AAh?$AAM?$AAa?$AAx?$AAF?$AAa?$AAi?$AAl?$AAu?$AAr?$AAe?$AAs?$AA?$AA@ 10001174     ppp2app:ppp.obj
 0001:00000194       ??_C@_1BK@BNCBFOCK@?$AAA?$AAu?$AAt?$AAh?$AAM?$AAa?$AAx?$AAT?$AAr?$AAi?$AAe?$AAs?$AA?$AA@ 10001194     ppp2app:ppp.obj
 0001:000001b0       ??_C@_1DA@IACBCEDK@?$AAD?$AAi?$AAs?$AAa?$AAb?$AAl?$AAe?$AAM?$AAs?$AAC?$AAh?$AAa?$AAp?$AAN?$AAT?$AAP?$AAa?$AAs?$AAs?$AAw?$AAo?$AAr?$AAd?$AA?$AA@ 100011b0     ppp2app:ppp.obj
 0001:000001e0       ??_C@_1DA@JLEDCLNN@?$AAD?$AAi?$AAs?$AAa?$AAb?$AAl?$AAe?$AAM?$AAs?$AAC?$AAh?$AAa?$AAp?$AAL?$AAM?$AAR?$AAe?$AAs?$AAp?$AAo?$AAn?$AAs?$AAe?$AA?$AA@ 100011e0     ppp2app:ppp.obj
 0001:00000210       ??_C@_1CM@IPKFEKDI@?$AAA?$AAl?$AAw?$AAa?$AAy?$AAs?$AAA?$AAd?$AAd?$AAD?$AAe?$AAf?$AAa?$AAu?$AAl?$AAt?$AAR?$AAo?$AAu?$AAt?$AAe?$AA?$AA@ 10001210     ppp2app:ppp.obj
 0001:0000023c       ??_C@_1CK@DOHIAGEP@?$AAA?$AAl?$AAw?$AAa?$AAy?$AAs?$AAA?$AAd?$AAd?$AAS?$AAu?$AAb?$AAn?$AAe?$AAt?$AAR?$AAo?$AAu?$AAt?$AAe?$AA?$AA@ 1000123c     ppp2app:ppp.obj
 0001:00000268       ??_C@_1CK@DMPAMGMM@?$AAF?$AAo?$AAr?$AAc?$AAe?$AAV?$AAp?$AAn?$AAD?$AAe?$AAf?$AAa?$AAu?$AAl?$AAt?$AAR?$AAo?$AAu?$AAt?$AAe?$AA?$AA@ 10001268     ppp2app:ppp.obj
 0001:00000294       ??_C@_1CG@PKNLOLAM@?$AAF?$AAo?$AAr?$AAc?$AAe?$AAV?$AAp?$AAn?$AAE?$AAn?$AAc?$AAr?$AAy?$AAp?$AAt?$AAi?$AAo?$AAn?$AA?$AA@ 10001294     ppp2app:ppp.obj
 0001:000002bc       ??_C@_1CI@KNMHBHP@?$AAC?$AAr?$AAy?$AAp?$AAt?$AAT?$AAy?$AAp?$AAe?$AAs?$AAS?$AAu?$AAp?$AAp?$AAo?$AAr?$AAt?$AAe?$AAd?$AA?$AA@ 100012bc     ppp2app:ppp.obj
 0001:000002e4       ??_C@_1DA@OJCJOCDN@?$AAA?$AAl?$AAw?$AAa?$AAy?$AAs?$AAR?$AAe?$AAq?$AAu?$AAe?$AAs?$AAt?$AAD?$AAN?$AAS?$AAa?$AAn?$AAd?$AAW?$AAI?$AAN?$AAS?$AA?$AA@ 100012e4     ppp2app:ppp.obj
 0001:00000314       ??_C@_1CI@NOFLLGCJ@?$AAA?$AAl?$AAw?$AAa?$AAy?$AAs?$AAS?$AAu?$AAg?$AAg?$AAe?$AAs?$AAt?$AAI?$AAp?$AAA?$AAd?$AAd?$AAr?$AA?$AA@ 10001314     ppp2app:ppp.obj
 0001:0000033c       ??_C@_1BK@PIEKOLMA@?$AAA?$AAl?$AAl?$AAo?$AAw?$AAS?$AAu?$AAs?$AAp?$AAe?$AAn?$AAd?$AA?$AA@ 1000133c     ppp2app:ppp.obj
 0001:00000358       ??_C@_1BC@HJMKJHKK@?$AAA?$AAc?$AAk?$AAD?$AAu?$AAp?$AAC?$AAR?$AA?$AA@ 10001358     ppp2app:ppp.obj
 0001:0000036c       ??_C@_1BK@CLHLPGOC@?$AAR?$AAe?$AAs?$AAt?$AAa?$AAr?$AAt?$AAT?$AAi?$AAm?$AAe?$AAr?$AA?$AA@ 1000136c     ppp2app:ppp.obj
 0001:00000388       ??_C@_1BG@EHLHDKCO@?$AAM?$AAa?$AAx?$AAF?$AAa?$AAi?$AAl?$AAu?$AAr?$AAe?$AA?$AA@ 10001388     ppp2app:ppp.obj
 0001:000003a0       ??_C@_1BK@GPPCNPK@?$AAM?$AAa?$AAx?$AAT?$AAe?$AAr?$AAm?$AAi?$AAn?$AAa?$AAt?$AAe?$AA?$AA@ 100013a0     ppp2app:ppp.obj
 0001:000003bc       ??_C@_1BK@MJHIMEHO@?$AAM?$AAa?$AAx?$AAC?$AAo?$AAn?$AAf?$AAi?$AAg?$AAu?$AAr?$AAe?$AA?$AA@ 100013bc     ppp2app:ppp.obj
 0001:000003d8       ??_C@_1BO@LDNEKOCI@?$AAC?$AAo?$AAm?$AAm?$AA?2?$AAp?$AAp?$AAp?$AA?2?$AAP?$AAa?$AAr?$AAm?$AAs?$AA?$AA@ 100013d8     ppp2app:ppp.obj
 0001:000003f8       ??_C@_1CC@HOJECCM@?$AAC?$AAe?$AAl?$AAl?$AAu?$AAl?$AAa?$AAr?$AA?5?$AAL?$AAi?$AAn?$AAe?$AA?5?$AA?$CF?$AAu?$AA?$AA@ 100013f8     ppp2app:ppp.obj
 0001:0000041c       ??_C@_1BM@LMNNDCFO@?$AAC?$AAe?$AAl?$AAl?$AAu?$AAl?$AAa?$AAr?$AA?5?$AAL?$AAi?$AAn?$AAe?$AA?$AA@ 1000141c     ppp2app:ppp.obj
 0001:00000438       ??_C@_0BA@FELBPFAN@255?4255?4255?4255?$AA@ 10001438     ppp2app:util.obj
 0001:00000448       ??_C@_1CA@JCGMFEFI@?$AAG?$AAe?$AAt?$AAA?$AAd?$AAa?$AAp?$AAt?$AAe?$AAr?$AAs?$AAI?$AAn?$AAf?$AAo?$AA?$AA@ 10001448     ppp2app:util.obj
 0001:00000468       ??_C@_1BK@DMPELEO@?$AAi?$AAp?$AAh?$AAl?$AAp?$AAa?$AAp?$AAi?$AA?4?$AAd?$AAl?$AAl?$AA?$AA@ 10001468     ppp2app:util.obj
 0001:00000484       TcpipParametersKey         10001484     ppp2app:ip_intf.obj
 0001:000004a8       GuidFormat                 100014a8     ppp2app:ip_intf.obj
 0001:000004dc       ??_C@_1BE@HIHELJG@?$AAD?$AAN?$AAS?$AAD?$AAo?$AAm?$AAa?$AAi?$AAn?$AA?$AA@ 100014dc     ppp2app:ip_intf.obj
 0001:000004f0       ??_C@_1BO@ODFBDNGO@?$AAC?$AAo?$AAm?$AAm?$AA?2?$AAP?$AAP?$AAP?$AA?2?$AAP?$AAa?$AAr?$AAm?$AAs?$AA?$AA@ 100014f0     ppp2app:ip_intf.obj
 0001:00000510       ??_C@_1CO@HJPCBMOI@?$AAC?$AAo?$AAm?$AAm?$AA?2?$AAP?$AAP?$AAP?$AA?2?$AAP?$AAa?$AAr?$AAm?$AAs?$AA?2?$AAL?$AAi?$AAn?$AAe?$AA?2?$AA?$CF?$AAs?$AA?$AA@ 10001510     ppp2app:ip_intf.obj
 0001:00000540       ??_C@_1BM@PIPKKPHH@?$AAI?$AAP?$AAV?$AA6?$AAP?$AAr?$AAo?$AAt?$AAo?$AAc?$AAo?$AAl?$AAs?$AA?$AA@ 10001540     ppp2app:ip_intf.obj
 0001:0000055c       ??_C@_1BM@NGKKGGPH@?$AAI?$AAP?$AAV?$AA4?$AAP?$AAr?$AAo?$AAt?$AAo?$AAc?$AAo?$AAl?$AAs?$AA?$AA@ 1000155c     ppp2app:ip_intf.obj
 0001:00000578       ??_C@_1BO@EJJPJKPP@?$AA?$CF?$AAh?$AAs?$AA?3?$AA?3?$AA0?$AA?1?$AA?$CF?$AAu?$AA?9?$AA?$DO?$AA?3?$AA?3?$AA0?$AA?$AA@ 10001578     ppp2app:ip_intf.obj
 0001:00000598       ??_C@_1BC@ODHOMFGB@?$AAI?$AAm?$AAm?$AAo?$AAr?$AAt?$AAa?$AAl?$AA?$AA@ 10001598     ppp2app:ip_intf.obj
 0001:000005ac       ??_C@_1BA@GODKMJM@?$AAP?$AAu?$AAb?$AAl?$AAi?$AAs?$AAh?$AA?$AA@ 100015ac     ppp2app:ip_intf.obj
 0001:000005bc       ??_C@_1BC@PKNCLCOE@?$AAF?$AAo?$AAr?$AAw?$AAa?$AAr?$AAd?$AAs?$AA?$AA@ 100015bc     ppp2app:ip_intf.obj
 0001:000005d0       ??_C@_1BG@GNIGIPDB@?$AAA?$AAd?$AAv?$AAe?$AAr?$AAt?$AAi?$AAs?$AAe?$AAs?$AA?$AA@ 100015d0     ppp2app:ip_intf.obj
 0001:000005e8       ??_C@_1BC@FCKOABLE@?$AA?2?$AAR?$AAo?$AAu?$AAt?$AAe?$AAs?$AA?2?$AA?$AA@ 100015e8     ppp2app:ip_intf.obj
 0001:000005fc       ??_C@_04JFFKLGJF@?$CF02X?$AA@ 100015fc     ppp2app:ip_intf.obj
 0001:00000608       ??_C@_1EC@BKBABKME@?$AAC?$AAo?$AAm?$AAm?$AA?2?$AAT?$AAc?$AAp?$AAI?$AAp?$AA6?$AA?2?$AAP?$AAa?$AAr?$AAm?$AAs?$AA?2?$AAI?$AAn?$AAt?$AAe?$AAr?$AAf?$AAa?$AAc?$AAe?$AAs?$AA?2?$AA?$CF?$AAh?$AAs@ 10001608     ppp2app:ip_intf.obj
 0001:0000064c       ??_C@_1O@BAFCJDPB@?$AAi?$AAp?$AAa?$AAd?$AAd?$AAr?$AA?$AA@ 1000164c     ppp2app:hosthelper.obj
 0001:0000065c       ??_C@_1CI@LHAGPNIH@?$AAC?$AAo?$AAm?$AAm?$AA?2?$AAT?$AAc?$AAp?$AAi?$AAp?$AA?2?$AAH?$AAo?$AAs?$AAt?$AAs?$AA?2?$AA?$CF?$AAs?$AA?$AA@ 1000165c     ppp2app:hosthelper.obj
 0001:00000684       ??_C@_1BC@NNCHLMGC@?$AAp?$AAp?$AAp?$AA_?$AAp?$AAe?$AAe?$AAr?$AA?$AA@ 10001684     ppp2app:hosthelper.obj
 0001:00000698       ??_C@_1BM@KBIEPOHJ@?$AAI?$AAd?$AAl?$AAe?$AAT?$AAi?$AAm?$AAe?$AAo?$AAu?$AAt?$AAM?$AAS?$AA?$AA@ 10001698     ppp2ncp:ncp.obj
 0001:000006b4       ??_C@_1BM@JOCPKBCG@?$AAR?$AAa?$AAs?$AAE?$AAn?$AAt?$AAr?$AAy?$AAN?$AAa?$AAm?$AAe?$AA2?$AA?$AA@ 100016b4     ppp2ncp:ncp.obj
 0001:000006d0       ??_C@_1BM@IMJKAOMI@?$AAR?$AAa?$AAs?$AAE?$AAn?$AAt?$AAr?$AAy?$AAN?$AAa?$AAm?$AAe?$AA1?$AA?$AA@ 100016d0     ppp2ncp:ncp.obj
 0001:000006ec       ??_C@_1BM@HOOJDABL@?$AAC?$AAo?$AAm?$AAm?$AA?2?$AAA?$AAu?$AAt?$AAo?$AAd?$AAi?$AAa?$AAl?$AA?$AA@ 100016ec     ppp2ncp:ncp.obj
 0001:00000708       ??_C@_1BI@DCMCKILG@?$AAI?$AAP?$AAV?$AA6?$AAD?$AAi?$AAs?$AAa?$AAb?$AAl?$AAe?$AA?$AA@ 10001708     ppp2ncp:ncp.obj
 0001:00000720       ??_C@_04GPFEFDLF@IPCP?$AA@ 10001720     ppp2ipcp:ipcp.obj
 0001:00000728       ??_C@_1DI@ENIIAGMJ@?$AAV?$AAJ?$AAE?$AAn?$AAa?$AAb?$AAl?$AAe?$AAS?$AAl?$AAo?$AAt?$AAI?$AAd?$AAC?$AAo?$AAm?$AAp?$AAr?$AAe?$AAs?$AAs?$AAi?$AAo?$AAn?$AAR?$AAx?$AA?$AA@ 10001728     ppp2ipcp:ipcp.obj
 0001:00000760       ??_C@_1DI@JLNBOFNE@?$AAV?$AAJ?$AAE?$AAn?$AAa?$AAb?$AAl?$AAe?$AAS?$AAl?$AAo?$AAt?$AAI?$AAd?$AAC?$AAo?$AAm?$AAp?$AAr?$AAe?$AAs?$AAs?$AAi?$AAo?$AAn?$AAT?$AAx?$AA?$AA@ 10001760     ppp2ipcp:ipcp.obj
 0001:00000798       ??_C@_1BM@FHLFPJKA@?$AAV?$AAJ?$AAM?$AAa?$AAx?$AAS?$AAl?$AAo?$AAt?$AAI?$AAd?$AAR?$AAx?$AA?$AA@ 10001798     ppp2ipcp:ipcp.obj
 0001:000007b4       ??_C@_1BM@IBOMBKLN@?$AAV?$AAJ?$AAM?$AAa?$AAx?$AAS?$AAl?$AAo?$AAt?$AAI?$AAd?$AAT?$AAx?$AA?$AA@ 100017b4     ppp2ipcp:ipcp.obj
 0001:000007d0       ??_C@_0BE@LEHDCPHE@WINS?9Backup?9Address?$AA@ 100017d0     ppp2ipcp:option.obj
 0001:000007e4       ??_C@_0BD@GCPPEAAJ@DNS?9Backup?9Address?$AA@ 100017e4     ppp2ipcp:option.obj
 0001:000007f8       ??_C@_0N@FIPPMAAI@WINS?9Address?$AA@ 100017f8     ppp2ipcp:option.obj
 0001:00000808       ??_C@_0M@MGAIHACC@DNS?9Address?$AA@ 10001808     ppp2ipcp:option.obj
 0001:00000814       ??_C@_0L@CHDDCFKO@IP?9Address?$AA@ 10001814     ppp2ipcp:option.obj
 0001:00000820       ??_C@_0BI@MOMKBBJB@IP?9Compression?9Protocol?$AA@ 10001820     ppp2ipcp:option.obj
 0001:00000838       ??_C@_0M@CDHNGIPM@?$CFu?4?$CFu?4?$CFu?4?$CFu?$AA@ 10001838     ppp2ipcp:option.obj
 0001:00000844       ??_C@_0CA@CCHJEKO@?$CF02X?$CF02X?0MaxSlot?$DN?$CFu?0CompSlot?$DN?$CFu?$AA@ 10001844     ppp2ipcp:option.obj
 0001:00000864       ??_C@_06BFPKOLAH@IPV6CP?$AA@ 10001864     pppipv6cp:ipv6cp.obj
 0001:0000086c       ??_C@_1BO@DMAODLBE@?$AAI?$AAP?$AAV?$AA6?$AAR?$AAa?$AAn?$AAd?$AAo?$AAm?$AAI?$AAF?$AAI?$AAD?$AA?$AA@ 1000186c     pppipv6cp:ipv6cp.obj
 0001:0000088c       ??_C@_1BE@FCDMNDB@?$AAI?$AAP?$AAV?$AA6?$AAF?$AAl?$AAa?$AAg?$AAs?$AA?$AA@ 1000188c     pppipv6cp:ipv6cp.obj
 0001:000008a0       ??_C@_1BC@IHJCPAFK@?$AAI?$AAP?$AAV?$AA6?$AAI?$AAF?$AAI?$AAD?$AA?$AA@ 100018a0     pppipv6cp:ipv6cp.obj
 0001:000008b4       ??_C@_04DJBPAJHF@IFID?$AA@ 100018b4     pppipv6cp:ipv6cpopt.obj
 0001:000008c4       ??_C@_03MHBOKJKL@LCP?$AA@  100018c4     ppp2lcp:lcp.obj
 0001:000008c8       ??_C@_0BA@GIKGDNBG@Discard?9Request?$AA@ 100018c8     ppp2lcp:lcp.obj
 0001:000008d8       ??_C@_0L@INDGIMJM@Echo?9Reply?$AA@ 100018d8     ppp2lcp:lcp.obj
 0001:000008e4       ??_C@_0N@JIHNCDKB@Echo?9Request?$AA@ 100018e4     ppp2lcp:lcp.obj
 0001:000008f4       ??_C@_0BA@IMDAKEJF@Protocol?9Reject?$AA@ 100018f4     ppp2lcp:lcp.obj
 0001:00000904       ??_C@_1CO@BBNPDAIF@?$AAC?$AAo?$AAm?$AAm?$AA?2?$AAp?$AAp?$AAp?$AA?2?$AAP?$AAa?$AAr?$AAm?$AAs?$AA?2?$AAL?$AAi?$AAn?$AAe?$AA?2?$AA?$CF?$AAs?$AA?$AA@ 10001904     ppp2lcp:lcp.obj
 0001:00000934       ??_C@_19CKKNMGDL@?$AAA?$AAC?$AAC?$AAM?$AA?$AA@ 10001934     ppp2lcp:lcp.obj
 0001:00000940       ??_C@_1M@BALADJC@?$AAP?$AAP?$AAP?$AAo?$AAE?$AA?$AA@ 10001940     ppp2lcp:lcp.obj
 0001:0000094c       ??_C@_1CG@INOIGAIP@?$AAL?$AAc?$AAp?$AAI?$AAd?$AAl?$AAe?$AAD?$AAe?$AAv?$AAi?$AAc?$AAe?$AAT?$AAy?$AAp?$AAe?$AAs?$AA?$AA@ 1000194c     ppp2lcp:lcp.obj
 0001:00000974       ??_C@_1DC@PNFHHLAH@?$AAL?$AAc?$AAp?$AAE?$AAc?$AAh?$AAo?$AAR?$AAe?$AAq?$AAu?$AAe?$AAs?$AAt?$AAI?$AAn?$AAt?$AAe?$AAr?$AAv?$AAa?$AAl?$AAM?$AAs?$AA?$AA@ 10001974     ppp2lcp:lcp.obj
 0001:000009a8       ??_C@_1CI@FLJNJDDP@?$AAL?$AAc?$AAp?$AAI?$AAd?$AAl?$AAe?$AAD?$AAi?$AAs?$AAc?$AAo?$AAn?$AAn?$AAe?$AAc?$AAt?$AAM?$AAs?$AA?$AA@ 100019a8     ppp2lcp:lcp.obj
 0001:000009d0       ??_C@_04HKKMGDHM@ACFC?$AA@ 100019d0     ppp2lcp:lcpopt.obj
 0001:000009d8       ??_C@_03LKPFMCPF@PFC?$AA@  100019d8     ppp2lcp:lcpopt.obj
 0001:000009dc       ??_C@_05PGIOBOGC@Magic?$AA@ 100019dc     ppp2lcp:lcpopt.obj
 0001:000009e4       ??_C@_0O@OLIJKODJ@Auth?9Protocol?$AA@ 100019e4     ppp2lcp:lcpopt.obj
 0001:000009f4       ??_C@_04OCOEIMBJ@ACCM?$AA@ 100019f4     ppp2lcp:lcpopt.obj
 0001:000009fc       ??_C@_03BPDBPDMM@MRU?$AA@  100019fc     ppp2lcp:lcpopt.obj
 0001:00000a00       ??_C@_03BBKEAIF@?$DP?$DP?$DP?$AA@ 10001a00     ppp2lcp:lcpopt.obj
 0001:00000a04       ??_C@_03LJJCDCEP@EAP?$AA@  10001a04     ppp2lcp:lcpopt.obj
 0001:00000a08       ??_C@_09INPIINNO@CHAP?9MSV2?$AA@ 10001a08     ppp2lcp:lcpopt.obj
 0001:00000a14       ??_C@_07NLAKPGD@CHAP?9MS?$AA@ 10001a14     ppp2lcp:lcpopt.obj
 0001:00000a1c       ??_C@_08GPOOPHAO@CHAP?9MD5?$AA@ 10001a1c     ppp2lcp:lcpopt.obj
 0001:00000a28       ??_C@_03NOFFJFOC@PAP?$AA@  10001a28     ppp2lcp:lcpopt.obj
 0001:00000a2c       ??_C@_02GMHACPFF@?$CFu?$AA@ 10001a2c     ppp2lcp:lcpopt.obj
 0001:00000a30       ??_C@_1CM@KIKJIDHN@?$AAE?$AAa?$AAp?$AAU?$AAt?$AAi?$AAl?$AAE?$AAx?$AAt?$AAr?$AAa?$AAc?$AAt?$AAM?$AAP?$AAP?$AAE?$AAK?$AAe?$AAy?$AA?$AA@ 10001a30     ppp2auth:eap.obj
 0001:00000a5c       ??_C@_1CE@OGMAFJLB@?$AAE?$AAa?$AAp?$AAI?$AAn?$AAv?$AAo?$AAk?$AAe?$AAC?$AAo?$AAn?$AAf?$AAi?$AAg?$AAU?$AAI?$AA?$AA@ 10001a5c     ppp2auth:eap.obj
 0001:00000a80       ??_C@_1CM@PIBIKJMK@?$AAE?$AAa?$AAp?$AAS?$AAe?$AAs?$AAs?$AAi?$AAo?$AAn?$AAS?$AAe?$AAt?$AAP?$AAa?$AAs?$AAs?$AAw?$AAo?$AAr?$AAd?$AA?$AA@ 10001a80     ppp2auth:eap.obj
 0001:00000aac       ??_C@_1CM@BFEHFDK@?$AAE?$AAa?$AAp?$AAS?$AAe?$AAs?$AAs?$AAi?$AAo?$AAn?$AAS?$AAe?$AAt?$AAI?$AAd?$AAe?$AAn?$AAt?$AAi?$AAt?$AAy?$AA?$AA@ 10001aac     ppp2auth:eap.obj
 0001:00000ad8       ??_C@_1CM@PHJNAED@?$AAE?$AAa?$AAp?$AAS?$AAe?$AAs?$AAs?$AAi?$AAo?$AAn?$AAS?$AAe?$AAt?$AAU?$AAs?$AAe?$AAr?$AAD?$AAa?$AAt?$AAa?$AA?$AA@ 10001ad8     ppp2auth:eap.obj
 0001:00000b04       ??_C@_1DI@LCKJAJJJ@?$AAE?$AAa?$AAp?$AAS?$AAe?$AAs?$AAs?$AAi?$AAo?$AAn?$AAS?$AAe?$AAt?$AAC?$AAo?$AAn?$AAn?$AAe?$AAc?$AAt?$AAi?$AAo?$AAn?$AAD?$AAa?$AAt?$AAa?$AA?$AA@ 10001b04     ppp2auth:eap.obj
 0001:00000b40       ??_C@_1EM@CKHBNEAI@?$AAE?$AAa?$AAp?$AAS?$AAe?$AAs?$AAs?$AAi?$AAo?$AAn?$AAP?$AAr?$AAo?$AAc?$AAe?$AAs?$AAs?$AAA?$AAu?$AAt?$AAh?$AAe?$AAn?$AAt?$AAi?$AAc?$AAa?$AAt?$AAi?$AAo?$AAn?$AAR@ 10001b40     ppp2auth:eap.obj
 0001:00000b90       ??_C@_1EC@GEIMECCL@?$AAE?$AAa?$AAp?$AAS?$AAe?$AAs?$AAs?$AAi?$AAo?$AAn?$AAR?$AAx?$AAI?$AAm?$AAp?$AAl?$AAi?$AAe?$AAd?$AAS?$AAu?$AAc?$AAc?$AAe?$AAs?$AAs?$AAP?$AAa?$AAc?$AAk?$AAe?$AAt@ 10001b90     ppp2auth:eap.obj
 0001:00000bd4       ??_C@_1DE@BFEDBDDJ@?$AAE?$AAa?$AAp?$AAS?$AAe?$AAs?$AAs?$AAi?$AAo?$AAn?$AAP?$AAr?$AAo?$AAc?$AAe?$AAs?$AAs?$AAR?$AAx?$AAP?$AAa?$AAc?$AAk?$AAe?$AAt?$AA?$AA@ 10001bd4     ppp2auth:eap.obj
 0001:00000c08       ??_C@_1CM@BHDJJEFI@?$AAE?$AAa?$AAp?$AAS?$AAe?$AAs?$AAs?$AAi?$AAo?$AAn?$AAG?$AAe?$AAt?$AAI?$AAd?$AAe?$AAn?$AAt?$AAi?$AAt?$AAy?$AA?$AA@ 10001c08     ppp2auth:eap.obj
 0001:00000c34       ??_C@_1CE@CCANLJCB@?$AAE?$AAa?$AAp?$AAS?$AAe?$AAs?$AAs?$AAi?$AAo?$AAn?$AAD?$AAe?$AAs?$AAt?$AAr?$AAo?$AAy?$AA?$AA@ 10001c34     ppp2auth:eap.obj
 0001:00000c58       ??_C@_1CC@OLNOCDNM@?$AAE?$AAa?$AAp?$AAS?$AAe?$AAs?$AAs?$AAi?$AAo?$AAn?$AAC?$AAr?$AAe?$AAa?$AAt?$AAe?$AA?$AA@ 10001c58     ppp2auth:eap.obj
 0001:00000c7c       ??_C@_1BA@GODHBBCI@?$AAe?$AAa?$AAp?$AA?4?$AAd?$AAl?$AAl?$AA?$AA@ 10001c7c     ppp2auth:eap.obj
 0001:00000c8c       ??_C@_1BI@NGLGNGPL@?$AAE?$AAa?$AAp?$AAU?$AAs?$AAe?$AAr?$AAD?$AAa?$AAt?$AAa?$AA?$AA@ 10001c8c     ppp2auth:eap.obj
 0001:00000ca4       ??_C@_1BI@PBEGEAKA@?$AAE?$AAa?$AAp?$AAC?$AAo?$AAn?$AAn?$AAD?$AAa?$AAt?$AAa?$AA?$AA@ 10001ca4     ppp2auth:eap.obj
 0001:00000cbc       ??_C@_11LOCGONAA@?$AA?$AA@ 10001cbc     ppp2auth:eap.obj
 0001:00000cc0       ??_C@_13FPGAJAPJ@?$AA?2?$AA?$AA@ 10001cc0     ppp2auth:eap.obj
 0001:00000cc4       ??_C@_1O@JBBHAGJJ@?$AA?$CF?$AAs?$AA?$CF?$AAs?$AA?$CF?$AAs?$AA?$AA@ 10001cc4     ppp2auth:auth.obj
 0001:00000cd4       ??_C@_1DO@DKPCOIHM@?$AAC?$AAl?$AAo?$AAs?$AAe?$AAU?$AAs?$AAe?$AAr?$AAn?$AAa?$AAm?$AAe?$AAP?$AAa?$AAs?$AAs?$AAw?$AAo?$AAr?$AAd?$AAD?$AAi?$AAa?$AAl?$AAo?$AAg?$AAE?$AAx?$AAt?$AA?$AA@ 10001cd4     ppp2auth:fsm.obj
 0001:00000d14       ??_C@_04PNAKHEMF@MSv2?$AA@ 10001d14     ppp2auth:chap.obj
 0001:00000d1c       ??_C@_04NGCHCHAG@MSv1?$AA@ 10001d1c     ppp2auth:chap.obj
 0001:00000d24       ??_C@_03GCGHEHKJ@MD5?$AA@  10001d24     ppp2auth:chap.obj
 0001:00000d28       ??_C@_1DC@OCDPGIJG@?$AAG?$AAe?$AAt?$AAU?$AAs?$AAe?$AAr?$AAn?$AAa?$AAm?$AAe?$AAP?$AAa?$AAs?$AAs?$AAw?$AAo?$AAr?$AAd?$AAE?$AAx?$AAE?$AAx?$AAt?$AA?$AA@ 10001d28     ppp2auth:chap.obj
 0001:00000d5c       ??_C@_1CI@MMFOBAFN@?$AAG?$AAe?$AAt?$AAN?$AAe?$AAw?$AAP?$AAa?$AAs?$AAs?$AAw?$AAo?$AAr?$AAd?$AAE?$AAx?$AAE?$AAx?$AAt?$AA?$AA@ 10001d5c     ppp2auth:chap.obj
 0001:00000d84       ??_C@_09DJONOBMD@WindowsCE?$AA@ 10001d84     ppp2auth:chap.obj
 0001:00000d90       ??_C@_19DINFBLAK@?$AAN?$AAa?$AAm?$AAe?$AA?$AA@ 10001d90     ppp2auth:chap.obj
 0001:00000d9c       ??_C@_1M@LPEEOHMF@?$AAI?$AAd?$AAe?$AAn?$AAt?$AA?$AA@ 10001d9c     ppp2auth:chap.obj
 0001:00000da8       ??_C@_0BD@LGHJKOMA@E?$DN?$CFu?5R?$DN1?5C?$DN?$CFs?5V?$DN?$CFu?$AA@ 10001da8     ppp2auth:chap.obj
 0001:00000dbc       ??_C@_08GGBMJOB@E?$DN?$CFu?5R?$DN0?$AA@ 10001dbc     ppp2auth:chap.obj
 0001:00000dc8       ??_C@_02GIPFHKNO@OK?$AA@   10001dc8     ppp2auth:pap.obj
 0001:00000dcc       ??_C@_0O@NFHOBIDO@Access?5Denied?$AA@ 10001dcc     ppp2auth:pap.obj
 0001:00000ddc       ??_C@_08IFGHPOIE@KGS?$CB?$EA?$CD$?$CF?$AA@ 10001ddc     ppp2auth:crypt.obj
 0001:00000de8       ??_C@_03JPHNLJPN@CCP?$AA@  10001de8     ppp2ccp:ccp.obj
 0001:00000dec       ??_C@_09KODKMAJ@Reset?9Ack?$AA@ 10001dec     ppp2ccp:ccp.obj
 0001:00000df8       ??_C@_0O@CLGLICMF@Reset?9Request?$AA@ 10001df8     ppp2ccp:ccp.obj
 0001:00000e08       ??_C@_03CGLCMCM@MSC?$AA@   10001e08     ppp2ccp:option.obj
 0001:00000e0c       ??_C@_0M@PFPFKDFB@Unknown?$CI?$CFx?$CJ?$AA@ 10001e0c     ppp2ccp:option.obj
 0001:00000e18       ??_C@_0BN@IHEGGDKK@40?9bit?9encryption?$CIobsolete?$CJ?0?$AA@ 10001e18     ppp2ccp:option.obj
 0001:00000e38       ??_C@_0L@IOCDMNC@Stateless?0?$AA@ 10001e38     ppp2ccp:option.obj
 0001:00000e44       ??_C@_0BE@OOJNEBCI@128?9bit?9encryption?0?$AA@ 10001e44     ppp2ccp:option.obj
 0001:00000e58       ??_C@_0BD@PHAOEKGA@56?9bit?9encryption?0?$AA@ 10001e58     ppp2ccp:option.obj
 0001:00000e6c       ??_C@_0BD@COJAHGLN@40?9bit?9encryption?0?$AA@ 10001e6c     ppp2ccp:option.obj
 0001:00000e80       ??_C@_0N@FNHEGGHO@Compression?0?$AA@ 10001e80     ppp2ccp:option.obj
 0001:00000e90       ??_C@_0FF@CLKGFKFM@On?5the?5client?5side?0?5this?5is?5the?5@ 10001e90     ppp2ccp:encrypt.obj
 0001:00000ee8       ??_C@_0FF@IDGFLCOM@On?5the?5client?5side?0?5this?5is?5the?5@ 10001ee8     ppp2ccp:encrypt.obj
 0001:00000f40       ??_C@_0BM@PDOOIJFK@This?5is?5the?5MPPE?5Master?5Key?$AA@ 10001f40     ppp2ccp:encrypt.obj
 0001:00000f60       lookup_array1              10001f60     ppp2ccp:compress.obj
 0001:00001360       ??_C@_1CA@CCCHBEML@?$AAG?$AAe?$AAt?$AAN?$AAe?$AAt?$AAS?$AAt?$AAr?$AAi?$AAn?$AAg?$AAE?$AAx?$AAt?$AA?$AA@ 10002360     ppp2ras:rasreg.obj
 0001:00001380       ??_C@_19GPKHPFAE@?$AAP?$AAP?$AAP?$AA_?$AA?$AA@ 10002380     ppp2ras:rasreg.obj
 0001:0000138c       ??_C@_17CHCGIDNB@?$AA?$CF?$AAs?$AA?2?$AA?$AA@ 1000238c     ppp2ras:rasreg.obj
 0001:00001394       ??_C@_1O@LGKMCBPB@?$AA$?$AAt?$AAm?$AAp?$AA?$CF?$AAd?$AA?$AA@ 10002394     ppp2ras:rasreg.obj
 0001:000013a4       ??_C@_1M@JLADBBAF@?$AAE?$AAn?$AAt?$AAr?$AAy?$AA?$AA@ 100023a4     ppp2ras:rasreg.obj
 0001:000013b0       ??_C@_1BE@KBNEFODA@?$AA?$CK?$AA?2?$AA?1?$AA?$DP?$AA?$DO?$AA?$DM?$AA?3?$AA?$CC?$AA?$HM?$AA?$AA@ 100023b0     ppp2ras:rasreg.obj
 0001:000013c4       ??_C@_1O@OEEGBNG@?$AAd?$AAi?$AAr?$AAe?$AAc?$AAt?$AA?$AA@ 100023c4     ppp2ras:rasreg.obj
 0001:000013d4       ??_C@_1BK@HHOGHPEN@?$AAC?$AAo?$AAm?$AAm?$AA?2?$AAR?$AAa?$AAs?$AAB?$AAo?$AAo?$AAk?$AA?$AA@ 100023d4     ppp2ras:rasreg.obj
 0001:000013f0       ??_C@_1M@DFKENGJN@?$AA?$CF?$AAs?$AA?2?$AA?$CF?$AAs?$AA?$AA@ 100023f0     ppp2ras:rasreg.obj
 0001:000013fc       ??_C@_1O@OCLJPGOG@?$AAD?$AAe?$AAv?$AAC?$AAf?$AAg?$AA?$AA@ 100023fc     ppp2ras:rasreg.obj
 0001:0000140c       sc_szRAS                   1000240c     ppp2ras:ras.obj
 0001:00001414       sc_szHangUp                10002414     ppp2ras:ras.obj
 0001:00001424       ??_C@_1BI@IEJCOLMP@?$AA?$CF?$AAu?$AA?4?$AA?$CF?$AAu?$AA?4?$AA?$CF?$AAu?$AA?4?$AA?$CF?$AAu?$AA?$AA@ 10002424     ppp2ras:ras.obj
 0001:0000143c       ??_C@_1M@NHOPBEPN@?$AAm?$AAo?$AAd?$AAe?$AAm?$AA?$AA@ 1000243c     ppp2ras:ras.obj
 0001:00001448       ??_C@_1CO@MJCEOLOC@?$AAR?$AAa?$AAs?$AAC?$AAu?$AAs?$AAt?$AAo?$AAm?$AAS?$AAc?$AAr?$AAi?$AAp?$AAt?$AAE?$AAx?$AAe?$AAc?$AAu?$AAt?$AAe?$AA?$AA@ 10002448     ppp2ndis:mac.obj
 0001:00001478       ??_C@_1CI@EHMIIGL@?$AAC?$AAu?$AAs?$AAt?$AAo?$AAm?$AAS?$AAc?$AAr?$AAi?$AAp?$AAt?$AAD?$AAl?$AAl?$AAP?$AAa?$AAt?$AAh?$AA?$AA@ 10002478     ppp2ndis:mac.obj
 0001:000014a0       ??_C@_1BO@FFJLMPPA@?$AAc?$AAo?$AAm?$AAm?$AA?1?$AAd?$AAa?$AAt?$AAa?$AAm?$AAo?$AAd?$AAe?$AAm?$AA?$AA@ 100024a0     ppp2ndis:mac.obj
 0001:000014c0       ??_C@_19NBILFMOL@?$AAn?$AAd?$AAi?$AAs?$AA?$AA@ 100024c0     ppp2ndis:mac.obj
 0001:000014cc       ??_C@_17IHINEAF@?$AAP?$AAP?$AAP?$AA?$AA@ 100024cc     ppp2ndis:ndisprot.obj
 0001:000014d4       ??_C@_1BC@FDGCEING@?$AAU?$AAN?$AAI?$AAM?$AAO?$AAD?$AAE?$AAM?$AA?$AA@ 100024d4     ppp2ndis:ndistapi.obj
 0001:000014e8       ??_C@_1O@CDBLDEEO@?$AA?$CL?$AA?$CF?$AAd?$AA?5?$AA?$CF?$AAs?$AA?$AA@ 100024e8     ppp2ndis:ndistapi.obj
 0001:000014f8       ??_C@_1BI@MNKIOIHM@?$AA?$CL?$AA?$CF?$AAd?$AA?5?$AA?$CI?$AA?$CF?$AAs?$AA?$CJ?$AA?5?$AA?$CF?$AAs?$AA?$AA@ 100024f8     ppp2ndis:ndistapi.obj
 0001:00001530       GetGWEProcAddresses        10002530 f   ppp2app:pppinit.obj
 0001:00001594       DllEntry                   10002594 f   ppp2app:pppinit.obj
 0001:000015c8       Deinit                     100025c8 f   ppp2app:pppinit.obj
 0001:000015d0       Init                       100025d0 f   ppp2app:pppinit.obj
 0001:00001608       WaitForAPIReadyWrapper     10002608 f i ppp2app:ppp.obj
 0001:00001678       CeCallUserProcWrapper      10002678 f i ppp2app:ppp.obj
 0001:00001714       CallKGetIPAddress          10002714 f i ppp2app:ppp.obj
 0001:000017b0       pppSessionRemove           100027b0 f   ppp2app:ppp.obj
 0001:00001814       ReadRegistryValues         10002814 f   ppp2app:ppp.obj
 0001:000019e4       WriteRegistryValues        100029e4 f   ppp2app:ppp.obj
 0001:00001ac4       FreePppSession             10002ac4 f   ppp2app:ppp.obj
 0001:00001ba0       pppComputeAuthTypesAllowed 10002ba0 f   ppp2app:ppp.obj
 0001:00001c50       pppAdapterNameIsInUse      10002c50 f   ppp2app:ppp.obj
 0001:00001cac       pppChangeOfState           10002cac f   ppp2app:ppp.obj
 0001:00001ea0       PPPRxProtocolReject        10002ea0 f   ppp2app:ppp.obj
 0001:00001ec4       PPPSessionUpdateRxPacketStats 10002ec4 f   ppp2app:ppp.obj
 0001:00001f14       IsValidSession             10002f14 f   ppp2app:ppp.obj
 0001:00001f58       IsValidMacContext          10002f58 f   ppp2app:ppp.obj
 0001:00001f88       pppAddRef                  10002f88 f   ppp2app:ppp.obj
 0001:00001fdc       pppDelRefWithLockAlreadyTaken 10002fdc f   ppp2app:ppp.obj
 0001:00002080       pppDelRef                  10003080 f   ppp2app:ppp.obj
 0001:000020a0       pppAddRefForMacContext     100030a0 f   ppp2app:ppp.obj
 0001:000020dc       pppStopTimer               100030dc f   ppp2app:ppp.obj
 0001:00002110       pppLock                    10003110 f   ppp2app:ppp.obj
 0001:0000212c       pppUnLock                  1000312c f   ppp2app:ppp.obj
 0001:00002134       PPPSessionRegisterProtocol 10003134 f   ppp2app:ppp.obj
 0001:00002358       pppSessionLineCloseCompleteCallback 10003358 f   ppp2app:ppp.obj
 0001:00002398       pppSessionLcpCloseCompleteCallback 10003398 f   ppp2app:ppp.obj
 0001:000023ac       pppSessionStop             100033ac f   ppp2app:ppp.obj
 0001:00002480       PPPRxPacketHandler         10003480 f   ppp2app:ppp.obj
 0001:00002514       SLIPRxPacketHandler        10003514 f   ppp2app:ppp.obj
 0001:00002540       pppStartTimer              10003540 f   ppp2app:ppp.obj
 0001:000025a8       pppSessionNew              100035a8 f   ppp2app:ppp.obj
 0001:00002d1c       pppSessionRun              10003d1c f   ppp2app:ppp.obj
 0001:00002dcc       pppAllocateMemory          10003dcc f   ppp2app:util.obj
 0001:00002e28       pppFreeMemory              10003e28 f   ppp2app:util.obj
 0001:00002e3c       pppAlloc                   10003e3c f   ppp2app:util.obj
 0001:00002e6c       pppFree                    10003e6c f   ppp2app:util.obj
 0001:00002e90       StrToUpper                 10003e90 f   ppp2app:util.obj
 0001:00002ec8       HexCharValue               10003ec8 f   ppp2app:util.obj
 0001:00002f18       pppInsertCompleteCallbackRequest 10003f18 f   ppp2app:util.obj
 0001:00002f60       pppExecuteCompleteCallbacks 10003f60 f   ppp2app:util.obj
 0001:00002fac       IsValidMacAddress          10003fac f   ppp2app:util.obj
 0001:00002fe0       utilFindEUI                10003fe0 f   ppp2app:util.obj
 0001:0000317c       utilGetEUI                 1000417c f   ppp2app:util.obj
 0001:000031b4       utilGetDeviceIDHash        100041b4 f   ppp2app:util.obj
 0001:00003280       PppSendIPvXLocked          10004280 f   ppp2app:ip_intf.obj
 0001:00003348       PppSendIPvX                10004348 f   ppp2app:ip_intf.obj
 0001:000033d8       SetPeerIPAddressToYoungest 100043d8 f   ppp2app:ip_intf.obj
 0001:0000344c       PPPVEMSendPacketHandler    1000444c f   ppp2app:ip_intf.obj
 0001:00003484       pppGetRxBuffer             10004484 f   ppp2app:ip_intf.obj
 0001:000034d4       PPPVEMReturnPacketHandler  100044d4 f   ppp2app:ip_intf.obj
 0001:0000354c       PPPVEMIPvXIndicateReceivePacket 1000454c f   ppp2app:ip_intf.obj
 0001:000036fc       PPPVEMShutdownHandler      100046fc f   ppp2app:ip_intf.obj
 0001:00003704       PPPVEMQueryLinkSpeed       10004704 f   ppp2app:ip_intf.obj
 0001:00003748       PPPVEMQueryPhysicalMedium  10004748 f   ppp2app:ip_intf.obj
 0001:00003758       PPPVEMQueryIPV6IFID        10004758 f   ppp2app:ip_intf.obj
 0001:0000379c       PPPVEMCreate               1000479c f   ppp2app:ip_intf.obj
 0001:00003920       SetSystemDNSDomain         10004920 f   ppp2app:ip_intf.obj
 0001:00003a00       pppGetIPProtocolNames      10004a00 f   ppp2app:ip_intf.obj
 0001:00003ae8       pppGetIPV4Addresses        10004ae8 f   ppp2app:ip_intf.obj
 0001:00003b84       PppVEMChangeBindingsWorker 10004b84 f   ppp2app:ip_intf.obj
 0001:00003c20       ScheduleVEMChangeBindings  10004c20 f   ppp2app:ip_intf.obj
 0001:00003c78       PPPVEMIPV4InterfaceUp      10004c78 f   ppp2app:ip_intf.obj
 0001:00003dc8       PPPVEMIPV4InterfaceDown    10004dc8 f   ppp2app:ip_intf.obj
 0001:00003e14       CreateGUIDFromName         10004e14 f   ppp2app:ip_intf.obj
 0001:00003ec8       GetGUIDName                10004ec8 f   ppp2app:ip_intf.obj
 0001:00003fd0       PPPVEMIPV6InterfaceUp      10004fd0 f   ppp2app:ip_intf.obj
 0001:0000429c       PPPVEMIPV6InterfaceDown    1000529c f   ppp2app:ip_intf.obj
 0001:000042dc       ?Create@CReg@@QAAHPAUHKEY__@@PBG@Z 100052dc f i ppp2app:hosthelper.obj
 0001:0000435c       ?Open@CReg@@QAAHPAUHKEY__@@PBGK@Z 1000535c f i ppp2app:hosthelper.obj
 0001:000043cc       ?SetIPForHost@@YA_NQBGK@Z  100053cc f i ppp2app:hosthelper.obj
 0001:00004504       SetPPPPeerIPAddress        10005504 f   ppp2app:hosthelper.obj
 0001:00004518       ?get_lock@?$singleton@V?$free_list@$0GE@Vallocator@ce@@@ce@@$03V?$static_allocator@V?$free_list@$0GE@Vallocator@ce@@@ce@@$03@2@@ce@@KAAAVcritical_section@2@XZ 10005518 f i ppp2app:hosthelper.obj
 0001:0000456c       xsumComp                   1000556c f   ppp2app:dhcp.obj
 0001:000045c8       BuildIpUdpHeaders          100055c8 f   ppp2app:dhcp.obj
 0001:00004678       CheckIpUdpHeader           10005678 f   ppp2app:dhcp.obj
 0001:000046f4       BuildDhcpInformPacket      100056f4 f   ppp2app:dhcp.obj
 0001:000047d8       ParseDhcpAckPacketDomain   100057d8 f   ppp2app:dhcp.obj
 0001:0000489c       PppDhcpSendTimeoutCb       1000589c f   ppp2app:dhcp.obj
 0001:000048e8       PppDhcpStartTimer          100058e8 f   ppp2app:dhcp.obj
 0001:00004938       PppDhcpSendInform          10005938 f   ppp2app:dhcp.obj
 0001:00004a4c       PppDhcpRxPacket            10005a4c f   ppp2app:dhcp.obj
 0001:00004afc       PppDhcpStart               10005afc f   ppp2app:dhcp.obj
 0001:00004b48       PppDhcpStop                10005b48 f   ppp2app:dhcp.obj
 0001:00004b7c       IPv6Present                10005b7c f   ppp2ncp:ncp.obj
 0001:00004c08       ncpIdleDisconnectTimerStop 10005c08 f   ppp2ncp:ncp.obj
 0001:00004c10       ncpIdleDisconnectTimerCb   10005c10 f   ppp2ncp:ncp.obj
 0001:00004c94       pppNcp_InstanceDelete      10005c94 f   ppp2ncp:ncp.obj
 0001:00004cd4       pppNcp_SendIPvX            10005cd4 f   ppp2ncp:ncp.obj
 0001:00004d20       pppNcp_InstanceCreate      10005d20 f   ppp2ncp:ncp.obj
 0001:00004f98       pppNcp_IndicateConnected   10005f98 f   ppp2ncp:ncp.obj
 0001:0000519c       pppIpcp_LowerLayerUp       1000619c f   ppp2ipcp:ipcp.obj
 0001:000051f8       pppIpcp_LowerLayerDown     100061f8 f   ppp2ipcp:ipcp.obj
 0001:00005328       ipcpSessionLock            10006328 f   ppp2ipcp:ipcp.obj
 0001:0000533c       ipcpSessionUnlock          1000633c f   ppp2ipcp:ipcp.obj
 0001:00005350       IpcpOpen                   10006350 f   ppp2ipcp:ipcp.obj
 0001:00005358       IpcpClose                  10006358 f   ppp2ipcp:ipcp.obj
 0001:00005360       IpcpRenegotiate            10006360 f   ppp2ipcp:ipcp.obj
 0001:00005368       pppIpcp_Rejected           10006368 f   ppp2ipcp:ipcp.obj
 0001:00005370       pppIpcp_InstanceCreate     10006370 f   ppp2ipcp:ipcp.obj
 0001:00005528       pppIpcp_InstanceDelete     10006528 f   ppp2ipcp:ipcp.obj
 0001:000055a0       pppIpcpSndData             100065a0 f   ppp2ipcp:msg.obj
 0001:000056c0       pppIpcpRcvData             100066c0 f   ppp2ipcp:msg.obj
 0001:000056f8       PppIPV4ReceiveIP           100066f8 f   ppp2ipcp:msg.obj
 0001:00005730       PppIPV4ReceiveVJIP         10006730 f   ppp2ipcp:msg.obj
 0001:000057a4       PppIPV4ReceiveVJUIP        100067a4 f   ppp2ipcp:msg.obj
 0001:000057f8       sl_compress_tcp            100067f8 f   ppp2ipcp:vjcomp.obj
 0001:00005d84       sl_update_tcp              10006d84 f   ppp2ipcp:vjcomp.obj
 0001:00005e24       sl_uncompress_tcp          10006e24 f   ppp2ipcp:vjcomp.obj
 0001:0000619c       sl_compress_init           1000719c f   ppp2ipcp:vjcomp.obj
 0001:00006254       ipAddressOptionToStringCb  10007254 f   ppp2ipcp:option.obj
 0001:000062a4       ipCompressionOptionToStringCb 100072a4 f   ppp2ipcp:option.obj
 0001:000062ec       ipcpResetPeerOptionValuesCb 100072ec f   ppp2ipcp:option.obj
 0001:000062fc       ipcpOptionValueReset       100072fc f   ppp2ipcp:option.obj
 0001:00006374       ipcpBuildIPCompressionOptionCb 10007374 f   ppp2ipcp:option.obj
 0001:000063b8       ipcpAckIPCompressionOptionCb 100073b8 f   ppp2ipcp:option.obj
 0001:000063c8       ipcpNakIPCompressionOptionCb 100073c8 f   ppp2ipcp:option.obj
 0001:0000642c       ipcpRequestIPCompressionCb 1000742c f   ppp2ipcp:option.obj
 0001:000064f8       ipcpBuildIPAddressOptionCb 100074f8 f   ppp2ipcp:option.obj
 0001:00006554       ipcpAckIPAddressOptionCb   10007554 f   ppp2ipcp:option.obj
 0001:0000655c       ipcpNakIPAddressOptionCb   1000755c f   ppp2ipcp:option.obj
 0001:000065a4       ipcpRejIPAddressOptionCb   100075a4 f   ppp2ipcp:option.obj
 0001:0000660c       ipcpRequestIPAddressCb     1000760c f   ppp2ipcp:option.obj
 0001:00006760       ipcpGetNSAddr              10007760 f   ppp2ipcp:option.obj
 0001:000067bc       ipcpBuildNSAddressOptionCb 100077bc f   ppp2ipcp:option.obj
 0001:0000683c       ipcpAckNSAddressOptionCb   1000783c f   ppp2ipcp:option.obj
 0001:00006844       ipcpNakNSAddressOptionCb   10007844 f   ppp2ipcp:option.obj
 0001:000068c0       ipcpRejNSAddressOptionCb   100078c0 f   ppp2ipcp:option.obj
 0001:000068ec       ipcpRequestNSAddressCb     100078ec f   ppp2ipcp:option.obj
 0001:000069d0       ipcpOptionInit             100079d0 f   ppp2ipcp:option.obj
 0001:00006b18       ipv6cpResetPeerOptionsToDefaultSettings 10007b18 f   pppipv6cp:ipv6cp.obj
 0001:00006b28       ipv6cpSessionLock          10007b28 f   pppipv6cp:ipv6cp.obj
 0001:00006b3c       ipv6cpSessionUnlock        10007b3c f   pppipv6cp:ipv6cp.obj
 0001:00006b50       pppIpv6cp_InstanceCreate   10007b50 f   pppipv6cp:ipv6cp.obj
 0001:00006d10       Ipv6cpOpen                 10007d10 f   pppipv6cp:ipv6cp.obj
 0001:00006d18       Ipv6cpClose                10007d18 f   pppipv6cp:ipv6cp.obj
 0001:00006d20       Ipv6cpRenegotiate          10007d20 f   pppipv6cp:ipv6cp.obj
 0001:00006d28       pppIpv6cp_Rejected         10007d28 f   pppipv6cp:ipv6cp.obj
 0001:00006d30       pppIpv6cp_InstanceDelete   10007d30 f   pppipv6cp:ipv6cp.obj
 0001:00006d54       pppIpv6cp_LowerLayerUp     10007d54 f   pppipv6cp:ipv6cp.obj
 0001:00006d5c       pppIpv6cp_LowerLayerDown   10007d5c f   pppipv6cp:ipv6cp.obj
 0001:00006d64       pppIpv6cpRcvData           10007d64 f   pppipv6cp:ipv6cp.obj
 0001:00006d9c       pppIpv6ReceiveIPV6         10007d9c f   pppipv6cp:ipv6cp.obj
 0001:00006dd4       pppIpv6cpSendData          10007dd4 f   pppipv6cp:ipv6cp.obj
 0001:00006e90       EUIToIFID                  10007e90 f   pppipv6cp:ipv6cpopt.obj
 0001:00006f18       ipv6cpGetUniqueIFID        10007f18 f   pppipv6cp:ipv6cpopt.obj
 0001:000070d0       ipv6cpOptionValueReset     100080d0 f   pppipv6cp:ipv6cpopt.obj
 0001:000070fc       ipv6cpRequestIFIDCb        100080fc f   pppipv6cp:ipv6cpopt.obj
 0001:000071bc       ipv6cpBuildIFIDOptionCb    100081bc f   pppipv6cp:ipv6cpopt.obj
 0001:000071e8       ipv6cpAckIFIDOptionCb      100081e8 f   pppipv6cp:ipv6cpopt.obj
 0001:000071f0       ipv6cpNakIFIDOptionCb      100081f0 f   pppipv6cp:ipv6cpopt.obj
 0001:0000722c       ipv6cpOptionInit           1000822c f   pppipv6cp:ipv6cpopt.obj
 0001:0000725c       pppLcp_GetLinkInfoCompleteCallback 1000825c f   ppp2lcp:lcp.obj
 0001:00007388       pppLcp_LowerLayerUp        10008388 f   ppp2lcp:lcp.obj
 0001:00007434       pppLcp_LowerLayerDown      10008434 f   ppp2lcp:lcp.obj
 0001:000075a0       lcpSessionLock             100085a0 f   ppp2lcp:lcp.obj
 0001:000075b4       lcpSessionUnlock           100085b4 f   ppp2lcp:lcp.obj
 0001:000075c8       LcpProtocolRejected        100085c8 f   ppp2lcp:lcp.obj
 0001:000075d0       lcpRxProtocolReject        100085d0 f   ppp2lcp:lcp.obj
 0001:000075f8       lcpRxEchoRequest           100085f8 f   ppp2lcp:lcp.obj
 0001:0000764c       lcpRxEchoReply             1000864c f   ppp2lcp:lcp.obj
 0001:00007658       lcpEchoRequestSend         10008658 f   ppp2lcp:lcp.obj
 0001:000076e0       lcpRxDiscardRequest        100086e0 f   ppp2lcp:lcp.obj
 0001:000076e4       pppLcp_Open                100086e4 f   ppp2lcp:lcp.obj
 0001:000076ec       pppLcp_Close               100086ec f   ppp2lcp:lcp.obj
 0001:00007778       LcpOpen                    10008778 f   ppp2lcp:lcp.obj
 0001:00007780       LcpClose                   10008780 f   ppp2lcp:lcp.obj
 0001:00007788       LcpRenegotiate             10008788 f   ppp2lcp:lcp.obj
 0001:00007790       LcpGetParameter            10008790 f   ppp2lcp:lcp.obj
 0001:0000781c       LcpSetParameter            1000881c f   ppp2lcp:lcp.obj
 0001:000078c0       pppLcp_InstanceCreate      100088c0 f   ppp2lcp:lcp.obj
 0001:00007a98       pppLcp_InstanceDelete      10008a98 f   ppp2lcp:lcp.obj
 0001:00007ac4       pppLcp_QueryParameter      10008ac4 f   ppp2lcp:lcp.obj
 0001:00007b90       lcpIdleDisconnectTimerCb   10008b90 f   ppp2lcp:lcp.obj
 0001:00007c40       lcpSetIdleDisconnectMs     10008c40 f   ppp2lcp:lcp.obj
 0001:00007cd4       pppLcpRcvData              10008cd4 f   ppp2lcp:lcpmsg.obj
 0001:00007cec       pppLcpSendProtocolReject   10008cec f   ppp2lcp:lcpmsg.obj
 0001:00007d98       lcpMRUOptionToStringCb     10008d98 f   ppp2lcp:lcpopt.obj
 0001:00007dd0       lcpBuildMRUOptionCb        10008dd0 f   ppp2lcp:lcpopt.obj
 0001:00007df8       lcpAckMRUOptionCb          10008df8 f   ppp2lcp:lcpopt.obj
 0001:00007e00       lcpNakMRUOptionCb          10008e00 f   ppp2lcp:lcpopt.obj
 0001:00007e34       lcpRequestMRUOptionCb      10008e34 f   ppp2lcp:lcpopt.obj
 0001:00007ea0       lcpBuildACCMOptionCb       10008ea0 f   ppp2lcp:lcpopt.obj
 0001:00007edc       lcpAckACCMOptionCb         10008edc f   ppp2lcp:lcpopt.obj
 0001:00007f08       lcpNakACCMOptionCb         10008f08 f   ppp2lcp:lcpopt.obj
 0001:00007f40       lcpRequestACCMOptionCb     10008f40 f   ppp2lcp:lcpopt.obj
 0001:0000801c       authProtocolToIndex        1000901c f   ppp2lcp:lcpopt.obj
 0001:00008084       findAuthInfo               10009084 f   ppp2lcp:lcpopt.obj
 0001:00008110       lcpAuthToStringCb          10009110 f   ppp2lcp:lcpopt.obj
 0001:0000816c       lcpBuildAuthOptionCb       1000916c f   ppp2lcp:lcpopt.obj
 0001:000081d8       lcpAckAuthOptionCb         100091d8 f   ppp2lcp:lcpopt.obj
 0001:000081e0       lcpServerPickAuthProto     100091e0 f   ppp2lcp:lcpopt.obj
 0001:00008254       lcpNakAuthOptionCb         10009254 f   ppp2lcp:lcpopt.obj
 0001:000082e4       lcpPickAuthProto           100092e4 f   ppp2lcp:lcpopt.obj
 0001:00008368       lcpRequestAuthOptionCb     10009368 f   ppp2lcp:lcpopt.obj
 0001:000083fc       lcpRequestMagicOptionCb    100093fc f   ppp2lcp:lcpopt.obj
 0001:00008440       lcpAckPFCOptionCb          10009440 f   ppp2lcp:lcpopt.obj
 0001:00008450       lcpRequestPFCOptionCb      10009450 f   ppp2lcp:lcpopt.obj
 0001:00008488       lcpAckACFCOptionCb         10009488 f   ppp2lcp:lcpopt.obj
 0001:00008498       lcpRequestACFCOptionCb     10009498 f   ppp2lcp:lcpopt.obj
 0001:000084d0       lcpResetPeerOptionValuesCb 100094d0 f   ppp2lcp:lcpopt.obj
 0001:00008508       lcpOptionValueReset        10009508 f   ppp2lcp:lcpopt.obj
 0001:00008564       lcpOptionInit              10009564 f   ppp2lcp:lcpopt.obj
 0001:0000864c       rasEapGetDllFunctionHooks  1000964c f   ppp2auth:eap.obj
 0001:00008790       rasGetEapData              10009790 f   ppp2auth:eap.obj
 0001:00008818       rasGetEapUserData          10009818 f   ppp2auth:eap.obj
 0001:0000883c       rasGetEapConnectionData    1000983c f   ppp2auth:eap.obj
 0001:0000886c       rasSetEapData              1000986c f   ppp2auth:eap.obj
 0001:000088d4       rasSetEapUserData          100098d4 f   ppp2auth:eap.obj
 0001:000088f8       rasSetEapConnectionData    100098f8 f   ppp2auth:eap.obj
 0001:00008930       rasEapGetIdentityCb        10009930 f   ppp2auth:eap.obj
 0001:00008b0c       rasEapSaveConnectionDataCb 10009b0c f   ppp2auth:eap.obj
 0001:00008b58       rasEapSaveUserDataCb       10009b58 f   ppp2auth:eap.obj
 0001:00008ba4       rasEapSendPacketCb         10009ba4 f   ppp2auth:eap.obj
 0001:00008c8c       rasEapNotificationCb       10009c8c f   ppp2auth:eap.obj
 0001:00008c90       rasEapAuthenticateCb       10009c90 f   ppp2auth:eap.obj
 0001:00008cc8       eapInput                   10009cc8 f   ppp2auth:eap.obj
 0001:00008ce8       eapStop                    10009ce8 f   ppp2auth:eap.obj
 0001:00008d20       eapStart                   10009d20 f   ppp2auth:eap.obj
 0001:00008f34       AuthProtocolRejected       10009f34 f   ppp2auth:auth.obj
 0001:00008f38       AuthReauthenticate         10009f38 f   ppp2auth:auth.obj
 0001:00008f94       pppAuth_InstanceCreate     10009f94 f   ppp2auth:auth.obj
 0001:000090a8       pppAuth_InstanceDelete     1000a0a8 f   ppp2auth:auth.obj
 0001:000090c4       AuthProcessRxPacket        1000a0c4 f   ppp2auth:auth.obj
 0001:00009154       authSendPacket             1000a154 f   ppp2auth:auth.obj
 0001:00009178       pppAuth_Reset              1000a178 f   ppp2auth:auth.obj
 0001:00009194       pppAuth_GetChallenge       1000a194 f   ppp2auth:auth.obj
 0001:000091a0       AuthRxImpliedSuccessPacket 1000a1a0 f   ppp2auth:auth.obj
 0001:00009244       authBuildDomainAndUserNameString 1000a244 f   ppp2auth:auth.obj
 0001:000092a0       CallKCloseUsernamePasswordDialog 1000a2a0 f i ppp2auth:fsm.obj
 0001:0000933c       authFsmActionTLU           1000a33c f   ppp2auth:fsm.obj
 0001:0000937c       authFsmActionTLD           1000a37c f   ppp2auth:fsm.obj
 0001:000093ac       authFsmActionTLF           1000a3ac f   ppp2auth:fsm.obj
 0001:000093f0       authTimerStop              1000a3f0 f   ppp2auth:fsm.obj
 0001:00009418       authNewState               1000a418 f   ppp2auth:fsm.obj
 0001:000094d0       AuthClose                  1000a4d0 f   ppp2auth:fsm.obj
 0001:0000953c       AuthLowerLayerDown         1000a53c f   ppp2auth:fsm.obj
 0001:000095ec       authSucceeded              1000a5ec f   ppp2auth:fsm.obj
 0001:00009620       _AuthCloseHandler          1000a620 f   ppp2auth:fsm.obj
 0001:0000963c       authFailed                 1000a63c f   ppp2auth:fsm.obj
 0001:000096b4       authDone                   1000a6b4 f   ppp2auth:fsm.obj
 0001:000096c0       authTimerFired             1000a6c0 f   ppp2auth:fsm.obj
 0001:00009764       authTimerStart             1000a764 f   ppp2auth:fsm.obj
 0001:0000979c       authStart                  1000a79c f   ppp2auth:fsm.obj
 0001:0000987c       AuthOpen                   1000a87c f   ppp2auth:fsm.obj
 0001:000098fc       AuthLowerLayerUp           1000a8fc f   ppp2auth:fsm.obj
 0001:00009984       CallKGetUsernamePasswordEx 1000a984 f i ppp2auth:chap.obj
 0001:00009aa8       CallKGetNewPasswordEx      1000aaa8 f i ppp2auth:chap.obj
 0001:00009c28       chapGetEncodedUserName     1000ac28 f   ppp2auth:chap.obj
 0001:00009c84       chapGetEncodedDomainAndUserName 1000ac84 f   ppp2auth:chap.obj
 0001:00009cf8       chapGetEncodedPassword     1000acf8 f   ppp2auth:chap.obj
 0001:00009e8c       chapIssueNewChallengeToClient 1000ae8c f   ppp2auth:chap.obj
 0001:00009ef0       chapSendResponse           1000aef0 f   ppp2auth:chap.obj
 0001:0000a0e8       GetUserThread              1000b0e8 f   ppp2auth:chap.obj
 0001:0000a2e8       PromptUsernamePassword     1000b2e8 f   ppp2auth:chap.obj
 0001:0000a8d8       GenerateAuthenticatorResponse 1000b8d8 f   ppp2auth:chap.obj
 0001:0000aa1c       CheckAuthenticatorResponse 1000ba1c f   ppp2auth:chap.obj
 0001:0000af48       chapProcessRxSuccess       1000bf48 f   ppp2auth:chap.obj
 0001:0000af94       chapProcessRxFailure       1000bf94 f   ppp2auth:chap.obj
 0001:0000b020       chapProcessRxPacket        1000c020 f   ppp2auth:chap.obj
 0001:0000b138       chapTimeout                1000c138 f   ppp2auth:chap.obj
 0001:0000b184       chapStart                  1000c184 f   ppp2auth:chap.obj
 0001:0000b248       papEncodeWStr              1000c248 f   ppp2auth:pap.obj
 0001:0000b2a8       papInput                   1000c2a8 f   ppp2auth:pap.obj
 0001:0000b48c       papTimeout                 1000c48c f   ppp2auth:pap.obj
 0001:0000b4d8       papClientStart             1000c4d8 f   ppp2auth:pap.obj
 0001:0000b5e4       papStart                   1000c5e4 f   ppp2auth:pap.obj
 0001:0000b62c       papStop                    1000c62c f   ppp2auth:pap.obj
 0001:0000b67c       LmPasswordHash             1000c67c f   ppp2auth:amb.obj
 0001:0000b6e8       LmChallengeResponse        1000c6e8 f   ppp2auth:amb.obj
 0001:0000b73c       MD4Hash                    1000c73c f   ppp2auth:amb.obj
 0001:0000b798       NtPasswordHash             1000c798 f   ppp2auth:amb.obj
 0001:0000b7bc       HashNtPasswordHash         1000c7bc f   ppp2auth:amb.obj
 0001:0000b7d0       NtChallengeResponse        1000c7d0 f   ppp2auth:amb.obj
 0001:0000b834       ChallengeHash              1000c834 f   ppp2auth:amb.obj
 0001:0000b8d0       GenerateNTResponse         1000c8d0 f   ppp2auth:amb.obj
 0001:0000b944       EncryptPwBlockWithPasswordHash 1000c944 f   ppp2auth:amb.obj
 0001:0000b9e0       NewPasswordEncryptedWithOldNtPasswordHash 1000c9e0 f   ppp2auth:amb.obj
 0001:0000ba44       OldNtPasswordHashEncryptedWithNewNtPasswordHash 1000ca44 f   ppp2auth:amb.obj
 0001:0000bac8       DesEncrypt                 1000cac8 f   ppp2auth:crypt.obj
 0001:0000bad8       DesHash                    1000cad8 f   ppp2auth:crypt.obj
 0001:0000baf8       ChallengeResponse          1000caf8 f   ppp2auth:crypt.obj
 0001:0000bb80       ccpSessionLock             1000cb80 f   ppp2ccp:ccp.obj
 0001:0000bb94       ccpSessionUnlock           1000cb94 f   ppp2ccp:ccp.obj
 0001:0000bbe4       ccpUp                      1000cbe4 f   ppp2ccp:ccp.obj
 0001:0000bc98       ccpDown                    1000cc98 f   ppp2ccp:ccp.obj
 0001:0000bcd4       CcpProtocolRejected        1000ccd4 f   ppp2ccp:ccp.obj
 0001:0000bcdc       pppCcp_InstanceCreate      1000ccdc f   ppp2ccp:ccp.obj
 0001:0000bdcc       pppCcp_InstanceDelete      1000cdcc f   ppp2ccp:ccp.obj
 0001:0000be24       pppCcp_LowerLayerUp        1000ce24 f   ppp2ccp:ccp.obj
 0001:0000bea8       pppCcp_LowerLayerDown      1000cea8 f   ppp2ccp:ccp.obj
 0001:0000beb0       CcpOpen                    1000ceb0 f   ppp2ccp:ccp.obj
 0001:0000beb8       CcpClose                   1000ceb8 f   ppp2ccp:ccp.obj
 0001:0000bec0       CcpRenegotiate             1000cec0 f   ppp2ccp:ccp.obj
 0001:0000bec8       ccpRxResetRequest          1000cec8 f   ppp2ccp:msg.obj
 0001:0000bed8       ccpRxResetAck              1000ced8 f   ppp2ccp:msg.obj
 0001:0000bedc       ccpTxResetRequest          1000cedc f   ppp2ccp:msg.obj
 0001:0000bf2c       CpktProcessRxPacket        1000cf2c f   ppp2ccp:msg.obj
 0001:0000c0f4       CcpProcessRxPacket         1000d0f4 f   ppp2ccp:msg.obj
 0001:0000c13c       pppCcp_Compress            1000d13c f   ppp2ccp:msg.obj
 0001:0000c304       ccpMSPPCOptionToStringCb   1000d304 f   ppp2ccp:option.obj
 0001:0000c3e4       ccpResetPeerOptionValuesCb 1000d3e4 f   ppp2ccp:option.obj
 0001:0000c3f0       ccpOptionValueReset        1000d3f0 f   ppp2ccp:option.obj
 0001:0000c43c       ccpBuildMSPPCOptionCb      1000d43c f   ppp2ccp:option.obj
 0001:0000c490       ccpAckMSPPCOptionCb        1000d490 f   ppp2ccp:option.obj
 0001:0000c4d0       ccpNakMSPPCOptionCb        1000d4d0 f   ppp2ccp:option.obj
 0001:0000c548       ccpRequestMSPPCOptionCb    1000d548 f   ppp2ccp:option.obj
 0001:0000c660       ccpOptionInit              1000d660 f   ppp2ccp:option.obj
 0001:0000c6e8       GetNewKeyFromSHA           1000d6e8 f   ppp2ccp:encrypt.obj
 0001:0000c7a0       GetStartKey                1000d7a0 f   ppp2ccp:encrypt.obj
 0001:0000c848       GetMasterKey               1000d848 f   ppp2ccp:encrypt.obj
 0001:0000c900       GetAsymetricStartKey       1000d900 f   ppp2ccp:encrypt.obj
 0001:0000ca00       EncryptionInfoReinitializeKey 1000da00 f   ppp2ccp:encrypt.obj
 0001:0000ca10       EncryptionInfoChangeKey    1000da10 f   ppp2ccp:encrypt.obj
 0001:0000ca74       EncryptTxData              1000da74 f   ppp2ccp:encrypt.obj
 0001:0000cacc       DecryptRxData              1000dacc f   ppp2ccp:encrypt.obj
 0001:0000cb44       AllocateCryptoMSChapV1     1000db44 f   ppp2ccp:encrypt.obj
 0001:0000cc68       AllocateCryptoMSChapV2     1000dc68 f   ppp2ccp:encrypt.obj
 0001:0000cd18       AllocateCryptoEAP          1000dd18 f   ppp2ccp:encrypt.obj
 0001:0000cdc0       SessionKeyNew              1000ddc0 f   ppp2ccp:encrypt.obj
 0001:0000cea0       EncryptionInfoDelete       1000dea0 f   ppp2ccp:encrypt.obj
 0001:0000cee0       EncryptionInfoNew          1000dee0 f   ppp2ccp:encrypt.obj
 0001:0000cf48       compress                   1000df48 f   ppp2ccp:compress.obj
 0001:0000d738       initsendcontext            1000e738 f   ppp2ccp:compress.obj
 0001:0000d778       initrecvcontext            1000e778 f   ppp2ccp:compress.obj
 0001:0000d798       decompress                 1000e798 f   ppp2ccp:compress.obj
 0001:0000dd40       CallKGetNetString          1000ed40 f i ppp2ras:rasreg.obj
 0001:0000e288       CopyRegEntryValues         1000f288 f   ppp2ras:rasreg.obj
 0001:0000e3d8       RegCreateNewKey            1000f3d8 f   ppp2ras:rasreg.obj
 0001:0000e43c       GetTempRegKey              1000f43c f   ppp2ras:rasreg.obj
 0001:0000e4ac       RegMoveKey                 1000f4ac f   ppp2ras:rasreg.obj
 0001:0000e524       RegRenameKey               1000f524 f   ppp2ras:rasreg.obj
 0001:0000e680       AfdRasGetEntryDialParams   1000f680 f   ppp2ras:rasreg.obj
 0001:0000e764       FixRasPassword             1000f764 f   ppp2ras:rasreg.obj
 0001:0000e7b0       AfdRasSetEntryDialParams   1000f7b0 f   ppp2ras:rasreg.obj
 0001:0000e9cc       RaspCheckEntryName         1000f9cc f   ppp2ras:rasreg.obj
 0001:0000ea70       RaspInitRasEntry           1000fa70 f   ppp2ras:rasreg.obj
 0001:0000eb28       RaspConvPrivPublic         1000fb28 f   ppp2ras:rasreg.obj
 0001:0000ed2c       RaspConvPublicPriv         1000fd2c f   ppp2ras:rasreg.obj
 0001:0000ef88       OpenRasEntryKey            1000ff88 f   ppp2ras:rasreg.obj
 0001:0000f024       CreateRasEntryKey          10010024 f   ppp2ras:rasreg.obj
 0001:0000f0dc       AfdRasSetEntryProperties   100100dc f   ppp2ras:rasreg.obj
 0001:0000f348       AfdRasGetEntryProperties   10010348 f   ppp2ras:rasreg.obj
 0001:0000f700       AfdRasValidateEntryName    10010700 f   ppp2ras:rasreg.obj
 0001:0000f748       AfdRasDeleteEntry          10010748 f   ppp2ras:rasreg.obj
 0001:0000f7cc       AfdRasRenameEntry          100107cc f   ppp2ras:rasreg.obj
 0001:0000fa28       AfdRasGetEntryDevConfig    10010a28 f   ppp2ras:rasreg.obj
 0001:0000fb28       AfdRasSetEntryDevConfig    10010b28 f   ppp2ras:rasreg.obj
 0001:0000fbc8       AfdRasMakeDefault          10010bc8 f   ppp2ras:rasreg.obj
 0001:0000fcc0       AfdRasEnumEntries          10010cc0 f   ppp2ras:rasreg.obj
 0001:0000fe64       ShowUsernamePasswordDialog 10010e64 f   ppp2ras:ras.obj
 0001:0000ffd4       AfdRasDial                 10010fd4 f   ppp2ras:ras.obj
 0001:00010208       AfdRasHangUp               10011208 f   ppp2ras:ras.obj
 0001:000102b8       AfdRasEnumConnections      100112b8 f   ppp2ras:ras.obj
 0001:000103e8       AfdRasGetConnectStatus     100113e8 f   ppp2ras:ras.obj
 0001:0001048c       AfdRasGetProjectionInfo    1001148c f   ppp2ras:ras.obj
 0001:000106d8       pppGetRasStats             100116d8 f   ppp2ras:ras.obj
 0001:00010880       PPPDevConfigDialogEdit     10011880 f   ppp2ras:ras.obj
 0001:000108ec       pppRasCntlGetDispPhone     100118ec f   ppp2ras:ras.obj
 0001:00010af0       pppFindProtocolContext     10011af0 f   ppp2ras:ras.obj
 0001:00010b34       pppLayerOpen               10011b34 f   ppp2ras:ras.obj
 0001:00010b58       pppLayerClose              10011b58 f   ppp2ras:ras.obj
 0001:00010b7c       pppLayerRenegotiate        10011b7c f   ppp2ras:ras.obj
 0001:00010ba8       pppLayerCommand            10011ba8 f   ppp2ras:ras.obj
 0001:00010c64       pppLayerParameterGetOrSetCommand 10011c64 f   ppp2ras:ras.obj
 0001:00010d88       AfdRasIOControl            10011d88 f   ppp2ras:ras.obj
 0001:00011284       pppMac_NdisToRasErrorCode  10012284 f   ppp2ndis:mac.obj
 0001:00011398       pppMac_Initialize          10012398 f   ppp2ndis:mac.obj
 0001:00011400       pppMac_GetFramingInfo      10012400 f   ppp2ndis:mac.obj
 0001:0001141c       RasGetBuffer               1001241c f   ppp2ndis:mac.obj
 0001:0001144c       RasFreeBuffer              1001244c f   ppp2ndis:mac.obj
 0001:00011460       RasSendBuffer              10012460 f   ppp2ndis:mac.obj
 0001:000114d4       RasRetrieveBuffer          100124d4 f   ppp2ndis:mac.obj
 0001:00011514       rasReceiveEventThread      10012514 f   ppp2ndis:mac.obj
 0001:0001155c       RasReceiveBuffer           1001255c f   ppp2ndis:mac.obj
 0001:00011650       pppMacCustomScriptExecute  10012650 f   ppp2ndis:mac.obj
 0001:00011804       pppMac_Dial                10012804 f   ppp2ndis:mac.obj
 0001:00011aa8       pppMac_Reset               10012aa8 f   ppp2ndis:mac.obj
 0001:00011ac8       pppMac_AbortDial           10012ac8 f   ppp2ndis:mac.obj
 0001:00011ae0       pppMac_CallClose           10012ae0 f   ppp2ndis:mac.obj
 0001:00011ae4       pppMac_LineClose           10012ae4 f   ppp2ndis:mac.obj
 0001:00011ae8       pppMac_InstanceDelete      10012ae8 f   ppp2ndis:mac.obj
 0001:00011b40       pppMac_GetCallSpeed        10012b40 f   ppp2ndis:mac.obj
 0001:00011b54       pppMac_InstanceCreate      10012b54 f   ppp2ndis:mac.obj
 0001:00011cfc       DoNDISRegisterProtocol     10012cfc f   ppp2ndis:ndisprot.obj
 0001:00011d3c       PROTOAComplete             10012d3c f   ppp2ndis:ndisprot.obj
 0001:00011d40       PROTCAComplete             10012d40 f   ppp2ndis:ndisprot.obj
 0001:00011dcc       AbortPendingPackets        10012dcc f   ppp2ndis:ndisprot.obj
 0001:00011e34       SendPendingPackets         10012e34 f   ppp2ndis:ndisprot.obj
 0001:00011ec0       PROTSendComplete           10012ec0 f   ppp2ndis:ndisprot.obj
 0001:00011f0c       PROTTDComplete             10012f0c f   ppp2ndis:ndisprot.obj
 0001:00011f10       PROTResetComplete          10012f10 f   ppp2ndis:ndisprot.obj
 0001:00011f14       PppNdisRequestCompleteCb   10012f14 f   ppp2ndis:ndisprot.obj
 0001:00011f8c       PROTRequestComplete        10012f8c f   ppp2ndis:ndisprot.obj
 0001:00011fc0       PppNdisIssueRequestWorker  10012fc0 f   ppp2ndis:ndisprot.obj
 0001:00011ffc       PppNdisIssueRequest        10012ffc f   ppp2ndis:ndisprot.obj
 0001:000120e4       PppNdisDoSyncRequest       100130e4 f   ppp2ndis:ndisprot.obj
 0001:00012160       PROTWanRcv                 10013160 f   ppp2ndis:ndisprot.obj
 0001:000121c0       PROTWanRcvComplete         100131c0 f   ppp2ndis:ndisprot.obj
 0001:000121c4       pppLine_GetSLIPLinkInfoCompleteCallback 100131c4 f   ppp2ndis:ndisprot.obj
 0001:000121fc       PppHandleLineConnectedEvent 100131fc f   ppp2ndis:ndisprot.obj
 0001:00012268       PppHandleLineDisconnectedEvent 10013268 f   ppp2ndis:ndisprot.obj
 0001:000122f8       PROTStatus                 100132f8 f   ppp2ndis:ndisprot.obj
 0001:000126ec       PROTStatusComplete         100136ec f   ppp2ndis:ndisprot.obj
 0001:000126f0       PROTBindAdapter            100136f0 f   ppp2ndis:ndisprot.obj
 0001:0001270c       PROTUnbindAdapter          1001370c f   ppp2ndis:ndisprot.obj
 0001:000127b8       CopyNdisBufferChainToFlatBuffer 100137b8 f   ppp2ndis:snddata.obj
 0001:00012840       pppMacSndData              10013840 f   ppp2ndis:snddata.obj
 0001:00012924       PppNdisGetLinkInfoCompleteCallback 10013924 f   ppp2ndis:snddata.obj
 0001:0001295c       pppMac_GetLinkInfo         1001395c f   ppp2ndis:snddata.obj
 0001:00012a68       PppNdisSetLinkInfoCompleteCallback 10013a68 f   ppp2ndis:snddata.obj
 0001:00012a74       pppMac_SetLink             10013a74 f   ppp2ndis:snddata.obj
 0001:00012b3c       pppMacIssueWanGetStatsInfoCompleteCallback 10013b3c f   ppp2ndis:snddata.obj
 0001:00012b54       pppMacIssueWanGetStatsInfo 10013b54 f   ppp2ndis:snddata.obj
 0001:00012bbc       pppMacGetWanStats          10013bbc f   ppp2ndis:snddata.obj
 0001:00012c58       pppSendData                10013c58 f   ppp2ndis:snddata.obj
 0001:00012cc0       NdisWanAllocateSendResources 10013cc0 f   ppp2ndis:memory.obj
 0001:00012d90       NdisWanFreePacket          10013d90 f   ppp2ndis:memory.obj
 0001:00012da8       pppMac_GetPacket           10013da8 f   ppp2ndis:memory.obj
 0001:00012e04       AddAdapter                 10013e04 f   ppp2ndis:adptlst.obj
 0001:00012f2c       AdapterAddRef              10013f2c f   ppp2ndis:adptlst.obj
 0001:00012f88       AdapterDelRef              10013f88 f   ppp2ndis:adptlst.obj
 0001:0001302c       WalkDevEnum                1001402c f   ppp2ndis:adptlst.obj
 0001:000130d0       WalkDevices                100140d0 f   ppp2ndis:adptlst.obj
 0001:0001317c       WalkAdapters               1001417c f   ppp2ndis:adptlst.obj
 0001:0001326c       pppMac_EnumDevices         1001426c f   ppp2ndis:adptlst.obj
 0001:00013390       WalkDevFindDevice          10014390 f   ppp2ndis:adptlst.obj
 0001:000133f4       FindAdapter                100143f4 f   ppp2ndis:adptlst.obj
 0001:00013474       ndisTapiProcessDevCaps     10014474 f   ppp2ndis:ndistapi.obj
 0001:000135ec       ndisTapiLineGetDevCapsCompleteCallback 100145ec f   ppp2ndis:ndistapi.obj
 0001:00013664       NdisTapiIssueLineGetDevCaps 10014664 f   ppp2ndis:ndistapi.obj
 0001:00013724       NdisTapiSetNumLineDevs     10014724 f   ppp2ndis:ndistapi.obj
 0001:000137c0       ndisTapiProviderInitializeCompleteCallback 100147c0 f   ppp2ndis:ndistapi.obj
 0001:0001380c       NdisTapiAdapterInitialize  1001480c f   ppp2ndis:ndistapi.obj
 0001:00013874       NdisTapiLineTranslateAddress 10014874 f   ppp2ndis:ndistapi.obj
 0001:00013a50       NdisTapiGetDevConfig       10014a50 f   ppp2ndis:ndistapi.obj
 0001:00013b54       NdisTapiSetDevConfig       10014b54 f   ppp2ndis:ndistapi.obj
 0001:00013c08       NdisTapiLineOpen           10014c08 f   ppp2ndis:ndistapi.obj
 0001:00013c98       NdisTapiLineMakeCall       10014c98 f   ppp2ndis:ndistapi.obj
 0001:00013e08       createGetDeviceIDRequest   10014e08 f   ppp2ndis:ndistapi.obj
 0001:00013eb8       NdisTapiLineGetIdCompleteCallback 10014eb8 f   ppp2ndis:ndistapi.obj
 0001:00013ec4       NdisTapiGetDeviceIdAsync   10014ec4 f   ppp2ndis:ndistapi.obj
 0001:00013f50       NdisTapiGetDeviceId        10014f50 f   ppp2ndis:ndistapi.obj
 0001:0001404c       NdisTapiLineAnswerCompleteCallback 1001504c f   ppp2ndis:ndistapi.obj
 0001:00014058       NdisTapiLineAnswer         10015058 f   ppp2ndis:ndistapi.obj
 0001:00014100       NdisTapiCallCloseCompleteCallback 10015100 f   ppp2ndis:ndistapi.obj
 0001:0001414c       NdisTapiCallClose          1001514c f   ppp2ndis:ndistapi.obj
 0001:00014250       NdisTapiCallDropCompleteCallback 10015250 f   ppp2ndis:ndistapi.obj
 0001:0001425c       NdisTapiCallDrop           1001525c f   ppp2ndis:ndistapi.obj
 0001:00014384       NdisTapiHangup             10015384 f   ppp2ndis:ndistapi.obj
 0001:000143d4       NdisTapiLineCloseCompleteCallback 100153d4 f   ppp2ndis:ndistapi.obj
 0001:00014410       closeCallBeforeClosingLineCompleteCallback 10015410 f   ppp2ndis:ndistapi.obj
 0001:0001441c       NdisTapiLineClose          1001541c f   ppp2ndis:ndistapi.obj
 0001:0001458c       NdisTapiLineConfigDialogEdit 1001558c f   ppp2ndis:ndistapi.obj
 0001:0001479c       FipsGenRandom              1001579c f   fipsrandom:fipsrandom.obj
 0001:00014824       SHA256Final                10015824 f   rsaenh:RSAENH.dll
 0001:00014834       SHA256Update               10015834 f   rsaenh:RSAENH.dll
 0001:00014844       SHA256Init                 10015844 f   rsaenh:RSAENH.dll
 0001:00014854       MD5Final                   10015854 f   rsaenh:RSAENH.dll
 0001:00014864       MD5Update                  10015864 f   rsaenh:RSAENH.dll
 0001:00014874       MD5Init                    10015874 f   rsaenh:RSAENH.dll
 0001:00014884       A_SHAFinal                 10015884 f   rsaenh:RSAENH.dll
 0001:00014894       A_SHAUpdate                10015894 f   rsaenh:RSAENH.dll
 0001:000148a4       A_SHAInit                  100158a4 f   rsaenh:RSAENH.dll
 0001:000148b4       MDupdate                   100158b4 f   rsaenh:RSAENH.dll
 0001:000148c4       MDbegin                    100158c4 f   rsaenh:RSAENH.dll
 0001:000148d4       rc4                        100158d4 f   rsaenh:RSAENH.dll
 0001:000148e4       rc4_key                    100158e4 f   rsaenh:RSAENH.dll
 0001:000148f4       DES_ECB_LM                 100158f4 f   rsaenh:RSAENH.dll
 0001:00014904       FreeLibrary                10015904 f   coredll:COREDLL.dll
 0001:00014914       GetProcAddressW            10015914 f   coredll:COREDLL.dll
 0001:00014924       LoadLibraryW               10015924 f   coredll:COREDLL.dll
 0001:00014934       InitializeCriticalSection  10015934 f   coredll:COREDLL.dll
 0001:00014944       DisableThreadLibraryCalls  10015944 f   coredll:COREDLL.dll
 0001:00014954       EventModify                10015954 f   coredll:COREDLL.dll
 0001:00014964       __GetUserKData             10015964 f   coredll:COREDLL.dll
 0001:00014974       SetLastError               10015974 f   coredll:COREDLL.dll
 0001:00014984       LeaveCriticalSection       10015984 f   coredll:COREDLL.dll
 0001:00014994       EnterCriticalSection       10015994 f   coredll:COREDLL.dll
 0001:000149a4       RegCloseKey                100159a4 f   coredll:COREDLL.dll
 0001:000149b4       RegQueryValueExW           100159b4 f   coredll:COREDLL.dll
 0001:000149c4       RegOpenKeyExW              100159c4 f   coredll:COREDLL.dll
 0001:000149d4       RegSetValueExW             100159d4 f   coredll:COREDLL.dll
 0001:000149e4       RegCreateKeyExW            100159e4 f   coredll:COREDLL.dll
 0001:000149f4       RegDeleteKeyW              100159f4 f   coredll:COREDLL.dll
 0001:00014a04       HeapDestroy                10015a04 f   coredll:COREDLL.dll
 0001:00014a14       DeleteCriticalSection      10015a14 f   coredll:COREDLL.dll
 0001:00014a24       LocalFree                  10015a24 f   coredll:COREDLL.dll
 0001:00014a34       CloseHandle                10015a34 f   coredll:COREDLL.dll
 0001:00014a44       CloseMsgQueue              10015a44 f   coredll:COREDLL.dll
 0001:00014a54       WriteMsgQueue              10015a54 f   coredll:COREDLL.dll
 0001:00014a64       WaitForSingleObject        10015a64 f   coredll:COREDLL.dll
 0001:00014a74       GetTickCount               10015a74 f   coredll:COREDLL.dll
 0001:00014a84       CeSetThreadPriority        10015a84 f   coredll:COREDLL.dll
 0001:00014a94       CreateThread               10015a94 f   coredll:COREDLL.dll
 0001:00014aa4       OpenMsgQueue               10015aa4 f   coredll:COREDLL.dll
 0001:00014ab4       GetDirectCallerProcessId   10015ab4 f   coredll:COREDLL.dll
 0001:00014ac4       CreateEventW               10015ac4 f   coredll:COREDLL.dll
 0001:00014ad4       StringCchPrintfW           10015ad4 f   coredll:COREDLL.dll
 0001:00014ae4       StringCchCopyW             10015ae4 f   coredll:COREDLL.dll
 0001:00014af4       HeapAlloc                  10015af4 f   coredll:COREDLL.dll
 0001:00014b04       HeapCreate                 10015b04 f   coredll:COREDLL.dll
 0001:00014b14       GetLastError               10015b14 f   coredll:COREDLL.dll
 0001:00014b24       HeapFree                   10015b24 f   coredll:COREDLL.dll
 0001:00014b34       KernelIoControl            10015b34 f   coredll:COREDLL.dll
 0001:00014b44       MultiByteToWideChar        10015b44 f   coredll:COREDLL.dll
 0001:00014b54       StringCchPrintfA           10015b54 f   coredll:COREDLL.dll
 0001:00014b64       WideCharToMultiByte        10015b64 f   coredll:COREDLL.dll
 0001:00014b74       StringCchCatW              10015b74 f   coredll:COREDLL.dll
 0001:00014b84       RasSetEntryDialParams      10015b84 f   coredll:COREDLL.dll
 0001:00014b94       LocalAlloc                 10015b94 f   coredll:COREDLL.dll
 0001:00014ba4       RasGetEntryDialParams      10015ba4 f   coredll:COREDLL.dll
 0001:00014bb4       CredFree                   10015bb4 f   coredll:COREDLL.dll
 0001:00014bc4       CredRead                   10015bc4 f   coredll:COREDLL.dll
 0001:00014bd4       CredWrite                  10015bd4 f   coredll:COREDLL.dll
 0001:00014be4       CredDelete                 10015be4 f   coredll:COREDLL.dll
 0001:00014bf4       RegEnumValueW              10015bf4 f   coredll:COREDLL.dll
 0001:00014c04       RegQueryInfoKeyW           10015c04 f   coredll:COREDLL.dll
 0001:00014c14       CryptProtectData           10015c14 f   coredll:COREDLL.dll
 0001:00014c24       CryptUnprotectData         10015c24 f   coredll:COREDLL.dll
 0001:00014c34       RegDeleteValueW            10015c34 f   coredll:COREDLL.dll
 0001:00014c44       RegEnumKeyExW              10015c44 f   coredll:COREDLL.dll
 0001:00014c54       CeFreeDuplicateBuffer      10015c54 f   coredll:COREDLL.dll
 0001:00014c64       CeAllocDuplicateBuffer     10015c64 f   coredll:COREDLL.dll
 0001:00014c74       WriteFile                  10015c74 f   coredll:COREDLL.dll
 0001:00014c84       ReadFile                   10015c84 f   coredll:COREDLL.dll
 0001:00014c94       WaitCommEvent              10015c94 f   coredll:COREDLL.dll
 0001:00014ca4       Sleep                      10015ca4 f   coredll:COREDLL.dll
 0001:00014cb4       SetCommTimeouts            10015cb4 f   coredll:COREDLL.dll
 0001:00014cc4       GetCommTimeouts            10015cc4 f   coredll:COREDLL.dll
 0001:00014cd4       SetCommMask                10015cd4 f   coredll:COREDLL.dll
 0001:00014ce4       CryptReleaseContext        10015ce4 f   coredll:COREDLL.dll
 0001:00014cf4       CryptGenRandom             10015cf4 f   coredll:COREDLL.dll
 0001:00014d04       CryptAcquireContextW       10015d04 f   coredll:COREDLL.dll
 0001:00014d14       VEMDeviceDestroy           10015d14 f   veim:VEIM.dll
 0001:00014d24       VEMFreeNDISBuffer          10015d24 f   veim:VEIM.dll
 0001:00014d34       VEMFreeNDISPacket          10015d34 f   veim:VEIM.dll
 0001:00014d44       VEMReceivePacket           10015d44 f   veim:VEIM.dll
 0001:00014d54       VEMGetNDISBuffer           10015d54 f   veim:VEIM.dll
 0001:00014d64       VEMGetNDISPacket           10015d64 f   veim:VEIM.dll
 0001:00014d74       VEMDeviceCreate            10015d74 f   veim:VEIM.dll
 0001:00014d84       VEMAddBindings             10015d84 f   veim:VEIM.dll
 0001:00014d94       VEMDeleteBindings          10015d94 f   veim:VEIM.dll
 0001:00014da4       VEMSetMediaState           10015da4 f   veim:VEIM.dll
 0001:00014db4       VEMSetDomain               10015db4 f   veim:VEIM.dll
 0001:00014dc4       VEMSetWINSConfig           10015dc4 f   veim:VEIM.dll
 0001:00014dd4       VEMSetIPConfig             10015dd4 f   veim:VEIM.dll
 0001:00014de4       VEMSendComplete            10015de4 f   veim:VEIM.dll
 0001:00014df4       closesocket                10015df4 f   ws2k:WS2K.dll
 0001:00014e04       socket                     10015e04 f   ws2k:WS2K.dll
 0001:00014e14       WSAStartup                 10015e14 f   ws2k:WS2K.dll
 0001:00014e24       CTEIOControl               10015e24 f   cxport:CXPORT.dll
 0001:00014e34       CTEStopTimer               10015e34 f   cxport:CXPORT.dll
 0001:00014e44       CTEStartTimer              10015e44 f   cxport:CXPORT.dll
 0001:00014e54       CTEInitTimer               10015e54 f   cxport:CXPORT.dll
 0001:00014e64       CTEInitialize              10015e64 f   cxport:CXPORT.dll
 0001:00014e74       CXUtilGetProcAddresses     10015e74 f   cxport:CXPORT.dll
 0001:00014e84       CTEFreeMem                 10015e84 f   cxport:CXPORT.dll
 0001:00014e94       CTEScheduleEvent           10015e94 f   cxport:CXPORT.dll
 0001:00014ea4       CTEInitEvent               10015ea4 f   cxport:CXPORT.dll
 0001:00014eb4       CTEAllocMem                10015eb4 f   cxport:CXPORT.dll
 0001:00014ec4       NdisAllocateMemory         10015ec4 f   ndis:NDIS.dll
 0001:00014ed4       NdisFreeMemory             10015ed4 f   ndis:NDIS.dll
 0001:00014ee4       NdisUnchainBufferAtFront   10015ee4 f   ndis:NDIS.dll
 0001:00014ef4       NdisSetEvent               10015ef4 f   ndis:NDIS.dll
 0001:00014f04       NdisWaitEvent              10015f04 f   ndis:NDIS.dll
 0001:00014f14       NdisScheduleWorkItem       10015f14 f   ndis:NDIS.dll
 0001:00014f24       NdisResetEvent             10015f24 f   ndis:NDIS.dll
 0001:00014f34       NdisInitializeEvent        10015f34 f   ndis:NDIS.dll
 0001:00014f44       NdisReset                  10015f44 f   ndis:NDIS.dll
 0001:00014f54       NdisFreeSpinLock           10015f54 f   ndis:NDIS.dll
 0001:00014f64       NdisAllocateSpinLock       10015f64 f   ndis:NDIS.dll
 0001:00014f74       NdisRegisterProtocol       10015f74 f   ndis:NDIS.dll
 0001:00014f84       NdisCompleteUnbindAdapter  10015f84 f   ndis:NDIS.dll
 0001:00014f94       NdisFreeEvent              10015f94 f   ndis:NDIS.dll
 0001:00014fa4       NdisRequest                10015fa4 f   ndis:NDIS.dll
 0001:00014fb4       NdisInterlockedInsertTailList 10015fb4 f   ndis:NDIS.dll
 0001:00014fc4       NdisInitializeListHead     10015fc4 f   ndis:NDIS.dll
 0001:00014fd4       NdisInterlockedRemoveHeadList 10015fd4 f   ndis:NDIS.dll
 0001:00014fe4       NdisOpenAdapter            10015fe4 f   ndis:NDIS.dll
 0001:00014ff4       NdisCloseAdapter           10015ff4 f   ndis:NDIS.dll
 0001:00015004       _DllEntryCRTStartup        10016004 f   corelib0:pegdentry.obj
 0001:00015048       __GSHandlerCheckCommon     10016048 f   corelib0:gshandler.obj
 0001:00015084       __GSHandlerCheck           10016084 f   corelib0:gshandler.obj
 0001:000150a4       __security_init_cookie     100160a4 f   corelib0:seccinit.obj
 0001:000150f0       __security_check_cookie    100160f0 f   corelib0:armsecgs.obj
 0001:00015100       __gsfailure                10016100     corelib0:armsecgs.obj
 0001:0001514c       _onexit                    1001614c f   corelib0:onexit.obj
 0001:000152d0       atexit                     100162d0 f   corelib0:onexit.obj
 0001:000152e8       __GSHandlerCheck_SEH       100162e8 f   corelib0:gshandlerseh.obj
 0001:0001541c       _cexit                     1001641c f   corelib0:cexit.obj
 0001:0001542c       _initterm                  1001642c f   corelib0:crt0dat.obj
 0001:00015458       _cinit                     10016458 f   corelib0:crt0dat.obj
 0001:000154b8       __crt_ExitProcess          100164b8 f   corelib0:exitproc_proxy.obj
 0001:000154c4       wcscmp                     100164c4 f   corelib1:COREDLL.dll
 0001:000154d4       memmove                    100164d4 f   corelib1:COREDLL.dll
 0001:000154e4       memcpy                     100164e4 f   corelib1:COREDLL.dll
 0001:000154f4       memset                     100164f4 f   corelib1:COREDLL.dll
 0001:00015504       wcsncmp                    10016504 f   corelib1:COREDLL.dll
 0001:00015514       wcscpy                     10016514 f   corelib1:COREDLL.dll
 0001:00015524       memcmp                     10016524 f   corelib1:COREDLL.dll
 0001:00015534       wcslen                     10016534 f   corelib1:COREDLL.dll
 0001:00015544       strlen                     10016544 f   corelib1:COREDLL.dll
 0001:00015554       _wcsicmp                   10016554 f   corelib1:COREDLL.dll
 0001:00015564       sprintf                    10016564 f   corelib1:COREDLL.dll
 0001:00015574       strcpy                     10016574 f   corelib1:COREDLL.dll
 0001:00015584       wcschr                     10016584 f   corelib1:COREDLL.dll
 0001:00015594       strtol                     10016594 f   corelib1:COREDLL.dll
 0001:000155a4       strncpy                    100165a4 f   corelib1:COREDLL.dll
 0001:000155b4       strcat                     100165b4 f   corelib1:COREDLL.dll
 0001:000155c4       wcsncpy                    100165c4 f   corelib1:COREDLL.dll
 0001:000155d4       swprintf                   100165d4 f   corelib1:COREDLL.dll
 0001:000155e4       iswctype                   100165e4 f   corelib1:COREDLL.dll
 0001:000155f4       __C_specific_handler       100165f4 f   corelib1:COREDLL.dll
 0001:00015604       _wcsnicmp                  10016604 f   corelib1:COREDLL.dll
 0001:00015614       __security_gen_cookie2     10016614 f   corelib1:COREDLL.dll
 0001:00015624       __report_gsfailure         10016624 f   corelib1:COREDLL.dll
 0001:00015634       free                       10016634 f   corelib1:COREDLL.dll
 0001:00015644       malloc                     10016644 f   corelib1:COREDLL.dll
 0001:00015654       realloc                    10016654 f   corelib1:COREDLL.dll
 0001:00015664       _msize                     10016664 f   corelib1:COREDLL.dll
 0001:00015674       PPPServerSetParameters     10016674 f   ppp2srvstub:pppserverstub.obj
 0001:0001567c       PPPServerGetParameters     1001667c f   ppp2srvstub:pppserverstub.obj
 0001:00015684       PPPServerGetIPV6NetPrefix  10016684 f   ppp2srvstub:pppserverstub.obj
 0001:0001568c       PPPServerSetIPV6NetPrefix  1001668c f   ppp2srvstub:pppserverstub.obj
 0001:00015694       PPPServerGetStatus         10016694 f   ppp2srvstub:pppserverstub.obj
 0001:0001569c       PPPServerLineAdd           1001669c f   ppp2srvstub:pppserverstub.obj
 0001:000156a4       PPPServerSetEnableState    100166a4 f   ppp2srvstub:pppserverstub.obj
 0001:000156ac       PPPServerUserCredentialsGetByName 100166ac f   ppp2srvstub:pppserverstub.obj
 0001:000156b4       PPPServerUserSetCredentials 100166b4 f   ppp2srvstub:pppserverstub.obj
 0001:000156bc       PPPServerUserDeleteCredentials 100166bc f   ppp2srvstub:pppserverstub.obj
 0001:000156c4       PPPServerLineIoCtl         100166c4 f   ppp2srvstub:pppserverstub.obj
 0001:000156cc       PPPServerGetSessionServerIPAddress 100166cc f   ppp2srvstub:pppserverstub.obj
 0001:000156d4       PPPServerGetSessionClientIPAddress 100166d4 f   ppp2srvstub:pppserverstub.obj
 0001:000156dc       PPPServerGetSessionIPV6NetPrefix 100166dc f   ppp2srvstub:pppserverstub.obj
 0001:000156e0       PPPServerGetSessionAuthenticationRequired 100166e0 f   ppp2srvstub:pppserverstub.obj
 0001:000156e8       PPPServerGetNameServerAddresses 100166e8 f   ppp2srvstub:pppserverstub.obj
 0001:000156f0       PPPServerInitialize        100166f0 f   ppp2srvstub:pppserverstub.obj
 0001:000156f4       PppFsmActionTLU            100166f4 f   ppp2app:layerfsm.obj
 0001:0001570c       PppFsmActionTLS            1001670c f   ppp2app:layerfsm.obj
 0001:00015724       PppFsmActionTLF            10016724 f   ppp2app:layerfsm.obj
 0001:0001573c       PppFsmActionSTR            1001673c f   ppp2app:layerfsm.obj
 0001:000157a0       PppFsmNew                  100167a0 f   ppp2app:layerfsm.obj
 0001:000158ec       PppFsmDelete               100168ec f   ppp2app:layerfsm.obj
 0001:00015928       PppFsmOptionsAdd           10016928 f   ppp2app:layerfsm.obj
 0001:00015978       PppFsmOptionsSetORLs       10016978 f   ppp2app:layerfsm.obj
 0001:000159cc       PppFsmNewState             100169cc f   ppp2app:layerfsm.obj
 0001:00015ad4       PppFsmClose                10016ad4 f   ppp2app:layerfsm.obj
 0001:00015b50       PppFsmLowerLayerDown       10016b50 f   ppp2app:layerfsm.obj
 0001:00015bb4       PppFsmProtocolRejected     10016bb4 f   ppp2app:layerfsm.obj
 0001:00015c30       PppFsmActionSendCodeReject 10016c30 f   ppp2app:layerfsm.obj
 0001:00015c84       PppFsmTimerExpireCb        10016c84 f   ppp2app:layerfsm.obj
 0001:00015d40       PppFsmStartTimer           10016d40 f   ppp2app:layerfsm.obj
 0001:00015d8c       PppFsmActionSCR            10016d8c f   ppp2app:layerfsm.obj
 0001:00015dfc       PppFsmOpen                 10016dfc f   ppp2app:layerfsm.obj
 0001:00015e78       PppFsmRenegotiate          10016e78 f   ppp2app:layerfsm.obj
 0001:00015ef8       PppFsmLowerLayerUp         10016ef8 f   ppp2app:layerfsm.obj
 0001:00015f64       PppFsmProcessRxPacket      10016f64 f   ppp2app:layerfsm.obj
 0001:00016364       OptionContextInitialize    10017364 f   ppp2app:option.obj
 0001:00016380       OptionContextCleanup       10017380 f   ppp2app:option.obj
 0001:000163b0       OptionInfoAdd              100173b0 f   ppp2app:option.obj
 0001:00016420       OptionSetORL               10017420 f   ppp2app:option.obj
 0001:00016470       OptionResponseAdd          10017470 f   ppp2app:option.obj
 0001:000164f4       OptionsWalk                100174f4 f   ppp2app:option.obj
 0001:00016564       OptionRequest              10017564 f   ppp2app:option.obj
 0001:0001666c       OptionAcked                1001766c f   ppp2app:option.obj
 0001:000166d8       OptionNak                  100176d8 f   ppp2app:option.obj
 0001:0001676c       OptionRej                  1001776c f   ppp2app:option.obj
 0001:000167d4       OptionBuildConfigureRequest 100177d4 f   ppp2app:option.obj
 0001:00016990       OptionResetNegotiation     10017990 f   ppp2app:option.obj
 0001:000169bc       OptionProcessPeerConfigRequest 100179bc f   ppp2app:option.obj
 0001:00016b70       OptionProcessRxMessage     10017b70 f   ppp2app:option.obj
 0001:00016cb0       NcpLowerLayerUp            10017cb0 f   ppp2ncp:fsm.obj
 0001:00016cf4       NcpLowerLayerDown          10017cf4 f   ppp2ncp:fsm.obj
 0001:00016d30       InterlockedCompareExchange 10017d30 f   coredll:COREDLL.dll
 0001:00016d40       InterlockedExchange        10017d40 f   coredll:COREDLL.dll
 0001:00016d50       TerminateProcess           10017d50 f   coredll:COREDLL.dll
 0001:00016d64       ??__Fcs@?1??get_lock@?$singleton@V?$free_list@$0GE@Vallocator@ce@@@ce@@$03V?$static_allocator@V?$free_list@$0GE@Vallocator@ce@@@ce@@$03@2@@ce@@KAAAVcritical_section@2@XZ@YAXXZ 10017d64 f i ppp2app:hosthelper.obj
 0001:00016f98       __IMPORT_DESCRIPTOR_RSAENH 10017f98     rsaenh:RSAENH.dll
 0001:00016fac       __IMPORT_DESCRIPTOR_COREDLL 10017fac     coredll:COREDLL.dll
 0001:00016fc0       __IMPORT_DESCRIPTOR_VEIM   10017fc0     veim:VEIM.dll
 0001:00016fd4       __IMPORT_DESCRIPTOR_WS2K   10017fd4     ws2k:WS2K.dll
 0001:00016fe8       __IMPORT_DESCRIPTOR_CXPORT 10017fe8     cxport:CXPORT.dll
 0001:00016ffc       __IMPORT_DESCRIPTOR_NDIS   10017ffc     ndis:NDIS.dll
 0001:00017010       __NULL_IMPORT_DESCRIPTOR   10018010     rsaenh:RSAENH.dll
 0002:00000000       __imp_TerminateProcess     10019000     coredll:COREDLL.dll
 0002:00000004       __imp_strlen               10019004     corelib1:COREDLL.dll
 0002:00000008       __imp_wcslen               10019008     corelib1:COREDLL.dll
 0002:0000000c       __imp_memcmp               1001900c     corelib1:COREDLL.dll
[...]
 0002:000000b8       __imp_HeapAlloc            100190b8     coredll:COREDLL.dll
 0002:000000bc       __imp_HeapCreate           100190bc     coredll:COREDLL.dll
 0002:000000c0       __imp_GetLastError         100190c0     coredll:COREDLL.dll
 0002:000000c4       __imp_HeapFree             100190c4     coredll:COREDLL.dll
 0002:000000c8       __imp_KernelIoControl      100190c8     coredll:COREDLL.dll
 0002:000000cc       __imp_MultiByteToWideChar  100190cc     coredll:COREDLL.dll
 0002:000000d0       __imp_StringCchPrintfA     100190d0     coredll:COREDLL.dll
 0002:000000d4       __imp_WideCharToMultiByte  100190d4     coredll:COREDLL.dll
 0002:000000d8       __imp_StringCchCatW        100190d8     coredll:COREDLL.dll
 0002:000000dc       __imp_RasSetEntryDialParams 100190dc     coredll:COREDLL.dll
 0002:000000e0       __imp_LocalAlloc           100190e0     coredll:COREDLL.dll
 0002:000000e4       __imp_RasGetEntryDialParams 100190e4     coredll:COREDLL.dll
 0002:000000e8       __imp_CredFree             100190e8     coredll:COREDLL.dll
 0002:000000ec       __imp_CredRead             100190ec     coredll:COREDLL.dll
 0002:000000f0       __imp_CredWrite            100190f0     coredll:COREDLL.dll
 0002:000000f4       __imp_CredDelete           100190f4     coredll:COREDLL.dll
 0002:000000f8       __imp_RegEnumValueW        100190f8     coredll:COREDLL.dll
 0002:000000fc       __imp_RegQueryInfoKeyW     100190fc     coredll:COREDLL.dll
 0002:00000100       __imp_CryptProtectData     10019100     coredll:COREDLL.dll
 0002:00000104       __imp_CryptUnprotectData   10019104     coredll:COREDLL.dll
 0002:00000108       __imp_RegDeleteValueW      10019108     coredll:COREDLL.dll
 0002:0000010c       __imp_RegEnumKeyExW        1001910c     coredll:COREDLL.dll
 0002:00000110       __imp_CeFreeDuplicateBuffer 10019110     coredll:COREDLL.dll
 0002:00000114       __imp_CeAllocDuplicateBuffer 10019114     coredll:COREDLL.dll
 0002:00000118       __imp_WriteFile            10019118     coredll:COREDLL.dll
 0002:0000011c       __imp_ReadFile             1001911c     coredll:COREDLL.dll
 0002:00000120       __imp_WaitCommEvent        10019120     coredll:COREDLL.dll
 0002:00000124       __imp_Sleep                10019124     coredll:COREDLL.dll
 0002:00000128       __imp_SetCommTimeouts      10019128     coredll:COREDLL.dll
 0002:0000012c       __imp_GetCommTimeouts      1001912c     coredll:COREDLL.dll
 0002:00000130       __imp_SetCommMask          10019130     coredll:COREDLL.dll
 0002:00000134       __imp_CryptReleaseContext  10019134     coredll:COREDLL.dll
 0002:00000138       __imp_CryptGenRandom       10019138     coredll:COREDLL.dll
 0002:0000013c       __imp_CryptAcquireContextW 1001913c     coredll:COREDLL.dll
 0002:00000140       __imp_InterlockedExchange  10019140     coredll:COREDLL.dll
 0002:00000144       __imp_strcat               10019144     corelib1:COREDLL.dll
 0002:00000148       __imp_InterlockedCompareExchange 10019148     coredll:COREDLL.dll
 0002:0000014c       __imp__msize               1001914c     corelib1:COREDLL.dll
 0002:00000150       __imp_realloc              10019150     corelib1:COREDLL.dll
 0002:00000154       __imp_malloc               10019154     corelib1:COREDLL.dll
 0002:00000158       __imp_free                 10019158     corelib1:COREDLL.dll
 0002:0000015c       __imp___report_gsfailure   1001915c     corelib1:COREDLL.dll
 0002:00000160       __imp___security_gen_cookie2 10019160     corelib1:COREDLL.dll
 0002:00000164       __imp___rt_udiv            10019164     corelib1:COREDLL.dll
 0002:00000168       __imp__wcsnicmp            10019168     corelib1:COREDLL.dll
 0002:0000016c       __imp___C_specific_handler 1001916c     corelib1:COREDLL.dll
 0002:00000170       __imp_iswctype             10019170     corelib1:COREDLL.dll
 0002:00000174       __imp_swprintf             10019174     corelib1:COREDLL.dll
 0002:00000178       __imp_wcsncpy              10019178     corelib1:COREDLL.dll
 0002:0000017c       __imp__wcsicmp             1001917c     corelib1:COREDLL.dll
 0002:00000180       \177COREDLL_NULL_THUNK_DATA 10019180     coredll:COREDLL.dll
 0002:00000184       __imp_CTEAllocMem          10019184     cxport:CXPORT.dll
 0002:00000188       __imp_CTEInitEvent         10019188     cxport:CXPORT.dll
 0002:0000018c       __imp_CTEScheduleEvent     1001918c     cxport:CXPORT.dll
 0002:00000190       __imp_CTEFreeMem           10019190     cxport:CXPORT.dll
 0002:00000194       __imp_CXUtilGetProcAddresses 10019194     cxport:CXPORT.dll
 0002:00000198       __imp_CTEIOControl         10019198     cxport:CXPORT.dll
 0002:0000019c       __imp_CTEStopTimer         1001919c     cxport:CXPORT.dll
 0002:000001a0       __imp_CTEStartTimer        100191a0     cxport:CXPORT.dll
 0002:000001a4       __imp_CTEInitTimer         100191a4     cxport:CXPORT.dll
 0002:000001a8       __imp_CTEInitialize        100191a8     cxport:CXPORT.dll
 0002:000001ac       \177CXPORT_NULL_THUNK_DATA 100191ac     cxport:CXPORT.dll
 0002:000001b0       __imp_NdisOpenAdapter      100191b0     ndis:NDIS.dll
 0002:000001b4       __imp_NdisCloseAdapter     100191b4     ndis:NDIS.dll
 0002:000001b8       __imp_NdisInterlockedRemoveHeadList 100191b8     ndis:NDIS.dll
 0002:000001bc       __imp_NdisInitializeListHead 100191bc     ndis:NDIS.dll
 0002:000001c0       __imp_NdisAllocateMemory   100191c0     ndis:NDIS.dll
 0002:000001c4       __imp_NdisFreeMemory       100191c4     ndis:NDIS.dll
 0002:000001c8       __imp_NdisUnchainBufferAtFront 100191c8     ndis:NDIS.dll
 0002:000001cc       __imp_NdisSetEvent         100191cc     ndis:NDIS.dll
 0002:000001d0       __imp_NdisWaitEvent        100191d0     ndis:NDIS.dll
 0002:000001d4       __imp_NdisScheduleWorkItem 100191d4     ndis:NDIS.dll
 0002:000001d8       __imp_NdisResetEvent       100191d8     ndis:NDIS.dll
 0002:000001dc       __imp_NdisInitializeEvent  100191dc     ndis:NDIS.dll
 0002:000001e0       __imp_NdisReset            100191e0     ndis:NDIS.dll
 0002:000001e4       __imp_NdisFreeSpinLock     100191e4     ndis:NDIS.dll
 0002:000001e8       __imp_NdisAllocateSpinLock 100191e8     ndis:NDIS.dll
 0002:000001ec       __imp_NdisRegisterProtocol 100191ec     ndis:NDIS.dll
 0002:000001f0       __imp_NdisCompleteUnbindAdapter 100191f0     ndis:NDIS.dll
 0002:000001f4       __imp_NdisFreeEvent        100191f4     ndis:NDIS.dll
 0002:000001f8       __imp_NdisRequest          100191f8     ndis:NDIS.dll
 0002:000001fc       __imp_NdisInterlockedInsertTailList 100191fc     ndis:NDIS.dll
 0002:00000200       \177NDIS_NULL_THUNK_DATA   10019200     ndis:NDIS.dll
 0002:00000204       __imp_MDbegin              10019204     rsaenh:RSAENH.dll
 0002:00000208       __imp_rc4                  10019208     rsaenh:RSAENH.dll
 0002:0000020c       __imp_rc4_key              1001920c     rsaenh:RSAENH.dll
 0002:00000210       __imp_DES_ECB_LM           10019210     rsaenh:RSAENH.dll
 0002:00000214       __imp_MDupdate             10019214     rsaenh:RSAENH.dll
 0002:00000218       __imp_A_SHAInit            10019218     rsaenh:RSAENH.dll
 0002:0000021c       __imp_A_SHAUpdate          1001921c     rsaenh:RSAENH.dll
 0002:00000220       __imp_A_SHAFinal           10019220     rsaenh:RSAENH.dll
 0002:00000224       __imp_MD5Init              10019224     rsaenh:RSAENH.dll
 0002:00000228       __imp_MD5Update            10019228     rsaenh:RSAENH.dll
 0002:0000022c       __imp_MD5Final             1001922c     rsaenh:RSAENH.dll
 0002:00000230       __imp_SHA256Init           10019230     rsaenh:RSAENH.dll
 0002:00000234       __imp_SHA256Update         10019234     rsaenh:RSAENH.dll
 0002:00000238       __imp_SHA256Final          10019238     rsaenh:RSAENH.dll
 0002:0000023c       \177RSAENH_NULL_THUNK_DATA 1001923c     rsaenh:RSAENH.dll
 0002:00000240       __imp_VEMSetDomain         10019240     veim:VEIM.dll
 0002:00000244       __imp_VEMDeviceDestroy     10019244     veim:VEIM.dll
 0002:00000248       __imp_VEMFreeNDISPacket    10019248     veim:VEIM.dll
 0002:0000024c       __imp_VEMReceivePacket     1001924c     veim:VEIM.dll
 0002:00000250       __imp_VEMGetNDISBuffer     10019250     veim:VEIM.dll
 0002:00000254       __imp_VEMGetNDISPacket     10019254     veim:VEIM.dll
 0002:00000258       __imp_VEMSendComplete      10019258     veim:VEIM.dll
 0002:0000025c       __imp_VEMSetIPConfig       1001925c     veim:VEIM.dll
 0002:00000260       __imp_VEMSetWINSConfig     10019260     veim:VEIM.dll
 0002:00000264       __imp_VEMFreeNDISBuffer    10019264     veim:VEIM.dll
 0002:00000268       __imp_VEMSetMediaState     10019268     veim:VEIM.dll
 0002:0000026c       __imp_VEMDeleteBindings    1001926c     veim:VEIM.dll
 0002:00000270       __imp_VEMAddBindings       10019270     veim:VEIM.dll
 0002:00000274       __imp_VEMDeviceCreate      10019274     veim:VEIM.dll
 0002:00000278       \177VEIM_NULL_THUNK_DATA   10019278     veim:VEIM.dll
 0002:0000027c       __imp_socket               1001927c     ws2k:WS2K.dll
 0002:00000280       __imp_WSAStartup           10019280     ws2k:WS2K.dll
 0002:00000284       __imp_closesocket          10019284     ws2k:WS2K.dll
 0002:00000288       \177WS2K_NULL_THUNK_DATA   10019288     ws2k:WS2K.dll
 0002:00000290       dpCurSettings              10019290     ppp2app:pppinit.obj
 0002:000006d8       HighestAcceptableMax       100196d8     ppp2app:util.obj
 0002:000006e0       PPPVEMQueryOidHandlerTable 100196e0     ppp2app:ip_intf.obj
 0002:00000704       PPPVEMQueryOidHandlerTableCount 10019704     ppp2app:ip_intf.obj
 0002:00000728       g_DhcpMagicCookie          10019728     ppp2app:dhcp.obj
 0002:00000758       pppIpcpProtocolDescriptor  10019758     ppp2ipcp:ipcp.obj
 0002:00000774       pppIPProtocolDescriptor    10019774     ppp2ipcp:ipcp.obj
 0002:00000790       pppVJIPProtocolDescriptor  10019790     ppp2ipcp:ipcp.obj
 0002:000007ac       pppVJUIPProtocolDescriptor 100197ac     ppp2ipcp:ipcp.obj
 0002:000007c8       g_abVJProtocolID           100197c8     ppp2ipcp:option.obj
 0002:000007cc       ipcpIPCompressionOptionDescriptor 100197cc     ppp2ipcp:option.obj
 0002:000007ec       ipcpIPAddressOptionDescriptor 100197ec     ppp2ipcp:option.obj
 0002:0000080c       ipcpDNSAddressOptionDescriptor 1001980c     ppp2ipcp:option.obj
 0002:0000082c       ipcpWINSAddressOptionDescriptor 1001982c     ppp2ipcp:option.obj
 0002:0000084c       ipcpDNSBackupAddressOptionDescriptor 1001984c     ppp2ipcp:option.obj
 0002:0000086c       ipcpWINSBackupAddressOptionDescriptor 1001986c     ppp2ipcp:option.obj
 0002:000008b8       pppIpv6cpProtocolDescriptor 100198b8     pppipv6cp:ipv6cp.obj
 0002:000008d4       pppIPV6ProtocolDescriptor  100198d4     pppipv6cp:ipv6cp.obj
 0002:000008f0       ipv6cpIFIDOptionDescriptor 100198f0     pppipv6cp:ipv6cpopt.obj
 0002:00000910       lcpExtensionMessageDescriptor 10019910     ppp2lcp:lcp.obj
 0002:00000978       pppLcpProtocolDescriptor   10019978     ppp2lcp:lcp.obj
 0002:00000994       AuthProtocolInfoTable      10019994     ppp2lcp:lcpopt.obj
 0002:000009c4       lcpMRUOptionDescriptor     100199c4     ppp2lcp:lcpopt.obj
 0002:000009e4       lcpACCMOptionDescriptor    100199e4     ppp2lcp:lcpopt.obj
 0002:00000a04       lcpAuthOptionDescriptor    10019a04     ppp2lcp:lcpopt.obj
 0002:00000a24       lcpMagicOptionDescriptor   10019a24     ppp2lcp:lcpopt.obj
 0002:00000a44       lcpPFCOptionDescriptor     10019a44     ppp2lcp:lcpopt.obj
 0002:00000a64       lcpACFCOptionDescriptor    10019a64     ppp2lcp:lcpopt.obj
 0002:00000a84       eapDescriptor              10019a84     ppp2auth:eap.obj
 0002:00000aa8       pppAuthProtocolDescriptor  10019aa8     ppp2auth:auth.obj
 0002:00000ac4       chapMD5AlgorithmDescriptor 10019ac4     ppp2auth:chap.obj
 0002:00000adc       chapMSv1AlgorithmDescriptor 10019adc     ppp2auth:chap.obj
 0002:00000b48       chapMSv2AlgorithmDescriptor 10019b48     ppp2auth:chap.obj
 0002:00000b60       ccpExtensionMessageDescriptor 10019b60     ppp2ccp:ccp.obj
 0002:00000bb0       pppCCPProtocolDescriptor   10019bb0     ppp2ccp:ccp.obj
 0002:00000bcc       pppCPKTProtocolDescriptor  10019bcc     ppp2ccp:ccp.obj
 0002:00000be8       ccpCompressionOptionDescriptor 10019be8     ppp2ccp:option.obj
 0002:00000c08       SHApad2                    10019c08     ppp2ccp:encrypt.obj
 0002:00000c30       ClntSSrvR                  10019c30     ppp2ccp:encrypt.obj
 0002:00000c34       ClntRSrvS                  10019c34     ppp2ccp:encrypt.obj
 0002:00000c38       szDummyPassword            10019c38     ppp2ras:rasreg.obj
 0002:00000c68       PROTCharacteristics        10019c68     ppp2ndis:ndisprot.obj
 0002:00000cb4       MediaArray                 10019cb4     ppp2ndis:adptlst.obj
 0002:00000cb8       __security_cookie          10019cb8     corelib0:seccinit.obj
 0002:00000cbc       __security_cookie_complement 10019cbc     corelib0:seccinit.obj
 0002:00000cc0       g_bPPPInitialized          10019cc0     ppp2app:pppinit.obj
 0002:00000cc4       ??_B?1??get_lock@?$singleton@V?$free_list@$0GE@Vallocator@ce@@@ce@@$03V?$static_allocator@V?$free_list@$0GE@Vallocator@ce@@@ce@@$03@2@@ce@@KAAAVcritical_section@2@XZ@51 10019cc4     ppp2app:hosthelper.obj
 0002:00000cc8       ?cs@?1??get_lock@?$singleton@V?$free_list@$0GE@Vallocator@ce@@@ce@@$03V?$static_allocator@V?$free_list@$0GE@Vallocator@ce@@@ce@@$03@2@@ce@@KAAAVcritical_section@3@XZ@4V43@A 10019cc8     ppp2app:hosthelper.obj
 0002:00000cdc       ?_factory@?$singleton@V?$free_list@$0GE@Vallocator@ce@@@ce@@$03V?$static_allocator@V?$free_list@$0GE@Vallocator@ce@@@ce@@$03@2@@ce@@1Ulock_factory@12@A 10019cdc     ppp2app:hosthelper.obj
 0002:00000ce8       SHApad1                    10019ce8     ppp2ccp:encrypt.obj
 0002:00000d10       _exitflag                  10019d10     corelib0:cexit.obj
 0002:00000d14       g_dwTotalLineCount         10019d14     ppp2srvstub:pppserverstub.obj
 0002:00000d18       g_hTcpIpMod                10019d18     ppp2srvstub:pppserverstub.obj
 0002:00000d1c       g_hIpHlpApiMod             10019d1c     ppp2srvstub:pppserverstub.obj
 0002:00000d20       g_dwWINSIpAddr             10019d20     <common>
 0002:00000d28       g_dwDNSIpAddr              10019d28     <common>
 0002:00000d30       g_PPPSessionList           10019d30     <common>
 0002:00000d40       v_ListCS                   10019d40     <common>
 0002:00000d54       v_hInstDLL                 10019d54     <common>
 0002:00000d58       g_pfnPostMessageW          10019d58     <common>
 0002:00000d5c       g_hCoredllModule           10019d5c     <common>
 0002:00000d60       g_pEapSessionCreate        10019d60     <common>
 0002:00000d64       g_pEapSessionRxImpliedSuccessPacket 10019d64     <common>
 0002:00000d68       g_pEapSessionGetIdentity   10019d68     <common>
 0002:00000d6c       g_pEapInvokeConfigUI       10019d6c     <common>
 0002:00000d70       g_pEapSessionSetIdentity   10019d70     <common>
 0002:00000d74       g_pEapSessionSetUserData   10019d74     <common>
 0002:00000d78       g_pEapSessionSetPassword   10019d78     <common>
 0002:00000d7c       g_pEapUtilExtractMPPEKey   10019d7c     <common>
 0002:00000d80       g_pEapSessionProcessAuthenticationResult 10019d80     <common>
 0002:00000d84       g_pEapSessionDestroy       10019d84     <common>
 0002:00000d88       g_hEapDll                  10019d88     <common>
 0002:00000d8c       g_pEapSessionProcessRxPacket 10019d8c     <common>
 0002:00000d90       g_pEapSessionSetConnectionData 10019d90     <common>
 0002:00000da0       v_AdapterCS                10019da0     <common>
 0002:00000dc0       v_RequestCS                10019dc0     <common>
 0002:00000dd4       v_PROTHandle               10019dd4     <common>
 0002:00000dd8       v_AdapterList              10019dd8     <common>
 0002:00000ddc       v_hRequestEvent            10019ddc     <common>
 0002:00000de0       __onexitend                10019de0     <common>
 0002:00000de4       __onexitbegin              10019de4     <common>
 0002:00000de8       g_pcsExit                  10019de8     <common>

 entry point at        0001:00015004

 Static symbols

 0001:00001dd4       pppSessionFindProtocolContextForPacket 10002dd4 f   ppp2app:ppp.obj
 0001:00001fcc       PPPVEMDeviceDestroyThread  10002fcc f   ppp2app:ppp.obj
 0001:0000224c       ConnectionThread           1000324c f   ppp2app:ppp.obj
 0001:00005200       ipcpSendPacket             10006200 f   ppp2ipcp:ipcp.obj
 0001:00005208       ipcpUp                     10006208 f   ppp2ipcp:ipcp.obj
 0001:000052f8       ipcpDown                   100062f8 f   ppp2ipcp:ipcp.obj
 0001:00005318       ipcpStarted                10006318 f   ppp2ipcp:ipcp.obj
 0001:0000555c       ipcpFinished               1000655c f   ppp2ipcp:ipcp.obj
 0001:00006aa8       ipv6cpUp                   10007aa8 f   pppipv6cp:ipv6cp.obj
 0001:00006ac0       ipv6cpDown                 10007ac0 f   pppipv6cp:ipv6cp.obj
 0001:00006ae0       ipv6cpStarted              10007ae0 f   pppipv6cp:ipv6cp.obj
 0001:00006af0       ipv6cpFinished             10007af0 f   pppipv6cp:ipv6cp.obj
 0001:00006b10       ipv6cpSendPacket           10007b10 f   pppipv6cp:ipv6cp.obj
 0001:00007464       lcpSendPacket              10008464 f   ppp2lcp:lcp.obj
 0001:0000746c       lcpConfigureMACLayer       1000846c f   ppp2lcp:lcp.obj
 0001:00007560       lcpStarted                 10008560 f   ppp2lcp:lcp.obj
 0001:00007568       lcpFinished                10008568 f   ppp2lcp:lcp.obj
 0001:00007b2c       lcpDown                    10008b2c f   ppp2lcp:lcp.obj
 0001:00007c90       lcpUp                      10008c90 f   ppp2lcp:lcp.obj
 0001:00009ba0       findChapMessageSubstring   1000aba0 f   ppp2auth:chap.obj
 0001:00009d4c       chapBuildChallengePacket   1000ad4c f   ppp2auth:chap.obj
 0001:00009f0c       chapIssueNewResponse       1000af0c f   ppp2auth:chap.obj
 0001:00009fcc       chapBuildAndSendMSV2ChangePasswordResponse 1000afcc f   ppp2auth:chap.obj
 0001:0000a350       md5ComputeResponse         1000b350 f   ppp2auth:chap.obj
 0001:0000a400       md5ProcessResponse         1000b400 f   ppp2auth:chap.obj
 0001:0000a4a4       msChapComputeResponse      1000b4a4 f   ppp2auth:chap.obj
 0001:0000a570       msChapProcessResponse      1000b570 f   ppp2auth:chap.obj
 0001:0000a648       msChapProcessFailure       1000b648 f   ppp2auth:chap.obj
 0001:0000a820       msChapV2ComputeResponse    1000b820 f   ppp2auth:chap.obj
 0001:0000aa84       msChapV2ProcessResponse    1000ba84 f   ppp2auth:chap.obj
 0001:0000ab78       msChapV2ProcessSuccess     1000bb78 f   ppp2auth:chap.obj
 0001:0000ac70       chapProcessRxResponse      1000bc70 f   ppp2auth:chap.obj
 0001:0000bb78       ccpSendPacket              1000cb78 f   ppp2ccp:ccp.obj
 0001:0000bba8       ccpStarted                 1000cba8 f   ppp2ccp:ccp.obj
 0001:0000bbb8       ccpFinished                1000cbb8 f   ppp2ccp:ccp.obj
 0001:0000de18       SplitWackString            1000ee18 f   ppp2ras:rasreg.obj
 0001:0000dec0       RasCredentialsWrite        1000eec0 f   ppp2ras:rasreg.obj
 0001:0000e0f8       RasCredentialsRead         1000f0f8 f   ppp2ras:rasreg.obj
 0001:0000e92c       IsEncryptedRasEntry        1000f92c f   ppp2ras:rasreg.obj
 0001:0000ef10       safeCopyEntryName          1000ff10 f   ppp2ras:rasreg.obj
 0001:00010200       pppSessionCloseComplete    10011200 f   ppp2ras:ras.obj
 0001:00011414       pppHangupComplete          10012414 f   ppp2ndis:mac.obj
 0001:00012708       pppSessionUnbindCloseComplete 10013708 f   ppp2ndis:ndisprot.obj
 0001:0001435c       NdisTapiHangupCallDropComplete 1001535c f   ppp2ndis:ndistapi.obj
 0001:00015334       doexit                     10016334 f   corelib0:cexit.obj
 0001:00016d60       ??__E?_factory@?$singleton@V?$free_list@$0GE@Vallocator@ce@@@ce@@$03V?$static_allocator@V?$free_list@$0GE@Vallocator@ce@@@ce@@$03@2@@ce@@1Ulock_factory@12@A@@YAXXZ 10017d60 f   ppp2app:hosthelper.obj
