 riched60

 Timestamp is 618b15ca (Tue Nov 09 17:43:54 2021)

 Preferred load address is 10000000

 Start         Length     Name                   Class
 0001:00000000 00008d0cH .rdata                  CODE
 0001:00008d0c 00000025H .rdata$debug            CODE
 0001:00008d34 000b43c4H .text                   CODE
 0001:000bd0f8 00000188H .xdata                  CODE
 0001:000bd280 00000028H .idata$2                CODE
 0001:000bd2a8 00000014H .idata$3                CODE
 0001:000bd2bc 00000308H .idata$4                CODE
 0001:000bd5c4 00000060H .idata$6                CODE
 0001:000bd630 000001a0H .edata                  CODE
 0002:00000000 00000308H .idata$5                DATA
 0002:00000308 00000318H .data                   DATA
 0002:00000620 00000629H .bss                    DATA
 0003:00000000 000062b8H .pdata                  DATA
 0004:00000000 00000078H .rsrc$01                DATA
 0004:00000080 00000398H .rsrc$02                DATA

  Address         Publics by Value              Rva+Base       Lib:Object

 0000:00000000       ___safe_se_handler_count   00000000     <absolute>
 0000:00000000       ___safe_se_handler_table   00000000     <absolute>
 0001:0000001c       IID_IPersistTextBlobBits   1000101c     riched60:reinit.obj
 0001:0000002c       IID_ITextBlob              1000102c     riched60:reinit.obj
 0001:0000003c       IID_IEnumTextBlobIds       1000103c     riched60:reinit.obj
 0001:0000004c       IID_IEnumTextTrackers      1000104c     riched60:reinit.obj
 0001:0000005c       IID_ITextMarkContainer     1000105c     riched60:reinit.obj
 0001:0000006c       IID_IRichEditOle           1000106c     riched60:reinit.obj
 0001:0000007c       IID_IRichEditOleCallback   1000107c     riched60:reinit.obj
 0001:0000008c       ??_C@_1BM@OKHCBCMA@?$AAR?$AAi?$AAc?$AAh?$AAE?$AAd?$AAi?$AAt?$AA2?$AA0?$AAW?$AAP?$AAT?$AA?$AA@ 1000108c     riched60:reinit.obj
 0001:000000a8       ??_C@_1BI@FOHIGIAE@?$AAR?$AAi?$AAc?$AAh?$AAE?$AAd?$AAi?$AAt?$AA2?$AA0?$AAW?$AA?$AA@ 100010a8     riched60:reinit.obj
 0001:000000c0       ??_C@_1BI@IPBPLMPG@?$AAR?$AAI?$AAC?$AAH?$AAE?$AAD?$AAI?$AAT?$AA6?$AA0?$AAW?$AA?$AA@ 100010c0     riched60:reinit.obj
 0001:000000d8       ??_C@_1BI@BJALLBF@?$AAR?$AAI?$AAC?$AAH?$AAE?$AAD?$AAI?$AAT?$AA5?$AA0?$AAW?$AA?$AA@ 100010d8     riched60:reinit.obj
 0001:00000100       IID_ITextBlobSurrogate     10001100     riched60:uuid.obj
 0001:00000110       IID_IDispatch              10001110     riched60:uuid.obj
 0001:00000120       IID_IUnknown               10001120     riched60:uuid.obj
 0001:00000130       IID_IEnumFORMATETC         10001130     riched60:uuid.obj
 0001:00000140       IID_IDataObject            10001140     riched60:uuid.obj
 0001:00000150       IID_IDropSource            10001150     riched60:uuid.obj
 0001:00000160       IID_IDropTarget            10001160     riched60:uuid.obj
 0001:00000170       IID_IViewObject            10001170     riched60:uuid.obj
 0001:00000180       IID_IViewObject2           10001180     riched60:uuid.obj
 0001:00000190       IID_IAdviseSink            10001190     riched60:uuid.obj
 0001:000001a0       IID_IOleClientSite         100011a0     riched60:uuid.obj
 0001:000001b0       IID_IOleWindow             100011b0     riched60:uuid.obj
 0001:000001c0       IID_IOleInPlaceSite        100011c0     riched60:uuid.obj
 0001:000001d0       IID_IOleLink               100011d0     riched60:uuid.obj
 0001:000001e0       IID_IOleCache              100011e0     riched60:uuid.obj
 0001:000001f0       IID_IOleObject             100011f0     riched60:uuid.obj
 0001:00000200       IID_IPersistStorage        10001200     riched60:uuid.obj
 0001:00000210       IID_IOleInPlaceObject      10001210     riched60:uuid.obj
 0001:00000220       CLSID_Picture_EnhMetafile  10001220     riched60:uuid.obj
 0001:00000230       CLSID_StaticMetafile       10001230     riched60:uuid.obj
 0001:00000240       CLSID_StaticDib            10001240     riched60:uuid.obj
 0001:00000250       IID_IViewObjectEx          10001250     riched60:uuid.obj
 0001:00000260       LIBID_tom                  10001260     riched60:uuid.obj
 0001:00000270       IID_ITextDocument          10001270     riched60:uuid.obj
 0001:00000280       IID_ITextSelection         10001280     riched60:uuid.obj
 0001:00000290       IID_ITextRange             10001290     riched60:uuid.obj
 0001:000002a0       IID_ITextFont              100012a0     riched60:uuid.obj
 0001:000002b0       IID_ITextPara              100012b0     riched60:uuid.obj
 0001:000002c0       IID_ITextStoryRanges       100012c0     riched60:uuid.obj
 0001:000002d0       IID_ITextMsgFilter         100012d0     riched60:uuid.obj
 0001:000002e0       IID_ITextDocument2         100012e0     riched60:uuid.obj
 0001:000002f0       IID_ITextRange2            100012f0     riched60:uuid.obj
 0001:00000300       IID_ITextSelection2        10001300     riched60:uuid.obj
 0001:00000310       IID_ITextFont2             10001310     riched60:uuid.obj
 0001:00000320       IID_ITextPara2             10001320     riched60:uuid.obj
 0001:00000330       IID_ITextStoryRanges2      10001330     riched60:uuid.obj
 0001:00000340       IID_ITextStrings           10001340     riched60:uuid.obj
 0001:00000350       IID_ITextBorders           10001350     riched60:uuid.obj
 0001:00000360       IID_ITextBorder            10001360     riched60:uuid.obj
 0001:00000370       IID_ITextTable             10001370     riched60:uuid.obj
 0001:00000380       IID_ITextRows              10001380     riched60:uuid.obj
 0001:00000390       IID_ITextColumns           10001390     riched60:uuid.obj
 0001:000003a0       IID_ITextCells             100013a0     riched60:uuid.obj
 0001:000003b0       IID_ITextRow               100013b0     riched60:uuid.obj
 0001:000003c0       IID_ITextColumn            100013c0     riched60:uuid.obj
 0001:000003d0       IID_ITextCell              100013d0     riched60:uuid.obj
 0001:000003e0       IID_ITextDisplays          100013e0     riched60:uuid.obj
 0001:000003f0       IID_IAccessible            100013f0     riched60:uuid.obj
 0001:00000400       LIBID_Accessibility        10001400     riched60:uuid.obj
 0001:00000410       IID_IEnumVARIANT           10001410     riched60:uuid.obj
 0001:00000420       IID_ITextInputSupport      10001420     riched60:uuid.obj
 0001:00000430       IID_ITextServices          10001430     riched60:edit.obj
 0001:00000440       IID_ITextHost              10001440     riched60:edit.obj
 0001:00000450       IID_ITextHost2             10001450     riched60:edit.obj
 0001:00000460       IID_ITextHostEx            10001460     riched60:edit.obj
 0001:00000470       IID_IRichEditDO            10001470     riched60:edit.obj
 0001:00000480       ?szCRLF@@3QBGB             10001480     riched60:edit.obj
 0001:00000488       ?szCR@@3QBGB               10001488     riched60:edit.obj
 0001:0000048c       ??_7ITxNotify@@6B@         1000148c     riched60:edit.obj
 0001:00000498       ??_7IRichEditOle@@6B@      10001498     riched60:edit.obj
 0001:000004e4       ??_7CUnknown@CTxtEdit@@6B@ 100014e4     riched60:edit.obj
 0001:000004f0       ??_7CTextNotify@@6B@       100014f0     riched60:edit.obj
 0001:00000500       ??_7CTxtEdit@@6BITextServices@@@ 10001500     riched60:edit.obj
 0001:00000558       ??_7CTxtEdit@@6BIRichEditOle@@@ 10001558     riched60:edit.obj
 0001:000005a8       ??_7CTxtEdit@@6BITextDocument2@@@ 100015a8     riched60:edit.obj
 0001:000006b0       ??_7CTxtEdit@@6BITextInputSupport@@@ 100016b0     riched60:edit.obj
 0001:00000720       ??_7ITextHostEx@@6B@       10001720     riched60:host.obj
 0001:00000740       ??_7CTxtWinHost@@6BITextHost2@@@ 10001740     riched60:host.obj
 0001:0000083c       ??_7CTxtWinHost@@6BITextHostEx@@@ 1000183c     riched60:host.obj
 0001:00000c58       GUID_NULL                  10001c58     riched60:w32sys.obj
 0001:00000d68       ??_C@_1BK@FNHDCFOH@?$AAr?$AAi?$AAc?$AAh?$AAe?$AAd?$AA2?$AA0?$AA?4?$AAd?$AAl?$AAl?$AA?$AA@ 10001d68     riched60:w32sys.obj
 0001:00000d84       ??_C@_1CI@MFJGKNPK@?$AAM?$AAS?$AAI?$AAM?$AAE?$AAM?$AAo?$AAu?$AAs?$AAe?$AAO?$AAp?$AAe?$AAr?$AAa?$AAt?$AAi?$AAo?$AAn?$AA?$AA@ 10001d84     riched60:w32sys.obj
 0001:00000dac       ??_C@_1CE@NPDEEDIH@?$AAM?$AAS?$AAI?$AAM?$AAE?$AAD?$AAo?$AAc?$AAu?$AAm?$AAe?$AAn?$AAt?$AAF?$AAe?$AAe?$AAd?$AA?$AA@ 10001dac     riched60:w32sys.obj
 0001:00000dd0       ??_C@_1BK@CDMOHHLD@?$AAM?$AAS?$AAI?$AAM?$AAE?$AAS?$AAe?$AAr?$AAv?$AAi?$AAc?$AAe?$AA?$AA@ 10001dd0     riched60:w32sys.obj
 0001:00000df8       ??_C@_1BA@PICGEGJB@?$AAD?$AAI?$AAS?$AAP?$AAL?$AAA?$AAY?$AA?$AA@ 10001df8     riched60:w32sys.obj
 0001:00000e08       ??_C@_1BE@BMAICGKH@?$AAG?$AAD?$AAI?$AA3?$AA2?$AA?4?$AAD?$AAL?$AAL?$AA?$AA@ 10001e08     riched60:w32sys.obj
 0001:00000e1c       ??_C@_1BE@EIGOMFJJ@?$AAG?$AAe?$AAt?$AAL?$AAa?$AAy?$AAo?$AAu?$AAt?$AA?$AA@ 10001e1c     riched60:w32sys.obj
 0001:00000e30       ??_C@_1BE@OGEFIFOF@?$AAS?$AAe?$AAt?$AAL?$AAa?$AAy?$AAo?$AAu?$AAt?$AA?$AA@ 10001e30     riched60:w32sys.obj
 0001:00000e44       ??_C@_1BA@NPJPKIM@?$AAE?$AAn?$AAa?$AAb?$AAl?$AAe?$AAd?$AA?$AA@ 10001e44     riched60:w32sys.obj
 0001:00000e54       ??_C@_1DK@DDOELFMJ@?$AAS?$AAy?$AAs?$AAt?$AAe?$AAm?$AA?2?$AAG?$AAD?$AAI?$AA?2?$AAC?$AAl?$AAe?$AAa?$AAr?$AAT?$AAy?$AAp?$AAe?$AAS?$AAe?$AAt?$AAt?$AAi?$AAn?$AAg?$AAs?$AA?$AA@ 10001e54     riched60:w32sys.obj
 0001:00000e90       ??_C@_1CA@MBPOLHGL@?$AAT?$AAi?$AAm?$AAe?$AAs?$AA?5?$AAN?$AAe?$AAw?$AA?5?$AAR?$AAo?$AAm?$AAa?$AAn?$AA?$AA@ 10001e90     riched60:font.obj
 0001:00000eb0       ??_C@_1O@FPBPJIKI@?$AAT?$AAa?$AAh?$AAo?$AAm?$AAa?$AA?$AA@ 10001eb0     riched60:font.obj
 0001:00000ec0       ??_C@_1O@GINMMDNN@?$AAS?$AAy?$AAs?$AAt?$AAe?$AAm?$AA?$AA@ 10001ec0     riched60:font.obj
 0001:00000ed0       ??_C@_1O@PCEIAOCJ@?$AAS?$AAy?$AAm?$AAb?$AAo?$AAl?$AA?$AA@ 10001ed0     riched60:font.obj
 0001:00000ee0       ??_C@_1BI@GNONBDFP@?$AAC?$AAo?$AAu?$AAr?$AAi?$AAe?$AAr?$AA?5?$AAN?$AAe?$AAw?$AA?$AA@ 10001ee0     riched60:font.obj
 0001:00000ef8       ??_C@_1CC@EPNHONBG@?$AAA?$AAr?$AAi?$AAa?$AAl?$AA?5?$AAU?$AAn?$AAi?$AAc?$AAo?$AAd?$AAe?$AA?5?$AAM?$AAS?$AA?$AA@ 10001ef8     riched60:font.obj
 0001:00000f1c       ??_C@_1M@KAKMLIHO@?$AAA?$AAr?$AAi?$AAa?$AAl?$AA?$AA@ 10001f1c     riched60:font.obj
 0001:00000f28       ??_C@_13COJANIEC@?$AA0?$AA?$AA@ 10001f28     riched60:font.obj
 0001:00000f2c       ??_C@_13FNCBLAIF@?$AAa?$AA?$AA@ 10001f2c     riched60:font.obj
 0001:00000fc8       ?rgwchThaiAlpha@ListNumberGenerator@@0QBGB 10001fc8     riched60:cfpf.obj
 0001:0000101c       ?nMaxThaiAlpha@ListNumberGenerator@@0HB 1000201c     riched60:cfpf.obj
 0001:00001020       ?rgwchHindiVowels@ListNumberGenerator@@0QBGB 10002020     riched60:cfpf.obj
 0001:00001040       ?nMaxHindiVowels@ListNumberGenerator@@0HB 10002040     riched60:cfpf.obj
 0001:00001044       ?nMaxHindiConsonants@ListNumberGenerator@@0HB 10002044     riched60:cfpf.obj
 0001:00001048       ?rgwchHindiConsonants@ListNumberGenerator@@0QBGB 10002048     riched60:cfpf.obj
 0001:0000108c       ?rgwchChineseCasualDigit@ListNumberGenerator@@0QBGB 1000208c     riched60:cfpf.obj
 0001:000010a0       ?rgwchHebAlpha@ListNumberGenerator@@0QBGB 100020a0     riched60:cfpf.obj
 0001:000010cc       ?nMaxHebAlpha@ListNumberGenerator@@0HB 100020cc     riched60:cfpf.obj
 0001:000010d0       ?rgwchAra1Alpha@ListNumberGenerator@@0QBGB 100020d0     riched60:cfpf.obj
 0001:00001108       ?nMaxAra1Alpha@ListNumberGenerator@@0HB 10002108     riched60:cfpf.obj
 0001:0000110c       ?rgwchAra2Alpha@ListNumberGenerator@@0QBGB 1000210c     riched60:cfpf.obj
 0001:00001144       ?nMaxAra2Alpha@ListNumberGenerator@@0HB 10002144     riched60:cfpf.obj
 0001:00001158       ??_C@_0L@HHFNBKFL@ivxlcdmnop?$AA@ 10002158     riched60:cfpf.obj
 0001:00001164       ??_C@_1BC@KBOBMHPK@?$AAL?$AAs?$AAS?$AAe?$AAt?$AAD?$AAo?$AAc?$AA?$AA@ 10002164     riched60:CEDllLoad.obj
 0001:00001178       ??_C@_1BE@MIMMKE@?$AAm?$AAs?$AAl?$AAs?$AA4?$AA?4?$AAD?$AAL?$AAL?$AA?$AA@ 10002178     riched60:CEDllLoad.obj
 0001:0000118c       ??_C@_1CG@JNIKJKGI@?$AAL?$AAs?$AAS?$AAe?$AAt?$AAM?$AAo?$AAd?$AAW?$AAi?$AAd?$AAt?$AAh?$AAP?$AAa?$AAi?$AAr?$AAs?$AA?$AA@ 1000218c     riched60:CEDllLoad.obj
 0001:000011b4       ??_C@_1CC@CGBDCCBB@?$AAL?$AAs?$AAS?$AAe?$AAt?$AAC?$AAo?$AAm?$AAp?$AAr?$AAe?$AAs?$AAs?$AAi?$AAo?$AAn?$AA?$AA@ 100021b4     riched60:CEDllLoad.obj
 0001:000011d8       ??_C@_1BO@EIOCEBMN@?$AAL?$AAs?$AAS?$AAe?$AAt?$AAE?$AAx?$AAp?$AAa?$AAn?$AAs?$AAi?$AAo?$AAn?$AA?$AA@ 100021d8     riched60:CEDllLoad.obj
 0001:000011f8       ??_C@_1BM@KNOGMBOA@?$AAL?$AAs?$AAS?$AAe?$AAt?$AAB?$AAr?$AAe?$AAa?$AAk?$AAi?$AAn?$AAg?$AA?$AA@ 100021f8     riched60:CEDllLoad.obj
 0001:00001214       ??_C@_1BK@EADPELCH@?$AAL?$AAs?$AAC?$AAr?$AAe?$AAa?$AAt?$AAe?$AAL?$AAi?$AAn?$AAe?$AA?$AA@ 10002214     riched60:CEDllLoad.obj
 0001:00001230       ??_C@_1CG@PLFJFCAG@?$AAL?$AAs?$AAM?$AAo?$AAd?$AAi?$AAf?$AAy?$AAL?$AAi?$AAn?$AAe?$AAH?$AAe?$AAi?$AAg?$AAh?$AAt?$AA?$AA@ 10002230     riched60:CEDllLoad.obj
 0001:00001258       ??_C@_1BM@KAODOGCP@?$AAL?$AAs?$AAD?$AAe?$AAs?$AAt?$AAr?$AAo?$AAy?$AAL?$AAi?$AAn?$AAe?$AA?$AA@ 10002258     riched60:CEDllLoad.obj
 0001:00001274       ??_C@_1CO@OGJOHIFL@?$AAL?$AAs?$AAC?$AAr?$AAe?$AAa?$AAt?$AAe?$AAL?$AAi?$AAn?$AAe?$AAG?$AAi?$AAv?$AAe?$AAn?$AAB?$AAr?$AAe?$AAa?$AAk?$AA?$AA@ 10002274     riched60:CEDllLoad.obj
 0001:000012a4       ??_C@_1CK@PNGHBHJD@?$AAL?$AAs?$AAD?$AAe?$AAs?$AAt?$AAr?$AAo?$AAy?$AAB?$AAr?$AAe?$AAa?$AAk?$AAR?$AAe?$AAc?$AAo?$AAr?$AAd?$AA?$AA@ 100022a4     riched60:CEDllLoad.obj
 0001:000012d0       ??_C@_1BG@PCLACBOK@?$AAL?$AAs?$AAE?$AAn?$AAu?$AAm?$AAL?$AAi?$AAn?$AAe?$AA?$AA@ 100022d0     riched60:CEDllLoad.obj
 0001:000012e8       ??_C@_1BM@MMHLJHFB@?$AAL?$AAs?$AAE?$AAn?$AAu?$AAm?$AAS?$AAu?$AAb?$AAl?$AAi?$AAn?$AAe?$AA?$AA@ 100022e8     riched60:CEDllLoad.obj
 0001:00001304       ??_C@_1CK@OMNJOMPG@?$AAL?$AAs?$AAP?$AAo?$AAi?$AAn?$AAt?$AAX?$AAY?$AAF?$AAr?$AAo?$AAm?$AAP?$AAo?$AAi?$AAn?$AAt?$AAU?$AAV?$AA?$AA@ 10002304     riched60:CEDllLoad.obj
 0001:00001330       ??_C@_1CO@JDDPIBCG@?$AAL?$AAs?$AAP?$AAo?$AAi?$AAn?$AAt?$AAU?$AAV?$AA2?$AAF?$AAr?$AAo?$AAm?$AAP?$AAo?$AAi?$AAn?$AAt?$AAU?$AAV?$AA1?$AA?$AA@ 10002330     riched60:CEDllLoad.obj
 0001:00001360       ??_C@_1CA@MIDLOJAD@?$AAL?$AAs?$AAC?$AAr?$AAe?$AAa?$AAt?$AAe?$AAC?$AAo?$AAn?$AAt?$AAe?$AAx?$AAt?$AA?$AA@ 10002360     riched60:CEDllLoad.obj
 0001:00001380       ??_C@_1CC@GJLPOGMI@?$AAL?$AAs?$AAD?$AAe?$AAs?$AAt?$AAr?$AAo?$AAy?$AAC?$AAo?$AAn?$AAt?$AAe?$AAx?$AAt?$AA?$AA@ 10002380     riched60:CEDllLoad.obj
 0001:000013a4       ??_C@_1CO@PPBODLEG@?$AAL?$AAs?$AAG?$AAe?$AAt?$AAR?$AAe?$AAv?$AAe?$AAr?$AAs?$AAe?$AAL?$AAs?$AAi?$AAm?$AAe?$AAt?$AAh?$AAo?$AAd?$AAs?$AA?$AA@ 100023a4     riched60:CEDllLoad.obj
 0001:000013d4       ??_C@_1CI@FJIPBFEN@?$AAL?$AAs?$AAQ?$AAu?$AAe?$AAr?$AAy?$AAL?$AAi?$AAn?$AAe?$AAC?$AAp?$AAP?$AAp?$AAo?$AAi?$AAn?$AAt?$AA?$AA@ 100023d4     riched60:CEDllLoad.obj
 0001:000013fc       ??_C@_1CI@GDPOPOEF@?$AAL?$AAs?$AAQ?$AAu?$AAe?$AAr?$AAy?$AAL?$AAi?$AAn?$AAe?$AAP?$AAo?$AAi?$AAn?$AAt?$AAP?$AAc?$AAp?$AA?$AA@ 100023fc     riched60:CEDllLoad.obj
 0001:00001424       ??_C@_1BM@GHOKPHN@?$AAL?$AAs?$AAQ?$AAu?$AAe?$AAr?$AAy?$AAL?$AAi?$AAn?$AAe?$AAU?$AAp?$AA?$AA@ 10002424     riched60:CEDllLoad.obj
 0001:00001440       ??_C@_1CA@LDIHOHEJ@?$AAL?$AAs?$AAQ?$AAu?$AAe?$AAr?$AAy?$AAL?$AAi?$AAn?$AAe?$AAD?$AAo?$AAw?$AAn?$AA?$AA@ 10002440     riched60:CEDllLoad.obj
 0001:00001460       ??_C@_1BO@FHBLLPCG@?$AAL?$AAs?$AAQ?$AAu?$AAe?$AAr?$AAy?$AAL?$AAi?$AAn?$AAe?$AAD?$AAu?$AAp?$AA?$AA@ 10002460     riched60:CEDllLoad.obj
 0001:00001480       ??_C@_1CI@CNKLLAEN@?$AAL?$AAs?$AAQ?$AAu?$AAe?$AAr?$AAy?$AAL?$AAi?$AAn?$AAe?$AAM?$AAa?$AAx?$AAD?$AAe?$AAp?$AAt?$AAh?$AA?$AA@ 10002480     riched60:CEDllLoad.obj
 0001:000014a8       ??_C@_1BM@EDJHBJJM@?$AAL?$AAs?$AAD?$AAi?$AAs?$AAp?$AAl?$AAa?$AAy?$AAL?$AAi?$AAn?$AAe?$AA?$AA@ 100024a8     riched60:CEDllLoad.obj
 0001:000014c4       ??_C@_1CA@FFELKGPA@?$AAL?$AAs?$AAd?$AAn?$AAS?$AAe?$AAt?$AAR?$AAi?$AAg?$AAi?$AAd?$AAD?$AAu?$AAp?$AA?$AA@ 100024c4     riched60:CEDllLoad.obj
 0001:000014e4       ??_C@_1CE@NENEACIK@?$AAL?$AAs?$AAd?$AAn?$AAF?$AAi?$AAn?$AAi?$AAs?$AAh?$AAR?$AAe?$AAg?$AAu?$AAl?$AAa?$AAr?$AA?$AA@ 100024e4     riched60:CEDllLoad.obj
 0001:00001508       ??_C@_1CK@BBIMAGAG@?$AAL?$AAs?$AAd?$AAn?$AAQ?$AAu?$AAe?$AAr?$AAy?$AAO?$AAb?$AAj?$AAD?$AAi?$AAm?$AAR?$AAa?$AAn?$AAg?$AAe?$AA?$AA@ 10002508     riched60:CEDllLoad.obj
 0001:00001534       ??_C@_1BI@IJDPAJJN@?$AAS?$AAc?$AAr?$AAi?$AAp?$AAt?$AAB?$AAr?$AAe?$AAa?$AAk?$AA?$AA@ 10002534     riched60:CEDllLoad.obj
 0001:0000154c       ??_C@_1BE@PNLMHGGK@?$AAu?$AAs?$AAp?$AAc?$AAe?$AA?4?$AAD?$AAL?$AAL?$AA?$AA@ 1000254c     riched60:CEDllLoad.obj
 0001:00001560       ??_C@_1CA@KJKFAIDM@?$AAS?$AAc?$AAr?$AAi?$AAp?$AAt?$AAF?$AAr?$AAe?$AAe?$AAC?$AAa?$AAc?$AAh?$AAe?$AA?$AA@ 10002560     riched60:CEDllLoad.obj
 0001:00001580       ??_C@_1BM@LOPMDNDI@?$AAS?$AAc?$AAr?$AAi?$AAp?$AAt?$AAG?$AAe?$AAt?$AAC?$AAM?$AAa?$AAp?$AA?$AA@ 10002580     riched60:CEDllLoad.obj
 0001:0000159c       ??_C@_1CO@KMNLCPPH@?$AAS?$AAc?$AAr?$AAi?$AAp?$AAt?$AAG?$AAe?$AAt?$AAL?$AAo?$AAg?$AAi?$AAc?$AAa?$AAl?$AAW?$AAi?$AAd?$AAt?$AAh?$AAs?$AA?$AA@ 1000259c     riched60:CEDllLoad.obj
 0001:000015cc       ??_C@_1CI@KFLALOLI@?$AAS?$AAc?$AAr?$AAi?$AAp?$AAt?$AAG?$AAe?$AAt?$AAP?$AAr?$AAo?$AAp?$AAe?$AAr?$AAt?$AAi?$AAe?$AAs?$AA?$AA@ 100025cc     riched60:CEDllLoad.obj
 0001:000015f4       ??_C@_1BM@NAAALNCA@?$AAS?$AAc?$AAr?$AAi?$AAp?$AAt?$AAI?$AAt?$AAe?$AAm?$AAi?$AAz?$AAe?$AA?$AA@ 100025f4     riched60:CEDllLoad.obj
 0001:00001610       ??_C@_1BI@HJCGBDGH@?$AAS?$AAc?$AAr?$AAi?$AAp?$AAt?$AAP?$AAl?$AAa?$AAc?$AAe?$AA?$AA@ 10002610     riched60:CEDllLoad.obj
 0001:00001628       ??_C@_1BI@ICBBBBNI@?$AAS?$AAc?$AAr?$AAi?$AAp?$AAt?$AAS?$AAh?$AAa?$AAp?$AAe?$AA?$AA@ 10002628     riched60:CEDllLoad.obj
 0001:00001640       ??_C@_1CM@DKOBIFHI@?$AAS?$AAc?$AAr?$AAi?$AAp?$AAt?$AAS?$AAt?$AAr?$AAi?$AAn?$AAg?$AA_?$AAp?$AAL?$AAo?$AAg?$AAA?$AAt?$AAt?$AAr?$AA?$AA@ 10002640     riched60:CEDllLoad.obj
 0001:0000166c       ??_C@_1CI@GNBJFPEC@?$AAS?$AAc?$AAr?$AAi?$AAp?$AAt?$AAS?$AAt?$AAr?$AAi?$AAn?$AAg?$AAA?$AAn?$AAa?$AAl?$AAy?$AAs?$AAe?$AA?$AA@ 1000266c     riched60:CEDllLoad.obj
 0001:00001694       ??_C@_1CC@KOIOLCKN@?$AAS?$AAc?$AAr?$AAi?$AAp?$AAt?$AAS?$AAt?$AAr?$AAi?$AAn?$AAg?$AAF?$AAr?$AAe?$AAe?$AA?$AA@ 10002694     riched60:CEDllLoad.obj
 0001:000016b8       ??_C@_1CK@HPBJNAPH@?$AAS?$AAc?$AAr?$AAi?$AAp?$AAt?$AAS?$AAt?$AAr?$AAi?$AAn?$AAg?$AAV?$AAa?$AAl?$AAi?$AAd?$AAa?$AAt?$AAe?$AA?$AA@ 100026b8     riched60:CEDllLoad.obj
 0001:000016e4       ??_C@_1BM@KLDGLDDD@?$AAS?$AAc?$AAr?$AAi?$AAp?$AAt?$AAT?$AAe?$AAx?$AAt?$AAO?$AAu?$AAt?$AA?$AA@ 100026e4     riched60:CEDllLoad.obj
 0001:00001700       ??_7CMeasurer@@6B@         10002700     riched60:render.obj
 0001:00001718       ??_7CRenderer@@6B@         10002718     riched60:render.obj
 0001:00001730       __real@3feccccccccccccd    10002730     riched60:render.obj
 0001:00001738       __real@3fe0000000000000    10002738     riched60:render.obj
 0001:00001740       __real@3ff0000000000000    10002740     riched60:render.obj
 0001:00001748       __real@3f800000            10002748     riched60:render.obj
 0001:00001bd4       __real@3d4ccccd            10002bd4     riched60:tomdoc.obj
 0001:00001bd8       ??_C@_0BI@LMEBABGP@Riched20?512?40?46203?43000?$AA@ 10002bd8     riched60:tomdoc.obj
 0001:00001bf0       ??_7CTextMarkContainer@@6B@ 10002bf0     riched60:tomdoc.obj
 0001:00001c68       __real@416fffffe0000000    10002c68     riched60:tomdoc.obj
 0001:00001c70       __real@4034000000000000    10002c70     riched60:tomdoc.obj
 0001:00001c78       __real@00000000            10002c78     riched60:tomdoc.obj
 0001:00001c7c       ??_7CTabsArray@@6B@        10002c7c     riched60:format.obj
 0001:00001c94       ??_7CParaFormatArray@@6B@  10002c94     riched60:format.obj
 0001:00001ca8       ??_7CCharFormatArray@@6B@  10002ca8     riched60:format.obj
 0001:00001cbc       ??_C@_1M@GEJKJIG@?$AAg?$AAr?$AAe?$AAe?$AAk?$AA?$AA@ 10002cbc     riched60:rtfwrit2.obj
 0001:00001cc8       ??_C@_15MMKFCEJJ@?$AAc?$AAe?$AA?$AA@ 10002cc8     riched60:rtfwrit2.obj
 0001:00001cd0       ??_C@_17CJKCLDNA@?$AAc?$AAy?$AAr?$AA?$AA@ 10002cd0     riched60:rtfwrit2.obj
 0001:00001d90       ??_7CDisplay@@6B@          10002d90     riched60:disp.obj
 0001:00001ec4       ??_7CRchTxtPtr@@6B@        10002ec4     riched60:rtext.obj
 0001:00001ed4       ??_7CTextMsgFilter@@6B@    10002ed4     riched60:cmsgflt.obj
 0001:00001eec       ??_C@_19KDFJKJBI@?$AAf?$AAt?$AAp?$AA?4?$AA?$AA@ 10002eec     riched60:urlsup.obj
 0001:00001ef8       ??_C@_19PILPHEJF@?$AAw?$AAw?$AAw?$AA?4?$AA?$AA@ 10002ef8     riched60:urlsup.obj
 0001:00001f04       ??_C@_19LOILIKBP@?$AAw?$AAs?$AAp?$AA?3?$AA?$AA@ 10002f04     riched60:urlsup.obj
 0001:00001f10       ??_C@_19IABFLMEJ@?$AAw?$AAa?$AAp?$AA?3?$AA?$AA@ 10002f10     riched60:urlsup.obj
 0001:00001f1c       ??_C@_19JLHMMLFA@?$AAt?$AAe?$AAl?$AA?3?$AA?$AA@ 10002f1c     riched60:urlsup.obj
 0001:00001f28       ??_C@_19FIMFHLNC@?$AAs?$AAm?$AAs?$AA?3?$AA?$AA@ 10002f28     riched60:urlsup.obj
 0001:00001f34       ??_C@_1BC@CGHGCFOE@?$AAo?$AAu?$AAt?$AAl?$AAo?$AAo?$AAk?$AA?3?$AA?$AA@ 10002f34     riched60:urlsup.obj
 0001:00001f48       ??_C@_1M@PAGIMJHC@?$AAm?$AAm?$AAs?$AAu?$AA?3?$AA?$AA@ 10002f48     riched60:urlsup.obj
 0001:00001f54       ??_C@_1M@DLDEBKNH@?$AAm?$AAm?$AAs?$AAt?$AA?3?$AA?$AA@ 10002f54     riched60:urlsup.obj
 0001:00001f60       ??_C@_19GBKCMKIJ@?$AAm?$AAm?$AAs?$AA?3?$AA?$AA@ 10002f60     riched60:urlsup.obj
 0001:00001f6c       ??_C@_1BA@CJDJNGM@?$AAm?$AAa?$AAi?$AAl?$AAt?$AAo?$AA?3?$AA?$AA@ 10002f6c     riched60:urlsup.obj
 0001:00001f7c       ??_C@_1O@PHFOHOHE@?$AAh?$AAt?$AAt?$AAp?$AAs?$AA?3?$AA?$AA@ 10002f7c     riched60:urlsup.obj
 0001:00001f8c       ??_C@_1M@OJHIIMOK@?$AAh?$AAt?$AAt?$AAp?$AA?3?$AA?$AA@ 10002f8c     riched60:urlsup.obj
 0001:00001f98       ??_C@_19HMCCGJNA@?$AAf?$AAt?$AAp?$AA?3?$AA?$AA@ 10002f98     riched60:urlsup.obj
 0001:00001fa4       ??_C@_1M@COFMOMBK@?$AAf?$AAi?$AAl?$AAe?$AA?3?$AA?$AA@ 10002fa4     riched60:urlsup.obj
 0001:00001fb0       ??_C@_1BA@LKLCBMNH@?$AAc?$AAa?$AAl?$AAl?$AAt?$AAo?$AA?3?$AA?$AA@ 10002fb0     riched60:urlsup.obj
 0001:00002018       ??_C@_1EM@JKECJDBP@?$AAS?$AAo?$AAf?$AAt?$AAw?$AAa?$AAr?$AAe?$AA?2?$AAM?$AAi?$AAc?$AAr?$AAo?$AAs?$AAo?$AAf?$AAt?$AA?2?$AAS?$AAh?$AAe?$AAl?$AAl?$AA?2?$AAU?$AAR?$AAL?$AAP?$AAr?$AAo?$AAt@ 10003018     riched60:urlsup.obj
 0001:00002064       ??_7CDetectURL@@6B@        10003064     riched60:urlsup.obj
 0001:00002070       ??_C@_13HOIJIPNN@?$AA?5?$AA?$AA@ 10003070     riched60:text.obj
 0001:00002078       ??_7CTxtSelection@@6BITextSelection2@@@ 10003078     riched60:select.obj
 0001:00002238       ??_7CTxtSelection@@6BCRchTxtPtr@@@ 10003238     riched60:select.obj
 0001:00002248       ??_7IReEntrantComponent@@6B@ 10003248     riched60:select.obj
 0001:0000224c       ??_7CSelPhaseAdjuster@@6B@ 1000324c     riched60:select.obj
 0001:00002250       ??_C@_13JLKKHOC@?$AA?$AL?$AA?$AA@ 10003250     riched60:select.obj
 0001:00002254       ?szEmbedding@@3QBGB        10003254     riched60:range.obj
 0001:00002258       ??_7CTxtRange@@6BITextSelection2@@@ 10003258     riched60:range.obj
 0001:00002418       ??_7CTxtRange@@6BCRchTxtPtr@@@ 10003418     riched60:range.obj
 0001:00002428       ??_C@_13JCKOPPNP@?$AAK?$AA?$AA@ 10003428     riched60:range.obj
 0001:0000242c       ??_C@_06DFMJJHIO@tdfrmt?$AA@ 1000342c     riched60:rtflex.obj
 0001:00002434       ??_C@_03GJLPFLNF@obj?$AA@  10003434     riched60:rtflex.obj
 0001:00002438       ??_C@_08BFFPIJBL@linkself?$AA@ 10003438     riched60:rtflex.obj
 0001:00002444       ??_C@_09EBGJHEKO@formfield?$AA@ 10003444     riched60:rtflex.obj
 0001:00002450       ??_C@_07NEDHMLOE@fontemb?$AA@ 10003450     riched60:rtflex.obj
 0001:00002458       ??_C@_04DAMGJPCA@file?$AA@ 10003458     riched60:rtflex.obj
 0001:00002460       ??_C@_07PKECJCJJ@dropcap?$AA@ 10003460     riched60:rtflex.obj
 0001:00002468       ??_C@_02KNAFDCHJ@do?$AA@   10003468     riched60:rtflex.obj
 0001:0000246c       ??_C@_07IEKFLNLB@chshdng?$AA@ 1000346c     riched60:rtflex.obj
 0001:00002474       ??_C@_07INILMHCM@chcfpat?$AA@ 10003474     riched60:rtflex.obj
 0001:0000247c       ??_C@_04HIDCDILN@chbg?$AA@ 1000347c     riched60:rtflex.obj
 0001:00002484       ??_C@_04CCKBHOLG@cltx?$AA@ 10003484     riched60:rtflex.obj
 0001:0000248c       ??_C@_04PDNNNDFI@cldg?$AA@ 1000348c     riched60:rtflex.obj
 0001:00002494       ??_C@_0L@HOGAMHHM@annotation?$AA@ 10003494     riched60:rtflex.obj
 0001:000024a0       ??_C@_04CLEEHIGF@aftn?$AA@ 100034a0     riched60:rtflex.obj
 0001:000024a8       ??_C@_03BCGAIFPO@abs?$AA@  100034a8     riched60:rtflex.obj
 0001:000024ac       ??_C@_08FNNEDAPA@fillType?$AA@ 100034ac     riched60:rtflex.obj
 0001:000024b8       ??_C@_09EGMGJGKK@fillFocus?$AA@ 100034b8     riched60:rtflex.obj
 0001:000024c4       ??_C@_09EGMCAAKI@fillColor?$AA@ 100034c4     riched60:rtflex.obj
 0001:000024d0       ??_C@_0O@BPPFANNG@fillBackColor?$AA@ 100034d0     riched60:rtflex.obj
 0001:000024e0       ??_C@_09OGKODFNN@fillAngle?$AA@ 100034e0     riched60:rtflex.obj
 0001:000024ec       ??_C@_04KBAMANKO@zwnj?$AA@ 100034ec     riched60:rtflex.obj
 0001:000024f4       ??_C@_03BEJFJNOD@zwj?$AA@  100034f4     riched60:rtflex.obj
 0001:000024f8       ??_C@_02ECNGIAOH@xe?$AA@   100034f8     riched60:rtflex.obj
 0001:000024fc       ??_C@_09OPFDHOEB@wmetafile?$AA@ 100034fc     riched60:rtflex.obj
 0001:00002508       ??_C@_09OFINAJMK@widctlpar?$AA@ 10003508     riched60:rtflex.obj
 0001:00002514       ??_C@_0O@NDOIABO@wbmwidthbytes?$AA@ 10003514     riched60:rtflex.obj
 0001:00002524       ??_C@_09JHGAPHBJ@wbmplanes?$AA@ 10003524     riched60:rtflex.obj
 0001:00002530       ??_C@_0N@OLCOBIJ@wbmbitspixel?$AA@ 10003530     riched60:rtflex.obj
 0001:00002540       ??_C@_07KMKOAKHB@wbitmap?$AA@ 10003540     riched60:rtflex.obj
 0001:00002548       ??_C@_09CPNPFKOB@viewscale?$AA@ 10003548     riched60:rtflex.obj
 0001:00002554       ??_C@_08HBFGACPJ@viewkind?$AA@ 10003554     riched60:rtflex.obj
 0001:00002560       ??_C@_07NKMLOFCL@vertdoc?$AA@ 10003560     riched60:rtflex.obj
 0001:00002568       ??_C@_01MHEDDDHA@v?$AA@    10003568     riched60:rtflex.obj
 0001:0000256c       ??_C@_04KJIGADOH@urtf?$AA@ 1000356c     riched60:rtflex.obj
 0001:00002574       ??_C@_03MLKCADGJ@upr?$AA@  10003574     riched60:rtflex.obj
 0001:00002578       ??_C@_02HNLLPFKA@up?$AA@   10003578     riched60:rtflex.obj
 0001:0000257c       ??_C@_06CDGLDHJF@ulwave?$AA@ 1000357c     riched60:rtflex.obj
 0001:00002584       ??_C@_03KDOJKNDI@ulw?$AA@  10003584     riched60:rtflex.obj
 0001:00002588       ??_C@_0L@FHPNIGCM@ululdbwave?$AA@ 10003588     riched60:rtflex.obj
 0001:00002594       ??_C@_09ENIMIPGB@ulthldash?$AA@ 10003594     riched60:rtflex.obj
 0001:000025a0       ??_C@_0L@MMGJEBCO@ulthdashdd?$AA@ 100035a0     riched60:rtflex.obj
 0001:000025ac       ??_C@_09CPOJBOPF@ulthdashd?$AA@ 100035ac     riched60:rtflex.obj
 0001:000025b8       ??_C@_08MMLNNHHN@ulthdash?$AA@ 100035b8     riched60:rtflex.obj
 0001:000025c4       ??_C@_05OKBIFLJC@ulthd?$AA@ 100035c4     riched60:rtflex.obj
 0001:000025cc       ??_C@_04IHMDAOMF@ulth?$AA@ 100035cc     riched60:rtflex.obj
 0001:000025d4       ??_C@_03OMKIDLPP@ulp?$AA@  100035d4     riched60:rtflex.obj
 0001:000025d8       ??_C@_06LMHBEHJN@ulnone?$AA@ 100035d8     riched60:rtflex.obj
 0001:000025e0       ??_C@_07FJPGCAJP@ulldash?$AA@ 100035e0     riched60:rtflex.obj
 0001:000025e8       ??_C@_07FGECDDHN@ulhwave?$AA@ 100035e8     riched60:rtflex.obj
 0001:000025f0       ??_C@_06NDCCFHBN@ulhair?$AA@ 100035f0     riched60:rtflex.obj
 0001:000025f8       ??_C@_04GBAKEFDP@uldb?$AA@ 100035f8     riched60:rtflex.obj
 0001:00002600       ??_C@_08JGHIOEJK@uldashdd?$AA@ 10003600     riched60:rtflex.obj
 0001:0000260c       ??_C@_07DLJDLBAL@uldashd?$AA@ 1000360c     riched60:rtflex.obj
 0001:00002614       ??_C@_06LHEOGGGB@uldash?$AA@ 10003614     riched60:rtflex.obj
 0001:0000261c       ??_C@_03MCAGOMKK@uld?$AA@  1000361c     riched60:rtflex.obj
 0001:00002620       ??_C@_03INEHHKGN@ulc?$AA@  10003620     riched60:rtflex.obj
 0001:00002624       ??_C@_02JLMMKIPN@ul?$AA@   10003624     riched60:rtflex.obj
 0001:00002628       ??_C@_02BMFELEDC@uc?$AA@   10003628     riched60:rtflex.obj
 0001:0000262c       ??_C@_01OMGOGALD@u?$AA@    1000362c     riched60:rtflex.obj
 0001:00002630       ??_C@_02LEKABFJP@tx?$AA@   10003630     riched60:rtflex.obj
 0001:00002634       ??_C@_08FPKNNECO@twoinone?$AA@ 10003634     riched60:rtflex.obj
 0001:00002640       ??_C@_04OOIHLGL@trrh?$AA@  10003640     riched60:rtflex.obj
 0001:00002648       ??_C@_04LMIDDPOJ@trqr?$AA@ 10003648     riched60:rtflex.obj
 0001:00002650       ??_C@_04OPFKBMPJ@trqc?$AA@ 10003650     riched60:rtflex.obj
 0001:00002658       ??_C@_05GOPGJFAH@trowd?$AA@ 10003658     riched60:rtflex.obj
 0001:00002660       ??_C@_06GLGNOOGO@trleft?$AA@ 10003660     riched60:rtflex.obj
 0001:00002668       ??_C@_06GNADMKLH@trgaph?$AA@ 10003668     riched60:rtflex.obj
 0001:00002670       ??_C@_07KHHMADJI@trbrdrt?$AA@ 10003670     riched60:rtflex.obj
 0001:00002678       ??_C@_07PBCGKEBO@trbrdrr?$AA@ 10003678     riched60:rtflex.obj
 0001:00002680       ??_C@_07CFGHJLMB@trbrdrl?$AA@ 10003680     riched60:rtflex.obj
 0001:00002688       ??_C@_07LLOELGEP@trbrdrb?$AA@ 10003688     riched60:rtflex.obj
 0001:00002690       ??_C@_03HCNMAODL@tqr?$AA@  10003690     riched60:rtflex.obj
 0001:00002694       ??_C@_05KOLEIJAP@tqdec?$AA@ 10003694     riched60:rtflex.obj
 0001:0000269c       ??_C@_03CBAFCNCL@tqc?$AA@  1000369c     riched60:rtflex.obj
 0001:000026a0       ??_C@_0N@OJPNCHOK@toplinepunct?$AA@ 100036a0     riched60:rtflex.obj
 0001:000026b0       ??_C@_04NPANIIEG@tlul?$AA@ 100036b0     riched60:rtflex.obj
 0001:000026b8       ??_C@_04LKKDCHHF@tlth?$AA@ 100036b8     riched60:rtflex.obj
 0001:000026c0       ??_C@_06EDCCEBPN@tlhyph?$AA@ 100036c0     riched60:rtflex.obj
 0001:000026c8       ??_C@_04DMEHEHCK@tleq?$AA@ 100036c8     riched60:rtflex.obj
 0001:000026d0       ??_C@_05DONANLHM@tldot?$AA@ 100036d0     riched60:rtflex.obj
 0001:000026d8       ??_C@_02BNJGNOAF@tc?$AA@   100036d8     riched60:rtflex.obj
 0001:000026dc       ??_C@_02EINOPEE@tb?$AA@    100036dc     riched60:rtflex.obj
 0001:000026e0       ??_C@_03CEDILPBK@tab?$AA@  100036e0     riched60:rtflex.obj
 0001:000026e4       ??_C@_02CPGMCOJE@sv?$AA@   100036e4     riched60:rtflex.obj
 0001:000026e8       ??_C@_05MKJDPMKP@super?$AA@ 100036e8     riched60:rtflex.obj
 0001:000026f0       ??_C@_03KCMAIMAP@sub?$AA@  100036f0     riched60:rtflex.obj
 0001:000026f4       ??_C@_0L@CDJDANNA@stylesheet?$AA@ 100036f4     riched60:rtflex.obj
 0001:00002700       ??_C@_07NBEHCMEB@striked?$AA@ 10003700     riched60:rtflex.obj
 0001:00002708       ??_C@_06LGJEBFOF@strike?$AA@ 10003708     riched60:rtflex.obj
 0001:00002710       ??_C@_09DPAMONPF@stextflow?$AA@ 10003710     riched60:rtflex.obj
 0001:0000271c       ??_C@_02KNHHLGMN@sn?$AA@   1000371c     riched60:rtflex.obj
 0001:00002720       ??_C@_06PHPIEIPC@slmult?$AA@ 10003720     riched60:rtflex.obj
 0001:00002728       ??_C@_02JPEBNEEP@sl?$AA@   10003728     riched60:rtflex.obj
 0001:0000272c       ??_C@_05ENEBNIIC@shpwr?$AA@ 1000372c     riched60:rtflex.obj
 0001:00002734       ??_C@_06FHIKDFBO@shptxt?$AA@ 10003734     riched60:rtflex.obj
 0001:0000273c       ??_C@_07LFEHCIGL@shppict?$AA@ 1000373c     riched60:rtflex.obj
 0001:00002744       ??_C@_07FJEGEGFB@shpinst?$AA@ 10003744     riched60:rtflex.obj
 0001:0000274c       ??_C@_06HMNNINLN@shpgrp?$AA@ 1000374c     riched60:rtflex.obj
 0001:00002754       ??_C@_03MOMKMMPP@shp?$AA@  10003754     riched60:rtflex.obj
 0001:00002758       ??_C@_07IBJKBKNG@shading?$AA@ 10003758     riched60:rtflex.obj
 0001:00002760       ??_C@_04DBLJECKF@shad?$AA@ 10003760     riched60:rtflex.obj
 0001:00002768       ??_C@_05OJKDOPMM@sectd?$AA@ 10003768     riched60:rtflex.obj
 0001:00002770       ??_C@_04IKJFFMEH@sect?$AA@ 10003770     riched60:rtflex.obj
 0001:00002778       ??_C@_05MOGAPOKN@scaps?$AA@ 10003778     riched60:rtflex.obj
 0001:00002780       ??_C@_04EJLCNEJP@sbys?$AA@ 10003780     riched60:rtflex.obj
 0001:00002788       ??_C@_02BMCPJMB@sb?$AA@    10003788     riched60:rtflex.obj
 0001:0000278c       ??_C@_02CKOPKKAC@sa?$AA@   1000378c     riched60:rtflex.obj
 0001:00002790       ??_C@_01LKDEMHDF@s?$AA@    10003790     riched60:rtflex.obj
 0001:00002794       ??_C@_06DHNGDPCD@rtlrow?$AA@ 10003794     riched60:rtflex.obj
 0001:0000279c       ??_C@_06OKDGCOOH@rtlpar?$AA@ 1000379c     riched60:rtflex.obj
 0001:000027a4       ??_C@_07CAPNKAKK@rtlmark?$AA@ 100037a4     riched60:rtflex.obj
 0001:000027ac       ??_C@_06GMAKOADF@rtldoc?$AA@ 100037ac     riched60:rtflex.obj
 0001:000027b4       ??_C@_05JCMAGIPE@rtlch?$AA@ 100037b4     riched60:rtflex.obj
 0001:000027bc       ??_C@_03HPNCEEFJ@rtf?$AA@  100037bc     riched60:rtflex.obj
 0001:000027c0       ??_C@_06MABPOIGD@rquote?$AA@ 100037c0     riched60:rtflex.obj
 0001:000027c8       ??_C@_03DMHICLNI@row?$AA@  100037c8     riched60:rtflex.obj
 0001:000027cc       ??_C@_02ODPEEKDN@ri?$AA@   100037cc     riched60:rtflex.obj
 0001:000027d0       ??_C@_07NCHIIGMD@revised?$AA@ 100037d0     riched60:rtflex.obj
 0001:000027d8       ??_C@_07HGDCBEJF@revauth?$AA@ 100037d8     riched60:rtflex.obj
 0001:000027e0       ??_C@_06KJFADLGN@result?$AA@ 100037e0     riched60:rtflex.obj
 0001:000027e8       ??_C@_03FAAAOPJM@red?$AA@  100037e8     riched60:rtflex.obj
 0001:000027ec       ??_C@_09OIOFJKDD@rdblquote?$AA@ 100037ec     riched60:rtflex.obj
 0001:000027f8       ??_C@_02FBJPAOLP@qs?$AA@   100037f8     riched60:rtflex.obj
 0001:000027fc       ??_C@_02EIIEDPPO@qr?$AA@   100037fc     riched60:rtflex.obj
 0001:00002800       ??_C@_02JMMFAACB@ql?$AA@   10003800     riched60:rtflex.obj
 0001:00002804       ??_C@_02MKJPKHKH@qj?$AA@   10003804     riched60:rtflex.obj
 0001:00002808       ??_C@_02FEBMIKCJ@qd?$AA@   10003808     riched60:rtflex.obj
 0001:0000280c       ??_C@_02BLFNBMOO@qc?$AA@   1000380c     riched60:rtflex.obj
 0001:00002810       ??_C@_03OFKLFAAJ@pwd?$AA@  10003810     riched60:rtflex.obj
 0001:00002814       ??_C@_07LFLAEFDO@protect?$AA@ 10003814     riched60:rtflex.obj
 0001:0000281c       ??_C@_05GABMJOOP@posxr?$AA@ 1000381c     riched60:rtflex.obj
 0001:00002824       ??_C@_06CDICAAAG@pnucrm?$AA@ 10003824     riched60:rtflex.obj
 0001:0000282c       ??_C@_07FHHIIEBC@pnucltr?$AA@ 1000382c     riched60:rtflex.obj
 0001:00002834       ??_C@_06BKOPJJFF@pntxtb?$AA@ 10003834     riched60:rtflex.obj
 0001:0000283c       ??_C@_06DBMCMKJG@pntxta?$AA@ 1000383c     riched60:rtflex.obj
 0001:00002844       ??_C@_06KNBOFKKE@pntext?$AA@ 10003844     riched60:rtflex.obj
 0001:0000284c       ??_C@_07PDFMCPHE@pnstart?$AA@ 1000384c     riched60:rtflex.obj
 0001:00002854       ??_C@_04FDMMHBAO@pnqr?$AA@ 10003854     riched60:rtflex.obj
 0001:0000285c       ??_C@_04BFFCBO@pnqc?$AA@   1000385c     riched60:rtflex.obj
 0001:00002864       ??_C@_09LNJKGHPD@pnlvlcont?$AA@ 10003864     riched60:rtflex.obj
 0001:00002870       ??_C@_09DIMDLFNI@pnlvlbody?$AA@ 10003870     riched60:rtflex.obj
 0001:0000287c       ??_C@_08HKCKHJDC@pnlvlblt?$AA@ 1000387c     riched60:rtflex.obj
 0001:00002888       ??_C@_05ILNJOCED@pnlvl?$AA@ 10003888     riched60:rtflex.obj
 0001:00002890       ??_C@_06EOHCPFPF@pnlcrm?$AA@ 10003890     riched60:rtflex.obj
 0001:00002898       ??_C@_07HDKBNHEB@pnlcltr?$AA@ 10003898     riched60:rtflex.obj
 0001:000028a0       ??_C@_08GJLEHBHF@pnindent?$AA@ 100038a0     riched60:rtflex.obj
 0001:000028ac       ??_C@_07CMOFMJD@pngblip?$AA@ 100038ac     riched60:rtflex.obj
 0001:000028b4       ??_C@_05NHJFMLEK@pndec?$AA@ 100038b4     riched60:rtflex.obj
 0001:000028bc       ??_C@_02KPDBAIJE@pn?$AA@   100038bc     riched60:rtflex.obj
 0001:000028c0       ??_C@_0L@KJPAOEAJ@pmmetafile?$AA@ 100038c0     riched60:rtflex.obj
 0001:000028cc       ??_C@_05CGDPOPDB@plain?$AA@ 100038cc     riched60:rtflex.obj
 0001:000028d4       ??_C@_08ECICDBKB@picwgoal?$AA@ 100038d4     riched60:rtflex.obj
 0001:000028e0       ??_C@_04KMMOMKOM@picw?$AA@ 100038e0     riched60:rtflex.obj
 0001:000028e8       ??_C@_04IHODJJCP@pict?$AA@ 100038e8     riched60:rtflex.obj
 0001:000028f0       ??_C@_09HCDLOIMG@picscaley?$AA@ 100038f0     riched60:rtflex.obj
 0001:000028fc       ??_C@_09GLCANJIH@picscalex?$AA@ 100038fc     riched60:rtflex.obj
 0001:00002908       ??_C@_08LAACIBOP@pichgoal?$AA@ 10003908     riched60:rtflex.obj
 0001:00002914       ??_C@_04GBJEMEHC@pich?$AA@ 10003914     riched60:rtflex.obj
 0001:0000291c       ??_C@_08ONDKDIMA@piccropt?$AA@ 1000391c     riched60:rtflex.obj
 0001:00002928       ??_C@_08LLGAJPEG@piccropr?$AA@ 10003928     riched60:rtflex.obj
 0001:00002934       ??_C@_08GPCBKAJJ@piccropl?$AA@ 10003934     riched60:rtflex.obj
 0001:00002940       ??_C@_08PBKCINBH@piccropb?$AA@ 10003940     riched60:rtflex.obj
 0001:0000294c       ??_C@_04BFHBGKNG@pard?$AA@ 1000394c     riched60:rtflex.obj
 0001:00002954       ??_C@_03OBJIDKBM@par?$AA@  10003954     riched60:rtflex.obj
 0001:00002958       ??_C@_06HGCBJGFC@pagebb?$AA@ 10003958     riched60:rtflex.obj
 0001:00002960       ??_C@_04BGIHDKAM@page?$AA@ 10003960     riched60:rtflex.obj
 0001:00002968       ??_C@_04OEOOFMPH@outl?$AA@ 10003968     riched60:rtflex.obj
 0001:00002970       ??_C@_04JGKOHGDB@objw?$AA@ 10003970     riched60:rtflex.obj
 0001:00002978       ??_C@_06PFKIHBNM@objsub?$AA@ 10003978     riched60:rtflex.obj
 0001:00002980       ??_C@_0L@JJFJBJIO@objsetsize?$AA@ 10003980     riched60:rtflex.obj
 0001:0000298c       ??_C@_09DJIELHFF@objscaley?$AA@ 1000398c     riched60:rtflex.obj
 0001:00002998       ??_C@_09CAJPIGBE@objscalex?$AA@ 10003998     riched60:rtflex.obj
 0001:000029a4       ??_C@_06OHBNNODC@objpub?$AA@ 100039a4     riched60:rtflex.obj
 0001:000029ac       ??_C@_07NLENHNKK@objname?$AA@ 100039ac     riched60:rtflex.obj
 0001:000029b4       ??_C@_07PIPMJFPC@objlink?$AA@ 100039b4     riched60:rtflex.obj
 0001:000029bc       ??_C@_08MNHBBECB@objicemb?$AA@ 100039bc     riched60:rtflex.obj
 0001:000029c8       ??_C@_04FLPEHIKP@objh?$AA@ 100039c8     riched60:rtflex.obj
 0001:000029d0       ??_C@_06JCOPILFH@objemb?$AA@ 100039d0     riched60:rtflex.obj
 0001:000029d8       ??_C@_06IEOJBDIK@object?$AA@ 100039d8     riched60:rtflex.obj
 0001:000029e0       ??_C@_0O@DHCHGDJO@objebookimage?$AA@ 100039e0     riched60:rtflex.obj
 0001:000029f0       ??_C@_07OGGGDIPA@objdata?$AA@ 100039f0     riched60:rtflex.obj
 0001:000029f8       ??_C@_08FGLBOMOF@objcropt?$AA@ 100039f8     riched60:rtflex.obj
 0001:00002a04       ??_C@_08OLELGD@objcropr?$AA@ 10003a04     riched60:rtflex.obj
 0001:00002a10       ??_C@_08NEKKHELM@objcropl?$AA@ 10003a10     riched60:rtflex.obj
 0001:00002a1c       ??_C@_08EKCJFJDC@objcropb?$AA@ 10003a1c     riched60:rtflex.obj
 0001:00002a28       ??_C@_08CELJJKKL@objclass?$AA@ 10003a28     riched60:rtflex.obj
 0001:00002a34       ??_C@_07KABCAKNP@objblob?$AA@ 10003a34     riched60:rtflex.obj
 0001:00002a3c       ??_C@_0L@KHAFJFGH@objautlink?$AA@ 10003a3c     riched60:rtflex.obj
 0001:00002a48       ??_C@_08PFFGDFIN@objattph?$AA@ 10003a48     riched60:rtflex.obj
 0001:00002a54       ??_C@_0M@HPJNHKDL@nowidctlpar?$AA@ 10003a54     riched60:rtflex.obj
 0001:00002a60       ??_C@_0L@NAJAJNLF@nosupersub?$AA@ 10003a60     riched60:rtflex.obj
 0001:00002a6c       ??_C@_0L@IEMABMEA@nooverflow?$AA@ 10003a6c     riched60:rtflex.obj
 0001:00002a78       ??_C@_0L@NANPOBL@nonshppict?$AA@ 10003a78     riched60:rtflex.obj
 0001:00002a84       ??_C@_0N@IJIDOJDF@nonesttables?$AA@ 10003a84     riched60:rtflex.obj
 0001:00002a94       ??_C@_06JHPBLL@noline?$AA@ 10003a94     riched60:rtflex.obj
 0001:00002a9c       ??_C@_0M@JBNMMFAK@newspaperea?$AA@ 10003a9c     riched60:rtflex.obj
 0001:00002aa8       ??_C@_09CJOANEIB@newspaper?$AA@ 10003aa8     riched60:rtflex.obj
 0001:00002ab4       ??_C@_0P@EIHKMAPO@nesttableprops?$AA@ 10003ab4     riched60:rtflex.obj
 0001:00002ac4       ??_C@_07OFBFMDAG@nestrow?$AA@ 10003ac4     riched60:rtflex.obj
 0001:00002acc       ??_C@_08CIAIGJK@nestcell?$AA@ 10003acc     riched60:rtflex.obj
 0001:00002ad8       ??_C@_07MMKMDOJE@macpict?$AA@ 10003ad8     riched60:rtflex.obj
 0001:00002ae0       ??_C@_03BADCJGEO@mac?$AA@  10003ae0     riched60:rtflex.obj
 0001:00002ae4       ??_C@_06CAHOAJH@ltrpar?$AA@ 10003ae4     riched60:rtflex.obj
 0001:00002aec       ??_C@_07HABAOAFI@ltrmark?$AA@ 10003aec     riched60:rtflex.obj
 0001:00002af4       ??_C@_06IEDLCOEF@ltrdoc?$AA@ 10003af4     riched60:rtflex.obj
 0001:00002afc       ??_C@_05BLNKCLLD@ltrch?$AA@ 10003afc     riched60:rtflex.obj
 0001:00002b04       ??_C@_02EFGBDOJM@ls?$AA@   10003b04     riched60:rtflex.obj
 0001:00002b08       ??_C@_06PHPOAPPA@lquote?$AA@ 10003b08     riched60:rtflex.obj
 0001:00002b10       ??_C@_04OBOPOBCN@loch?$AA@ 10003b10     riched60:rtflex.obj
 0001:00002b18       ??_C@_04PLPFJIPM@lnkd?$AA@ 10003b18     riched60:rtflex.obj
 0001:00002b20       ??_C@_08DACNGDDE@listtext?$AA@ 10003b20     riched60:rtflex.obj
 0001:00002b2c       ??_C@_09OBBPKFMH@listtable?$AA@ 10003b2c     riched60:rtflex.obj
 0001:00002b38       ??_C@_0L@KDNBCPMO@listsimple?$AA@ 10003b38     riched60:rtflex.obj
 0001:00002b44       ??_C@_0BC@KODGKOOO@listoverridetable?$AA@ 10003b44     riched60:rtflex.obj
 0001:00002b58       ??_C@_09PKHCMDPP@listlevel?$AA@ 10003b58     riched60:rtflex.obj
 0001:00002b64       ??_C@_06BNMGKLFK@listid?$AA@ 10003b64     riched60:rtflex.obj
 0001:00002b6c       ??_C@_04DONFEANM@list?$AA@ 10003b6c     riched60:rtflex.obj
 0001:00002b74       ??_C@_04HJPCFDOP@line?$AA@ 10003b74     riched60:rtflex.obj
 0001:00002b7c       ??_C@_02PFEMMEEH@li?$AA@   10003b7c     riched60:rtflex.obj
 0001:00002b80       ??_C@_09BMMGEHMM@leveltext?$AA@ 10003b80     riched60:rtflex.obj
 0001:00002b8c       ??_C@_0N@NDGEMDMB@levelstartat?$AA@ 10003b8c     riched60:rtflex.obj
 0001:00002b9c       ??_C@_0N@GMGPDENL@levelpicture?$AA@ 10003b9c     riched60:rtflex.obj
 0001:00002bac       ??_C@_08GJJKNJEM@levelnfc?$AA@ 10003bac     riched60:rtflex.obj
 0001:00002bb8       ??_C@_07DCNONOOI@leveljc?$AA@ 10003bb8     riched60:rtflex.obj
 0001:00002bc0       ??_C@_09NBICCLGI@ldblquote?$AA@ 10003bc0     riched60:rtflex.obj
 0001:00002bcc       ??_C@_06NJFKEBAF@lchars?$AA@ 10003bcc     riched60:rtflex.obj
 0001:00002bd4       ??_C@_04IOHABJIC@lang?$AA@ 10003bd4     riched60:rtflex.obj
 0001:00002bdc       ??_C@_07IAOBDJBM@kerning?$AA@ 10003bdc     riched60:rtflex.obj
 0001:00002be4       ??_C@_05NOKLHALA@keepn?$AA@ 10003be4     riched60:rtflex.obj
 0001:00002bec       ??_C@_04LKOEDJLC@keep?$AA@ 10003bec     riched60:rtflex.obj
 0001:00002bf4       ??_C@_0M@LLPFKAIF@justsoftend?$AA@ 10003bf4     riched60:rtflex.obj
 0001:00002c00       ??_C@_0N@ELKGOOAI@justlastline?$AA@ 10003c00     riched60:rtflex.obj
 0001:00002c10       ??_C@_06OILANGHH@jspace?$AA@ 10003c10     riched60:rtflex.obj
 0001:00002c18       ??_C@_08EKKPMIJE@jpegblip?$AA@ 10003c18     riched60:rtflex.obj
 0001:00002c24       ??_C@_05KJEDMJBK@jkern?$AA@ 10003c24     riched60:rtflex.obj
 0001:00002c2c       ??_C@_07NMJJEICL@jexpand?$AA@ 10003c2c     riched60:rtflex.obj
 0001:00002c34       ??_C@_09IKJJGEAA@jcompress?$AA@ 10003c34     riched60:rtflex.obj
 0001:00002c40       ??_C@_0L@NIKEDPCN@jcomppunct?$AA@ 10003c40     riched60:rtflex.obj
 0001:00002c4c       ??_C@_09FNFDKEAK@jclisttab?$AA@ 10003c4c     riched60:rtflex.obj
 0001:00002c58       ??_C@_04CPIIPCPE@itap?$AA@ 10003c58     riched60:rtflex.obj
 0001:00002c60       ??_C@_05CBICMFMM@intbl?$AA@ 10003c60     riched60:rtflex.obj
 0001:00002c68       ??_C@_04NIDJFNBE@info?$AA@ 10003c68     riched60:rtflex.obj
 0001:00002c70       ??_C@_04CNELEBCE@impr?$AA@ 10003c70     riched60:rtflex.obj
 0001:00002c78       ??_C@_04EFDLGFCM@ilvl?$AA@ 10003c78     riched60:rtflex.obj
 0001:00002c80       ??_C@_01KBJDNOO@i?$AA@     10003c80     riched60:rtflex.obj
 0001:00002c84       ??_C@_07HNGACFNC@hyphpar?$AA@ 10003c84     riched60:rtflex.obj
 0001:00002c8c       ??_C@_08EAIEIHMN@horzvert?$AA@ 10003c8c     riched60:rtflex.obj
 0001:00002c98       ??_C@_09MIAHMBP@highlight?$AA@ 10003c98     riched60:rtflex.obj
 0001:00002ca4       ??_C@_04DBAEBIDB@hich?$AA@ 10003ca4     riched60:rtflex.obj
 0001:00002cac       ??_C@_07KJMDFFND@headerr?$AA@ 10003cac     riched60:rtflex.obj
 0001:00002cb4       ??_C@_07HNICGKAM@headerl?$AA@ 10003cb4     riched60:rtflex.obj
 0001:00002cbc       ??_C@_07IHGNICIG@headerf?$AA@ 10003cbc     riched60:rtflex.obj
 0001:00002cc4       ??_C@_06MBPAJAPM@header?$AA@ 10003cc4     riched60:rtflex.obj
 0001:00002ccc       ??_C@_05GBEEJKMC@green?$AA@ 10003ccc     riched60:rtflex.obj
 0001:00002cd4       ??_C@_07OCLNOKC@ftnsepc?$AA@ 10003cd4     riched60:rtflex.obj
 0001:00002cdc       ??_C@_06CEONKAOK@ftnsep?$AA@ 10003cdc     riched60:rtflex.obj
 0001:00002ce4       ??_C@_05PGNEEHHE@ftncn?$AA@ 10003ce4     riched60:rtflex.obj
 0001:00002cec       ??_C@_05HHIPGHPD@ftech?$AA@ 10003cec     riched60:rtflex.obj
 0001:00002cf4       ??_C@_06FIDKFOFL@fswiss?$AA@ 10003cf4     riched60:rtflex.obj
 0001:00002cfc       ??_C@_07FCHOBGM@fscript?$AA@ 10003cfc     riched60:rtflex.obj
 0001:00002d04       ??_C@_02EIPGLLEK@fs?$AA@   10003d04     riched60:rtflex.obj
 0001:00002d08       ??_C@_06KMFKNNOI@froman?$AA@ 10003d08     riched60:rtflex.obj
 0001:00002d10       ??_C@_04CFMBNOBK@fprq?$AA@ 10003d10     riched60:rtflex.obj
 0001:00002d18       ??_C@_08NMDMKDKE@footnote?$AA@ 10003d18     riched60:rtflex.obj
 0001:00002d24       ??_C@_07ECNDOOFN@footerr?$AA@ 10003d24     riched60:rtflex.obj
 0001:00002d2c       ??_C@_07JGJCNBIC@footerl?$AA@ 10003d2c     riched60:rtflex.obj
 0001:00002d34       ??_C@_07GMHNDJAI@footerf?$AA@ 10003d34     riched60:rtflex.obj
 0001:00002d3c       ??_C@_06NPHNCBDJ@footer?$AA@ 10003d3c     riched60:rtflex.obj
 0001:00002d44       ??_C@_07KJENJBKN@fonttbl?$AA@ 10003d44     riched60:rtflex.obj
 0001:00002d4c       ??_C@_04HKBINODL@fnil?$AA@ 10003d4c     riched60:rtflex.obj
 0001:00002d54       ??_C@_05GNINCMMA@fname?$AA@ 10003d54     riched60:rtflex.obj
 0001:00002d5c       ??_C@_07FDNLDFKL@fmodern?$AA@ 10003d5c     riched60:rtflex.obj
 0001:00002d64       ??_C@_07KDCMNABM@fldrslt?$AA@ 10003d64     riched60:rtflex.obj
 0001:00002d6c       ??_C@_07BBFBNIA@fldinst?$AA@ 10003d6c     riched60:rtflex.obj
 0001:00002d74       ??_C@_05EIBGDMPB@field?$AA@ 10003d74     riched60:rtflex.obj
 0001:00002d7c       ??_C@_02PINLEBJB@fi?$AA@   10003d7c     riched60:rtflex.obj
 0001:00002d80       ??_C@_06DPFDCDKL@fdecor?$AA@ 10003d80     riched60:rtflex.obj
 0001:00002d88       ??_C@_08OMMNGDLO@fcharset?$AA@ 10003d88     riched60:rtflex.obj
 0001:00002d94       ??_C@_06HNCKBOEL@fchars?$AA@ 10003d94     riched60:rtflex.obj
 0001:00002d9c       ??_C@_05MOKNJNKN@fbidi?$AA@ 10003d9c     riched60:rtflex.obj
 0001:00002da4       ??_C@_01INIBCBCB@f?$AA@    10003da4     riched60:rtflex.obj
 0001:00002da8       ??_C@_07HHLDJLAB@expndtw?$AA@ 10003da8     riched60:rtflex.obj
 0001:00002db0       ??_C@_07HMLKFMKM@enspace?$AA@ 10003db0     riched60:rtflex.obj
 0001:00002db8       ??_C@_06JNFIFLKE@endash?$AA@ 10003db8     riched60:rtflex.obj
 0001:00002dc0       ??_C@_07ENFCEGDB@emspace?$AA@ 10003dc0     riched60:rtflex.obj
 0001:00002dc8       ??_C@_07MMCBKKOE@emfblip?$AA@ 10003dc8     riched60:rtflex.obj
 0001:00002dd0       ??_C@_06BLMMCJAK@emdash?$AA@ 10003dd0     riched60:rtflex.obj
 0001:00002dd8       ??_C@_04IHFLHCH@embo?$AA@  10003dd8     riched60:rtflex.obj
 0001:00002de0       ??_C@_08MCHKNFIA@dropcapt?$AA@ 10003de0     riched60:rtflex.obj
 0001:00002dec       ??_C@_09ELHANLND@dropcapli?$AA@ 10003dec     riched60:rtflex.obj
 0001:00002df8       ??_C@_07GLPMJBIE@doctype?$AA@ 10003df8     riched60:rtflex.obj
 0001:00002e00       ??_C@_02LEBOADDI@dn?$AA@   10003e00     riched60:rtflex.obj
 0001:00002e04       ??_C@_08BEHKFNNO@disabled?$AA@ 10003e04     riched60:rtflex.obj
 0001:00002e10       ??_C@_08EHDLDCAH@dibitmap?$AA@ 10003e10     riched60:rtflex.obj
 0001:00002e1c       ??_C@_07JCMGEKCK@deleted?$AA@ 10003e1c     riched60:rtflex.obj
 0001:00002e24       ??_C@_06KJKCMLIK@deftab?$AA@ 10003e24     riched60:rtflex.obj
 0001:00002e2c       ??_C@_09JPJEIKNM@deflangfe?$AA@ 10003e2c     riched60:rtflex.obj
 0001:00002e38       ??_C@_07HOPCBALC@deflang?$AA@ 10003e38     riched60:rtflex.obj
 0001:00002e40       ??_C@_04CGGKKFON@deff?$AA@ 10003e40     riched60:rtflex.obj
 0001:00002e48       ??_C@_04CDPFHCDB@dbch?$AA@ 10003e48     riched60:rtflex.obj
 0001:00002e50       ??_C@_02EODNHJKB@cs?$AA@   10003e50     riched60:rtflex.obj
 0001:00002e54       ??_C@_03IJGFONDO@cpg?$AA@  10003e54     riched60:rtflex.obj
 0001:00002e58       ??_C@_07GJGNEJFD@comment?$AA@ 10003e58     riched60:rtflex.obj
 0001:00002e60       ??_C@_08CFDDMALI@colortbl?$AA@ 10003e60     riched60:rtflex.obj
 0001:00002e6c       ??_C@_09GCFAGBMA@collapsed?$AA@ 10003e6c     riched60:rtflex.obj
 0001:00002e78       ??_C@_06GFOMMCDH@clvmrg?$AA@ 10003e78     riched60:rtflex.obj
 0001:00002e80       ??_C@_06GGBKJCON@clvmgf?$AA@ 10003e80     riched60:rtflex.obj
 0001:00002e88       ??_C@_09OJHMNBJM@clvertalc?$AA@ 10003e88     riched60:rtflex.obj
 0001:00002e94       ??_C@_09PAGHOANN@clvertalb?$AA@ 10003e94     riched60:rtflex.obj
 0001:00002ea0       ??_C@_09OBLALELF@cltxtbrlv?$AA@ 10003ea0     riched60:rtflex.obj
 0001:00002eac       ??_C@_08JNMNKDKC@cltxlrtb?$AA@ 10003eac     riched60:rtflex.obj
 0001:00002eb8       ??_C@_07HAOKJJKC@clshdng?$AA@ 10003eb8     riched60:rtflex.obj
 0001:00002ec0       ??_C@_05CIBKNHGE@clmrg?$AA@ 10003ec0     riched60:rtflex.obj
 0001:00002ec8       ??_C@_05CLOMIHLO@clmgf?$AA@ 10003ec8     riched60:rtflex.obj
 0001:00002ed0       ??_C@_07HJMEODDP@clcfpat?$AA@ 10003ed0     riched60:rtflex.obj
 0001:00002ed8       ??_C@_07IMEEEFPP@clcbpat?$AA@ 10003ed8     riched60:rtflex.obj
 0001:00002ee0       ??_C@_07OGODNMDJ@clbrdrt?$AA@ 10003ee0     riched60:rtflex.obj
 0001:00002ee8       ??_C@_07LALJHLLP@clbrdrr?$AA@ 10003ee8     riched60:rtflex.obj
 0001:00002ef0       ??_C@_07GEPIEEGA@clbrdrl?$AA@ 10003ef0     riched60:rtflex.obj
 0001:00002ef8       ??_C@_07PKHLGJOO@clbrdrb?$AA@ 10003ef8     riched60:rtflex.obj
 0001:00002f00       ??_C@_07HIALGBOM@chcbpat?$AA@ 10003f00     riched60:rtflex.obj
 0001:00002f08       ??_C@_0L@BFKLKCJF@charscalex?$AA@ 10003f08     riched60:rtflex.obj
 0001:00002f14       ??_C@_05LPFGBMDM@cfpat?$AA@ 10003f14     riched60:rtflex.obj
 0001:00002f1c       ??_C@_02HJIIJPLF@cf?$AA@   10003f1c     riched60:rtflex.obj
 0001:00002f20       ??_C@_05EGFEFCJE@cellx?$AA@ 10003f20     riched60:rtflex.obj
 0001:00002f28       ??_C@_04GDDCBEKB@cell?$AA@ 10003f28     riched60:rtflex.obj
 0001:00002f30       ??_C@_05EKNGLKPM@cbpat?$AA@ 10003f30     riched60:rtflex.obj
 0001:00002f38       ??_C@_04DEDGNHHM@caps?$AA@ 10003f38     riched60:rtflex.obj
 0001:00002f40       ??_C@_06NCIIGPB@bullet?$AA@ 10003f40     riched60:rtflex.obj
 0001:00002f48       ??_C@_04GCJBOLCH@brsp?$AA@ 10003f48     riched60:rtflex.obj
 0001:00002f50       ??_C@_05LFMHAPJ@brdrw?$AA@ 10003f50     riched60:rtflex.obj
 0001:00002f58       ??_C@_0L@HJBBDCPO@brdrtriple?$AA@ 10003f58     riched60:rtflex.obj
 0001:00002f64       ??_C@_06GLAIEJDO@brdrth?$AA@ 10003f64     riched60:rtflex.obj
 0001:00002f6c       ??_C@_05CAHBCDDK@brdrt?$AA@ 10003f6c     riched60:rtflex.obj
 0001:00002f74       ??_C@_06GOEHFPLL@brdrsh?$AA@ 10003f74     riched60:rtflex.obj
 0001:00002f7c       ??_C@_05GPDALFPN@brdrs?$AA@ 10003f7c     riched60:rtflex.obj
 0001:00002f84       ??_C@_05HGCLIELM@brdrr?$AA@ 10003f84     riched60:rtflex.obj
 0001:00002f8c       ??_C@_05KCGKLLGD@brdrl?$AA@ 10003f8c     riched60:rtflex.obj
 0001:00002f94       ??_C@_08MMNCFHJD@brdrhair?$AA@ 10003f94     riched60:rtflex.obj
 0001:00002fa0       ??_C@_07NPAPOIAK@brdrdot?$AA@ 10003fa0     riched60:rtflex.obj
 0001:00002fa8       ??_C@_06INMBACME@brdrdb?$AA@ 10003fa8     riched60:rtflex.obj
 0001:00002fb0       ??_C@_0L@PLNDEABD@brdrdashsm?$AA@ 10003fb0     riched60:rtflex.obj
 0001:00002fbc       ??_C@_08KILOGGOP@brdrdash?$AA@ 10003fbc     riched60:rtflex.obj
 0001:00002fc8       ??_C@_06OMOCNBEF@brdrcf?$AA@ 10003fc8     riched60:rtflex.obj
 0001:00002fd0       ??_C@_07MBDKKIIE@brdrbtw?$AA@ 10003fd0     riched60:rtflex.obj
 0001:00002fd8       ??_C@_07KGKADNFK@brdrbar?$AA@ 10003fd8     riched60:rtflex.obj
 0001:00002fe0       ??_C@_05DMOJJGON@brdrb?$AA@ 10003fe0     riched60:rtflex.obj
 0001:00002fe8       ??_C@_03OLPJGAII@box?$AA@  10003fe8     riched60:rtflex.obj
 0001:00002fec       ??_C@_04OBGPFBCN@blue?$AA@ 10003fec     riched60:rtflex.obj
 0001:00002ff4       ??_C@_03PDOMKJON@bin?$AA@  10003ff4     riched60:rtflex.obj
 0001:00002ff8       ??_C@_06NAHFADN@bgvert?$AA@ 10003ff8     riched60:rtflex.obj
 0001:00003000       ??_C@_07OKCHJBFE@bghoriz?$AA@ 10004000     riched60:rtflex.obj
 0001:00003008       ??_C@_07NBJKCMAP@bgfdiag?$AA@ 10004008     riched60:rtflex.obj
 0001:00003010       ??_C@_08MKMLGOCM@bgdkvert?$AA@ 10004010     riched60:rtflex.obj
 0001:0000301c       ??_C@_09IAFAHNJI@bgdkhoriz?$AA@ 1000401c     riched60:rtflex.obj
 0001:00003028       ??_C@_09LLONMAMD@bgdkfdiag?$AA@ 10004028     riched60:rtflex.obj
 0001:00003034       ??_C@_0L@GAJOKPGC@bgdkdcross?$AA@ 10004034     riched60:rtflex.obj
 0001:00003040       ??_C@_09BAOHMMMF@bgdkcross?$AA@ 10004040     riched60:rtflex.obj
 0001:0000304c       ??_C@_09CAHMICNF@bgdkbdiag?$AA@ 1000404c     riched60:rtflex.obj
 0001:00003058       ??_C@_08PCCGFGBF@bgdcross?$AA@ 10004058     riched60:rtflex.obj
 0001:00003064       ??_C@_07HKJACAAJ@bgcross?$AA@ 10004064     riched60:rtflex.obj
 0001:0000306c       ??_C@_07EKALGOBJ@bgbdiag?$AA@ 1000406c     riched60:rtflex.obj
 0001:00003074       ??_C@_0L@EGCKCJDC@background?$AA@ 10004074     riched60:rtflex.obj
 0001:00003080       ??_C@_01OJONOECF@b?$AA@    10004080     riched60:rtflex.obj
 0001:00003084       ??_C@_08EHHNEMCH@aspparen?$AA@ 10004084     riched60:rtflex.obj
 0001:00003090       ??_C@_06GCKGMHBB@aspnum?$AA@ 10004090     riched60:rtflex.obj
 0001:00003098       ??_C@_08FCCOBOLP@aspalpha?$AA@ 10004098     riched60:rtflex.obj
 0001:000030a4       ??_C@_07BDFPBAIF@ansicpg?$AA@ 100040a4     riched60:rtflex.obj
 0001:000030ac       ??_C@_04KEPONAMI@ansi?$AA@ 100040ac     riched60:rtflex.obj
 0001:000030b4       ??_C@_08CMNABNKJ@animtext?$AA@ 100040b4     riched60:rtflex.obj
 0001:000030c0       ??_C@_03BFGJCNCC@afs?$AA@  100040c0     riched60:rtflex.obj
 0001:000030c4       ??_C@_02HKAMELNL@af?$AA@   100040c4     riched60:rtflex.obj
 0001:000030c8       ??_C@_05JCCCCPKM@adeff?$AA@ 100040c8     riched60:rtflex.obj
 0001:000030d0       ??_C@_04NBLCACHN@accp?$AA@ 100040d0     riched60:rtflex.obj
 0001:000030d8       ??_C@_07KNCGPMIO@accnone?$AA@ 100040d8     riched60:rtflex.obj
 0001:000030e0       ??_C@_06KDDMEHAC@accdot?$AA@ 100040e0     riched60:rtflex.obj
 0001:000030e8       ??_C@_08NGHDDPLF@acccomma?$AA@ 100040e8     riched60:rtflex.obj
 0001:000030f4       ??_C@_03FJGAPNJI@acc?$AA@  100040f4     riched60:rtflex.obj
 0001:000030f8       ?rgKeyword@@3QBU_keyword@@B 100040f8     riched60:rtflex.obj
 0001:00003c28       ?rgShapeKeyword@@3QBU_keyword@@B 10004c28     riched60:rtflex.obj
 0001:00003c50       ?szSymbolKeywords@@3QBEB   10004c50     riched60:rtflex.obj
 0001:00003c5c       ?tokenSymbol@@3QBGB        10004c5c     riched60:rtflex.obj
 0001:00003c78       ?rgbCharClass@@3QBEB       10004c78     riched60:rtflex.obj
 0001:00003d78       ??_7IUndoMgr@@6B@          10004d78     riched60:m_undo.obj
 0001:00003db4       ??_7CUndoStackGuard@@6B@   10004db4     riched60:m_undo.obj
 0001:00003db8       ??_7CGenUndoBuilder@@6BIUndoBuilder@@@ 10004db8     riched60:m_undo.obj
 0001:00003dd4       ??_7CGenUndoBuilder@@6BIReEntrantComponent@@@ 10004dd4     riched60:m_undo.obj
 0001:00003dd8       ??_7CUndoStack@@6B@        10004dd8     riched60:m_undo.obj
 0001:00003ea8       ??_7IOleClientSite@@6B@    10004ea8     riched60:coleobj.obj
 0001:00003ecc       ??_7IOleInPlaceSite@@6B@   10004ecc     riched60:coleobj.obj
 0001:00003f08       ??_7COleObject@@6BIOleClientSite@@@ 10004f08     riched60:coleobj.obj
 0001:00003f30       ??_7COleObject@@6BIOleInPlaceSite@@@ 10004f30     riched60:coleobj.obj
 0001:00003f6c       ??_7COleObject@@6BIAdviseSink@@@ 10004f6c     riched60:coleobj.obj
 0001:00003f8c       ??_7COleObject@@6BCSafeRefCount@@@ 10004f8c     riched60:coleobj.obj
 0001:00003fd8       ?g_rgDOI@@3QBKB            10004fd8     riched60:dxfrobj.obj
 0001:0000401c       ??_C@_1CC@LOOKKCJN@?$AAR?$AAi?$AAc?$AAh?$AA?5?$AAT?$AAe?$AAx?$AAt?$AA?5?$AAF?$AAo?$AAr?$AAm?$AAa?$AAt?$AA?$AA@ 1000501c     riched60:dxfrobj.obj
 0001:00004040       ??_C@_1BI@NGLFAICK@?$AAR?$AAT?$AAF?$AA?5?$AAi?$AAn?$AA?5?$AAU?$AAT?$AAF?$AA8?$AA?$AA@ 10005040     riched60:dxfrobj.obj
 0001:00004058       ??_C@_1DG@NKAEBKAG@?$AAR?$AAT?$AAF?$AA?5?$AAw?$AAi?$AAt?$AAh?$AA?5?$AAN?$AAC?$AAR?$AAs?$AA?5?$AAf?$AAo?$AAr?$AA?5?$AAn?$AAo?$AAn?$AAA?$AAS?$AAC?$AAI?$AAI?$AA?$AA@ 10005058     riched60:dxfrobj.obj
 0001:00004090       ??_C@_1BI@CKMGBJKK@?$AAR?$AAT?$AAF?$AA?5?$AAA?$AAs?$AA?5?$AAT?$AAe?$AAx?$AAt?$AA?$AA@ 10005090     riched60:dxfrobj.obj
 0001:000040a8       ??_C@_1CE@CLMIBKGD@?$AAO?$AAb?$AAj?$AAe?$AAc?$AAt?$AA?5?$AAD?$AAe?$AAs?$AAc?$AAr?$AAi?$AAp?$AAt?$AAo?$AAr?$AA?$AA@ 100050a8     riched60:dxfrobj.obj
 0001:000040cc       ??_C@_1CA@HGHIDFGH@?$AAE?$AAm?$AAb?$AAe?$AAd?$AAd?$AAe?$AAd?$AA?5?$AAO?$AAb?$AAj?$AAe?$AAc?$AAt?$AA?$AA@ 100050cc     riched60:dxfrobj.obj
 0001:000040ec       ??_C@_1BK@FFBGFGMI@?$AAE?$AAm?$AAb?$AAe?$AAd?$AA?5?$AAS?$AAo?$AAu?$AAr?$AAc?$AAe?$AA?$AA@ 100050ec     riched60:dxfrobj.obj
 0001:00004108       ??_C@_1BI@GLKNFKLN@?$AAL?$AAi?$AAn?$AAk?$AA?5?$AAS?$AAo?$AAu?$AAr?$AAc?$AAe?$AA?$AA@ 10005108     riched60:dxfrobj.obj
 0001:00004120       ??_C@_1EC@GMNDAMKB@?$AAR?$AAi?$AAc?$AAh?$AA?5?$AAT?$AAe?$AAx?$AAt?$AA?5?$AAF?$AAo?$AAr?$AAm?$AAa?$AAt?$AA?5?$AAW?$AAi?$AAt?$AAh?$AAo?$AAu?$AAt?$AA?5?$AAO?$AAb?$AAj?$AAe?$AAc?$AAt?$AAs@ 10005120     riched60:dxfrobj.obj
 0001:00004164       ??_C@_1DE@JBOPPLNN@?$AAR?$AAi?$AAc?$AAh?$AAE?$AAd?$AAi?$AAt?$AA?5?$AAT?$AAe?$AAx?$AAt?$AA?5?$AAa?$AAn?$AAd?$AA?5?$AAO?$AAb?$AAj?$AAe?$AAc?$AAt?$AAs?$AA?$AA@ 10005164     riched60:dxfrobj.obj
 0001:00004198       ??_C@_1BC@PKFGPGJB@?$AAF?$AAi?$AAl?$AAe?$AAN?$AAa?$AAm?$AAe?$AA?$AA@ 10005198     riched60:dxfrobj.obj
 0001:000041ac       ??_7CEnumFormatEtc@@6B@    100051ac     riched60:dxfrobj.obj
 0001:000041c8       ??_7CDataTransferObj@@6BIDataObject@@@ 100051c8     riched60:dxfrobj.obj
 0001:000041f8       ??_7CDataTransferObj@@6BITxNotify@@@ 100051f8     riched60:dxfrobj.obj
 0001:00004204       ??_C@_01LOCGONAA@?$AA?$AA@ 10005204     riched60:textex.obj
 0001:00004240       ?lscbk@@3U0@B              10005240     riched60:ols.obj
 0001:00004390       ??_C@_13NEHOJCOL@?p?$KN?$AA?$AA@ 10005390     riched60:ols.obj
 0001:00004394       ??_7ITextBlobSurrogate@@6B@ 10005394     riched60:blobs.obj
 0001:000043a4       ??_7CEnumBlob@@6B@         100053a4     riched60:blobs.obj
 0001:000043c8       ??_7CTextBlobSurrogate@@6BIOleObject@@@ 100053c8     riched60:blobs.obj
 0001:00004428       ??_7CTextBlobSurrogate@@6BIPersistStorage@@@ 10005428     riched60:blobs.obj
 0001:00004450       ??_7CTextBlobSurrogate@@6BITextBlobSurrogate@@@ 10005450     riched60:blobs.obj
 0001:00004460       ??_C@_19GJPDHHOH@?$AAB?$AAl?$AAo?$AAb?$AA?$AA@ 10005460     riched60:blobs.obj
 0001:0000446c       ??_C@_1BK@FAJLEEGJ@?$AAR?$AAe?$AAm?$AAo?$AAv?$AAe?$AAO?$AAn?$AAL?$AAo?$AAa?$AAd?$AA?$AA@ 1000546c     riched60:blobs.obj
 0001:00004488       ??_7CObjectMgr@@6B@        10005488     riched60:objmgr.obj
 0001:00004494       ?rgcrRevisions@@3QBKB      10005494     riched60:util.obj
 0001:000044b4       ??_7CSafeRefCount@@6B@     100054b4     riched60:util.obj
 0001:000044b8       ??_C@_1BM@JCODEOF@?$AAR?$AAi?$AAc?$AAh?$AAE?$AAd?$AAi?$AAt?$AAF?$AAl?$AAa?$AAg?$AAs?$AA?$AA@ 100054b8     riched60:util.obj
 0001:000044d4       ??_C@_1BA@PLKLONMN@?$AAL?$AAi?$AAn?$AAk?$AAe?$AAd?$AA?5?$AA?$AA@ 100054d4     riched60:util.obj
 0001:000044e4       ??_7CTxtBreaker@@6B@       100054e4     riched60:txtbrk.obj
 0001:000044f0       ??_7CDisplayPrinter@@6B@   100054f0     riched60:dispprt.obj
 0001:0000462c       __real@41a00000            1000562c     riched60:tomrange.obj
 0001:00004630       __real@bfe0000000000000    10005630     riched60:tomrange.obj
 0001:00004638       ??_C@_1BG@KBEJPGOO@?$AAH?$AAY?$AAP?$AAE?$AAR?$AAL?$AAI?$AAN?$AAK?$AA?5?$AA?$AA@ 10005638     riched60:tomrange.obj
 0001:00004650       ??_C@_06LPEMMGOP@?2?$CFs?$CFhd?$AA@ 10005650     riched60:rtfwrit.obj
 0001:00004658       ??_C@_06LIAMOJHC@?$HL?2?$CFs?$CFd?$AA@ 10005658     riched60:rtfwrit.obj
 0001:00004660       ??_C@_06MHIOEFFN@?$HL?2?$CK?2?$CFs?$AA@ 10005660     riched60:rtfwrit.obj
 0001:00004668       ??_C@_04MJAMHBI@?$HL?2?$CFs?$AA@ 10005668     riched60:rtfwrit.obj
 0001:00004670       ??_C@_05HKMNBDHO@?2?$CFs?$CFd?$AA@ 10005670     riched60:rtfwrit.obj
 0001:00004678       ??_C@_03GFPEDOMH@?2?$CFs?$AA@ 10005678     riched60:rtfwrit.obj
 0001:00004680       ?g_Colors@@3QBKB           10005680     riched60:rtfwrit.obj
 0001:00004788       ?szEndGroupCRLF@@3QBDB     10005788     riched60:rtfwrit.obj
 0001:00004a04       ??_C@_02HLMONDIO@3?$CI?$AA@ 10005a04     riched60:rtfwrit.obj
 0001:00004a08       ??_C@_02PCIJFNDE@?$AN?6?$AA@ 10005a08     riched60:rtfwrit.obj
 0001:00004a0c       ??_C@_0L@KJKMHHG@?$HL?2horzdoc?$HN?$AA@ 10005a0c     riched60:rtfwrit.obj
 0001:00004a18       ??_C@_0CI@CDCFMOEB@?$HL?2?$CK?2generator?5Riched20?512?40?46203@ 10005a18     riched60:rtfwrit.obj
 0001:00004a40       ??_C@_00CNPNBAHC@?$AA@     10005a40     riched60:rtfwrit.obj
 0001:00004a44       ??_C@_0BP@OJOBAKMC@?2nestrow?$HN?$HL?2nonesttables?2par?$HN?$AN?6?$AA@ 10005a44     riched60:rtfwrit.obj
 0001:00004a64       ??_C@_0BD@GMLLJDBB@?$HL?2?$CK?2nesttableprops?$AA@ 10005a64     riched60:rtfwrit.obj
 0001:00004a78       ??_C@_07PIJMGOJJ@?2pvpara?$AA@ 10005a78     riched60:rtfwrit.obj
 0001:00004a80       ??_C@_0L@BBHFJOMO@?$HL?2pntxtb?$CI?$HN?$AA@ 10005a80     riched60:rtfwrit.obj
 0001:00004a8c       ??_C@_04IEJGKNJ@body?$AA@  10005a8c     riched60:rtfwrit.obj
 0001:00004a94       ??_C@_03EFAKJBNN@blt?$AA@  10005a94     riched60:rtfwrit.obj
 0001:00004a98       ??_C@_04INBALIPC@cont?$AA@ 10005a98     riched60:rtfwrit.obj
 0001:00004aa0       ??_C@_0M@BEHBFCPJ@HYPERLINK?5?$CC?$AA@ 10005aa0     riched60:rtfwrit.obj
 0001:00004aac       ??_C@_19HMOGJADO@?$AAf?$AAi?$AAl?$AAe?$AA?$AA@ 10005aac     riched60:rtfwrit.obj
 0001:00004ab8       ??_C@_1BE@CCDEDJOA@?$AAH?$AAY?$AAP?$AAE?$AAR?$AAL?$AAI?$AAN?$AAK?$AA?$AA@ 10005ab8     riched60:rtfwrit.obj
 0001:00004acc       ??_C@_08GGCABMLN@?2ul0?2cf0?$AA@ 10005acc     riched60:rtfwrit.obj
 0001:00004ad8       ??_C@_0O@PHDLGCGJ@?2objattph?2?820?$AA@ 10005ad8     riched60:rtfwrit.obj
 0001:00004ae8       ??_C@_0L@LBCNDEPM@?$HL?5Normal?$DL?$HN?$AA@ 10005ae8     riched60:rtfwrit.obj
 0001:00004af4       ??_C@_06MJAADPIN@?2deff0?$AA@ 10005af4     riched60:rtfwrit.obj
 0001:00004afc       ??_C@_07FGHMLOGD@?2fbidis?$AA@ 10005afc     riched60:rtfwrit.obj
 0001:00004b08       ??_7CDisplaySL@@6B@        10005b08     riched60:dispsl.obj
 0001:00004c40       ??_7CDisplayML@@6B@        10005c40     riched60:dispml.obj
 0001:00004d7c       ??_7CMeasurerNoFC@@6B@     10005d7c     riched60:measure.obj
 0001:00004d94       ??_7CTxtStoryRanges@@6B@   10005d94     riched60:tomstry.obj
 0001:00004dbc       ?g_rgREtoTOMAlign@@3QBEB   10005dbc     riched60:tomfmt.obj
 0001:00004dcc       __real@cb18967f            10005dcc     riched60:tomfmt.obj
 0001:00004dd0       ??_7CTxtPara@@6B@          10005dd0     riched60:tomfmt.obj
 0001:00004ef0       ??_7CTxtFont@@6B@          10005ef0     riched60:tomfmt.obj
 0001:000050a0       ??_7CTxtStrings@@6B@       100060a0     riched60:tomstrs.obj
 0001:00005100       ??_7IAntiEvent@@6B@        10006100     riched60:antievt.obj
 0001:00005118       ??_7CReplaceRangeAE@@6B@   10006118     riched60:antievt.obj
 0001:00005130       ??_7CReplaceFormattingAE@@6B@ 10006130     riched60:antievt.obj
 0001:00005148       ??_7CReplaceObjectAE@@6B@  10006148     riched60:antievt.obj
 0001:00005160       ??_7CResizeObjectAE@@6B@   10006160     riched60:antievt.obj
 0001:00005178       ??_7CSelectionAE@@6B@      10006178     riched60:antievt.obj
 0001:00005190       ??_7CIme@@6B@              10006190     riched60:ime.obj
 0001:000051ac       ??_7CIme_Lev2@@6B@         100061ac     riched60:ime.obj
 0001:000051c8       ??_7CIme_Lev3@@6B@         100061c8     riched60:ime.obj
 0001:000051e8       ??_7CIme_Protected@@6B@    100061e8     riched60:ime.obj
 0001:00005204       ??_7CIme_HangeulToHanja@@6B@ 10006204     riched60:ime.obj
 0001:00005224       ??_7CEnumTracker@@6B@      10006224     riched60:ctracker.obj
 0001:00005244       ??_7CTxtTrackerMgr@@6B@    10006244     riched60:ctracker.obj
 0001:00005250       ??_7CLayout@@6B@           10006250     riched60:layout.obj
 0001:00005280       ??_7CLayoutLineArray@@6B@  10006280     riched60:layout.obj
 0001:000052b4       ??_7?$CLayoutCachingCountOfLeafLines@VCLayoutLineArray@@@@6B@ 100062b4     riched60:layout.obj
 0001:000052e8       ??_7CLayoutRow@@6B@        100062e8     riched60:layout.obj
 0001:0000531c       ??_C@_1O@PLMMBOFP@?$AAS?$AAY?$AAM?$AAB?$AAO?$AAL?$AA?$AA@ 1000631c     riched60:rtfread.obj
 0001:0000532c       ??_C@_13GMDMCADD@?$AA?$CD?$AA?$AA@ 1000632c     riched60:rtfread.obj
 0001:00005330       ??_C@_1O@DDIEFAAE@?$AA?$CC?$AA?5?$AA?2?$AAl?$AA?5?$AA?$CC?$AA?$AA@ 10006330     riched60:rtfread.obj
 0001:00005340       ??_C@_07MBJMFGGL@heading?$AA@ 10006340     riched60:rtfread.obj
 0001:00005348       ??_C@_1BC@GHAGCGAM@?$AA?$AD?$AAO?$AAb?$AAj?$AAI?$AAn?$AAf?$AAo?$AA?$AA@ 10006348     riched60:rtfread2.obj
 0001:00005360       ?c_rgcc00@@3QBEB           10006360     riched60:fetypogr.obj
 0001:00008960       ?vlsimethodsOle@@3ULSIMETHODS@@B 10009960     riched60:olsole.obj
 0001:00008a14       ??_7CTxtColumns@@6B@       10009a14     riched60:tomtbl.obj
 0001:00008a40       ??_7CTxtCells@@6B@         10009a40     riched60:tomtbl.obj
 0001:00008a74       ??_7CTxtColumn@@6B@        10009a74     riched60:tomtbl.obj
 0001:00008aa0       ??_7CTxtRow@@6B@           10009aa0     riched60:tomtbl.obj
 0001:00008af8       ??_7CTxtTable@@6B@         10009af8     riched60:tomtbl.obj
 0001:00008b28       ??_7CDisplayEngine@@6B@    10009b28     riched60:dispengml.obj
 0001:00008bf0       ??_7CDisplayEngineML@@6BCDisplayEngine@@@ 10009bf0     riched60:dispengml.obj
 0001:00008cb4       ??_7CDisplayEngineML@@6B?$CLayoutCachingCountOfLeafLines@VCLayoutLineArray@@@@@ 10009cb4     riched60:dispengml.obj
 0001:00008ce8       ??_7CTxtBorders@@6B@       10009ce8     riched60:tombdrs.obj
 0001:00008d34       ??1CLSLock@@QAA@XZ         10009d34 f i riched60:reinit.obj
 0001:00008d74       ??0CLSFontCacheLock@@QAA@H@Z 10009d74 f i riched60:reinit.obj
 0001:00008f08       DllMain                    10009f08 f   riched60:reinit.obj
 0001:00009108       ?IsBiDiKbdInstalled@CW32System@@SA_NXZ 1000a108 f i riched60:textserv.obj
 0001:0000915c       ?IsPlaceHolderStorySelected@CTxtEdit@@QAAHXZ 1000a15c f i riched60:textserv.obj
 0001:000091b0       ?SHSipPreference@@YAHPAUHWND__@@W4tagSIPSTATE@@@Z 1000a1b0 f i riched60:textserv.obj
 0001:00009200       ?SetOTxDC@CHDC@@QAAXPAVCOTxDC@@PAUILineLayout@OTx@@@Z 1000a200 f i riched60:textserv.obj
 0001:00009248       ?InterchangeScrollCode@@YAGG@Z 1000a248 f   riched60:textserv.obj
 0001:000092a8       ?LoadMsgFilter@CTxtEdit@@QAAHIIJ@Z 1000a2a8 f   riched60:textserv.obj
 0001:0000943c       ?FormatAndPrint@CTxtEdit@@QAAJPAUHDC__@@0PAUtagDVTARGETDEVICE@@PAUtagRECT@@2@Z 1000a43c f   riched60:textserv.obj
 0001:00009598       ?OnTxInPlaceDeactivate@CTxtEdit@@UAAJXZ 1000a598 f   riched60:textserv.obj
 0001:0000960c       ?OnTxUIActivate@CTxtEdit@@UAAJXZ 1000a60c f   riched60:textserv.obj
 0001:00009614       ?OnTxUIDeactivate@CTxtEdit@@UAAJXZ 1000a614 f   riched60:textserv.obj
 0001:0000961c       ?TxGetText@CTxtEdit@@UAAJPAPAG@Z 1000a61c f   riched60:textserv.obj
 0001:000096dc       ?TxGetCurTargetX@CTxtEdit@@UAAJPAJ@Z 1000a6dc f   riched60:textserv.obj
 0001:00009740       ?TxGetBaseLinePos@CTxtEdit@@UAAJPAJ@Z 1000a740 f   riched60:textserv.obj
 0001:0000974c       ?TxGetDropTarget@CTxtEdit@@UAAJPAPAUIDropTarget@@@Z 1000a74c f   riched60:textserv.obj
 0001:00009754       ?OnTxPropertyBitsChange@CTxtEdit@@UAAJKK@Z 1000a754 f   riched60:textserv.obj
 0001:000097e4       ?TxGetCachedSize@CTxtEdit@@UAAJPAK0@Z 1000a7e4 f   riched60:textserv.obj
 0001:0000980c       ?GetILineLayout@CTxtEdit@@QBAPAUILineLayout@OTx@@PA_N@Z 1000a80c f i riched60:textserv.obj
 0001:0000984c       ?ResetDC@CDevDesc@@QAAXXZ  1000a84c f i riched60:textserv.obj
 0001:0000988c       ?SetText@CTxtEdit@@AAAJPBGKJPAVIUndoBuilder@@PAJ@Z 1000a88c f   riched60:textserv.obj
 0001:0000a208       ?TxDraw@CTxtEdit@@UAAJKJPAXPAUtagDVTARGETDEVICE@@PAUHDC__@@2PBU_RECTL@@3PAUtagRECT@@P6AHK@ZKJ@Z 1000b208 f   riched60:textserv.obj
 0001:0000a840       ?TxGetHScroll@CTxtEdit@@UAAJPAJ000PAH@Z 1000b840 f   riched60:textserv.obj
 0001:0000a9c8       ?TxGetVScroll@CTxtEdit@@UAAJPAJ000PAH@Z 1000b9c8 f   riched60:textserv.obj
 0001:0000ab0c       ?OnTxSetCursor@CTxtEdit@@UAAJKJPAXPAUtagDVTARGETDEVICE@@PAUHDC__@@2PBUtagRECT@@HH@Z 1000bb0c f   riched60:textserv.obj
 0001:0000af00       ?TxQueryHitPoint@CTxtEdit@@UAAJKJPAXPAUtagDVTARGETDEVICE@@PAUHDC__@@2PBUtagRECT@@HHPAK@Z 1000bf00 f   riched60:textserv.obj
 0001:0000b078       ?OnTxInPlaceActivate@CTxtEdit@@UAAJPBUtagRECT@@@Z 1000c078 f   riched60:textserv.obj
 0001:0000b200       ?TxSetText@CTxtEdit@@UAAJPBG@Z 1000c200 f   riched60:textserv.obj
 0001:0000b228       ?TxGetNaturalSize@CTxtEdit@@UAAJKPAUHDC__@@0PAUtagDVTARGETDEVICE@@KPBUtagSIZE@@PAJ3@Z 1000c228 f   riched60:textserv.obj
 0001:0000b694       CreateTextServices         1000c694 f   riched60:textserv.obj
 0001:0000b6f4       ?DeleteNmpRuns@CTxtStory@@QAAXXZ 1000c6f4 f i riched60:textserv.obj
 0001:0000b738       ?TxSendMessage@CTxtEdit@@UAAJIIJPAJ@Z 1000c738 f   riched60:textserv.obj
 0001:0000f3d0       ?OnWinNTFE@CW32System@@SA_NXZ 100103d0 f i riched60:edit.obj
 0001:0000f414       ?IsComplexScript@CTxtEdit@@QBAHXZ 10010414 f i riched60:edit.obj
 0001:0000f450       ?FAdjustFELineHt@CDisplay@@QBAHXZ 10010450 f i riched60:edit.obj
 0001:0000f4ac       ?GetKbdFlags@@YAKGK@Z      100104ac f   riched60:edit.obj
 0001:0000f4f4       ?TwipsToQuarterPoints@@YAJJ@Z 100104f4 f   riched60:edit.obj
 0001:0000f518       ?CheckTwips@@YAJJ@Z        10010518 f   riched60:edit.obj
 0001:0000f538       ?CheckCharRange@@YAJPAU_charrange@@J@Z 10010538 f   riched60:edit.obj
 0001:0000f56c       ?TxInvalidateRect@CTxtEdit@@QAAXPBUtagRECT@@@Z 1001056c f   riched60:edit.obj
 0001:0000f588       ?TxInvalidateRect@CTxtEdit@@QAAXPBURECTUV@@@Z 10010588 f   riched60:edit.obj
 0001:0000f5d0       ?TransformPoint@CTxtEdit@@QAAXPAUtagPOINT@@@Z 100105d0 f   riched60:edit.obj
 0001:0000f674       ?CheckAcetateSelection@CTxtEdit@@QAAXXZ 10010674 f   riched60:edit.obj
 0001:0000f6e4       ?QueryInterface@CTxtEdit@@UAAJABU_GUID@@PAPAX@Z 100106e4 f   riched60:edit.obj
 0001:0000f6fc       ?AddRef@CTxtEdit@@UAAKXZ   100106fc f   riched60:edit.obj
 0001:0000f714       ?Release@CTxtEdit@@UAAKXZ  10010714 f   riched60:edit.obj
 0001:0000f72c       ?CreateUndoMgr@CTxtEdit@@QAAPAVIUndoMgr@@JW4USFlags@@@Z 1001072c f   riched60:edit.obj
 0001:0000f800       ?HandleSetUndoLimit@CTxtEdit@@QAAJJ@Z 10010800 f   riched60:edit.obj
 0001:0000f984       ?GetUniscribe@@YAPAVCUniscribe@@XZ 10010984 f   riched60:edit.obj
 0001:0000fa24       ?GetNotifyMgr@CTxtEdit@@QAAPAVCNotifyMgr@@XZ 10010a24 f   riched60:edit.obj
 0001:0000fa2c       ?GetObjectMgr@CTxtEdit@@QAAPAVCObjectMgr@@XZ 10010a2c f   riched60:edit.obj
 0001:0000fa9c       ?IsBlobObject@CTxtEdit@@QBAHJPAVCTxtStory@@@Z 10010a9c f   riched60:edit.obj
 0001:0000fb14       ?GetSelMin@CTxtEdit@@QBAJXZ 10010b14 f   riched60:edit.obj
 0001:0000fb54       ?GetSelMost@CTxtEdit@@QBAJXZ 10010b54 f   riched60:edit.obj
 0001:0000fb94       ?OnTxCaptureChanged@CTxtEdit@@AAAJIJ@Z 10010b94 f   riched60:edit.obj
 0001:0000fbbc       ?StopMagellanScroll@CTxtEdit@@AAAHXZ 10010bbc f   riched60:edit.obj
 0001:0000fc30       ?CheckInstallContinuousScroll@CTxtEdit@@AAAXXZ 10010c30 f   riched60:edit.obj
 0001:0000fc70       ?CheckRemoveContinuousScroll@CTxtEdit@@AAAXXZ 10010c70 f   riched60:edit.obj
 0001:0000fca8       ?OnDisplayBand@CTxtEdit@@AAAHPBUtagRECT@@H@Z 10010ca8 f   riched60:edit.obj
 0001:0000ff30       ?QueryInterface@CUnknown@CTxtEdit@@UAAJABU_GUID@@PAPAX@Z 10010f30 f   riched60:edit.obj
 0001:00010104       ?AddRef@CUnknown@CTxtEdit@@UAAKXZ 10011104 f   riched60:edit.obj
 0001:00010118       ?ValidateTextRange@@YAJPAU_textrangew@@@Z 10011118 f   riched60:edit.obj
 0001:00010174       ?GetSel@CTxtEdit@@QAAPAVCTxtSelection@@XZ 10011174 f   riched60:edit.obj
 0001:000101c0       ?DiscardSelection@CTxtEdit@@QAAXXZ 100111c0 f   riched60:edit.obj
 0001:00010200       ?GetSelRangeForRender@CTxtEdit@@QAAHPAJ0JPAH@Z 10011200 f   riched60:edit.obj
 0001:00010264       ?IsMultiSelect@CTxtEdit@@QBAHPAH@Z 10011264 f   riched60:edit.obj
 0001:000102c4       ?OnDropFiles@CTxtEdit@@AAAJPAX@Z 100112c4 f   riched60:edit.obj
 0001:000102cc       ?FMidLetter@@YAHJPBGJ0@Z   100112cc f   riched60:edit.obj
 0001:0001034c       ?TxGetLineCount@CTxtEdit@@AAAJPAJ@Z 1001134c f   riched60:edit.obj
 0001:000103ec       ?OnGetParaFormat@CTxtEdit@@AAAJPAUPARAFORMAT2@@KPAU_charrange@@@Z 100113ec f   riched60:edit.obj
 0001:00010510       ?OnGetTextFlow@CTxtEdit@@AAAJPAU_charrange@@@Z 10011510 f   riched60:edit.obj
 0001:000105bc       ?TxLineScroll@CTxtEdit@@AAAJJJ@Z 100115bc f   riched60:edit.obj
 0001:000105d8       ?OnScrollCaret@CTxtEdit@@AAAXXZ 100115d8 f   riched60:edit.obj
 0001:0001061c       ?Beep@CTxtEdit@@QAAXXZ     1001161c f   riched60:edit.obj
 0001:00010634       ?GetBreakUnit@CTxtEdit@@QBAIXZ 10011634 f   riched60:edit.obj
 0001:00010678       ?TxGetViewInset@CTxtEdit@@QBAXAAURECTUV@@PBVCDisplay@@PAU2@@Z 10011678 f   riched60:edit.obj
 0001:000108dc       ?IsLeftScrollbar@CTxtEdit@@QBAHXZ 100118dc f   riched60:edit.obj
 0001:00010930       ?TxGetBackStyle@CTxtEdit@@QBA?AW4TXTBACKSTYLE@@XZ 10011930 f   riched60:edit.obj
 0001:00010960       ?TxGetAutoSize@CTxtEdit@@QBAHXZ 10011960 f   riched60:edit.obj
 0001:0001096c       ?TxGetAutoWordSel@CTxtEdit@@QBAHXZ 1001196c f   riched60:edit.obj
 0001:000109b0       ?TxGetMaxLength@CTxtEdit@@QBAKXZ 100119b0 f   riched60:edit.obj
 0001:000109b8       ?TxGetPasswordChar@CTxtEdit@@QBAGXZ 100119b8 f   riched60:edit.obj
 0001:00010a18       ?TxGetClientRect@CTxtEdit@@QBAXAAUtagRECT@@PAU2@@Z 10011a18 f   riched60:edit.obj
 0001:00010b44       ?TxShowScrollBar@CTxtEdit@@QAAHHH@Z 10011b44 f   riched60:edit.obj
 0001:00010b94       ?TxEnableScrollBar@CTxtEdit@@QAAHHH@Z 10011b94 f   riched60:edit.obj
 0001:00010be4       ?TxSetScrollRange@CTxtEdit@@QAAHHJHH@Z 10011be4 f   riched60:edit.obj
 0001:00010c4c       ?TxSetScrollPos@CTxtEdit@@QAAHHHH@Z 10011c4c f   riched60:edit.obj
 0001:00010ca4       ?TxSetCaretPos@CTxtEdit@@QAAHHH@Z 10011ca4 f   riched60:edit.obj
 0001:00010cf4       ?TxGetScrollBars@CTxtEdit@@QBAKXZ 10011cf4 f   riched60:edit.obj
 0001:00010d68       ?TxGetSelectionBarWidth@CTxtEdit@@QBAJXZ 10011d68 f   riched60:edit.obj
 0001:00010d98       ?TxGetWordWrap@CTxtEdit@@QBAHXZ 10011d98 f   riched60:edit.obj
 0001:00010ddc       ?ClearUndo@CTxtEdit@@AAAXPAVIUndoBuilder@@@Z 10011ddc f   riched60:edit.obj
 0001:00010e30       ?TxIsDoubleClickPending@CTxtEdit@@QAAHXZ 10011e30 f   riched60:edit.obj
 0001:00010e5c       ?TxGetWindow@CTxtEdit@@QAAJPAPAUHWND__@@@Z 10011e5c f   riched60:edit.obj
 0001:00010e8c       ?TxSetForegroundWindow@CTxtEdit@@QAAJXZ 10011e8c f   riched60:edit.obj
 0001:00010ebc       ?TxGetPalette@CTxtEdit@@QAAPAUHPALETTE__@@XZ 10011ebc f   riched60:edit.obj
 0001:00010ee8       ?TxGetFEFlags@CTxtEdit@@QAAJPAJ@Z 10011ee8 f   riched60:edit.obj
 0001:00010f88       ?TxSetCursor@CTxtEdit@@QAAPAUHICON__@@PAU2@H@Z 10011f88 f   riched60:edit.obj
 0001:00010fd0       ?TxNotify@CTxtEdit@@QAAJKPAX@Z 10011fd0 f   riched60:edit.obj
 0001:00011094       ?SendScrollEvent@CTxtEdit@@QAAXK@Z 10012094 f   riched60:edit.obj
 0001:000110b8       ?HandleLowFiRTF@CTxtEdit@@QAAHPAD@Z 100120b8 f   riched60:edit.obj
 0001:00011120       ?CheckLink@CTxtEdit@@QAAHPAVCTxtRange@@H@Z 10012120 f   riched60:edit.obj
 0001:000111d8       ?NotifyTracker@CTxtEdit@@QAAHPAVCTxtRange@@IIJ@Z 100121d8 f   riched60:edit.obj
 0001:00011290       ?GetDefaultCharFormat@CTxtEdit@@QAAJPAVCCharFormat@@AAK@Z 10012290 f   riched60:edit.obj
 0001:0001136c       ?GetDefaultParaFormat@CTxtEdit@@QAAJPAVCParaFormat@@@Z 1001236c f   riched60:edit.obj
 0001:0001143c       ?GetAdjustedTextLength@CTxtEdit@@AAAJPAVCTxtStory@@@Z 1001243c f   riched60:edit.obj
 0001:00011474       ?GetCharFormat@CTxtEdit@@QBAPBVCCharFormat@@J@Z 10012474 f   riched60:edit.obj
 0001:000114b8       ?GetParaFormat@CTxtEdit@@QBAPBVCParaFormat@@J@Z 100124b8 f   riched60:edit.obj
 0001:000114fc       ?SetRichDocEndEOP@CTxtEdit@@AAAXJ@Z 100124fc f   riched60:edit.obj
 0001:00011588       ?PopAndExecuteAntiEvent@CTxtEdit@@QAAJPAVIUndoMgr@@PAX@Z 10012588 f   riched60:edit.obj
 0001:000116a0       ?PasteDataObjectToRange@CTxtEdit@@QAAJPAUIDataObject@@PAVCTxtRange@@GPAU_repastespecial@@PAVIUndoBuilder@@K@Z 100126a0 f   riched60:edit.obj
 0001:000116f8       ?TxScrollWindowEx@CTxtEdit@@QAAXHHPBUtagRECT@@0@Z 100126f8 f   riched60:edit.obj
 0001:000117b0       ?GetAcpFromCp@CTxtEdit@@QAAJJH@Z 100127b0 f   riched60:edit.obj
 0001:00011818       ?GetCpFromAcp@CTxtEdit@@QAAJJH@Z 10012818 f   riched60:edit.obj
 0001:00011888       ?GetViewKind@CTxtEdit@@QAAJPAJ@Z 10012888 f   riched60:edit.obj
 0001:000118c0       ?GetViewScale@CTxtEdit@@QAAJPAJ@Z 100128c0 f   riched60:edit.obj
 0001:00011918       ?SetViewScale@CTxtEdit@@QAAJJ@Z 10012918 f   riched60:edit.obj
 0001:00011938       ?MoveSelection@CTxtEdit@@QAAJJPAVIUndoBuilder@@@Z 10012938 f   riched60:edit.obj
 0001:00011d18       ?FillDIB@@YAHPAUHBITMAP__@@PAPAX@Z 10012d18 f   riched60:edit.obj
 0001:00011e2c       ?OnInsertObject@CTxtEdit@@AAAJIJPAVIUndoBuilder@@@Z 10012e2c f   riched60:edit.obj
 0001:00011f20       ?GetStoryID@CTxtEdit@@AAAJPAVCTxtStory@@@Z 10012f20 f   riched60:edit.obj
 0001:00011f5c       ?CleanupHostData@CTxtEdit@@QAAXXZ 10012f5c f   riched60:edit.obj
 0001:00012008       ?OnSetAssociateFont@CTxtEdit@@AAAJPAUCHARFORMAT2W@@K@Z 10013008 f   riched60:edit.obj
 0001:0001223c       ?OnGetAssociateFont@CTxtEdit@@AAAJPAUCHARFORMAT2W@@K@Z 1001323c f   riched60:edit.obj
 0001:000123c4       ?GetCaretWidth@CTxtEdit@@QAAJXZ 100133c4 f   riched60:edit.obj
 0001:00012438       ?CheckFont@CTxtEdit@@UAAJPAUITextFont@@JPAJ@Z 10013438 f   riched60:edit.obj
 0001:000124d8       ?CheckProtect@CTxtEdit@@UAAJPAUITextRange@@PAJ@Z 100134d8 f   riched60:edit.obj
 0001:00012520       ?CheckRange@CTxtEdit@@UAAJPAJ0@Z 10013520 f   riched60:edit.obj
 0001:00012600       ?GetDocFlags@CTxtEdit@@UAAJJPAJ@Z 10013600 f   riched60:edit.obj
 0001:00012700       ?GetParaTxtFlow@CTxtEdit@@UAAJPAUITextPara@@PAJ@Z 10013700 f   riched60:edit.obj
 0001:00012740       ?InsertObj@CTxtEdit@@UAAJJJPAUIDataObject@@@Z 10013740 f   riched60:edit.obj
 0001:00012868       ?IsDisplayFrozen@CTxtEdit@@UAAJPAJ@Z 10013868 f   riched60:edit.obj
 0001:000128c4       ?ModifyPic@CTxtEdit@@UAAJPAUIUnknown@@@Z 100138c4 f   riched60:edit.obj
 0001:000128f8       ?SetCallBack@CTxtEdit@@UAAJPAUIUnknown@@@Z 100138f8 f   riched60:edit.obj
 0001:00012900       ?SetMsgFltOptions@CTxtEdit@@UAAJJJ@Z 10013900 f   riched60:edit.obj
 0001:00012968       ?SendNotification@CTxtEdit@@UAAJJJ@Z 10013968 f   riched60:edit.obj
 0001:00012a74       ?RequestLock@CTxtEdit@@UAAJJPAJ@Z 10013a74 f   riched60:edit.obj
 0001:00012a88       ?EndSelectionMode@CTxtEdit@@AAAXW4SELECTION_STATE@@@Z 10013a88 f   riched60:edit.obj
[...]
 0002:0000022c       __imp_GetFontData          100bf22c     coredll:COREDLL.dll
 0002:00000230       __imp_HeapAlloc            100bf230     coredll:COREDLL.dll
 0002:00000234       __imp_HeapCreate           100bf234     coredll:COREDLL.dll
 0002:00000238       __imp_HeapReAlloc          100bf238     coredll:COREDLL.dll
 0002:0000023c       __imp_HeapFree             100bf23c     coredll:COREDLL.dll
 0002:00000240       __imp_StringCchCopyA       100bf240     coredll:COREDLL.dll
 0002:00000244       __imp_FreeLibrary          100bf244     coredll:COREDLL.dll
 0002:00000248       __imp_StretchBlt           100bf248     coredll:COREDLL.dll
 0002:0000024c       __imp_Polyline             100bf24c     coredll:COREDLL.dll
 0002:00000250       __imp_PatBlt               100bf250     coredll:COREDLL.dll
 0002:00000254       __imp_CreateSolidBrush     100bf254     coredll:COREDLL.dll
 0002:00000258       __imp_SetTextColor         100bf258     coredll:COREDLL.dll
 0002:0000025c       __imp_GetBkColor           100bf25c     coredll:COREDLL.dll
 0002:00000260       __imp_SetBkColor           100bf260     coredll:COREDLL.dll
 0002:00000264       __imp_SetBkMode            100bf264     coredll:COREDLL.dll
 0002:00000268       __imp_CreatePen            100bf268     coredll:COREDLL.dll
 0002:0000026c       __imp_GetCurrentObject     100bf26c     coredll:COREDLL.dll
 0002:00000270       __imp_GetLastError         100bf270     coredll:COREDLL.dll
 0002:00000274       __imp_ReadFile             100bf274     coredll:COREDLL.dll
 0002:00000278       __imp_WriteFile            100bf278     coredll:COREDLL.dll
 0002:0000027c       __imp_CloseHandle          100bf27c     coredll:COREDLL.dll
 0002:00000280       __imp_SetFilePointer       100bf280     coredll:COREDLL.dll
 0002:00000284       __imp_CreateBitmap         100bf284     coredll:COREDLL.dll
 0002:00000288       __imp_GetPixel             100bf288     coredll:COREDLL.dll
 0002:0000028c       __imp_GetCapture           100bf28c     coredll:COREDLL.dll
 0002:00000290       __imp_ActivateKeyboardLayout 100bf290     coredll:COREDLL.dll
 0002:00000294       __imp_IsClipboardFormatAvailable 100bf294     coredll:COREDLL.dll
 0002:00000298       __imp_SetClipboardData     100bf298     coredll:COREDLL.dll
 0002:0000029c       __imp_CloseClipboard       100bf29c     coredll:COREDLL.dll
 0002:000002a0       __imp_EmptyClipboard       100bf2a0     coredll:COREDLL.dll
 0002:000002a4       __imp_OpenClipboard        100bf2a4     coredll:COREDLL.dll
 0002:000002a8       __imp_GetClipboardOwner    100bf2a8     coredll:COREDLL.dll
 0002:000002ac       __imp_GetClipboardData     100bf2ac     coredll:COREDLL.dll
 0002:000002b0       __imp_Rectangle            100bf2b0     coredll:COREDLL.dll
 0002:000002b4       __imp_SetROP2              100bf2b4     coredll:COREDLL.dll
 0002:000002b8       __imp_CopyRect             100bf2b8     coredll:COREDLL.dll
 0002:000002bc       __imp_CreateDIBSection     100bf2bc     coredll:COREDLL.dll
 0002:000002c0       __imp_OffsetRect           100bf2c0     coredll:COREDLL.dll
 0002:000002c4       __imp_GetMessagePos        100bf2c4     coredll:COREDLL.dll
 0002:000002c8       __imp_Sleep                100bf2c8     coredll:COREDLL.dll
 0002:000002cc       __imp_RegisterClipboardFormatW 100bf2cc     coredll:COREDLL.dll
 0002:000002d0       __imp_CreatePatternBrush   100bf2d0     coredll:COREDLL.dll
 0002:000002d4       __imp___GetUserKData       100bf2d4     coredll:COREDLL.dll
 0002:000002d8       __imp_GetCaretPos          100bf2d8     coredll:COREDLL.dll
 0002:000002dc       __imp_memmove              100bf2dc     corelib1:COREDLL.dll
 0002:000002e0       __imp_memset               100bf2e0     corelib1:COREDLL.dll
 0002:000002e4       __imp_strlen               100bf2e4     corelib1:COREDLL.dll
 0002:000002e8       __imp_memcpy               100bf2e8     corelib1:COREDLL.dll
 0002:000002ec       __imp_memcmp               100bf2ec     corelib1:COREDLL.dll
 0002:000002f0       \177COREDLL_NULL_THUNK_DATA 100bf2f0     coredll:COREDLL.dll
 0002:000002f4       __imp_SysStringLen         100bf2f4     oleaut32:OLEAUT32.dll
 0002:000002f8       __imp_SysFreeString        100bf2f8     oleaut32:OLEAUT32.dll
 0002:000002fc       __imp_SysAllocStringLen    100bf2fc     oleaut32:OLEAUT32.dll
 0002:00000300       __imp_SysAllocString       100bf300     oleaut32:OLEAUT32.dll
 0002:00000304       \177OLEAUT32_NULL_THUNK_DATA 100bf304     oleaut32:OLEAUT32.dll
 0002:00000308       _fltused                   100bf308     riched60:w32sys.obj
 0002:0000030c       ?_pfnGetLayout@CW32System@@2P6AKPAUHDC__@@@ZA 100bf30c     riched60:w32sys.obj
 0002:00000310       ?_pfnSetLayout@CW32System@@2P6AKPAUHDC__@@K@ZA 100bf310     riched60:w32sys.obj
 0002:00000324       ?szArial@@3PBGB            100bf324     riched60:font.obj
 0002:00000328       ?szArialUnicode@@3PBGB     100bf328     riched60:font.obj
 0002:0000032c       ?szCourierNew@@3PBGB       100bf32c     riched60:font.obj
 0002:00000330       ?szSymbol@@3PBGB           100bf330     riched60:font.obj
 0002:00000334       ?szSystem@@3PBGB           100bf334     riched60:font.obj
 0002:00000338       ?szTahoma@@3PBGB           100bf338     riched60:font.obj
 0002:0000033c       ?szTimesNewRoman@@3PBGB    100bf33c     riched60:font.obj
 0002:0000035c       ?g_cMaxScript@@3HA         100bf35c     riched60:uspi.obj
 0002:00000368       ?charCategories@@3PAPBGA   100bf368     riched60:clasifyc.obj
 0002:000003ac       ?szUTF8BOM@@3PAEA          100bf3ac     riched60:tomdoc.obj
 0002:000003b8       ?cKeywords@@3HA            100bf3b8     riched60:rtflex.obj
 0002:000003bc       ?cShapeKeywords@@3HA       100bf3bc     riched60:rtflex.obj
 0002:000003c0       ?rgszUnrecognizedRTF@@3PAPBDA 100bf3c0     riched60:rtflex.obj
 0002:0000040c       ?crgszUnrecognizedRTF@@3HA 100bf40c     riched60:rtflex.obj
 0002:00000410       ?g_rgFETC@@3PAUtagFORMATETC@@A 100bf410     riched60:dxfrobj.obj
 0002:000005e0       ?szRowEnd@@3PAGA           100bf5e0     riched60:rtfread.obj
 0002:000005e8       ?szRowStart@@3PAGA         100bf5e8     riched60:rtfread.obj
 0002:000005f0       ?pchSeparateField@@3PAGA   100bf5f0     riched60:rtfread.obj
 0002:000005f4       ?pchStartField@@3PAGA      100bf5f4     riched60:rtfread.obj
 0002:000005f8       ?pchStartRuby@@3PAGA       100bf5f8     riched60:rtfread.obj
 0002:000005fc       ?pchEndILOArg@@3PAGA       100bf5fc     riched60:rtfread.obj
 0002:00000600       ?pchEndILO@@3PAGA          100bf600     riched60:rtfread.obj
 0002:00000618       __security_cookie          100bf618     corelib0:seccinit.obj
 0002:0000061c       __security_cookie_complement 100bf61c     corelib0:seccinit.obj
 0002:00000620       ?g_CriticalSectionIdealHDC@@3UCRITICAL_SECTION@@A 100bf620     riched60:reinit.obj
 0002:00000634       ?g_CriticalSectionPTS@@3UCRITICAL_SECTION@@A 100bf634     riched60:reinit.obj
 0002:00000648       ?g_CriticalSection@@3UCRITICAL_SECTION@@A 100bf648     riched60:reinit.obj
 0002:00000674       ?hinstRE@@3PAUHINSTANCE__@@A 100bf674     riched60:reinit.obj
 0002:00000678       ?g_fNoUniscribe@@3HA       100bf678     riched60:reinit.obj
 0002:0000067c       ?g_fNoMSLS@@3HA            100bf67c     riched60:reinit.obj
 0002:00000688       ?_upBorder@CTxtEdit@@2FA   100bf688     riched60:edit.obj
 0002:0000068a       ?_fUndoOnce@CTxtEdit@@2EA  100bf68a     riched60:edit.obj
 0002:0000068b       ?_iBorder@CTxtEdit@@2EA    100bf68b     riched60:edit.obj
 0002:0000068c       ?_ptDblClick@CTxtEdit@@2UtagPOINT@@A 100bf68c     riched60:edit.obj
 0002:00000694       ?_dvlRow@CTxtEdit@@2JA     100bf694     riched60:edit.obj
 0002:00000698       ?g_phc@@3PAVCHyphCache@@A  100bf698     riched60:edit.obj
 0002:0000069c       ?_dwTickDblClick@CTxtEdit@@2KA 100bf69c     riched60:edit.obj
 0002:000006a0       ?_cpHit@CTxtEdit@@2JA      100bf6a0     riched60:edit.obj
 0002:000006a4       ?_hcurArrow@CTxtEdit@@2PAUHICON__@@A 100bf6a4     riched60:edit.obj
 0002:000006a8       ?_hcurHand@CTxtEdit@@2PAUHICON__@@A 100bf6a8     riched60:edit.obj
 0002:000006ac       ?_hcurIBeam@CTxtEdit@@2PAUHICON__@@A 100bf6ac     riched60:edit.obj
 0002:000006b0       ?_hcurItalic@CTxtEdit@@2PAUHICON__@@A 100bf6b0     riched60:edit.obj
 0002:000006b4       ?_hcurSelBar@CTxtEdit@@2PAUHICON__@@A 100bf6b4     riched60:edit.obj
 0002:000006b8       ?_hcurVIBeam@CTxtEdit@@2PAUHICON__@@A 100bf6b8     riched60:edit.obj
 0002:000006bc       ?_hcurVItalic@CTxtEdit@@2PAUHICON__@@A 100bf6bc     riched60:edit.obj
 0002:000006c0       ?_hcurVSplit@CTxtEdit@@2PAUHICON__@@A 100bf6c0     riched60:edit.obj
 0002:000006c4       ?_hcurHSplit@CTxtEdit@@2PAUHICON__@@A 100bf6c4     riched60:edit.obj
 0002:000006c8       ?g_wFlags@@3GA             100bf6c8     riched60:edit.obj
 0002:000006d0       ?g_defaultPF@@3VCParaFormat@@A 100bf6d0     riched60:edit.obj
 0002:00000718       ?g_defaultCF@@3VCCharFormat@@A 100bf718     riched60:edit.obj
 0002:00000758       ?g_defaultLi@@3UCLine@@A   100bf758     riched60:edit.obj
 0002:0000078c       ?g_phostdel@@3PAVCTxtWinHost@@A 100bf78c     riched60:host.obj
 0002:00000790       ?_DCT@CW32System@@0HA      100bf790     riched60:w32sys.obj
 0002:00000794       ?_hdcScreenDC@CW32System@@0PAUHDC__@@A 100bf794     riched60:w32sys.obj
 0002:00000798       ?_fUsePalette@CW32System@@0EA 100bf798     riched60:w32sys.obj
 0002:00000799       ?_fLRMorRLM@CW32System@@2EA 100bf799     riched60:w32sys.obj
 0002:0000079a       ?_fCheckExe@CW32System@@2EA 100bf79a     riched60:w32sys.obj
 0002:0000079b       ?_bCharSetSys@CW32System@@0EA 100bf79b     riched60:w32sys.obj
 0002:0000079c       ?_ACP@CW32System@@0IA      100bf79c     riched60:w32sys.obj
 0002:000007a0       ?_dwNumKeyPad@CW32System@@0KA 100bf7a0     riched60:w32sys.obj
 0002:000007a4       ?_hcurSizeNESW@CW32System@@0PAUHICON__@@A 100bf7a4     riched60:w32sys.obj
 0002:000007a8       ?_dwMinorVersion@CW32System@@2KA 100bf7a8     riched60:w32sys.obj
 0002:000007ac       ?_nScrollInset@CW32System@@0GA 100bf7ac     riched60:w32sys.obj
 0002:000007ae       ?_fHaveAIMM@CW32System@@2EA 100bf7ae     riched60:w32sys.obj
 0002:000007af       ?_bRegisteredClasses@CW32System@@2EA 100bf7af     riched60:w32sys.obj
 0002:000007b0       ?_MSIMEReconvertMsg@CW32System@@2IA 100bf7b0     riched60:w32sys.obj
 0002:000007b4       ?_hklCurrent@CW32System@@0PAUHKL__@@A 100bf7b4     riched60:w32sys.obj
 0002:000007b8       ?_nScrollVAmount@CW32System@@0GA 100bf7b8     riched60:w32sys.obj
 0002:000007ba       ?_fRightHanded@CW32System@@0EA 100bf7ba     riched60:w32sys.obj
 0002:000007bb       ?_fHaveIMMEShare@CW32System@@2EA 100bf7bb     riched60:w32sys.obj
 0002:000007bc       ?_nDragDelay@CW32System@@0GA 100bf7bc     riched60:w32sys.obj
 0002:000007be       ?_fLoadAIMM10@CW32System@@2EA 100bf7be     riched60:w32sys.obj
 0002:000007bf       ?_fClearTypeIsOn@CW32System@@2EA 100bf7bf     riched60:w32sys.obj
 0002:000007c0       ?_MSMouseRoller@CW32System@@2IA 100bf7c0     riched60:w32sys.obj
 0002:000007c4       ?_dwNationalDigitLanguage@CW32System@@0KA 100bf7c4     riched60:w32sys.obj
 0002:000007c8       ?_nScrollHAmount@CW32System@@0GA 100bf7c8     riched60:w32sys.obj
 0002:000007ca       ?_fUsingMSOStyle@CW32System@@2EA 100bf7ca     riched60:w32sys.obj
 0002:000007cb       ?_fSkipObjectData@CW32System@@2EA 100bf7cb     riched60:w32sys.obj
 0002:000007cc       ?_cpMostURL@CW32System@@2JA 100bf7cc     riched60:w32sys.obj
 0002:000007d0       ?_syslcid@CW32System@@0KA  100bf7d0     riched60:w32sys.obj
 0002:000007d4       ?_cRefs@CW32System@@0JA    100bf7d4     riched60:w32sys.obj
 0002:000007d8       ?_hwndTT@CW32System@@2PAUHWND__@@A 100bf7d8     riched60:w32sys.obj
 0002:000007dc       ?_ySysFontLeading@CW32System@@0HA 100bf7dc     riched60:w32sys.obj
 0002:000007e0       ?_wDeadKey@CW32System@@0GA 100bf7e0     riched60:w32sys.obj
 0002:000007e2       ?_dupCaret@CW32System@@2EA 100bf7e2     riched60:w32sys.obj
 0002:000007e3       ?_fSysParamsOk@CW32System@@0EA 100bf7e3     riched60:w32sys.obj
 0002:000007e4       ?_MSIMEMouseMsg@CW32System@@2IA 100bf7e4     riched60:w32sys.obj
 0002:000007e8       ?_hcurSizeNS@CW32System@@0PAUHICON__@@A 100bf7e8     riched60:w32sys.obj
 0002:000007ec       ?_arTmpDisplayAttrib@CW32System@@2PAVCTmpDisplayAttrArray@@A 100bf7ec     riched60:w32sys.obj
 0002:000007f0       ?_MSIMEDocFeedMsg@CW32System@@2IA 100bf7f0     riched60:w32sys.obj
 0002:000007f4       ?_hDefaultFont@CW32System@@0PAUHFONT__@@A 100bf7f4     riched60:w32sys.obj
 0002:000007f8       ?_cxBorder@CW32System@@0HA 100bf7f8     riched60:w32sys.obj
 0002:000007fc       ?_nDragMinDist@CW32System@@0GA 100bf7fc     riched60:w32sys.obj
 0002:000007fe       ?_fHaveIMMProcs@CW32System@@2EA 100bf7fe     riched60:w32sys.obj
 0002:000007ff       ?_bDigitSubstMode@CW32System@@0EA 100bf7ff     riched60:w32sys.obj
 0002:00000800       ?_yPerInchScreenDC@CW32System@@0JA 100bf800     riched60:w32sys.obj
 0002:00000804       ?_MSIMEReconvertRequestMsg@CW32System@@2IA 100bf804     riched60:w32sys.obj
 0002:00000808       ?_xPerInchScreenDC@CW32System@@0JA 100bf808     riched60:w32sys.obj
 0002:0000080c       ?_hdcScreenIC@CW32System@@0PAUHDC__@@A 100bf80c     riched60:w32sys.obj
 0002:00000810       ?_cyHScroll@CW32System@@0HA 100bf810     riched60:w32sys.obj
 0002:00000814       ?_dupSystemFont@CW32System@@0HA 100bf814     riched60:w32sys.obj
 0002:00000818       ?g_pcto@@3PAUICustomTextOut@@A 100bf818     riched60:w32sys.obj
 0002:0000081c       ?_dxSelBar@CW32System@@0JA 100bf81c     riched60:w32sys.obj
 0002:00000820       ?_sysiniflags@CW32System@@0HA 100bf820     riched60:w32sys.obj
 0002:00000824       ?_wFEFontInfo@CW32System@@2GA 100bf824     riched60:w32sys.obj
 0002:00000828       ?_pIMEShare@CW32System@@2PAVCIMEShare@@A 100bf828     riched60:w32sys.obj
 0002:0000082c       ?_hcurSizeNWSE@CW32System@@0PAUHICON__@@A 100bf82c     riched60:w32sys.obj
 0002:00000830       ?_dwMajorVersion@CW32System@@2KA 100bf830     riched60:w32sys.obj
 0002:00000834       ?_cyDoubleClk@CW32System@@0HA 100bf834     riched60:w32sys.obj
 0002:00000838       ?_MSIMEServiceMsg@CW32System@@2IA 100bf838     riched60:w32sys.obj
 0002:0000083c       ?_cxVScroll@CW32System@@0HA 100bf83c     riched60:w32sys.obj
 0002:00000840       ?_cxDoubleClk@CW32System@@0HA 100bf840     riched60:w32sys.obj
 0002:00000844       ?_dvpSystemFont@CW32System@@0HA 100bf844     riched60:w32sys.obj
 0002:00000848       ?W32@@3PAVCW32System@@A    100bf848     riched60:w32sys.obj
 0002:0000084c       ?_MSIMEQueryPositionMsg@CW32System@@2IA 100bf84c     riched60:w32sys.obj
 0002:00000850       ?_hSystemFont@CW32System@@0PAUHFONT__@@A 100bf850     riched60:w32sys.obj
 0002:00000854       ?_dwPlatformId@CW32System@@0KA 100bf854     riched60:w32sys.obj
 0002:00000858       ?_nScrollDelay@CW32System@@0GA 100bf858     riched60:w32sys.obj
 0002:0000085c       ?g_dwFlagsCTO@@3KA         100bf85c     riched60:w32sys.obj
 0002:00000860       ?_cyBorder@CW32System@@0HA 100bf860     riched60:w32sys.obj
 0002:00000864       ?_hcurSizeWE@CW32System@@0PAUHICON__@@A 100bf864     riched60:w32sys.obj
 0002:00000868       ?_hkl@CW32System@@0PAPAUHKL__@@A 100bf868     riched60:w32sys.obj
 0002:00000924       ?_cLineScroll@CW32System@@0JA 100bf924     riched60:w32sys.obj
 0002:00000928       ?_icr3DDarkShadow@CW32System@@2HA 100bf928     riched60:w32sys.obj
 0002:0000092c       ?_wKeyboardFlags@CW32System@@0GA 100bf92c     riched60:w32sys.obj
 0002:00000930       ?_nScrollInterval@CW32System@@0GA 100bf930     riched60:w32sys.obj
 0002:0000093c       ?_pols@CLSLock@@1PAUCOls@@A 100bf93c     riched60:lshelpers.obj
 0002:00000940       ?_polsOTx@CLSLock@@1PAUCOls@@A 100bf940     riched60:lshelpers.obj
 0002:00000944       ?_pOTxOlsData@CLSLock@@1PAVCOTxOlsData@@A 100bf944     riched60:lshelpers.obj
 0002:00000948       ?_fNoLS@CLSLock@@1_NA      100bf948     riched60:lshelpers.obj
 0002:0000094c       ?_cOLSBusy@CLSLock@@1HA    100bf94c     riched60:lshelpers.obj
 0002:00000950       ?g_iFontHangul@@3FA        100bf950     riched60:font.obj
 0002:00000954       ?g_iFontBig5@@3FA          100bf954     riched60:font.obj
 0002:0000095c       ?g_iFontJapanese@@3FA      100bf95c     riched60:font.obj
 0002:00000960       ?g_iFontGB2312@@3FA        100bf960     riched60:font.obj
 0002:00000964       ?g_cFCLock@@3JA            100bf964     riched60:font.obj
 0002:00000974       ?g_hHeap@@3PAXA            100bf974     riched60:utilmem.obj
 0002:00000978       ?g_pusp@@3PAVCUniscribe@@A 100bf978     riched60:uspi.obj
 0002:0000097c       ?g_hinstMSLS4@@3PAUHINSTANCE__@@A 100bf97c     riched60:CEDllLoad.obj
 0002:00000980       ?g_hinstUSPCE@@3PAUHINSTANCE__@@A 100bf980     riched60:CEDllLoad.obj
 0002:00000a3c       ?g_pTypeInfoStories@@3PAUITypeInfo@@A 100bfa3c     riched60:tomdoc.obj
 0002:00000a40       ?g_pTypeInfoPara@@3PAUITypeInfo@@A 100bfa40     riched60:tomdoc.obj
 0002:00000a44       ?g_pTypeInfoDoc@@3PAUITypeInfo@@A 100bfa44     riched60:tomdoc.obj
 0002:00000a48       ?g_pTypeInfoColumns@@3PAUITypeInfo@@A 100bfa48     riched60:tomdoc.obj
 0002:00000a4c       ?g_pTypeInfoStrings@@3PAUITypeInfo@@A 100bfa4c     riched60:tomdoc.obj
 0002:00000a50       ?g_pTypeInfoBorder@@3PAUITypeInfo@@A 100bfa50     riched60:tomdoc.obj
 0002:00000a54       ?g_pTypeInfoSel@@3PAUITypeInfo@@A 100bfa54     riched60:tomdoc.obj
 0002:00000a58       ?g_pTypeInfoRow@@3PAUITypeInfo@@A 100bfa58     riched60:tomdoc.obj
 0002:00000a5c       ?g_pTypeLib@@3PAUITypeLib@@A 100bfa5c     riched60:tomdoc.obj
 0002:00000a60       ?g_pTypeInfoCells@@3PAUITypeInfo@@A 100bfa60     riched60:tomdoc.obj
 0002:00000a64       ?g_pTypeInfoTable@@3PAUITypeInfo@@A 100bfa64     riched60:tomdoc.obj
 0002:00000a68       ?g_pTypeInfoCell@@3PAUITypeInfo@@A 100bfa68     riched60:tomdoc.obj
 0002:00000a6c       ?g_pTypeInfoColumn@@3PAUITypeInfo@@A 100bfa6c     riched60:tomdoc.obj
 0002:00000a70       ?g_pTypeInfoBorders@@3PAUITypeInfo@@A 100bfa70     riched60:tomdoc.obj
 0002:00000a74       ?g_pTypeInfoFont@@3PAUITypeInfo@@A 100bfa74     riched60:tomdoc.obj
 0002:00000a78       ?g_pTypeInfoRows@@3PAUITypeInfo@@A 100bfa78     riched60:tomdoc.obj
 0002:00000a7c       ?g_hrGetTypeInfo@@3JA      100bfa7c     riched60:tomdoc.obj
 0002:00000b10       ?_rgtfi@CRTFConverter@@1PAU_tfi@@A 100bfb10     riched60:rtfwrit2.obj
 0002:00000b14       ?_ctfi@CRTFConverter@@1HA  100bfb14     riched60:rtfwrit2.obj
 0002:00000b18       ?_pchFontSubInfo@CRTFConverter@@1PAGA 100bfb18     riched60:rtfwrit2.obj
 0002:00000b1c       ?_dwScrollLast@CDisplay@@0KA 100bfb1c     riched60:disp.obj
 0002:00000b20       ?_dwTimeScrollNext@CDisplay@@0KA 100bfb20     riched60:disp.obj
 0002:00000b30       ?rgbUrlSup@@3PAHA          100bfb30     riched60:urlsup.obj
 0002:00000b68       ?_fnpPropChg@CTxtEdit@@2PAP81@AAJH@ZA 100bfb68     riched60:propchg.obj
 0002:00000c3c       ?iCharRepANSI@@3EA         100bfc3c     riched60:rtfwrit.obj
 0002:00000c48       ?gAEDispenser@@3VCAntiEventDispenser@@A 100bfc48     riched60:antievt.obj

 entry point at        0001:00008f08

 Static symbols

 0001:00008dcc       ?RichFRegisterClass@@YAHXZ 10009dcc f   riched60:reinit.obj
 0001:0000b548       ?CreateTextServicesCore@@YAJPAUIUnknown@@PAVITextHost@@AAPAVCTxtEdit@@H@Z 1000c548 f   riched60:textserv.obj
 0001:00023724       ?GetFontSignatureFromDC@@YA_KPAUHDC__@@AAH@Z 10024724 f   riched60:font.obj
 0001:0006c2dc       ?SetAllowedResizeDirections@@YAXABUtagLSPOINTUV@@ABURECTUV@@PBGAAH333@Z 1006d2dc f   riched60:coleobj.obj
 0001:00070460       ?EnsureBufferSpace@@YAHJAAJAAPAJPBJ@Z 10071460 f   riched60:textex.obj
 0001:00072b40       ?LimitChunk@@YAKPBGAAJHHHJHHKAAW4lsmathbehavior@@HPAHPAVCMeasurerNoFC@@@Z 10073b40 f   riched60:ols.obj
 0001:000821a8       ?AllocObjectDescriptor@@YAPAXU_GUID@@KUtagSIZE@@U_POINTL@@KPBG3@Z 100831a8 f   riched60:util.obj
 0001:000a5d68       ?FindTopCell@@YAHAAVCLinePtr@@AAJPAUCLine@@1J1PAJ2J3AAPBU_cellparms@@@Z 100a6d68 f   riched60:layout.obj
