 rpcrt4

 Timestamp is 60650af4 (Wed Mar 31 16:51:16 2021)

 Preferred load address is 10000000

 Start         Length     Name                   Class
 0001:00000000 00000004H .CRT$XCA                CODE
 0001:00000004 00000004H .CRT$XCU                CODE
 0001:00000008 00000004H .CRT$XCZ                CODE
 0001:0000000c 00000004H .CRT$XIA                CODE
 0001:00000010 00000004H .CRT$XIZ                CODE
 0001:00000014 00000004H .CRT$XPA                CODE
 0001:00000018 00000004H .CRT$XPZ                CODE
 0001:0000001c 00000004H .CRT$XTA                CODE
 0001:00000020 00000004H .CRT$XTZ                CODE
 0001:00000030 00002a10H .rdata                  CODE
 0001:00002a40 00000023H .rdata$debug            CODE
 0001:00002a64 00046314H .text                   CODE
 0001:00048d78 00000004H .text$yc                CODE
 0001:00048d7c 0000000cH .text$yd                CODE
 0001:00048d88 00000610H .xdata                  CODE
 0001:00049398 00000028H .idata$2                CODE
 0001:000493c0 00000014H .idata$3                CODE
 0001:000493d4 00000134H .idata$4                CODE
 0001:00049508 0000002aH .idata$6                CODE
 0001:00049540 00000d13H .edata                  CODE
 0002:00000000 000016d8H .orpc                   CODE
 0003:00000000 00000134H .idata$5                DATA
 0003:00000138 0000014cH .data                   DATA
 0003:00000288 00000274H .bss                    DATA
 0004:00000000 00003428H .pdata                  DATA

  Address         Publics by Value              Rva+Base       Lib:Object

 0000:00000000       ___safe_se_handler_table   00000000     <absolute>
 0000:00000000       ___safe_se_handler_count   00000000     <absolute>
 0001:00000000       __xc_a                     10001000     corelib0:crt0init.obj
 0001:00000008       __xc_z                     10001008     corelib0:crt0init.obj
 0001:0000000c       __xi_a                     1000100c     corelib0:crt0init.obj
 0001:00000010       __xi_z                     10001010     corelib0:crt0init.obj
 0001:00000014       __xp_a                     10001014     corelib0:crt0init.obj
 0001:00000018       __xp_z                     10001018     corelib0:crt0init.obj
 0001:0000001c       __xt_a                     1000101c     corelib0:crt0init.obj
 0001:00000020       __xt_z                     10001020     corelib0:crt0init.obj
 0001:00000080       ??_C@_1M@ICBAGJHD@?$AAL?$AAR?$AAP?$AAC?$AA?9?$AA?$AA@ 10001080     rpcmtrt:lpcsvr.obj
 0001:0000008c       ?AnonymousSid@@3U_SID@@B   1000108c     rpcmtrt:lpcsvr.obj
 0001:000000a8       ??_7LRPC_ADDRESS@@6B@      100010a8     rpcmtrt:lpcsvr.obj
 0001:000000fc       ??_7LRPC_S_IN_PIPE@@6B@    100010fc     rpcmtrt:lpcsvr.obj
 0001:00000104       ??_7LRPC_S_OUT_PIPE@@6B@   10001104     rpcmtrt:lpcsvr.obj
 0001:0000011c       ??_C@_1BM@ELFIJBDO@?$AA?2?$AAR?$AAP?$AAC?$AA?5?$AAC?$AAo?$AAn?$AAt?$AAr?$AAo?$AAl?$AA?2?$AA?$AA@ 1000111c     rpcmtrt:lpcsvr.obj
 0001:00000138       ??_C@_1BA@EONDGCCM@?$AAn?$AAc?$AAa?$AAl?$AAr?$AAp?$AAc?$AA?$AA@ 10001138     rpcmtrt:lpcsvr.obj
 0001:00000148       ??_7LRPC_SCAUSAL_FLOW@@6B@ 10001148     rpcmtrt:lpcsvr.obj
 0001:0000015c       ??_7LRPC_SASSOCIATION@@6B@ 1000115c     rpcmtrt:lpcsvr.obj
 0001:00000178       ??_7LRPC_SCALL@@6B@        10001178     rpcmtrt:lpcsvr.obj
 0001:00000240       ??_7LRPC_SASSOCIATION_AVRF@@6B@ 10001240     rpcmtrt:lpcsvr.obj
 0001:00000260       ??_7LRPC_SCALL_AVRF@@6B@   10001260     rpcmtrt:lpcsvr.obj
 0001:00000328       ??_7LRPC_SCALL_BROKEN_FLOW@@6B@ 10001328     rpcmtrt:lpcsvr.obj
 0001:000003f0       ??_7LRPC_ADDRESS_AVRF@@6B@ 100013f0     rpcmtrt:lpcsvr.obj
 0001:00000688       ??_C@_0BN@MDPILNOD@RPC?3?5Callback?5routine?3?50x?$CFx?6?$AA@ 10001688     rpcmtrt:handle.obj
 0001:000006a8       ??_C@_0HP@ENAEMIDC@RPC?3?5To?5determine?5the?5symbolic?5n@ 100016a8     rpcmtrt:handle.obj
 0001:00000728       ??_C@_19HHIIBINK@?$AAn?$AAa?$AAm?$AAe?$AA?$AA@ 10001728     rpcmtrt:init.obj
 0001:00000734       ??_C@_1M@LPEEOHMF@?$AAI?$AAd?$AAe?$AAn?$AAt?$AA?$AA@ 10001734     rpcmtrt:init.obj
 0001:00000740       ??_C@_1BG@OHPGIPDH@?$AAr?$AAp?$AAc?$AAr?$AAt?$AA4?$AA?4?$AAd?$AAl?$AAl?$AA?$AA@ 10001740     rpcmtrt:init.obj
 0001:00000758       ?gCacheHints@@3QBUBUFFER_CACHE_HINTS@@B 10001758     rpcmtrt:bcache.obj
 0001:00000788       ??_C@_0CJ@BBBNHDKI@RPC?3?5BCache?5corruption?5detected?5@ 10001788     rpcmtrt:bcache.obj
 0001:000007b4       ??_7LRPC_PIPE_CHUNK_SEND_CONTEXT@@6B@ 100017b4     rpcmtrt:lpccall.obj
 0001:000007b8       ??_7LRPC_C_OUT_SENT_PIPE_BUFFER_INFO@@6B@ 100017b8     rpcmtrt:lpccall.obj
 0001:000007cc       ??_7LRPC_C_IN_PIPE@@6B@    100017cc     rpcmtrt:lpccall.obj
 0001:000007e4       ??_7LRPC_C_OUT_PIPE@@6B@   100017e4     rpcmtrt:lpccall.obj
 0001:000007f0       ??_7LRPC_CCALL@@6B@        100017f0     rpcmtrt:lpccall.obj
 0001:000008a8       ??_C@_0BC@HNEPDKHK@AuditCacheEnabled?$AA@ 100018a8     rpcmtrt:hndlsvr.obj
 0001:000008bc       ??_C@_03IFHNFLM@RPC?$AA@   100018bc     rpcmtrt:hndlsvr.obj
 0001:000008c0       ??_C@_0CM@KLGFBMJA@RPC?3?5Listening?5on?5protseq?3?5?$CFS?5en@ 100018c0     rpcmtrt:hndlsvr.obj
 0001:000008ec       ??_C@_0BP@BHOCBPPF@RPC?3?5Unsecure?5interface?5UUID?3?5?$AA@ 100018ec     rpcmtrt:hndlsvr.obj
 0001:0000090c       ??_C@_01EEMJAFIK@?6?$AA@   1000190c     rpcmtrt:hndlsvr.obj
 0001:00000910       ??_7LRPC_S_OUT_SENT_PIPE_BUFFER_INFO@@6B@ 10001910     rpcmtrt:lpcpipe.obj
 0001:00000924       ??_7LRPC_C_IN_SENT_PIPE_BUFFER_INFO@@6B@ 10001924     rpcmtrt:lpcpipe.obj
 0001:00000960       ??_7LRPC_CCALL_AVRF@@6B@   10001960     rpcmtrt:lpcassoc.obj
 0001:00000a18       ??_7LRPC_CASSOCIATION@@6B@ 10001a18     rpcmtrt:lpcassoc.obj
 0001:00000a2c       ??_7REFERENCED_CLIENT_IO@@6B@ 10001a2c     rpcmtrt:lpcassoc.obj
 0001:00000a40       ??_7LRPC_CASSOCIATION_AVRF@@6B@ 10001a40     rpcmtrt:lpcassoc.obj
 0001:00000a84       ??_C@_11LOCGONAA@?$AA?$AA@ 10001a84     rpcmtrt:eeinfo.obj
 0001:00000a88       ??_7LRPC_CCALLBACK@@6B@    10001a88     rpcmtrt:lpccback.obj
 0001:00000a9c       ??_7LRPC_SCALLBACK@@6B@    10001a9c     rpcmtrt:lpccback.obj
 0001:00000c18       ?MgmtIf@@3U_GUID@@B        10001c18     rpcmtrt:binding.obj
 0001:00000c38       ?NullUuid@@3U_GUID@@B      10001c38     rpcmtrt:binding.obj
 0001:00000c48       ??_C@_1BC@KMGNOGD@?$AAe?$AAn?$AAd?$AAp?$AAo?$AAi?$AAn?$AAt?$AA?$AA@ 10001c48     rpcmtrt:binding.obj
 0001:00000c60       ??_7SVR_BINDING_HANDLE@@6B@ 10001c60     rpcmtrt:svrbind.obj
 0001:00000d60       ??_7LRPC_BINDING_HANDLE@@6B@ 10001d60     rpcmtrt:lpcbh.obj
 0001:00000e34       ??_7LRPC_CAUSAL_FLOW@@6B@  10001e34     rpcmtrt:lpcflow.obj
 0001:00000e90       ??_C@_1BG@LNLIALJB@?$AAd?$AAe?$AAl?$AAe?$AAg?$AAa?$AAt?$AAi?$AAo?$AAn?$AA?$AA@ 10001e90     rpcmtrt:msgapi.obj
 0001:00000ea8       ??_C@_1BM@CCGGFJHC@?$AAi?$AAm?$AAp?$AAe?$AAr?$AAs?$AAo?$AAn?$AAa?$AAt?$AAi?$AAo?$AAn?$AA?$AA@ 10001ea8     rpcmtrt:msgapi.obj
 0001:00000ec4       ??_C@_1BO@FPPLIEBI@?$AAi?$AAd?$AAe?$AAn?$AAt?$AAi?$AAf?$AAi?$AAc?$AAa?$AAt?$AAi?$AAo?$AAn?$AA?$AA@ 10001ec4     rpcmtrt:msgapi.obj
 0001:00000ee4       ??_C@_1BE@CBGFAFG@?$AAa?$AAn?$AAo?$AAn?$AAy?$AAm?$AAo?$AAu?$AAs?$AA?$AA@ 10001ee4     rpcmtrt:msgapi.obj
 0001:00000ef8       ??_C@_1M@HLGKFCJM@?$AAf?$AAa?$AAl?$AAs?$AAe?$AA?$AA@ 10001ef8     rpcmtrt:msgapi.obj
 0001:00000f04       ??_C@_19FKLFLPMF@?$AAt?$AAr?$AAu?$AAe?$AA?$AA@ 10001f04     rpcmtrt:msgapi.obj
 0001:00000f10       ??_C@_1O@IPFBFMHG@?$AAs?$AAt?$AAa?$AAt?$AAi?$AAc?$AA?$AA@ 10001f10     rpcmtrt:msgapi.obj
 0001:00000f20       ??_C@_1BA@IMNFKOC@?$AAd?$AAy?$AAn?$AAa?$AAm?$AAi?$AAc?$AA?$AA@ 10001f20     rpcmtrt:msgapi.obj
 0001:00000f30       ??_C@_1BE@OMAOMKE@?$AAs?$AAe?$AAc?$AAu?$AAr?$AAi?$AAt?$AAy?$AA?$DN?$AA?$AA@ 10001f30     rpcmtrt:msgapi.obj
 0001:00000f44       ?__MIDLFormatString@@3U_MIDL_FORMAT_STRING@@B 10001f44     rpcndr20:pickle.obj
 0001:00000f80       ?MarshallRoutinesTable@@3QBQ6APAEPAU_MIDL_STUB_MESSAGE@@PAEPBE@ZB 10001f80     rpcndr20:mrshl.obj
 0001:00001070       ?SimpleTypeMarshallRoutinesTable@@3QBQ6IXPAU_MIDL_STUB_MESSAGE@@PAE@ZB 10002070     rpcndr20:mrshl.obj
 0001:00001160       ??_7NONOICF_POINTER_QUEUE_STATE@@6B@ 10002160     rpcndr20:mrshl.obj
 0001:00001168       ??_7OICF_POINTER_QUEUE_STATE@@6B@ 10002168     rpcndr20:mrshl.obj
 0001:00001170       ??_7NDR_MRSHL_POINTER_QUEUE_ELEMENT@@6B@ 10002170     rpcndr20:mrshl.obj
 0001:00001174       ??_7NDR_USR_MRSHL_MRSHL_POINTER_QUEUE_ELEMENT@@6B@ 10002174     rpcndr20:mrshl.obj
 0001:00001178       GUID_NULL                  10002178     rpcndr20:unmrshl.obj
 0001:00001188       ?UnmarshallRoutinesTable@@3QBQ6APAEPAU_MIDL_STUB_MESSAGE@@PAPAEPBEE@ZB 10002188     rpcndr20:unmrshl.obj
 0001:00001278       ??_7NDR_USR_MRSHL_UNMRSHL_POINTER_QUEUE_ELEMENT@@6B@ 10002278     rpcndr20:unmrshl.obj
 0001:0000127c       ??_7NDR_UNMRSHL_POINTER_QUEUE_ELEMENT@@6B@ 1000227c     rpcndr20:unmrshl.obj
 0001:00001280       ?SizeRoutinesTable@@3QBQ6AXPAU_MIDL_STUB_MESSAGE@@PAEPBE@ZB 10002280     rpcndr20:bufsize.obj
 0001:00001370       ??_7NDR_USR_MRSHL_BUFSIZE_POINTER_QUEUE_ELEMENT@@6B@ 10002370     rpcndr20:bufsize.obj
 0001:00001374       ??_7NDR_BUFSIZE_POINTER_QUEUE_ELEMENT@@6B@ 10002374     rpcndr20:bufsize.obj
 0001:00001458       ?EbcdicToAscii@@3QBEB      10002458     rpcndr20:endian.obj
 0001:00001558       ??_7NDR_CONVERT_POINTER_QUEUE_ELEMENT@@6B@ 10002558     rpcndr20:endian.obj
 0001:00001590       ?FreeRoutinesTable@@3QBQ6AXPAU_MIDL_STUB_MESSAGE@@PAEPBE@ZB 10002590     rpcndr20:free.obj
 0001:00001690       ??_7NDR_PFNFREE_POINTER_QUEUE_ELEMENT@@6B@ 10002690     rpcndr20:free.obj
 0001:00001698       ??_C@_0CD@GLBGGJMM@NDR_PFNFREE_POINTER_QUEUE_ELEMEN@ 10002698     rpcndr20:free.obj
 0001:000016bc       ??_C@_0BN@GNBLHFHD@pfnFree?3?5?5?5?5?5?5?5?5?5?5?5?5?5?5?5?5?5?$CFp?6?$AA@ 100026bc     rpcndr20:free.obj
 0001:000016dc       ??_C@_0BN@GIKGPADP@pMemory?3?5?5?5?5?5?5?5?5?5?5?5?5?5?5?5?5?5?$CFp?6?$AA@ 100026dc     rpcndr20:free.obj
 0001:000016fc       ??_7NDR_FREE_POINTER_QUEUE_ELEMENT@@6B@ 100026fc     rpcndr20:free.obj
 0001:00001700       ??_7NDR_PIPE_HELPER32@@6B@ 10002700     rpcndr20:pipes.obj
 0001:000017b0       SimpleTypeAlignment        100027b0     rpcndr20:global.obj
 0001:00001870       SimpleTypeBufferSize       10002870     rpcndr20:global.obj
 0001:00001930       SimpleTypeMemorySize       10002930     rpcndr20:global.obj
 0001:000019f0       NdrTypeFlags               100029f0     rpcndr20:global.obj
 0001:00001ce0       ?ConformanceDescIncrements@?5??GetConformanceDescriptor@@YAPBEPBE@Z@4QBEB 10002ce0     rpcndr20:attack.obj
 0001:00001cf8       ?VarianceDescIncrements@?1??GetVarianceDescriptor@@YAPBEPAU_MIDL_STUB_MESSAGE@@PBE@Z@4QBEB 10002cf8     rpcndr20:attack.obj
 0001:00001d00       ?pfnMiniComputeRoutinesTable@@3QBQ6AXPAU_MIDL_STUB_MESSAGE@@PAEPBE@ZB 10002d00     rpcndr20:miniconf.obj
 0001:00001df0       ??_7NDR_MINICOMPUTE_QUEUE@@6B@ 10002df0     rpcndr20:miniconf.obj
 0001:00001df8       ?MemSizeRoutinesTable@@3QBQ6AKPAU_MIDL_STUB_MESSAGE@@PBE@ZB 10002df8     rpcndr20:memsize.obj
 0001:00001ee8       ??_7NDR_USR_MRSHL_MEMSIZE_POINTER_QUEUE_ELEMENT@@6B@ 10002ee8     rpcndr20:memsize.obj
 0001:00001eec       ??_7NDR_MEMSIZE_POINTER_QUEUE_ELEMENT@@6B@ 10002eec     rpcndr20:memsize.obj
 0001:00001ef0       ?vax_c@@3QBKB              10002ef0     rpcndr20:cvtglo.obj
 0001:00001f30       ?ieee_s@@3QBKB             10002f30     rpcndr20:cvtglo.obj
 0001:00001f68       ?ieee_t@@3QBKB             10002f68     rpcndr20:cvtglo.obj
 0001:00001fd8       ?ibm_s@@3QBKB              10002fd8     rpcndr20:cvtglo.obj
 0001:00001ff4       ?ibm_l@@3QBKB              10002ff4     rpcndr20:cvtglo.obj
 0001:0000202c       ?cray@@3QBKB               1000302c     rpcndr20:cvtglo.obj
 0001:00002064       ?int_c@@3QBKB              10003064     rpcndr20:cvtglo.obj
 0001:00002094       ?NullContext@@3VWIRE_CONTEXT@@B 10003094     rpcndrp:ccontext.obj
 0001:000020a8       __real@3ff0000000000000    100030a8     shared:LKRHash.obj
 0001:000020b0       __real@4051800000000000    100030b0     shared:LKRHash.obj
 0001:000020b8       __real@4018000000000000    100030b8     shared:LKRHash.obj
 0001:000020c0       ??_C@_0DC@LOFGNOLN@?$CF08lx?9?$CF04x?9?$CF04x?9?$CF02x?$CF02x?9?$CF02x?$CF02@ 100030c0     shared:SharedUtil.obj
 0001:000020f4       ??_C@_0M@NMCAKEBO@?$CINull?5Uuid?$CJ?$AA@ 100030f4     shared:SharedUtil.obj
 0001:00002100       ?HeaderSizeLookupTable@@3QBKB 10003100     shared:rpcpalpc.obj
 0001:00002218       ?HexDigits@@3QBGB          10003218     shared:rpcuuid.obj
 0001:00002648       ?StatusMap@@3QBUSTATUS_MAPPING@@B 10003648     StatusMp:StatusMp.obj
 0001:000029a0       ??_C@_1M@JPPBOKCJ@?$AAP?$AAo?$AAr?$AAt?$AAs?$AA?$AA@ 100039a0     rpcmtrt:svrapip.obj
 0001:000029ac       ??_C@_1CO@LLPFLINA@?$AAP?$AAo?$AAr?$AAt?$AAs?$AAI?$AAn?$AAt?$AAe?$AAr?$AAn?$AAe?$AAt?$AAA?$AAv?$AAa?$AAi?$AAl?$AAa?$AAb?$AAl?$AAe?$AA?$AA@ 100039ac     rpcmtrt:svrapip.obj
 0001:000029dc       ??_C@_1CC@MDEIIGAJ@?$AAU?$AAs?$AAe?$AAI?$AAn?$AAt?$AAe?$AAr?$AAn?$AAe?$AAt?$AAP?$AAo?$AAr?$AAt?$AAs?$AA?$AA@ 100039dc     rpcmtrt:svrapip.obj
 0001:00002a00       ??_C@_1EA@JAFNPGFJ@?$AAS?$AAo?$AAf?$AAt?$AAw?$AAa?$AAr?$AAe?$AA?2?$AAM?$AAi?$AAc?$AAr?$AAo?$AAs?$AAo?$AAf?$AAt?$AA?2?$AAR?$AAp?$AAc?$AA?2?$AAI?$AAn?$AAt?$AAe?$AAr?$AAn?$AAe?$AAt?$AA?$AA@ 10003a00     rpcmtrt:svrapip.obj
 0001:00002a64       DceErrorInqTextW           10003a64 f   rpcmtrt:dcecmisc.obj
 0001:00002ae4       I_RpcAllocate              10003ae4 f   rpcmtrt:clntapip.obj
 0001:00002b1c       I_RpcFree                  10003b1c f   rpcmtrt:clntapip.obj
 0001:00002b20       I_RpcBCacheFree            10003b20 f   rpcmtrt:clntapip.obj
 0001:00002b40       I_RpcClearNDRClientHardeningOption 10003b40 f   rpcmtrt:clntapip.obj
 0001:00002b6c       ?RpcpIsFatalError@@YAHJ@Z  10003b6c f   rpcmtrt:clntapip.obj
 0001:00002ba4       RpcExceptionFilter         10003ba4 f   rpcmtrt:clntapip.obj
 0001:00002bbc       I_RpcExceptionFilter       10003bbc f   rpcmtrt:clntapip.obj
 0001:00002bd4       ?ThreadSelf@@YAPAVTHREAD@@XZ 10003bd4 f i rpcmtrt:clntapip.obj
 0001:00002bf4       I_RpcBCacheAllocate        10003bf4 f   rpcmtrt:clntapip.obj
 0001:00002c38       I_RpcGetNDRClientHardeningOption 10003c38 f   rpcmtrt:clntapip.obj
 0001:00002c80       ?RpcpGetAndSetNDRSlot@@YAJPAXPAPAX@Z 10003c80 f i rpcmtrt:clntapip.obj
 0001:00002cc8       I_RpcSetNDRSlot            10003cc8 f   rpcmtrt:clntapip.obj
 0001:00002cfc       I_RpcGetAndSetNDRSlot      10003cfc f   rpcmtrt:clntapip.obj
 0001:00002d00       ?SetFlagInterlockedConditional@CompositeFlags@@QAAHII@Z 10003d00 f i rpcmtrt:lpcsvr.obj
 0001:00002d48       ?RecordCausalFlowOOMDispatchFailure@LRPC_SCAUSAL_FLOW@@QAAHK@Z 10003d48 f i rpcmtrt:lpcsvr.obj
 0001:00002da4       ??0LRPC_VIEW_CACHE_BASE@@QAA@PAVMUTEX@@@Z 10003da4 f i rpcmtrt:lpcsvr.obj
 0001:00002df8       ?PnpNotify@RPC_ADDRESS@@UAAXXZ 10003df8 f i rpcmtrt:lpcsvr.obj
 0001:00002dfc       ?EncourageCallCleanup@RPC_ADDRESS@@UAAXPAVRPC_INTERFACE@@@Z 10003dfc f i rpcmtrt:lpcsvr.obj
 0001:00002e00       ?WaitForCalls@RPC_ADDRESS@@UAAXXZ 10003e00 f i rpcmtrt:lpcsvr.obj
 0001:00002e04       ?ServerStopAddress@LRPC_ADDRESS@@UAAXXZ 10003e04 f i rpcmtrt:lpcsvr.obj
 0001:00002e14       ?CompleteListenAbort@LRPC_ADDRESS@@UAAXXZ 10003e14 f i rpcmtrt:lpcsvr.obj
 0001:00002e24       ?GetNetworkAddressVector@LRPC_ADDRESS@@UAAPAUNETWORK_ADDRESS_VECTOR@@XZ 10003e24 f i rpcmtrt:lpcsvr.obj
 0001:00002e2c       ?GetRpcpStrictAlpcToRpcStatus@LRPC_ADDRESS@@EAAJJ@Z 10003e2c f i rpcmtrt:lpcsvr.obj
 0001:00002e34       ??_ELRPC_ADDRESS@@UAAPAXI@Z 10003e34 f i rpcmtrt:lpcsvr.obj
 0001:00002e34       ??_GLRPC_ADDRESS@@UAAPAXI@Z 10003e34 f i rpcmtrt:lpcsvr.obj
 0001:00002e6c       ?DoNothing@GENERIC_OBJECT@@UAAXXZ 10003e6c f i rpcmtrt:lpcsvr.obj
 0001:00002e70       ?ProcessSendComplete@REFERENCED_OBJECT@@UAAXJPAE@Z 10003e70 f i rpcmtrt:lpcsvr.obj
 0001:00002e74       ?FreeObject@REFERENCED_OBJECT@@UAAXXZ 10003e74 f i rpcmtrt:lpcsvr.obj
 0001:00002e90       ??0LRPC_S_OUT_PIPE@@QAA@PAVMUTEX@@PAVLRPC_ADDRESS@@@Z 10003e90 f i rpcmtrt:lpcsvr.obj
 0001:00002f1c       ?RemoveReference@REFERENCED_OBJECT@@UAAXXZ 10003f1c f i rpcmtrt:lpcsvr.obj
 0001:00002f48       ?AddReferenceIfNotZero@REFERENCED_OBJECT@@QAAHXZ 10003f48 f i rpcmtrt:lpcsvr.obj
 0001:00002f88       ?IsSyncCall@LRPC_SCALL@@UAAHXZ 10003f88 f i rpcmtrt:lpcsvr.obj
 0001:00002f9c       ?GetCachedCall@LRPC_SASSOCIATION@@AAAPAVLRPC_SCALL@@XZ 10003f9c f i rpcmtrt:lpcsvr.obj
 0001:00002fec       ?WriteLock@CReaderWriterLock2@@QAAXXZ 10003fec f i rpcmtrt:lpcsvr.obj
 0001:0000303c       ?ReadLock@CReaderWriterLock2@@QAAXXZ 1000403c f i rpcmtrt:lpcsvr.obj
 0001:0000308c       ?InitializeLrpcServer@@YAJXZ 1000408c f   rpcmtrt:lpcsvr.obj
 0001:000030cc       I_RpcBindingInqLocalClientPID 100040cc f   rpcmtrt:lpcsvr.obj
 0001:00003158       ?SetCommonFaultFields@@YAXPAU_LRPC_FAULT_MESSAGE@@JHH@Z 10004158 f   rpcmtrt:lpcsvr.obj
 0001:00003194       ?SetSmallestFaultPacket@@YAXPAU_LRPC_FAULT_MESSAGE@@JH@Z 10004194 f   rpcmtrt:lpcsvr.obj
 0001:000031a0       ?SanitizeErrorCodeFromClient@@YAJJH@Z 100041a0 f   rpcmtrt:lpcsvr.obj
 0001:000031e4       ?NewPipeCallIdSeen@LRPC_PIPE_HISTORY_INFORMATION@@QAAH_K@Z 100041e4 f   rpcmtrt:lpcsvr.obj
 0001:00003318       ?ServerStartingToListen@LRPC_ADDRESS@@UAAJII@Z 10004318 f   rpcmtrt:lpcsvr.obj
 0001:00003368       ?ServerStoppedListening@LRPC_ADDRESS@@UAAXXZ 10004368 f   rpcmtrt:lpcsvr.obj
 0001:00003380       ?AlpcSend@LRPC_ADDRESS@@QAAJPAU_PORT_MESSAGE@@HPAX1K@Z 10004380 f   rpcmtrt:lpcsvr.obj
 0001:00003460       ?ActuallySetupAddress@LRPC_ADDRESS@@AAAJPAGPAX@Z 10004460 f   rpcmtrt:lpcsvr.obj
 0001:000035d4       ?ServerSetupAddress@LRPC_ADDRESS@@UAAJPAGPAPAGIPAXKK@Z 100045d4 f   rpcmtrt:lpcsvr.obj
 0001:00003790       ?CompleteListen@LRPC_ADDRESS@@UAAJXZ 10004790 f   rpcmtrt:lpcsvr.obj
 0001:00003798       ?RejectNewConnectionRequest@LRPC_ADDRESS@@AAAXPAU_PORT_MESSAGE@@PAVRPCP_ALPC_MESSAGE_ATTRIBUTES@@@Z 10004798 f   rpcmtrt:lpcsvr.obj
 0001:000037f0       ?GetRpcpStrictAlpcToRpcStatus@LRPC_ADDRESS_AVRF@@EAAJJ@Z 100047f0 f   rpcmtrt:lpcsvr.obj
 0001:00003840       ?InsertSection@LRPC_SECTION_CACHE@@QAAHPAXKU_CLIENT_ID@@@Z 10004840 f   rpcmtrt:lpcsvr.obj
 0001:00003918       ?PrepareSectionForUse@LRPC_SECTION_CACHE@@AAAHPAVLRPC_CACHED_SECTION@@PAVSectionReadyForUseInfo@@PAPAX@Z 10004918 f   rpcmtrt:lpcsvr.obj
 0001:00003978       ?CreateThread@LRPC_SASSOCIATION@@UAAJXZ 10004978 f   rpcmtrt:lpcsvr.obj
 0001:0000397c       ?LookupBinding@LRPC_SASSOCIATION@@QAAPAVLRPC_SBINDING@@K@Z 1000497c f   rpcmtrt:lpcsvr.obj
 0001:00003a0c       ?AlpcFreeSection@LRPC_SASSOCIATION@@QAAXPAXKU_CLIENT_ID@@@Z 10004a0c f   rpcmtrt:lpcsvr.obj
 0001:00003a58       ?PrepareSectionForUse@LRPC_SASSOCIATION@@QAAHPAVLRPC_CACHED_SECTION@@PAPAX@Z 10004a58 f   rpcmtrt:lpcsvr.obj
 0001:00003a98       ?TrimCachedSections@LRPC_SASSOCIATION@@QAAXH@Z 10004a98 f   rpcmtrt:lpcsvr.obj
 0001:00003b08       ?FindActiveCall@LRPC_SASSOCIATION@@AAAPAVLRPC_SCALL@@_KW4tagActiveCallTypes@@@Z 10004b08 f   rpcmtrt:lpcsvr.obj
 0001:00003b8c       ?SparsePipeDetected@LRPC_SASSOCIATION@@AAAJPAVLRPC_SCALL@@@Z 10004b8c f   rpcmtrt:lpcsvr.obj
 0001:00003be8       ?FreeCachedCalls@LRPC_SASSOCIATION@@AAAXXZ 10004be8 f   rpcmtrt:lpcsvr.obj
 0001:00003c44       ?KillPipe@LRPC_S_OUT_PIPE@@QAAXJHPAVLRPC_S_KILL_PIPE_OUTPUT@@@Z 10004c44 f   rpcmtrt:lpcsvr.obj
 0001:00003cf0       ?KillPipe@LRPC_S_IN_OUT_PIPE@@QAAXJPAUtagExtendedErrorInfo@@HPAVLRPC_S_KILL_PIPE_OUTPUT@@@Z 10004cf0 f   rpcmtrt:lpcsvr.obj
 0001:00003d78       ?NegotiateTransferSyntax@LRPC_SCALL@@UAAJPAU_RPC_MESSAGE@@@Z 10004d78 f   rpcmtrt:lpcsvr.obj
 0001:00003dac       ?Send@LRPC_SCALL@@UAAJPAU_RPC_MESSAGE@@@Z 10004dac f   rpcmtrt:lpcsvr.obj
 0001:00003e1c       ?Receive@LRPC_SCALL@@UAAJPAU_RPC_MESSAGE@@I@Z 10004e1c f   rpcmtrt:lpcsvr.obj
 0001:00003e84       ??_GLRPC_S_OUT_PIPE@@QAAPAXI@Z 10004e84 f i rpcmtrt:lpcsvr.obj
 0001:00003ecc       ?DoLrpcSecurityCacheShrink@@YA?AW4LK_PREDICATE@@PBXPAX@Z 10004ecc f   rpcmtrt:lpcsvr.obj
 0001:00003ee8       ?SaveClientToken@LRPC_SCALL@@QAAJPAPAX@Z 10004ee8 f   rpcmtrt:lpcsvr.obj
 0001:00003f2c       ?FreePipeChunk@LRPC_SCALL@@AAAXPAU_LRPC_REQUEST_MESSAGE@@PAX1K@Z 10004f2c f   rpcmtrt:lpcsvr.obj
 0001:00003f9c       ?InitializePipeRequestAndAttributes@LRPC_SCALL@@AAAXPAU_LRPC_REQUEST_MESSAGE@@PAX1K@Z 10004f9c f   rpcmtrt:lpcsvr.obj
 0001:0000400c       ?GetCallStatus@LRPC_SCALL@@UAAJXZ 1000500c f   rpcmtrt:lpcsvr.obj
 0001:00004014       ?FreeBuffer@LRPC_SCALL@@UAAXPAU_RPC_MESSAGE@@@Z 10005014 f   rpcmtrt:lpcsvr.obj
 0001:00004018       ?ImpersonateClient@LRPC_SCALL@@UAAJXZ 10005018 f   rpcmtrt:lpcsvr.obj
 0001:00004020       ?RevertToSelf@LRPC_SCALL@@UAAJXZ 10005020 f   rpcmtrt:lpcsvr.obj
 0001:00004028       ?IsClientLocal@LRPC_SCALL@@UAAJPAI@Z 10005028 f   rpcmtrt:lpcsvr.obj
 0001:00004038       ?IsClientDisconnected@LRPC_SCALL@@UAAXPAH@Z 10005038 f   rpcmtrt:lpcsvr.obj
 0001:00004050       ?ConvertToServerBinding@LRPC_SCALL@@UAAJPAPAX@Z 10005050 f   rpcmtrt:lpcsvr.obj
 0001:000040d0       ?InquireProcNum@LRPC_SCALL@@UAAGXZ 100050d0 f   rpcmtrt:lpcsvr.obj
 0001:000040dc       ?InquireIfUuid@LRPC_SCALL@@UAAXPAU_GUID@@@Z 100050dc f   rpcmtrt:lpcsvr.obj
 0001:00004108       ?InquireObjectUuid@LRPC_SCALL@@UAAXPAVRPC_UUID@@@Z 10005108 f   rpcmtrt:lpcsvr.obj
 0001:00004144       ?ToStringBinding@LRPC_SCALL@@UAAJPAPAG@Z 10005144 f   rpcmtrt:lpcsvr.obj
 0001:0000419c       ?GetAssociationContextCollection@LRPC_SCALL@@UAAJPAPAVContextCollection@@@Z 1000519c f   rpcmtrt:lpcsvr.obj
 0001:000041a4       ?InquireCallAttributes@LRPC_SCALL@@UAAJPAX@Z 100051a4 f   rpcmtrt:lpcsvr.obj
 0001:0000426c       ?ImpersonateClient@LRPC_SCALL_AVRF@@UAAJXZ 1000526c f   rpcmtrt:lpcsvr.obj
 0001:000042e8       ?GetRpcpStrictAlpcToRpcStatus@LRPC_SCALL_AVRF@@EAAJJ@Z 100052e8 f   rpcmtrt:lpcsvr.obj
 0001:00004338       ?FreeObject@LRPC_SCALL_BROKEN_FLOW@@UAAXXZ 10005338 f   rpcmtrt:lpcsvr.obj
 0001:00004354       ??1SCALL@@UAA@XZ           10005354 f i rpcmtrt:lpcsvr.obj
 0001:000043a0       ??0LRPC_SCAUSAL_FLOW@@QAA@_K@Z 100053a0 f i rpcmtrt:lpcsvr.obj
 0001:00004428       ?RequestDeleteFlow@LRPC_SCAUSAL_FLOW@@QAAXK@Z 10005428 f i rpcmtrt:lpcsvr.obj
 0001:0000449c       ?RemoveFromAddressDictionary@LRPC_SASSOCIATION@@QAAXXZ 1000549c f i rpcmtrt:lpcsvr.obj
 0001:000044e0       ?PrepareViewDataForFreeing@LRPC_SCALL@@AAAHPAPAX@Z 100054e0 f i rpcmtrt:lpcsvr.obj
 0001:0000452c       ?Destroy@LRPC_SCONTEXT@@QAAXPAVMUTEX@@@Z 1000552c f i rpcmtrt:lpcsvr.obj
 0001:00004584       ?FreeCallToCache@LRPC_SASSOCIATION@@QAAHPAVLRPC_SCALL@@@Z 10005584 f i rpcmtrt:lpcsvr.obj
 0001:00004618       ?RemoveReference@HashedSecurityCacheEntry@@QAAXXZ 10005618 f i rpcmtrt:lpcsvr.obj
 0001:00004648       ?TrimIfNecessaryAndSetImmediateBuffer@@YAXPAU_LRPC_FAULT_MESSAGE@@JIPAUtagExtendedErrorInfo@@HH@Z 10005648 f   rpcmtrt:lpcsvr.obj
 0001:00004700       ?SetFaultPacket@@YAXPAU_LRPC_FAULT_MESSAGE@@JHH@Z 10005700 f   rpcmtrt:lpcsvr.obj
 0001:0000479c       ?FreeEmergencyOrNormalMessageWithCompletionList@@YAXPAVLRPC_ADDRESS@@PAX@Z 1000579c f   rpcmtrt:lpcsvr.obj
 0001:000047f8       ?AdvanceRecord@LRPC_CANCEL_HISTORY_INFORMATION@@QAAXKPAVMUTEX@@@Z 100057f8 f   rpcmtrt:lpcsvr.obj
 0001:000048a8       ?CallIsCanceled@LRPC_CANCEL_HISTORY_INFORMATION@@QAAXKPAVMUTEX@@@Z 100058a8 f   rpcmtrt:lpcsvr.obj
 0001:00004980       ?FaultAlpcPipeAck@LRPC_ADDRESS@@QAAXPAU_LRPC_PIPE_ACK@@J@Z 10005980 f   rpcmtrt:lpcsvr.obj
 0001:00004a68       ?HandleFailureNoAssociation@LRPC_ADDRESS@@QAAXJPAU_PORT_MESSAGE@@HHH@Z 10005a68 f   rpcmtrt:lpcsvr.obj
 0001:00004b0c       ?CopyAssociationDictionary@LRPC_ADDRESS@@AAAJPAVLRPC_SASSOCIATION_DICT@@@Z 10005b0c f   rpcmtrt:lpcsvr.obj
 0001:00004bd4       ?GetSectionAndView@LRPC_SECTION_CACHE@@QAAHKP6AHPAVLRPC_CACHED_SECTION@@PAXPAPAX@Z1U_CLIENT_ID@@22PAK@Z 10005bd4 f   rpcmtrt:lpcsvr.obj
 0001:00004e48       ?PrepareSectionForUse@@YAHPAVLRPC_CACHED_SECTION@@PAXPAPAX@Z 10005e48 f   rpcmtrt:lpcsvr.obj
 0001:00004e58       ??0LRPC_SASSOCIATION@@QAA@PAVLRPC_ADDRESS@@@Z 10005e58 f   rpcmtrt:lpcsvr.obj
 0001:00004f40       ?GetRpcpStrictAlpcToRpcStatus@LRPC_SASSOCIATION@@EAAJJ@Z 10005f40 f i rpcmtrt:lpcsvr.obj
 0001:00004f48       ?CleanupIdleSContexts@LRPC_SASSOCIATION@@QAAXXZ 10005f48 f   rpcmtrt:lpcsvr.obj
 0001:0000500c       ?HandleRumpMessage@LRPC_SASSOCIATION@@QAAXPAVLRPC_SCALL@@@Z 1000600c f   rpcmtrt:lpcsvr.obj
 0001:00005068       ?HandleCancelMessage@LRPC_SASSOCIATION@@QAAXK@Z 10006068 f   rpcmtrt:lpcsvr.obj
 0001:00005130       ?AddActiveCall@LRPC_SASSOCIATION@@QAAHPAVLRPC_SCALL@@@Z 10006130 f   rpcmtrt:lpcsvr.obj
 0001:000051b0       ?RemoveActiveCall@LRPC_SASSOCIATION@@QAAXPAVLRPC_SCALL@@@Z 100061b0 f   rpcmtrt:lpcsvr.obj
 0001:00005208       ?AlpcAllocateSectionAndView@LRPC_SASSOCIATION@@QAAJKU_CLIENT_ID@@PAPAX1PAK@Z 10006208 f   rpcmtrt:lpcsvr.obj
 0001:000052a0       ?MessageReceivedWithClosePending@LRPC_SASSOCIATION@@AAAXXZ 100062a0 f   rpcmtrt:lpcsvr.obj
 0001:0000530c       ?FreeAllCausalFlows@LRPC_SASSOCIATION@@AAAXXZ 1000630c f   rpcmtrt:lpcsvr.obj
 0001:0000535c       ?FindOrCreateCausalFlow@LRPC_SASSOCIATION@@AAAPAVLRPC_SCAUSAL_FLOW@@_KHHHH@Z 1000635c f   rpcmtrt:lpcsvr.obj
 0001:00005450       ??1LRPC_SCALL@@UAA@XZ      10006450 f   rpcmtrt:lpcsvr.obj
 0001:000054b4       ?InqClientTransportIdentity@SCALL@@UAAJPAVRPC_CLIENT_TRANSPORT_SEC_IDENTIFIER@@@Z 100064b4 f i rpcmtrt:lpcsvr.obj
 0001:000054bc       ?TurnOnOffKeepAlives@SCALL@@UAAJHKK@Z 100064bc f i rpcmtrt:lpcsvr.obj
 0001:000054c4       ?GetEndpointName@LRPC_SCALL@@UAAJPAPAG@Z 100064c4 f i rpcmtrt:lpcsvr.obj
 0001:000054f0       ?GetInterface@LRPC_SCALL@@UAAPAVRPC_INTERFACE@@XZ 100064f0 f i rpcmtrt:lpcsvr.obj
 0001:000054fc       ?InqTransportType@LRPC_SCALL@@UAAXPAI@Z 100064fc f i rpcmtrt:lpcsvr.obj
 0001:00005508       ?GetCurrentInterface@LRPC_SCALL@@UAAPAVRPC_INTERFACE@@XZ 10006508 f i rpcmtrt:lpcsvr.obj
 0001:00005514       ?InqSecurityContext@CALL@@UAAJPAPAX@Z 10006514 f i rpcmtrt:lpcsvr.obj
 0001:0000551c       ?InqSecurityContextKeyInfo@CALL@@UAAJPAX@Z 1000651c f i rpcmtrt:lpcsvr.obj
 0001:00005524       ?CancelAsyncCall@CALL@@UAAJH@Z 10006524 f i rpcmtrt:lpcsvr.obj
 0001:0000552c       ?GetRpcpStrictAlpcToRpcStatus@LRPC_SCALL@@EAAJJ@Z 1000652c f i rpcmtrt:lpcsvr.obj
 0001:00005534       ?TestCancel@LRPC_SCALL@@UAAIXZ 10006534 f i rpcmtrt:lpcsvr.obj
 0001:00005540       ?DispatchRequest@LRPC_SCALL@@QAAJPAH@Z 10006540 f   rpcmtrt:lpcsvr.obj
 0001:000056a4       ?ReleaseCacheEntry@LRPC_SCALL@@UAAXPAVSecurityCacheEntry@@@Z 100066a4 f   rpcmtrt:lpcsvr.obj
 0001:000056d8       ?ConvertToPipeCall@LRPC_SCALL@@QAAJ_K@Z 100066d8 f   rpcmtrt:lpcsvr.obj
 0001:00005834       ?AsyncSendFailure@LRPC_SCALL@@QAAXJ@Z 10006834 f   rpcmtrt:lpcsvr.obj
 0001:00005930       ?ReplyWithLargeData@LRPC_SCALL@@QAAJXZ 10006930 f   rpcmtrt:lpcsvr.obj
 0001:000059ec       ?ReplyWithLargePipeData@LRPC_SCALL@@AAAJPAU_LRPC_REQUEST_MESSAGE@@PAX1K@Z 100069ec f   rpcmtrt:lpcsvr.obj
 0001:00005a38       ?ReplyWithPipeAck@LRPC_SCALL@@AAAJPAU_LRPC_PIPE_ACK@@H@Z 10006a38 f   rpcmtrt:lpcsvr.obj
 0001:00005a74       ?ReplyWithPipeFault@LRPC_SCALL@@AAAJPAU_LRPC_FAULT_MESSAGE@@HJ@Z 10006a74 f   rpcmtrt:lpcsvr.obj
 0001:00005b24       ?AckAndFreePipeBuffers@LRPC_SCALL@@AAAXPAU_LIST_ENTRY@@HJ@Z 10006b24 f   rpcmtrt:lpcsvr.obj
 0001:00005cc0       ?InitOutPipeData@LRPC_SCALL@@AAAJXZ 10006cc0 f   rpcmtrt:lpcsvr.obj
 0001:00005e44       ?AlpcPipeSend@LRPC_SCALL@@AAAJPAU_LRPC_REQUEST_MESSAGE@@PAX1KK_KH@Z 10006e44 f   rpcmtrt:lpcsvr.obj
 0001:0000602c       ?SetAsyncHandle@LRPC_SCALL@@UAAJPAU_RPC_ASYNC_STATE@@@Z 1000702c f   rpcmtrt:lpcsvr.obj
 0001:00006094       ??0SCALL@@QAA@XZ           10007094 f i rpcmtrt:lpcsvr.obj
 0001:000060d0       ?MessageReceived@LRPC_SASSOCIATION@@QAAXXZ 100070d0 f i rpcmtrt:lpcsvr.obj
 0001:0000612c       ?HandleRumpMessage@LRPC_ADDRESS@@AAAXPAVRPCP_ALPC_MESSAGE_ATTRIBUTES@@@Z 1000712c f   rpcmtrt:lpcsvr.obj
 0001:00006160       ?HandleReservedMessageRequest@LRPC_ADDRESS@@AAAXPAU_PORT_MESSAGE@@PAVRPCP_ALPC_MESSAGE_ATTRIBUTES@@@Z 10007160 f   rpcmtrt:lpcsvr.obj
 0001:000061b4       ??1LRPC_SASSOCIATION@@UAA@XZ 100071b4 f   rpcmtrt:lpcsvr.obj
 0001:000062c0       ?AddBinding@LRPC_SASSOCIATION@@QAAJPAU_LRPC_BIND_MESSAGE@@@Z 100072c0 f   rpcmtrt:lpcsvr.obj
 0001:0000665c       ?DeleteFlowsFromRequest@LRPC_SASSOCIATION@@QAAXPAU_LRPC_DELETE_FLOW_INFO@@K@Z 1000765c f   rpcmtrt:lpcsvr.obj
 0001:000066cc       ??1LRPC_SASSOCIATION_AVRF@@UAA@XZ 100076cc f   rpcmtrt:lpcsvr.obj
 0001:00006708       ??0LRPC_SCALL@@QAA@PAJPAVLRPC_SASSOCIATION@@K@Z 10007708 f   rpcmtrt:lpcsvr.obj
 0001:00006784       ??_GLRPC_SCALL@@UAAPAXI@Z  10007784 f i rpcmtrt:lpcsvr.obj
 0001:00006784       ??_ELRPC_SCALL@@UAAPAXI@Z  10007784 f i rpcmtrt:lpcsvr.obj
 0001:000067a8       ?SendReply@LRPC_SCALL@@QAAXXZ 100077a8 f   rpcmtrt:lpcsvr.obj
 0001:00006850       ?FreeObject@LRPC_SCALL@@UAAXXZ 10007850 f   rpcmtrt:lpcsvr.obj
 0001:00006b10       ?FindOrCreateCacheEntry@LRPC_SCALL@@UAAJPAVRPC_INTERFACE@@PAPAVSecurityCacheEntry@@@Z 10007b10 f   rpcmtrt:lpcsvr.obj
 0001:00006c80       ?KillPipe@LRPC_SCALL@@QAAXJHH@Z 10007c80 f   rpcmtrt:lpcsvr.obj
 0001:00007024       ?NotifyAssociationClosePending@LRPC_SCALL@@QAAHXZ 10008024 f   rpcmtrt:lpcsvr.obj
 0001:000070d4       ?HandlePipeAckOrPull@LRPC_SCALL@@QAAJPAPAU_LRPC_PIPE_ACK@@@Z 100080d4 f   rpcmtrt:lpcsvr.obj
 0001:00007218       ?AsyncPipeSend@LRPC_SCALL@@AAAJPAU_RPC_MESSAGE@@@Z 10008218 f   rpcmtrt:lpcsvr.obj
 0001:0000743c       ?AbortAsyncCall@LRPC_SCALL@@UAAJK@Z 1000843c f   rpcmtrt:lpcsvr.obj
 0001:00007510       ?FreePipeBuffer@LRPC_SCALL@@UAAXPAU_RPC_MESSAGE@@@Z 10008510 f   rpcmtrt:lpcsvr.obj
 0001:00007550       ?ReallocPipeBuffer@LRPC_SCALL@@UAAJPAU_RPC_MESSAGE@@I@Z 10008550 f   rpcmtrt:lpcsvr.obj
 0001:0000771c       ?PostDispatchCleanup@LRPC_SCALL@@AAAXJH@Z 1000871c f   rpcmtrt:lpcsvr.obj
 0001:000077dc       ??_ELRPC_SASSOCIATION_AVRF@@UAAPAXI@Z 100087dc f i rpcmtrt:lpcsvr.obj
 0001:000077dc       ??_GLRPC_SASSOCIATION_AVRF@@UAAPAXI@Z 100087dc f i rpcmtrt:lpcsvr.obj
 0001:00007800       ??_GLRPC_SCALL_AVRF@@UAAPAXI@Z 10008800 f i rpcmtrt:lpcsvr.obj
 0001:00007800       ??_ELRPC_SCALL_AVRF@@UAAPAXI@Z 10008800 f i rpcmtrt:lpcsvr.obj
 0001:00007824       ??0LRPC_SCALL_BROKEN_FLOW@@QAA@PAJPAVLRPC_SASSOCIATION@@K@Z 10008824 f i rpcmtrt:lpcsvr.obj
 0001:0000786c       ??_ELRPC_SCALL_BROKEN_FLOW@@UAAPAXI@Z 1000886c f i rpcmtrt:lpcsvr.obj
 0001:0000786c       ??_GLRPC_SCALL_BROKEN_FLOW@@UAAPAXI@Z 1000886c f i rpcmtrt:lpcsvr.obj
 0001:00007890       ?NewConnectionRequest@LRPC_ADDRESS@@AAAJPAU_PORT_MESSAGE@@PAVRPCP_ALPC_MESSAGE_ATTRIBUTES@@@Z 10008890 f   rpcmtrt:lpcsvr.obj
 0001:000079e4       ?DispatchQueuedCalls@LRPC_SCAUSAL_FLOW@@QAAXHK@Z 100089e4 f   rpcmtrt:lpcsvr.obj
 0001:00007c2c       ?RecordGapInFlow@LRPC_SCAUSAL_FLOW@@QAAJKPAVLRPC_SASSOCIATION@@@Z 10008c2c f   rpcmtrt:lpcsvr.obj
 0001:00007d64       ??_GLRPC_SASSOCIATION@@UAAPAXI@Z 10008d64 f i rpcmtrt:lpcsvr.obj
 0001:00007d64       ??_ELRPC_SASSOCIATION@@UAAPAXI@Z 10008d64 f i rpcmtrt:lpcsvr.obj
 0001:00007d88       ?LrpcServerHandleDeleteFlowsMessage@@YAXPAXPAU_PORT_MESSAGE@@PAU_LRPC_DELETE_FLOWS_MESSAGE@@@Z 10008d88 f   rpcmtrt:lpcsvr.obj
 0001:00007d98       ?HandleBrokenPipeMessage@LRPC_SASSOCIATION@@QAAXPAU_PORT_MESSAGE@@PAU_LRPC_BROKEN_PIPE_MESSAGE@@@Z 10008d98 f   rpcmtrt:lpcsvr.obj
 0001:00007e38       ?HandlePipeAckOrPull@LRPC_SASSOCIATION@@QAAJPAPAU_PORT_MESSAGE@@@Z 10008e38 f   rpcmtrt:lpcsvr.obj
 0001:00007f58       ?CleanupSparsePipes@LRPC_SASSOCIATION@@QAAXXZ 10008f58 f   rpcmtrt:lpcsvr.obj
 0001:00007ff8       ?AllocateCall@LRPC_SASSOCIATION@@AAAJPAPAVLRPC_SCALL@@K@Z 10008ff8 f   rpcmtrt:lpcsvr.obj
 0001:000080d4       ?NotifyAllActiveCalls@LRPC_SASSOCIATION@@AAAXXZ 100090d4 f   rpcmtrt:lpcsvr.obj
 0001:00008160       ?FailQueuedCall@LRPC_SCALL@@QAAXJ@Z 10009160 f   rpcmtrt:lpcsvr.obj
 0001:000081d8       ?GetBuffer@LRPC_SCALL@@UAAJPAU_RPC_MESSAGE@@PAU_GUID@@@Z 100091d8 f   rpcmtrt:lpcsvr.obj
 0001:000082d8       ?AsyncSend@LRPC_SCALL@@UAAJPAU_RPC_MESSAGE@@@Z 100092d8 f   rpcmtrt:lpcsvr.obj
 0001:00008358       ?AsyncReceive@LRPC_SCALL@@UAAJPAU_RPC_MESSAGE@@I@Z 10009358 f   rpcmtrt:lpcsvr.obj
 0001:000084b0       ?GetBuffer@LRPC_SCALL_AVRF@@UAAJPAU_RPC_MESSAGE@@PAU_GUID@@@Z 100094b0 f   rpcmtrt:lpcsvr.obj
 0001:00008520       ?EnumerateAndCallEachAssociation@LRPC_ADDRESS@@AAAXW4AssociationCallbackType@1@PAX@Z 10009520 f   rpcmtrt:lpcsvr.obj
 0001:00008648       ?DestroyContextHandlesForInterface@LRPC_ADDRESS@@EAAXPAU_RPC_SERVER_INTERFACE@@H@Z 10009648 f   rpcmtrt:lpcsvr.obj
 0001:00008674       ?CleanupIdleSContexts@LRPC_ADDRESS@@EAAXXZ 10009674 f   rpcmtrt:lpcsvr.obj
 0001:00008680       ?HandleBindRequest@LRPC_ADDRESS@@AAAXPAU_PORT_MESSAGE@@PAVRPCP_ALPC_MESSAGE_ATTRIBUTES@@H@Z 10009680 f   rpcmtrt:lpcsvr.obj
 0001:00008754       ?HandlePipeAck@LRPC_ADDRESS@@AAAXPAU_PORT_MESSAGE@@PAVRPCP_ALPC_MESSAGE_ATTRIBUTES@@H@Z 10009754 f   rpcmtrt:lpcsvr.obj
 0001:000087ec       ?CleanupSparsePipes@LRPC_ADDRESS@@EAAXXZ 100097ec f   rpcmtrt:lpcsvr.obj
 0001:000087f8       ?CleanupCachedSections@LRPC_ADDRESS@@EAAXXZ 100097f8 f   rpcmtrt:lpcsvr.obj
 0001:00008804       ?FailQueuedCalls@LRPC_SCAUSAL_FLOW@@QAAXJH@Z 10009804 f   rpcmtrt:lpcsvr.obj
 0001:0000895c       ?HandleConnectionClose@LRPC_SASSOCIATION@@QAAXK@Z 1000995c f   rpcmtrt:lpcsvr.obj
 0001:00008994       ?LrpcServerHandleBrokenPipeMessage@@YAXPAXPAU_PORT_MESSAGE@@PAU_LRPC_BROKEN_PIPE_MESSAGE@@@Z 10009994 f   rpcmtrt:lpcsvr.obj
 0001:00008998       ?ProcessCausalFlowGapSingle@LRPC_SASSOCIATION@@QAAXPAU_LRPC_BROKEN_FLOW_ELEMENT@@H@Z 10009998 f   rpcmtrt:lpcsvr.obj
 0001:00008a48       ?CFCallDispatchFailure@LRPC_SASSOCIATION@@QAAHPAU_LRPC_REQUEST_MESSAGE@@@Z 10009a48 f   rpcmtrt:lpcsvr.obj
 0001:00008a90       ??1LRPC_SCAUSAL_FLOW@@UAA@XZ 10009a90 f   rpcmtrt:lpcsvr.obj
 0001:00008ac8       ?MaybeQueueCall@LRPC_SCAUSAL_FLOW@@QAAJPAVLRPC_SCALL@@PAH@Z 10009ac8 f   rpcmtrt:lpcsvr.obj
 0001:00008cb0       ?ProcessCausalFlowGapBatch@LRPC_SASSOCIATION@@QAAXPAU_LRPC_BROKEN_FLOWS_MESSAGE@@@Z 10009cb0 f   rpcmtrt:lpcsvr.obj
 0001:00008de4       ?MaybeQueueCall@LRPC_SASSOCIATION@@QAAJPAVLRPC_SCALL@@PAHPAPAVLRPC_SCAUSAL_FLOW@@@Z 10009de4 f   rpcmtrt:lpcsvr.obj
 0001:00008e94       ?QueueOrDispatchCall@LRPC_SCALL@@AAAXXZ 10009e94 f   rpcmtrt:lpcsvr.obj
 0001:00009004       ?PerformDelayedDispatch@LRPC_SCALL@@UAAXJ@Z 1000a004 f   rpcmtrt:lpcsvr.obj
 0001:0000908c       ??_GLRPC_SCAUSAL_FLOW@@UAAPAXI@Z 1000a08c f i rpcmtrt:lpcsvr.obj
 0001:0000908c       ??_ELRPC_SCAUSAL_FLOW@@UAAPAXI@Z 1000a08c f i rpcmtrt:lpcsvr.obj
 0001:000090b0       ?LrpcServerHandleBrokenFlowsMessage@@YAXPAXPAU_PORT_MESSAGE@@PAU_LRPC_BROKEN_FLOWS_MESSAGE@@@Z 1000a0b0 f   rpcmtrt:lpcsvr.obj
 0001:000090b8       ?HandleRequest@LRPC_SCALL@@QAAXPAU_PORT_MESSAGE@@0PAXK@Z 1000a0b8 f   rpcmtrt:lpcsvr.obj
 0001:0000949c       ?HandlePipeChunk@LRPC_SASSOCIATION@@AAAXPAU_LRPC_REQUEST_MESSAGE@@PAU_PORT_MESSAGE@@PAXKH@Z 1000a49c f   rpcmtrt:lpcsvr.obj
 0001:000098a0       ?HandleRequest@LRPC_SASSOCIATION@@QAAXPAU_PORT_MESSAGE@@0PAXKH@Z 1000a8a0 f   rpcmtrt:lpcsvr.obj
 0001:00009a60       ?HandleRequest@LRPC_ADDRESS@@AAAXPAU_PORT_MESSAGE@@PAVRPCP_ALPC_MESSAGE_ATTRIBUTES@@0H@Z 1000aa60 f   rpcmtrt:lpcsvr.obj
 0001:00009ba0       ?ProcessIO@LRPC_ADDRESS@@QAAXPAX@Z 1000aba0 f   rpcmtrt:lpcsvr.obj
 0001:00009f20       ?LrpcSAssociationIoHandler@@YAXPAUtagLRPC_IO_TARGET@@PAX@Z 1000af20 f   rpcmtrt:lpcsvr.obj
 0001:00009f28       ?LrpcServerIoHandler@@YAXPAUtagLRPC_IO_TARGET@@PAX@Z 1000af28 f   rpcmtrt:lpcsvr.obj
 0001:00009f30       ??0LRPC_ADDRESS@@QAA@PAJ@Z 1000af30 f   rpcmtrt:lpcsvr.obj
 0001:00009fd8       ??_GLRPC_ADDRESS_AVRF@@UAAPAXI@Z 1000afd8 f i rpcmtrt:lpcsvr.obj
 0001:00009fd8       ??_ELRPC_ADDRESS_AVRF@@UAAPAXI@Z 1000afd8 f i rpcmtrt:lpcsvr.obj
 0001:0000a010       ?LrpcCreateRpcAddress@@YAPAVRPC_ADDRESS@@XZ 1000b010 f   rpcmtrt:lpcsvr.obj
 0001:0000a084       I_RpcFreeBuffer            1000b084 f   rpcmtrt:bufapi.obj
 0001:0000a0c0       I_RpcFreePipeBuffer        1000b0c0 f   rpcmtrt:bufapi.obj
 0001:0000a0fc       ?EnterBufApiPartial@@YAJPAU_RPC_MESSAGE@@@Z 1000b0fc f i rpcmtrt:bufapi.obj
 0001:0000a158       I_RpcGetBufferWithObject   1000b158 f   rpcmtrt:bufapi.obj
 0001:0000a290       I_RpcGetBuffer             1000b290 f   rpcmtrt:bufapi.obj
 0001:0000a298       I_RpcReallocPipeBuffer     1000b298 f   rpcmtrt:bufapi.obj
 0001:0000a310       I_RpcGetCurrentCallHandle  1000b310 f   rpcmtrt:sinfoapi.obj
 0001:0000a33c       I_RpcServerInqTransportType 1000b33c f   rpcmtrt:sinfoapi.obj
 0001:0000a390       I_RpcMapWin32Status        1000b390 f   rpcmtrt:miscnt.obj
 0001:0000a3dc       ?DeprecatedFunctionalityUseError@@YAXKPAGPAU_GUID@@@Z 1000b3dc f   rpcmtrt:miscnt.obj
 0001:0000a3e0       RpcAsyncGetCallStatus      1000b3e0 f   rpcmtrt:async.obj
 0001:0000a438       RpcAsyncCancelCall         1000b438 f   rpcmtrt:async.obj
 0001:0000a4bc       ?ValidateSecWinntAuthIdentityW@@YAJPAU_SEC_WINNT_AUTH_IDENTITY_W@@@Z 1000b4bc f   rpcmtrt:dcebind.obj
 0001:0000a594       ?ValidateSecurityQOS@@YAJPAU_RPC_SECURITY_QOS@@HPAG@Z 1000b594 f   rpcmtrt:dcebind.obj
 0001:0000a684       RpcBindingCopy             1000b684 f   rpcmtrt:dcebind.obj
 0001:0000a718       I_RpcBindingCopy           1000b718 f   rpcmtrt:dcebind.obj
 0001:0000a77c       RpcBindingFree             1000b77c f   rpcmtrt:dcebind.obj
 0001:0000a7fc       RpcBindingReset            1000b7fc f   rpcmtrt:dcebind.obj
 0001:0000a854       RpcBindingSetObject        1000b854 f   rpcmtrt:dcebind.obj
 0001:0000a8b0       RpcBindingVectorFree       1000b8b0 f   rpcmtrt:dcebind.obj
 0001:0000a930       RpcBindingSetAuthInfoExW   1000b930 f   rpcmtrt:dcebind.obj
 0001:0000ab78       RpcBindingUnbind           1000bb78 f   rpcmtrt:dcebind.obj
 0001:0000abd4       RpcBindingFromStringBindingW 1000bbd4 f   rpcmtrt:dcebind.obj
 0001:0000ace0       RpcBindingSetAuthInfoW     1000bce0 f   rpcmtrt:dcebind.obj
 0001:0000ad0c       RpcBindingSetOption        1000bd0c f   rpcmtrt:dcecmmn.obj
 0001:0000ae3c       RpcBindingInqOption        1000be3c f   rpcmtrt:dcecmmn.obj
 0001:0000aec8       RpcBindingInqObject        1000bec8 f   rpcmtrt:dcecmmn.obj
 0001:0000af84       RpcBindingToStringBindingW 1000bf84 f   rpcmtrt:dcecmmn.obj
 0001:0000b01c       ??0SID_CACHE@@QAA@XZ       1000c01c f i rpcmtrt:dcesvr.obj
 0001:0000b05c       ??1SID_CACHE@@QAA@XZ       1000c05c f i rpcmtrt:dcesvr.obj
 0001:0000b0a4       RpcServerInqBindings       1000c0a4 f   rpcmtrt:dcesvr.obj
 0001:0000b0ec       RpcServerRegisterIf        1000c0ec f   rpcmtrt:dcesvr.obj
 0001:0000b168       RpcServerRegisterIfEx      1000c168 f   rpcmtrt:dcesvr.obj
 0001:0000b204       RpcServerUnregisterIf      1000c204 f   rpcmtrt:dcesvr.obj
 0001:0000b254       I_RpcServerUseProtseqEp2W  1000c254 f   rpcmtrt:dcesvr.obj
 0001:0000b2f4       RpcServerUseProtseqEpW     1000c2f4 f   rpcmtrt:dcesvr.obj
 0001:0000b340       RpcServerUseProtseqIfExW   1000c340 f   rpcmtrt:dcesvr.obj
 0001:0000b478       RpcServerUseProtseqIfW     1000c478 f   rpcmtrt:dcesvr.obj
 0001:0000b4ac       RpcMgmtStatsVectorFree     1000c4ac f   rpcmtrt:dcesvr.obj
 0001:0000b4f8       RpcMgmtInqStats            1000c4f8 f   rpcmtrt:dcesvr.obj
 0001:0000b570       RpcMgmtIsServerListening   1000c570 f   rpcmtrt:dcesvr.obj
 0001:0000b5c8       RpcMgmtStopServerListening 1000c5c8 f   rpcmtrt:dcesvr.obj
 0001:0000b618       RpcMgmtWaitServerListen    1000c618 f   rpcmtrt:dcesvr.obj
 0001:0000b650       ??1RPC_SERVER@@QAA@XZ      1000c650 f i rpcmtrt:dcesvr.obj
 0001:0000b694       RpcServerListen            1000c694 f   rpcmtrt:dcesvr.obj
 0001:0000b70c       I_RpcServerUseProtseq2W    1000c70c f   rpcmtrt:dcesvr.obj
 0001:0000b7dc       RpcServerUseProtseqW       1000c7dc f   rpcmtrt:dcesvr.obj
 0001:0000b888       RpcServerInqCallAttributesW 1000c888 f   rpcmtrt:dcesvr.obj
 0001:0000ba38       RpcMgmtInqIfIds            1000ca38 f   rpcmtrt:dcesvr.obj
 0001:0000ba90       RpcMgmtInqServerPrincNameW 1000ca90 f   rpcmtrt:dcesvr.obj
 0001:0000bb30       RpcBindingServerFromClient 1000cb30 f   rpcmtrt:dcesvr.obj
 0001:0000bc1c       ?InitializeRpcServer@@YAHXZ 1000cc1c f   rpcmtrt:dcesvr.obj
 0001:0000bdc4       ?DeInitializeRpcServer@@YAHXZ 1000cdc4 f   rpcmtrt:dcesvr.obj
 0001:0000be88       DefaultMgmtAuthorizationFn 1000ce88 f   rpcmtrt:svrmgmt.obj
 0001:0000bea0       RpcMgmtSetAuthorizationFn  1000cea0 f   rpcmtrt:svrmgmt.obj
 0001:0000becc       rpc_mgmt_inq_if_ids        1000cecc f   rpcmtrt:svrmgmt.obj
 0001:0000bf20       rpc_mgmt_inq_princ_name    1000cf20 f   rpcmtrt:svrmgmt.obj
 0001:0000bfc4       rpc_mgmt_inq_stats         1000cfc4 f   rpcmtrt:svrmgmt.obj
 0001:0000c080       rpc_mgmt_is_server_listening 1000d080 f   rpcmtrt:svrmgmt.obj
 0001:0000c0ec       rpc_mgmt_stop_server_listening 1000d0ec f   rpcmtrt:svrmgmt.obj
 0001:0000c13c       ?InvalidHandle@GENERIC_OBJECT@@QAAIH@Z 1000d13c f   rpcmtrt:handle.obj
 0001:0000c170       ?BindingCopy@MESSAGE_OBJECT@@UAAJPAPAVBINDING_HANDLE@@I@Z 1000d170 f   rpcmtrt:handle.obj
 0001:0000c178       ?Cancel@CALL@@UAAJPAX@Z    1000d178 f   rpcmtrt:handle.obj
 0001:0000c180       ?TestCancel@CALL@@UAAIXZ   1000d180 f   rpcmtrt:handle.obj
 0001:0000c188       ?BaseClone@BINDING_HANDLE@@QAAJPAV1@@Z 1000d188 f   rpcmtrt:handle.obj
 0001:0000c1fc       ?InquireDynamicEndpoint@BINDING_HANDLE@@UAAJPAPAG@Z 1000d1fc f   rpcmtrt:handle.obj
 0001:0000c20c       ?MapAuthenticationLevel@BINDING_HANDLE@@UAAKK@Z 1000d20c f   rpcmtrt:handle.obj
 0001:0000c214       ?SetTransportAuthentication@BINDING_HANDLE@@UAAHKKPAJ@Z 1000d214 f   rpcmtrt:handle.obj
 0001:0000c224       ?SendReceive@BINDING_HANDLE@@UAAJPAU_RPC_MESSAGE@@@Z 1000d224 f   rpcmtrt:handle.obj
 0001:0000c22c       ?Send@BINDING_HANDLE@@UAAJPAU_RPC_MESSAGE@@@Z 1000d22c f   rpcmtrt:handle.obj
 0001:0000c234       ?Receive@BINDING_HANDLE@@UAAJPAU_RPC_MESSAGE@@I@Z 1000d234 f   rpcmtrt:handle.obj
 0001:0000c23c       ?FreeBuffer@BINDING_HANDLE@@UAAXPAU_RPC_MESSAGE@@@Z 1000d23c f   rpcmtrt:handle.obj
 0001:0000c240       ?ReAcquireCredentialsIfNecessary@BINDING_HANDLE@@UAAJXZ 1000d240 f   rpcmtrt:handle.obj
 0001:0000c248       ?InqTransportOption@BINDING_HANDLE@@UAAJKPAK@Z 1000d248 f   rpcmtrt:handle.obj
 0001:0000c264       ?Bind@BINDING_HANDLE@@UAAJPAU_RPC_ASYNC_STATE@@PAX@Z 1000d264 f   rpcmtrt:handle.obj
 0001:0000c26c       ?Unbind@BINDING_HANDLE@@UAAXXZ 1000d26c f   rpcmtrt:handle.obj
 0001:0000c270       ?MarshalBindingHandleAndInterfaceForNDF@BINDING_HANDLE@@UAAJPAU_RPC_CLIENT_INTERFACE@@PAPAXPAK12@Z 1000d270 f   rpcmtrt:handle.obj
 0001:0000c278       ?AbortAsyncCall@CALL@@UAAJK@Z 1000d278 f   rpcmtrt:handle.obj
 0001:0000c280       ?ProcessResponse@CALL@@UAAXH@Z 1000d280 f   rpcmtrt:handle.obj
 0001:0000c284       ?IssueNotificationMain@CALL@@IAAHW4_RPC_NOTIFICATION_TYPES@@PAT_RPC_ASYNC_NOTIFICATION_INFO@@PAU_RPC_ASYNC_STATE@@W4_RPC_ASYNC_EVENT@@@Z 1000d284 f   rpcmtrt:handle.obj
 0001:0000c2dc       ?ProcessEvent@CALL@@UAAXXZ 1000d2dc f   rpcmtrt:handle.obj
 0001:0000c2e0       ?InitializeClientDLL@@YAHXZ 1000d2e0 f   rpcmtrt:handle.obj
 0001:0000c2e8       ?SetAuthInformation@BINDING_HANDLE@@UAAJPAGKKPAX1KPAVSECURITY_CREDENTIALS@@KKKKK11HH@Z 1000d2e8 f   rpcmtrt:handle.obj
 0001:0000c2f0       RpcpRaiseException         1000d2f0 f   rpcmtrt:handle.obj
 0001:0000c328       RpcRaiseException          1000d328 f   rpcmtrt:handle.obj
 0001:0000c394       ?IssueNotificationEntry@CCALL@@IAAHW4_RPC_ASYNC_EVENT@@@Z 1000d394 f   rpcmtrt:handle.obj
 0001:0000c3e4       ??0BINDING_HANDLE@@QAA@XZ  1000d3e4 f   rpcmtrt:handle.obj
 0001:0000c470       ??1BINDING_HANDLE@@UAA@XZ  1000d470 f   rpcmtrt:handle.obj
 0001:0000c4c8       ?InquireObjectUuid@BINDING_HANDLE@@QAAXPAVRPC_UUID@@@Z 1000d4c8 f   rpcmtrt:handle.obj
 0001:0000c4ec       ?SetObjectUuid@BINDING_HANDLE@@QAAXPAVRPC_UUID@@@Z 1000d4ec f   rpcmtrt:handle.obj
 0001:0000c54c       ?DispatchCallback@@YAJPAURPC_DISPATCH_TABLE@@PAU_RPC_MESSAGE@@PAJ@Z 1000d54c f   rpcmtrt:handle.obj
 0001:0000c6ac       ?IssueNotification@CCALL@@UAAHW4_RPC_ASYNC_EVENT@@@Z 1000d6ac f   rpcmtrt:handle.obj
 0001:0000c6f8       ?SetTransportOption@BINDING_HANDLE@@UAAJKK@Z 1000d6f8 f   rpcmtrt:handle.obj
 0001:0000c784       ?InitializeEventIfNecessary@SWMRWaiter@@QAAJXZ 1000d784 f i rpcmtrt:threads.obj
 0001:0000c7d4       ?PauseExecution@@YAXK@Z    1000d7d4 f   rpcmtrt:threads.obj
 0001:0000c7d8       ?ThreadStartRoutine@@YAJPAVTHREAD@@@Z 1000d7d8 f   rpcmtrt:threads.obj
 0001:0000c808       ?ThreadHandle@THREAD@@QAAPAXXZ 1000d808 f   rpcmtrt:threads.obj
 0001:0000c830       ?PurgeEEInfo@THREAD@@QAAXXZ 1000d830 f   rpcmtrt:threads.obj
 0001:0000c84c       ?GetNCHOption@THREAD@@QAAHW4HARDENING_OPTIONS@@PAPAX@Z 1000d84c f   rpcmtrt:threads.obj
 0001:0000c88c       ?GetWaiterCache@THREAD@@QAAXPAPAVSWMRWaiter@@PAVSCALL@@W4tagSWMRWaiterType@@@Z 1000d88c f   rpcmtrt:threads.obj
 0001:0000c914       ?FreeWaiterCache@THREAD@@QAAXPAPAVSWMRWaiter@@@Z 1000d914 f   rpcmtrt:threads.obj
 0001:0000c95c       ?CommonConstructor@THREAD@@QAAXXZ 1000d95c f   rpcmtrt:threads.obj
 0001:0000ca34       ??1THREAD@@QAA@XZ          1000da34 f   rpcmtrt:threads.obj
 0001:0000cb6c       ??0THREAD@@QAA@P6AHPAX@Z0PAJ@Z 1000db6c f   rpcmtrt:threads.obj
 0001:0000cc7c       ??0THREAD@@QAA@PAJ@Z       1000dc7c f   rpcmtrt:threads.obj
 0001:0000cd84       ?ThreadSelfHelper@@YAPAVTHREAD@@XZ 1000dd84 f   rpcmtrt:threads.obj
 0001:0000cdec       RpcServerTestCancel        1000ddec f   rpcmtrt:threads.obj
 0001:0000ce54       RpcTestCancel              1000de54 f   rpcmtrt:threads.obj
 0001:0000ce5c       RpcStringFreeW             1000de5c f   rpcmtrt:dcestrng.obj
 0001:0000cea8       RpcStringFreeA             1000dea8 f   rpcmtrt:dcestrng.obj
 0001:0000ceac       RpcStringBindingComposeW   1000deac f   rpcmtrt:dcestrng.obj
 0001:0000cfa8       RpcStringBindingParseW     1000dfa8 f   rpcmtrt:dcestrng.obj
 0001:0000d270       UuidCreate                 1000e270 f   rpcmtrt:dceuuid.obj
 0001:0000d29c       UuidToStringW              1000e29c f   rpcmtrt:dceuuid.obj
 0001:0000d2fc       UuidCreateNil              1000e2fc f   rpcmtrt:dceuuid.obj
 0001:0000d30c       UuidHash                   1000e30c f   rpcmtrt:dceuuid.obj
 0001:0000d330       UuidIsNil                  1000e330 f   rpcmtrt:dceuuid.obj
 0001:0000d358       UuidFromStringW            1000e358 f   rpcmtrt:dceuuid.obj
 0001:0000d3e4       UuidCompare                1000e3e4 f   rpcmtrt:dceuuid.obj
 0001:0000d4a8       UuidEqual                  1000e4a8 f   rpcmtrt:dceuuid.obj
 0001:0000d500       ?Convert@CNlDelUnicodeAnsi@@QAAJXZ 1000e500 f i rpcmtrt:dcethunk.obj
 0001:0000d548       ?AnsiToUnicodeString@@YAJPAEPAU_UNICODE_STRING@@@Z 1000e548 f   rpcmtrt:dcethunk.obj
 0001:0000d590       UuidToStringA              1000e590 f   rpcmtrt:dcethunk.obj
 0001:0000d608       RpcMgmtInqServerPrincNameA 1000e608 f   rpcmtrt:dcethunk.obj
 0001:0000d67c       GetComputerName            1000e67c f i rpcmtrt:init.obj
 0001:0000d7c4       GlobalMutexRequestExternal 1000e7c4 f   rpcmtrt:init.obj
 0001:0000d7d0       CeCleanupTlsSlot           1000e7d0 f   rpcmtrt:init.obj
 0001:0000d808       _InitializeDLL             1000e808 f   rpcmtrt:init.obj
 0001:0000d9c0       ?PerformRpcInitialization@@YAJXZ 1000e9c0 f   rpcmtrt:init.obj
 0001:0000db40       GlobalMutexClearExternal   1000eb40 f   rpcmtrt:init.obj
 0001:0000db4c       DllEntry                   1000eb4c f   rpcmtrt:init.obj
 0001:0000db50       ?CreateGarbageCollectionThread@@YAJXZ 1000eb50 f   rpcmtrt:gc.obj
 0001:0000db9c       ?DisableIdleLrpcSContextsCleanup@@YAXXZ 1000eb9c f   rpcmtrt:gc.obj
 0001:0000dbbc       ?DisableSparseLrpcSPipesCleanup@@YAXXZ 1000ebbc f   rpcmtrt:gc.obj
 0001:0000dbdc       ?DisableCachedLrpcViewsCleanup@@YAXXZ 1000ebdc f   rpcmtrt:gc.obj
 0001:0000dbfc       ?CheckIfGCShouldBeTurnedOn@@YAHKKKPAT_ULARGE_INTEGER@@@Z 1000ebfc f   rpcmtrt:gc.obj
 0001:0000dca0       ?GarbageCollectionNeeded@@YAHHK@Z 1000eca0 f   rpcmtrt:gc.obj
 0001:0000dd70       ?EnableGCOnCounter@@YAJKPAK@Z 1000ed70 f   rpcmtrt:gc.obj
 0001:0000ddb0       ?EnableLrpcSecurityCacheCleanup@@YAJXZ 1000edb0 f   rpcmtrt:gc.obj
 0001:0000de0c       ?EnableSparseLrpcSPipesCleanup@@YAJK@Z 1000ee0c f   rpcmtrt:gc.obj
 0001:0000de18       ?EnableCachedLrpcViewsCleanup@@YAJK@Z 1000ee18 f   rpcmtrt:gc.obj
 0001:0000de24       ??0BCACHE@@QAA@XZ          1000ee24 f   rpcmtrt:bcache.obj
 0001:0000df00       ??1BCACHE@@QAA@XZ          1000ef00 f   rpcmtrt:bcache.obj
 0001:0000df4c       ?AllocBlock@BCACHE@@AAAPAXI@Z 1000ef4c f   rpcmtrt:bcache.obj
 0001:0000dfb4       ?AllocHelper@BCACHE@@AAAPAXIHPAUBCACHE_STATE@@@Z 1000efb4 f   rpcmtrt:bcache.obj
 0001:0000e0f8       ?FreeBuffers@BCACHE@@AAAXPAUBUFFER_HEAD@@HI@Z 1000f0f8 f   rpcmtrt:bcache.obj
 0001:0000e1e4       ?ThreadDetach@BCACHE@@QAAXPAVTHREAD@@@Z 1000f1e4 f   rpcmtrt:bcache.obj
 0001:0000e230       ?Allocate@BCACHE@@QAAPAXI@Z 1000f230 f   rpcmtrt:bcache.obj
 0001:0000e308       ?FreeHelper@BCACHE@@AAAXPAXHPAUBCACHE_STATE@@@Z 1000f308 f   rpcmtrt:bcache.obj
 0001:0000e374       ?Free@BCACHE@@QAAXPAX@Z    1000f374 f   rpcmtrt:bcache.obj
 0001:0000e47c       ??2@YAPAXI@Z               1000f47c f   rpcmtrt:memory.obj
 0001:0000e494       ??3@YAXPAX@Z               1000f494 f   rpcmtrt:memory.obj
 0001:0000e4ac       ?InitializeRpcAllocator@@YAHXZ 1000f4ac f   rpcmtrt:memory.obj
 0001:0000e590       ??_GBCache2@@QAAPAXI@Z     1000f590 f i rpcmtrt:memory.obj
 0001:0000e5d8       ?DeInitializeRpcAllocator@@YAHXZ 1000f5d8 f   rpcmtrt:memory.obj
 0001:0000e690       ?MessageReceived@LRPC_CASSOCIATION@@AAAXXZ 1000f690 f i rpcmtrt:lpccall.obj
 0001:0000e6ec       ?IncrementLargeSequenceNumber@LRPC_CASSOCIATION@@AAA_KPA_K@Z 1000f6ec f i rpcmtrt:lpccall.obj
 0001:0000e740       ??0LRPC_C_IN_OUT_PIPE@@QAA@PAJ@Z 1000f740 f i rpcmtrt:lpccall.obj
 0001:0000e7b4       ?FreeAlpcSectionAndView@LRPC_BASE_CCALL@@IAAXH@Z 1000f7b4 f i rpcmtrt:lpccall.obj
 0001:0000e7f4       ?SetFlagInterlockedOnce@CompositeFlags@@QAAHI@Z 1000f7f4 f i rpcmtrt:lpccall.obj
 0001:0000e838       ?FreeCallToCache@LRPC_BASE_BINDING_HANDLE@@QAAHW4_LrpcCachedCallTypes@@PAVLRPC_BASE_CCALL@@@Z 1000f838 f i rpcmtrt:lpccall.obj
 0001:0000e898       ?BindingHandleIsDestroyed@LRPC_BASE_CCALL@@UAAXXZ 1000f898 f   rpcmtrt:lpccall.obj
 0001:0000e8c0       ?GetCallStatus@LRPC_BASE_CCALL@@UAAJXZ 1000f8c0 f   rpcmtrt:lpccall.obj
 0001:0000e8d4       ?UnpackResponse@LRPC_BASE_CCALL@@IAAJPAU_LRPC_PACKET_HEADER@@PAVRPCP_ALPC_MESSAGE_ATTRIBUTES@@PAPAUtagExtendedErrorInfo@@@Z 1000f8d4 f   rpcmtrt:lpccall.obj
 0001:0000eb54       ?InitializeInPipeRequestAndAttributes@LRPC_BASE_CCALL@@IAAJPAU_LRPC_REQUEST_MESSAGE@@PAX1KHHPAVLRPC_PIPE_CHUNK_SEND_CONTEXT@@@Z 1000fb54 f   rpcmtrt:lpccall.obj
 0001:0000ed0c       ?InitializeOutPipeRequestAndAttributes@LRPC_BASE_CCALL@@IAAXPAU_LRPC_PIPE_ACK@@PAVLRPC_PIPE_CHUNK_SEND_CONTEXT@@@Z 1000fd0c f   rpcmtrt:lpccall.obj
 0001:0000ed7c       ?AttemptRetry@LRPC_BIND_CCALL@@QAAHJ@Z 1000fd7c f   rpcmtrt:lpccall.obj
 0001:0000ee2c       ?NegotiateTransferSyntax@LRPC_CCALL@@UAAJPAU_RPC_MESSAGE@@@Z 1000fe2c f   rpcmtrt:lpccall.obj
 0001:0000ee50       ?CopyLargeDataIfNecessary@LRPC_CCALL@@UAAJXZ 1000fe50 f   rpcmtrt:lpccall.obj
 0001:0000eedc       ?IssueNotification@LRPC_CCALL@@UAAHW4_RPC_ASYNC_EVENT@@@Z 1000fedc f   rpcmtrt:lpccall.obj
 0001:0000eee8       ?HandleAsyncSendFailure@LRPC_CCALL@@UAAJJH@Z 1000fee8 f   rpcmtrt:lpccall.obj
 0001:0000ef1c       ?GetPresentationContext@LRPC_CCALL@@EAAHXZ 1000ff1c f   rpcmtrt:lpccall.obj
 0001:0000ef28       ?FullReinitCommon@LRPC_CLIENT_IO@@QAAXXZ 1000ff28 f i rpcmtrt:lpccall.obj
 0001:0000ef64       ?AlpcSendWaitReceivePort@LRPC_CASSOCIATION@@QAAJKPAU_PORT_MESSAGE@@PAU_ALPC_MESSAGE_ATTRIBUTES@@0PAK1PAT_LARGE_INTEGER@@@Z 1000ff64 f i rpcmtrt:lpccall.obj
 0001:0000efbc       ?SetAssociation@LRPC_BASE_CCALL@@QAAXPAVLRPC_CASSOCIATION@@@Z 1000ffbc f i rpcmtrt:lpccall.obj
 0001:0000f010       ?BasePrepareCallForCaching@LRPC_BASE_CCALL@@IAAHXZ 10010010 f i rpcmtrt:lpccall.obj
 0001:0000f074       ??0LRPC_C_IN_PIPE@@QAA@PAVMUTEX@@@Z 10010074 f i rpcmtrt:lpccall.obj
 0001:0000f0e0       ??0LRPC_C_OUT_PIPE@@QAA@W4tagLrpcCOutPipeStates@@PAVMUTEX@@PAVLRPC_BASE_CCALL@@@Z 100100e0 f i rpcmtrt:lpccall.obj
 0001:0000f150       ??1LRPC_BASE_CCALL@@UAA@XZ 10010150 f   rpcmtrt:lpccall.obj
 0001:0000f1a4       ?GetBuffer@LRPC_BASE_CCALL@@UAAJPAU_RPC_MESSAGE@@PAU_GUID@@@Z 100101a4 f   rpcmtrt:lpccall.obj
 0001:0000f374       ?FreePipeBuffer@LRPC_BASE_CCALL@@UAAXPAU_RPC_MESSAGE@@@Z 10010374 f   rpcmtrt:lpccall.obj
 0001:0000f3dc       ?Send@LRPC_BASE_CCALL@@UAAJPAU_RPC_MESSAGE@@@Z 100103dc f   rpcmtrt:lpccall.obj
 0001:0000f478       ?Receive@LRPC_BASE_CCALL@@UAAJPAU_RPC_MESSAGE@@I@Z 10010478 f   rpcmtrt:lpccall.obj
 0001:0000f514       ?FreeObject@LRPC_BASE_CCALL@@UAAXXZ 10010514 f   rpcmtrt:lpccall.obj
 0001:0000f65c       ?CancelCall@LRPC_BASE_CCALL@@IAAXXZ 1001065c f   rpcmtrt:lpccall.obj
 0001:0000f750       ?SetState@LRPC_BASE_CCALL@@IAAJW4tagLrpcCallStates@@@Z 10010750 f   rpcmtrt:lpccall.obj
 0001:0000f7cc       ?AlpcSend@LRPC_BASE_CCALL@@QAAJPAXPAVRPCP_ALPC_MESSAGE_ATTRIBUTES@@@Z 100107cc f   rpcmtrt:lpccall.obj
 0001:0000f8ac       ?InitializeRequestAndAttributes@LRPC_BASE_CCALL@@IAAJH@Z 100108ac f   rpcmtrt:lpccall.obj
 0001:0000fa70       ?DoSendReceive@LRPC_BASE_CCALL@@IAAJXZ 10010a70 f   rpcmtrt:lpccall.obj
 0001:0000fbc4       ?DoAbortStateTransitions@LRPC_BASE_CCALL@@IAAHJ@Z 10010bc4 f   rpcmtrt:lpccall.obj
 0001:0000fc30       ?FreePipeChunk@LRPC_BASE_CCALL@@IAAXPAU_LRPC_REQUEST_MESSAGE@@PAX1KH@Z 10010c30 f   rpcmtrt:lpccall.obj
 0001:0000fca4       ?RecordSuccessfulPipeSend@LRPC_BASE_CCALL@@IAAXH@Z 10010ca4 f   rpcmtrt:lpccall.obj
 0001:0000fd0c       ?SetupOutPipe@LRPC_BASE_CCALL@@IAAJW4tagLrpcCOutPipeStates@@@Z 10010d0c f   rpcmtrt:lpccall.obj
 0001:0000fd8c       ?InitAndSendPipeAck@LRPC_BASE_CCALL@@IAAJPAU_LRPC_PIPE_ACK@@_K1H@Z 10010d8c f   rpcmtrt:lpccall.obj
 0001:0000ffcc       ??1LRPC_BIND_CCALL@@UAA@XZ 10010fcc f   rpcmtrt:lpccall.obj
 0001:0001002c       ?BaseBind@LRPC_BIND_CCALL@@QAAJHKH_KH@Z 1001102c f   rpcmtrt:lpccall.obj
 0001:000100c4       ?Bind@LRPC_BIND_CCALL@@UAAJHKH@Z 100110c4 f   rpcmtrt:lpccall.obj
 0001:000100f0       ?NotifyBHStateChange@LRPC_BIND_CCALL@@QAAJW4tagLrpcBHStates@@PAPAVLRPC_CASSOCIATION@@@Z 100110f0 f   rpcmtrt:lpccall.obj
 0001:00010224       ?ActualCancelCall@LRPC_BIND_CCALL@@MAAXW4tagLrpcCallStates@@PAVLRPC_CASSOCIATION@@PAVLRPC_BASE_BINDING_HANDLE@@PAVLRPC_FAST_CAUSAL_FLOW@@@Z 10011224 f   rpcmtrt:lpccall.obj
 0001:0001038c       ??1LRPC_CCALL@@UAA@XZ      1001138c f   rpcmtrt:lpccall.obj
 0001:000103c8       ?IsSyncCall@MESSAGE_OBJECT@@UAAHXZ 100113c8 f i rpcmtrt:lpccall.obj
 0001:000103d0       ?SetAsyncHandle@CALL@@UAAJPAU_RPC_ASYNC_STATE@@@Z 100113d0 f i rpcmtrt:lpccall.obj
 0001:00010418       ?GetBindingHandle@LRPC_BASE_CCALL@@UAAPAXXZ 10011418 f i rpcmtrt:lpccall.obj
 0001:00010420       ?FreeObject@LRPC_CCALL@@UAAXXZ 10011420 f   rpcmtrt:lpccall.obj
 0001:00010490       ?AbortCall@LRPC_CCALL@@UAAXJ@Z 10011490 f   rpcmtrt:lpccall.obj
 0001:0001051c       ?ActualCancelCall@LRPC_CCALL@@MAAXW4tagLrpcCallStates@@PAVLRPC_CASSOCIATION@@PAVLRPC_BASE_BINDING_HANDLE@@PAVLRPC_FAST_CAUSAL_FLOW@@@Z 1001151c f   rpcmtrt:lpccall.obj
 0001:00010568       ?RetryCall@LRPC_CCALL@@AAAJXZ 10011568 f   rpcmtrt:lpccall.obj
 0001:00010658       ?NotifyPreStateChange@LRPC_CCALL@@EAAXW4tagLrpcCallStates@@@Z 10011658 f   rpcmtrt:lpccall.obj
 0001:000106fc       ?HandleSendReceiveFailure@LRPC_CCALL@@EAAJJ@Z 100116fc f   rpcmtrt:lpccall.obj
 0001:00010818       ?HandleReinitSecurityAttributes@LRPC_CCALL@@EAAJPAVRPCP_ALPC_SECURITY_ATTR@@@Z 10011818 f   rpcmtrt:lpccall.obj
 0001:00010900       ?PrepareCallForCaching@LRPC_CCALL@@EAAHXZ 10011900 f   rpcmtrt:lpccall.obj
 0001:000109e8       ?Send@LRPC_CCALL_AVRF@@UAAJPAU_RPC_MESSAGE@@@Z 100119e8 f   rpcmtrt:lpccall.obj
 0001:00010a24       ?GetBuffer@LRPC_CCALL_AVRF@@UAAJPAU_RPC_MESSAGE@@PAU_GUID@@@Z 10011a24 f   rpcmtrt:lpccall.obj
 0001:00010a94       ??_GLRPC_C_OUT_SENT_PIPE_BUFFER_INFO@@UAAPAXI@Z 10011a94 f i rpcmtrt:lpccall.obj
 0001:00010a94       ??_ELRPC_C_OUT_SENT_PIPE_BUFFER_INFO@@UAAPAXI@Z 10011a94 f i rpcmtrt:lpccall.obj
 0001:00010abc       ??0LRPC_BASE_CCALL@@QAA@PAJPAVLRPC_BASE_BINDING_HANDLE@@PAVLRPC_CASSOCIATION@@HHK@Z 10011abc f   rpcmtrt:lpccall.obj
 0001:00010c34       ?SendReceive@LRPC_BASE_CCALL@@UAAJPAU_RPC_MESSAGE@@@Z 10011c34 f   rpcmtrt:lpccall.obj
 0001:00010dd4       ?FreeBuffer@LRPC_BASE_CCALL@@UAAXPAU_RPC_MESSAGE@@@Z 10011dd4 f   rpcmtrt:lpccall.obj
 0001:00010f04       ?AlpcPipeSend@LRPC_BASE_CCALL@@QAAJPAU_LRPC_REQUEST_MESSAGE@@PAX1KK_KHHHPAVLRPC_PIPE_CHUNK_SEND_CONTEXT@@@Z 10011f04 f   rpcmtrt:lpccall.obj
 0001:00011064       ?UnpackPipeChunk@LRPC_BASE_CCALL@@IAAJPAU_LRPC_REQUEST_MESSAGE@@PAXKPAVLRPC_PIPE_CHUNK_SEND_CONTEXT@@@Z 10012064 f   rpcmtrt:lpccall.obj
 0001:000112bc       ?AckAndFreePipeBuffers@LRPC_BASE_CCALL@@IAAJPAU_LIST_ENTRY@@@Z 100122bc f   rpcmtrt:lpccall.obj
 0001:00011400       ??0LRPC_BIND_CCALL@@QAA@PAJPAVLRPC_BASE_BINDING_HANDLE@@PAVLRPC_CASSOCIATION@@HHKPAU_RPC_CLIENT_INTERFACE@@@Z 10012400 f   rpcmtrt:lpccall.obj
 0001:0001146c       ??0LRPC_CCALL@@QAA@PAJPAVLRPC_BINDING_HANDLE@@PAVLRPC_CASSOCIATION@@HHKPAU_RPC_CLIENT_INTERFACE@@PAVLRPC_CAUSAL_FLOW@@@Z 1001246c f   rpcmtrt:lpccall.obj
 0001:00011584       ??_ELRPC_CCALL@@UAAPAXI@Z  10012584 f i rpcmtrt:lpccall.obj
 0001:00011584       ??_GLRPC_CCALL@@UAAPAXI@Z  10012584 f i rpcmtrt:lpccall.obj
 0001:000115a8       ?SendReceive@LRPC_CCALL@@UAAJPAU_RPC_MESSAGE@@@Z 100125a8 f   rpcmtrt:lpccall.obj
 0001:000115c4       ?SendReceive@LRPC_CCALL_AVRF@@UAAJPAU_RPC_MESSAGE@@@Z 100125c4 f   rpcmtrt:lpccall.obj
 0001:00011624       ?KillPipe@LRPC_BASE_CCALL@@QAAXJH@Z 10012624 f   rpcmtrt:lpccall.obj
 0001:00011a2c       ?AsyncPipeReceive@LRPC_BASE_CCALL@@IAAJPAU_RPC_MESSAGE@@I@Z 10012a2c f   rpcmtrt:lpccall.obj
 0001:00011c9c       ?ReallocPipeBuffer@LRPC_BASE_CCALL@@UAAJPAU_RPC_MESSAGE@@I@Z 10012c9c f   rpcmtrt:lpccall.obj
 0001:00011e1c       ?AsyncReceive@LRPC_BASE_CCALL@@UAAJPAU_RPC_MESSAGE@@I@Z 10012e1c f   rpcmtrt:lpccall.obj
 0001:00011f80       ?CancelAsyncCall@LRPC_BASE_CCALL@@UAAJH@Z 10012f80 f   rpcmtrt:lpccall.obj
 0001:00012058       ?HandleReply@LRPC_BASE_CCALL@@UAAHJPAU_LRPC_PACKET_HEADER@@PAVRPCP_ALPC_MESSAGE_ATTRIBUTES@@@Z 10013058 f   rpcmtrt:lpccall.obj
 0001:0001223c       ?HandleCancelMessage@LRPC_BASE_CCALL@@UAAXH@Z 1001323c f   rpcmtrt:lpccall.obj
 0001:000122e0       ?DoAsyncSend@LRPC_BASE_CCALL@@IAAJH@Z 100132e0 f   rpcmtrt:lpccall.obj
 0001:000127c4       ?HandlePipeAck@LRPC_BASE_CCALL@@QAAXPAU_LRPC_PACKET_HEADER@@PAVRPCP_ALPC_MESSAGE_ATTRIBUTES@@PAVLRPC_PIPE_CHUNK_SEND_CONTEXT@@@Z 100137c4 f   rpcmtrt:lpccall.obj
 0001:00012978       ?HandlePipeChunk@LRPC_BASE_CCALL@@QAAXJPAU_PORT_MESSAGE@@PAVRPCP_ALPC_MESSAGE_ATTRIBUTES@@PAVLRPC_PIPE_CHUNK_SEND_CONTEXT@@@Z 10013978 f   rpcmtrt:lpccall.obj
 0001:00012c7c       ?HandlePipePull@LRPC_BASE_CCALL@@QAAXPAU_PORT_MESSAGE@@PAVRPCP_ALPC_MESSAGE_ATTRIBUTES@@PAVLRPC_PIPE_CHUNK_SEND_CONTEXT@@@Z 10013c7c f   rpcmtrt:lpccall.obj
 0001:00012d48       ?HandlePipeFault@LRPC_BASE_CCALL@@QAAXJPAU_PORT_MESSAGE@@PAVRPCP_ALPC_MESSAGE_ATTRIBUTES@@PAVLRPC_PIPE_CHUNK_SEND_CONTEXT@@@Z 10013d48 f   rpcmtrt:lpccall.obj
 0001:00012eb8       ?HandleReply@LRPC_BIND_CCALL@@UAAHJPAU_LRPC_PACKET_HEADER@@PAVRPCP_ALPC_MESSAGE_ATTRIBUTES@@@Z 10013eb8 f   rpcmtrt:lpccall.obj
 0001:00012fc4       ?AsyncSend@LRPC_CCALL@@UAAJPAU_RPC_MESSAGE@@@Z 10013fc4 f   rpcmtrt:lpccall.obj
 0001:00013134       ?CallBound@LRPC_CCALL@@UAAJH@Z 10014134 f   rpcmtrt:lpccall.obj
 0001:000131c4       ?HandleReply@LRPC_CCALL@@UAAHJPAU_LRPC_PACKET_HEADER@@PAVRPCP_ALPC_MESSAGE_ATTRIBUTES@@@Z 100141c4 f   rpcmtrt:lpccall.obj
 0001:000131f4       ?AsyncSend@LRPC_CCALL_AVRF@@UAAJPAU_RPC_MESSAGE@@@Z 100141f4 f   rpcmtrt:lpccall.obj
 0001:00013230       ?Link@MTMLinkSymmetric@@QAAHPAV1@@Z 10014230 f i rpcmtrt:hndlsvr.obj
 0001:00013298       ?SameEndpointAndProtocolSequence@RPC_ADDRESS@@QAAHPAG00@Z 10014298 f i rpcmtrt:hndlsvr.obj
 0001:00013330       ?_Lock@CSpinLock@@AAAXXZ   10014330 f i rpcmtrt:hndlsvr.obj
 0001:0001336c       ?Lock@CSpinLock@@QAAXXZ    1001436c f i rpcmtrt:hndlsvr.obj
 0001:000133c4       ?MatchSyntaxIdentifiers@@YAIPAU_RPC_SYNTAX_IDENTIFIER@@0@Z 100143c4 f   rpcmtrt:hndlsvr.obj
 0001:00013410       ?SelectTransferSyntax@RPC_INTERFACE@@QAAIPAU_RPC_SYNTAX_IDENTIFIER@@I0PAH11@Z 10014410 f   rpcmtrt:hndlsvr.obj
 0001:00013584       ?GetSelectedTransferSyntaxAndDispatchTable@RPC_INTERFACE@@QAAXHPAPAU_RPC_SYNTAX_IDENTIFIER@@PAPAURPC_DISPATCH_TABLE@@@Z 10014584 f   rpcmtrt:hndlsvr.obj
 0001:000135e0       ?UpdateRpcInterfaceInformation@RPC_INTERFACE@@QAAJPAU_RPC_SERVER_INTERFACE@@IIIP6AJPAX1@Z@Z 100145e0 f   rpcmtrt:hndlsvr.obj
 0001:000136cc       ?InquireInterfaceId@RPC_INTERFACE@@QAAPAU_RPC_IF_ID@@XZ 100146cc f   rpcmtrt:hndlsvr.obj
 0001:0001372c       ??1SecurityCacheEntry@@QAA@XZ 1001472c f   rpcmtrt:hndlsvr.obj
 0001:0001374c       ?InitializeProcCount@SecurityCacheEntry@@QAAJK@Z 1001474c f   rpcmtrt:hndlsvr.obj
 0001:000137bc       ??0HashedSecurityCacheEntry@@QAA@PAU_LUID@@@Z 100147bc f   rpcmtrt:hndlsvr.obj
 0001:000137fc       ?ExtractKey@HashedSecurityCacheEntry@@SA?BKPBX@Z 100147fc f   rpcmtrt:hndlsvr.obj
 0001:00013804       ?CalcKeyHash@HashedSecurityCacheEntry@@SAKK@Z 10014804 f   rpcmtrt:hndlsvr.obj
 0001:0001380c       ?EqualKeys@HashedSecurityCacheEntry@@SA_NKK@Z 1001480c f   rpcmtrt:hndlsvr.obj
 0001:00013838       ??0RPC_SERVER@@QAA@PAJ@Z   10014838 f   rpcmtrt:hndlsvr.obj
 0001:000138d0       ?FindInterface@RPC_SERVER@@QAAPAVRPC_INTERFACE@@PAU_RPC_SERVER_INTERFACE@@@Z 100148d0 f   rpcmtrt:hndlsvr.obj
 0001:00013954       ?InquireStatistics@RPC_SERVER@@QAAXPAURPC_STATS_VECTOR@@@Z 10014954 f   rpcmtrt:hndlsvr.obj
 0001:00013978       ?StopServerListening@RPC_SERVER@@QAAJXZ 10014978 f   rpcmtrt:hndlsvr.obj
 0001:000139b0       ??0RPC_ADDRESS@@IAA@XZ     100149b0 f   rpcmtrt:hndlsvr.obj
 0001:00013a04       ??1RPC_ADDRESS@@UAA@XZ     10014a04 f   rpcmtrt:hndlsvr.obj
 0001:00013a4c       ?GetListNetworkAddress@RPC_ADDRESS@@QAAPAGI@Z 10014a4c f   rpcmtrt:hndlsvr.obj
 0001:00013a90       ?EquaivalentDynamicEndpoint@RPC_ADDRESS@@QAAJPAG0PAU_SECURITY_DESCRIPTOR@@KPAH@Z 10014a90 f   rpcmtrt:hndlsvr.obj
 0001:00013b3c       ?InqNumberOfActiveCalls@RPC_ADDRESS@@UAAJXZ 10014b3c f   rpcmtrt:hndlsvr.obj
 0001:00013b44       ?UpdateTargetResource@@YAGPCJG@Z 10014b44 f   rpcmtrt:hndlsvr.obj
 0001:00013bd4       ?AcquireDeadlockProtection@@YAHHPCJ0@Z 10014bd4 f   rpcmtrt:hndlsvr.obj
 0001:00013c18       ?ReleaseDeadlockProtection@@YAXPCJ@Z 10014c18 f   rpcmtrt:hndlsvr.obj
 0001:00013c68       ?IssueNotification@SCALL@@UAAHW4_RPC_ASYNC_EVENT@@@Z 10014c68 f   rpcmtrt:hndlsvr.obj
 0001:00013c9c       ?SetTransportOption@SCALL@@UAAXKK@Z 10014c9c f   rpcmtrt:hndlsvr.obj
 0001:00013ca0       ?IssueCallStatusChangeNotification@SCALL@@IAAHW4_RPC_ASYNC_EVENT@@@Z 10014ca0 f   rpcmtrt:hndlsvr.obj
 0001:00013d94       ??0ASSOCIATION_HANDLE@@IAA@XZ 10014d94 f   rpcmtrt:hndlsvr.obj
 0001:00013dd0       ?GetAssociationContextCollection@ASSOCIATION_HANDLE@@QAAJPAPAVContextCollection@@@Z 10014dd0 f   rpcmtrt:hndlsvr.obj
 0001:00013e08       ?FireRundown@ASSOCIATION_HANDLE@@QAAXXZ 10014e08 f   rpcmtrt:hndlsvr.obj
 0001:00013e58       ?DestroyContextHandlesForInterface@ASSOCIATION_HANDLE@@QAAXPAU_RPC_SERVER_INTERFACE@@H@Z 10014e58 f   rpcmtrt:hndlsvr.obj
 0001:00013e7c       ?BlockForcedRundown@ASSOCIATION_HANDLE@@QAAXXZ 10014e7c f   rpcmtrt:hndlsvr.obj
 0001:00013e94       ?InitializeServerDLL@@YAHXZ 10014e94 f   rpcmtrt:hndlsvr.obj
 0001:00013ed8       ?DeInitializeServerDLL@@YAHXZ 10014ed8 f   rpcmtrt:hndlsvr.obj
 0001:00013eec       ??0FrontedHashTable@@QAA@P6A?BKPBX@ZP6AKK@ZP6A_NKK@ZP6AX0H@Z@Z 10014eec f i rpcmtrt:hndlsvr.obj
 0001:00013f98       ??0RPC_INTERFACE@@QAA@PAU_RPC_SERVER_INTERFACE@@PAVRPC_SERVER@@IIIP6AJPAX2@ZPAJ@Z 10014f98 f   rpcmtrt:hndlsvr.obj
 0001:00014054       ?FindInterfaceManager@RPC_INTERFACE@@QAAPAVRPC_INTERFACE_MANAGER@@PAVRPC_UUID@@@Z 10015054 f   rpcmtrt:hndlsvr.obj
 0001:000140ac       ?EndCall@RPC_INTERFACE@@QAAXIH@Z 100150ac f   rpcmtrt:hndlsvr.obj
 0001:000140f8       ?UnregisterManagerEpv@RPC_INTERFACE@@QAAJPAVRPC_UUID@@I@Z 100150f8 f   rpcmtrt:hndlsvr.obj
 0001:000142bc       ?DoSecurityCallbackHelper@RPC_INTERFACE@@QAAJPAXPAH@Z 100152bc f   rpcmtrt:hndlsvr.obj
 0001:00014434       ?WaitForCalls@RPC_INTERFACE@@QAAXPAVRPC_UUID@@@Z 10015434 f   rpcmtrt:hndlsvr.obj
 0001:000144f8       ?FindInterfaceTransfer@RPC_SERVER@@QAAJPAU_RPC_SYNTAX_IDENTIFIER@@0I0PAPAVRPC_INTERFACE@@PAH22@Z 100154f8 f   rpcmtrt:hndlsvr.obj
 0001:00014654       ?WaitForStopServerListening@RPC_SERVER@@QAAJXZ 10015654 f   rpcmtrt:hndlsvr.obj
 0001:00014740       ?WaitServerListen@RPC_SERVER@@QAAJXZ 10015740 f   rpcmtrt:hndlsvr.obj
 0001:0001479c       ?UnregisterIf@RPC_SERVER@@QAAJPAU_RPC_SERVER_INTERFACE@@PAVRPC_UUID@@I@Z 1001579c f   rpcmtrt:hndlsvr.obj
 0001:000148f0       ?BaseCachedThreadRoutine@@YAXPAVCACHED_THREAD@@@Z 100158f0 f   rpcmtrt:hndlsvr.obj
 0001:00014a0c       ?CreateThread@RPC_SERVER@@QAAJP6AHPAX@Z0@Z 10015a0c f   rpcmtrt:hndlsvr.obj
 0001:00014b58       ?InquireInterfaceIds@RPC_SERVER@@QAAJPAPAURPC_IF_ID_VECTOR@@@Z 10015b58 f   rpcmtrt:hndlsvr.obj
 0001:00014c54       ?InquirePrincipalName@RPC_SERVER@@QAAJKPAPAG@Z 10015c54 f   rpcmtrt:hndlsvr.obj
 0001:00014ce0       ?UnregisterEndpoint@RPC_SERVER@@QAAJPAG0@Z 10015ce0 f   rpcmtrt:hndlsvr.obj
 0001:00014d80       ?FindInterfaceTransfer@RPC_ADDRESS@@QAAJPAU_RPC_SYNTAX_IDENTIFIER@@0I0PAPAVRPC_INTERFACE@@PAH22@Z 10015d80 f   rpcmtrt:hndlsvr.obj
 0001:00014dc8       ?InquireBinding@RPC_ADDRESS@@QAAPAVBINDING_HANDLE@@PAG@Z 10015dc8 f   rpcmtrt:hndlsvr.obj
 0001:00014edc       ?CompleteAsyncSecurityCallback@SCALL@@QAAXJ@Z 10015edc f   rpcmtrt:hndlsvr.obj
 0001:00014fac       ?AddToActiveContextHandles@SCALL@@QAAJPAVServerContextHandle@@@Z 10015fac f   rpcmtrt:hndlsvr.obj
 0001:00015054       ?RemoveFromActiveContextHandles@SCALL@@QAAPAVServerContextHandle@@PAV2@@Z 10016054 f   rpcmtrt:hndlsvr.obj
 0001:0001509c       ?DoPostDispatchProcessing@SCALL@@QAAXXZ 1001609c f   rpcmtrt:hndlsvr.obj
 0001:00015120       ??1ASSOCIATION_HANDLE@@UAA@XZ 10016120 f   rpcmtrt:hndlsvr.obj
 0001:0001513c       ?CeUnregisterEndpoint@@YAJPAG0@Z 1001613c f   rpcmtrt:hndlsvr.obj
 0001:0001516c       ?RegisterTypeManager@RPC_INTERFACE@@QAAJPAVRPC_UUID@@PAX@Z 1001616c f   rpcmtrt:hndlsvr.obj
 0001:000152d0       ?DispatchToStubWorker@RPC_INTERFACE@@AAAJPAU_RPC_MESSAGE@@IHPAJ@Z 100162d0 f   rpcmtrt:hndlsvr.obj
 0001:000156e8       ?CheckForCachedSuccess@RPC_INTERFACE@@QAAHPAVSCALL@@PAVSecurityCacheEntry@@@Z 100166e8 f   rpcmtrt:hndlsvr.obj
 0001:0001575c       ?DoCacheSuccess@RPC_INTERFACE@@QAAXPAVSCALL@@PAVSecurityCacheEntry@@@Z 1001675c f   rpcmtrt:hndlsvr.obj
 0001:000157cc       ?UpdateRefCount@HashedSecurityCacheEntry@@SAXPBXH@Z 100167cc f   rpcmtrt:hndlsvr.obj
 0001:000157d8       ?ServerListen@RPC_SERVER@@QAAJIII@Z 100167d8 f   rpcmtrt:hndlsvr.obj
 0001:000158ec       ?UseRpcProtocolSequence@RPC_SERVER@@QAAJPAG0I0PAXKKPAPAGHPAVMTMLinkSymmetric@@@Z 100168ec f   rpcmtrt:hndlsvr.obj
 0001:00015ed4       ?InquireBindings@RPC_SERVER@@QAAJPAPAU_RPC_BINDING_VECTOR@@@Z 10016ed4 f   rpcmtrt:hndlsvr.obj
 0001:0001604c       ?FindOrCreateInterfaceInternal@RPC_SERVER@@AAAPAVRPC_INTERFACE@@PAU_RPC_SERVER_INTERFACE@@IIIP6AJPAX1@ZPAJPAH@Z 1001704c f   rpcmtrt:hndlsvr.obj
 0001:000162a8       ?AllocateCacheAlignedTable@RPC_INTERFACE@@AAAPAVFrontedHashTable@@XZ 100172a8 f   rpcmtrt:hndlsvr.obj
 0001:0001632c       ?CreateSecurityEntryHashTable@RPC_INTERFACE@@AAAPAVFrontedHashTable@@XZ 1001732c f   rpcmtrt:hndlsvr.obj
 0001:00016378       ?DispatchToStub@RPC_INTERFACE@@QAAJPAU_RPC_MESSAGE@@IHPAJ@Z 10017378 f   rpcmtrt:hndlsvr.obj
 0001:000164dc       ?DispatchToStubWithObject@RPC_INTERFACE@@QAAJPAU_RPC_MESSAGE@@PAVRPC_UUID@@IHPAJ@Z 100174dc f   rpcmtrt:hndlsvr.obj
 0001:00016608       ?DoSyncSecurityCallback@RPC_INTERFACE@@QAAJPAX@Z 10017608 f   rpcmtrt:hndlsvr.obj
 0001:0001671c       ?DoAsyncSecurityCallback@RPC_INTERFACE@@QAAJPAX@Z 1001771c f   rpcmtrt:hndlsvr.obj
 0001:0001684c       ?RegisterInterface@RPC_SERVER@@QAAJPAU_RPC_SERVER_INTERFACE@@PAVRPC_UUID@@PAXIIIP6AJ22@Z@Z 1001784c f   rpcmtrt:hndlsvr.obj
 0001:000169c8       ?InitializePipeAck@@YAXPAU_PORT_MESSAGE@@K_K1H@Z 100179c8 f   rpcmtrt:lpcpipe.obj
 0001:00016a24       ?KillPipe@LRPC_PIPE_ERROR_INFO@@QAAXJPAUtagExtendedErrorInfo@@H@Z 10017a24 f   rpcmtrt:lpcpipe.obj
 0001:00016aac       ?ResetSenderState@LRPC_PIPE_SENDER@@QAAXXZ 10017aac f   rpcmtrt:lpcpipe.obj
 0001:00016aec       ?KillPipe@LRPC_PIPE_SENDER@@UAAXJHPAHPAPAVLRPC_SEND_PIPE_BUFFER_DESCRIPTOR@@PAU_LIST_ENTRY@@@Z 10017aec f   rpcmtrt:lpcpipe.obj
 0001:00016c28       ?CanSendThisBuffer@LRPC_PIPE_SENDER@@MAAHK@Z 10017c28 f   rpcmtrt:lpcpipe.obj
 0001:00016c60       ?PreinitRequestAlpcHeaders@LRPC_PIPE_SENDER@@EAAXPAU_LRPC_REQUEST_MESSAGE@@@Z 10017c60 f   rpcmtrt:lpcpipe.obj
 0001:00016c70       ?HandlePipeAckBuffer@LRPC_PIPE_SENDER@@EAAJPAU_LRPC_PIPE_ACK@@@Z 10017c70 f   rpcmtrt:lpcpipe.obj
 0001:00016c78       ?IsClientSender@LRPC_PIPE_SENDER@@EAAHXZ 10017c78 f   rpcmtrt:lpcpipe.obj
 0001:00016c80       ?KillPipe@LRPC_SERVER_PIPE_SENDER@@UAAXJHPAHPAPAVLRPC_SEND_PIPE_BUFFER_DESCRIPTOR@@PAU_LIST_ENTRY@@@Z 10017c80 f   rpcmtrt:lpcpipe.obj
 0001:00016cd8       ?CanSendThisBuffer@LRPC_SERVER_PIPE_SENDER@@EAAHK@Z 10017cd8 f   rpcmtrt:lpcpipe.obj
 0001:00016d0c       ?PreinitRequestAlpcHeaders@LRPC_SERVER_PIPE_SENDER@@EAAXPAU_LRPC_REQUEST_MESSAGE@@@Z 10017d0c f   rpcmtrt:lpcpipe.obj
 0001:00016d68       ?HandlePipeAckBuffer@LRPC_SERVER_PIPE_SENDER@@EAAJPAU_LRPC_PIPE_ACK@@@Z 10017d68 f   rpcmtrt:lpcpipe.obj
 0001:00016d98       ?IsClientSender@LRPC_SERVER_PIPE_SENDER@@EAAHXZ 10017d98 f   rpcmtrt:lpcpipe.obj
 0001:00016da0       ?ReclaimReceivedBuffer@LRPC_PIPE_RECEIVER@@QAAX_K@Z 10017da0 f   rpcmtrt:lpcpipe.obj
 0001:00016dfc       ?IsClientReceiver@LRPC_PIPE_RECEIVER@@EAAHXZ 10017dfc f   rpcmtrt:lpcpipe.obj
 0001:00016e04       ?UpdateSequentialSegment@LRPC_PIPE_RECEIVER@@AAAXPAVLRPC_RECV_PIPE_BUFFER_DESCRIPTOR@@@Z 10017e04 f   rpcmtrt:lpcpipe.obj
 0001:00016ea4       ?KillPipe@LRPC_PIPE_RECEIVER@@UAAXJHPAHPAU_LIST_ENTRY@@@Z 10017ea4 f   rpcmtrt:lpcpipe.obj
 0001:00016f30       ?IsClientReceiver@LRPC_CLIENT_PIPE_RECEIVER@@UAAHXZ 10017f30 f   rpcmtrt:lpcpipe.obj
 0001:00016f38       ?KillPipe@LRPC_C_OUT_PIPE@@QAAXJHPAVLRPC_C_KILL_PIPE_OUTPUT@@@Z 10017f38 f   rpcmtrt:lpcpipe.obj
 0001:00016f80       ?RequestBufferSend@LRPC_PIPE_SENDER@@QAAJPAU_LRPC_REQUEST_MESSAGE@@PAX1KKH1PA_KPAPAVLRPC_SENT_PIPE_BUFFER_INFO@@@Z 10017f80 f   rpcmtrt:lpcpipe.obj
 0001:00017164       ?PipeAckReceived@LRPC_PIPE_SENDER@@QAAJPAU_LRPC_PIPE_ACK@@PAVLRPC_PIPE_CHUNK_SEND_CONTEXT@@PAPAVLRPC_SEND_PIPE_BUFFER_DESCRIPTOR@@PAPAVLRPC_SENT_PIPE_BUFFER_INFO@@PA_KPAH@Z 10018164 f   rpcmtrt:lpcpipe.obj
 0001:0001741c       ?AllocateSentPipeChunkInfo@LRPC_SERVER_PIPE_SENDER@@EAAPAVLRPC_SENT_PIPE_BUFFER_INFO@@_KKPAX@Z 1001841c f   rpcmtrt:lpcpipe.obj
 0001:00017490       ?RequestBufferReceived@LRPC_PIPE_RECEIVER@@QAAJPAU_LRPC_REQUEST_MESSAGE@@PAXKPAU_PORT_MESSAGE@@PAH3@Z 10018490 f   rpcmtrt:lpcpipe.obj
 0001:00017730       ?PullData@LRPC_PIPE_RECEIVER@@QAAJKPAKPAPAX0PAHPAU_LIST_ENTRY@@@Z 10018730 f   rpcmtrt:lpcpipe.obj
 0001:00017968       ??1LRPC_C_IN_OUT_PIPE@@QAA@XZ 10018968 f   rpcmtrt:lpcpipe.obj
 0001:000179ac       ?KillPipe@LRPC_C_IN_PIPE@@QAAXJHPAVLRPC_C_KILL_PIPE_OUTPUT@@@Z 100189ac f   rpcmtrt:lpcpipe.obj
 0001:00017a58       ??0LRPC_C_IN_SENT_PIPE_BUFFER_INFO@@QAA@_KKPAX@Z 10018a58 f i rpcmtrt:lpcpipe.obj
 0001:00017ad0       ??_ELRPC_C_IN_SENT_PIPE_BUFFER_INFO@@UAAPAXI@Z 10018ad0 f i rpcmtrt:lpcpipe.obj
 0001:00017ad0       ??_GLRPC_C_IN_SENT_PIPE_BUFFER_INFO@@UAAPAXI@Z 10018ad0 f i rpcmtrt:lpcpipe.obj
 0001:00017af8       ??_GLRPC_S_OUT_SENT_PIPE_BUFFER_INFO@@UAAPAXI@Z 10018af8 f i rpcmtrt:lpcpipe.obj
 0001:00017af8       ??_ELRPC_S_OUT_SENT_PIPE_BUFFER_INFO@@UAAPAXI@Z 10018af8 f i rpcmtrt:lpcpipe.obj
 0001:00017b1c       ?AllocateSentPipeChunkInfo@LRPC_PIPE_SENDER@@EAAPAVLRPC_SENT_PIPE_BUFFER_INFO@@_KKPAX@Z 10018b1c f   rpcmtrt:lpcpipe.obj
 0001:00017b74       ?KillPipe@LRPC_C_IN_OUT_PIPE@@QAAXJPAUtagExtendedErrorInfo@@HPAVLRPC_C_KILL_PIPE_OUTPUT@@@Z 10018b74 f   rpcmtrt:lpcpipe.obj
 0001:00017c7c       ?ReinitSync@LRPC_CLIENT_IO@@QAAXXZ 10018c7c f i rpcmtrt:lpcassoc.obj
 0001:00017cc0       ?ReinitAsync@LRPC_CLIENT_IO@@QAAXP6AXPAX@Z0@Z 10018cc0 f i rpcmtrt:lpcassoc.obj
 0001:00017d0c       ?RetryBrokenFlowAck@LRPC_BASE_CCALL@@QAAHXZ 10018d0c f i rpcmtrt:lpcassoc.obj
 0001:00017d4c       ?LrpcRetryConnectFromThunk@@YAJPAVCLIENT_IO_PROVIDER@@PAVLRPC_CLIENT_IO@@PAVLRPC_BASE_RETRY_THUNK@@@Z 10018d4c f   rpcmtrt:lpcassoc.obj
 0001:00017db8       ?CheckForSpaceInCache@LRPC_VIEW_CACHE_BASE@@IAAHK@Z 10018db8 f   rpcmtrt:lpcassoc.obj
 0001:00017df8       ?LockUnlockAssociation@@YAXHPAX@Z 10018df8 f   rpcmtrt:lpcassoc.obj
 0001:00017e20       ?LockUnlockAssociationConnectParameters@@YAXHPAX@Z 10018e20 f   rpcmtrt:lpcassoc.obj
 0001:00017e48       ?VerifySid@LRPC_CASSOCIATION@@QAAJPAVLRPC_CLIENT_IO@@HKPAVLPC_NORMALIZED_SID@@@Z 10018e48 f   rpcmtrt:lpcassoc.obj
 0001:00017e50       ?AllocateCall@LRPC_CASSOCIATION@@QAAJPAU_RPC_MESSAGE@@KPAVLRPC_BINDING_HANDLE@@PAVLRPC_CAUSAL_FLOW@@PAPAVLRPC_CCALL@@@Z 10018e50 f   rpcmtrt:lpcassoc.obj
 0001:00017f7c       ?UnpickleEEInfoFromFault@LRPC_CASSOCIATION@@QAAPAUtagExtendedErrorInfo@@PAU_LRPC_FAULT_MESSAGE@@@Z 10018f7c f   rpcmtrt:lpcassoc.obj
 0001:00017fd4       ?SafeReferenceFromDictionary@LRPC_CASSOCIATION@@CAPAV1@PAVHANDLE_TABLE_VERIFIER@@@Z 10018fd4 f   rpcmtrt:lpcassoc.obj
 0001:00018034       ?RemovePortClosedReference@LRPC_CASSOCIATION@@AAAXXZ 10019034 f   rpcmtrt:lpcassoc.obj
 0001:00018084       ?GetErrorClass@LRPC_CASSOCIATION@@SA?AVLRPC_ERROR_CLASS@@J@Z 10019084 f   rpcmtrt:lpcassoc.obj
 0001:000180d0       ?OpenSecurityContext@LRPC_CASSOCIATION@@QAAJW4tagLrpcIdentityTracking@@W4tagLrpcImpersonationType@@HPAVLRPC_C_SECURITY_CONTEXT@@PAX@Z 100190d0 f   rpcmtrt:lpcassoc.obj
 0001:000180d8       ?CloseSecurityContext@LRPC_CASSOCIATION@@QAAXPAVLRPC_C_SECURITY_CONTEXT@@@Z 100190d8 f   rpcmtrt:lpcassoc.obj
 0001:000180dc       ?AlpcCancelMessage@LRPC_CASSOCIATION@@QAA?AW4_LrpcCancelResult@@PAVRPCP_ALPC_MESSAGE_ATTRIBUTES@@@Z 100190dc f   rpcmtrt:lpcassoc.obj
 0001:000181bc       ?AlpcSendCancelMessage@LRPC_CASSOCIATION@@QAAXK@Z 100191bc f   rpcmtrt:lpcassoc.obj
 0001:00018240       ?FindActiveCall@LRPC_CASSOCIATION@@AAAPAVLRPC_BASE_CCALL@@K@Z 10019240 f   rpcmtrt:lpcassoc.obj
 0001:00018288       ??_ELRPC_CCALL_AVRF@@UAAPAXI@Z 10019288 f i rpcmtrt:lpcassoc.obj
 0001:00018288       ??_GLRPC_CCALL_AVRF@@UAAPAXI@Z 10019288 f i rpcmtrt:lpcassoc.obj
 0001:000182ac       ?IncreaseNumberOfItemsInCache@LRPC_VIEW_CACHE_BASE@@IAAXXZ 100192ac f   rpcmtrt:lpcassoc.obj
 0001:00018334       ??0LRPC_CASSOCIATION@@QAA@PAGW4tagLrpcImpersonationType@@W4tagLrpcIdentityTracking@@HPAJ@Z 10019334 f   rpcmtrt:lpcassoc.obj
 0001:00018480       ?CompleteOnePart@LRPC_CASSOCIATION@@QAAXJJPAVLRPC_CLIENT_IO@@HH@Z 10019480 f   rpcmtrt:lpcassoc.obj
 0001:000185f0       ?CancelConnectOnePart@LRPC_CASSOCIATION@@QAA?AW4tagLrpcCancelCleansing@@XZ 100195f0 f   rpcmtrt:lpcassoc.obj
 0001:00018644       ?AskForReservedMessage@LRPC_CASSOCIATION@@QAAJXZ 10019644 f   rpcmtrt:lpcassoc.obj
 0001:00018714       ?AckCallsWithPendingBrokenFlowAck@LRPC_CASSOCIATION@@QAAXPAU_LRPC_BROKEN_FLOWS_MESSAGE@@PAH@Z 10019714 f   rpcmtrt:lpcassoc.obj
 0001:00018904       ?CleanupBindingsUsedForBind@LRPC_CASSOCIATION@@AAAXHPAPAVLRPC_BINDING@@@Z 10019904 f   rpcmtrt:lpcassoc.obj
 0001:0001896c       ?MessageReceivedWithClosePending@LRPC_CASSOCIATION@@AAAXXZ 1001996c f   rpcmtrt:lpcassoc.obj
 0001:000189bc       ?EnableAsync@LRPC_CASSOCIATION@@AAAJXZ 100199bc f   rpcmtrt:lpcassoc.obj
 0001:00018afc       ?EnableCallbacksIfNecessary@LRPC_CASSOCIATION@@QAAXXZ 10019afc f   rpcmtrt:lpcassoc.obj
 0001:00018b4c       ?LrpcClientHandleBrokenFlowsMessage@@YAXPAXPAU_PORT_MESSAGE@@PAU_LRPC_BROKEN_FLOWS_MESSAGE@@@Z 10019b4c f   rpcmtrt:lpcassoc.obj
 0001:00018b60       ?CompleteBind@LRPC_CASSOCIATION@@QAAJPAU_LRPC_BIND_MESSAGE@@PAUtagLRPC_BIND_DATA@@PAPAVLRPC_BINDING@@@Z 10019b60 f   rpcmtrt:lpcassoc.obj
 0001:00018d90       ?AbortAssociation@LRPC_CASSOCIATION@@QAAXJ@Z 10019d90 f   rpcmtrt:lpcassoc.obj
 0001:00018dd0       ?NotifyAllActiveCalls@LRPC_CASSOCIATION@@AAAXXZ 10019dd0 f   rpcmtrt:lpcassoc.obj
 0001:00018e38       ?SendReservedMessage@LRPC_CASSOCIATION@@AAAXXZ 10019e38 f   rpcmtrt:lpcassoc.obj
 0001:00019434       ??_GREFERENCED_CLIENT_IO@@UAAPAXI@Z 1001a434 f i rpcmtrt:lpcassoc.obj
 0001:00019434       ??_EREFERENCED_CLIENT_IO@@UAAPAXI@Z 1001a434 f i rpcmtrt:lpcassoc.obj
 0001:0001947c       ?InsertView@LRPC_VIEW_CACHE_BASE@@IAAXPAVLRPC_CACHED_VIEW_BASE@@K@Z 1001a47c f   rpcmtrt:lpcassoc.obj
 0001:000194f0       ?InsertView@LRPC_VIEW_CACHE@@QAAHPAX0K@Z 1001a4f0 f   rpcmtrt:lpcassoc.obj
 0001:00019610       ?GetView@LRPC_VIEW_CACHE@@QAAHKPAPAX0PAK@Z 1001a610 f   rpcmtrt:lpcassoc.obj
 0001:00019794       ?CancelConnect@@YA?AW4tagLrpcCancelCleansing@@PAVCLIENT_IO_PROVIDER@@@Z 1001a794 f   rpcmtrt:lpcassoc.obj
 0001:0001979c       ?ContinueAlpcConnectAfterSidNormalize@LRPC_CASSOCIATION@@QAAXXZ 1001a79c f   rpcmtrt:lpcassoc.obj
 0001:000198d8       ?LrpcRetryAlpcConnect@@YAXPAX@Z 1001a8d8 f   rpcmtrt:lpcassoc.obj
 0001:000198e4       ?AlpcConnect@LRPC_CASSOCIATION@@AAAJHKHPAH@Z 1001a8e4 f   rpcmtrt:lpcassoc.obj
 0001:00019de0       ?SendCausalFlowListForCleanup@LRPC_CASSOCIATION@@QAAXPAU_LIST_ENTRY@@@Z 1001ade0 f   rpcmtrt:lpcassoc.obj
 0001:00019e84       ?SignalBrokenPipe@LRPC_CASSOCIATION@@QAAXPAVLRPC_BROKEN_PIPE_DATA@@@Z 1001ae84 f   rpcmtrt:lpcassoc.obj
 0001:00019ec4       ?SignalBrokenFlow@LRPC_CASSOCIATION@@QAAXPAVLRPC_BASE_CCALL@@@Z 1001aec4 f   rpcmtrt:lpcassoc.obj
 0001:00019f5c       ?HandleConnectionClose@LRPC_CASSOCIATION@@AAAXKH@Z 1001af5c f   rpcmtrt:lpcassoc.obj
 0001:00019fec       ?HandleReservedMessageReply@LRPC_CASSOCIATION@@AAAXPAU_PORT_MESSAGE@@@Z 1001afec f   rpcmtrt:lpcassoc.obj
 0001:0001a0bc       ?TriggerCloseClientPort@LRPC_CASSOCIATION@@AAAXXZ 1001b0bc f   rpcmtrt:lpcassoc.obj
 0001:0001a104       ?Bind@LRPC_CASSOCIATION@@QAAJPAU_RPC_CLIENT_INTERFACE@@HPAVRPCP_ALPC_MESSAGE_ATTRIBUTES@@PAVLRPC_BASE_CCALL@@KH_KHPAPAVLRPC_BINDING@@PAUtagLRPC_BIND_DATA@@@Z 1001b104 f   rpcmtrt:lpcassoc.obj
 0001:0001a5c8       ?AlpcAllocateSectionAndView@LRPC_CASSOCIATION@@QAAJKPAPAX0PAK@Z 1001b5c8 f   rpcmtrt:lpcassoc.obj
 0001:0001a644       ?AlpcFreeSectionAndView@LRPC_CASSOCIATION@@QAAXKPAX0H@Z 1001b644 f   rpcmtrt:lpcassoc.obj
 0001:0001a68c       ?FetchViewsForFreeing@LRPC_VIEW_CACHE_BASE@@QAAXHPAU_LIST_ENTRY@@@Z 1001b68c f   rpcmtrt:lpcassoc.obj
 0001:0001a888       ?Connect@LRPC_CASSOCIATION@@QAAJPAVLRPC_CLIENT_IO@@HKPAVLPC_NORMALIZED_SID@@@Z 1001b888 f   rpcmtrt:lpcassoc.obj
 0001:0001ac48       ?RemoveAssociationDictionaryReference@LRPC_CASSOCIATION@@AAAXXZ 1001bc48 f   rpcmtrt:lpcassoc.obj
 0001:0001aca4       ?DropView@LRPC_CASSOCIATION@@QAAXPAU_PORT_MESSAGE@@@Z 1001bca4 f   rpcmtrt:lpcassoc.obj
 0001:0001ad1c       ?TrimCachedViews@LRPC_CASSOCIATION@@AAAXH@Z 1001bd1c f   rpcmtrt:lpcassoc.obj
 0001:0001ad98       ??1LRPC_CASSOCIATION@@UAA@XZ 1001bd98 f   rpcmtrt:lpcassoc.obj
 0001:0001af18       ?RemoveReference@LRPC_CASSOCIATION@@UAAXXZ 1001bf18 f   rpcmtrt:lpcassoc.obj
 0001:0001b188       ?IoCompleted@LRPC_CASSOCIATION@@QAAXPAX@Z 1001c188 f   rpcmtrt:lpcassoc.obj
 0001:0001b5b0       ??1LRPC_CASSOCIATION_AVRF@@UAA@XZ 1001c5b0 f   rpcmtrt:lpcassoc.obj
 0001:0001b5ec       ??_ELRPC_CASSOCIATION_AVRF@@UAAPAXI@Z 1001c5ec f i rpcmtrt:lpcassoc.obj
 0001:0001b5ec       ??_GLRPC_CASSOCIATION_AVRF@@UAAPAXI@Z 1001c5ec f i rpcmtrt:lpcassoc.obj
[...]
 0003:00000080       __imp_GetSystemInfo        1004e080     coredll:COREDLL.dll
 0003:00000084       __imp_LoadLibraryW         1004e084     coredll:COREDLL.dll
 0003:00000088       __imp_GetSystemTimeAsFileTime 1004e088     coredll:COREDLL.dll
 0003:0000008c       __imp_HeapAlloc            1004e08c     coredll:COREDLL.dll
 0003:00000090       __imp_StringCbCopyA        1004e090     coredll:COREDLL.dll
 0003:00000094       __imp_WaitForSingleObject  1004e094     coredll:COREDLL.dll
 0003:00000098       __imp_StringCbCopyW        1004e098     coredll:COREDLL.dll
 0003:0000009c       __imp_CompareStringW       1004e09c     coredll:COREDLL.dll
 0003:000000a0       __imp_VirtualAlloc         1004e0a0     coredll:COREDLL.dll
 0003:000000a4       __imp_VirtualFree          1004e0a4     coredll:COREDLL.dll
 0003:000000a8       __imp_InterlockedExchangeAdd 1004e0a8     coredll:COREDLL.dll
 0003:000000ac       __imp_WideCharToMultiByte  1004e0ac     coredll:COREDLL.dll
 0003:000000b0       __imp_DeviceIoControl      1004e0b0     coredll:COREDLL.dll
 0003:000000b4       __imp_CreateFileW          1004e0b4     coredll:COREDLL.dll
 0003:000000b8       __imp_StopDeviceNotifications 1004e0b8     coredll:COREDLL.dll
 0003:000000bc       __imp_CloseMsgQueue        1004e0bc     coredll:COREDLL.dll
 0003:000000c0       __imp_ReadMsgQueue         1004e0c0     coredll:COREDLL.dll
 0003:000000c4       __imp_RequestDeviceNotifications 1004e0c4     coredll:COREDLL.dll
 0003:000000c8       __imp_CreateMsgQueue       1004e0c8     coredll:COREDLL.dll
 0003:000000cc       __imp_GetUserNameExW       1004e0cc     coredll:COREDLL.dll
 0003:000000d0       __imp_GetExitCodeThread    1004e0d0     coredll:COREDLL.dll
 0003:000000d4       __imp_TerminateProcess     1004e0d4     coredll:COREDLL.dll
 0003:000000d8       __imp__msize               1004e0d8     corelib1:COREDLL.dll
 0003:000000dc       __imp___C_specific_handler 1004e0dc     corelib1:COREDLL.dll
 0003:000000e0       __imp_memcmp               1004e0e0     corelib1:COREDLL.dll
 0003:000000e4       __imp_memcpy               1004e0e4     corelib1:COREDLL.dll
 0003:000000e8       __imp_wcslen               1004e0e8     corelib1:COREDLL.dll
 0003:000000ec       __imp__wcsicmp             1004e0ec     corelib1:COREDLL.dll
 0003:000000f0       __imp_memset               1004e0f0     corelib1:COREDLL.dll
 0003:000000f4       __imp_strlen               1004e0f4     corelib1:COREDLL.dll
 0003:000000f8       __imp___rt_udiv            1004e0f8     corelib1:COREDLL.dll
 0003:000000fc       __imp__wcsnicmp            1004e0fc     corelib1:COREDLL.dll
 0003:00000100       __imp___rt_sdiv            1004e100     corelib1:COREDLL.dll
 0003:00000104       __imp__vsnprintf_s         1004e104     corelib1:COREDLL.dll
 0003:00000108       __imp_??_V@YAXPAX@Z        1004e108     corelib1:COREDLL.dll
 0003:0000010c       __imp_??_U@YAPAXI@Z        1004e10c     corelib1:COREDLL.dll
 0003:00000110       __imp_wcschr               1004e110     corelib1:COREDLL.dll
 0003:00000114       __imp_malloc               1004e114     corelib1:COREDLL.dll
 0003:00000118       __imp_realloc              1004e118     corelib1:COREDLL.dll
 0003:0000011c       __imp_free                 1004e11c     corelib1:COREDLL.dll
 0003:00000120       __imp___security_gen_cookie2 1004e120     corelib1:COREDLL.dll
 0003:00000124       __imp___report_gsfailure   1004e124     corelib1:COREDLL.dll
 0003:00000128       \177COREDLL_NULL_THUNK_DATA 1004e128     coredll:COREDLL.dll
 0003:0000012c       __imp_BCryptGenRandom      1004e12c     bcrypt:bcrypt.dll
 0003:00000130       \177bcrypt_NULL_THUNK_DATA 1004e130     bcrypt:bcrypt.dll
 0003:00000138       ?LRPC_PREFIX@@3PBGB        1004e138     rpcmtrt:lpcsvr.obj
 0003:0000013c       MgmtAuthorizationFn        1004e13c     rpcmtrt:svrmgmt.obj
 0003:00000140       ?NDR20TransferSyntax@@3PBU_RPC_SYNTAX_IDENTIFIER@@B 1004e140     rpcmtrt:handle.obj
 0003:00000144       ?NDR64TransferSyntax@@3PBU_RPC_SYNTAX_IDENTIFIER@@B 1004e144     rpcmtrt:handle.obj
 0003:00000148       ?NDRTestTransferSyntax@@3PBU_RPC_SYNTAX_IDENTIFIER@@B 1004e148     rpcmtrt:handle.obj
 0003:0000014c       ?g_TlsIndex@@3KA           1004e14c     rpcmtrt:init.obj
 0003:00000150       ?gMaxRpcSize@@3KA          1004e150     rpcmtrt:init.obj
 0003:00000154       ?pHints@@3PAUBUFFER_CACHE_HINTS@@A 1004e154     rpcmtrt:bcache.obj
 0003:00000158       ?g_AuditCacheEnabled@@3HA  1004e158     rpcmtrt:hndlsvr.obj
 0003:00000160       ?fEnableLog@@3HA           1004e160     rpcmtrt:util.obj
 0003:00000164       ?EventArrayLength@@3KA     1004e164     rpcmtrt:util.obj
 0003:00000168       DispatchToStubInC          1004e168     rpcmtrt:dispatch.obj
 0003:0000016c       SecurityString             1004e16c     rpcmtrt:msgapi.obj
 0003:00000170       DynamicString              1004e170     rpcmtrt:msgapi.obj
 0003:00000174       StaticString               1004e174     rpcmtrt:msgapi.obj
 0003:00000178       TrueString                 1004e178     rpcmtrt:msgapi.obj
 0003:0000017c       FalseString                1004e17c     rpcmtrt:msgapi.obj
 0003:00000180       AnonymousString            1004e180     rpcmtrt:msgapi.obj
 0003:00000184       IdentificationString       1004e184     rpcmtrt:msgapi.obj
 0003:00000188       ImpersonationString        1004e188     rpcmtrt:msgapi.obj
 0003:0000018c       DelegationString           1004e18c     rpcmtrt:msgapi.obj
 0003:00000190       pfnMarshallRoutines        1004e190     rpcndr20:mrshl.obj
 0003:00000194       pfnUnmarshallRoutines      1004e194     rpcndr20:unmrshl.obj
 0003:00000198       pfnSizeRoutines            1004e198     rpcndr20:bufsize.obj
 0003:0000019c       ?pfnConvertRoutines@@3PBQ6AXPAU_MIDL_STUB_MESSAGE@@PBEE@ZB 1004e19c     rpcndr20:endian.obj
 0003:000001a0       pfnFreeRoutines            1004e1a0     rpcndr20:free.obj
 0003:000001a4       ?pfnMiniComputeRoutines@@3PBQ6AXPAU_MIDL_STUB_MESSAGE@@PAEPBE@ZB 1004e1a4     rpcndr20:miniconf.obj
 0003:000001a8       ?pRpcSsDefaults@@3PAU_MALLOC_FREE_STRUCT@@A 1004e1a8     rpcndr20:rpcssm.obj
 0003:000001ac       ?RpcAllocTlsIndex@@3KA     1004e1ac     rpcndr20:rpcssm.obj
 0003:000001b0       ?pfnMemSizeRoutines@@3PBQ6AKPAU_MIDL_STUB_MESSAGE@@PBE@ZB 1004e1b0     rpcndr20:memsize.obj
 0003:000001bc       ?WildCardContextHandleInfo@@3PBXB 1004e1bc     rpcndrp:scontext.obj
 0003:000001c0       ?sm_wDefaultSpinCount@CReaderWriterLock2@@1GA 1004e1c0     shared:locks.obj
 0003:000001c8       ?sm_dblDfltSpinAdjFctr@CReaderWriterLock2@@1NA 1004e1c8     shared:locks.obj
 0003:000001d0       ?sm_wDefaultSpinCount@CReaderWriterLock3@@1GA 1004e1d0     shared:locks.obj
 0003:000001d8       ?sm_dblDfltSpinAdjFctr@CReaderWriterLock3@@1NA 1004e1d8     shared:locks.obj
 0003:000001e0       ?sm_wDefaultSpinCount@CSpinLock@@1GA 1004e1e0     shared:locks.obj
 0003:000001e8       ?sm_dblDfltSpinAdjFctr@CSpinLock@@1NA 1004e1e8     shared:locks.obj
 0003:000001f0       ?hDevice@@3PAXA            1004e1f0     rpcwinceport:alpcrt.obj
 0003:00000220       mgmt_DispatchTable         1004e220     rtifs:mgmt_s.obj
 0003:0000022c       mgmt_ServerIfHandle        1004e22c     rtifs:mgmt_s.obj
 0003:00000244       ExtendedError_ClientIfHandle 1004e244     rtifs:eeinfo_c.obj
 0003:0000025c       g_ThreadPriority256        1004e25c     ceosutil:regwait.obj
 0003:00000260       g_funcAlloc                1004e260     ceosutil:utilmem.obj
 0003:00000264       g_funcFree                 1004e264     ceosutil:utilmem.obj
 0003:00000268       g_funcRealloc              1004e268     ceosutil:utilmem.obj
 0003:0000026c       __security_cookie          1004e26c     corelib0:seccinit.obj
 0003:00000270       __security_cookie_complement 1004e270     corelib0:seccinit.obj
 0003:00000274       ?PortConfigKey@@3PBGB      1004e274     rpcmtrt:svrapip.obj
 0003:00000278       ?DefaultPortType@@3PBGB    1004e278     rpcmtrt:svrapip.obj
 0003:0000027c       ?ExplictPortType@@3PBGB    1004e27c     rpcmtrt:svrapip.obj
 0003:00000280       ?PortRanges@@3PBGB         1004e280     rpcmtrt:svrapip.obj
 0003:00000288       ?RecvWindow@@3KA           1004e288     rpcmtrt:dcecmisc.obj
 0003:0000028c       ?SendWindow@@3KA           1004e28c     rpcmtrt:dcecmisc.obj
 0003:00000290       ?LrpcCachedSCallsCap@@3KA  1004e290     rpcmtrt:lpcsvr.obj
 0003:00000294       ?LrpcAddressList@@3PAVLRPC_ADDRESS@@A 1004e294     rpcmtrt:lpcsvr.obj
 0003:00000298       ?GroupIdCounter@@3JA       1004e298     rpcmtrt:dcesvr.obj
 0003:0000029c       ?GlobalManagementInterface@@3PAVRPC_INTERFACE@@A 1004e29c     rpcmtrt:dcesvr.obj
 0003:000002a0       ?DefaultThreadStackSize@@3KA 1004e2a0     rpcmtrt:threads.obj
 0003:000002a4       __@@_PchSym_@00@UygUCGFBUkirezgvUdrmxvlhUxlivlhUikxUifmgrnvUngigUdrmxvUlyqUzineHUivgzroUkivxlnkOlyq@rpcmtrt 1004e2a4     rpcmtrt:precomp.obj
 0003:000002a8       ?gLocalComputerNameLength@@3KA 1004e2a8     rpcmtrt:init.obj
 0003:000002ac       ?gLocalComputerName@@3PAGA 1004e2ac     rpcmtrt:init.obj
 0003:000002b0       ?gProcessStartTime@@3KA    1004e2b0     rpcmtrt:init.obj
 0003:000002b4       ?RpcHandle@@3PAUHINSTANCE__@@A 1004e2b4     rpcmtrt:init.obj
 0003:000002b8       ?gPhysicalMemorySize@@3_KA 1004e2b8     rpcmtrt:init.obj
 0003:000002c0       ?gfServerPlatform@@3HA     1004e2c0     rpcmtrt:init.obj
 0003:000002c4       ?gAllocationGranularity@@3KA 1004e2c4     rpcmtrt:init.obj
 0003:000002c8       ?gNumberOfProcessors@@3IA  1004e2c8     rpcmtrt:init.obj
 0003:000002cc       ?gPageSize@@3KA            1004e2cc     rpcmtrt:init.obj
 0003:000002d0       ?hInstanceDLL@@3PAUHINSTANCE__@@A 1004e2d0     rpcmtrt:init.obj
 0003:000002d4       ?g_fRestrictRemoteClients@@3IA 1004e2d4     rpcmtrt:init.obj
 0003:000002d8       ?gThreadTimeout@@3KA       1004e2d8     rpcmtrt:init.obj
 0003:000002dc       ?NdrOle_CS@@3UCRITICAL_SECTION@@A 1004e2dc     rpcmtrt:init.obj
 0003:000002f0       ?GlobalMutex@@3PADA        1004e2f0     rpcmtrt:init.obj
 0003:00000304       ?RpcHasBeenInitialized@@3HA 1004e304     rpcmtrt:init.obj
 0003:00000308       ?ThreadListMutex@@3PAVMUTEX@@A 1004e308     rpcmtrt:init.obj
 0003:0000030c       ?ThreadListHead@@3U_LIST_ENTRY@@A 1004e30c     rpcmtrt:init.obj
 0003:00000314       ?GlobalRpcServer@@3PAVRPC_SERVER@@A 1004e314     rpcmtrt:init.obj
 0003:00000318       ?g_fClientSideDebugInfoEnabled@@3HA 1004e318     rpcmtrt:init.obj
 0003:0000031c       ?g_fServerSideDebugInfoEnabled@@3HA 1004e31c     rpcmtrt:init.obj
 0003:00000320       ?g_fSendEEInfo@@3HA        1004e320     rpcmtrt:init.obj
 0003:00000324       ?g_fIgnoreDelegationFailure@@3HA 1004e324     rpcmtrt:init.obj
 0003:00000328       ?g_fAuthenticatedEpResolution@@3HA 1004e328     rpcmtrt:init.obj
 0003:0000032c       ?PipeSocketsizeSettingsInitialized@@3HA 1004e32c     rpcmtrt:init.obj
 0003:00000330       ?gfAppVerifierEnabled@@3HA 1004e330     rpcmtrt:init.obj
 0003:00000334       ?gfPagedHeapEnabled@@3HA   1004e334     rpcmtrt:init.obj
 0003:00000338       ?gfRPCVerifierEnabled@@3HA 1004e338     rpcmtrt:init.obj
 0003:0000033c       ?gfRpcVerifierCorruptionExpected@@3HA 1004e33c     rpcmtrt:init.obj
 0003:00000340       ?gfRpcLegacyAssertsExpected@@3HA 1004e340     rpcmtrt:init.obj
 0003:00000344       ?RpcVerifierFlags@@3KA     1004e344     rpcmtrt:init.obj
 0003:00000348       ?pRpcVerifierSettings@@3PAU_tRpcVerifierSettings@@A 1004e348     rpcmtrt:init.obj
 0003:0000034c       ?gProrateStart@@3KA        1004e34c     rpcmtrt:init.obj
 0003:00000350       ?gProrateMax@@3KA          1004e350     rpcmtrt:init.obj
 0003:00000354       ?gProrateFactor@@3KA       1004e354     rpcmtrt:init.obj
 0003:00000358       g_fDllUnloading            1004e358     rpcmtrt:init.obj
 0003:00000360       ?WaitToGarbageCollectDelay@@3KA 1004e360     rpcmtrt:gc.obj
 0003:00000364       ?PeriodicGarbageCollectItems@@3JA 1004e364     rpcmtrt:gc.obj
 0003:00000368       ?EnableIdleLrpcSContextsCleanupCount@@3KA 1004e368     rpcmtrt:gc.obj
 0003:0000036c       ?EnableLrpcCompletionListCheckupCount@@3KA 1004e36c     rpcmtrt:gc.obj
 0003:00000370       ?fEnableIdleConnectionCleanup@@3IA 1004e370     rpcmtrt:gc.obj
 0003:00000374       ?fEnableBCache2Cleanup@@3IA 1004e374     rpcmtrt:gc.obj
 0003:00000378       ?fEnableLrpcSecurityCacheCleanup@@3KA 1004e378     rpcmtrt:gc.obj
 0003:0000037c       ?EnableSparseLrpcSPipesCleanupCount@@3KA 1004e37c     rpcmtrt:gc.obj
 0003:00000380       ?EnableCachedLrpcViewsCleanupCount@@3KA 1004e380     rpcmtrt:gc.obj
 0003:00000384       ?IocThreadStarted@@3IA     1004e384     rpcmtrt:gc.obj
 0003:00000388       ?GarbageCollectionRequested@@3JA 1004e388     rpcmtrt:gc.obj
 0003:0000038c       ?NextOneTimeCleanup@@3KA   1004e38c     rpcmtrt:gc.obj
 0003:00000390       ?GarbageCollectingInProgress@@3JA 1004e390     rpcmtrt:gc.obj
 0003:00000394       ?LastCleanupTime@@3KA      1004e394     rpcmtrt:gc.obj
 0003:00000398       ?gBufferCache@@3PAVBCACHE@@A 1004e398     rpcmtrt:bcache.obj
 0003:0000039c       ?gBCacheMode@@3W4BCacheMode@@A 1004e39c     rpcmtrt:bcache.obj
 0003:000003a0       ?DebugFlags@@3IA           1004e3a0     rpcmtrt:memory.obj
 0003:000003a4       ?hRpcHeap@@3PAXA           1004e3a4     rpcmtrt:memory.obj
 0003:000003a8       ?fHeapInitialized@@3HA     1004e3a8     rpcmtrt:memory.obj
 0003:000003ac       ?fBufferCacheInitialized@@3HA 1004e3ac     rpcmtrt:memory.obj
 0003:000003b0       ?fMaybeLsa@@3HA            1004e3b0     rpcmtrt:memory.obj
 0003:000003b4       ?gfRemoteProtseqRegistered@@3HA 1004e3b4     rpcmtrt:hndlsvr.obj
 0003:000003b8       ?gfUnsecureInterfaceRegistered@@3HA 1004e3b8     rpcmtrt:hndlsvr.obj
 0003:000003bc       ?g_AuditCacheSettingRead@@3HA 1004e3bc     rpcmtrt:hndlsvr.obj
 0003:000003c4       ?ViewCacheLimits@@3PAKA    1004e3c4     rpcmtrt:lpcassoc.obj
 0003:000003d4       ?ViewCacheBucketSizes@@3PAKA 1004e3d4     rpcmtrt:lpcassoc.obj
 0003:000003e8       ?LastFailedCacheViewBatchTimestamp@@3T_ULARGE_INTEGER@@A 1004e3e8     rpcmtrt:lpcclnt.obj
 0003:000003f0       ?LastDestroyedAssociationsBatchTimestamp@@3T_ULARGE_INTEGER@@A 1004e3f0     rpcmtrt:lpcclnt.obj
 0003:000003f8       ?LrpcAssociations@@3PAVHANDLE_TABLE@@A 1004e3f8     rpcmtrt:lpcclnt.obj
 0003:000003fc       ?LrpcLingeredAssociations@@3JA 1004e3fc     rpcmtrt:lpcclnt.obj
 0003:00000400       ?LrpcDestroyedAssociations@@3KA 1004e400     rpcmtrt:lpcclnt.obj
 0003:00000404       ?LrpcFailedCacheViewAttempts@@3KA 1004e404     rpcmtrt:lpcclnt.obj
 0003:00000408       ?LrpcEmergencyMessageMutex@@3PAVMUTEX@@A 1004e408     rpcmtrt:lpcclnt.obj
 0003:0000040c       ?LrpcEmergencyMessage@@3PAXA 1004e40c     rpcmtrt:lpcclnt.obj
 0003:00000410       ?LrpcAsyncInitialized@@3HA 1004e410     rpcmtrt:lpcclnt.obj
 0003:00000414       ?LrpcTransInfo@@3PAVTRANS_INFO@@A 1004e414     rpcmtrt:lpcclnt.obj
 0003:00000418       ?RpcEvents@@3PAURPC_EVENT@@A 1004e418     rpcmtrt:util.obj
 0003:0000041c       ?NextEvent@@3JA            1004e41c     rpcmtrt:util.obj
 0003:00000420       ?DisableEvents@@3HA        1004e420     rpcmtrt:util.obj
 0003:00000424       ?hLogFile@@3PAXA           1004e424     rpcmtrt:util.obj
 0003:00000428       ?gLoadableTransport@@3PAVLOADABLE_TRANSPORT@@A 1004e428     rpcmtrt:binding.obj
 0003:0000042c       ?SIDCache@@3PAVSID_CACHE@@A 1004e42c     rpcmtrt:sidcache.obj
 0003:00000430       ?gBufferCache2@@3PAVBCache2@@A 1004e430     rpcmtrt:bcache2.obj
 0003:00000434       ?LrpcCachedCCallsCap@@3KA  1004e434     rpcmtrt:lpcbh.obj
 0003:0000043c       ?ObjectDictionary@@3PAVOBJECT_ENTRY_DICT@@A 1004e43c     rpcmtrt:rpcobj.obj
 0003:00000440       ?hRpcssContext@@3PAXA      1004e440     rpcmtrt:epclnt.obj
 0003:00000444       ?pRpcNsNegotiateTransferSyntax@@3P6AJPAU_RPC_MESSAGE@@@ZA 1004e444     rpcndr20:auxilary.obj
 0003:00000448       ?pRpcNsSendReceive@@3P6AJPAU_RPC_MESSAGE@@PAPAX@ZA 1004e448     rpcndr20:auxilary.obj
 0003:0000044c       ?pRpcNsGetBuffer@@3P6AJPAU_RPC_MESSAGE@@@ZA 1004e44c     rpcndr20:auxilary.obj
 0003:00000450       ?RpcSsDefaults@@3U_MALLOC_FREE_STRUCT@@A 1004e450     rpcndr20:rpcssm.obj
 0003:00000458       ?DontSerializeContext@@3IA 1004e458     rpcndrp:scontext.obj
 0003:0000045c       ?g_cAllocDirEntry@@3JA     1004e45c     shared:LKRHash.obj
 0003:00000460       ?g_cAllocNodeClump@@3JA    1004e460     shared:LKRHash.obj
 0003:00000464       ?g_cAllocSmallSegment@@3JA 1004e464     shared:LKRHash.obj
 0003:00000468       ?g_cAllocMediumSegment@@3JA 1004e468     shared:LKRHash.obj
 0003:0000046c       ?g_cAllocLargeSegment@@3JA 1004e46c     shared:LKRHash.obj
 0003:0000047c       __@@_PchSym_@00@UygUCGFBUkirezgvUdrmxvlhUxlivlhUikxUifmgrnvUhszivwUdrmxvUlyqUzineHUivgzroUkivxlnkOlyq@shared 1004e47c     shared:precomp.obj
 0003:00000480       __@@_PchSym_@00@UygUCGFBUkirezgvUdrmxvlhUxlivlhUikxUifmgrnvUxszixlmeUdrmxvUlyqUzineHUivgzroUxszikixkOlyq@CharConv 1004e480     CharConv:charprcp.obj
 0003:00000484       ?g_InterlockedCriticalSection@@3UCRITICAL_SECTION@@A 1004e484     rpcwinceport:wincerpc.obj
 0003:00000498       ??_B?1??get_lock@?$singleton@V?$free_list@$0GE@Vallocator@ce@@@ce@@$03V?$static_allocator@V?$free_list@$0GE@Vallocator@ce@@@ce@@$03@2@@ce@@KAAAVcritical_section@2@XZ@51 1004e498     rpcwinceport:wincerpc.obj
 0003:0000049c       ?cs@?1??get_lock@?$singleton@V?$free_list@$0GE@Vallocator@ce@@@ce@@$03V?$static_allocator@V?$free_list@$0GE@Vallocator@ce@@@ce@@$03@2@@ce@@KAAAVcritical_section@3@XZ@4V43@A 1004e49c     rpcwinceport:wincerpc.obj
 0003:000004b0       ?_factory@?$singleton@V?$free_list@$0GE@Vallocator@ce@@@ce@@$03V?$static_allocator@V?$free_list@$0GE@Vallocator@ce@@@ce@@$03@2@@ce@@1Ulock_factory@12@A 1004e4b0     rpcwinceport:wincerpc.obj
 0003:000004b4       ?pProxy@@3PAV?$psl_proxy@PAX@ce@@A 1004e4b4     rpcwinceport:alpcrt.obj
 0003:000004bc       ?hGlobalClockLock@@3PAXA   1004e4bc     ceosutil:lss.obj
 0003:000004c4       ?g_cTimerQueueCookie@@3KA  1004e4c4     ceosutil:TimerQueue.obj
 0003:000004c8       ?g_pCeOsUtilThreadPool@@3PAVSVSThreadPool@@A 1004e4c8     ceosutil:TimerQueue.obj
 0003:000004cc       ?g_pDefaultTimer@@3PAVCTimerManager@@A 1004e4cc     ceosutil:TimerQueue.obj
 0003:000004d0       ?g_pTimerBlockList@@3PAVSVSLinkManager@@A 1004e4d0     ceosutil:TimerQueue.obj
 0003:000004d4       ?g_pTimerManagerLock@@3PAVSVSSynch@@A 1004e4d4     ceosutil:TimerQueue.obj
 0003:000004d8       ?g_pTimerManagerList@@3PAVSVSLinkManager@@A 1004e4d8     ceosutil:TimerQueue.obj
 0003:000004dc       ?g_pWaitForEventsMgr@@3PAVCWaitForEventsManager@@A 1004e4dc     ceosutil:regwait.obj
 0003:000004e4       g_pvAllocData              1004e4e4     ceosutil:utilmem.obj
 0003:000004e8       g_pvFreeData               1004e4e8     ceosutil:utilmem.obj
 0003:000004ec       _exitflag                  1004e4ec     corelib0:cexit.obj
 0003:000004f0       __onexitend                1004e4f0     <common>
 0003:000004f4       __onexitbegin              1004e4f4     <common>
 0003:000004f8       g_pcsExit                  1004e4f8     <common>

 entry point at        0001:0004875c

 Static symbols

 0001:0003af08       ?DefaultAllocate@@YAPAXI@Z 1003bf08 f   rpcndr20:rpcssm.obj
 0001:0003af34       ?DefaultFree@@YAXPAX@Z     1003bf34 f   rpcndr20:rpcssm.obj
 0001:0003b0b0       ?NdrpReleaseMemory@@YAXPAU_ALLOCATION_CONTEXT@@@Z 1003c0b0 f   rpcndr20:rpcssm.obj
 0001:0003b3ac       ?NdrpDisableAllocate@@YAXH@Z 1003c3ac f   rpcndr20:rpcssm.obj
 0001:0003b4bc       ?NdrpEnableAllocate@@YAXH@Z 1003c4bc f   rpcndr20:rpcssm.obj
 0001:0004538c       ?HexStringToUShort@@YAPAGPAG0@Z 1004638c f   shared:rpcuuid.obj
 0001:00045414       ?HexStringToUChar@@YAPAGPAGPAE@Z 10046414 f   shared:rpcuuid.obj
 0001:00048a8c       doexit                     10049a8c f   corelib0:cexit.obj
 0001:00048d78       ??__E?_factory@?$singleton@V?$free_list@$0GE@Vallocator@ce@@@ce@@$03V?$static_allocator@V?$free_list@$0GE@Vallocator@ce@@@ce@@$03@2@@ce@@1Ulock_factory@12@A@@YAXXZ 10049d78 f   rpcwinceport:wincerpc.obj
