 SyncUtil

 Timestamp is 5cafb4a6 (Thu Apr 11 14:41:58 2019)

 Preferred load address is 10000000

 Start         Length     Name                   Class
 0001:00000000 00000004H .CRT$XCA                CODE
 0001:00000004 00000008H .CRT$XCU                CODE
 0001:0000000c 00000004H .CRT$XCZ                CODE
 0001:00000010 00000004H .CRT$XIA                CODE
 0001:00000014 00000004H .CRT$XIZ                CODE
 0001:00000018 00000004H .CRT$XPA                CODE
 0001:0000001c 00000004H .CRT$XPZ                CODE
 0001:00000020 00000004H .CRT$XTA                CODE
 0001:00000024 00000004H .CRT$XTZ                CODE
 0001:00000030 00002ad8H .rdata                  CODE
 0001:00002b08 00000025H .rdata$debug            CODE
 0001:00002b30 00006788H .text                   CODE
 0001:000092b8 0000002cH .text$yc                CODE
 0001:000092e4 00000010H .text$yd                CODE
 0001:000092f4 00000164H .xdata                  CODE
 0001:00009458 00000000H ATL$__a                 CODE
 0001:00009458 00000000H ATL$__z                 CODE
 0001:00009458 00000064H .idata$2                CODE
 0001:000094bc 00000014H .idata$3                CODE
 0001:000094d0 0000023cH .idata$4                CODE
 0001:0000970c 0000013eH .idata$6                CODE
 0001:00009850 0000086cH .edata                  CODE
 0002:00000000 0000023cH .idata$5                DATA
 0002:00000240 000001f8H .data                   DATA
 0002:00000438 0000038cH .bss                    DATA
 0003:00000000 00000438H .pdata                  DATA

  Address         Publics by Value              Rva+Base       Lib:Object

 0000:00000000       ___safe_se_handler_count   00000000     <absolute>
 0000:00000000       ___safe_se_handler_table   00000000     <absolute>
 0001:00000000       __xc_a                     10001000     corelib0:crt0init.obj
 0001:0000000c       __xc_z                     1000100c     corelib0:crt0init.obj
 0001:00000010       __xi_a                     10001010     corelib0:crt0init.obj
 0001:00000014       __xi_z                     10001014     corelib0:crt0init.obj
 0001:00000018       __xp_a                     10001018     corelib0:crt0init.obj
 0001:0000001c       __xp_z                     1000101c     corelib0:crt0init.obj
 0001:00000020       __xt_a                     10001020     corelib0:crt0init.obj
 0001:00000024       __xt_z                     10001024     corelib0:crt0init.obj
 0001:0000004c       ??_C@_1CA@LCCPLFKM@?$AAM?$AAD?$AAP?$AAG?$AA?2?$AAA?$AAc?$AAt?$AAi?$AAv?$AAe?$AAS?$AAy?$AAn?$AAc?$AA?$AA@ 1000104c     SyncPerf.obj
 0001:0000006c       ??_C@_19HEPLDNLP@?$AA?$CF?$AAs?$AA?$CF?$AAd?$AA?$AA@ 1000106c     SyncPerf.obj
 0001:0000007c       ??_C@_1BO@GPADPFKA@?$AA?2?$AAm?$AAd?$AAd?$AAc?$AAe?$AAp?$AAe?$AAr?$AAf?$AA?4?$AAl?$AAo?$AAg?$AA?$AA@ 1000107c     CePerfSessionEx.obj
 0001:0000009c       ??_C@_1O@FADBMLPB@?$AAB?$AAe?$AAg?$AAi?$AAn?$AA?5?$AA?$AA@ 1000109c     CePerfSessionEx.obj
 0001:000000ac       ??_C@_19JCNAALJG@?$AAE?$AAn?$AAd?$AA?5?$AA?$AA@ 100010ac     CePerfSessionEx.obj
 0001:000001b4       ??_C@_1BC@FDGCEING@?$AAU?$AAN?$AAI?$AAM?$AAO?$AAD?$AAE?$AAM?$AA?$AA@ 100011b4     SyncSharedUtils:UsbSwitch.obj
 0001:000001c8       ??_C@_1BC@NMPOBNHP@?$AAR?$AAA?$AAS?$AAE?$AAN?$AAT?$AAR?$AAY?$AA?$AA@ 100011c8     SyncSharedUtils:UsbSwitch.obj
 0001:000001dc       ??_C@_11LOCGONAA@?$AA?$AA@ 100011dc     SyncSharedUtils:UsbSwitch.obj
 0001:000001e0       ??_C@_19MGKENDJM@?$AAC?$AAn?$AAc?$AAt?$AA?$AA@ 100011e0     SyncSharedUtils:UsbSwitch.obj
 0001:000001ec       ??_C@_1BK@BFIEKNFP@?$AAF?$AAr?$AAi?$AAe?$AAn?$AAd?$AAl?$AAy?$AAN?$AAa?$AAm?$AAe?$AA?$AA@ 100011ec     SyncSharedUtils:UsbSwitch.obj
 0001:00000208       ??_C@_1GG@CJNDDKJC@?$AA?2?$AAD?$AAr?$AAi?$AAv?$AAe?$AAr?$AAs?$AA?2?$AAU?$AAS?$AAB?$AA?2?$AAF?$AAu?$AAn?$AAc?$AAt?$AAi?$AAo?$AAn?$AAD?$AAr?$AAi?$AAv?$AAe?$AAr?$AAs?$AA?2?$AAS?$AAe?$AAr@ 10001208     SyncSharedUtils:UsbSwitch.obj
 0001:00000270       ??_C@_1EO@MGDKAHOH@?$AA?$HL?$AAE?$AA2?$AAB?$AAD?$AAC?$AA3?$AA7?$AA2?$AA?9?$AA5?$AA9?$AA8?$AAF?$AA?9?$AA4?$AA6?$AA1?$AA9?$AA?9?$AAB?$AAC?$AA5?$AA0?$AA?9?$AA5?$AA4?$AAB?$AA3?$AAF?$AA7?$AA8@ 10001270     SyncSharedUtils:UsbSwitch.obj
 0001:000002c0       ??_C@_1O@JDLOHAN@?$AAD?$AAe?$AAl?$AAe?$AAt?$AAe?$AA?$AA@ 100012c0     SyncSharedUtils:CredUtil.obj
 0001:000002d0       ??_C@_1BC@GCKHIPE@?$AAN?$AAo?$AAR?$AAe?$AAm?$AAo?$AAv?$AAe?$AA?$AA@ 100012d0     SyncSharedUtils:CredUtil.obj
 0001:000002e4       ??_C@_1BI@JFAIJMHL@?$AAF?$AAo?$AAr?$AAc?$AAe?$AAR?$AAe?$AAm?$AAo?$AAv?$AAe?$AA?$AA@ 100012e4     SyncSharedUtils:CredUtil.obj
 0001:000002fc       ??_C@_17LLMMEOJD@?$AAV?$AAa?$AAl?$AA?$AA@ 100012fc     SyncSharedUtils:CredUtil.obj
 0001:00000304       ??_C@_13OPKGLAFF@?$AAB?$AA?$AA@ 10001304     SyncSharedUtils:CredUtil.obj
 0001:00000308       ??_C@_13MKMNOPIJ@?$AAD?$AA?$AA@ 10001308     SyncSharedUtils:CredUtil.obj
 0001:0000030c       ??_C@_13LHMFKAAD@?$AAM?$AA?$AA@ 1000130c     SyncSharedUtils:CredUtil.obj
 0001:00000310       ??_C@_13HADIAKP@?$AAS?$AA?$AA@ 10001310     SyncSharedUtils:CredUtil.obj
 0001:00000334       ??_C@_1BI@CHEHIPGA@?$AAS?$AAy?$AAn?$AAc?$AAL?$AAo?$AAg?$AA?4?$AAd?$AAl?$AAl?$AA?$AA@ 10001334     SyncSharedUtils:Logging.obj
 0001:0000036c       ??_C@_1BI@ECJMDOAK@?$AAS?$AAY?$AAN?$AAC?$AA_?$AAP?$AAO?$AAL?$AAI?$AAC?$AAY?$AA?$AA@ 1000136c     SyncSharedUtils:policystore.obj
 0001:00000384       ??_C@_13COJANIEC@?$AA0?$AA?$AA@ 10001384     SyncSharedUtils:policystore.obj
 0001:00000558       ??_C@_1BI@CPLBOCHL@?$AAp?$AAe?$AAg?$AAh?$AAe?$AAl?$AAp?$AA?4?$AAe?$AAx?$AAe?$AA?$AA@ 10001558     SyncSharedUtils:GlobalUtils.obj
 0001:00000570       _GUID_de9a742b_bfb1_4ec9_8326_353b488b0713 10001570     SyncSharedUtils:GlobalUtils.obj
 0001:00000580       _GUID_f96e0af6_3be4_4c5e_abef_7a588701f3a2 10001580     SyncSharedUtils:GlobalUtils.obj
 0001:00000590       __real@3fe0000000000000    10001590     SyncSharedUtils:GlobalUtils.obj
 0001:00000598       __real@3f95555555555555    10001598     SyncSharedUtils:GlobalUtils.obj
 0001:000005a0       __real@40f5180000000000    100015a0     SyncSharedUtils:GlobalUtils.obj
 0001:000005a8       __real@0000000000000000    100015a8     SyncSharedUtils:GlobalUtils.obj
 0001:000005b0       ??_C@_0BD@DCJGLOPP@SyncScheduleSyncEx?$AA@ 100015b0     SyncSharedUtils:GlobalUtils.obj
 0001:000005c4       ??_C@_1BE@MJIMGKCO@?$AA?$CF?$AAd?$AA?5?$AAs?$AA?5?$AA?$CC?$AA?$CF?$AAs?$AA?$CC?$AA?$AA@ 100015c4     SyncSharedUtils:GlobalUtils.obj
 0001:000005d8       _GUID_6ef5edb3_822a_430c_a417_22af6ab0acbb 100015d8     SyncSharedUtils:GlobalUtils.obj
 0001:000005e8       ??_C@_1CA@OOEGNFML@?$AAM?$AAe?$AAs?$AAs?$AAa?$AAg?$AAe?$AAS?$AAe?$AAr?$AAv?$AAe?$AAr?$AAO?$AAn?$AA?$AA@ 100015e8     SyncSharedUtils:MailUtils.obj
 0001:00000688       IID_IMAPISession           10001688     SyncSharedUtils:MailUtils.obj
 0001:00000698       PS_MAPI                    10001698     SyncSharedUtils:MailUtils.obj
 0001:000006a8       ??_C@_1BG@KBDHFOMO@?$AAc?$AAe?$AAm?$AAa?$AAp?$AAi?$AA?4?$AAD?$AAL?$AAL?$AA?$AA@ 100016a8     SyncSharedUtils:MailUtils.obj
 0001:000006c0       ??_C@_1BI@BBFGEJKH@?$AAM?$AAA?$AAP?$AAI?$AAL?$AAo?$AAg?$AAo?$AAn?$AAE?$AAx?$AA?$AA@ 100016c0     SyncSharedUtils:MailUtils.obj
 0001:000006d8       ??_C@_1BO@NHMPCAJI@?$AAM?$AAA?$AAP?$AAI?$AAF?$AAr?$AAe?$AAe?$AAB?$AAu?$AAf?$AAf?$AAe?$AAr?$AA?$AA@ 100016d8     SyncSharedUtils:MailUtils.obj
 0001:000006f8       ??_C@_1BO@CIEFINJH@?$AAF?$AAl?$AAu?$AAs?$AAh?$AAM?$AAa?$AAi?$AAl?$AAS?$AAt?$AAo?$AAr?$AAe?$AA?$AA@ 100016f8     SyncSharedUtils:MailUtils.obj
 0001:00000718       _GUID_21e1b5a4_0010_437a_bfa7_9d1455238f39 10001718     SyncSharedUtils:MailUtils.obj
 0001:00000728       _GUID_40b47a8f_c442_4f06_8304_aa1058edeea0 10001728     SyncSharedUtils:MailUtils.obj
 0001:00000738       ??_C@_15MKGELJLE@?$AA?$DL?$AA?0?$AA?$AA@ 10001738     SyncSharedUtils:MailUtils.obj
 0001:00000740       ??_C@_1EE@OGJCHBOA@?$AAS?$AAo?$AAf?$AAt?$AAw?$AAa?$AAr?$AAe?$AA?2?$AAM?$AAi?$AAc?$AAr?$AAo?$AAs?$AAo?$AAf?$AAt?$AA?2?$AAI?$AAn?$AAb?$AAo?$AAx?$AA?2?$AAS?$AAe?$AAt?$AAt?$AAi?$AAn?$AAg@ 10001740     SyncSharedUtils:MailUtils.obj
 0001:00000784       ??_C@_1O@BLJJLAMO@?$AAw?$AAi?$AAz?$AAa?$AAr?$AAd?$AA?$AA@ 10001784     SyncSharedUtils:MailUtils.obj
 0001:00000794       ??_C@_1BA@HFIBJEGN@?$AAU?$AAp?$AAd?$AAT?$AAr?$AAn?$AAs?$AA?$AA@ 10001794     SyncSharedUtils:MailUtils.obj
 0001:000008e8       ??_C@_0BE@MGCLEIIA@_CheckErrorLimitHit?$AA@ 100018e8     SyncSharedUtils:SyncSqmLog.obj
 0001:00000900       ??_C@_1JI@CPDPEBGH@?$AA?$CF?$AAS?$AA?$EA?$AA?5?$AAS?$AAQ?$AAM?$AA?5?$AAm?$AAa?$AAx?$AA?5?$AAs?$AAy?$AAn?$AAc?$AA?5?$AAe?$AAr?$AAr?$AAo?$AAr?$AA?5?$AAr?$AAe?$AAc?$AAo?$AAr?$AAd?$AAs?$AA?5?$AAl@ 10001900     SyncSharedUtils:SyncSqmLog.obj
 0001:00000998       ??_C@_1O@CHBCJGPP@?$AAG?$AAl?$AAo?$AAb?$AAa?$AAl?$AA?$AA@ 10001998     SyncSharedUtils:SyncSqmLog.obj
 0001:000009a8       ??_C@_1BC@OCPOIBKD@?$AAB?$AAi?$AAW?$AAe?$AAe?$AAk?$AAl?$AAy?$AA?$AA@ 100019a8     SyncSharedUtils:SyncSqmLog.obj
 0001:000009bc       ??_C@_0BB@KMAECGFA@_SQMLogSyncError?$AA@ 100019bc     SyncSharedUtils:SyncSqmLog.obj
 0001:000009d0       ??_C@_1JI@KAGFFPFB@?$AA?$CF?$AAS?$AA?$EA?$AA?5?$AAA?$AAd?$AAd?$AAe?$AAd?$AA?5?$AAs?$AAt?$AAr?$AAe?$AAa?$AAm?$AA?5?$AAe?$AAr?$AAr?$AAo?$AAr?$AA?5?$AAc?$AAo?$AAn?$AAt?$AAe?$AAx?$AAt?$AA?0?$AA?5@ 100019d0     SyncSharedUtils:SyncSqmLog.obj
 0001:00000a68       ??_C@_17JALIOIHB@?$AA2?$AA?4?$AA0?$AA?$AA@ 10001a68     SyncSharedUtils:SyncSqmLog.obj
 0001:00000a70       ??_C@_1GG@PKKEPCP@?$AA?$CF?$AAS?$AA?$EA?$AA?5?$AAS?$AAQ?$AAM?$AA?5?$AAl?$AAo?$AAg?$AAg?$AAi?$AAn?$AAg?$AA?5?$AAi?$AAs?$AA?5?$AAn?$AAo?$AAt?$AA?5?$AAe?$AAn?$AAa?$AAb?$AAl?$AAe?$AAd?$AA?5?$AAf@ 10001a70     SyncSharedUtils:SyncSqmLog.obj
 0001:00000ad8       ??_C@_0BA@BEMOMCGD@SQMLogSyncStats?$AA@ 10001ad8     SyncSharedUtils:SyncSqmLog.obj
 0001:00000ae8       ??_C@_1KC@MDLELACG@?$AA?$CF?$AAS?$AA?$EA?$AA?5?$AAS?$AAy?$AAn?$AAc?$AAS?$AAt?$AAa?$AAt?$AAu?$AAs?$AA?3?$AA?5?$AAe?$AAr?$AAr?$AAo?$AAr?$AA?5?$AAc?$AAo?$AAd?$AAe?$AA?$DN?$AA?$CF?$AAx?$AA?0?$AA?5?$AAS@ 10001ae8     SyncSharedUtils:SyncSqmLog.obj
 0001:00000bd0       ??_C@_1M@EONOLNAG@?$AAC?$AAn?$AAt?$AAc?$AAt?$AA?$AA@ 10001bd0     SyncSharedUtils:SyncPerfWrap.obj
 0001:00000bdc       ??_C@_1M@JPDOCPLM@?$AAC?$AAl?$AAn?$AAd?$AAr?$AA?$AA@ 10001bdc     SyncSharedUtils:SyncPerfWrap.obj
 0001:00000be8       ??_C@_1M@CDCJBCAI@?$AAI?$AAn?$AAb?$AAo?$AAx?$AA?$AA@ 10001be8     SyncSharedUtils:SyncPerfWrap.obj
 0001:00000bf4       ??_C@_19NBFKBOPD@?$AAT?$AAa?$AAs?$AAk?$AA?$AA@ 10001bf4     SyncSharedUtils:SyncPerfWrap.obj
 0001:00000c00       ??_C@_17FIMLMPPN@?$AAA?$AAd?$AAd?$AA?$AA@ 10001c00     SyncSharedUtils:SyncPerfWrap.obj
 0001:00000c08       ??_C@_17HPJJKHBF@?$AAC?$AAh?$AAg?$AA?$AA@ 10001c08     SyncSharedUtils:SyncPerfWrap.obj
 0001:00000c10       ??_C@_17EEBGAOM@?$AAO?$AAt?$AAh?$AA?$AA@ 10001c10     SyncSharedUtils:SyncPerfWrap.obj
 0001:00000c18       ??_C@_17KMGBBEGL@?$AAD?$AAl?$AAt?$AA?$AA@ 10001c18     SyncSharedUtils:SyncPerfWrap.obj
 0001:00000c20       ??_C@_1O@EDNCAABM@?$AAP?$AAr?$AAg?$AAS?$AAM?$AAS?$AA?$AA@ 10001c20     SyncSharedUtils:SyncPerfWrap.obj
 0001:00000c30       ??_C@_1BC@ENALJKLL@?$AAP?$AAr?$AAg?$AAN?$AAo?$AAt?$AAe?$AAs?$AA?$AA@ 10001c30     SyncSharedUtils:SyncPerfWrap.obj
 0001:00000c44       ??_C@_1BA@EBPJAHNL@?$AAP?$AAr?$AAg?$AAT?$AAa?$AAs?$AAk?$AA?$AA@ 10001c44     SyncSharedUtils:SyncPerfWrap.obj
 0001:00000c54       ??_C@_1BC@KGAILJHF@?$AAP?$AAr?$AAg?$AAC?$AAl?$AAn?$AAd?$AAr?$AA?$AA@ 10001c54     SyncSharedUtils:SyncPerfWrap.obj
 0001:00000c68       ??_C@_1BC@HHOICLMP@?$AAP?$AAr?$AAg?$AAC?$AAn?$AAt?$AAc?$AAt?$AA?$AA@ 10001c68     SyncSharedUtils:SyncPerfWrap.obj
 0001:00000c7c       ??_C@_1BA@MAKPDGGA@?$AAP?$AAr?$AAg?$AAI?$AAn?$AAb?$AAx?$AA?$AA@ 10001c7c     SyncSharedUtils:SyncPerfWrap.obj
 0001:00000c90       ?c_wszSettingsChanged@@3QBGB 10001c90     SyncSharedUtils_CEBase:StrConsts.obj
 0001:00000cb0       ?c_wszConsecFailures@@3QBGB 10001cb0     SyncSharedUtils_CEBase:StrConsts.obj
 0001:00000cd0       ?c_wszIsSecureIdServer@@3QBGB 10001cd0     SyncSharedUtils_CEBase:StrConsts.obj
 0001:00000cf4       ?c_wszLastSQMResult@@3QBGB 10001cf4     SyncSharedUtils_CEBase:StrConsts.obj
 0001:00000d10       ?c_wszProtectedActiveSyncKey@@3QBGB 10001d10     SyncSharedUtils_CEBase:StrConsts.obj
 0001:00000d34       ?c_wszInlineImageExtensions@@3QBGB 10001d34     SyncSharedUtils_CEBase:StrConsts.obj
 0001:00000d60       ?c_wszUnicodeMappingKey@@3QBGB 10001d60     SyncSharedUtils_CEBase:StrConsts.obj
 0001:00000dbc       ?c_wszActiveSyncVer@@3QBGB 10001dbc     SyncSharedUtils_CEBase:StrConsts.obj
 0001:00000de0       ?c_wszOMADMProvisioning@@3QBGB 10001de0     SyncSharedUtils_CEBase:StrConsts.obj
 0001:00000e18       ?c_wszEnrollmentAddress@@3QBGB 10001e18     SyncSharedUtils_CEBase:StrConsts.obj
 0001:00000e48       ?c_wszReadOnly@@3QBGB      10001e48     SyncSharedUtils_CEBase:StrConsts.obj
 0001:00000e5c       ?c_wszUnsupported@@3QBGB   10001e5c     SyncSharedUtils_CEBase:StrConsts.obj
 0001:00000e74       ?c_wszSaveDeletedItems@@3QBGB 10001e74     SyncSharedUtils_CEBase:StrConsts.obj
 0001:00000e98       ?c_wszConflictResolution@@3QBGB 10001e98     SyncSharedUtils_CEBase:StrConsts.obj
 0001:00000ec0       ?c_wszDownloadWindowSize@@3QBGB 10001ec0     SyncSharedUtils_CEBase:StrConsts.obj
 0001:00000ed8       ?c_wszUploadWindowSize@@3QBGB 10001ed8     SyncSharedUtils_CEBase:StrConsts.obj
 0001:00000efc       ?c_wszAirsyncVersion@@3QBGB 10001efc     SyncSharedUtils_CEBase:StrConsts.obj
 0001:00000f28       ?c_wszSyncAfterCount@@3QBGB 10001f28     SyncSharedUtils_CEBase:StrConsts.obj
 0001:00000f48       ?c_wszNotifyPort@@3QBGB    10001f48     SyncSharedUtils_CEBase:StrConsts.obj
 0001:00000f60       ?c_wszNotifySyncDelay@@3QBGB 10001f60     SyncSharedUtils_CEBase:StrConsts.obj
 0001:00000f80       ?c_wszClientNegotiated@@3QBGB 10001f80     SyncSharedUtils_CEBase:StrConsts.obj
 0001:00000fa4       ?c_wszMSASProtocolVersions@@3QBGB 10001fa4     SyncSharedUtils_CEBase:StrConsts.obj
 0001:00000fd0       ?c_wszActiveSyncKeepAlive@@3QBGB 10001fd0     SyncSharedUtils_CEBase:StrConsts.obj
 0001:00000fe4       ?c_wszCurrentProtocolsSupported@@3QBGB 10001fe4     SyncSharedUtils_CEBase:StrConsts.obj
 0001:00001018       ?c_wszCommandsSupported@@3QBGB 10002018     SyncSharedUtils_CEBase:StrConsts.obj
 0001:0000103c       ?c_wszTempVersion@@3QBGB   1000203c     SyncSharedUtils_CEBase:StrConsts.obj
 0001:00001064       ?c_wszClientRenegotiated@@3QBGB 10002064     SyncSharedUtils_CEBase:StrConsts.obj
 0001:0000108c       ?c_wszSQLSyncPartnerIndex@@3QBGB 1000208c     SyncSharedUtils_CEBase:StrConsts.obj
 0001:000010a8       ?c_wszGIEWindowSize@@3QBGB 100020a8     SyncSharedUtils_CEBase:StrConsts.obj
 0001:000010c4       ?c_wszClientReset@@3QBGB   100020c4     SyncSharedUtils_CEBase:StrConsts.obj
 0001:000010dc       ?c_wszMSASMinorVersion@@3QBGB 100020dc     SyncSharedUtils_CEBase:StrConsts.obj
 0001:00001100       ?c_wszRevisionsSupported@@3QBGB 10002100     SyncSharedUtils_CEBase:StrConsts.obj
 0001:00001128       ?c_wszTempRevision@@3QBGB  10002128     SyncSharedUtils_CEBase:StrConsts.obj
 0001:00001150       ?c_wszAirsyncRevision@@3QBGB 10002150     SyncSharedUtils_CEBase:StrConsts.obj
 0001:00001180       ?c_wszMIMETruncation@@3QBGB 10002180     SyncSharedUtils_CEBase:StrConsts.obj
 0001:000011a0       ?c_wszBodyTruncation@@3QBGB 100021a0     SyncSharedUtils_CEBase:StrConsts.obj
 0001:000011c0       ?c_wszNoteBodyTruncation@@3QBGB 100021c0     SyncSharedUtils_CEBase:StrConsts.obj
 0001:000011e8       ?c_wszSaveSentItems@@3QBGB 100021e8     SyncSharedUtils_CEBase:StrConsts.obj
 0001:00001204       ?c_wszSyncSentItems@@3QBGB 10002204     SyncSharedUtils_CEBase:StrConsts.obj
 0001:00001220       ?c_wszDownloadInlineImages@@3QBGB 10002220     SyncSharedUtils_CEBase:StrConsts.obj
 0001:0000124c       ?c_wszConversationMode@@3QBGB 1000224c     SyncSharedUtils_CEBase:StrConsts.obj
 0001:00001270       ?c_wszBodyPreview@@3QBGB   10002270     SyncSharedUtils_CEBase:StrConsts.obj
 0001:00001288       ?c_wszVoiceMailPreDownloadSize@@3QBGB 10002288     SyncSharedUtils_CEBase:StrConsts.obj
 0001:000012bc       ?c_wszDisableRoamingCheck@@3QBGB 100022bc     SyncSharedUtils_CEBase:StrConsts.obj
 0001:000012e4       ?c_wszConnectionTimeoutMsNormal@@3QBGB 100022e4     SyncSharedUtils_CEBase:StrConsts.obj
 0001:00001318       ?c_wszConnectionTimeoutMsShort@@3QBGB 10002318     SyncSharedUtils_CEBase:StrConsts.obj
 0001:0000134c       ?c_wszDomainValName@@3QBGB 1000234c     SyncSharedUtils_CEBase:StrConsts.obj
 0001:0000135c       ?c_wszUserValName@@3QBGB   1000235c     SyncSharedUtils_CEBase:StrConsts.obj
 0001:00001368       ?c_wszPasswordValName@@3QBGB 10002368     SyncSharedUtils_CEBase:StrConsts.obj
 0001:0000137c       ?c_wszSavePasswordValName@@3QBGB 1000237c     SyncSharedUtils_CEBase:StrConsts.obj
 0001:00001398       ?c_wszEmailAddressValName@@3QBGB 10002398     SyncSharedUtils_CEBase:StrConsts.obj
 0001:000013a4       ?c_wszClientAuthCertNeeded@@3QBGB 100023a4     SyncSharedUtils_CEBase:StrConsts.obj
 0001:000013d4       ?c_wszEnrollForCertOnNextCradle@@3QBGB 100023d4     SyncSharedUtils_CEBase:StrConsts.obj
 0001:00001408       ?c_wszPolicyToastAccepted@@3QBGB 10002408     SyncSharedUtils_CEBase:StrConsts.obj
 0001:00001430       ?c_wszDevice@@3QBGB        10002430     SyncSharedUtils_CEBase:StrConsts.obj
 0001:00001440       ?c_wszDeviceIDValName@@3QBGB 10002440     SyncSharedUtils_CEBase:StrConsts.obj
 0001:00001454       ?c_wszDevicePhoneReadOnly@@3QBGB 10002454     SyncSharedUtils_CEBase:StrConsts.obj
 0001:0000147c       ?c_wszURIValName@@3QBGB    1000247c     SyncSharedUtils_CEBase:StrConsts.obj
 0001:00001484       ?c_wszUseURIAsSuppliedValName@@3QBGB 10002484     SyncSharedUtils_CEBase:StrConsts.obj
 0001:000014a8       ?c_wszURIFormat@@3QBGB     100024a8     SyncSharedUtils_CEBase:StrConsts.obj
 0001:000014f4       ?c_wszDefaultURI@@3QBGB    100024f4     SyncSharedUtils_CEBase:StrConsts.obj
 0001:0000152c       ?c_wszDeviceType@@3QBGB    1000252c     SyncSharedUtils_CEBase:StrConsts.obj
 0001:0000155c       ?c_wszNotificationsFrequency@@3QBGB 1000255c     SyncSharedUtils_CEBase:StrConsts.obj
 0001:0000158c       ?c_wszDisableGuidCheck@@3QBGB 1000258c     SyncSharedUtils_CEBase:StrConsts.obj
 0001:000015b0       ?c_wszCalendarFolderId@@3QBGB 100025b0     SyncSharedUtils_CEBase:StrConsts.obj
 0001:000015d4       ?c_wszContactsFolderId@@3QBGB 100025d4     SyncSharedUtils_CEBase:StrConsts.obj
 0001:000015f8       ?c_wszTasksFolderId@@3QBGB 100025f8     SyncSharedUtils_CEBase:StrConsts.obj
 0001:00001614       ?c_wszNoteFolderId@@3QBGB  10002614     SyncSharedUtils_CEBase:StrConsts.obj
 0001:00001630       ?c_wszSyncCalendarDataTypeKey@@3QBGB 10002630     SyncSharedUtils_CEBase:StrConsts.obj
 0001:00001680       ?c_wszSyncContactsDataTypeKey@@3QBGB 10002680     SyncSharedUtils_CEBase:StrConsts.obj
 0001:000016d0       ?c_wszSyncInboxDataTypeKey@@3QBGB 100026d0     SyncSharedUtils_CEBase:StrConsts.obj
 0001:00001720       ?c_wszSyncTasksDataTypeKey@@3QBGB 10002720     SyncSharedUtils_CEBase:StrConsts.obj
 0001:00001770       ?c_wszSyncNoteDataTypeKey@@3QBGB 10002770     SyncSharedUtils_CEBase:StrConsts.obj
 0001:000017c0       ?c_wszSyncSMSDataTypeKey@@3QBGB 100027c0     SyncSharedUtils_CEBase:StrConsts.obj
 0001:00001810       ?c_wszSupportedAutdModes@@3QBGB 10002810     SyncSharedUtils_CEBase:StrConsts.obj
 0001:00001838       ?c_wszAutdSupportLevel@@3QBGB 10002838     SyncSharedUtils_CEBase:StrConsts.obj
 0001:0000185c       ?c_wszMinHeartbeat@@3QBGB  1000285c     SyncSharedUtils_CEBase:StrConsts.obj
 0001:00001878       ?c_wszMaxHeartbeat@@3QBGB  10002878     SyncSharedUtils_CEBase:StrConsts.obj
 0001:00001894       ?c_wszInitialHeartbeat@@3QBGB 10002894     SyncSharedUtils_CEBase:StrConsts.obj
 0001:000018b8       ?c_wszHeartbeatIncrement@@3QBGB 100028b8     SyncSharedUtils_CEBase:StrConsts.obj
 0001:000018e0       ?c_wszAutdProxy@@3QBGB     100028e0     SyncSharedUtils_CEBase:StrConsts.obj
 0001:000018f4       ?c_wszPingWhileCradled@@3QBGB 100028f4     SyncSharedUtils_CEBase:StrConsts.obj
 0001:00001918       ?c_wszDisableWakeOnIncomming@@3QBGB 10002918     SyncSharedUtils_CEBase:StrConsts.obj
 0001:00001948       ?c_wszMaxRecordedHeartBeat@@3QBGB 10002948     SyncSharedUtils_CEBase:StrConsts.obj
 0001:00001974       ?c_wszAutdV2TestFlags@@3QBGB 10002974     SyncSharedUtils_CEBase:StrConsts.obj
 0001:00001994       ?c_wszEnableAutdToast@@3QBGB 10002994     SyncSharedUtils_CEBase:StrConsts.obj
 0001:000019c4       ?c_wszSyncAPN@@3QBGB       100029c4     SyncSharedUtils_CEBase:StrConsts.obj
 0001:000019d4       ?c_wszOutboundMailDelay@@3QBGB 100029d4     SyncSharedUtils_CEBase:StrConsts.obj
 0001:000019f8       ?c_wszUseSSL@@3QBGB        100029f8     SyncSharedUtils_CEBase:StrConsts.obj
 0001:00001a08       ?c_wszAllowSSLOption@@3QBGB 10002a08     SyncSharedUtils_CEBase:StrConsts.obj
 0001:00001a28       ?c_wszUseCompression@@3QBGB 10002a28     SyncSharedUtils_CEBase:StrConsts.obj
 0001:00001a48       ?c_wszSyncResDll@@3QBGB    10002a48     SyncSharedUtils_CEBase:StrConsts.obj
 0001:00001a60       ?c_wszAcceptLangHeader@@3QBGB 10002a60     SyncSharedUtils_CEBase:StrConsts.obj
 0001:00001a80       ?c_wszHeaderSuffix@@3QBGB  10002a80     SyncSharedUtils_CEBase:StrConsts.obj
 0001:00001a88       ?c_wszProtocolVersion@@3QBGB 10002a88     SyncSharedUtils_CEBase:StrConsts.obj
 0001:00001ab4       ?c_wszHttpUserAgent@@3QBGB 10002ab4     SyncSharedUtils_CEBase:StrConsts.obj
 0001:00001ac0       ?c_wszHttpAcceptGzipHeader@@3QBGB 10002ac0     SyncSharedUtils_CEBase:StrConsts.obj
 0001:00001af0       ?c_wszGzip@@3QBGB          10002af0     SyncSharedUtils_CEBase:StrConsts.obj
 0001:00001afc       ?c_wszHttpAcceptMultiPartHeader@@3QBGB 10002afc     SyncSharedUtils_CEBase:StrConsts.obj
 0001:00001b30       ?c_wszConnectionClose@@3QBGB 10002b30     SyncSharedUtils_CEBase:StrConsts.obj
 0001:00001b58       ?c_wszHttpContentTypeWBXml@@3QBGB 10002b58     SyncSharedUtils_CEBase:StrConsts.obj
 0001:00001bb4       ?c_wszHttpContentTypeMail@@3QBGB 10002bb4     SyncSharedUtils_CEBase:StrConsts.obj
 0001:00001bf8       ?c_wszHttpContentTypeMSSync@@3QBGB 10002bf8     SyncSharedUtils_CEBase:StrConsts.obj
 0001:00001c48       ?c_wszHttpContentTypeHTML@@3QBGB 10002c48     SyncSharedUtils_CEBase:StrConsts.obj
 0001:00001c7c       ?c_szMailBodyHeader@@3QBDB 10002c7c     SyncSharedUtils_CEBase:StrConsts.obj
 0001:00001cb0       ?c_wszFolderFile@@3QBGB    10002cb0     SyncSharedUtils_CEBase:StrConsts.obj
 0001:00001cf0       ?c_wszMoveDB@@3QBGB        10002cf0     SyncSharedUtils_CEBase:StrConsts.obj
 0001:00001d10       ?c_wszEngineLogFilename@@3QBGB 10002d10     SyncSharedUtils_CEBase:StrConsts.obj
 0001:00001d28       ?c_wszWatsonLogging@@3QBGB 10002d28     SyncSharedUtils_CEBase:StrConsts.obj
 0001:00001d44       ?c_wszSQMStatusCode@@3QBGB 10002d44     SyncSharedUtils_CEBase:StrConsts.obj
 0001:00001d60       ?c_wszDefaultLoggingValueName@@3QBGB 10002d60     SyncSharedUtils_CEBase:StrConsts.obj
 0001:00001d80       ?c_wszLoggingValueName@@3QBGB 10002d80     SyncSharedUtils_CEBase:StrConsts.obj
 0001:00001d90       ?c_wszLogNumberValueName@@3QBGB 10002d90     SyncSharedUtils_CEBase:StrConsts.obj
 0001:00001dac       ?c_wszPingLogNumberValueName@@3QBGB 10002dac     SyncSharedUtils_CEBase:StrConsts.obj
 0001:00001dd0       ?c_wszCopyLogWithPrefix@@3QBGB 10002dd0     SyncSharedUtils_CEBase:StrConsts.obj
 0001:00001df4       ?c_wszLogDir@@3QBGB        10002df4     SyncSharedUtils_CEBase:StrConsts.obj
 0001:00001e04       ?c_wszLogSize@@3QBGB       10002e04     SyncSharedUtils_CEBase:StrConsts.obj
 0001:00001e14       ?c_wszLastPingResult@@3QBGB 10002e14     SyncSharedUtils_CEBase:StrConsts.obj
 0001:00001e34       ?c_wszPingMaxFolders@@3QBGB 10002e34     SyncSharedUtils_CEBase:StrConsts.obj
 0001:00001e54       ?c_wszSyncConnectionType@@3QBGB 10002e54     SyncSharedUtils_CEBase:StrConsts.obj
 0001:00001e80       ?c_wszFolderSyncFlags@@3QBGB 10002e80     SyncSharedUtils_CEBase:StrConsts.obj
 0001:00001eb0       ?c_wszFolderPermID@@3QBGB  10002eb0     SyncSharedUtils_CEBase:StrConsts.obj
 0001:00001ed8       ?c_wszFolderParentID@@3QBGB 10002ed8     SyncSharedUtils_CEBase:StrConsts.obj
 0001:00001efc       ?c_wszLastReadState@@3QBGB 10002efc     SyncSharedUtils_CEBase:StrConsts.obj
 0001:00001f28       ?c_wszAttURI@@3QBGB        10002f28     SyncSharedUtils_CEBase:StrConsts.obj
 0001:00001f50       ?c_wszAttOID@@3QBGB        10002f50     SyncSharedUtils_CEBase:StrConsts.obj
 0001:00001f74       ?c_wszAirsyncFolderName@@3QBGB 10002f74     SyncSharedUtils_CEBase:StrConsts.obj
 0001:00001fa0       ?c_wszDataSource@@3QBGB    10002fa0     SyncSharedUtils_CEBase:StrConsts.obj
 0001:00001fc8       ?c_wszInternetCPID@@3QBGB  10002fc8     SyncSharedUtils_CEBase:StrConsts.obj
 0001:00001ff4       ?c_wszDeleteAfterSend@@3QBGB 10002ff4     SyncSharedUtils_CEBase:StrConsts.obj
 0001:00002024       ?c_wszPermanentDelete@@3QBGB 10003024     SyncSharedUtils_CEBase:StrConsts.obj
 0001:00002054       ?c_wszPOOMBodyCRCs@@3QBGB  10003054     SyncSharedUtils_CEBase:StrConsts.obj
 0001:00002078       ?c_wszCalendarUID@@3QBGB   10003078     SyncSharedUtils_CEBase:StrConsts.obj
 0001:000020a0       ?c_wszPOOMSyncOptionsHash@@3QBGB 100030a0     SyncSharedUtils_CEBase:StrConsts.obj
 0001:000020d0       ?c_wszGetItemEstimate@@3QBGB 100030d0     SyncSharedUtils_CEBase:StrConsts.obj
 0001:000020f0       ?c_wszAttachmentGet@@3QBGB 100030f0     SyncSharedUtils_CEBase:StrConsts.obj
 0001:0000210c       ?c_wszSaveSent@@3QBGB      1000310c     SyncSharedUtils_CEBase:StrConsts.obj
 0001:00002128       ?c_wszSMSServiceName@@3QBGB 10003128     SyncSharedUtils_CEBase:StrConsts.obj
 0001:00002138       ?c_wszInternetSettingsKey@@3QBGB 10003138     SyncSharedUtils_CEBase:StrConsts.obj
 0001:000021b0       ?c_wszAuthDialogTimeout@@3QBGB 100031b0     SyncSharedUtils_CEBase:StrConsts.obj
 0001:000021d4       ?c_wszFolderProviderName@@3QBGB 100031d4     SyncSharedUtils_CEBase:StrConsts.obj
 0001:000021ec       ?c_wszActiveSyncVersionHeader@@3QBGB 100031ec     SyncSharedUtils_CEBase:StrConsts.obj
 0001:00002218       ?c_wszProtocolVersionsSupported@@3QBGB 10003218     SyncSharedUtils_CEBase:StrConsts.obj
 0001:00002248       ?c_wszProtocolCommandsSupported@@3QBGB 10003248     SyncSharedUtils_CEBase:StrConsts.obj
 0001:00002278       ?c_wszSeamlessUpgradeVersions@@3QBGB 10003278     SyncSharedUtils_CEBase:StrConsts.obj
 0001:000022b4       ?c_wszNewServerAddress@@3QBGB 100032b4     SyncSharedUtils_CEBase:StrConsts.obj
 0001:000022d4       ?c_wszTwoFactorAuthHeader@@3QBGB 100032d4     SyncSharedUtils_CEBase:StrConsts.obj
 0001:000022fc       ?c_wszResetPartnership@@3QBGB 100032fc     SyncSharedUtils_CEBase:StrConsts.obj
 0001:00002310       ?c_wszProtocolRevision@@3QBGB 10003310     SyncSharedUtils_CEBase:StrConsts.obj
 0001:00002324       ?c_wszSyncCsp@@3QBGB       10003324     SyncSharedUtils_CEBase:StrConsts.obj
 0001:0000233c       ?c_wszSyncFolderCount@@3QBGB 1000333c     SyncSharedUtils_CEBase:StrConsts.obj
 0001:0000235c       ?c_wszWiFi@@3QBGB          1000335c     SyncSharedUtils_CEBase:StrConsts.obj
 0001:00002368       ?c_wszPolicyTypeWAP@@3QBGB 10003368     SyncSharedUtils_CEBase:StrConsts.obj
 0001:00002398       ?c_wszPolicyKeyHeader@@3QBGB 10003398     SyncSharedUtils_CEBase:StrConsts.obj
 0001:000023b8       ?c_wszPolicyKey@@3QBGB     100033b8     SyncSharedUtils_CEBase:StrConsts.obj
 0001:000023cc       ?c_wszInboxProtectedRegRoot@@3QBGB 100033cc     SyncSharedUtils_CEBase:StrConsts.obj
 0001:000023e8       ?c_wszRegFetchForceEnabled@@3QBGB 100033e8     SyncSharedUtils_CEBase:StrConsts.obj
 0001:0000240c       ?c_wszCredMgrPassword@@3QBGB 1000340c     SyncSharedUtils_CEBase:StrConsts.obj
 0001:00002428       ?c_wszCredMgrServer@@3QBGB 10003428     SyncSharedUtils_CEBase:StrConsts.obj
 0001:00002440       ?c_wszCredMgrUseSSL@@3QBGB 10003440     SyncSharedUtils_CEBase:StrConsts.obj
 0001:00002458       GUID_NULL                  10003458     dcomuuid:dcomuuid.obj
 0001:00002468       ??_C@_1BM@MMHGPIHM@?$AAS?$AAq?$AAm?$AAG?$AAe?$AAt?$AAS?$AAe?$AAs?$AAs?$AAi?$AAo?$AAn?$AA?$AA@ 10003468     sqmproxy:sqmproxy.obj
 0001:00002484       ??_C@_1CK@HHPGDEJO@?$AAS?$AAq?$AAm?$AAG?$AAe?$AAt?$AAM?$AAa?$AAn?$AAa?$AAg?$AAe?$AAd?$AAS?$AAe?$AAs?$AAs?$AAi?$AAo?$AAn?$AA?$AA@ 10003484     sqmproxy:sqmproxy.obj
 0001:000024b0       ??_C@_1BM@POPHPGJM@?$AAS?$AAq?$AAm?$AAE?$AAn?$AAd?$AAS?$AAe?$AAs?$AAs?$AAi?$AAo?$AAn?$AA?$AA@ 100034b0     sqmproxy:sqmproxy.obj
 0001:000024cc       ??_C@_1CK@JNKIJLH@?$AAS?$AAq?$AAm?$AAE?$AAn?$AAd?$AAM?$AAa?$AAn?$AAa?$AAg?$AAe?$AAd?$AAS?$AAe?$AAs?$AAs?$AAi?$AAo?$AAn?$AA?$AA@ 100034cc     sqmproxy:sqmproxy.obj
 0001:000024f8       ??_C@_1CA@CJHJNKNE@?$AAS?$AAq?$AAm?$AAS?$AAt?$AAa?$AAr?$AAt?$AAS?$AAe?$AAs?$AAs?$AAi?$AAo?$AAn?$AA?$AA@ 100034f8     sqmproxy:sqmproxy.obj
 0001:00002518       ??_C@_1CO@GEDNANEN@?$AAS?$AAq?$AAm?$AAG?$AAe?$AAt?$AAS?$AAe?$AAs?$AAs?$AAi?$AAo?$AAn?$AAS?$AAt?$AAa?$AAr?$AAt?$AAT?$AAi?$AAm?$AAe?$AA?$AA@ 10003518     sqmproxy:sqmproxy.obj
 0001:00002548       ??_C@_1BM@JIHBMADI@?$AAS?$AAq?$AAm?$AAG?$AAe?$AAt?$AAE?$AAn?$AAa?$AAb?$AAl?$AAe?$AAd?$AA?$AA@ 10003548     sqmproxy:sqmproxy.obj
 0001:00002564       ??_C@_1BM@GNCHBJHJ@?$AAS?$AAq?$AAm?$AAS?$AAe?$AAt?$AAE?$AAn?$AAa?$AAb?$AAl?$AAe?$AAd?$AA?$AA@ 10003564     sqmproxy:sqmproxy.obj
 0001:00002580       ??_C@_1BI@LHALAANK@?$AAS?$AAq?$AAm?$AAG?$AAe?$AAt?$AAF?$AAl?$AAa?$AAg?$AAs?$AA?$AA@ 10003580     sqmproxy:sqmproxy.obj
 0001:00002598       ??_C@_1BI@JCAAILME@?$AAS?$AAq?$AAm?$AAS?$AAe?$AAt?$AAF?$AAl?$AAa?$AAg?$AAs?$AA?$AA@ 10003598     sqmproxy:sqmproxy.obj
 0001:000025b0       ??_C@_1BM@BLLHBHLG@?$AAS?$AAq?$AAm?$AAC?$AAl?$AAe?$AAa?$AAr?$AAF?$AAl?$AAa?$AAg?$AAs?$AA?$AA@ 100035b0     sqmproxy:sqmproxy.obj
 0001:000025cc       ??_C@_1CA@GCAJCPGE@?$AAS?$AAq?$AAm?$AAG?$AAe?$AAt?$AAM?$AAa?$AAc?$AAh?$AAi?$AAn?$AAe?$AAI?$AAd?$AA?$AA@ 100035cc     sqmproxy:sqmproxy.obj
 0001:000025ec       ??_C@_1BK@DDJNCKAO@?$AAS?$AAq?$AAm?$AAG?$AAe?$AAt?$AAU?$AAs?$AAe?$AAr?$AAI?$AAd?$AA?$AA@ 100035ec     sqmproxy:sqmproxy.obj
 0001:00002608       ??_C@_1CA@OCMPOCMC@?$AAS?$AAq?$AAm?$AAS?$AAe?$AAt?$AAM?$AAa?$AAc?$AAh?$AAi?$AAn?$AAe?$AAI?$AAd?$AA?$AA@ 10003608     sqmproxy:sqmproxy.obj
 0001:00002628       ??_C@_1BK@JNLGGKHC@?$AAS?$AAq?$AAm?$AAS?$AAe?$AAt?$AAU?$AAs?$AAe?$AAr?$AAI?$AAd?$AA?$AA@ 10003628     sqmproxy:sqmproxy.obj
 0001:00002644       ??_C@_1BO@CBGCAFMB@?$AAS?$AAq?$AAm?$AAC?$AAr?$AAe?$AAa?$AAt?$AAe?$AAN?$AAe?$AAw?$AAI?$AAd?$AA?$AA@ 10003644     sqmproxy:sqmproxy.obj
 0001:00002664       ??_C@_1CO@EHIDHFCK@?$AAS?$AAq?$AAm?$AAR?$AAe?$AAa?$AAd?$AAS?$AAh?$AAa?$AAr?$AAe?$AAd?$AAM?$AAa?$AAc?$AAh?$AAi?$AAn?$AAe?$AAI?$AAd?$AA?$AA@ 10003664     sqmproxy:sqmproxy.obj
 0001:00002694       ??_C@_1CI@FJOPBFKK@?$AAS?$AAq?$AAm?$AAR?$AAe?$AAa?$AAd?$AAS?$AAh?$AAa?$AAr?$AAe?$AAd?$AAU?$AAs?$AAe?$AAr?$AAI?$AAd?$AA?$AA@ 10003694     sqmproxy:sqmproxy.obj
 0001:000026bc       ??_C@_1DA@JEPNJJO@?$AAS?$AAq?$AAm?$AAW?$AAr?$AAi?$AAt?$AAe?$AAS?$AAh?$AAa?$AAr?$AAe?$AAd?$AAM?$AAa?$AAc?$AAh?$AAi?$AAn?$AAe?$AAI?$AAd?$AA?$AA@ 100036bc     sqmproxy:sqmproxy.obj
 0001:000026ec       ??_C@_1CK@MBFGJNGI@?$AAS?$AAq?$AAm?$AAW?$AAr?$AAi?$AAt?$AAe?$AAS?$AAh?$AAa?$AAr?$AAe?$AAd?$AAU?$AAs?$AAe?$AAr?$AAI?$AAd?$AA?$AA@ 100036ec     sqmproxy:sqmproxy.obj
 0001:00002718       ??_C@_1CC@IDCLBBFM@?$AAS?$AAq?$AAm?$AAS?$AAe?$AAt?$AAA?$AAp?$AAp?$AAV?$AAe?$AAr?$AAs?$AAi?$AAo?$AAn?$AA?$AA@ 10003718     sqmproxy:sqmproxy.obj
 0001:0000273c       ??_C@_1O@IJBFHHCC@?$AAS?$AAq?$AAm?$AAS?$AAe?$AAt?$AA?$AA@ 1000373c     sqmproxy:sqmproxy.obj
 0001:0000274c       ??_C@_1BM@CABJNDG@?$AAS?$AAq?$AAm?$AAS?$AAe?$AAt?$AAS?$AAt?$AAr?$AAi?$AAn?$AAg?$AAW?$AA?$AA@ 1000374c     sqmproxy:sqmproxy.obj
 0001:00002768       ??_C@_1BK@KIPJFEDP@?$AAS?$AAq?$AAm?$AAI?$AAn?$AAc?$AAr?$AAe?$AAm?$AAe?$AAn?$AAt?$AA?$AA@ 10003768     sqmproxy:sqmproxy.obj
 0001:00002784       ??_C@_1BG@MBKDOGON@?$AAS?$AAq?$AAm?$AAS?$AAe?$AAt?$AAB?$AAi?$AAt?$AAs?$AA?$AA@ 10003784     sqmproxy:sqmproxy.obj
 0001:0000279c       ??_C@_1BI@FIDHJHHJ@?$AAS?$AAq?$AAm?$AAS?$AAe?$AAt?$AAI?$AAf?$AAM?$AAa?$AAx?$AA?$AA@ 1000379c     sqmproxy:sqmproxy.obj
 0001:000027b4       ??_C@_1BI@MBBGBNFH@?$AAS?$AAq?$AAm?$AAS?$AAe?$AAt?$AAI?$AAf?$AAM?$AAi?$AAn?$AA?$AA@ 100037b4     sqmproxy:sqmproxy.obj
 0001:000027cc       ??_C@_1CA@HACMJPCH@?$AAS?$AAq?$AAm?$AAA?$AAd?$AAd?$AAT?$AAo?$AAA?$AAv?$AAe?$AAr?$AAa?$AAg?$AAe?$AA?$AA@ 100037cc     sqmproxy:sqmproxy.obj
 0001:000027ec       ??_C@_1BO@KNMKMHNE@?$AAS?$AAq?$AAm?$AAA?$AAd?$AAd?$AAT?$AAo?$AAS?$AAt?$AAr?$AAe?$AAa?$AAm?$AA?$AA@ 100037ec     sqmproxy:sqmproxy.obj
 0001:0000280c       ??_C@_1CM@CMKBBENH@?$AAS?$AAq?$AAm?$AAA?$AAd?$AAd?$AAT?$AAo?$AAS?$AAt?$AAr?$AAe?$AAa?$AAm?$AAS?$AAt?$AAr?$AAi?$AAn?$AAg?$AAW?$AA?$AA@ 1000380c     sqmproxy:sqmproxy.obj
 0001:00002838       ??_C@_1CI@IKGGAPIK@?$AAS?$AAq?$AAm?$AAA?$AAd?$AAd?$AAT?$AAo?$AAS?$AAt?$AAr?$AAe?$AAa?$AAm?$AAD?$AAW?$AAO?$AAR?$AAD?$AA?$AA@ 10003838     sqmproxy:sqmproxy.obj
 0001:00002860       ??_C@_1O@HBOEEIPD@?$AAS?$AAq?$AAm?$AAG?$AAe?$AAt?$AA?$AA@ 10003860     sqmproxy:sqmproxy.obj
 0001:00002870       ??_C@_1BM@FBHNKBEC@?$AAS?$AAq?$AAm?$AAT?$AAi?$AAm?$AAe?$AAr?$AAS?$AAt?$AAa?$AAr?$AAt?$AA?$AA@ 10003870     sqmproxy:sqmproxy.obj
 0001:0000288c       ??_C@_1BO@OIHKNIOP@?$AAS?$AAq?$AAm?$AAT?$AAi?$AAm?$AAe?$AAr?$AAR?$AAe?$AAc?$AAo?$AAr?$AAd?$AA?$AA@ 1000388c     sqmproxy:sqmproxy.obj
 0001:000028ac       ??_C@_1CG@JKLDADAE@?$AAS?$AAq?$AAm?$AAT?$AAi?$AAm?$AAe?$AAr?$AAA?$AAc?$AAc?$AAu?$AAm?$AAu?$AAl?$AAa?$AAt?$AAe?$AA?$AA@ 100038ac     sqmproxy:sqmproxy.obj
 0001:000028d4       ??_C@_1CK@HOGPDFFE@?$AAS?$AAq?$AAm?$AAT?$AAi?$AAm?$AAe?$AAr?$AAA?$AAd?$AAd?$AAT?$AAo?$AAA?$AAv?$AAe?$AAr?$AAa?$AAg?$AAe?$AA?$AA@ 100038d4     sqmproxy:sqmproxy.obj
 0001:00002900       ??_C@_1BC@FFDOEPLG@?$AAS?$AAq?$AAm?$AAS?$AAe?$AAt?$AA6?$AA4?$AA?$AA@ 10003900     sqmproxy:sqmproxy.obj
 0001:00002914       ??_C@_1BG@GGKHFKPL@?$AAS?$AAq?$AAm?$AAS?$AAe?$AAt?$AAB?$AAo?$AAo?$AAl?$AA?$AA@ 10003914     sqmproxy:sqmproxy.obj
 0001:0000292c       ??_C@_1CA@ODCKKLM@?$AAS?$AAq?$AAm?$AAA?$AAd?$AAd?$AAT?$AAo?$AAS?$AAt?$AAr?$AAe?$AAa?$AAm?$AAV?$AA?$AA@ 1000392c     sqmproxy:sqmproxy.obj
 0001:0000294c       ??_C@_1BC@FKCAJJDF@?$AAS?$AAq?$AAm?$AAG?$AAe?$AAt?$AA6?$AA4?$AA?$AA@ 1000394c     sqmproxy:sqmproxy.obj
 0001:00002960       ??_C@_1BO@EIEKGNPO@?$AAS?$AAq?$AAm?$AAS?$AAt?$AAa?$AAr?$AAt?$AAU?$AAp?$AAl?$AAo?$AAa?$AAd?$AA?$AA@ 10003960     sqmproxy:sqmproxy.obj
 0001:00002980       ??_C@_1BO@CMOEIFGK@?$AAS?$AAq?$AAm?$AAA?$AAb?$AAo?$AAr?$AAt?$AAU?$AAp?$AAl?$AAo?$AAa?$AAd?$AA?$AA@ 10003980     sqmproxy:sqmproxy.obj
 0001:000029a0       ??_C@_1BO@BHMIMMAP@?$AAS?$AAq?$AAm?$AAS?$AAa?$AAv?$AAe?$AAS?$AAe?$AAs?$AAs?$AAi?$AAo?$AAn?$AA?$AA@ 100039a0     sqmproxy:sqmproxy.obj
 0001:000029c0       ??_C@_1BI@BFONAIIG@?$AAc?$AAu?$AAs?$AAt?$AAs?$AAa?$AAt?$AA?4?$AAd?$AAl?$AAl?$AA?$AA@ 100039c0     sqmproxy:sqmproxy.obj
 0001:000029d8       SyncDataMail               100039d8     SyncUUID:ActiveSyncUuid2.obj
 0001:000029e8       SyncDataContacts           100039e8     SyncUUID:ActiveSyncUuid2.obj
 0001:000029f8       SyncDataCalendar           100039f8     SyncUUID:ActiveSyncUuid2.obj
 0001:00002a08       SyncDataTasks              10003a08     SyncUUID:ActiveSyncUuid2.obj
 0001:00002a18       SyncDataNotes              10003a18     SyncUUID:ActiveSyncUuid2.obj
 0001:00002a28       SyncDataFavorites          10003a28     SyncUUID:ActiveSyncUuid2.obj
 0001:00002a38       SyncDataFiles              10003a38     SyncUUID:ActiveSyncUuid2.obj
 0001:00002a48       SyncDataDesktopSSP         10003a48     SyncUUID:ActiveSyncUuid2.obj
 0001:00002a58       SyncDataAccess             10003a58     SyncUUID:ActiveSyncUuid2.obj
 0001:00002a68       SyncDataMedia              10003a68     SyncUUID:ActiveSyncUuid2.obj
 0001:00002a78       SyncDataSMS                10003a78     SyncUUID:ActiveSyncUuid2.obj
 0001:00002a88       CLSID_DesktopSyncEngine    10003a88     SyncUUID:ActiveSyncUuid2.obj
 0001:00002a98       CLSID_ServerSyncEngine     10003a98     SyncUUID:ActiveSyncUuid2.obj
 0001:00002aa8       CLSID_ServerSyncEngineDsktp 10003aa8     SyncUUID:ActiveSyncUuid2.obj
 0001:00002ab8       CLSID_ServerSyncEngineWelcome 10003ab8     SyncUUID:ActiveSyncUuid2.obj
 0001:00002ac8       CLSID_AutoDiscover         10003ac8     SyncUUID:ActiveSyncUuid2.obj
 0001:00002ad8       __imp_?c_wszCredMgrPassword@@3QBGB 10003ad8     <linker-defined>
 0001:00002adc       __imp_?c_wszCredMgrUseSSL@@3QBGB 10003adc     <linker-defined>
 0001:00002ae0       __imp_?c_wszCredMgrServer@@3QBGB 10003ae0     <linker-defined>
 0001:00002ae4       __imp_?c_wszWatsonLogging@@3QBGB 10003ae4     <linker-defined>
 0001:00002ae8       __imp_?c_wszDataSource@@3QBGB 10003ae8     <linker-defined>
 0001:00002aec       __imp_?c_wszMaxRecordedHeartBeat@@3QBGB 10003aec     <linker-defined>
 0001:00002af0       __imp_?c_wszSyncFolderCount@@3QBGB 10003af0     <linker-defined>
 0001:00002af4       __imp_?c_wszClientNegotiated@@3QBGB 10003af4     <linker-defined>
 0001:00002af8       __imp_?c_wszAirsyncVersion@@3QBGB 10003af8     <linker-defined>
 0001:00002afc       __imp_?c_wszActiveSyncVer@@3QBGB 10003afc     <linker-defined>
 0001:00002b00       __imp_?c_wszLastSQMResult@@3QBGB 10003b00     <linker-defined>
 0001:00002b04       __imp_?c_wszSQMStatusCode@@3QBGB 10003b04     <linker-defined>
 0001:00002b30       DllMain                    10003b30 f   dllmain.obj
 0001:00002ba0       SyncPerfDeinitEx           10003ba0 f   SyncPerf.obj
 0001:00002bf0       ?SyncPerfFreeThreadInfo@@YAXXZ 10003bf0 f   SyncPerf.obj
 0001:00002c34       SyncPerfInitEx             10003c34 f   SyncPerf.obj
 0001:00002d00       SyncPerfFlushAndClearEx    10003d00 f   SyncPerf.obj
 0001:00002d48       SyncPerfBeginDurationEx    10003d48 f   SyncPerf.obj
 0001:00002e8c       SyncPerfEndDurationEx      10003e8c f   SyncPerf.obj
 0001:00002f00       CePerfOpenSession          10003f00 f i CePerfSessionEx.obj
 0001:00002ff8       CePerfCloseSession         10003ff8 f i CePerfSessionEx.obj
 0001:00003094       CePerfRegisterTrackedItem  10004094 f i CePerfSessionEx.obj
 0001:00003120       CePerfBeginDuration        10004120 f i CePerfSessionEx.obj
 0001:00003194       CePerfEndDuration          10004194 f i CePerfSessionEx.obj
 0001:00003224       CePerfEndDurationWithInformation 10004224 f i CePerfSessionEx.obj
 0001:000032a8       CePerfFlushSession         100042a8 f i CePerfSessionEx.obj
 0001:000033ac       ?MDPGPerfOpenSession@@YAJPAPAXPBG@Z 100043ac f i CePerfSessionEx.obj
 0001:00003438       ??0CCePerfSessionEx@@QAA@H@Z 10004438 f   CePerfSessionEx.obj
 0001:00003468       ?LookupRegisteredItem@CCePerfSessionEx@@AAAPAUCEPERF_REG_ITEM@1@PBG@Z 10004468 f   CePerfSessionEx.obj
 0001:000034cc       ?Deinit@CCePerfSessionEx@@QAAJXZ 100044cc f   CePerfSessionEx.obj
 0001:00003590       ?FlushAndClear@CCePerfSessionEx@@QAAJXZ 10004590 f   CePerfSessionEx.obj
 0001:00003608       ?MakeFullItemName@CCePerfSessionEx@@AAAJPBGPAG@Z 10004608 f   CePerfSessionEx.obj
 0001:000036c0       ?CeLogDurationMarker@CCePerfSessionEx@@CAJHPBG@Z 100046c0 f   CePerfSessionEx.obj
 0001:000037ac       ??1CCePerfSessionEx@@QAA@XZ 100047ac f   CePerfSessionEx.obj
 0001:000037c4       ?Init@CCePerfSessionEx@@QAAJPAGPBG@Z 100047c4 f   CePerfSessionEx.obj
 0001:00003924       ?BeginDuration@CCePerfSessionEx@@QAAJPBG@Z 10004924 f   CePerfSessionEx.obj
 0001:00003acc       ?EndDuration@CCePerfSessionEx@@QAAJPBG@Z 10004acc f   CePerfSessionEx.obj
 0001:00003c40       ?lineCallbackFunc@@YAXKKKKKK@Z 10004c40 f   SyncSharedUtils:UsbSwitch.obj
 0001:00003c44       ?FindDeviceID@@YAJPBGPAKPAH@Z 10004c44 f   SyncSharedUtils:UsbSwitch.obj
 0001:00003e14       ?SetBaudRate@@YAJPAUtagRASENTRYW@@PBGPAPAUvarstring_tag@@@Z 10004e14 f   SyncSharedUtils:UsbSwitch.obj
 0001:00004044       ?CreateConnectoid@@YAJPBG00@Z 10005044 f   SyncSharedUtils:UsbSwitch.obj
 0001:000041dc       ?CreateDefaultConnectoids@@YAJXZ 100051dc f   SyncSharedUtils:UsbSwitch.obj
 0001:00004390       ?GetUfnController@@YAJPAPAX@Z 10005390 f   SyncSharedUtils:UsbSwitch.obj
 0001:00004494       ?LoadFnDriver@@YAJPBG@Z    10005494 f   SyncSharedUtils:UsbSwitch.obj
 0001:0000458c       ?ChangeUSBDriver@@YAJH@Z   1000558c f   SyncSharedUtils:UsbSwitch.obj
 0001:00004630       ?GetSyncTargetName@@YAJABU_GUID@@PBGPAGKPAI@Z 10005630 f   SyncSharedUtils:CredUtil.obj
 0001:000046e4       ?IsPwdSaved@@YAJABU_GUID@@PAH@Z 100056e4 f   SyncSharedUtils:CredUtil.obj
 0001:000047a8       ?DeletePwd@@YAJABU_GUID@@@Z 100057a8 f   SyncSharedUtils:CredUtil.obj
 0001:00004894       ?DisableLogging@@YAJXZ     10005894 f   SyncSharedUtils:Logging.obj
 0001:000048ac       ?IsSyncLoggingEnabled@@YAHXZ 100058ac f   SyncSharedUtils:Logging.obj
 0001:000048bc       ?LogVoidTag@@YAJW4SYNCLOG_TAG@@@Z 100058bc f   SyncSharedUtils:Logging.obj
 0001:000048f0       ?LogStringTag@@YAJW4SYNCLOG_TAG@@PBG@Z 100058f0 f   SyncSharedUtils:Logging.obj
 0001:00004924       ?LogDwordTag@@YAJW4SYNCLOG_TAG@@K@Z 10005924 f   SyncSharedUtils:Logging.obj
 0001:00004958       ?LogDateTimeTag@@YAJW4SYNCLOG_TAG@@N@Z 10005958 f   SyncSharedUtils:Logging.obj
 0001:0000498c       ?SendLogToWatson@@YAJJ@Z   1000598c f   SyncSharedUtils:Logging.obj
 0001:000049c0       ?EnableLogging@@YAJXZ      100059c0 f   SyncSharedUtils:Logging.obj
 0001:00004be0       ?LogString@@YAJPBGZZ       10005be0 f   SyncSharedUtils:Logging.obj
 0001:00004cc8       ?SetSyncPolicyKey@@YAJABU_GUID@@PBG@Z 10005cc8 f   SyncSharedUtils:policystore.obj
 0001:00004e34       ?GetSyncPolicyKey@@YAJABU_GUID@@PAGKPAK@Z 10005e34 f   SyncSharedUtils:policystore.obj
 0001:00004ff8       ?TraceMessage@@YAJKKPBGZZ  10005ff8 f i SyncSharedUtils:GlobalUtils.obj
 0001:00005014       LaunchHelp                 10006014 f   SyncSharedUtils:GlobalUtils.obj
 0001:00005080       ?MapEnumToString@@YAPAGKPBU_EnumToStringMap@@KPAG@Z 10006080 f   SyncSharedUtils:GlobalUtils.obj
 0001:000050d0       SyncBuildScheduleCommand   100060d0 f   SyncSharedUtils:GlobalUtils.obj
 0001:00005560       SyncScheduleSyncEx         10006560 f   SyncSharedUtils:GlobalUtils.obj
 0001:000056a4       SyncScheduleSync           100066a4 f   SyncSharedUtils:GlobalUtils.obj
 0001:000056ac       VerifySyncSchedule         100066ac f   SyncSharedUtils:GlobalUtils.obj
 0001:00005768       ?_GetProcFromDLL@@YAXPAPAUHINSTANCE__@@PBGPAP6AHXZ1@Z 10006768 f   SyncSharedUtils:MailUtils.obj
 0001:000057bc       MAPILogonEx                100067bc f   SyncSharedUtils:MailUtils.obj
 0001:0000583c       MAPIFreeBuffer             1000683c f   SyncSharedUtils:MailUtils.obj
 0001:0000588c       FlushMailStore             1000688c f   SyncSharedUtils:MailUtils.obj
 0001:000058dc       ?RefreshMailApp@@YAXXZ     100068dc f   SyncSharedUtils:MailUtils.obj
 0001:00005908       ?SavePreferredBodyType@@YAJPAUIMsgStore@@K@Z 10006908 f   SyncSharedUtils:MailUtils.obj
 0001:00005990       ?get_lock@?$singleton@V?$free_list@$0GE@Vallocator@ce@@@ce@@$03V?$static_allocator@V?$free_list@$0GE@Vallocator@ce@@@ce@@$03@2@@ce@@KAAAVcritical_section@2@XZ 10006990 f i SyncSharedUtils:MailUtils.obj
 0001:000059e4       ?OpenMsgStore@@YAJPAPAUICEMAPISession@@PAPAUIMsgStore@@@Z 100069e4 f   SyncSharedUtils:MailUtils.obj
 0001:00005cc8       ?WriteStoreProps@@YAJABU_GUID@@H@Z 10006cc8 f   SyncSharedUtils:MailUtils.obj
 0001:00005f38       ?UpdateEmailAddress@@YAJABU_GUID@@PAG@Z 10006f38 f   SyncSharedUtils:MailUtils.obj
 0001:000060e4       ?UpdateMailTransport@@YAJABU_GUID@@H@Z 100070e4 f   SyncSharedUtils:MailUtils.obj
 0001:000061e0       ?_ValidateMappings@CSyncSQMSession@@AAAJXZ 100071e0 f   SyncSharedUtils:SyncSqmLog.obj
 0001:00006274       ?_SqmIncrement@@YAXKW4SQMLogDataId@@K@Z 10007274 f i SyncSharedUtils:SyncSqmLog.obj
 0001:0000632c       ?_SqmSet@@YAXKW4SQMLogDataId@@K@Z 1000732c f i SyncSharedUtils:SyncSqmLog.obj
 0001:000063e0       ?SqmLogResetErrorCount@@YAXXZ 100073e0 f   SyncSharedUtils:SyncSqmLog.obj
 0001:000063f0       ?_CheckErrorLimitHit@@YAHXZ 100073f0 f   SyncSharedUtils:SyncSqmLog.obj
 0001:0000645c       ?_GetPartnershipTypeFromGUID@@YAJU_GUID@@PAW4SQMPartnershipType@@PAK@Z 1000745c f i SyncSharedUtils:SyncSqmLog.obj
 0001:00006630       ?_GetSyncDataTypeBitmaskFromGUID@@YAKU_GUID@@@Z 10007630 f i SyncSharedUtils:SyncSqmLog.obj
 0001:00006728       ?SqmLogPingTimeout@@YAXK@Z 10007728 f   SyncSharedUtils:SyncSqmLog.obj
 0001:00006860       ?SqmLogFolderCount@@YAXK@Z 10007860 f   SyncSharedUtils:SyncSqmLog.obj
 0001:00006980       ?ParseBuildVersion@@YAJPADPAK11@Z 10007980 f   SyncSharedUtils:SyncSqmLog.obj
 0001:00006a34       ?GetMediaSession@CSyncSQMSession@@QAAJW4SQMSessionType@@PAK@Z 10007a34 f   SyncSharedUtils:SyncSqmLog.obj
 0001:00006ac4       ?_SQMLogSyncError@@YAJKPAUSyncStatus@@@Z 10007ac4 f i SyncSharedUtils:SyncSqmLog.obj
 0001:00006b48       ?SQMLogAirsyncStats@@YAXPAK0KK@Z 10007b48 f   SyncSharedUtils:SyncSqmLog.obj
 0001:00006c98       ?SQMLogIncrementAirsyncStats@@YAXW4SQMLogDataId@@K@Z 10007c98 f   SyncSharedUtils:SyncSqmLog.obj
 0001:00006d08       ?_SqmLogSourceInfo@@YAJKW4SQMPartnershipType@@U_GUID@@@Z 10007d08 f   SyncSharedUtils:SyncSqmLog.obj
 0001:00006dfc       ?SqmLogProtocolVersion@@YAXK@Z 10007dfc f   SyncSharedUtils:SyncSqmLog.obj
 0001:00007014       ?SqmLogActivesyncVersion@@YAXK@Z 10008014 f   SyncSharedUtils:SyncSqmLog.obj
 0001:00007134       ?SqmLogNPWRunonDevice@@YAXK@Z 10008134 f   SyncSharedUtils:SyncSqmLog.obj
 0001:0000724c       ?SQMLogSyncStats@@YAXPAUSyncStatus@@@Z 1000824c f   SyncSharedUtils:SyncSqmLog.obj
 0001:00007674       ?SqmLogPartnershipInfo@@YAXK@Z 10008674 f   SyncSharedUtils:SyncSqmLog.obj
 0001:00007814       ?SqmLogScheduleInfo@@YAXK@Z 10008814 f   SyncSharedUtils:SyncSqmLog.obj
 0001:00007a44       ?MapError2@@YAJKPBUErrorMapEntry@@HJ@Z 10008a44 f   SyncSharedUtils:ConnectionUtils.obj
 0001:00007a90       ConnectionManagerStatusToHresult 10008a90 f   SyncSharedUtils:ConnectionUtils.obj
 0001:00007aa8       CloseCMSession             10008aa8 f   SyncSharedUtils:ConnectionUtils.obj
 0001:00007abc       CreateCMSession            10008abc f   SyncSharedUtils:ConnectionUtils.obj
 0001:00007ad4       CreateCMSessionReference   10008ad4 f   SyncSharedUtils:ConnectionUtils.obj
 0001:00007b04       ?_SetRequirements@@YAJKPAUCM_SESSION_HANDLE__@@@Z 10008b04 f   SyncSharedUtils:ConnectionUtils.obj
 0001:00007bc0       ?_SetPreferences@@YAJKPAUCM_SESSION_HANDLE__@@@Z 10008bc0 f   SyncSharedUtils:ConnectionUtils.obj
 0001:00007c78       SetConnectionProperties    10008c78 f   SyncSharedUtils:ConnectionUtils.obj
 0001:00007c9c       SyncPerfGetProviderTag     10008c9c f   SyncSharedUtils:SyncPerfWrap.obj
 0001:00007cf4       SyncPerfGetServerCmdTag    10008cf4 f   SyncSharedUtils:SyncPerfWrap.obj
 0001:00007d4c       SyncPerfGetPurgeTag        10008d4c f   SyncSharedUtils:SyncPerfWrap.obj
 0001:00007e48       TlsCall                    10008e48 f   coredll:COREDLL.dll
 0001:00007e58       InterlockedIncrement       10008e58 f   coredll:COREDLL.dll
 0001:00007e68       InterlockedDecrement       10008e68 f   coredll:COREDLL.dll
 0001:00007e78       InterlockedExchange        10008e78 f   coredll:COREDLL.dll
 0001:00007e88       TlsSetValue                10008e88 f   coredll:COREDLL.dll
 0001:00007e98       TlsGetValue                10008e98 f   coredll:COREDLL.dll
 0001:00007ea8       StringCbCopyW              10008ea8 f   coredll:COREDLL.dll
 0001:00007eb8       DeleteFileW                10008eb8 f   coredll:COREDLL.dll
 0001:00007ec8       StringCbPrintfW            10008ec8 f   coredll:COREDLL.dll
 0001:00007ed8       CePerfDLLCleanup           10008ed8 f   coredll:COREDLL.dll
 0001:00007ee8       CePerfDLLSetup             10008ee8 f   coredll:COREDLL.dll
 0001:00007ef8       InitializeCriticalSection  10008ef8 f   coredll:COREDLL.dll
 0001:00007f08       DSA_GetItemPtr             10008f08 f   coredll:COREDLL.dll
 0001:00007f18       LeaveCriticalSection       10008f18 f   coredll:COREDLL.dll
 0001:00007f28       DSA_Destroy                10008f28 f   coredll:COREDLL.dll
 0001:00007f38       DPA_Destroy                10008f38 f   coredll:COREDLL.dll
 0001:00007f48       EnterCriticalSection       10008f48 f   coredll:COREDLL.dll
 0001:00007f58       DPA_DeleteAllPtrs          10008f58 f   coredll:COREDLL.dll
 0001:00007f68       StringCchCatNW             10008f68 f   coredll:COREDLL.dll
 0001:00007f78       StringCchCatW              10008f78 f   coredll:COREDLL.dll
 0001:00007f88       DPA_GetPtr                 10008f88 f   coredll:COREDLL.dll
 0001:00007f98       CeLogData                  10008f98 f   coredll:COREDLL.dll
 0001:00007fa8       StringCchCopyW             10008fa8 f   coredll:COREDLL.dll
 0001:00007fb8       DeleteCriticalSection      10008fb8 f   coredll:COREDLL.dll
 0001:00007fc8       DPA_Create                 10008fc8 f   coredll:COREDLL.dll
 0001:00007fd8       DSA_Create                 10008fd8 f   coredll:COREDLL.dll
 0001:00007fe8       DPA_InsertPtr              10008fe8 f   coredll:COREDLL.dll
 0001:00007ff8       DSA_InsertItem             10008ff8 f   coredll:COREDLL.dll
 0001:00008008       DPA_DeletePtr              10009008 f   coredll:COREDLL.dll
 0001:00008018       lineShutdown               10009018 f   coredll:COREDLL.dll
 0001:00008028       LocalFree                  10009028 f   coredll:COREDLL.dll
 0001:00008038       lineGetDevCaps             10009038 f   coredll:COREDLL.dll
 0001:00008048       LocalAlloc                 10009048 f   coredll:COREDLL.dll
 0001:00008058       lineInitialize             10009058 f   coredll:COREDLL.dll
 0001:00008068       lineClose                  10009068 f   coredll:COREDLL.dll
 0001:00008078       lineDevSpecific            10009078 f   coredll:COREDLL.dll
 0001:00008088       lineGetDevConfig           10009088 f   coredll:COREDLL.dll
 0001:00008098       lineOpen                   10009098 f   coredll:COREDLL.dll
 0001:000080a8       RasSetEntryProperties      100090a8 f   coredll:COREDLL.dll
 0001:000080b8       Sleep                      100090b8 f   coredll:COREDLL.dll
 0001:000080c8       RasGetEntryProperties      100090c8 f   coredll:COREDLL.dll
 0001:000080d8       RegCloseKey                100090d8 f   coredll:COREDLL.dll
 0001:000080e8       RegistrySetString          100090e8 f   coredll:COREDLL.dll
 0001:000080f8       RegEnumValueW              100090f8 f   coredll:COREDLL.dll
 0001:00008108       RegOpenKeyExW              10009108 f   coredll:COREDLL.dll
 0001:00008118       RegistryGetString          10009118 f   coredll:COREDLL.dll
 0001:00008128       GetLastError               10009128 f   coredll:COREDLL.dll
 0001:00008138       CreateFileW                10009138 f   coredll:COREDLL.dll
 0001:00008148       FindClose                  10009148 f   coredll:COREDLL.dll
 0001:00008158       FindFirstDevice            10009158 f   coredll:COREDLL.dll
 0001:00008168       CloseHandle                10009168 f   coredll:COREDLL.dll
 0001:00008178       DeviceIoControl            10009178 f   coredll:COREDLL.dll
 0001:00008188       RegFlushKey                10009188 f   coredll:COREDLL.dll
 0001:00008198       StringCchLengthW           10009198 f   coredll:COREDLL.dll
 0001:000081a8       CredFree                   100091a8 f   coredll:COREDLL.dll
 0001:000081b8       CredRead                   100091b8 f   coredll:COREDLL.dll
 0001:000081c8       CredDelete                 100091c8 f   coredll:COREDLL.dll
 0001:000081d8       GetProcAddressW            100091d8 f   coredll:COREDLL.dll
 0001:000081e8       LoadLibraryW               100091e8 f   coredll:COREDLL.dll
 0001:000081f8       StringCchVPrintfW          100091f8 f   coredll:COREDLL.dll
 0001:00008208       CredWrite                  10009208 f   coredll:COREDLL.dll
 0001:00008218       StringCchCopyExW           10009218 f   coredll:COREDLL.dll
 0001:00008228       CreateProcessW             10009228 f   coredll:COREDLL.dll
 0001:00008238       LoadStringW                10009238 f   coredll:COREDLL.dll
 0001:00008248       PostMessageW               10009248 f   coredll:COREDLL.dll
 0001:00008258       FindWindowW                10009258 f   coredll:COREDLL.dll
 0001:00008268       StringCbPrintfExW          10009268 f   coredll:COREDLL.dll
 0001:00008278       FreeLibrary                10009278 f   coredll:COREDLL.dll
 0001:00008288       StringCchPrintfExW         10009288 f   coredll:COREDLL.dll
 0001:00008298       WideCharToMultiByte        10009298 f   coredll:COREDLL.dll
 0001:000082a8       CLSIDFromString            100092a8 f   ole32:ole32.dll
 0001:000082b8       StringFromGUID2            100092b8 f   ole32:ole32.dll
 0001:000082c8       CreateStreamOnHGlobal      100092c8 f   ole32:ole32.dll
 0001:000082d8       CoCreateInstance           100092d8 f   ole32:ole32.dll
 0001:000082e8       CoUninitialize             100092e8 f   ole32:ole32.dll
 0001:000082f8       CoInitializeEx             100092f8 f   ole32:ole32.dll
 0001:00008308       SysFreeString              10009308 f   oleaut32:OLEAUT32.dll
 0001:00008318       SysAllocStringByteLen      10009318 f   oleaut32:OLEAUT32.dll
 0001:00008328       ?SLockAcquire@@YAHXZ       10009328 f   sqmproxy:sqmproxy.obj
 0001:00008394       ?Client_Attach@@YAHXZ      10009394 f   sqmproxy:sqmproxy.obj
 0001:00008830       SqmGetManagedSession       10009830 f   sqmproxy:sqmproxy.obj
 0001:000088a4       SqmSet                     100098a4 f   sqmproxy:sqmproxy.obj
 0001:00008904       SqmAddToStream             10009904 f   sqmproxy:sqmproxy.obj
 0001:00008968       SqmGet                     10009968 f   sqmproxy:sqmproxy.obj
 0001:000089e4       CmCloseSession             100099e4 f   CmNet:CmNet.dll
 0001:000089f4       CmCreateSession            100099f4 f   CmNet:CmNet.dll
 0001:00008a04       CmCreateSessionReference   10009a04 f   CmNet:CmNet.dll
 0001:00008a14       CmSetRequirements          10009a14 f   CmNet:CmNet.dll
 0001:00008a24       CmSetPreferences           10009a24 f   CmNet:CmNet.dll
 0001:00008a34       SyncGetRegistryDWORDAsBOOL 10009a34 f   asutil:ASUTIL.dll
 0001:00008a44       ?RetailLogMessageEx@@YAJKKPBGPAD@Z 10009a44 f   asutil:ASUTIL.dll
 0001:00008a54       ?RetailLogExitEx@@YAXKJ@Z  10009a54 f   asutil:ASUTIL.dll
 0001:00008a64       GetLocalVariantTime        10009a64 f   asutil:ASUTIL.dll
 0001:00008a74       ?RetailLogEnterEx@@YAXKPBD@Z 10009a74 f   asutil:ASUTIL.dll
 0001:00008a84       GetSyncStoreId             10009a84 f   asutil:ASUTIL.dll
 0001:00008a94       SyncGetRegistrySZ          10009a94 f   asutil:ASUTIL.dll
 0001:00008aa4       SyncPerfEndDuration        10009aa4 f   asutil:ASUTIL.dll
 0001:00008ab4       SetRegDWORD                10009ab4 f   asutil:ASUTIL.dll
 0001:00008ac4       SyncPerfBeginDuration      10009ac4 f   asutil:ASUTIL.dll
 0001:00008ad4       GetRegSZ                   10009ad4 f   asutil:ASUTIL.dll
 0001:00008ae4       GetDataSourceProps         10009ae4 f   asutil:ASUTIL.dll
 0001:00008af4       SyncSetRegistryDWORD       10009af4 f   asutil:ASUTIL.dll
 0001:00008b04       SyncGetRegistryDWORDAsPositiveInt 10009b04 f   asutil:ASUTIL.dll
 0001:00008b14       CountServerSources         10009b14 f   asutil:ASUTIL.dll
 0001:00008b24       SyncGetRegistryDWORD       10009b24 f   asutil:ASUTIL.dll
 0001:00008b34       CountSources               10009b34 f   asutil:ASUTIL.dll
 0001:00008b44       GetStatStorCradled         10009b44 f   asutil:ASUTIL.dll
 0001:00008b54       EnumDataTypeClose          10009b54 f   asutil:ASUTIL.dll
 0001:00008b64       EnumDataTypeNext           10009b64 f   asutil:ASUTIL.dll
 0001:00008b74       IsSourceDataTypeEnabled    10009b74 f   asutil:ASUTIL.dll
 0001:00008b84       EnumAllDataTypes           10009b84 f   asutil:ASUTIL.dll
 0001:00008b94       EnumDataSourceClose        10009b94 f   asutil:ASUTIL.dll
 0001:00008ba4       SyncOpenRegKey             10009ba4 f   asutil:ASUTIL.dll
 0001:00008bb4       EnumDataSourceNext         10009bb4 f   asutil:ASUTIL.dll
 0001:00008bc4       EnumAllDataSources         10009bc4 f   asutil:ASUTIL.dll
 0001:00008bd4       SyncCreateRegKey           10009bd4 f   asutil:ASUTIL.dll
 0001:00008cdc       _DllMainCRTStartup         10009cdc f   corelib0:pegdmain.obj
 0001:00008d08       __GSHandlerCheckCommon     10009d08 f   corelib0:gshandler.obj
 0001:00008d44       __GSHandlerCheck           10009d44 f   corelib0:gshandler.obj
 0001:00008d64       __security_init_cookie     10009d64 f   corelib0:seccinit.obj
 0001:00008db0       __security_check_cookie    10009db0 f   corelib0:armsecgs.obj
 0001:00008dc0       __gsfailure                10009dc0     corelib0:armsecgs.obj
 0001:00008e0c       _onexit                    10009e0c f   corelib0:onexit.obj
 0001:00008f90       atexit                     10009f90 f   corelib0:onexit.obj
 0001:00009090       _cexit                     1000a090 f   corelib0:cexit.obj
 0001:000090a0       _initterm                  1000a0a0 f   corelib0:crt0dat.obj
 0001:000090cc       _cinit                     1000a0cc f   corelib0:crt0dat.obj
 0001:0000912c       __crt_ExitProcess          1000a12c f   corelib0:exitproc_proxy.obj
 0001:00009138       ??3@YAXPAX@Z               1000a138 f   corelib1:COREDLL.dll
 0001:00009148       ??2@YAPAXI@Z               1000a148 f   corelib1:COREDLL.dll
 0001:00009158       __C_specific_handler       1000a158 f   corelib1:COREDLL.dll
 0001:00009168       memset                     1000a168 f   corelib1:COREDLL.dll
 0001:00009178       memcpy                     1000a178 f   corelib1:COREDLL.dll
 0001:00009188       wcscmp                     1000a188 f   corelib1:COREDLL.dll
 0001:00009198       wcsrchr                    1000a198 f   corelib1:COREDLL.dll
 0001:000091a8       wcslen                     1000a1a8 f   corelib1:COREDLL.dll
 0001:000091b8       wcschr                     1000a1b8 f   corelib1:COREDLL.dll
 0001:000091c8       wcstol                     1000a1c8 f   corelib1:COREDLL.dll
 0001:000091d8       memcmp                     1000a1d8 f   corelib1:COREDLL.dll
 0001:000091e8       ??_V@YAXPAX@Z              1000a1e8 f   corelib1:COREDLL.dll
 0001:000091f8       wcsncmp                    1000a1f8 f   corelib1:COREDLL.dll
 0001:00009208       ??_U@YAPAXI@Z              1000a208 f   corelib1:COREDLL.dll
 0001:00009218       wcscspn                    1000a218 f   corelib1:COREDLL.dll
 0001:00009228       free                       1000a228 f   corelib1:COREDLL.dll
 0001:00009238       malloc                     1000a238 f   corelib1:COREDLL.dll
 0001:00009248       _XcptFilter                1000a248 f   corelib1:COREDLL.dll
 0001:00009258       __security_gen_cookie2     1000a258 f   corelib1:COREDLL.dll
 0001:00009268       __report_gsfailure         1000a268 f   corelib1:COREDLL.dll
 0001:00009278       realloc                    1000a278 f   corelib1:COREDLL.dll
 0001:00009288       _msize                     1000a288 f   corelib1:COREDLL.dll
 0001:00009298       InterlockedCompareExchange 1000a298 f   coredll:COREDLL.dll
 0001:000092a8       TerminateProcess           1000a2a8 f   coredll:COREDLL.dll
 0001:000092e4       ??__Fcs@?1??get_lock@?$singleton@V?$free_list@$0GE@Vallocator@ce@@@ce@@$03V?$static_allocator@V?$free_list@$0GE@Vallocator@ce@@@ce@@$03@2@@ce@@KAAAVcritical_section@2@XZ@YAXXZ 1000a2e4 f i SyncSharedUtils:MailUtils.obj
 0001:00009458       __IMPORT_DESCRIPTOR_COREDLL 1000a458     coredll:COREDLL.dll
 0001:0000946c       __IMPORT_DESCRIPTOR_ole32  1000a46c     ole32:ole32.dll
 0001:00009480       __IMPORT_DESCRIPTOR_OLEAUT32 1000a480     oleaut32:OLEAUT32.dll
 0001:00009494       __IMPORT_DESCRIPTOR_CmNet  1000a494     CmNet:CmNet.dll
 0001:000094a8       __IMPORT_DESCRIPTOR_ASUTIL 1000a4a8     asutil:ASUTIL.dll
 0001:000094bc       __NULL_IMPORT_DESCRIPTOR   1000a4bc     coredll:COREDLL.dll
 0002:00000000       __imp_?c_wszNPWRunOnDevice@@3QBGB 1000c000     asutil:ASUTIL.dll
 0002:00000004       __imp_EnumAllDataSources   1000c004     asutil:ASUTIL.dll
 0002:00000008       __imp_EnumDataSourceNext   1000c008     asutil:ASUTIL.dll
 0002:0000000c       __imp_SyncOpenRegKey       1000c00c     asutil:ASUTIL.dll
 0002:00000010       __imp_EnumDataSourceClose  1000c010     asutil:ASUTIL.dll
 0002:00000014       __imp_EnumAllDataTypes     1000c014     asutil:ASUTIL.dll
 0002:00000018       __imp_IsSourceDataTypeEnabled 1000c018     asutil:ASUTIL.dll
 0002:0000001c       __imp_EnumDataTypeNext     1000c01c     asutil:ASUTIL.dll
 0002:00000020       __imp_EnumDataTypeClose    1000c020     asutil:ASUTIL.dll
 0002:00000024       __imp_GetStatStorCradled   1000c024     asutil:ASUTIL.dll
 0002:00000028       __imp_CountSources         1000c028     asutil:ASUTIL.dll
 0002:0000002c       __imp_SyncGetRegistryDWORD 1000c02c     asutil:ASUTIL.dll
 0002:00000030       __imp_CountServerSources   1000c030     asutil:ASUTIL.dll
 0002:00000034       __imp_SyncGetRegistryDWORDAsPositiveInt 1000c034     asutil:ASUTIL.dll
 0002:00000038       __imp_SyncSetRegistryDWORD 1000c038     asutil:ASUTIL.dll
 0002:0000003c       __imp_GetDataSourceProps   1000c03c     asutil:ASUTIL.dll
 0002:00000040       __imp_?c_wszDataSourceID@@3QBGB 1000c040     asutil:ASUTIL.dll
 0002:00000044       __imp_?c_wszPartnerIdKey@@3QBGB 1000c044     asutil:ASUTIL.dll
 0002:00000048       __imp_GetRegSZ             1000c048     asutil:ASUTIL.dll
 0002:0000004c       __imp_SyncPerfBeginDuration 1000c04c     asutil:ASUTIL.dll
 0002:00000050       __imp_SetRegDWORD          1000c050     asutil:ASUTIL.dll
 0002:00000054       __imp_SyncPerfEndDuration  1000c054     asutil:ASUTIL.dll
 0002:00000058       __imp_?c_wszEmailAddress@@3QBGB 1000c058     asutil:ASUTIL.dll
 0002:0000005c       __imp_SyncGetRegistrySZ    1000c05c     asutil:ASUTIL.dll
 0002:00000060       __imp_GetSyncStoreId       1000c060     asutil:ASUTIL.dll
 0002:00000064       __imp_?RetailLogEnterEx@@YAXKPBD@Z 1000c064     asutil:ASUTIL.dll
 0002:00000068       __imp_GetLocalVariantTime  1000c068     asutil:ASUTIL.dll
 0002:0000006c       __imp_?RetailLogExitEx@@YAXKJ@Z 1000c06c     asutil:ASUTIL.dll
 0002:00000070       __imp_?RetailLogMessageEx@@YAJKKPBGPAD@Z 1000c070     asutil:ASUTIL.dll
 0002:00000074       __imp_SyncGetRegistryDWORDAsBOOL 1000c074     asutil:ASUTIL.dll
 0002:00000078       __imp_SyncCreateRegKey     1000c078     asutil:ASUTIL.dll
 0002:0000007c       \177ASUTIL_NULL_THUNK_DATA 1000c07c     asutil:ASUTIL.dll
 0002:00000080       __imp_lineInitialize       1000c080     coredll:COREDLL.dll
 0002:00000084       __imp_lineClose            1000c084     coredll:COREDLL.dll
 0002:00000088       __imp_lineDevSpecific      1000c088     coredll:COREDLL.dll
 0002:0000008c       __imp_lineGetDevConfig     1000c08c     coredll:COREDLL.dll
 0002:00000090       __imp_lineOpen             1000c090     coredll:COREDLL.dll
 0002:00000094       __imp_RasSetEntryProperties 1000c094     coredll:COREDLL.dll
 0002:00000098       __imp_Sleep                1000c098     coredll:COREDLL.dll
 0002:0000009c       __imp_RasGetEntryProperties 1000c09c     coredll:COREDLL.dll
 0002:000000a0       __imp_RegCloseKey          1000c0a0     coredll:COREDLL.dll
 0002:000000a4       __imp_RegistrySetString    1000c0a4     coredll:COREDLL.dll
 0002:000000a8       __imp_RegEnumValueW        1000c0a8     coredll:COREDLL.dll
 0002:000000ac       __imp_RegOpenKeyExW        1000c0ac     coredll:COREDLL.dll
 0002:000000b0       __imp_RegistryGetString    1000c0b0     coredll:COREDLL.dll
 0002:000000b4       __imp_GetLastError         1000c0b4     coredll:COREDLL.dll
 0002:000000b8       __imp_CreateFileW          1000c0b8     coredll:COREDLL.dll
 0002:000000bc       __imp_FindClose            1000c0bc     coredll:COREDLL.dll
 0002:000000c0       __imp_FindFirstDevice      1000c0c0     coredll:COREDLL.dll
 0002:000000c4       __imp_CloseHandle          1000c0c4     coredll:COREDLL.dll
 0002:000000c8       __imp_DeviceIoControl      1000c0c8     coredll:COREDLL.dll
 0002:000000cc       __imp_RegFlushKey          1000c0cc     coredll:COREDLL.dll
 0002:000000d0       __imp_StringCchLengthW     1000c0d0     coredll:COREDLL.dll
 0002:000000d4       __imp_CredFree             1000c0d4     coredll:COREDLL.dll
 0002:000000d8       __imp_CredRead             1000c0d8     coredll:COREDLL.dll
 0002:000000dc       __imp_CredDelete           1000c0dc     coredll:COREDLL.dll
 0002:000000e0       __imp_GetProcAddressW      1000c0e0     coredll:COREDLL.dll
 0002:000000e4       __imp_LoadLibraryW         1000c0e4     coredll:COREDLL.dll
 0002:000000e8       __imp_StringCchVPrintfW    1000c0e8     coredll:COREDLL.dll
 0002:000000ec       __imp_CredWrite            1000c0ec     coredll:COREDLL.dll
 0002:000000f0       __imp_StringCchCopyExW     1000c0f0     coredll:COREDLL.dll
 0002:000000f4       __imp_LocalAlloc           1000c0f4     coredll:COREDLL.dll
 0002:000000f8       __imp_CreateProcessW       1000c0f8     coredll:COREDLL.dll
 0002:000000fc       __imp_LoadStringW          1000c0fc     coredll:COREDLL.dll
 0002:00000100       __imp_PostMessageW         1000c100     coredll:COREDLL.dll
 0002:00000104       __imp_FindWindowW          1000c104     coredll:COREDLL.dll
 0002:00000108       __imp_StringCbPrintfExW    1000c108     coredll:COREDLL.dll
 0002:0000010c       __imp_FreeLibrary          1000c10c     coredll:COREDLL.dll
 0002:00000110       __imp_StringCchPrintfExW   1000c110     coredll:COREDLL.dll
 0002:00000114       __imp_WideCharToMultiByte  1000c114     coredll:COREDLL.dll
 0002:00000118       __imp_InterlockedCompareExchange 1000c118     coredll:COREDLL.dll
 0002:0000011c       __imp__msize               1000c11c     corelib1:COREDLL.dll
 0002:00000120       __imp_realloc              1000c120     corelib1:COREDLL.dll
 0002:00000124       __imp___report_gsfailure   1000c124     corelib1:COREDLL.dll
 0002:00000128       __imp___security_gen_cookie2 1000c128     corelib1:COREDLL.dll
 0002:0000012c       __imp__XcptFilter          1000c12c     corelib1:COREDLL.dll
 0002:00000130       __imp_malloc               1000c130     corelib1:COREDLL.dll
 0002:00000134       __imp_free                 1000c134     corelib1:COREDLL.dll
 0002:00000138       __imp_wcscspn              1000c138     corelib1:COREDLL.dll
 0002:0000013c       __imp_??_U@YAPAXI@Z        1000c13c     corelib1:COREDLL.dll
 0002:00000140       __imp_wcsncmp              1000c140     corelib1:COREDLL.dll
 0002:00000144       __imp_??_V@YAXPAX@Z        1000c144     corelib1:COREDLL.dll
 0002:00000148       __imp_memcmp               1000c148     corelib1:COREDLL.dll
 0002:0000014c       __imp_wcstol               1000c14c     corelib1:COREDLL.dll
 0002:00000150       __imp_wcschr               1000c150     corelib1:COREDLL.dll
 0002:00000154       __imp_lineGetDevCaps       1000c154     coredll:COREDLL.dll
 0002:00000158       __imp_LocalFree            1000c158     coredll:COREDLL.dll
 0002:0000015c       __imp_lineShutdown         1000c15c     coredll:COREDLL.dll
 0002:00000160       __imp_DPA_DeletePtr        1000c160     coredll:COREDLL.dll
 0002:00000164       __imp_DSA_InsertItem       1000c164     coredll:COREDLL.dll
 0002:00000168       __imp_DPA_InsertPtr        1000c168     coredll:COREDLL.dll
 0002:0000016c       __imp_DSA_Create           1000c16c     coredll:COREDLL.dll
 0002:00000170       __imp_DPA_Create           1000c170     coredll:COREDLL.dll
 0002:00000174       __imp_DeleteCriticalSection 1000c174     coredll:COREDLL.dll
 0002:00000178       __imp_StringCchCopyW       1000c178     coredll:COREDLL.dll
 0002:0000017c       __imp_CeLogData            1000c17c     coredll:COREDLL.dll
 0002:00000180       __imp_DPA_GetPtr           1000c180     coredll:COREDLL.dll
 0002:00000184       __imp_StringCchCatW        1000c184     coredll:COREDLL.dll
 0002:00000188       __imp_StringCchCatNW       1000c188     coredll:COREDLL.dll
 0002:0000018c       __imp_DPA_DeleteAllPtrs    1000c18c     coredll:COREDLL.dll
 0002:00000190       __imp_EnterCriticalSection 1000c190     coredll:COREDLL.dll
 0002:00000194       __imp_DPA_Destroy          1000c194     coredll:COREDLL.dll
 0002:00000198       __imp_DSA_Destroy          1000c198     coredll:COREDLL.dll
 0002:0000019c       __imp_LeaveCriticalSection 1000c19c     coredll:COREDLL.dll
 0002:000001a0       __imp_DSA_GetItemPtr       1000c1a0     coredll:COREDLL.dll
 0002:000001a4       __imp_InitializeCriticalSection 1000c1a4     coredll:COREDLL.dll
 0002:000001a8       __imp_CePerfDLLSetup       1000c1a8     coredll:COREDLL.dll
 0002:000001ac       __imp_CePerfDLLCleanup     1000c1ac     coredll:COREDLL.dll
 0002:000001b0       __imp_StringCbPrintfW      1000c1b0     coredll:COREDLL.dll
 0002:000001b4       __imp_DeleteFileW          1000c1b4     coredll:COREDLL.dll
 0002:000001b8       __imp_StringCbCopyW        1000c1b8     coredll:COREDLL.dll
 0002:000001bc       __imp_TlsGetValue          1000c1bc     coredll:COREDLL.dll
 0002:000001c0       __imp_TlsSetValue          1000c1c0     coredll:COREDLL.dll
 0002:000001c4       __imp_InterlockedExchange  1000c1c4     coredll:COREDLL.dll
 0002:000001c8       __imp_InterlockedDecrement 1000c1c8     coredll:COREDLL.dll
 0002:000001cc       __imp_InterlockedIncrement 1000c1cc     coredll:COREDLL.dll
 0002:000001d0       __imp_TlsCall              1000c1d0     coredll:COREDLL.dll
 0002:000001d4       __imp_??3@YAXPAX@Z         1000c1d4     corelib1:COREDLL.dll
 0002:000001d8       __imp_??2@YAPAXI@Z         1000c1d8     corelib1:COREDLL.dll
 0002:000001dc       __imp___C_specific_handler 1000c1dc     corelib1:COREDLL.dll
 0002:000001e0       __imp_memset               1000c1e0     corelib1:COREDLL.dll
 0002:000001e4       __imp_memcpy               1000c1e4     corelib1:COREDLL.dll
 0002:000001e8       __imp_wcscmp               1000c1e8     corelib1:COREDLL.dll
 0002:000001ec       __imp_wcsrchr              1000c1ec     corelib1:COREDLL.dll
 0002:000001f0       __imp_wcslen               1000c1f0     corelib1:COREDLL.dll
 0002:000001f4       __imp_TerminateProcess     1000c1f4     coredll:COREDLL.dll
 0002:000001f8       \177COREDLL_NULL_THUNK_DATA 1000c1f8     coredll:COREDLL.dll
 0002:000001fc       __imp_CmSetPreferences     1000c1fc     CmNet:CmNet.dll
 0002:00000200       __imp_CmSetRequirements    1000c200     CmNet:CmNet.dll
 0002:00000204       __imp_CmCreateSessionReference 1000c204     CmNet:CmNet.dll
 0002:00000208       __imp_CmCreateSession      1000c208     CmNet:CmNet.dll
 0002:0000020c       __imp_CmCloseSession       1000c20c     CmNet:CmNet.dll
 0002:00000210       \177CmNet_NULL_THUNK_DATA  1000c210     CmNet:CmNet.dll
 0002:00000214       __imp_SysAllocStringByteLen 1000c214     oleaut32:OLEAUT32.dll
 0002:00000218       __imp_SysFreeString        1000c218     oleaut32:OLEAUT32.dll
 0002:0000021c       \177OLEAUT32_NULL_THUNK_DATA 1000c21c     oleaut32:OLEAUT32.dll
 0002:00000220       __imp_CoUninitialize       1000c220     ole32:ole32.dll
 0002:00000224       __imp_CreateStreamOnHGlobal 1000c224     ole32:ole32.dll
 0002:00000228       __imp_StringFromGUID2      1000c228     ole32:ole32.dll
 0002:0000022c       __imp_CLSIDFromString      1000c22c     ole32:ole32.dll
 0002:00000230       __imp_CoCreateInstance     1000c230     ole32:ole32.dll
 0002:00000234       __imp_CoInitializeEx       1000c234     ole32:ole32.dll
 0002:00000238       \177ole32_NULL_THUNK_DATA  1000c238     ole32:ole32.dll
 0002:00000244       ?g_dwSyncPerfTlsIndex@@3KA 1000c244     SyncPerf.obj
 0002:00000418       ?g_sqmPartnerShipInfo@@3PAW4SQMLogDataId@@A 1000c418     SyncSharedUtils:SyncSqmLog.obj
 0002:00000424       ?g_sqmAirsyncInfo@@3PAW4SQMLogDataId@@A 1000c424     SyncSharedUtils:SyncSqmLog.obj
 0002:00000430       __security_cookie          1000c430     corelib0:seccinit.obj
 0002:00000434       __security_cookie_complement 1000c434     corelib0:seccinit.obj
 0002:0000043c       ?g_hSyncUtilInstance@@3PAXA 1000c43c     dllmain.obj
 0002:00000444       pCePerfInternal            1000c444     SyncPerf.obj
 0002:00000448       ?g_szSyncSessionFileName@@3PAGA 1000c448     SyncPerf.obj
 0002:00000650       ?g_szSyncSessionName@@3PAGA 1000c650     SyncPerf.obj
 0002:00000690       ?g_fWatsonLoggingEnabled@@3HA 1000c690     SyncSharedUtils:Logging.obj
 0002:00000694       ?g_hinstSyncLog@@3PAUHINSTANCE__@@A 1000c694     SyncSharedUtils:Logging.obj
 0002:00000698       ?g_pfnInitWatsonLogging@@3P6AJXZA 1000c698     SyncSharedUtils:Logging.obj
 0002:0000069c       ?g_pfnDeinitWatsonLogging@@3P6AJXZA 1000c69c     SyncSharedUtils:Logging.obj
 0002:000006a0       ?g_pfnLogString@@3P6AJPBG@ZA 1000c6a0     SyncSharedUtils:Logging.obj
 0002:000006a4       ?g_pfnLogVoidTag@@3P6AJW4SYNCLOG_TAG@@@ZA 1000c6a4     SyncSharedUtils:Logging.obj
 0002:000006a8       ?g_pfnLogStringTag@@3P6AJW4SYNCLOG_TAG@@PBG@ZA 1000c6a8     SyncSharedUtils:Logging.obj
 0002:000006ac       ?g_pfnLogDwordTag@@3P6AJW4SYNCLOG_TAG@@K@ZA 1000c6ac     SyncSharedUtils:Logging.obj
 0002:000006b0       ?g_pfnLogDateTimeTag@@3P6AJW4SYNCLOG_TAG@@N@ZA 1000c6b0     SyncSharedUtils:Logging.obj
 0002:000006b4       ?g_pfnSendLogToWatson@@3P6AJJ@ZA 1000c6b4     SyncSharedUtils:Logging.obj
 0002:000006b8       ?g_hinstCemapi@@3PAUHINSTANCE__@@A 1000c6b8     SyncSharedUtils:MailUtils.obj
 0002:000006c8       ??_B?1??get_lock@?$singleton@V?$free_list@$0GE@Vallocator@ce@@@ce@@$03V?$static_allocator@V?$free_list@$0GE@Vallocator@ce@@@ce@@$03@2@@ce@@KAAAVcritical_section@2@XZ@51 1000c6c8     SyncSharedUtils:MailUtils.obj
 0002:000006cc       ?cs@?1??get_lock@?$singleton@V?$free_list@$0GE@Vallocator@ce@@@ce@@$03V?$static_allocator@V?$free_list@$0GE@Vallocator@ce@@@ce@@$03@2@@ce@@KAAAVcritical_section@3@XZ@4V43@A 1000c6cc     SyncSharedUtils:MailUtils.obj
 0002:000006e0       ?_factory@?$singleton@V?$free_list@$0GE@Vallocator@ce@@@ce@@$03V?$static_allocator@V?$free_list@$0GE@Vallocator@ce@@@ce@@$03@2@@ce@@1Ulock_factory@12@A 1000c6e0     SyncSharedUtils:MailUtils.obj
 0002:000007ac       ?g_pcsLock@@3PAUCRITICAL_SECTION@@A 1000c7ac     sqmproxy:sqmproxy.obj
 0002:000007b0       _exitflag                  1000c7b0     corelib0:cexit.obj
 0002:000007b4       __onexitend                1000c7b4     <common>
 0002:000007b8       __onexitbegin              1000c7b8     <common>
 0002:000007bc       g_pcsExit                  1000c7bc     <common>
 0002:000007c0       _pRawDllMain               1000c7c0     <common>

 entry point at        0001:00008cdc

 Static symbols

 0001:000054e4       ?GetDefaultSchedule@@YAJPAPAUIActiveSyncSchedule@@@Z 100064e4 f   SyncSharedUtils:GlobalUtils.obj
 0001:00005b50       ?OpenPartnerStore@@YAJABU_GUID@@PAPAUIMsgStore@@@Z 10006b50 f   SyncSharedUtils:MailUtils.obj
 0001:00008bec       _DllMainCRTStartupHelper   10009bec f   corelib0:pegdmain.obj
 0001:00008fa8       doexit                     10009fa8 f   corelib0:cexit.obj
 0001:000092b8       ??__E?_factory@?$singleton@V?$free_list@$0GE@Vallocator@ce@@@ce@@$03V?$static_allocator@V?$free_list@$0GE@Vallocator@ce@@@ce@@$03@2@@ce@@1Ulock_factory@12@A@@YAXXZ 1000a2b8 f   SyncSharedUtils:MailUtils.obj
 0001:000092bc       ??__Eg_SqmSession@@YAXXZ   1000a2bc f   SyncSharedUtils:SyncSqmLog.obj
 0001:000092f0       ??__Fg_SqmSession@@YAXXZ   1000a2f0 f   SyncSharedUtils:SyncSqmLog.obj

 Exports

  ordinal    name

      326    LaunchHelp
      341    SyncPerfInitEx
      342    SyncPerfDeinitEx
      343    SyncPerfBeginDurationEx
      344    SyncPerfEndDurationEx
      345    SyncPerfFlushAndClearEx
      349    SyncPerfGetProviderTag
      350    SyncPerfGetServerCmdTag
      351    SyncPerfGetPurgeTag
      375    ?EnableLogging@@YAJXZ (long __cdecl EnableLogging(void))
      376    ?DisableLogging@@YAJXZ (long __cdecl DisableLogging(void))
      377    ?IsSyncLoggingEnabled@@YAHXZ (int __cdecl IsSyncLoggingEnabled(void))
      378    ?LogString@@YAJPBGZZ (long __cdecl LogString(unsigned short const *,...))
      379    ?LogVoidTag@@YAJW4SYNCLOG_TAG@@@Z (long __cdecl LogVoidTag(enum SYNCLOG_TAG))
      380    ?LogStringTag@@YAJW4SYNCLOG_TAG@@PBG@Z (long __cdecl LogStringTag(enum SYNCLOG_TAG,unsigned short const *))
      381    ?LogDwordTag@@YAJW4SYNCLOG_TAG@@K@Z (long __cdecl LogDwordTag(enum SYNCLOG_TAG,unsigned long))
      382    ?LogDateTimeTag@@YAJW4SYNCLOG_TAG@@N@Z (long __cdecl LogDateTimeTag(enum SYNCLOG_TAG,double))
      383    ?SendLogToWatson@@YAJJ@Z (long __cdecl SendLogToWatson(long))
      401    ?UpdateMailTransport@@YAJABU_GUID@@H@Z (long __cdecl UpdateMailTransport(struct _GUID const &,int))
      402    ?UpdateEmailAddress@@YAJABU_GUID@@PAG@Z (long __cdecl UpdateEmailAddress(struct _GUID const &,unsigned short *))
      403    ?RefreshMailApp@@YAXXZ (void __cdecl RefreshMailApp(void))
      406    SyncScheduleSync
      408    SyncScheduleSyncEx
      413    ConnectionManagerStatusToHresult
      414    VerifySyncSchedule
      418    ?OpenMsgStore@@YAJPAPAUICEMAPISession@@PAPAUIMsgStore@@@Z (long __cdecl OpenMsgStore(struct ICEMAPISession * *,struct IMsgStore * *))
      421    ?ChangeUSBDriver@@YAJH@Z (long __cdecl ChangeUSBDriver(int))
      422    ?SavePreferredBodyType@@YAJPAUIMsgStore@@K@Z (long __cdecl SavePreferredBodyType(struct IMsgStore *,unsigned long))
      426    ?SQMLogSyncStats@@YAXPAUSyncStatus@@@Z (void __cdecl SQMLogSyncStats(struct SyncStatus *))
      428    ?SQMLogAirsyncStats@@YAXPAK0KK@Z (void __cdecl SQMLogAirsyncStats(unsigned long *,unsigned long *,unsigned long,unsigned long))
      430    ?SqmLogPartnershipInfo@@YAXK@Z (void __cdecl SqmLogPartnershipInfo(unsigned long))
      431    ?SqmLogScheduleInfo@@YAXK@Z (void __cdecl SqmLogScheduleInfo(unsigned long))
      432    ?SqmLogNPWRunonDevice@@YAXK@Z (void __cdecl SqmLogNPWRunonDevice(unsigned long))
      433    ?SqmLogProtocolVersion@@YAXK@Z (void __cdecl SqmLogProtocolVersion(unsigned long))
      434    ?SQMLogIncrementAirsyncStats@@YAXW4SQMLogDataId@@K@Z (void __cdecl SQMLogIncrementAirsyncStats(enum SQMLogDataId,unsigned long))
      435    ?SqmLogPingTimeout@@YAXK@Z (void __cdecl SqmLogPingTimeout(unsigned long))
      436    ?SqmLogFolderCount@@YAXK@Z (void __cdecl SqmLogFolderCount(unsigned long))
      437    ?SqmLogActivesyncVersion@@YAXK@Z (void __cdecl SqmLogActivesyncVersion(unsigned long))
      438    ?SqmLogResetErrorCount@@YAXXZ (void __cdecl SqmLogResetErrorCount(void))
      441    ?ParseBuildVersion@@YAJPADPAK11@Z (long __cdecl ParseBuildVersion(char *,unsigned long *,unsigned long *,unsigned long *))
      442    SetConnectionProperties
      443    CloseCMSession
      444    CreateCMSession
      445    CreateCMSessionReference
      517    ?c_wszBodyTruncation@@3QBGB (unsigned short const * const c_wszBodyTruncation)
      518    ?c_wszMIMETruncation@@3QBGB (unsigned short const * const c_wszMIMETruncation)
      519    ?c_wszDisableRoamingCheck@@3QBGB (unsigned short const * const c_wszDisableRoamingCheck)
      520    ?c_wszNoteBodyTruncation@@3QBGB (unsigned short const * const c_wszNoteBodyTruncation)
      522    ?c_wszSaveSentItems@@3QBGB (unsigned short const * const c_wszSaveSentItems)
      523    ?c_wszSaveDeletedItems@@3QBGB (unsigned short const * const c_wszSaveDeletedItems)
      524    ?c_wszConflictResolution@@3QBGB (unsigned short const * const c_wszConflictResolution)
      527    ?c_wszDownloadWindowSize@@3QBGB (unsigned short const * const c_wszDownloadWindowSize)
      528    ?c_wszUploadWindowSize@@3QBGB (unsigned short const * const c_wszUploadWindowSize)
      530    ?c_wszAirsyncVersion@@3QBGB (unsigned short const * const c_wszAirsyncVersion)
      531    ?c_wszUnicodeMappingKey@@3QBGB (unsigned short const * const c_wszUnicodeMappingKey)
      532    ?c_wszSyncAfterCount@@3QBGB (unsigned short const * const c_wszSyncAfterCount)
      534    ?c_wszNotifyPort@@3QBGB (unsigned short const * const c_wszNotifyPort)
      535    ?c_wszNotifySyncDelay@@3QBGB (unsigned short const * const c_wszNotifySyncDelay)
      536    ?c_wszClientNegotiated@@3QBGB (unsigned short const * const c_wszClientNegotiated)
      537    ?c_wszMSASProtocolVersions@@3QBGB (unsigned short const * const c_wszMSASProtocolVersions)
      538    ?c_wszActiveSyncKeepAlive@@3QBGB (unsigned short const * const c_wszActiveSyncKeepAlive)
      539    ?c_wszCurrentProtocolsSupported@@3QBGB (unsigned short const * const c_wszCurrentProtocolsSupported)
      540    ?c_wszCommandsSupported@@3QBGB (unsigned short const * const c_wszCommandsSupported)
      541    ?c_wszTempVersion@@3QBGB (unsigned short const * const c_wszTempVersion)
      542    ?c_wszClientRenegotiated@@3QBGB (unsigned short const * const c_wszClientRenegotiated)
      543    ?c_wszClientReset@@3QBGB (unsigned short const * const c_wszClientReset)
      544    ?c_wszSQLSyncPartnerIndex@@3QBGB (unsigned short const * const c_wszSQLSyncPartnerIndex)
      545    ?c_wszProtocolRevision@@3QBGB (unsigned short const * const c_wszProtocolRevision)
      547    ?c_wszMSASMinorVersion@@3QBGB (unsigned short const * const c_wszMSASMinorVersion)
      548    ?c_wszRevisionsSupported@@3QBGB (unsigned short const * const c_wszRevisionsSupported)
      549    ?c_wszTempRevision@@3QBGB (unsigned short const * const c_wszTempRevision)
      550    ?c_wszAirsyncRevision@@3QBGB (unsigned short const * const c_wszAirsyncRevision)
      551    ?c_wszDomainValName@@3QBGB (unsigned short const * const c_wszDomainValName)
      552    ?c_wszUserValName@@3QBGB (unsigned short const * const c_wszUserValName)
      554    ?c_wszPasswordValName@@3QBGB (unsigned short const * const c_wszPasswordValName)
      555    ?c_wszSavePasswordValName@@3QBGB (unsigned short const * const c_wszSavePasswordValName)
      556    ?c_wszDevice@@3QBGB (unsigned short const * const c_wszDevice)
      557    ?c_wszDeviceIDValName@@3QBGB (unsigned short const * const c_wszDeviceIDValName)
      558    ?c_wszDevicePhoneReadOnly@@3QBGB (unsigned short const * const c_wszDevicePhoneReadOnly)
      559    ?c_wszURIValName@@3QBGB (unsigned short const * const c_wszURIValName)
      560    ?c_wszUseURIAsSuppliedValName@@3QBGB (unsigned short const * const c_wszUseURIAsSuppliedValName)
      561    ?c_wszURIFormat@@3QBGB (unsigned short const * const c_wszURIFormat)
      562    ?c_wszDefaultURI@@3QBGB (unsigned short const * const c_wszDefaultURI)
      563    ?c_wszDeviceType@@3QBGB (unsigned short const * const c_wszDeviceType)
      567    ?c_wszNotificationsFrequency@@3QBGB (unsigned short const * const c_wszNotificationsFrequency)
      568    ?c_wszDisableGuidCheck@@3QBGB (unsigned short const * const c_wszDisableGuidCheck)
      569    ?c_wszCalendarFolderId@@3QBGB (unsigned short const * const c_wszCalendarFolderId)
      570    ?c_wszContactsFolderId@@3QBGB (unsigned short const * const c_wszContactsFolderId)
      571    ?c_wszTasksFolderId@@3QBGB (unsigned short const * const c_wszTasksFolderId)
      572    ?c_wszSyncCalendarDataTypeKey@@3QBGB (unsigned short const * const c_wszSyncCalendarDataTypeKey)
      573    ?c_wszSyncContactsDataTypeKey@@3QBGB (unsigned short const * const c_wszSyncContactsDataTypeKey)
      574    ?c_wszSyncInboxDataTypeKey@@3QBGB (unsigned short const * const c_wszSyncInboxDataTypeKey)
      575    ?c_wszSyncTasksDataTypeKey@@3QBGB (unsigned short const * const c_wszSyncTasksDataTypeKey)
      580    ?c_wszNoteFolderId@@3QBGB (unsigned short const * const c_wszNoteFolderId)
      581    ?c_wszSyncNoteDataTypeKey@@3QBGB (unsigned short const * const c_wszSyncNoteDataTypeKey)
      582    ?c_wszSyncSMSDataTypeKey@@3QBGB (unsigned short const * const c_wszSyncSMSDataTypeKey)
      584    ?c_wszSettingsChanged@@3QBGB (unsigned short const * const c_wszSettingsChanged)
      588    ?c_wszOutboundMailDelay@@3QBGB (unsigned short const * const c_wszOutboundMailDelay)
      591    ?c_wszUseSSL@@3QBGB (unsigned short const * const c_wszUseSSL)
      592    ?c_wszAllowSSLOption@@3QBGB (unsigned short const * const c_wszAllowSSLOption)
      593    ?c_wszUseCompression@@3QBGB (unsigned short const * const c_wszUseCompression)
      594    ?c_wszSyncResDll@@3QBGB (unsigned short const * const c_wszSyncResDll)
      595    ?c_wszAcceptLangHeader@@3QBGB (unsigned short const * const c_wszAcceptLangHeader)
      596    ?c_wszHeaderSuffix@@3QBGB (unsigned short const * const c_wszHeaderSuffix)
      597    ?c_wszProtocolVersion@@3QBGB (unsigned short const * const c_wszProtocolVersion)
      598    ?c_wszHttpUserAgent@@3QBGB (unsigned short const * const c_wszHttpUserAgent)
      599    ?c_wszHttpAcceptGzipHeader@@3QBGB (unsigned short const * const c_wszHttpAcceptGzipHeader)
      600    ?c_wszGzip@@3QBGB (unsigned short const * const c_wszGzip)
      601    ?c_wszHttpContentTypeWBXml@@3QBGB (unsigned short const * const c_wszHttpContentTypeWBXml)
      602    ?c_wszHttpContentTypeMail@@3QBGB (unsigned short const * const c_wszHttpContentTypeMail)
      603    ?c_szMailBodyHeader@@3QBDB (char const * const c_szMailBodyHeader)
      604    ?c_wszFolderFile@@3QBGB (unsigned short const * const c_wszFolderFile)
      605    ?c_wszMoveDB@@3QBGB (unsigned short const * const c_wszMoveDB)
      608    ?c_wszConnectionTimeoutMsNormal@@3QBGB (unsigned short const * const c_wszConnectionTimeoutMsNormal)
      609    ?c_wszConnectionTimeoutMsShort@@3QBGB (unsigned short const * const c_wszConnectionTimeoutMsShort)
      617    ?c_wszLoggingValueName@@3QBGB (unsigned short const * const c_wszLoggingValueName)
      619    ?c_wszLogNumberValueName@@3QBGB (unsigned short const * const c_wszLogNumberValueName)
      620    ?c_wszLogSize@@3QBGB (unsigned short const * const c_wszLogSize)
      621    ?c_wszFolderSyncFlags@@3QBGB (unsigned short const * const c_wszFolderSyncFlags)
      622    ?c_wszFolderPermID@@3QBGB (unsigned short const * const c_wszFolderPermID)
      623    ?c_wszFolderParentID@@3QBGB (unsigned short const * const c_wszFolderParentID)
      624    ?c_wszLastReadState@@3QBGB (unsigned short const * const c_wszLastReadState)
      625    ?c_wszAttURI@@3QBGB (unsigned short const * const c_wszAttURI)
      626    ?c_wszAttOID@@3QBGB (unsigned short const * const c_wszAttOID)
      628    ?c_wszAirsyncFolderName@@3QBGB (unsigned short const * const c_wszAirsyncFolderName)
      629    ?c_wszDataSource@@3QBGB (unsigned short const * const c_wszDataSource)
      633    ?c_wszPOOMBodyCRCs@@3QBGB (unsigned short const * const c_wszPOOMBodyCRCs)
      637    ?c_wszGetItemEstimate@@3QBGB (unsigned short const * const c_wszGetItemEstimate)
      638    ?c_wszAttachmentGet@@3QBGB (unsigned short const * const c_wszAttachmentGet)
      639    ?c_wszSaveSent@@3QBGB (unsigned short const * const c_wszSaveSent)
      640    ?c_wszSMSServiceName@@3QBGB (unsigned short const * const c_wszSMSServiceName)
      641    ?c_wszInternetSettingsKey@@3QBGB (unsigned short const * const c_wszInternetSettingsKey)
      642    ?c_wszAuthDialogTimeout@@3QBGB (unsigned short const * const c_wszAuthDialogTimeout)
      644    ?c_wszFolderProviderName@@3QBGB (unsigned short const * const c_wszFolderProviderName)
      645    ?c_wszActiveSyncVersionHeader@@3QBGB (unsigned short const * const c_wszActiveSyncVersionHeader)
      646    ?c_wszProtocolVersionsSupported@@3QBGB (unsigned short const * const c_wszProtocolVersionsSupported)
      647    ?c_wszProtocolCommandsSupported@@3QBGB (unsigned short const * const c_wszProtocolCommandsSupported)
      648    ?c_wszTwoFactorAuthHeader@@3QBGB (unsigned short const * const c_wszTwoFactorAuthHeader)
      649    ?c_wszCopyLogWithPrefix@@3QBGB (unsigned short const * const c_wszCopyLogWithPrefix)
      653    ?c_wszEngineLogFilename@@3QBGB (unsigned short const * const c_wszEngineLogFilename)
      656    ?c_wszSyncCsp@@3QBGB (unsigned short const * const c_wszSyncCsp)
      659    ?c_wszReadOnly@@3QBGB (unsigned short const * const c_wszReadOnly)
      660    ?c_wszUnsupported@@3QBGB (unsigned short const * const c_wszUnsupported)
      661    ?c_wszConsecFailures@@3QBGB (unsigned short const * const c_wszConsecFailures)
      662    ?c_wszWatsonLogging@@3QBGB (unsigned short const * const c_wszWatsonLogging)
      663    ?c_wszGIEWindowSize@@3QBGB (unsigned short const * const c_wszGIEWindowSize)
      665    ?c_wszInternetCPID@@3QBGB (unsigned short const * const c_wszInternetCPID)
      668    ?c_wszPingLogNumberValueName@@3QBGB (unsigned short const * const c_wszPingLogNumberValueName)
      669    ?c_wszMinHeartbeat@@3QBGB (unsigned short const * const c_wszMinHeartbeat)
      670    ?c_wszMaxHeartbeat@@3QBGB (unsigned short const * const c_wszMaxHeartbeat)
      671    ?c_wszInitialHeartbeat@@3QBGB (unsigned short const * const c_wszInitialHeartbeat)
      672    ?c_wszHeartbeatIncrement@@3QBGB (unsigned short const * const c_wszHeartbeatIncrement)
      673    ?c_wszPingMaxFolders@@3QBGB (unsigned short const * const c_wszPingMaxFolders)
      674    ?c_wszLastPingResult@@3QBGB (unsigned short const * const c_wszLastPingResult)
      675    ?c_wszIsSecureIdServer@@3QBGB (unsigned short const * const c_wszIsSecureIdServer)
      676    ?c_wszSyncAPN@@3QBGB (unsigned short const * const c_wszSyncAPN)
      678    ?c_wszAutdProxy@@3QBGB (unsigned short const * const c_wszAutdProxy)
      680    ?c_wszClientAuthCertNeeded@@3QBGB (unsigned short const * const c_wszClientAuthCertNeeded)
      681    ?c_wszPolicyTypeWAP@@3QBGB (unsigned short const * const c_wszPolicyTypeWAP)
      682    ?c_wszPolicyKeyHeader@@3QBGB (unsigned short const * const c_wszPolicyKeyHeader)
      683    ?c_wszPolicyKey@@3QBGB (unsigned short const * const c_wszPolicyKey)
      685    ?c_wszAutdV2TestFlags@@3QBGB (unsigned short const * const c_wszAutdV2TestFlags)
      686    ?c_wszSupportedAutdModes@@3QBGB (unsigned short const * const c_wszSupportedAutdModes)
      687    ?c_wszPingWhileCradled@@3QBGB (unsigned short const * const c_wszPingWhileCradled)
      689    ?c_wszEnrollForCertOnNextCradle@@3QBGB (unsigned short const * const c_wszEnrollForCertOnNextCradle)
      690    ?c_wszNewServerAddress@@3QBGB (unsigned short const * const c_wszNewServerAddress)
      691    ?c_wszPolicyToastAccepted@@3QBGB (unsigned short const * const c_wszPolicyToastAccepted)
      692    ?c_wszAutdSupportLevel@@3QBGB (unsigned short const * const c_wszAutdSupportLevel)
      693    ?GetSyncTargetName@@YAJABU_GUID@@PBGPAGKPAI@Z (long __cdecl GetSyncTargetName(struct _GUID const &,unsigned short const *,unsigned short *,unsigned long,unsigned int *))
      694    ?IsPwdSaved@@YAJABU_GUID@@PAH@Z (long __cdecl IsPwdSaved(struct _GUID const &,int *))
      695    ?DeletePwd@@YAJABU_GUID@@@Z (long __cdecl DeletePwd(struct _GUID const &))
      696    ?SetSyncPolicyKey@@YAJABU_GUID@@PBG@Z (long __cdecl SetSyncPolicyKey(struct _GUID const &,unsigned short const *))
      697    ?GetSyncPolicyKey@@YAJABU_GUID@@PAGKPAK@Z (long __cdecl GetSyncPolicyKey(struct _GUID const &,unsigned short *,unsigned long,unsigned long *))
      699    ?c_wszDisableWakeOnIncomming@@3QBGB (unsigned short const * const c_wszDisableWakeOnIncomming)
      700    ?c_wszProtectedActiveSyncKey@@3QBGB (unsigned short const * const c_wszProtectedActiveSyncKey)
               exported name: c_wszProtectedActiveSyncKey
      702    ?c_wszSyncConnectionType@@3QBGB (unsigned short const * const c_wszSyncConnectionType)
      703    ?c_wszSyncSentItems@@3QBGB (unsigned short const * const c_wszSyncSentItems)
      704    ?c_wszInlineImageExtensions@@3QBGB (unsigned short const * const c_wszInlineImageExtensions)
      705    ?c_wszHttpAcceptMultiPartHeader@@3QBGB (unsigned short const * const c_wszHttpAcceptMultiPartHeader)
      706    ?c_wszInboxProtectedRegRoot@@3QBGB (unsigned short const * const c_wszInboxProtectedRegRoot)
      707    ?c_wszRegFetchForceEnabled@@3QBGB (unsigned short const * const c_wszRegFetchForceEnabled)
      708    ?c_wszDefaultLoggingValueName@@3QBGB (unsigned short const * const c_wszDefaultLoggingValueName)
      709    ?c_wszCalendarUID@@3QBGB (unsigned short const * const c_wszCalendarUID)
      712    ?c_wszDownloadInlineImages@@3QBGB (unsigned short const * const c_wszDownloadInlineImages)
      714    ?c_wszSyncFolderCount@@3QBGB (unsigned short const * const c_wszSyncFolderCount)
      715    ?c_wszMaxRecordedHeartBeat@@3QBGB (unsigned short const * const c_wszMaxRecordedHeartBeat)
      717    ?c_wszEmailAddressValName@@3QBGB (unsigned short const * const c_wszEmailAddressValName)
      718    ?c_wszDeleteAfterSend@@3QBGB (unsigned short const * const c_wszDeleteAfterSend)
      719    ?c_wszPermanentDelete@@3QBGB (unsigned short const * const c_wszPermanentDelete)
      750    ?c_wszResetPartnership@@3QBGB (unsigned short const * const c_wszResetPartnership)
      780    ?c_wszHttpContentTypeMSSync@@3QBGB (unsigned short const * const c_wszHttpContentTypeMSSync)
      781    ?c_wszHttpContentTypeHTML@@3QBGB (unsigned short const * const c_wszHttpContentTypeHTML)
      782    ?c_wszSeamlessUpgradeVersions@@3QBGB (unsigned short const * const c_wszSeamlessUpgradeVersions)
      783    ?c_wszConnectionClose@@3QBGB (unsigned short const * const c_wszConnectionClose)
      784    ?c_wszOMADMProvisioning@@3QBGB (unsigned short const * const c_wszOMADMProvisioning)
      785    ?c_wszEnrollmentAddress@@3QBGB (unsigned short const * const c_wszEnrollmentAddress)
      786    ?c_wszPOOMSyncOptionsHash@@3QBGB (unsigned short const * const c_wszPOOMSyncOptionsHash)
      788    SyncBuildScheduleCommand
      790    ?c_wszLogDir@@3QBGB (unsigned short const * const c_wszLogDir)
      793    ?MapEnumToString@@YAPAGKPBU_EnumToStringMap@@KPAG@Z (unsigned short * __cdecl MapEnumToString(unsigned long,struct _EnumToStringMap const *,unsigned long,unsigned short *))
      794    ?c_wszCredMgrPassword@@3QBGB (unsigned short const * const c_wszCredMgrPassword)
      795    ?c_wszCredMgrServer@@3QBGB (unsigned short const * const c_wszCredMgrServer)
      796    ?c_wszCredMgrUseSSL@@3QBGB (unsigned short const * const c_wszCredMgrUseSSL)
      797    ?c_wszConversationMode@@3QBGB (unsigned short const * const c_wszConversationMode)
      798    ?c_wszBodyPreview@@3QBGB (unsigned short const * const c_wszBodyPreview)
      799    ?c_wszVoiceMailPreDownloadSize@@3QBGB (unsigned short const * const c_wszVoiceMailPreDownloadSize)
      800    ?c_wszEnableAutdToast@@3QBGB (unsigned short const * const c_wszEnableAutdToast)
      801    ?c_wszLastSQMResult@@3QBGB (unsigned short const * const c_wszLastSQMResult)
      802    ?c_wszSQMStatusCode@@3QBGB (unsigned short const * const c_wszSQMStatusCode)
      803    ?c_wszActiveSyncVer@@3QBGB (unsigned short const * const c_wszActiveSyncVer)
