 tmailutl

 Timestamp is 5cafb4a3 (Thu Apr 11 14:41:55 2019)

 Preferred load address is 10000000

 Start         Length     Name                   Class
 0001:00000000 00000004H .CRT$XCA                CODE
 0001:00000004 00000014H .CRT$XCU                CODE
 0001:00000018 00000004H .CRT$XCZ                CODE
 0001:0000001c 00000004H .CRT$XIA                CODE
 0001:00000020 00000004H .CRT$XIZ                CODE
 0001:00000024 00000004H .CRT$XPA                CODE
 0001:00000028 00000004H .CRT$XPZ                CODE
 0001:0000002c 00000004H .CRT$XTA                CODE
 0001:00000030 00000004H .CRT$XTZ                CODE
 0001:00000040 00005c02H .rdata                  CODE
 0001:00005c44 00000025H .rdata$debug            CODE
 0001:00005c80 000257a4H .text                   CODE
 0001:0002b424 00000b34H .text$yc                CODE
 0001:0002bf58 0000003cH .text$yd                CODE
 0001:0002bf94 000001b8H .xdata                  CODE
 0001:0002c14c 00000000H ATL$__a                 CODE
 0001:0002c14c 00000000H ATL$__z                 CODE
 0001:0002c14c 0000008cH .idata$2                CODE
 0001:0002c1d8 00000014H .idata$3                CODE
 0001:0002c1ec 0000030cH .idata$4                CODE
 0001:0002c4f8 000002ccH .idata$6                CODE
 0001:0002c7d0 000005eaH .edata                  CODE
 0002:00000000 0000030cH .idata$5                DATA
 0002:00000310 00001298H .data                   DATA
 0002:000015a8 0000021cH .bss                    DATA
 0003:00000000 00001410H .pdata                  DATA

  Address         Publics by Value              Rva+Base       Lib:Object

 0000:00000000       ___safe_se_handler_count   00000000     <absolute>
 0000:00000000       ___safe_se_handler_table   00000000     <absolute>
 0001:00000000       __xc_a                     10001000     corelib0:crt0init.obj
 0001:00000018       __xc_z                     10001018     corelib0:crt0init.obj
 0001:0000001c       __xi_a                     1000101c     corelib0:crt0init.obj
 0001:00000020       __xi_z                     10001020     corelib0:crt0init.obj
 0001:00000024       __xp_a                     10001024     corelib0:crt0init.obj
 0001:00000028       __xp_z                     10001028     corelib0:crt0init.obj
 0001:0000002c       __xt_a                     1000102c     corelib0:crt0init.obj
 0001:00000030       __xt_z                     10001030     corelib0:crt0init.obj
 0001:0000005c       ??_C@_1O@JDLOHAN@?$AAD?$AAe?$AAl?$AAe?$AAt?$AAe?$AA?$AA@ 1000105c     dllmain.obj
 0001:0000006c       ??_C@_1BC@GCKHIPE@?$AAN?$AAo?$AAR?$AAe?$AAm?$AAo?$AAv?$AAe?$AA?$AA@ 1000106c     dllmain.obj
 0001:00000080       ??_C@_1BI@JFAIJMHL@?$AAF?$AAo?$AAr?$AAc?$AAe?$AAR?$AAe?$AAm?$AAo?$AAv?$AAe?$AA?$AA@ 10001080     dllmain.obj
 0001:00000098       ??_C@_17LLMMEOJD@?$AAV?$AAa?$AAl?$AA?$AA@ 10001098     dllmain.obj
 0001:000000a0       ??_C@_13OPKGLAFF@?$AAB?$AA?$AA@ 100010a0     dllmain.obj
 0001:000000a4       ??_C@_13MKMNOPIJ@?$AAD?$AA?$AA@ 100010a4     dllmain.obj
 0001:000000a8       ??_C@_13LHMFKAAD@?$AAM?$AA?$AA@ 100010a8     dllmain.obj
 0001:000000ac       ??_C@_13HADIAKP@?$AAS?$AA?$AA@ 100010ac     dllmain.obj
 0001:000000b0       ??_C@_1CA@OOEGNFML@?$AAM?$AAe?$AAs?$AAs?$AAa?$AAg?$AAe?$AAS?$AAe?$AAr?$AAv?$AAe?$AAr?$AAO?$AAn?$AA?$AA@ 100010b0     dllmain.obj
 0001:000000d0       IID_IMAPIAdviseSink        100010d0     dllmain.obj
 0001:000000e0       PS_MAPI                    100010e0     dllmain.obj
 0001:000000f0       IID_IItem                  100010f0     dllmain.obj
 0001:00000100       CLSID_MIMEQuotedPrintableDecoder 10001100     dllmain.obj
 0001:00000110       CLSID_MIMEBinHexDecoder    10001110     dllmain.obj
 0001:00000120       CLSID_MIMEUUDecoder        10001120     dllmain.obj
 0001:00000130       IID_IMIMEEncoder           10001130     dllmain.obj
 0001:00000140       CLSID_MIMEEntity           10001140     dllmain.obj
 0001:00000150       IID_IMIMEMailBox           10001150     dllmain.obj
 0001:00000180       ??_C@_1BM@GLGKJBHF@?$AAP?$AAh?$AAo?$AAn?$AAe?$AAM?$AAa?$AAk?$AAe?$AAC?$AAa?$AAl?$AAl?$AA?$AA@ 10001180     dllmain.obj
 0001:0000019c       ??_C@_1BE@MAIJPAPH@?$AAP?$AAh?$AAo?$AAn?$AAe?$AA?4?$AAD?$AAL?$AAL?$AA?$AA@ 1000119c     dllmain.obj
 0001:000001b0       ??_C@_1BA@DOCFNNKD@?$AAp?$AAi?$AAm?$AAu?$AAt?$AAi?$AAl?$AA?$AA@ 100011b0     dllmain.obj
 0001:000001c0       ??_C@_1CM@GKOGKNEB@?$AAF?$AAi?$AAn?$AAd?$AAM?$AAa?$AAt?$AAc?$AAh?$AAi?$AAn?$AAg?$AAC?$AAo?$AAn?$AAt?$AAa?$AAc?$AAt?$AAE?$AAx?$AA?$AA@ 100011c0     dllmain.obj
 0001:000001ec       ??_C@_1BK@OELFBBBI@?$AAP?$AAi?$AAm?$AAS?$AAt?$AAo?$AAr?$AAe?$AA?4?$AAD?$AAL?$AAL?$AA?$AA@ 100011ec     dllmain.obj
 0001:00000208       ??_C@_1BA@MFEJBNLO@?$AAs?$AAy?$AAn?$AAc?$AAm?$AAg?$AAr?$AA?$AA@ 10001208     dllmain.obj
 0001:00000218       ??_C@_1DG@NJOMMJEO@?$AAC?$AAe?$AAr?$AAt?$AAF?$AAi?$AAn?$AAd?$AAC?$AAe?$AAr?$AAt?$AAi?$AAf?$AAi?$AAc?$AAa?$AAt?$AAe?$AAI?$AAn?$AAS?$AAt?$AAo?$AAr?$AAe?$AA?$AA@ 10001218     dllmain.obj
 0001:00000250       ??_C@_1BI@JGKDGMPF@?$AAc?$AAr?$AAy?$AAp?$AAt?$AA3?$AA2?$AA?4?$AAD?$AAL?$AAL?$AA?$AA@ 10001250     dllmain.obj
 0001:00000268       ??_C@_1EE@FPENKFMD@?$AAC?$AAe?$AAr?$AAt?$AAG?$AAe?$AAt?$AAC?$AAe?$AAr?$AAt?$AAi?$AAf?$AAi?$AAc?$AAa?$AAt?$AAe?$AAC?$AAo?$AAn?$AAt?$AAe?$AAx?$AAt?$AAP?$AAr?$AAo?$AAp?$AAe?$AAr?$AAt@ 10001268     dllmain.obj
 0001:000002ac       ??_C@_1DG@EHJEIGDN@?$AAC?$AAe?$AAr?$AAt?$AAF?$AAr?$AAe?$AAe?$AAC?$AAe?$AAr?$AAt?$AAi?$AAf?$AAi?$AAc?$AAa?$AAt?$AAe?$AAC?$AAo?$AAn?$AAt?$AAe?$AAx?$AAt?$AA?$AA@ 100012ac     dllmain.obj
 0001:000002e4       ??_C@_1DI@CMJPEOCC@?$AAC?$AAe?$AAr?$AAt?$AAE?$AAn?$AAu?$AAm?$AAC?$AAe?$AAr?$AAt?$AAi?$AAf?$AAi?$AAc?$AAa?$AAt?$AAe?$AAs?$AAI?$AAn?$AAS?$AAt?$AAo?$AAr?$AAe?$AA?$AA@ 100012e4     dllmain.obj
 0001:0000031c       ??_C@_1DA@FAFDGOEA@?$AAC?$AAe?$AAr?$AAt?$AAG?$AAe?$AAt?$AAI?$AAn?$AAt?$AAe?$AAn?$AAd?$AAe?$AAd?$AAK?$AAe?$AAy?$AAU?$AAs?$AAa?$AAg?$AAe?$AA?$AA@ 1000131c     dllmain.obj
 0001:0000034c       ??_C@_1DA@LDOPMIEJ@?$AAC?$AAe?$AAr?$AAt?$AAG?$AAe?$AAt?$AAE?$AAn?$AAh?$AAa?$AAn?$AAc?$AAe?$AAd?$AAK?$AAe?$AAy?$AAU?$AAs?$AAa?$AAg?$AAe?$AA?$AA@ 1000134c     dllmain.obj
 0001:0000037c       ??_C@_1DE@HJDBAJOH@?$AAN?$AAC?$AAr?$AAy?$AAp?$AAt?$AAO?$AAp?$AAe?$AAn?$AAS?$AAt?$AAo?$AAr?$AAa?$AAg?$AAe?$AAP?$AAr?$AAo?$AAv?$AAi?$AAd?$AAe?$AAr?$AA?$AA@ 1000137c     dllmain.obj
 0001:000003b0       ??_C@_1BG@IIBKHGI@?$AAn?$AAc?$AAr?$AAy?$AAp?$AAt?$AA?4?$AAD?$AAL?$AAL?$AA?$AA@ 100013b0     dllmain.obj
 0001:000003c8       ??_C@_1CC@DIOEHOMG@?$AAN?$AAC?$AAr?$AAy?$AAp?$AAt?$AAF?$AAr?$AAe?$AAe?$AAO?$AAb?$AAj?$AAe?$AAc?$AAt?$AA?$AA@ 100013c8     dllmain.obj
 0001:000003ec       ??_C@_1CE@HKAJLMEC@?$AAN?$AAC?$AAr?$AAy?$AAp?$AAt?$AAG?$AAe?$AAt?$AAP?$AAr?$AAo?$AAp?$AAe?$AAr?$AAt?$AAy?$AA?$AA@ 100013ec     dllmain.obj
 0001:00000410       ??_C@_1BG@OHIKBBLA@?$AAo?$AAu?$AAt?$AAr?$AAe?$AAs?$AA?4?$AAd?$AAl?$AAl?$AA?$AA@ 10001410     dllmain.obj
 0001:00000448       ??_7CFactory@@6B@          10001448     factory.obj
 0001:0000045c       _GUID_00000001_0000_0000_c000_000000000046 1000145c     factory.obj
 0001:0000046c       _GUID_00000000_0000_0000_c000_000000000046 1000146c     factory.obj
 0001:0000047c       _GUID_19ab8eba_472f_40f1_aee8_bfb2f80c5474 1000147c     factory.obj
 0001:000004d8       ??_C@_0BB@JGGOGLEG@0123456789ABCDEF?$AA@ 100014d8     mailutil_misc:hexconv.obj
 0001:000004ec       ??_C@_13HKALMPCF@?$AAZ?$AA?$AA@ 100014ec     mailutil_misc:utils_misc.obj
 0001:000004f0       ??_C@_13GILOGAML@?$AAY?$AA?$AA@ 100014f0     mailutil_misc:utils_misc.obj
 0001:000004f4       ??_C@_13NAACAHKO@?$AAX?$AA?$AA@ 100014f4     mailutil_misc:utils_misc.obj
 0001:000004f8       ??_C@_13IIGBBHPI@?$AAW?$AA?$AA@ 100014f8     mailutil_misc:utils_misc.obj
 0001:000004fc       ??_C@_13DANNHAJN@?$AAV?$AA?$AA@ 100014fc     mailutil_misc:utils_misc.obj
 0001:00000500       ??_C@_13CCGINPHD@?$AAU?$AA?$AA@ 10001500     mailutil_misc:utils_misc.obj
 0001:00000504       ??_C@_13JKNELIBG@?$AAT?$AA?$AA@ 10001504     mailutil_misc:utils_misc.obj
 0001:00000508       ??_C@_13LPLPOHMK@?$AAR?$AA?$AA@ 10001508     mailutil_misc:utils_misc.obj
 0001:0000050c       ??_C@_13KNAKEICE@?$AAQ?$AA?$AA@ 1000150c     mailutil_misc:utils_misc.obj
 0001:00000510       ??_C@_13BFLGCPEB@?$AAP?$AA?$AA@ 10001510     mailutil_misc:utils_misc.obj
 0001:00000514       ??_C@_13BNMMGIII@?$AAO?$AA?$AA@ 10001514     mailutil_misc:utils_misc.obj
 0001:00000518       ??_C@_13KFHAAPON@?$AAN?$AA?$AA@ 10001518     mailutil_misc:utils_misc.obj
 0001:0000051c       ??_C@_13PHJMHGG@?$AAL?$AA?$AA@ 1000151c     mailutil_misc:utils_misc.obj
 0001:00000520       ??_C@_13JCKOPPNP@?$AAK?$AA?$AA@ 10001520     mailutil_misc:utils_misc.obj
 0001:00000524       ??_C@_13DIKHDHFE@?$AAI?$AA?$AA@ 10001524     mailutil_misc:utils_misc.obj
 0001:00000528       ??_C@_13IABLFADB@?$AAH?$AA?$AA@ 10001528     mailutil_misc:utils_misc.obj
 0001:0000052c       ??_C@_13NIHIEAGH@?$AAG?$AA?$AA@ 1000152c     mailutil_misc:utils_misc.obj
 0001:00000530       ??_C@_13GAMECHAC@?$AAF?$AA?$AA@ 10001530     mailutil_misc:utils_misc.obj
 0001:00000534       ??_C@_13HCHBIIOM@?$AAE?$AA?$AA@ 10001534     mailutil_misc:utils_misc.obj
 0001:00000538       ??_C@_13FHBKNHDA@?$AAC?$AA?$AA@ 10001538     mailutil_misc:utils_misc.obj
 0001:0000053c       ??_C@_13PNBDBPLL@?$AAA?$AA?$AA@ 1000153c     mailutil_misc:utils_misc.obj
 0001:00000540       ??_C@_17BPFNADNP@?$AAP?$AAD?$AAT?$AA?$AA@ 10001540     mailutil_misc:utils_misc.obj
 0001:00000548       ??_C@_17BIODBPM@?$AAP?$AAS?$AAT?$AA?$AA@ 10001548     mailutil_misc:utils_misc.obj
 0001:00000550       ??_C@_17PIODCHCF@?$AAM?$AAD?$AAT?$AA?$AA@ 10001550     mailutil_misc:utils_misc.obj
 0001:00000558       ??_C@_17OGDABFAG@?$AAM?$AAS?$AAT?$AA?$AA@ 10001558     mailutil_misc:utils_misc.obj
 0001:00000560       ??_C@_17ONGJDFBH@?$AAC?$AAD?$AAT?$AA?$AA@ 10001560     mailutil_misc:utils_misc.obj
 0001:00000568       ??_C@_17PDLKAHDE@?$AAC?$AAS?$AAT?$AA?$AA@ 10001568     mailutil_misc:utils_misc.obj
 0001:00000570       ??_C@_17CLAGDMJA@?$AAE?$AAD?$AAT?$AA?$AA@ 10001570     mailutil_misc:utils_misc.obj
 0001:00000578       ??_C@_17DFNFAOLD@?$AAE?$AAS?$AAT?$AA?$AA@ 10001578     mailutil_misc:utils_misc.obj
 0001:00000580       ??_C@_17EOCMGKCF@?$AAG?$AAM?$AAT?$AA?$AA@ 10001580     mailutil_misc:utils_misc.obj
 0001:00000588       ??_C@_15FGBBFPON@?$AAU?$AAT?$AA?$AA@ 10001588     mailutil_misc:utils_misc.obj
 0001:00000590       ??_C@_13IEJJBAMJ@?$AA2?$AA?$AA@ 10001590     mailutil_misc:utils_misc.obj
 0001:00000594       ??_C@_13JGCMLPCH@?$AA1?$AA?$AA@ 10001594     mailutil_misc:utils_misc.obj
 0001:00000598       ??_C@_13DMCFHHKM@?$AA3?$AA?$AA@ 10001598     mailutil_misc:utils_misc.obj
 0001:0000059c       ??_C@_13KBPCEPBF@?$AA4?$AA?$AA@ 1000159c     mailutil_misc:utils_misc.obj
 0001:000005a0       ??_C@_13BJEOCIHA@?$AA5?$AA?$AA@ 100015a0     mailutil_misc:utils_misc.obj
 0001:000005a4       ??_C@_19PKICIIJD@?$AAh?$AAi?$AAg?$AAh?$AA?$AA@ 100015a4     mailutil_misc:utils_misc.obj
 0001:000005b0       ??_C@_1O@DIMONLGD@?$AAn?$AAo?$AAr?$AAm?$AAa?$AAl?$AA?$AA@ 100015b0     mailutil_misc:utils_misc.obj
 0001:000005c0       ??_C@_17BCNDLAMI@?$AAl?$AAo?$AAw?$AA?$AA@ 100015c0     mailutil_misc:utils_misc.obj
 0001:000005c8       ??_C@_1O@CHBCJGPP@?$AAG?$AAl?$AAo?$AAb?$AAa?$AAl?$AA?$AA@ 100015c8     mailutil_misc:utils_misc.obj
 0001:000009d8       CLSID_SHNAPI_InboxEmail    100019d8     mailutil_misc:utils_misc.obj
 0001:000009e8       CLSID_SHNAPI_InboxSMS      100019e8     mailutil_misc:utils_misc.obj
 0001:000009f8       CLSID_WICImagingFactory    100019f8     mailutil_misc:utils_misc.obj
 0001:00000a08       ??_C@_17DKNBKCHM@?$AAJ?$AAa?$AAn?$AA?$AA@ 10001a08     mailutil_misc:utils_misc.obj
 0001:00000a10       ??_C@_17LMDJEKJN@?$AAF?$AAe?$AAb?$AA?$AA@ 10001a10     mailutil_misc:utils_misc.obj
 0001:00000a18       ??_C@_17CKNLEDEC@?$AAM?$AAa?$AAr?$AA?$AA@ 10001a18     mailutil_misc:utils_misc.obj
 0001:00000a20       ??_C@_17LFPOIHDD@?$AAA?$AAp?$AAr?$AA?$AA@ 10001a20     mailutil_misc:utils_misc.obj
 0001:00000a28       ??_C@_17PNNKMEED@?$AAM?$AAa?$AAy?$AA?$AA@ 10001a28     mailutil_misc:utils_misc.obj
 0001:00000a30       ??_C@_17KCJGOCPB@?$AAJ?$AAu?$AAn?$AA?$AA@ 10001a30     mailutil_misc:utils_misc.obj
 0001:00000a38       ??_C@_17IJPCKHK@?$AAJ?$AAu?$AAl?$AA?$AA@ 10001a38     mailutil_misc:utils_misc.obj
 0001:00000a40       ??_C@_17ICPELBCN@?$AAA?$AAu?$AAg?$AA?$AA@ 10001a40     mailutil_misc:utils_misc.obj
 0001:00000a48       ??_C@_17HCHCOKMG@?$AAS?$AAe?$AAp?$AA?$AA@ 10001a48     mailutil_misc:utils_misc.obj
 0001:00000a50       ??_C@_17FNLKOI@?$AAO?$AAc?$AAt?$AA?$AA@ 10001a50     mailutil_misc:utils_misc.obj
 0001:00000a58       ??_C@_17BBDMLCIG@?$AAN?$AAo?$AAv?$AA?$AA@ 10001a58     mailutil_misc:utils_misc.obj
 0001:00000a60       ??_C@_17EGKACKIF@?$AAD?$AAe?$AAc?$AA?$AA@ 10001a60     mailutil_misc:utils_misc.obj
 0001:00000a68       ??_7CBase64StreamFilter@@6B@ 10001a68     mailutil_misc:utils_misc.obj
 0001:00000aa4       ??_7CDecodeStreamFilter@@6B@ 10001aa4     mailutil_misc:utils_misc.obj
 0001:00000ae0       ??_C@_1EC@JMOJPOPA@?$AAS?$AAO?$AAF?$AAT?$AAW?$AAA?$AAR?$AAE?$AA?2?$AAM?$AAi?$AAc?$AAr?$AAo?$AAs?$AAo?$AAf?$AAt?$AA?2?$AAI?$AAn?$AAt?$AAe?$AAr?$AAn?$AAa?$AAt?$AAi?$AAo?$AAn?$AAa?$AAl@ 10001ae0     mailutil_misc:utils_misc.obj
 0001:00000b24       ??_C@_19DMACBGH@?$AAL?$AAC?$AAI?$AAD?$AA?$AA@ 10001b24     mailutil_misc:utils_misc.obj
 0001:00000b30       ??_C@_19JHGABELP@?$AAT?$AAr?$AAa?$AAy?$AA?$AA@ 10001b30     mailutil_misc:utils_misc.obj
 0001:00000b3c       ??_C@_13HOIJIPNN@?$AA?5?$AA?$AA@ 10001b3c     mailutil_misc:utils_misc.obj
 0001:00000b68       _GUID_a65ccaeb_6558_4656_ad3d_eccc00d00f0d 10001b68     mailutil_misc:utils_misc.obj
 0001:00000b78       _GUID_05058f23_20be_11d2_8f18_0000f87a4335 10001b78     mailutil_misc:utils_misc.obj
 0001:00000b88       ??_C@_13FPGAJAPJ@?$AA?2?$AA?$AA@ 10001b88     mailutil_misc:utils_misc.obj
 0001:00000bac       _GUID_3050f1d8_98b5_11cf_bb82_00aa00bdce0b 10001bac     mailutil_misc:htmlutil.obj
 0001:00000bbc       ??_C@_11LOCGONAA@?$AA?$AA@ 10001bbc     mailutil_misc:htmlutil.obj
 0001:00000c2c       ??_C@_1BE@EMELPOLH@?$AAI?$AAm?$AAp?$AAl?$AA?5?$AAT?$AAy?$AAp?$AAe?$AA?$AA@ 10001c2c     mailutil_misc:smimeutils.obj
 0001:00000c40       ??_C@_0BC@NPHIPKH@1?43?46?41?45?45?47?43?44?$AA@ 10001c40     mailutil_misc:smimeutils.obj
 0001:00000cbc       ??_C@_1DO@CHFLJJAE@?$AAP?$AAR?$AA_?$AAS?$AAP?$AAL?$AAU?$AAS?$AA_?$AAO?$AAW?$AAN?$AAE?$AAR?$AA_?$AAC?$AAR?$AAI?$AAT?$AAI?$AAC?$AAA?$AAL?$AA_?$AAC?$AAH?$AAA?$AAN?$AAG?$AAE?$AA?$AA@ 10001cbc     mailutil_misc:mapiprops.obj
 0001:00000d3c       ??_C@_1CO@EDHGNECG@?$AAP?$AAR?$AA_?$AAS?$AAP?$AAL?$AAU?$AAS?$AA_?$AAD?$AAE?$AAL?$AAE?$AAG?$AAA?$AAT?$AAE?$AA_?$AAM?$AAA?$AAI?$AAL?$AA?$AA@ 10001d3c     mailutil_misc:mapiprops.obj
 0001:00000d6c       ??_C@_1CM@HKDODHLM@?$AAP?$AAR?$AA_?$AAS?$AAP?$AAL?$AAU?$AAS?$AA_?$AAI?$AAS?$AA_?$AAR?$AAE?$AAC?$AAU?$AAR?$AAR?$AAI?$AAN?$AAG?$AA?$AA@ 10001d6c     mailutil_misc:mapiprops.obj
 0001:00000d98       ??_C@_1CM@JHHHOHGC@?$AAP?$AAR?$AA_?$AAS?$AAP?$AAL?$AAU?$AAS?$AA_?$AAI?$AAS?$AA_?$AAE?$AAX?$AAC?$AAE?$AAP?$AAT?$AAI?$AAO?$AAN?$AA?$AA@ 10001d98     mailutil_misc:mapiprops.obj
 0001:00000dc4       ??_C@_1CO@MEFECAFA@?$AAP?$AAR?$AA_?$AAS?$AAP?$AAL?$AAU?$AAS?$AA_?$AAS?$AAI?$AAN?$AAG?$AAL?$AAE?$AA_?$AAI?$AAN?$AAV?$AAI?$AAT?$AAE?$AA?$AA@ 10001dc4     mailutil_misc:mapiprops.obj
 0001:00000df4       ??_C@_1CG@PJFFCHKI@?$AAP?$AAR?$AA_?$AAS?$AAP?$AAL?$AAU?$AAS?$AA_?$AAT?$AAI?$AAM?$AAE?$AA_?$AAZ?$AAO?$AAN?$AAE?$AA?$AA@ 10001df4     mailutil_misc:mapiprops.obj
 0001:00000e1c       ??_C@_1DE@OJHDCNHB@?$AAP?$AAR?$AA_?$AAS?$AAP?$AAL?$AAU?$AAS?$AA_?$AAS?$AAT?$AAA?$AAR?$AAT?$AA_?$AAR?$AAE?$AAC?$AAU?$AAR?$AA_?$AAD?$AAA?$AAT?$AAE?$AA?$AA@ 10001e1c     mailutil_misc:mapiprops.obj
 0001:00000e50       ??_C@_1DE@DJOBOEHP@?$AAP?$AAR?$AA_?$AAS?$AAP?$AAL?$AAU?$AAS?$AA_?$AAS?$AAT?$AAA?$AAR?$AAT?$AA_?$AAR?$AAE?$AAC?$AAU?$AAR?$AA_?$AAT?$AAI?$AAM?$AAE?$AA?$AA@ 10001e50     mailutil_misc:mapiprops.obj
 0001:00000e84       ??_C@_1DA@PEGGLNGC@?$AAP?$AAR?$AA_?$AAS?$AAP?$AAL?$AAU?$AAS?$AA_?$AAE?$AAN?$AAD?$AA_?$AAR?$AAE?$AAC?$AAU?$AAR?$AA_?$AAD?$AAA?$AAT?$AAE?$AA?$AA@ 10001e84     mailutil_misc:mapiprops.obj
 0001:00000eb4       ??_C@_1DA@CEPEHEGM@?$AAP?$AAR?$AA_?$AAS?$AAP?$AAL?$AAU?$AAS?$AA_?$AAE?$AAN?$AAD?$AA_?$AAR?$AAE?$AAC?$AAU?$AAR?$AA_?$AAT?$AAI?$AAM?$AAE?$AA?$AA@ 10001eb4     mailutil_misc:mapiprops.obj
 0001:00000ee4       ??_C@_1CE@HPGCJMKG@?$AAP?$AAR?$AA_?$AAS?$AAP?$AAL?$AAU?$AAS?$AA_?$AAD?$AAO?$AAW?$AA_?$AAP?$AAR?$AAE?$AAF?$AA?$AA@ 10001ee4     mailutil_misc:mapiprops.obj
 0001:00000f08       ??_C@_1CI@OEKBEPOC@?$AAP?$AAR?$AA_?$AAS?$AAP?$AAL?$AAU?$AAS?$AA_?$AAR?$AAE?$AAC?$AAU?$AAR?$AA_?$AAT?$AAY?$AAP?$AAE?$AA?$AA@ 10001f08     mailutil_misc:mapiprops.obj
 0001:00000f30       ??_C@_1CM@PDJOANFD@?$AAP?$AAR?$AA_?$AAS?$AAP?$AAL?$AAU?$AAS?$AA_?$AAD?$AAA?$AAY?$AA_?$AAI?$AAN?$AAT?$AAE?$AAR?$AAV?$AAA?$AAL?$AA?$AA@ 10001f30     mailutil_misc:mapiprops.obj
 0001:00000f5c       ??_C@_1CO@OLKPMIFM@?$AAP?$AAR?$AA_?$AAS?$AAP?$AAL?$AAU?$AAS?$AA_?$AAW?$AAE?$AAE?$AAK?$AA_?$AAI?$AAN?$AAT?$AAE?$AAR?$AAV?$AAA?$AAL?$AA?$AA@ 10001f5c     mailutil_misc:mapiprops.obj
 0001:00000f8c       ??_C@_1DA@EMKLIIFJ@?$AAP?$AAR?$AA_?$AAS?$AAP?$AAL?$AAU?$AAS?$AA_?$AAM?$AAO?$AAN?$AAT?$AAH?$AA_?$AAI?$AAN?$AAT?$AAE?$AAR?$AAV?$AAA?$AAL?$AA?$AA@ 10001f8c     mailutil_misc:mapiprops.obj
 0001:00000fbc       ??_C@_1CO@INCGLICE@?$AAP?$AAR?$AA_?$AAS?$AAP?$AAL?$AAU?$AAS?$AA_?$AAY?$AAE?$AAA?$AAR?$AA_?$AAI?$AAN?$AAT?$AAE?$AAR?$AAV?$AAA?$AAL?$AA?$AA@ 10001fbc     mailutil_misc:mapiprops.obj
 0001:00000fec       ??_C@_1CE@HIODJJGN@?$AAP?$AAR?$AA_?$AAS?$AAP?$AAL?$AAU?$AAS?$AA_?$AAD?$AAO?$AAW?$AA_?$AAM?$AAA?$AAS?$AAK?$AA?$AA@ 10001fec     mailutil_misc:mapiprops.obj
 0001:00001010       ??_C@_1CE@MMGGHPJK@?$AAP?$AAR?$AA_?$AAS?$AAP?$AAL?$AAU?$AAS?$AA_?$AAD?$AAO?$AAM?$AA_?$AAM?$AAA?$AAS?$AAK?$AA?$AA@ 10002010     mailutil_misc:mapiprops.obj
 0001:00001034       ??_C@_1CE@ELHLNEAA@?$AAP?$AAR?$AA_?$AAS?$AAP?$AAL?$AAU?$AAS?$AA_?$AAM?$AAO?$AAY?$AA_?$AAM?$AAA?$AAS?$AAK?$AA?$AA@ 10002034     mailutil_misc:mapiprops.obj
 0001:00001058       ??_C@_1EC@LFHNKCOH@?$AAP?$AAR?$AA_?$AAA?$AAP?$AAP?$AAO?$AAI?$AAN?$AAT?$AAM?$AAE?$AAN?$AAT?$AA_?$AAP?$AAR?$AAO?$AAP?$AAO?$AAS?$AAE?$AAT?$AAI?$AAM?$AAE?$AA_?$AAS?$AAT?$AAA?$AAR?$AAT@ 10002058     mailutil_misc:mapiprops.obj
 0001:0000109c       ??_C@_1DO@CMHOFGJJ@?$AAP?$AAR?$AA_?$AAA?$AAP?$AAP?$AAO?$AAI?$AAN?$AAT?$AAM?$AAE?$AAN?$AAT?$AA_?$AAP?$AAR?$AAO?$AAP?$AAO?$AAS?$AAE?$AAT?$AAI?$AAM?$AAE?$AA_?$AAE?$AAN?$AAD?$AA?$AA@ 1000209c     mailutil_misc:mapiprops.obj
 0001:000010e0       ??_C@_1EI@OIMBAMFB@?$AAP?$AAR?$AA_?$AAA?$AAP?$AAP?$AAO?$AAI?$AAN?$AAT?$AAM?$AAE?$AAN?$AAT?$AA_?$AAP?$AAR?$AAO?$AAP?$AAO?$AAS?$AAE?$AAT?$AAI?$AAM?$AAE?$AA_?$AAD?$AAU?$AAR?$AAA?$AAT@ 100020e0     mailutil_misc:mapiprops.obj
 0001:00001128       ??_C@_1DG@EICNOAMD@?$AAP?$AAR?$AA_?$AAA?$AAP?$AAP?$AAO?$AAI?$AAN?$AAT?$AAM?$AAE?$AAN?$AAT?$AA_?$AAP?$AAR?$AAO?$AAP?$AAO?$AAS?$AAE?$AAT?$AAI?$AAM?$AAE?$AA?$AA@ 10002128     mailutil_misc:mapiprops.obj
 0001:00001160       ??_C@_1CG@NMODOKBB@?$AAP?$AAR?$AA_?$AAS?$AAP?$AAL?$AAU?$AAS?$AA_?$AAI?$AAS?$AA_?$AAS?$AAI?$AAL?$AAE?$AAN?$AAT?$AA?$AA@ 10002160     mailutil_misc:mapiprops.obj
 0001:00001188       ??_C@_1DI@FGKHMEGF@?$AAP?$AAR?$AA_?$AAS?$AAP?$AAL?$AAU?$AAS?$AA_?$AAR?$AAE?$AAS?$AAO?$AAU?$AAR?$AAC?$AAE?$AA_?$AAA?$AAT?$AAT?$AAE?$AAN?$AAD?$AAE?$AAE?$AAS?$AA?$AA@ 10002188     mailutil_misc:mapiprops.obj
 0001:000011c0       ??_C@_1DI@BOPDLIHN@?$AAP?$AAR?$AA_?$AAS?$AAP?$AAL?$AAU?$AAS?$AA_?$AAO?$AAP?$AAT?$AAI?$AAO?$AAN?$AAA?$AAL?$AA_?$AAA?$AAT?$AAT?$AAE?$AAN?$AAD?$AAE?$AAE?$AAS?$AA?$AA@ 100021c0     mailutil_misc:mapiprops.obj
 0001:000011f8       ??_C@_1DI@NOMJCHBE@?$AAP?$AAR?$AA_?$AAS?$AAP?$AAL?$AAU?$AAS?$AA_?$AAR?$AAE?$AAQ?$AAU?$AAI?$AAR?$AAE?$AAD?$AA_?$AAA?$AAT?$AAT?$AAE?$AAN?$AAD?$AAE?$AAE?$AAS?$AA?$AA@ 100021f8     mailutil_misc:mapiprops.obj
 0001:00001230       ??_C@_1CM@KGNFMNMJ@?$AAP?$AAR?$AA_?$AAS?$AAP?$AAL?$AAU?$AAS?$AA_?$AAG?$AAL?$AAO?$AAB?$AAA?$AAL?$AA_?$AAO?$AAB?$AAJ?$AAI?$AAD?$AA?$AA@ 10002230     mailutil_misc:mapiprops.obj
 0001:0000125c       ??_C@_1BO@CMIEKCHO@?$AAP?$AAR?$AA_?$AAS?$AAP?$AAL?$AAU?$AAS?$AA_?$AAW?$AAH?$AAE?$AAR?$AAE?$AA?$AA@ 1000225c     mailutil_misc:mapiprops.obj
 0001:00001280       ??_C@_1EE@PAKDIFOG@?$AAP?$AAR?$AA_?$AAS?$AAP?$AAL?$AAU?$AAS?$AA_?$AAA?$AAT?$AAT?$AAE?$AAN?$AAD?$AAE?$AAE?$AA_?$AAC?$AAR?$AAI?$AAT?$AAI?$AAC?$AAA?$AAL?$AA_?$AAC?$AAH?$AAA?$AAN?$AAG@ 10002280     mailutil_misc:mapiprops.obj
 0001:000012c4       ??_C@_0CA@LLDMHGPB@IPM?4Microsoft?5Schedule?4MtgRespA?$AA@ 100022c4     mailutil_misc:msgclasses.obj
 0001:000012e8       ??_C@_1EA@BNDHPMKM@?$AAI?$AAP?$AAM?$AA?4?$AAM?$AAi?$AAc?$AAr?$AAo?$AAs?$AAo?$AAf?$AAt?$AA?5?$AAS?$AAc?$AAh?$AAe?$AAd?$AAu?$AAl?$AAe?$AA?4?$AAM?$AAt?$AAg?$AAR?$AAe?$AAs?$AAp?$AAA?$AA?$AA@ 100022e8     mailutil_misc:msgclasses.obj
 0001:00001328       ??_C@_0BP@DBJONBOL@IPM?4Schedule?4Meeting?4Resp?4Tent?$AA@ 10002328     mailutil_misc:msgclasses.obj
 0001:00001348       ??_C@_1DO@MJNKPDNK@?$AAI?$AAP?$AAM?$AA?4?$AAS?$AAc?$AAh?$AAe?$AAd?$AAu?$AAl?$AAe?$AA?4?$AAM?$AAe?$AAe?$AAt?$AAi?$AAn?$AAg?$AA?4?$AAR?$AAe?$AAs?$AAp?$AA?4?$AAT?$AAe?$AAn?$AAt?$AA?$AA@ 10002348     mailutil_misc:msgclasses.obj
 0001:00001388       ??_C@_0CA@DMKEGKDO@IPM?4Microsoft?5Schedule?4MtgRespN?$AA@ 10002388     mailutil_misc:msgclasses.obj
 0001:000013a8       ??_C@_1EA@EFFEOMPK@?$AAI?$AAP?$AAM?$AA?4?$AAM?$AAi?$AAc?$AAr?$AAo?$AAs?$AAo?$AAf?$AAt?$AA?5?$AAS?$AAc?$AAh?$AAe?$AAd?$AAu?$AAl?$AAe?$AA?4?$AAM?$AAt?$AAg?$AAR?$AAe?$AAs?$AAp?$AAN?$AA?$AA@ 100023a8     mailutil_misc:msgclasses.obj
 0001:000013e8       ??_C@_0BO@EJFBLNDJ@IPM?4Schedule?4Meeting?4Resp?4Neg?$AA@ 100023e8     mailutil_misc:msgclasses.obj
 0001:00001408       ??_C@_1DM@NONPEFDL@?$AAI?$AAP?$AAM?$AA?4?$AAS?$AAc?$AAh?$AAe?$AAd?$AAu?$AAl?$AAe?$AA?4?$AAM?$AAe?$AAe?$AAt?$AAi?$AAn?$AAg?$AA?4?$AAR?$AAe?$AAs?$AAp?$AA?4?$AAN?$AAe?$AAg?$AA?$AA@ 10002408     mailutil_misc:msgclasses.obj
 0001:00001444       ??_C@_0CA@OIOFFFOB@IPM?4Microsoft?5Schedule?4MtgRespP?$AA@ 10002444     mailutil_misc:msgclasses.obj
 0001:00001468       ??_C@_1EA@PFJCMMFG@?$AAI?$AAP?$AAM?$AA?4?$AAM?$AAi?$AAc?$AAr?$AAo?$AAs?$AAo?$AAf?$AAt?$AA?5?$AAS?$AAc?$AAh?$AAe?$AAd?$AAu?$AAl?$AAe?$AA?4?$AAM?$AAt?$AAg?$AAR?$AAe?$AAs?$AAp?$AAP?$AA?$AA@ 10002468     mailutil_misc:msgclasses.obj
 0001:000014a8       ??_C@_0BO@NKKOMPBG@IPM?4Schedule?4Meeting?4Resp?4Pos?$AA@ 100024a8     mailutil_misc:msgclasses.obj
 0001:000014c8       ??_C@_1DM@MJAOIFIM@?$AAI?$AAP?$AAM?$AA?4?$AAS?$AAc?$AAh?$AAe?$AAd?$AAu?$AAl?$AAe?$AA?4?$AAM?$AAe?$AAe?$AAt?$AAi?$AAn?$AAg?$AA?4?$AAR?$AAe?$AAs?$AAp?$AA?4?$AAP?$AAo?$AAs?$AA?$AA@ 100024c8     mailutil_misc:msgclasses.obj
 0001:00001504       ??_C@_0BO@ILPKFGBE@IPM?4Microsoft?5Schedule?4MtgReq?$AA@ 10002504     mailutil_misc:msgclasses.obj
 0001:00001524       ??_C@_1DM@KJKMJPPC@?$AAI?$AAP?$AAM?$AA?4?$AAM?$AAi?$AAc?$AAr?$AAo?$AAs?$AAo?$AAf?$AAt?$AA?5?$AAS?$AAc?$AAh?$AAe?$AAd?$AAu?$AAl?$AAe?$AA?4?$AAM?$AAt?$AAg?$AAR?$AAe?$AAq?$AA?$AA@ 10002524     mailutil_misc:msgclasses.obj
 0001:00001560       ??_C@_0BN@FNHLCEIJ@IPM?4Schedule?4Meeting?4Request?$AA@ 10002560     mailutil_misc:msgclasses.obj
 0001:00001580       ??_C@_1DK@LEEOHPJA@?$AAI?$AAP?$AAM?$AA?4?$AAS?$AAc?$AAh?$AAe?$AAd?$AAu?$AAl?$AAe?$AA?4?$AAM?$AAe?$AAe?$AAt?$AAi?$AAn?$AAg?$AA?4?$AAR?$AAe?$AAq?$AAu?$AAe?$AAs?$AAt?$AA?$AA@ 10002580     mailutil_misc:msgclasses.obj
 0001:000015bc       ??_C@_0BP@EGDKEEKN@IPM?4Microsoft?5Schedule?4MtgCncl?$AA@ 100025bc     mailutil_misc:msgclasses.obj
 0001:000015dc       ??_C@_1DO@OMNCLJON@?$AAI?$AAP?$AAM?$AA?4?$AAM?$AAi?$AAc?$AAr?$AAo?$AAs?$AAo?$AAf?$AAt?$AA?5?$AAS?$AAc?$AAh?$AAe?$AAd?$AAu?$AAl?$AAe?$AA?4?$AAM?$AAt?$AAg?$AAC?$AAn?$AAc?$AAl?$AA?$AA@ 100025dc     mailutil_misc:msgclasses.obj
 0001:0000161c       ??_C@_0BO@PLNODFOE@IPM?4Schedule?4Meeting?4Canceled?$AA@ 1000261c     mailutil_misc:msgclasses.obj
 0001:0000163c       ??_C@_1DM@KOGNKGOM@?$AAI?$AAP?$AAM?$AA?4?$AAS?$AAc?$AAh?$AAe?$AAd?$AAu?$AAl?$AAe?$AA?4?$AAM?$AAe?$AAe?$AAt?$AAi?$AAn?$AAg?$AA?4?$AAC?$AAa?$AAn?$AAc?$AAe?$AAl?$AAe?$AAd?$AA?$AA@ 1000263c     mailutil_misc:msgclasses.obj
 0001:00001eb0       ??_7CMAPITableWalker@@6B@  10002eb0     mailutil_misc:mapitablewalker.obj
 0001:000020c0       ??_C@_19KANMDILN@?$AAS?$AAM?$AAT?$AAP?$AA?$AA@ 100030c0     mailutil_misc:welcomeemail.obj
 0001:000020cc       ??_C@_1O@JBBHAGJJ@?$AA?$CF?$AAs?$AA?$CF?$AAs?$AA?$CF?$AAs?$AA?$AA@ 100030cc     mailutil_misc:welcomeemail.obj
 0001:000020dc       ??_C@_19FPAAGIGN@?$AA?$CK?$AA?$CF?$AAs?$AA?$DL?$AA?$AA@ 100030dc     mailutil_misc:utils_image.obj
 0001:000020e8       ??_C@_13DEFPDAGF@?$AA?0?$AA?$AA@ 100030e8     mailutil_misc:utils_image.obj
 0001:000020ec       ??_C@_1M@DNJBHPMH@?$AA?4?$AAW?$AAB?$AAM?$AAP?$AA?$AA@ 100030ec     mailutil_misc:utils_image.obj
 0001:000020f8       _GUID_d8cd007f_d08f_4191_9bfc_236ea7f0e4b5 100030f8     mailutil_misc:utils_image.obj
 0001:00002108       _GUID_ec5ec8a9_c395_4314_9c77_54d7a935ff70 10003108     mailutil_misc:utils_image.obj
 0001:00002118       ?kszSMTP@@3QBGB            10003118     mailutil_misc:consts.obj
 0001:00002124       ?kszSMS@@3QBGB             10003124     mailutil_misc:consts.obj
 0001:0000212c       ?kszAirSync@@3QBGB         1000312c     mailutil_misc:consts.obj
 0001:0000213c       ?kSpace@@3GB               1000313c     mailutil_misc:consts.obj
 0001:00002140       ?kszSMSTransportName@@3QBGB 10003140     mailutil_misc:consts.obj
 0001:00002148       ?kszNamedPropTransportName@@3QBGB 10003148     mailutil_misc:consts.obj
 0001:00002170       ?gc_szSysAdminStatusMsgClass@@3QBGB 10003170     mailutil_misc:consts.obj
 0001:00002198       ?kszContentType@@3QBGB     10003198     mailutil_misc:consts.obj
 0001:000021b4       ?kszRegOptDisableSMSDeliveryReceipt@@3QBGB 100031b4     mailutil_misc:consts.obj
 0001:000021e8       ?kszRegKeySettings@@3QBGB  100031e8     mailutil_misc:consts.obj
 0001:0000222c       ?kszRegOEMSMSCallback@@3QBGB 1000322c     mailutil_misc:consts.obj
 0001:00002250       ?kszRegKeySettingsOEM@@3QBGB 10003250     mailutil_misc:consts.obj
 0001:0000229c       ?kszRegOEMSMSPriority@@3QBGB 1000329c     mailutil_misc:consts.obj
 0001:000022c0       ?kszIrmContentClass@@3QBGB 100032c0     mailutil_misc:consts.obj
 0001:000022dc       ?kszProtectedAttachmentName@@3QBGB 100032dc     mailutil_misc:consts.obj
 0001:000022f8       ?kszPrelicenseAttachmentName@@3QBGB 100032f8     mailutil_misc:consts.obj
 0001:00002324       ?kszInboxProtectedRegRoot@@3QBGB 10003324     mailutil_misc:consts.obj
 0001:00002340       ?kszRpmsgContentType@@3QBGB 10003340     mailutil_misc:consts.obj
 0001:0000238c       ?kszMMSAccountNamePath@@3QBGB 1000338c     mailutil_misc:consts.obj
 0001:000023c0       ?kszActiveSyncSources@@3QBGB 100033c0     mailutil_misc:consts.obj
 0001:00002410       ?kszEnableValueName@@3QBGB 10003410     mailutil_misc:consts.obj
 0001:00002420       ?kszEngine@@3QBGB          10003420     mailutil_misc:consts.obj
 0001:00002430       ?kszMMSAccountNameValue@@3QBGB 10003430     mailutil_misc:consts.obj
 0001:0000244c       ?kszSyncPartnershipQAHook@@3QBGB 1000344c     mailutil_misc:consts.obj
 0001:00002498       _GUID_0437705a_55d1_4158_8687_e191d04e1ae8 10003498     mailutil_misc:bufstm.obj
 0001:000024a8       ??_7CBufferedStream@@6B@   100034a8     mailutil_misc:bufstm.obj
 0001:00002504       ??_7HtmlDocForParsingSite@@6BIOleClientSite@@@ 10003504     mailutil_misc:SecureHtmlDoc.obj
 0001:0000252c       ??_7HtmlDocForParsingSite@@6BIServiceProvider@@@ 1000352c     mailutil_misc:SecureHtmlDoc.obj
 0001:0000253c       ??_7HtmlDocForParsingSite@@6BIDocHostShowUI@@@ 1000353c     mailutil_misc:SecureHtmlDoc.obj
 0001:00002550       _GUID_c4d244b0_d43e_11cf_893b_00aa00bdce1a 10003550     mailutil_misc:SecureHtmlDoc.obj
 0001:00002560       _GUID_6d5140c1_7436_11ce_8034_00aa006009fa 10003560     mailutil_misc:SecureHtmlDoc.obj
 0001:00002570       _GUID_00000118_0000_0000_c000_000000000046 10003570     mailutil_misc:SecureHtmlDoc.obj
 0001:00002580       ??_7MaxSecurityManager@@6B@ 10003580     mailutil_misc:SecureHtmlDoc.obj
 0001:000025b0       _GUID_f164edf1_cc7c_4f0d_9a94_34222625c393 100035b0     mailutil_misc:SecureHtmlDoc.obj
 0001:000025c0       _GUID_332c4425_26cb_11d0_b483_00c04fd90119 100035c0     mailutil_misc:SecureHtmlDoc.obj
 0001:000025d0       ??_C@_1BG@PNPBIKNO@?$AAR?$AAe?$AAc?$AAi?$AAp?$AAT?$AAa?$AAb?$AAl?$AAe?$AA?$AA@ 100035d0     mailutil_tnef:tnefDecoder.obj
 0001:000025e8       ??_C@_1BG@OKCFCONL@?$AAA?$AAt?$AAt?$AAa?$AAc?$AAh?$AAm?$AAe?$AAn?$AAt?$AA?$AA@ 100035e8     mailutil_tnef:tnefDecoder.obj
 0001:00002600       ??_C@_1BE@LEEOHLJA@?$AAM?$AAA?$AAP?$AAI?$AAP?$AAr?$AAo?$AAp?$AAs?$AA?$AA@ 10003600     mailutil_tnef:tnefDecoder.obj
 0001:00002614       ??_C@_1CC@HGNENIE@?$AAA?$AAt?$AAt?$AAa?$AAc?$AAh?$AAM?$AAo?$AAd?$AAi?$AAf?$AAy?$AAD?$AAa?$AAt?$AAe?$AA?$AA@ 10003614     mailutil_tnef:tnefDecoder.obj
 0001:00002638       ??_C@_1BE@IKDONJGM@?$AAD?$AAa?$AAt?$AAe?$AAS?$AAt?$AAa?$AAr?$AAt?$AA?$AA@ 10003638     mailutil_tnef:tnefDecoder.obj
 0001:0000264c       ??_C@_1BC@OBFBGGPB@?$AAD?$AAa?$AAt?$AAe?$AAS?$AAe?$AAn?$AAt?$AA?$AA@ 1000364c     mailutil_tnef:tnefDecoder.obj
 0001:00002660       ??_C@_1BC@OCBEEJIO@?$AAD?$AAa?$AAt?$AAe?$AAR?$AAe?$AAc?$AAd?$AA?$AA@ 10003660     mailutil_tnef:tnefDecoder.obj
 0001:00002674       ??_C@_1BK@HFFMKLBI@?$AAD?$AAa?$AAt?$AAe?$AAM?$AAo?$AAd?$AAi?$AAf?$AAi?$AAe?$AAd?$AA?$AA@ 10003674     mailutil_tnef:tnefDecoder.obj
 0001:00002690       ??_C@_1BA@PJMNHMA@?$AAD?$AAa?$AAt?$AAe?$AAE?$AAn?$AAd?$AA?$AA@ 10003690     mailutil_tnef:tnefDecoder.obj
 0001:000026a0       ??_C@_1CC@IIMHONJO@?$AAA?$AAt?$AAt?$AAa?$AAc?$AAh?$AAC?$AAr?$AAe?$AAa?$AAt?$AAe?$AAD?$AAa?$AAt?$AAe?$AA?$AA@ 100036a0     mailutil_tnef:tnefDecoder.obj
 0001:000026c4       ??_C@_1BK@COHBDPJK@?$AAM?$AAe?$AAs?$AAs?$AAa?$AAg?$AAe?$AAC?$AAl?$AAa?$AAs?$AAs?$AA?$AA@ 100036c4     mailutil_tnef:tnefDecoder.obj
 0001:000026e0       ??_C@_1CK@OGDJJGHB@?$AAO?$AAr?$AAi?$AAg?$AAi?$AAn?$AAa?$AAl?$AAM?$AAe?$AAs?$AAs?$AAa?$AAg?$AAe?$AAC?$AAl?$AAa?$AAs?$AAs?$AA?$AA@ 100036e0     mailutil_tnef:tnefDecoder.obj
 0001:0000270c       ??_C@_1BK@FMEPFGK@?$AAA?$AAt?$AAt?$AAc?$AAh?$AAS?$AAu?$AAb?$AAj?$AAe?$AAc?$AAt?$AA?$AA@ 1000370c     mailutil_tnef:tnefDecoder.obj
 0001:00002728       ??_C@_1BG@JGECJBPF@?$AAA?$AAt?$AAt?$AAa?$AAc?$AAh?$AAB?$AAo?$AAd?$AAy?$AA?$AA@ 10003728     mailutil_tnef:tnefDecoder.obj
 0001:00002740       ??_C@_1DA@IJMFGLEB@?$AAA?$AAt?$AAt?$AAa?$AAc?$AAh?$AAT?$AAr?$AAa?$AAn?$AAs?$AAp?$AAo?$AAr?$AAt?$AAF?$AAi?$AAl?$AAe?$AAN?$AAa?$AAm?$AAe?$AA?$AA@ 10003740     mailutil_tnef:tnefDecoder.obj
 0001:00002770       ??_C@_1BI@CDKALNAB@?$AAA?$AAt?$AAt?$AAa?$AAc?$AAh?$AAT?$AAi?$AAt?$AAl?$AAe?$AA?$AA@ 10003770     mailutil_tnef:tnefDecoder.obj
 0001:00002788       ??_C@_1BO@KDEGKDDM@?$AAA?$AAt?$AAt?$AAa?$AAc?$AAh?$AAM?$AAe?$AAt?$AAa?$AAF?$AAi?$AAl?$AAe?$AA?$AA@ 10003788     mailutil_tnef:tnefDecoder.obj
 0001:000027a8       ??_C@_1BG@BIKNIOGL@?$AAA?$AAt?$AAt?$AAa?$AAc?$AAh?$AAD?$AAa?$AAt?$AAa?$AA?$AA@ 100037a8     mailutil_tnef:tnefDecoder.obj
 0001:000027c0       ??_C@_1BG@MNKLCFHO@?$AAA?$AAt?$AAt?$AAa?$AAc?$AAh?$AAF?$AAr?$AAo?$AAm?$AA?$AA@ 100037c0     mailutil_tnef:tnefDecoder.obj
 0001:000027d8       ??_C@_1BM@DDGNNKEJ@?$AAA?$AAt?$AAt?$AAa?$AAc?$AAh?$AAS?$AAe?$AAn?$AAt?$AAF?$AAo?$AAr?$AA?$AA@ 100037d8     mailutil_tnef:tnefDecoder.obj
 0001:000027f4       ??_C@_1BI@GAPHFGKF@?$AAA?$AAt?$AAt?$AAa?$AAc?$AAh?$AAO?$AAw?$AAn?$AAe?$AAr?$AA?$AA@ 100037f4     mailutil_tnef:tnefDecoder.obj
 0001:0000280c       ??_C@_1BO@KPBGBFFC@?$AAA?$AAt?$AAt?$AAa?$AAc?$AAh?$AAR?$AAe?$AAn?$AAd?$AAd?$AAa?$AAt?$AAa?$AA?$AA@ 1000380c     mailutil_tnef:tnefDecoder.obj
 0001:0000282c       ??_C@_1BI@FBKIKKPL@?$AAS?$AAe?$AAn?$AAs?$AAi?$AAt?$AAi?$AAv?$AAi?$AAt?$AAy?$AA?$AA@ 1000382c     mailutil_tnef:tnefDecoder.obj
 0001:00002844       ??_C@_1CC@KJOMMCBL@?$AAR?$AAe?$AAq?$AAu?$AAe?$AAs?$AAt?$AA?5?$AAR?$AAe?$AAs?$AAp?$AAo?$AAn?$AAs?$AAe?$AA?$AA@ 10003844     mailutil_tnef:tnefDecoder.obj
 0001:00002868       ??_C@_1BC@JHNNEHFE@?$AAP?$AAr?$AAi?$AAo?$AAr?$AAi?$AAt?$AAy?$AA?$AA@ 10003868     mailutil_tnef:tnefDecoder.obj
 0001:0000287c       ??_C@_1BM@PEHICDME@?$AAM?$AAe?$AAs?$AAs?$AAa?$AAg?$AAe?$AAS?$AAt?$AAa?$AAt?$AAu?$AAs?$AA?$AA@ 1000387c     mailutil_tnef:tnefDecoder.obj
 0001:00002898       ??_C@_1CK@JIODOJJM@?$AAO?$AAw?$AAn?$AAe?$AAr?$AA?5?$AAA?$AAp?$AAp?$AAo?$AAi?$AAn?$AAt?$AAm?$AAe?$AAn?$AAt?$AA?5?$AAI?$AAD?$AA?$AA@ 10003898     mailutil_tnef:tnefDecoder.obj
 0001:000028c4       ??_C@_1BC@IDNCPF@?$AAI?$AAP?$AAM?$AA?4?$AAN?$AAo?$AAt?$AAe?$AA?$AA@ 100038c4     mailutil_tnef:tnefDecoder.obj
 0001:000028dc       ?cAttHandlerTableSize@CTnefDecoder@@0KB 100038dc     mailutil_tnef:tnefDecoder.obj
 0001:000028e0       ?AttHandlerTable@CTnefDecoder@@0QBUAttHandlerTableEntry@1@B 100038e0     mailutil_tnef:tnefDecoder.obj
 0001:00002a24       ??_7CTnefDecoder@@6B@      10003a24     mailutil_tnef:tnefDecoder.obj
 0001:00002a50       ??_7CTnefEncoder@@6B@      10003a50     mailutil_tnef:tnefencoder.obj
 0001:00002a70       ?c_liZero@@3T_LARGE_INTEGER@@B 10003a70     mailutil_tnef:tnefutils.obj
 0001:00002a78       ??_7CTnefStream@@6B@       10003a78     mailutil_tnef:tnefstream.obj
 0001:00002ab4       ??_C@_00CNPNBAHC@?$AA@     10003ab4     mailutil_vcal:vcardgen.obj
 0001:00002ab8       ??_C@_08HFIPAJDM@CHARSET?$DN?$AA@ 10003ab8     mailutil_vcal:vcardgen.obj
 0001:00002ac4       ??_C@_04BFLJMNEL@BDAY?$AA@ 10003ac4     mailutil_vcal:vcardgen.obj
 0001:00002acc       ??_C@_01JLIPDDHJ@?3?$AA@   10003acc     mailutil_vcal:vcardgen.obj
 0001:00002ad0       ??_C@_13PJJBFPED@?$AA?$DL?$AA?$AA@ 10003ad0     mailutil_vcal:vcardgen.obj
 0001:00002ad4       ??_C@_09MOHDDDAH@END?3VCARD?$AA@ 10003ad4     mailutil_vcal:vcardgen.obj
 0001:00002ae0       ??_C@_0M@PCLDBDAI@VERSION?32?41?$AA@ 10003ae0     mailutil_vcal:vcardgen.obj
 0001:00002aec       ??_C@_0M@FDBEEFCM@VERSION?33?40?$AA@ 10003aec     mailutil_vcal:vcardgen.obj
 0001:00002af8       ??_C@_0M@NMDPKAOA@BEGIN?3VCARD?$AA@ 10003af8     mailutil_vcal:vcardgen.obj
 0001:00002b04       ??_C@_0O@CNGICKEJ@profile?$DNvCard?$AA@ 10003b04     mailutil_vcal:vcardgen.obj
 0001:00002b14       ??_C@_0BM@NNABANEN@Content?9Type?3?5?5text?1x?9vcard?$AA@ 10003b14     mailutil_vcal:vcardgen.obj
 0001:00002b30       ??_C@_02PCIJFNDE@?$AN?6?$AA@ 10003b30     mailutil_vcal:vcardgen.obj
 0001:00002b34       ?crlf@VCardGen@@0QADA      10003b34     mailutil_vcal:vcardgen.obj
 0001:00002b38       ?contentType@VCardGen@@0QADA 10003b38     mailutil_vcal:vcardgen.obj
 0001:00002b3c       ?profile@VCardGen@@0QADA   10003b3c     mailutil_vcal:vcardgen.obj
 0001:00002b40       ?begin@VCardGen@@0QADA     10003b40     mailutil_vcal:vcardgen.obj
 0001:00002b44       ?version_3@VCardGen@@0QADA 10003b44     mailutil_vcal:vcardgen.obj
 0001:00002b48       ?version_2@VCardGen@@0QADA 10003b48     mailutil_vcal:vcardgen.obj
 0001:00002b4c       ?vcardEnd@VCardGen@@0QADA  10003b4c     mailutil_vcal:vcardgen.obj
 0001:00002b50       ?spaceStr@VCardGen@@0QAGA  10003b50     mailutil_vcal:vcardgen.obj
 0001:00002b54       ?semiColonStr@VCardGen@@0QAGA 10003b54     mailutil_vcal:vcardgen.obj
 0001:00002b58       ?colonStr@VCardGen@@0QADA  10003b58     mailutil_vcal:vcardgen.obj
 0001:00002b5c       ?birthDayStr@VCardGen@@0QADA 10003b5c     mailutil_vcal:vcardgen.obj
 0001:00002b60       ?charSet@VCardGen@@0QADA   10003b60     mailutil_vcal:vcardgen.obj
 0001:00002b64       ?emptyString@VCardGen@@0QADA 10003b64     mailutil_vcal:vcardgen.obj
 0001:00002b78       ??_7VCardGen@@6B@          10003b78     mailutil_vcal:vcardgen.obj
 0001:00002bc0       ??_C@_0L@BEPOCHAP@ISO?98859?94?$AA@ 10003bc0     mailutil_vcal:icalinterface.obj
 0001:00002bcc       ??_C@_0L@FLLPLBMI@ISO?98859?93?$AA@ 10003bcc     mailutil_vcal:icalinterface.obj
 0001:00002bd8       ??_C@_0L@DPNDHEMM@ISO?98859?97?$AA@ 10003bd8     mailutil_vcal:icalinterface.obj
 0001:00002be4       ??_C@_0L@GJIJNDEK@ISO?98859?91?$AA@ 10003be4     mailutil_vcal:icalinterface.obj
 0001:00002bf0       ??_C@_0L@NOFBGEO@ISO?98859?95?$AA@ 10003bf0     mailutil_vcal:icalinterface.obj
 0001:00002bfc       ??_C@_0L@ECKEIAIJ@ISO?98859?92?$AA@ 10003bfc     mailutil_vcal:icalinterface.obj
 0001:00002c08       ??_C@_0M@IPHBKAAL@ISO?92022?9KR?$AA@ 10003c08     mailutil_vcal:icalinterface.obj
 0001:00002c14       ??_C@_04CKBGENIP@BIG5?$AA@ 10003c14     mailutil_vcal:icalinterface.obj
 0001:00002c1c       ??_C@_06FAAJKHGO@GB2312?$AA@ 10003c1c     mailutil_vcal:icalinterface.obj
 0001:00002c24       ??_C@_09NDNIACC@SHIFT_JIS?$AA@ 10003c24     mailutil_vcal:icalinterface.obj
 0001:00002c30       ??_C@_05EGJIMALK@UTF?98?$AA@ 10003c30     mailutil_vcal:icalinterface.obj
 0001:00002e98       ?g_rgCodePageCharSet@@3QBUtagCODEPAGETOCHARSET@@B 10003e98     mailutil_vcal:icalinterface.obj
 0001:00002f5c       ??_C@_0BB@MHPDOAGL@QUOTED?9PRINTABLE?$AA@ 10003f5c     mailutil_vcal:icalinterface.obj
 0001:00002f70       ??_7CIcalParserInterface@@6B@ 10003f70     mailutil_vcal:icalinterface.obj
 0001:00002f90       ??_C@_04FBLNPEBP@DATE?$AA@ 10003f90     mailutil_vcal:icalinterface.obj
 0001:00002f98       ??_C@_0N@NIGEIJEK@CONTENT?9TYPE?$AA@ 10003f98     mailutil_vcal:icalinterface.obj
 0001:00002fa8       ??_C@_19ELAAHEEL@?$AAT?$AAR?$AAU?$AAE?$AA?$AA@ 10003fa8     mailutil_vcal:icalinterface.obj
 0001:00002fb4       ??_C@_1BM@KBBOCDEM@?$AAC?$AAU?$AAn?$AAk?$AA_?$AAQ?$AAI?$AAS?$AAe?$AAa?$AAr?$AAc?$AAh?$AA?$AA@ 10003fb4     mailutil_vcal:dllload.obj
 0001:00002fd0       ??_C@_1BG@ELFKLHIC@?$AAs?$AAh?$AAu?$AAt?$AAi?$AAl?$AA?4?$AAD?$AAL?$AAL?$AA?$AA@ 10003fd0     mailutil_vcal:dllload.obj
 0001:00002fe8       ??_C@_09PPDLGBLG@123456789?$AA@ 10003fe8     mailutil_vcal:ICalParser.obj
 0001:00002ff4       ??_C@_01IHBHIGKO@?0?$AA@   10003ff4     mailutil_vcal:ICalParser.obj
 0001:00002ff8       ??_C@_01NEMOKFLO@?$DN?$AA@ 10003ff8     mailutil_vcal:ICalParser.obj
 0001:00002ffc       ??_C@_01ICJEACDI@?$DL?$AA@ 10003ffc     mailutil_vcal:ICalParser.obj
 0001:00003000       ??_C@_01IPJKGB@?$CD?$AA@   10004000     mailutil_vcal:ICalParser.obj
 0001:00003004       ??_C@_01CLKCMJKC@?5?$AA@   10004004     mailutil_vcal:ICalParser.obj
 0001:00003008       ??_C@_02PGHGPEOM@?91?$AA@  10004008     mailutil_vcal:ICalParser.obj
 0001:000034f4       ??_C@_06MCEJMNCN@VEVENT?$AA@ 100044f4     mailutil_vcal:icalkeywords.obj
 0001:000034fc       ??_C@_08CBJNMPAB@STANDARD?$AA@ 100044fc     mailutil_vcal:icalkeywords.obj
 0001:00003508       ??_C@_05IGDGDCPA@CLASS?$AA@ 10004508     mailutil_vcal:icalkeywords.obj
 0001:00003510       ??_C@_03BBJMCFKE@URL?$AA@  10004510     mailutil_vcal:icalkeywords.obj
 0001:00003514       ??_C@_08FDNLEDLE@BYMINUTE?$AA@ 10004514     mailutil_vcal:icalkeywords.obj
 0001:00003520       ??_C@_07EGEIEOOI@DTSTAMP?$AA@ 10004520     mailutil_vcal:icalkeywords.obj
 0001:00003528       ??_C@_09LHDMJJIG@COMPLETED?$AA@ 10004528     mailutil_vcal:icalkeywords.obj
 0001:00003534       ??_C@_06LCBKFLKD@REPEAT?$AA@ 10004534     mailutil_vcal:icalkeywords.obj
 0001:0000353c       ??_C@_04LLKALCGB@TZID?$AA@ 1000453c     mailutil_vcal:icalkeywords.obj
 0001:00003544       ??_C@_08ECBGADMO@DAYLIGHT?$AA@ 10004544     mailutil_vcal:icalkeywords.obj
 0001:00003550       ??_C@_0BF@EAIEAONN@X?9MICROSOFT?9ASST_TEL?$AA@ 10004550     mailutil_vcal:icalkeywords.obj
 0001:00003568       ??_C@_03MNMMELJE@ORG?$AA@  10004568     mailutil_vcal:icalkeywords.obj
 0001:0000356c       ??_C@_08PHDJDNOC@PRIORITY?$AA@ 1000456c     mailutil_vcal:icalkeywords.obj
 0001:00003578       ??_C@_0BB@CDONLIDN@PERCENT_COMPLETE?$AA@ 10004578     mailutil_vcal:icalkeywords.obj
 0001:0000358c       ??_C@_0BL@BIIMKAI@X?9MICROSOFT?9CDO?9BUSYSTATUS?$AA@ 1000458c     mailutil_vcal:icalkeywords.obj
 0001:000035a8       ??_C@_0M@DDKBGIA@X?9ASSISTANT?$AA@ 100045a8     mailutil_vcal:icalkeywords.obj
 0001:000035b4       ??_C@_08FOLJKLOE@LOCATION?$AA@ 100045b4     mailutil_vcal:icalkeywords.obj
 0001:000035c0       ??_C@_0BJ@KHHJPOCN@X?9MICROSOFT?9GOVERNMENTID?$AA@ 100045c0     mailutil_vcal:icalkeywords.obj
 0001:000035dc       ??_C@_04KDPJLEDB@TYPE?$AA@ 100045dc     mailutil_vcal:icalkeywords.obj
 0001:000035e4       ??_C@_05EFPFFLHP@RRULE?$AA@ 100045e4     mailutil_vcal:icalkeywords.obj
 0001:000035ec       ??_C@_0BG@LPGAEOGM@X?9MICROSOFT?9OFFICELOC?$AA@ 100045ec     mailutil_vcal:icalkeywords.obj
 0001:00003604       ??_C@_08MJLDLDGF@DURATION?$AA@ 10004604     mailutil_vcal:icalkeywords.obj
 0001:00003610       ??_C@_09NEJJNJHC@ORGANIZER?$AA@ 10004610     mailutil_vcal:icalkeywords.obj
 0001:0000361c       ??_C@_06LJKEMAPN@SPOUSE?$AA@ 1000461c     mailutil_vcal:icalkeywords.obj
 0001:00003624       ??_C@_05GHBLALFN@RDATE?$AA@ 10004624     mailutil_vcal:icalkeywords.obj
 0001:0000362c       ??_C@_04FKJLEBBM@FREQ?$AA@ 1000462c     mailutil_vcal:icalkeywords.obj
 0001:00003634       ??_C@_09IMBBIOOI@BYYEARDAY?$AA@ 10004634     mailutil_vcal:icalkeywords.obj
 0001:00003640       ??_C@_02BMJIHHPP@CN?$AA@   10004640     mailutil_vcal:icalkeywords.obj
 0001:00003644       ??_C@_07ENFLEHC@SUMMARY?$AA@ 10004644     mailutil_vcal:icalkeywords.obj
 0001:0000364c       ??_C@_06NAKPMGAD@AALARM?$AA@ 1000464c     mailutil_vcal:icalkeywords.obj
 0001:00003654       ??_C@_07MFGAOKLA@TRIGGER?$AA@ 10004654     mailutil_vcal:icalkeywords.obj
 0001:0000365c       ??_C@_0L@NIMDLIHO@CATEGORIES?$AA@ 1000465c     mailutil_vcal:icalkeywords.obj
 0001:00003668       ??_C@_08DBLICGCL@FREEBUSY?$AA@ 10004668     mailutil_vcal:icalkeywords.obj
 0001:00003674       ??_C@_08NMGGAAPB@BYSECOND?$AA@ 10004674     mailutil_vcal:icalkeywords.obj
 0001:00003680       ??_C@_04PLNCJLIN@NOTE?$AA@ 10004680     mailutil_vcal:icalkeywords.obj
 0001:00003688       ??_C@_08FOPOPDIC@INTERVAL?$AA@ 10004688     mailutil_vcal:icalkeywords.obj
 0001:00003694       ??_C@_07PIOOHGIO@CONTACT?$AA@ 10004694     mailutil_vcal:icalkeywords.obj
 0001:0000369c       ??_C@_08IBJGIKHL@ATTENDEE?$AA@ 1000469c     mailutil_vcal:icalkeywords.obj
 0001:000036a8       ??_C@_09HMAJOJIG@VCALENDAR?$AA@ 100046a8     mailutil_vcal:icalkeywords.obj
 0001:000036b4       ??_C@_09CMINMFIB@RESOURCES?$AA@ 100046b4     mailutil_vcal:icalkeywords.obj
 0001:000036c0       ??_C@_07CAMPGIMC@RELATED?$AA@ 100046c0     mailutil_vcal:icalkeywords.obj
 0001:000036c8       ??_C@_0BG@NLNIMMHL@X?9MICROSOFT?9ASSISTANT?$AA@ 100046c8     mailutil_vcal:icalkeywords.obj
 0001:000036e0       ??_C@_06CFILFMHG@PRODID?$AA@ 100046e0     mailutil_vcal:icalkeywords.obj
 0001:000036e8       ??_C@_0BJ@EMPFGDMO@X?9MICROSOFT?9CDO?9MODPROPS?$AA@ 100046e8     mailutil_vcal:icalkeywords.obj
 0001:00003704       ??_C@_05LBOENAGF@EMAIL?$AA@ 10004704     mailutil_vcal:icalkeywords.obj
 0001:0000370c       ??_C@_05JKHMOCAA@VTODO?$AA@ 1000470c     mailutil_vcal:icalkeywords.obj
 0001:00003714       ??_C@_0L@GFMCOOGD@BYMONTHDAY?$AA@ 10004714     mailutil_vcal:icalkeywords.obj
 0001:00003720       ??_C@_0L@IMBEPCDF@X?9CHILDREN?$AA@ 10004720     mailutil_vcal:icalkeywords.obj
 0001:0000372c       ??_C@_0L@LLOOLGNC@RELATED_TO?$AA@ 1000472c     mailutil_vcal:icalkeywords.obj
 0001:00003738       ??_C@_0N@LHAGOLIF@X?9YOMI?9LNAME?$AA@ 10004738     mailutil_vcal:icalkeywords.obj
 0001:00003748       ??_C@_07GJDPDCH@BYMONTH?$AA@ 10004748     mailutil_vcal:icalkeywords.obj
 0001:00003750       ??_C@_06PMBNAMDI@EXDATE?$AA@ 10004750     mailutil_vcal:icalkeywords.obj
 0001:00003758       ??_C@_0BP@JJJNHILH@X?9MICROSOFT?9CDO?9INTENDEDSTATUS?$AA@ 10004758     mailutil_vcal:icalkeywords.obj
 0001:00003778       ??_C@_0BJ@CPBJKDO@X?9MICROSOFT?9CDO?9INSTTYPE?$AA@ 10004778     mailutil_vcal:icalkeywords.obj
 0001:00003794       ??_C@_05EFFCCOAM@COUNT?$AA@ 10004794     mailutil_vcal:icalkeywords.obj
 0001:0000379c       ??_C@_03NJMIFMIG@GEO?$AA@  1000479c     mailutil_vcal:icalkeywords.obj
 0001:000037a0       ??_C@_06DNKMJCIK@STATUS?$AA@ 100047a0     mailutil_vcal:icalkeywords.obj
 0001:000037a8       ??_C@_06CJDLLKBH@TZNAME?$AA@ 100047a8     mailutil_vcal:icalkeywords.obj
 0001:000037b0       ??_C@_06HCNGGEED@VALARM?$AA@ 100047b0     mailutil_vcal:icalkeywords.obj
 0001:000037b8       ??_C@_04EMPHBDMG@ROLE?$AA@ 100047b8     mailutil_vcal:icalkeywords.obj
 0001:000037c0       ??_C@_03LAEJPHDE@TEL?$AA@  100047c0     mailutil_vcal:icalkeywords.obj
 0001:000037c4       ??_C@_0O@IPJIKMMC@X?9ANNIVERSARY?$AA@ 100047c4     mailutil_vcal:icalkeywords.obj
 0001:000037d4       ??_C@_02BKFDLFBE@FN?$AA@   100047d4     mailutil_vcal:icalkeywords.obj
 0001:000037d8       ??_C@_0O@HKBGBCPO@LAST_MODIFIED?$AA@ 100047d8     mailutil_vcal:icalkeywords.obj
 0001:000037e8       ??_C@_0O@CDAKPIOP@VCARDSPECIFIC?$AA@ 100047e8     mailutil_vcal:icalkeywords.obj
 0001:000037f8       ??_C@_08HJEEODHG@CHILDREN?$AA@ 100047f8     mailutil_vcal:icalkeywords.obj
 0001:00003804       ??_C@_0BM@DPNOOAJ@X?9MICROSOFT?9CDO?9ALLDAYEVENT?$AA@ 10004804     mailutil_vcal:icalkeywords.obj
 0001:00003820       ??_C@_07DFFOGPKB@DTSTART?$AA@ 10004820     mailutil_vcal:icalkeywords.obj
 0001:00003828       ??_C@_0BE@BJADBFOP@X?9MICROSOFT?9MANAGER?$AA@ 10004828     mailutil_vcal:icalkeywords.obj
 0001:0000383c       ??_C@_0P@LCFGDIDC@REQUEST_STATUS?$AA@ 1000483c     mailutil_vcal:icalkeywords.obj
 0001:0000384c       ??_C@_0BE@BGJNLCPB@X?9MICROSOFT?9BODYINK?$AA@ 1000484c     mailutil_vcal:icalkeywords.obj
 0001:00003860       ??_C@_06DOFGNHJD@TRANSP?$AA@ 10004860     mailutil_vcal:icalkeywords.obj
 0001:00003868       ??_C@_04IKAPOIIE@DEPT?$AA@ 10004868     mailutil_vcal:icalkeywords.obj
 0001:00003870       ??_C@_0N@BGJNMIOD@X?9YOMI?9FNAME?$AA@ 10004870     mailutil_vcal:icalkeywords.obj
 0001:00003880       ??_C@_06NOPDFMBK@EXRULE?$AA@ 10004880     mailutil_vcal:icalkeywords.obj
 0001:00003888       ??_C@_0L@HJBJFBPI@TZOFFSETTO?$AA@ 10004888     mailutil_vcal:icalkeywords.obj
 0001:00003894       ??_C@_0O@DCECKGKI@RECURRENCE?9ID?$AA@ 10004894     mailutil_vcal:icalkeywords.obj
 0001:000038a4       ??_C@_08POLPFBMC@SEQUENCE?$AA@ 100048a4     mailutil_vcal:icalkeywords.obj
 0001:000038b0       ??_C@_09INIEKDNH@VTIMEZONE?$AA@ 100048b0     mailutil_vcal:icalkeywords.obj
 0001:000038bc       ??_C@_05DHPJJGAB@BYDAY?$AA@ 100048bc     mailutil_vcal:icalkeywords.obj
 0001:000038c4       ??_C@_0M@FBMBBIBH@DESCRIPTION?$AA@ 100048c4     mailutil_vcal:icalkeywords.obj
 0001:000038d0       ??_C@_05PFBDNIOO@PHOTO?$AA@ 100048d0     mailutil_vcal:icalkeywords.obj
 0001:000038d8       ??_C@_0BI@GAAKJCIG@X?9MICROSOFT?9ACCOUNTNAME?$AA@ 100048d8     mailutil_vcal:icalkeywords.obj
 0001:000038f0       ??_C@_07LNMCOMND@CHARSET?$AA@ 100048f0     mailutil_vcal:icalkeywords.obj
 0001:000038f8       ??_C@_05GIPDJDFJ@AGENT?$AA@ 100048f8     mailutil_vcal:icalkeywords.obj
 0001:00003900       ??_C@_08CJNOCAL@BYSETPOS?$AA@ 10004900     mailutil_vcal:icalkeywords.obj
 0001:0000390c       ??_C@_03MJDGODDN@UID?$AA@  1000490c     mailutil_vcal:icalkeywords.obj
 0001:00003910       ??_C@_06NDIIJFIA@BYHOUR?$AA@ 10004910     mailutil_vcal:icalkeywords.obj
 0001:00003918       ??_C@_06ICJHOJKE@DALARM?$AA@ 10004918     mailutil_vcal:icalkeywords.obj
 0001:00003920       ??_C@_07JEDAPFNH@COMMENT?$AA@ 10004920     mailutil_vcal:icalkeywords.obj
 0001:00003928       ??_C@_0N@EGELMDNL@TZOFFSETFROM?$AA@ 10004928     mailutil_vcal:icalkeywords.obj
 0001:00003938       ??_C@_05GEKGMGJA@TZURL?$AA@ 10004938     mailutil_vcal:icalkeywords.obj
 0001:00003940       ??_C@_07BFKIKKPP@CREATED?$AA@ 10004940     mailutil_vcal:icalkeywords.obj
 0001:00003948       ??_C@_03CNLELIJC@DUE?$AA@  10004948     mailutil_vcal:icalkeywords.obj
 0001:0000394c       ??_C@_06GEDKPGMC@METHOD?$AA@ 1000494c     mailutil_vcal:icalkeywords.obj
 0001:00003954       ??_C@_03JMGAKCCH@END?$AA@  10004954     mailutil_vcal:icalkeywords.obj
 0001:00003958       ??_C@_07NCHCCDCP@VERSION?$AA@ 10004958     mailutil_vcal:icalkeywords.obj
 0001:00003960       ??_C@_08DJJFIIGC@PARTSTAT?$AA@ 10004960     mailutil_vcal:icalkeywords.obj
 0001:0000396c       ??_C@_04EPNGMMLM@WKST?$AA@ 1000496c     mailutil_vcal:icalkeywords.obj
 0001:00003974       ??_C@_08BICPADOK@NICKNAME?$AA@ 10004974     mailutil_vcal:icalkeywords.obj
 0001:00003980       ??_C@_05DMCAHJJE@TITLE?$AA@ 10004980     mailutil_vcal:icalkeywords.obj
 0001:00003988       ??_C@_01NANMIPIL@N?$AA@    10004988     mailutil_vcal:icalkeywords.obj
 0001:0000398c       ??_C@_06LDLHLEGK@ATTACH?$AA@ 1000498c     mailutil_vcal:icalkeywords.obj
 0001:00003994       ??_C@_08GJDIJPME@X?9SPOUSE?$AA@ 10004994     mailutil_vcal:icalkeywords.obj
 0001:000039a0       ??_C@_08MLPPJPNO@BYWEEKNO?$AA@ 100049a0     mailutil_vcal:icalkeywords.obj
 0001:000039ac       ??_C@_0BH@JOMDMMCI@X?9MICROSOFT?9CUSTOMERID?$AA@ 100049ac     mailutil_vcal:icalkeywords.obj
 0001:000039c4       ??_C@_0M@MFPGONEK@ANNIVERSARY?$AA@ 100049c4     mailutil_vcal:icalkeywords.obj
 0001:000039d0       ??_C@_05JCFFAPID@UNTIL?$AA@ 100049d0     mailutil_vcal:icalkeywords.obj
 0001:000039d8       ??_C@_0BA@MKKECBPI@X?9YOMI?9CPNYNAME?$AA@ 100049d8     mailutil_vcal:icalkeywords.obj
 0001:000039e8       ??_C@_05FDDMNIKI@VCARD?$AA@ 100049e8     mailutil_vcal:icalkeywords.obj
 0001:000039f0       ??_C@_05ILMMJGEC@BEGIN?$AA@ 100049f0     mailutil_vcal:icalkeywords.obj
 0001:000039f8       ??_C@_06DHJAPAEE@ACTION?$AA@ 100049f8     mailutil_vcal:icalkeywords.obj
 0001:00003a00       ??_C@_0BI@BHNHNPD@X?9BLUETOOTH?9ALLDAYEVENT?$AA@ 10004a00     mailutil_vcal:icalkeywords.obj
 0001:00003a18       ??_C@_08NKBKKBJB@CALSCALE?$AA@ 10004a18     mailutil_vcal:icalkeywords.obj
 0001:00003a24       ??_C@_05FFLMPNOJ@DTEND?$AA@ 10004a24     mailutil_vcal:icalkeywords.obj
 0001:00003a2c       ??_C@_03CANAFHB@ADR?$AA@   10004a2c     mailutil_vcal:icalkeywords.obj
 0001:00003a30       ??_C@_06JNCFDDFD@YEARLY?$AA@ 10004a30     mailutil_vcal_cebase:icalPoomIface.obj
 0001:00003a38       ??_C@_07COJOBCEG@MONTHLY?$AA@ 10004a38     mailutil_vcal_cebase:icalPoomIface.obj
 0001:00003a40       ??_C@_06BFILPGNL@WEEKLY?$AA@ 10004a40     mailutil_vcal_cebase:icalPoomIface.obj
 0001:00003a48       ??_C@_05ELICOCNB@DAILY?$AA@ 10004a48     mailutil_vcal_cebase:icalPoomIface.obj
 0001:00003a50       ??_C@_06GIHHLGAN@HOURLY?$AA@ 10004a50     mailutil_vcal_cebase:icalPoomIface.obj
 0001:00003a58       ??_C@_08DLCOBCBK@MINUTELY?$AA@ 10004a58     mailutil_vcal_cebase:icalPoomIface.obj
 0001:00003a64       ??_C@_08FJPFDGMN@SECONDLY?$AA@ 10004a64     mailutil_vcal_cebase:icalPoomIface.obj
 0001:00003a70       ??_C@_02CGAEACJK@YM?$AA@   10004a70     mailutil_vcal_cebase:icalPoomIface.obj
 0001:00003a74       ??_C@_02PHMGLJND@YD?$AA@   10004a74     mailutil_vcal_cebase:icalPoomIface.obj
 0001:00003a78       ??_C@_02MCEHGFCK@MP?$AA@   10004a78     mailutil_vcal_cebase:icalPoomIface.obj
 0001:00003a7c       ??_C@_02OMOJLCHP@MD?$AA@   10004a7c     mailutil_vcal_cebase:icalPoomIface.obj
 0001:00003a80       ??_C@_01ELNMCGJD@W?$AA@    10004a80     mailutil_vcal_cebase:icalPoomIface.obj
 0001:00003a84       ??_C@_01CKDDGHAB@D?$AA@    10004a84     mailutil_vcal_cebase:icalPoomIface.obj
 0001:00003a88       ??_C@_02IHCGMIEA@SA?$AA@   10004a88     mailutil_vcal_cebase:icalPoomIface.obj
 0001:00003a8c       ??_C@_02PMCEOIEJ@FR?$AA@   10004a8c     mailutil_vcal_cebase:icalPoomIface.obj
 0001:00003a90       ??_C@_02FDKLGFIM@TH?$AA@   10004a90     mailutil_vcal_cebase:icalPoomIface.obj
 0001:00003a94       ??_C@_02OEEDKFJI@WE?$AA@   10004a94     mailutil_vcal_cebase:icalPoomIface.obj
 0001:00003a98       ??_C@_02KMMHAJJA@TU?$AA@   10004a98     mailutil_vcal_cebase:icalPoomIface.obj
 0001:00003a9c       ??_C@_02PBNGLLE@MO?$AA@    10004a9c     mailutil_vcal_cebase:icalPoomIface.obj
 0001:00003aa0       ??_C@_02KJIIBPBF@SU?$AA@   10004aa0     mailutil_vcal_cebase:icalPoomIface.obj
 0001:00003aa4       ??_C@_15JNBOKNOG@?$AA?$AN?$AA?6?$AA?$AA@ 10004aa4     mailutil_vcal_cebase:icalPoomIface.obj
 0001:00003b7c       ?c_CRLF@@3QBDB             10004b7c     mailutil_vcal_cebase:icalPoomIface.obj
 0001:00003b84       ?c_wVersion10@@3GB         10004b84     mailutil_vcal_cebase:icalPoomIface.obj
 0001:00003b88       ?c_wVersion20@@3GB         10004b88     mailutil_vcal_cebase:icalPoomIface.obj
 0001:00003b8c       ?c_wVersion30@@3GB         10004b8c     mailutil_vcal_cebase:icalPoomIface.obj
 0001:00003b90       ?c_rgICalPropTags@@3QBQADB 10004b90     mailutil_vcal_cebase:icalPoomIface.obj
 0001:00003d80       ?c_rgszICalDays@@3QBQBDB   10004d80     mailutil_vcal_cebase:icalPoomIface.obj
 0001:00003d9c       ?c_cszICalDays@@3KB        10004d9c     mailutil_vcal_cebase:icalPoomIface.obj
 0001:00003da0       ?c_rgszICalFreqV10@@3QBQBDB 10004da0     mailutil_vcal_cebase:icalPoomIface.obj
 0001:00003dbc       ?c_cszICalFreqV10@@3KB     10004dbc     mailutil_vcal_cebase:icalPoomIface.obj
 0001:00003dc0       ?c_rgszICalFreqV20@@3QBQBDB 10004dc0     mailutil_vcal_cebase:icalPoomIface.obj
 0001:00003ddc       ?c_cszICalFreqV20@@3KB     10004ddc     mailutil_vcal_cebase:icalPoomIface.obj
 0001:00003ec4       ?g_chCharSet@@3QBDB        10004ec4     mailutil_vcal_cebase:icalPoomIface.obj
 0001:00003fbc       ?g_dwCharSet@@3KB          10004fbc     mailutil_vcal_cebase:icalPoomIface.obj
 0001:00003fec       GUID_NULL                  10004fec     mailutil_vcal_cebase:icalPoomIface.obj
 0001:00003ffc       IID_IUnknown               10004ffc     mailutil_vcal_cebase:icalPoomIface.obj
 0001:0000400c       IID_IStream                1000500c     mailutil_vcal_cebase:icalPoomIface.obj
 0001:0000401c       ??_C@_1CI@MJHHDHOD@?$AAS?$AAt?$AAr?$AAi?$AAp?$AAV?$AAC?$AAa?$AAr?$AAd?$AAt?$AAe?$AAl?$AAe?$AAf?$AAi?$AAe?$AAl?$AAd?$AA?$AA@ 1000501c     mailutil_vcal_cebase:icalPoomIface.obj
 0001:00004044       ??_C@_1DA@JJJBMGMP@?$AAS?$AAo?$AAf?$AAt?$AAw?$AAa?$AAr?$AAe?$AA?2?$AAM?$AAi?$AAc?$AAr?$AAo?$AAs?$AAo?$AAf?$AAt?$AA?2?$AAO?$AAb?$AAe?$AAx?$AA?$AA@ 10005044     mailutil_vcal_cebase:icalPoomIface.obj
 0001:00004074       ??_C@_08LIHFODAB@PERSONAL?$AA@ 10005074     mailutil_vcal_cebase:icalPoomIface.obj
 0001:00004080       ??_C@_07CBKGEIHF@PRIVATE?$AA@ 10005080     mailutil_vcal_cebase:icalPoomIface.obj
 0001:00004088       ??_C@_0N@FPDNPIFM@CONFIDENTIAL?$AA@ 10005088     mailutil_vcal_cebase:icalPoomIface.obj
 0001:00004098       ??_C@_06EKOLBGFH@PUBLIC?$AA@ 10005098     mailutil_vcal_cebase:icalPoomIface.obj
 0001:000040a0       ??_C@_04HEDFJGEJ@FREE?$AA@ 100050a0     mailutil_vcal_cebase:icalPoomIface.obj
 0001:000040a8       ??_C@_09NJLGKELP@TENTATIVE?$AA@ 100050a8     mailutil_vcal_cebase:icalPoomIface.obj
 0001:000040b4       ??_C@_0M@DECNJPJP@OUTOFOFFICE?$AA@ 100050b4     mailutil_vcal_cebase:icalPoomIface.obj
 0001:000040c0       ??_C@_0N@MIMEDJNB@NEEDS?5ACTION?$AA@ 100050c0     mailutil_vcal_cebase:icalPoomIface.obj
 0001:000040d0       ??_C@_19GLINCHAF@?$AAF?$AAR?$AAE?$AAE?$AA?$AA@ 100050d0     mailutil_vcal_cebase:icalPoomIface.obj
 0001:000040dc       ??_C@_1BI@FDAKNOGC@?$AAO?$AAU?$AAT?$AAO?$AAF?$AAO?$AAF?$AAF?$AAI?$AAC?$AAE?$AA?$AA@ 100050dc     mailutil_vcal_cebase:icalPoomIface.obj
 0001:000040f4       ??_C@_1BE@FOCDJGMG@?$AAT?$AAE?$AAN?$AAT?$AAA?$AAT?$AAI?$AAV?$AAE?$AA?$AA@ 100050f4     mailutil_vcal_cebase:icalPoomIface.obj
 0001:00004108       ??_C@_1BK@DLCHNJMF@?$AAN?$AAE?$AAE?$AAD?$AAS?$AA?5?$AAA?$AAC?$AAT?$AAI?$AAO?$AAN?$AA?$AA@ 10005108     mailutil_vcal_cebase:icalPoomIface.obj
 0001:00004124       ??_C@_1BC@JDANACFE@?$AAP?$AAE?$AAR?$AAS?$AAO?$AAN?$AAA?$AAL?$AA?$AA@ 10005124     mailutil_vcal_cebase:icalPoomIface.obj
 0001:00004138       ??_C@_1BA@NKFKCIAN@?$AAP?$AAR?$AAI?$AAV?$AAA?$AAT?$AAE?$AA?$AA@ 10005138     mailutil_vcal_cebase:icalPoomIface.obj
 0001:00004148       ??_C@_1BK@CEBCLGNE@?$AAC?$AAO?$AAN?$AAF?$AAI?$AAD?$AAE?$AAN?$AAT?$AAI?$AAA?$AAL?$AA?$AA@ 10005148     mailutil_vcal_cebase:icalPoomIface.obj
 0001:00004164       _GUID_fb8998d0_38f0_4d12_ac56_4ec8fce9f3d5 10005164     mailutil_vcal_cebase:icalPoomIface.obj
 0001:00004174       _GUID_5b43f691_202c_11d2_8f18_0000f87a4335 10005174     mailutil_vcal_cebase:icalPoomIface.obj
 0001:0000418c       ??_C@_1BE@PBMDLNIE@?$AAC?$AAO?$AAM?$AAP?$AAL?$AAE?$AAT?$AAE?$AAD?$AA?$AA@ 1000518c     mailutil_vcal_cebase:icalPoomIface.obj
 0001:000041a0       _GUID_7f804e40_2010_11d2_8f18_0000f87a4335 100051a0     mailutil_vcal_cebase:icalPoomIface.obj
 0001:000041b0       _GUID_05058f22_20be_11d2_8f18_0000f87a4335 100051b0     mailutil_vcal_cebase:icalPoomIface.obj
 0001:000041c0       _GUID_af57f7f5_0503_44b4_bf19_521e04f6a8eb 100051c0     mailutil_vcal_cebase:icalPoomIface.obj
 0001:000041d0       _GUID_78d1d01a_f0f9_4559_bb0e_2e724913f3f6 100051d0     mailutil_vcal_cebase:icalPoomIface.obj
 0001:000041e0       ??_C@_13EBCNDICG@?$AA?3?$AA?$AA@ 100051e0     mailutil_vcal_cebase:icalPoomIface.obj
 0001:000041e4       ??_C@_15OOIIBGOA@?$AA?2?$AAn?$AA?$AA@ 100051e4     mailutil_vcal_cebase:icalPoomIface.obj
 0001:00004228       __real@3f46c16c16c16c17    10005228     mailutil_vcal_cebase:icalPoomIface.obj
 0001:00004230       __real@412cfddc00000000    10005230     mailutil_vcal_cebase:icalPoomIface.obj
 0001:00004238       ??_C@_0N@FDMBCMAA@NEEDS?9ACTION?$AA@ 10005238     mailutil_vcal_cebase:icalPoomIface.obj
 0001:00004248       szPreloadRTF               10005248     mailutil_rtf:rtfcmprs.obj
 0001:00004318       cchPreloadRTF              10005318     mailutil_rtf:rtfcmprs.obj
 0001:00004358       ??_C@_1FA@EPONMJHF@?$AAR?$AAT?$AAF?$AA?3?$AA?5?$AAR?$AAe?$AAa?$AAd?$AAi?$AAn?$AAg?$AA?5?$AA_?$AAU?$AAn?$AAc?$AAo?$AAm?$AAp?$AAr?$AAe?$AAs?$AAs?$AAe?$AAd?$AA_?$AA?5?$AAR?$AAT?$AAF?$AA?5@ 10005358     mailutil_rtf:rtfcmprs.obj
 0001:000043a8       ??_C@_1DI@DIFEBMID@?$AAR?$AAT?$AAF?$AA?3?$AA?5?$AAR?$AAT?$AAF?$AA?5?$AAs?$AAi?$AAz?$AAe?$AA?5?$AAi?$AAs?$AA?5?$AA?$CF?$AAl?$AAd?$AA?5?$AAb?$AAy?$AAt?$AAe?$AAs?$AA?6?$AA?$AA@ 100053a8     mailutil_rtf:rtfcmprs.obj
 0001:000043e0       ??_C@_1FC@OBEPJFBK@?$AAR?$AAT?$AAF?$AA?3?$AA?5?$AAC?$AAR?$AAC?$AA?9?$AA3?$AA2?$AA?5?$AAo?$AAf?$AA?5?$AAc?$AAo?$AAm?$AAp?$AAr?$AAe?$AAs?$AAs?$AAe?$AAd?$AA?5?$AAs?$AAh?$AAo?$AAu?$AAl?$AAd@ 100053e0     mailutil_rtf:rtfcmprs.obj
 0001:00004434       ??_C@_1DO@BHDDJOGI@?$AAR?$AAT?$AAF?$AA?3?$AA?5?$AAC?$AAo?$AAm?$AAp?$AAr?$AAe?$AAs?$AAs?$AAi?$AAo?$AAn?$AA?5?$AAr?$AAa?$AAt?$AAi?$AAo?$AA?5?$AA?$DN?$AA?5?$AA?$CF?$AAd?$AA?$CF?$AA?$CF?$AA?6?$AA?$AA@ 10005434     mailutil_rtf:rtfcmprs.obj
 0001:00004478       ??_C@_1EI@FFJBGML@?$AAR?$AAT?$AAF?$AA?3?$AA?5?$AAR?$AAe?$AAa?$AAd?$AAi?$AAn?$AAg?$AA?5?$AAc?$AAo?$AAm?$AAp?$AAr?$AAe?$AAs?$AAs?$AAe?$AAd?$AA?5?$AAR?$AAT?$AAF?$AA?5?$AAs?$AAt?$AAr?$AAe@ 10005478     mailutil_rtf:rtfcmprs.obj
 0001:000044c0       ??_C@_1GE@MJEPGDD@?$AAR?$AAT?$AAF?$AA?3?$AA?5?$AA?$CF?$AAl?$AAd?$AA?5?$AAb?$AAy?$AAt?$AAe?$AAs?$AA?5?$AAo?$AAf?$AA?5?$AAR?$AAT?$AAF?$AA?5?$AAi?$AAs?$AA?5?$AAc?$AAo?$AAm?$AAp?$AAr?$AAe?$AAs@ 100054c0     mailutil_rtf:rtfcmprs.obj
 0001:00004528       ??_C@_1EA@JNPMLOEE@?$AAR?$AAT?$AAF?$AA?3?$AA?5?$AAO?$AAn?$AAl?$AAy?$AA?5?$AAw?$AAr?$AAo?$AAt?$AAe?$AA?5?$AA?$CF?$AAl?$AAd?$AA?5?$AAo?$AAu?$AAt?$AA?5?$AAo?$AAf?$AA?5?$AA?$CF?$AAl?$AAd?$AA?6?$AA?$AA@ 10005528     mailutil_rtf:rtfcmprs.obj
 0001:00004568       ??_C@_1DG@ENBIGGOH@?$AAR?$AAT?$AAF?$AA?3?$AA?5?$AAo?$AAn?$AAl?$AAy?$AA?5?$AAw?$AAr?$AAo?$AAt?$AAe?$AA?5?$AA?$CF?$AAl?$AAd?$AA?5?$AAo?$AAf?$AA?5?$AA?$CF?$AAd?$AA?6?$AA?$AA@ 10005568     mailutil_rtf:rtfcmprs.obj
 0001:000045a0       ??_C@_1EO@CBAFHHNH@?$AAR?$AAT?$AAF?$AA?3?$AA?5?$AAC?$AAR?$AAC?$AA?9?$AA3?$AA2?$AA?5?$AAo?$AAf?$AA?5?$AAc?$AAo?$AAm?$AAp?$AAr?$AAe?$AAs?$AAs?$AAe?$AAd?$AA?5?$AAd?$AAa?$AAt?$AAa?$AA?5?$AAi@ 100055a0     mailutil_rtf:rtfcmprs.obj
 0001:000045f0       ??_C@_1FO@LAKBGEAG@?$AAR?$AAT?$AAF?$AA?3?$AA?5?$AA?$CF?$AAl?$AAd?$AA?5?$AAb?$AAy?$AAt?$AAe?$AAs?$AA?5?$AAo?$AAf?$AA?5?$AAR?$AAT?$AAF?$AA?5?$AAc?$AAo?$AAm?$AAp?$AAr?$AAe?$AAs?$AAs?$AAe?$AAd@ 100055f0     mailutil_rtf:rtfcmprs.obj
 0001:00004650       ??_C@_1FA@BBHONDBP@?$AAR?$AAT?$AAF?$AA?3?$AA?5?$AAW?$AAr?$AAi?$AAt?$AAi?$AAn?$AAg?$AA?5?$AA_?$AAU?$AAn?$AAc?$AAo?$AAm?$AAp?$AAr?$AAe?$AAs?$AAs?$AAe?$AAd?$AA_?$AA?5?$AAR?$AAT?$AAF?$AA?5@ 10005650     mailutil_rtf:rtfcmprs.obj
 0001:000046a0       ??_C@_1DO@OEBEMKIC@?$AAR?$AAT?$AAF?$AA?3?$AA?5?$AAu?$AAn?$AAe?$AAx?$AAp?$AAe?$AAc?$AAt?$AAe?$AAd?$AA?5?$AAe?$AAn?$AAd?$AA?5?$AAo?$AAf?$AA?5?$AAs?$AAt?$AAr?$AAe?$AAa?$AAm?$AA?6?$AA?$AA@ 100056a0     mailutil_rtf:rtfcmprs.obj
 0001:000046e0       ??_C@_1EE@CDIEFNCB@?$AAR?$AAT?$AAF?$AA?3?$AA?5?$AAw?$AAa?$AAn?$AAt?$AA?5?$AA?$CF?$AAd?$AA?5?$AAb?$AAy?$AAt?$AAe?$AAs?$AA?0?$AA?5?$AAo?$AAn?$AAl?$AAy?$AA?5?$AAh?$AAa?$AAv?$AAe?$AA?5?$AA?$CF?$AAd@ 100056e0     mailutil_rtf:rtfcmprs.obj
 0001:00004728       ??_C@_1FO@FEKFHDOJ@?$AAR?$AAT?$AAF?$AA?3?$AA?5?$AAC?$AAR?$AAC?$AA?8?$AAs?$AA?5?$AAd?$AAo?$AAn?$AA?8?$AAt?$AA?5?$AAm?$AAa?$AAt?$AAc?$AAh?$AA?3?$AA?5?$AAg?$AAo?$AAt?$AA?5?$AA?$CF?$AAl?$AAx?$AA?0@ 10005728     mailutil_rtf:rtfcmprs.obj
 0001:00004788       aszFONT_TABLE              10005788     mailutil_rtf:txttortf.obj
 0001:000047e8       aszFONT_TABLE2             100057e8     mailutil_rtf:txttortf.obj
 0001:000047f0       aszCOLOR_TABLE             100057f0     mailutil_rtf:txttortf.obj
 0001:00004814       aszPRE_PARA                10005814     mailutil_rtf:txttortf.obj
 0001:0000482c       aszPRE_PARA_THAI           1000582c     mailutil_rtf:txttortf.obj
 0001:00004844       aszPOST_PARA               10005844     mailutil_rtf:txttortf.obj
 0001:0000484c       aszOBJATTACH               1000584c     mailutil_rtf:txttortf.obj
 0001:00004890       ??_C@_05GEGOHLFF@?2tab?5?$AA@ 10005890     mailutil_rtf:txttortf.obj
 0001:00004898       ??_C@_06KFEMAMBJ@?2?8?$CF02x?$AA@ 10005898     mailutil_rtf:txttortf.obj
 0001:000048a0       ??_C@_1HE@EHBIGBLH@?$AAW?$AAA?$AAR?$AAN?$AAI?$AAN?$AAG?$AA?3?$AA?5?$AAA?$AAt?$AAt?$AAa?$AAc?$AAh?$AAm?$AAe?$AAn?$AAt?$AA?5?$AAi?$AAn?$AA?5?$AAa?$AA?5?$AAp?$AAo?$AAs?$AAi?$AAt?$AAi?$AAo@ 100058a0     mailutil_rtf:txttortf.obj
 0001:00004918       rgdwCRC                    10005918     mailutil_rtf:crc.obj
 0001:00004d18       mpbbCRC                    10005d18     mailutil_rtf:crc.obj
 0001:00004e38       ??_7IMAPINotifyRedirector@@6B@ 10005e38     MailUtil_NotifyRedirector:NotifyRedirector.obj
 0001:00004e54       ??_7CMAPINotifyRedirector@@6BIMAPIAdviseSink@@@ 10005e54     MailUtil_NotifyRedirector:NotifyRedirector.obj
 0001:00004e64       ??_7CMAPINotifyRedirector@@6BIMAPINotifyRedirector@@@ 10005e64     MailUtil_NotifyRedirector:NotifyRedirector.obj
 0001:00004ea0       ??_7CFileStream@@6B@       10005ea0     msglib_filestm:filestm.obj
 0001:00004edc       ??_C@_1BG@EKINFGGB@?$AA?2?$AAV?$AAo?$AAl?$AAa?$AAt?$AAi?$AAl?$AAe?$AA?2?$AA?$AA@ 10005edc     msglib_filestm:filestm.obj
 0001:00004ef4       ??_C@_17LPBFBOLC@?$AAS?$AAT?$AAM?$AA?$AA@ 10005ef4     msglib_filestm:filestm.obj
 0001:00004efc       ??_7CTempFileStream@@6B@   10005efc     msglib_filestm:filestm.obj
 0001:00004f38       ??_7CWrapFileStream@@6B@   10005f38     msglib_filestm:filestm.obj
 0001:00004f74       _GUID_b3c11a6c_7392_446f_9e46_a30689d04a1b 10005f74     msglib_mimeaddr:MimeParseAddress.obj
 0001:00004f84       _GUID_67708261_6a1c_4689_b758_dcdbf6aa7dbf 10005f84     msglib_mimeaddr:MimeParseAddress.obj
 0001:00004f94       ??_C@_02IJGONHOJ@To?$AA@   10005f94     msglib_mimeaddr:MimeParseAddress.obj
 0001:00004f98       _GUID_84f8551b_83c6_47fd_8bb1_41b7e12b9df9 10005f98     msglib_mimeaddr:MimeParseAddress.obj
 0001:00004fc8       ??_C@_1CC@OGPDCENA@?$AAR?$AAe?$AAc?$AAe?$AAi?$AAv?$AAe?$AAd?$AAM?$AAe?$AAs?$AAs?$AAa?$AAg?$AAe?$AAs?$AA?$AA@ 10005fc8     msglib_accountname:AccountName.obj
 0001:00004fec       ??_C@_1BO@PHNFPAFN@?$AAD?$AAe?$AAl?$AAe?$AAt?$AAe?$AAM?$AAe?$AAs?$AAs?$AAa?$AAg?$AAe?$AAs?$AA?$AA@ 10005fec     msglib_accountname:AccountName.obj
 0001:0000500c       ??_C@_1BI@OKPIFLBJ@?$AAS?$AAe?$AAn?$AAd?$AAM?$AAe?$AAs?$AAs?$AAa?$AAg?$AAe?$AA?$AA@ 1000600c     msglib_accountname:AccountName.obj
 0001:00005024       ??_C@_1BI@NIFCPJCC@?$AAM?$AAe?$AAs?$AAs?$AAa?$AAg?$AAe?$AAS?$AAe?$AAn?$AAt?$AA?$AA@ 10006024     msglib_accountname:AccountName.obj
 0001:0000503c       ??_C@_1BG@BOEKAPPI@?$AAN?$AAe?$AAw?$AAM?$AAe?$AAs?$AAs?$AAa?$AAg?$AAe?$AA?$AA@ 1000603c     msglib_accountname:AccountName.obj
 0001:00005054       ??_C@_1BK@BHIPJNAA@?$AAA?$AAb?$AAb?$AAr?$AAe?$AAv?$AAi?$AAa?$AAt?$AAi?$AAo?$AAn?$AA?$AA@ 10006054     msglib_accountname:AccountName.obj
 0001:00005070       ??_C@_1BK@BFIEKNFP@?$AAF?$AAr?$AAi?$AAe?$AAn?$AAd?$AAl?$AAy?$AAN?$AAa?$AAm?$AAe?$AA?$AA@ 10006070     msglib_accountname:AccountName.obj
 0001:00005280       IID_ISequentialStream      10006280     dcomuuid:dcomuuid.obj
 0001:00005290       IID_IOleObject             10006290     dcomuuid:dcomuuid.obj
 0001:000052a0       IID_IMultiLanguage2        100062a0     shelluuid:shguids.obj
 0001:000052b0       CLSID_CMultiLanguage       100062b0     shelluuid:shguids.obj
 0001:000052c0       SyncDataMail               100062c0     syncuuid:ActiveSyncUuid2.obj
 0001:000052d0       SyncDataContacts           100062d0     syncuuid:ActiveSyncUuid2.obj
 0001:000052e0       SyncDataCalendar           100062e0     syncuuid:ActiveSyncUuid2.obj
 0001:000052f0       SyncDataTasks              100062f0     syncuuid:ActiveSyncUuid2.obj
 0001:00005300       SyncDataNotes              10006300     syncuuid:ActiveSyncUuid2.obj
 0001:00005310       SyncDataFavorites          10006310     syncuuid:ActiveSyncUuid2.obj
 0001:00005320       SyncDataFiles              10006320     syncuuid:ActiveSyncUuid2.obj
 0001:00005330       SyncDataDesktopSSP         10006330     syncuuid:ActiveSyncUuid2.obj
 0001:00005340       SyncDataAccess             10006340     syncuuid:ActiveSyncUuid2.obj
 0001:00005350       SyncDataMedia              10006350     syncuuid:ActiveSyncUuid2.obj
 0001:00005360       SyncDataSMS                10006360     syncuuid:ActiveSyncUuid2.obj
 0001:00005370       CLSID_DesktopSyncEngine    10006370     syncuuid:ActiveSyncUuid2.obj
 0001:00005380       CLSID_ServerSyncEngine     10006380     syncuuid:ActiveSyncUuid2.obj
 0001:00005390       CLSID_ServerSyncEngineDsktp 10006390     syncuuid:ActiveSyncUuid2.obj
 0001:000053a0       CLSID_ServerSyncEngineWelcome 100063a0     syncuuid:ActiveSyncUuid2.obj
 0001:000053b0       CLSID_AutoDiscover         100063b0     syncuuid:ActiveSyncUuid2.obj
 0001:000053c0       ??_C@_1BM@MMHGPIHM@?$AAS?$AAq?$AAm?$AAG?$AAe?$AAt?$AAS?$AAe?$AAs?$AAs?$AAi?$AAo?$AAn?$AA?$AA@ 100063c0     sqmproxy:sqmproxy.obj
 0001:000053dc       ??_C@_1CK@HHPGDEJO@?$AAS?$AAq?$AAm?$AAG?$AAe?$AAt?$AAM?$AAa?$AAn?$AAa?$AAg?$AAe?$AAd?$AAS?$AAe?$AAs?$AAs?$AAi?$AAo?$AAn?$AA?$AA@ 100063dc     sqmproxy:sqmproxy.obj
 0001:00005408       ??_C@_1BM@POPHPGJM@?$AAS?$AAq?$AAm?$AAE?$AAn?$AAd?$AAS?$AAe?$AAs?$AAs?$AAi?$AAo?$AAn?$AA?$AA@ 10006408     sqmproxy:sqmproxy.obj
 0001:00005424       ??_C@_1CK@JNKIJLH@?$AAS?$AAq?$AAm?$AAE?$AAn?$AAd?$AAM?$AAa?$AAn?$AAa?$AAg?$AAe?$AAd?$AAS?$AAe?$AAs?$AAs?$AAi?$AAo?$AAn?$AA?$AA@ 10006424     sqmproxy:sqmproxy.obj
 0001:00005450       ??_C@_1CA@CJHJNKNE@?$AAS?$AAq?$AAm?$AAS?$AAt?$AAa?$AAr?$AAt?$AAS?$AAe?$AAs?$AAs?$AAi?$AAo?$AAn?$AA?$AA@ 10006450     sqmproxy:sqmproxy.obj
 0001:00005470       ??_C@_1CO@GEDNANEN@?$AAS?$AAq?$AAm?$AAG?$AAe?$AAt?$AAS?$AAe?$AAs?$AAs?$AAi?$AAo?$AAn?$AAS?$AAt?$AAa?$AAr?$AAt?$AAT?$AAi?$AAm?$AAe?$AA?$AA@ 10006470     sqmproxy:sqmproxy.obj
 0001:000054a0       ??_C@_1BM@JIHBMADI@?$AAS?$AAq?$AAm?$AAG?$AAe?$AAt?$AAE?$AAn?$AAa?$AAb?$AAl?$AAe?$AAd?$AA?$AA@ 100064a0     sqmproxy:sqmproxy.obj
 0001:000054bc       ??_C@_1BM@GNCHBJHJ@?$AAS?$AAq?$AAm?$AAS?$AAe?$AAt?$AAE?$AAn?$AAa?$AAb?$AAl?$AAe?$AAd?$AA?$AA@ 100064bc     sqmproxy:sqmproxy.obj
 0001:000054d8       ??_C@_1BI@LHALAANK@?$AAS?$AAq?$AAm?$AAG?$AAe?$AAt?$AAF?$AAl?$AAa?$AAg?$AAs?$AA?$AA@ 100064d8     sqmproxy:sqmproxy.obj
 0001:000054f0       ??_C@_1BI@JCAAILME@?$AAS?$AAq?$AAm?$AAS?$AAe?$AAt?$AAF?$AAl?$AAa?$AAg?$AAs?$AA?$AA@ 100064f0     sqmproxy:sqmproxy.obj
 0001:00005508       ??_C@_1BM@BLLHBHLG@?$AAS?$AAq?$AAm?$AAC?$AAl?$AAe?$AAa?$AAr?$AAF?$AAl?$AAa?$AAg?$AAs?$AA?$AA@ 10006508     sqmproxy:sqmproxy.obj
 0001:00005524       ??_C@_1CA@GCAJCPGE@?$AAS?$AAq?$AAm?$AAG?$AAe?$AAt?$AAM?$AAa?$AAc?$AAh?$AAi?$AAn?$AAe?$AAI?$AAd?$AA?$AA@ 10006524     sqmproxy:sqmproxy.obj
 0001:00005544       ??_C@_1BK@DDJNCKAO@?$AAS?$AAq?$AAm?$AAG?$AAe?$AAt?$AAU?$AAs?$AAe?$AAr?$AAI?$AAd?$AA?$AA@ 10006544     sqmproxy:sqmproxy.obj
 0001:00005560       ??_C@_1CA@OCMPOCMC@?$AAS?$AAq?$AAm?$AAS?$AAe?$AAt?$AAM?$AAa?$AAc?$AAh?$AAi?$AAn?$AAe?$AAI?$AAd?$AA?$AA@ 10006560     sqmproxy:sqmproxy.obj
 0001:00005580       ??_C@_1BK@JNLGGKHC@?$AAS?$AAq?$AAm?$AAS?$AAe?$AAt?$AAU?$AAs?$AAe?$AAr?$AAI?$AAd?$AA?$AA@ 10006580     sqmproxy:sqmproxy.obj
 0001:0000559c       ??_C@_1BO@CBGCAFMB@?$AAS?$AAq?$AAm?$AAC?$AAr?$AAe?$AAa?$AAt?$AAe?$AAN?$AAe?$AAw?$AAI?$AAd?$AA?$AA@ 1000659c     sqmproxy:sqmproxy.obj
 0001:000055bc       ??_C@_1CO@EHIDHFCK@?$AAS?$AAq?$AAm?$AAR?$AAe?$AAa?$AAd?$AAS?$AAh?$AAa?$AAr?$AAe?$AAd?$AAM?$AAa?$AAc?$AAh?$AAi?$AAn?$AAe?$AAI?$AAd?$AA?$AA@ 100065bc     sqmproxy:sqmproxy.obj
 0001:000055ec       ??_C@_1CI@FJOPBFKK@?$AAS?$AAq?$AAm?$AAR?$AAe?$AAa?$AAd?$AAS?$AAh?$AAa?$AAr?$AAe?$AAd?$AAU?$AAs?$AAe?$AAr?$AAI?$AAd?$AA?$AA@ 100065ec     sqmproxy:sqmproxy.obj
 0001:00005614       ??_C@_1DA@JEPNJJO@?$AAS?$AAq?$AAm?$AAW?$AAr?$AAi?$AAt?$AAe?$AAS?$AAh?$AAa?$AAr?$AAe?$AAd?$AAM?$AAa?$AAc?$AAh?$AAi?$AAn?$AAe?$AAI?$AAd?$AA?$AA@ 10006614     sqmproxy:sqmproxy.obj
 0001:00005644       ??_C@_1CK@MBFGJNGI@?$AAS?$AAq?$AAm?$AAW?$AAr?$AAi?$AAt?$AAe?$AAS?$AAh?$AAa?$AAr?$AAe?$AAd?$AAU?$AAs?$AAe?$AAr?$AAI?$AAd?$AA?$AA@ 10006644     sqmproxy:sqmproxy.obj
 0001:00005670       ??_C@_1CC@IDCLBBFM@?$AAS?$AAq?$AAm?$AAS?$AAe?$AAt?$AAA?$AAp?$AAp?$AAV?$AAe?$AAr?$AAs?$AAi?$AAo?$AAn?$AA?$AA@ 10006670     sqmproxy:sqmproxy.obj
 0001:00005694       ??_C@_1O@IJBFHHCC@?$AAS?$AAq?$AAm?$AAS?$AAe?$AAt?$AA?$AA@ 10006694     sqmproxy:sqmproxy.obj
 0001:000056a4       ??_C@_1BM@CABJNDG@?$AAS?$AAq?$AAm?$AAS?$AAe?$AAt?$AAS?$AAt?$AAr?$AAi?$AAn?$AAg?$AAW?$AA?$AA@ 100066a4     sqmproxy:sqmproxy.obj
 0001:000056c0       ??_C@_1BK@KIPJFEDP@?$AAS?$AAq?$AAm?$AAI?$AAn?$AAc?$AAr?$AAe?$AAm?$AAe?$AAn?$AAt?$AA?$AA@ 100066c0     sqmproxy:sqmproxy.obj
 0001:000056dc       ??_C@_1BG@MBKDOGON@?$AAS?$AAq?$AAm?$AAS?$AAe?$AAt?$AAB?$AAi?$AAt?$AAs?$AA?$AA@ 100066dc     sqmproxy:sqmproxy.obj
 0001:000056f4       ??_C@_1BI@FIDHJHHJ@?$AAS?$AAq?$AAm?$AAS?$AAe?$AAt?$AAI?$AAf?$AAM?$AAa?$AAx?$AA?$AA@ 100066f4     sqmproxy:sqmproxy.obj
 0001:0000570c       ??_C@_1BI@MBBGBNFH@?$AAS?$AAq?$AAm?$AAS?$AAe?$AAt?$AAI?$AAf?$AAM?$AAi?$AAn?$AA?$AA@ 1000670c     sqmproxy:sqmproxy.obj
 0001:00005724       ??_C@_1CA@HACMJPCH@?$AAS?$AAq?$AAm?$AAA?$AAd?$AAd?$AAT?$AAo?$AAA?$AAv?$AAe?$AAr?$AAa?$AAg?$AAe?$AA?$AA@ 10006724     sqmproxy:sqmproxy.obj
 0001:00005744       ??_C@_1BO@KNMKMHNE@?$AAS?$AAq?$AAm?$AAA?$AAd?$AAd?$AAT?$AAo?$AAS?$AAt?$AAr?$AAe?$AAa?$AAm?$AA?$AA@ 10006744     sqmproxy:sqmproxy.obj
 0001:00005764       ??_C@_1CM@CMKBBENH@?$AAS?$AAq?$AAm?$AAA?$AAd?$AAd?$AAT?$AAo?$AAS?$AAt?$AAr?$AAe?$AAa?$AAm?$AAS?$AAt?$AAr?$AAi?$AAn?$AAg?$AAW?$AA?$AA@ 10006764     sqmproxy:sqmproxy.obj
 0001:00005790       ??_C@_1CI@IKGGAPIK@?$AAS?$AAq?$AAm?$AAA?$AAd?$AAd?$AAT?$AAo?$AAS?$AAt?$AAr?$AAe?$AAa?$AAm?$AAD?$AAW?$AAO?$AAR?$AAD?$AA?$AA@ 10006790     sqmproxy:sqmproxy.obj
 0001:000057b8       ??_C@_1O@HBOEEIPD@?$AAS?$AAq?$AAm?$AAG?$AAe?$AAt?$AA?$AA@ 100067b8     sqmproxy:sqmproxy.obj
 0001:000057c8       ??_C@_1BM@FBHNKBEC@?$AAS?$AAq?$AAm?$AAT?$AAi?$AAm?$AAe?$AAr?$AAS?$AAt?$AAa?$AAr?$AAt?$AA?$AA@ 100067c8     sqmproxy:sqmproxy.obj
 0001:000057e4       ??_C@_1BO@OIHKNIOP@?$AAS?$AAq?$AAm?$AAT?$AAi?$AAm?$AAe?$AAr?$AAR?$AAe?$AAc?$AAo?$AAr?$AAd?$AA?$AA@ 100067e4     sqmproxy:sqmproxy.obj
 0001:00005804       ??_C@_1CG@JKLDADAE@?$AAS?$AAq?$AAm?$AAT?$AAi?$AAm?$AAe?$AAr?$AAA?$AAc?$AAc?$AAu?$AAm?$AAu?$AAl?$AAa?$AAt?$AAe?$AA?$AA@ 10006804     sqmproxy:sqmproxy.obj
 0001:0000582c       ??_C@_1CK@HOGPDFFE@?$AAS?$AAq?$AAm?$AAT?$AAi?$AAm?$AAe?$AAr?$AAA?$AAd?$AAd?$AAT?$AAo?$AAA?$AAv?$AAe?$AAr?$AAa?$AAg?$AAe?$AA?$AA@ 1000682c     sqmproxy:sqmproxy.obj
 0001:00005858       ??_C@_1BC@FFDOEPLG@?$AAS?$AAq?$AAm?$AAS?$AAe?$AAt?$AA6?$AA4?$AA?$AA@ 10006858     sqmproxy:sqmproxy.obj
 0001:0000586c       ??_C@_1BG@GGKHFKPL@?$AAS?$AAq?$AAm?$AAS?$AAe?$AAt?$AAB?$AAo?$AAo?$AAl?$AA?$AA@ 1000686c     sqmproxy:sqmproxy.obj
 0001:00005884       ??_C@_1CA@ODCKKLM@?$AAS?$AAq?$AAm?$AAA?$AAd?$AAd?$AAT?$AAo?$AAS?$AAt?$AAr?$AAe?$AAa?$AAm?$AAV?$AA?$AA@ 10006884     sqmproxy:sqmproxy.obj
 0001:000058a4       ??_C@_1BC@FKCAJJDF@?$AAS?$AAq?$AAm?$AAG?$AAe?$AAt?$AA6?$AA4?$AA?$AA@ 100068a4     sqmproxy:sqmproxy.obj
 0001:000058b8       ??_C@_1BO@EIEKGNPO@?$AAS?$AAq?$AAm?$AAS?$AAt?$AAa?$AAr?$AAt?$AAU?$AAp?$AAl?$AAo?$AAa?$AAd?$AA?$AA@ 100068b8     sqmproxy:sqmproxy.obj
 0001:000058d8       ??_C@_1BO@CMOEIFGK@?$AAS?$AAq?$AAm?$AAA?$AAb?$AAo?$AAr?$AAt?$AAU?$AAp?$AAl?$AAo?$AAa?$AAd?$AA?$AA@ 100068d8     sqmproxy:sqmproxy.obj
 0001:000058f8       ??_C@_1BO@BHMIMMAP@?$AAS?$AAq?$AAm?$AAS?$AAa?$AAv?$AAe?$AAS?$AAe?$AAs?$AAs?$AAi?$AAo?$AAn?$AA?$AA@ 100068f8     sqmproxy:sqmproxy.obj
 0001:00005918       ??_C@_1BI@BFONAIIG@?$AAc?$AAu?$AAs?$AAt?$AAs?$AAa?$AAt?$AA?4?$AAd?$AAl?$AAl?$AA?$AA@ 10006918     sqmproxy:sqmproxy.obj
 0001:00005930       CLSID_HTMLDocument         10006930     ieuuid:ieuuid.obj
 0001:00005940       ??_C@_19GPBMHKKP@?$AAh?$AAo?$AAm?$AAe?$AA?$AA@ 10006940     mailutil_vcal:VCardHelper.obj
 0001:0000594c       ??_C@_15PBEIFBI@?$AAI?$AAM?$AA?$AA@ 1000694c     mailutil_vcal:VCardHelper.obj
 0001:00005954       ??_C@_19ECDNLCMK@?$AAp?$AAr?$AAe?$AAf?$AA?$AA@ 10006954     mailutil_vcal:VCardHelper.obj
 0001:00005960       ??_C@_1BI@CHPOHMBG@?$AAX?$AA_?$AAA?$AAS?$AAS?$AAI?$AAS?$AAT?$AAA?$AAN?$AAT?$AA?$AA@ 10006960     mailutil_vcal:VCardHelper.obj
 0001:00005978       ??_C@_1BA@HCGHGMLE@?$AAC?$AAO?$AAM?$AAP?$AAA?$AAN?$AAY?$AA?$AA@ 10006978     mailutil_vcal:VCardHelper.obj
 0001:00005988       ??_C@_1M@GDOFEOEF@?$AAR?$AAA?$AAD?$AAI?$AAO?$AA?$AA@ 10006988     mailutil_vcal:VCardHelper.obj
 0001:00005994       ??_C@_1M@CLAJJDFK@?$AAV?$AAO?$AAI?$AAC?$AAE?$AA?$AA@ 10006994     mailutil_vcal:VCardHelper.obj
 0001:000059a0       ??_C@_17LPJCBFHI@?$AAF?$AAA?$AAX?$AA?$AA@ 100069a0     mailutil_vcal:VCardHelper.obj
 0001:000059a8       ??_C@_19FDIIHJEE@?$AAP?$AAR?$AAE?$AAF?$AA?$AA@ 100069a8     mailutil_vcal:VCardHelper.obj
 0001:000059b4       ??_C@_17JIMPPLHI@?$AAC?$AAA?$AAR?$AA?$AA@ 100069b4     mailutil_vcal:VCardHelper.obj
 0001:000059bc       ??_C@_1M@NEOAJIAA@?$AAP?$AAA?$AAG?$AAE?$AAR?$AA?$AA@ 100069bc     mailutil_vcal:VCardHelper.obj
 0001:000059c8       ??_C@_19KBNNMKDB@?$AAC?$AAE?$AAL?$AAL?$AA?$AA@ 100069c8     mailutil_vcal:VCardHelper.obj
 0001:000059d4       ??_C@_19LKFDKMDJ@?$AAW?$AAO?$AAR?$AAK?$AA?$AA@ 100069d4     mailutil_vcal:VCardHelper.obj
 0001:000059e0       ??_C@_19HOKJLBCB@?$AAH?$AAO?$AAM?$AAE?$AA?$AA@ 100069e0     mailutil_vcal:VCardHelper.obj
 0001:00005be4       ??_C@_0N@LKMBAHPH@BEGIN?3VEVENT?$AA@ 10006be4     mailutil_vcal:Output.obj
 0001:00005bf4       ??_C@_0L@IELNDMLP@END?3VEVENT?$AA@ 10006bf4     mailutil_vcal:Output.obj
 0001:00005c00       ??_C@_0BA@COGBGNMO@BEGIN?3VCALENDAR?$AA@ 10006c00     mailutil_vcal:Output.obj
 0001:00005c10       ??_C@_0O@DFOJGDKH@END?3VCALENDAR?$AA@ 10006c10     mailutil_vcal:Output.obj
 0001:00005c20       ??_C@_0M@LAMOFMA@VERSION?3X?4Y?$AA@ 10006c20     mailutil_vcal:Output.obj
 0001:00005c2c       ??_C@_0M@BFHPJKEI@BEGIN?3VTODO?$AA@ 10006c2c     mailutil_vcal:Output.obj
 0001:00005c38       ??_C@_09HDDAJKP@END?3VTODO?$AA@ 10006c38     mailutil_vcal:Output.obj
 0001:00005c80       ?_GetProcFromDLL@@YAXPAPAUHINSTANCE__@@PBGPAP6AHXZ1@Z 10006c80 f   dllmain.obj
 0001:00005cd4       PhoneMakeCall              10006cd4 f   dllmain.obj
 0001:00005d24       MinutesBetweenST           10006d24 f   dllmain.obj
 0001:00005d9c       FindMatchingContactEx      10006d9c f   dllmain.obj
 0001:00005e28       SyncMgrInboxIsEnabled      10006e28 f   dllmain.obj
 0001:00005e6c       CertFindCertificateInStore 10006e6c f   dllmain.obj
 0001:00005ef4       CertGetCertificateContextProperty 10006ef4 f   dllmain.obj
 0001:00005f60       CertFreeCertificateContext 10006f60 f   dllmain.obj
 0001:00005fb0       CertEnumCertificatesInStore 10006fb0 f   dllmain.obj
 0001:00006008       CertGetIntendedKeyUsage    10007008 f   dllmain.obj
 0001:00006074       CertGetEnhancedKeyUsage    10007074 f   dllmain.obj
 0001:000060e0       NCryptOpenStorageProvider  100070e0 f   dllmain.obj
 0001:00006144       NCryptFreeObject           10007144 f   dllmain.obj
 0001:00006198       NCryptGetProperty          10007198 f   dllmain.obj
 0001:00006224       DllMain                    10007224 f   dllmain.obj
 0001:00006278       DllCanUnloadNow            10007278 f   factory.obj
 0001:00006294       ?AddRef@CFactory@@UAAKXZ   10007294 f   factory.obj
 0001:000062a8       ?LockServer@CFactory@@UAAJH@Z 100072a8 f   factory.obj
 0001:000062d4       ?Release@CFactory@@UAAKXZ  100072d4 f   factory.obj
 0001:00006304       ?QueryInterface@CFactory@@UAAJABU_GUID@@PAPAX@Z 10007304 f   factory.obj
 0001:00006384       ?get_lock@?$singleton@V?$free_list@$0GE@Vallocator@ce@@@ce@@$03V?$static_allocator@V?$free_list@$0GE@Vallocator@ce@@@ce@@$03@2@@ce@@KAAAVcritical_section@2@XZ 10007384 f i factory.obj
 0001:000063d8       DllGetClassObject          100073d8 f   factory.obj
 0001:0000642c       ?CreateInstance@CFactory@@UAAJPAUIUnknown@@ABU_GUID@@PAPAX@Z 1000742c f   factory.obj
 0001:000064ec       ?InitializeServiceProps@@YAJPAUIMsgStore@@PAPAUSServiceProp@@@Z 100074ec f   ServiceNamedProps.obj
 0001:000065d8       ?DigitsToByte@@YAEPBG@Z    100075d8 f   mailutil_misc:hexconv.obj
 0001:00006624       ?BytesToDigits@@YAIPBEKPAG@Z 10007624 f   mailutil_misc:hexconv.obj
 0001:00006684       ?StringToBytes@@YAXPBGPAEI@Z 10007684 f   mailutil_misc:hexconv.obj
 0001:000066bc       ?SvcParseDate@@YAJPAU_FILETIME@@PBD@Z 100076bc f   mailutil_misc:utils_misc.obj
 0001:00006ba4       ?MP8TO6@@YAKKK@Z           10007ba4 f   mailutil_misc:utils_misc.obj
 0001:00006c08       ?SixBitSplit@@YAXPAEI0PAI@Z 10007c08 f   mailutil_misc:utils_misc.obj
 0001:00006cd8       ?UnicodeToModifiedUTF7@@YAHPBGHPADH@Z 10007cd8 f   mailutil_misc:utils_misc.obj
 0001:00006eec       ?ModifiedUTF7Decode@@YAJPAGK@Z 10007eec f   mailutil_misc:utils_misc.obj
 0001:0000703c       ??1CBase64StreamFilter@@UAA@XZ 1000803c f   mailutil_misc:utils_misc.obj
 0001:00007094       ?Read@CBase64StreamFilter@@UAAJPAXKPAK@Z 10008094 f i mailutil_misc:utils_misc.obj
 0001:000070a0       ?Seek@CBase64StreamFilter@@UAAJT_LARGE_INTEGER@@KPAT_ULARGE_INTEGER@@@Z 100080a0 f i mailutil_misc:utils_misc.obj
 0001:000070b8       ?Stat@CBase64StreamFilter@@UAAJPAUtagSTATSTG@@K@Z 100080b8 f i mailutil_misc:utils_misc.obj
 0001:000070c4       ?SetSize@CBase64StreamFilter@@UAAJT_ULARGE_INTEGER@@@Z 100080c4 f i mailutil_misc:utils_misc.obj
 0001:00007100       ?CopyTo@CBase64StreamFilter@@UAAJPAUIStream@@T_ULARGE_INTEGER@@PAT3@2@Z 10008100 f i mailutil_misc:utils_misc.obj
 0001:00007118       ?Revert@CBase64StreamFilter@@UAAJXZ 10008118 f i mailutil_misc:utils_misc.obj
 0001:00007124       ?LockRegion@CBase64StreamFilter@@UAAJT_ULARGE_INTEGER@@0K@Z 10008124 f i mailutil_misc:utils_misc.obj
 0001:0000713c       ?UnlockRegion@CBase64StreamFilter@@UAAJT_ULARGE_INTEGER@@0K@Z 1000813c f i mailutil_misc:utils_misc.obj
 0001:00007154       ?Clone@CBase64StreamFilter@@UAAJPAPAUIStream@@@Z 10008154 f i mailutil_misc:utils_misc.obj
 0001:00007160       ?AddRef@CBase64StreamFilter@@UAAKXZ 10008160 f   mailutil_misc:utils_misc.obj
 0001:00007174       ?Release@CBase64StreamFilter@@UAAKXZ 10008174 f   mailutil_misc:utils_misc.obj
 0001:000071a8       ?QueryInterface@CBase64StreamFilter@@UAAJABU_GUID@@PAPAX@Z 100081a8 f   mailutil_misc:utils_misc.obj
 0001:00007250       ?Commit@CBase64StreamFilter@@UAAJK@Z 10008250 f   mailutil_misc:utils_misc.obj
 0001:000072b0       ??0CDecodeStreamFilter@@QAA@PAUIStream@@W4decodeType@0@@Z 100082b0 f   mailutil_misc:utils_misc.obj
 0001:000072f0       ??1CDecodeStreamFilter@@UAA@XZ 100082f0 f   mailutil_misc:utils_misc.obj
[...]
 0002:000002b8       __imp_CoInitializeEx       1002e2b8     ole32:ole32.dll
 0002:000002bc       __imp_CoCreateInstance     1002e2bc     ole32:ole32.dll
 0002:000002c0       \177ole32_NULL_THUNK_DATA  1002e2c0     ole32:ole32.dll
 0002:000002c4       __imp_SafeMultiByteToWideChar 1002e2c4     ossvcs:ossvcs.dll
 0002:000002c8       __imp_SafeWideCharToMultiByte 1002e2c8     ossvcs:ossvcs.dll
 0002:000002cc       __imp_StreamCopyTo         1002e2cc     ossvcs:ossvcs.dll
 0002:000002d0       __imp_SAdd                 1002e2d0     ossvcs:ossvcs.dll
 0002:000002d4       __imp_?SafeLPWSTR@@YAPBGPBU_CEPROPVAL@@@Z 1002e2d4     ossvcs:ossvcs.dll
 0002:000002d8       __imp_ValidPhoneNumberInplaceStripInvalidCharacters 1002e2d8     ossvcs:ossvcs.dll
 0002:000002dc       __imp_WatsonReportFault    1002e2dc     ossvcs:ossvcs.dll
 0002:000002e0       __imp_QueryPolicyImpl      1002e2e0     ossvcs:ossvcs.dll
 0002:000002e4       __imp_SafeStrDup           1002e2e4     ossvcs:ossvcs.dll
 0002:000002e8       __imp_UMul                 1002e2e8     ossvcs:ossvcs.dll
 0002:000002ec       __imp_?StatStoreGetInfo@@YAJIPBKPAPAU_CEPROPVAL@@@Z 1002e2ec     ossvcs:ossvcs.dll
 0002:000002f0       __imp_InvStrCmpIW          1002e2f0     ossvcs:ossvcs.dll
 0002:000002f4       \177ossvcs_NULL_THUNK_DATA 1002e2f4     ossvcs:ossvcs.dll
 0002:000002f8       __imp_PathCreateFromUrlW   1002e2f8     shlwapi:shlwapi.dll
 0002:000002fc       __imp_PathIsUNCW           1002e2fc     shlwapi:shlwapi.dll
 0002:00000300       __imp_PathMatchSpecW       1002e300     shlwapi:shlwapi.dll
 0002:00000304       __imp_UrlIsW               1002e304     shlwapi:shlwapi.dll
 0002:00000308       \177shlwapi_NULL_THUNK_DATA 1002e308     shlwapi:shlwapi.dll
 0002:00000320       ?g_rgServiceProps@@3PAUSServiceProp@@A 1002e320     ServiceNamedProps.obj
 0002:000003d0       ?g_szHexCharsUpper@@3PADA  1002e3d0     mailutil_misc:hexconv.obj
 0002:00000ba4       ?g_uiDefaultCodePage@@3IA  1002eba4     mailutil_vcal:icalinterface.obj
 0002:00000ba8       ?g_chCR@@3DA               1002eba8     mailutil_vcal:icalinterface.obj
 0002:00000ba9       ?g_chLF@@3DA               1002eba9     mailutil_vcal:icalinterface.obj
 0002:00000baa       ?g_chEQUAL@@3DA            1002ebaa     mailutil_vcal:icalinterface.obj
 0002:00000bab       ?g_chSPACE@@3DA            1002ebab     mailutil_vcal:icalinterface.obj
 0002:00000bac       ?g_chTAB@@3DA              1002ebac     mailutil_vcal:icalinterface.obj
 0002:00000c04       ?ICal_Table@@3UPrfHashTable@@A 1002ec04     mailutil_vcal:icalkeywords.obj
 0002:00000c28       ?ICal_Slot@@3PAUPrfHashTblSlot@@A 1002ec28     mailutil_vcal:icalkeywords.obj
 0002:00001280       ?ICal_Partition@@3PAUPrfHashPartition@@A 1002f280     mailutil_vcal:icalkeywords.obj
 0002:00001594       __security_cookie          1002f594     corelib0:seccinit.obj
 0002:00001598       __security_cookie_complement 1002f598     corelib0:seccinit.obj
 0002:000015a8       ?ghInstRes@@3PAUHINSTANCE__@@A 1002f5a8     dllmain.obj
 0002:000015ac       ?g_hinstPhone@@3PAUHINSTANCE__@@A 1002f5ac     dllmain.obj
 0002:000015b0       ?g_hinstNCrypt@@3PAUHINSTANCE__@@A 1002f5b0     dllmain.obj
 0002:000015b4       ?g_hinstCrypt32@@3PAUHINSTANCE__@@A 1002f5b4     dllmain.obj
 0002:000015b8       ?g_hinstPimstore@@3PAUHINSTANCE__@@A 1002f5b8     dllmain.obj
 0002:000015bc       ?g_pMLang2@@3PAUIMultiLanguage2@@A 1002f5bc     dllmain.obj
 0002:000015c0       ?g_szImageExtensions@@3PBGB 1002f5c0     dllmain.obj
 0002:000015c4       g_hinstSyncMgr             1002f5c4     dllmain.obj
 0002:000015f8       ?g_cObj@@3JA               1002f5f8     factory.obj
 0002:000015fc       ??_B?1??get_lock@?$singleton@V?$free_list@$0GE@Vallocator@ce@@@ce@@$03V?$static_allocator@V?$free_list@$0GE@Vallocator@ce@@@ce@@$03@2@@ce@@KAAAVcritical_section@2@XZ@51 1002f5fc     factory.obj
 0002:00001600       ?cs@?1??get_lock@?$singleton@V?$free_list@$0GE@Vallocator@ce@@@ce@@$03V?$static_allocator@V?$free_list@$0GE@Vallocator@ce@@@ce@@$03@2@@ce@@KAAAVcritical_section@3@XZ@4V43@A 1002f600     factory.obj
 0002:00001614       ?_factory@?$singleton@V?$free_list@$0GE@Vallocator@ce@@@ce@@$03V?$static_allocator@V?$free_list@$0GE@Vallocator@ce@@@ce@@$03@2@@ce@@1Ulock_factory@12@A 1002f614     factory.obj
 0002:00001648       ?g_chSMSDigits@@3PAGA      1002f648     mailutil_misc:utils_misc.obj
 0002:00001688       ?g_cchSMSDigits@@3HA       1002f688     mailutil_misc:utils_misc.obj
 0002:00001690       ?g_fHaveCodePageFromMime@@3HA 1002f690     mailutil_vcal:icalinterface.obj
 0002:00001694       ?g_rgchBuffer@@3PADA       1002f694     mailutil_vcal:ICalParser.obj
 0002:000016b4       ?g_pszCharSet@@3PADA       1002f6b4     mailutil_vcal_cebase:icalPoomIface.obj
 0002:000016b8       ?g_uiCodePage@@3IA         1002f6b8     mailutil_vcal_cebase:icalPoomIface.obj
 0002:000016c4       ?ms_pInstance@CMAPINotifyRedirector@@0PAV1@A 1002f6c4     MailUtil_NotifyRedirector:NotifyRedirector.obj
 0002:000016c8       ?ms_fOutsideSourceSession@CMAPINotifyRedirector@@0HA 1002f6c8     MailUtil_NotifyRedirector:NotifyRedirector.obj
 0002:000016cc       ?ms_cs@CMAPINotifyRedirector@@0VSaferCriticalSection@@A 1002f6cc     MailUtil_NotifyRedirector:NotifyRedirector.obj
 0002:000016e0       ?ms_pSession@CMAPINotifyRedirector@@0V?$CComPtr@UIMAPISession@@@ATL@@A 1002f6e0     MailUtil_NotifyRedirector:NotifyRedirector.obj
 0002:000016e4       __@@_PchSym_@00@UygUDBFDUkirezgvUzkkhUlfgollpUhszivwUnhtoryhUnrnvzwwiUlyqUzineHUivgzroUkivxlnkOlyq@msglib_mimeaddr 1002f6e4     msglib_mimeaddr:precomp.obj
 0002:000017ac       ?g_pcsLock@@3PAUCRITICAL_SECTION@@A 1002f7ac     sqmproxy:sqmproxy.obj
 0002:000017b0       _exitflag                  1002f7b0     corelib0:cexit.obj
 0002:000017b4       __onexitend                1002f7b4     <common>
 0002:000017b8       __onexitbegin              1002f7b8     <common>
 0002:000017bc       g_pcsExit                  1002f7bc     <common>
 0002:000017c0       _pRawDllMain               1002f7c0     <common>

 entry point at        0001:00028f48

 Static symbols

 0001:00009d7c       ?_GetDefHeaderCPInfo@@YAJPAI@Z 1000ad7c f   mailutil_misc:utils_misc.obj
 0001:00009ea8       ?_GetCodePageInfo@@YAJPADPAI@Z 1000aea8 f   mailutil_misc:utils_misc.obj
 0001:000274ec       ?GetTransportString@@YAJW4AccountType@@PAPAGW4RegValueNameID@@@Z 100284ec f   msglib_accountname:AccountName.obj
 0001:00028e58       _DllMainCRTStartupHelper   10029e58 f   corelib0:pegdmain.obj
 0001:00029214       doexit                     1002a214 f   corelib0:cexit.obj
 0001:0002b424       ??__E?_factory@?$singleton@V?$free_list@$0GE@Vallocator@ce@@@ce@@$03V?$static_allocator@V?$free_list@$0GE@Vallocator@ce@@@ce@@$03@2@@ce@@1Ulock_factory@12@A@@YAXXZ 1002c424 f   factory.obj
 0001:0002b428       ??__ErgSPlusNamedProps@@YAXXZ 1002c428 f   mailutil_misc:mapiprops.obj
 0001:0002bf10       ??__Eg_uiCodePage@@YAXXZ   1002cf10 f   mailutil_vcal_cebase:icalPoomIface.obj
 0001:0002bf2c       ??__E?ms_cs@CMAPINotifyRedirector@@0VSaferCriticalSection@@A@@YAXXZ 1002cf2c f   MailUtil_NotifyRedirector:NotifyRedirector.obj
 0001:0002bf4c       ??__E?ms_pSession@CMAPINotifyRedirector@@0V?$CComPtr@UIMAPISession@@@ATL@@A@@YAXXZ 1002cf4c f   MailUtil_NotifyRedirector:NotifyRedirector.obj
 0001:0002bf64       ??__F?ms_cs@CMAPINotifyRedirector@@0VSaferCriticalSection@@A@@YAXXZ 1002cf64 f   MailUtil_NotifyRedirector:NotifyRedirector.obj
 0001:0002bf70       ??__F?ms_pSession@CMAPINotifyRedirector@@0V?$CComPtr@UIMAPISession@@@ATL@@A@@YAXXZ 1002cf70 f   MailUtil_NotifyRedirector:NotifyRedirector.obj

 Exports

  ordinal    name

        1    ?SvcParseDate@@YAJPAU_FILETIME@@PBD@Z (long __cdecl SvcParseDate(struct _FILETIME *,char const *))
        2    ?Decode1522HeaderField@@YAXPAPAD0PAI@Z (void __cdecl Decode1522HeaderField(char * *,char * *,unsigned int *))
        3    DllCanUnloadNow
        4    ?CreateTnefEncoder@@YAJPAPAVITnefEncoder@@@Z (long __cdecl CreateTnefEncoder(class ITnefEncoder * *))
        5    ?CreateTnefDecoder@@YAJPAPAVITnefDecoder@@@Z (long __cdecl CreateTnefDecoder(class ITnefDecoder * *))
        6    DllGetClassObject
        7    ?GetMAPIStorePropTags@@YAHPAU_SPropTagArray@@@Z (int __cdecl GetMAPIStorePropTags(struct _SPropTagArray *))
        8    ?IsMessageClassSPlusV2@@YAHPAG@Z (int __cdecl IsMessageClassSPlusV2(unsigned short *))
        9    ?RemoveServiceMessagesFromFolder@@YAJPAUIMAPIFolder@@PBG@Z (long __cdecl RemoveServiceMessagesFromFolder(struct IMAPIFolder *,unsigned short const *))
       10    ?GetMsgClassEnum@@YA?AW4eMsgClass@@PAG@Z (enum eMsgClass __cdecl GetMsgClassEnum(unsigned short *))
       11    ?CreateTempFileStm@@YAJPAPAUIStream@@@Z (long __cdecl CreateTempFileStm(struct IStream * *))
       12    ?FileTimeToStr@@YAJPBU_FILETIME@@KKPAPAG@Z (long __cdecl FileTimeToStr(struct _FILETIME const *,unsigned long,unsigned long,unsigned short * *))
       13    ?CreateBase64StreamFilter@@YAJPAUIStream@@PAPAU1@@Z (long __cdecl CreateBase64StreamFilter(struct IStream *,struct IStream * *))
       14    ?CreateUUDecodeStreamFilter@@YAJPAUIStream@@PAPAU1@@Z (long __cdecl CreateUUDecodeStreamFilter(struct IStream *,struct IStream * *))
       15    ?CreateBinHexDecodeStreamFilter@@YAJPAUIStream@@PAPAU1@@Z (long __cdecl CreateBinHexDecodeStreamFilter(struct IStream *,struct IStream * *))
       16    ?CreateQPDecodeStreamFilter@@YAJPAUIStream@@PAPAU1@@Z (long __cdecl CreateQPDecodeStreamFilter(struct IStream *,struct IStream * *))
       17    ?CreateIcalParser@@YAJPAPAVIIcalParser@@@Z (long __cdecl CreateIcalParser(class IIcalParser * *))
               exported name: CreateIcalParser
       21    ?ModifiedUTF7Decode@@YAJPAGK@Z (long __cdecl ModifiedUTF7Decode(unsigned short *,unsigned long))
       22    ?UnicodeToModifiedUTF7@@YAHPBGHPADH@Z (int __cdecl UnicodeToModifiedUTF7(unsigned short const *,int,char *,int))
       26    ?StringToBytes@@YAXPBGPAEI@Z (void __cdecl StringToBytes(unsigned short const *,unsigned char *,unsigned int))
       27    ?BytesToDigits@@YAIPBEKPAG@Z (unsigned int __cdecl BytesToDigits(unsigned char const *,unsigned long,unsigned short *))
       28    ?GetAddressType@@YAPBGPBGPAH1@Z (unsigned short const * __cdecl GetAddressType(unsigned short const *,int *,int *))
       34    ?ConvertToWideHeader@@YAJIPADHPAGPAI@Z (long __cdecl ConvertToWideHeader(unsigned int,char *,int,unsigned short *,unsigned int *))
       35    ?EcUidToGlobalObjId@@YAJPBGAAU_SYSTEMTIME@@PAU_CEBLOB@@@Z (long __cdecl EcUidToGlobalObjId(unsigned short const *,struct _SYSTEMTIME &,struct _CEBLOB *))
       36    ?EcGlobalObjIdToUid@@YAJPBU_CEBLOB@@PAPAGPAU_SYSTEMTIME@@@Z (long __cdecl EcGlobalObjIdToUid(struct _CEBLOB const *,unsigned short * *,struct _SYSTEMTIME *))
       38    ?CreateIcalParserEx@@YAJPAPAVIIcalParser@@PAD1@Z (long __cdecl CreateIcalParserEx(class IIcalParser * *,char *,char *))
       40    ?CallSender@@YAHPAUHWND__@@PAUIMessage@@K@Z (int __cdecl CallSender(struct HWND__ *,struct IMessage *,unsigned long))
       41    ?GetWideSz@@YAJPADPAPAG@Z (long __cdecl GetWideSz(char *,unsigned short * *))
       42    ?ParseAddress@@YAJPBGPAPAG1@Z (long __cdecl ParseAddress(unsigned short const *,unsigned short * *,unsigned short * *))
       43    ?GetSMSMessageStore@@YAJPAUIMAPISession@@PAPAUIMsgStore@@@Z (long __cdecl GetSMSMessageStore(struct IMAPISession *,struct IMsgStore * *))
       44    ?SendAdministrativeResultSMS@@YAJPAG0K@Z (long __cdecl SendAdministrativeResultSMS(unsigned short *,unsigned short *,unsigned long))
       45    ?SetWindowAndTrayText@@YAHPAUHWND__@@PBG@Z (int __cdecl SetWindowAndTrayText(struct HWND__ *,unsigned short const *))
       46    ?InitializeServiceProps@@YAJPAUIMsgStore@@PAPAUSServiceProp@@@Z (long __cdecl InitializeServiceProps(struct IMsgStore *,struct SServiceProp * *))
       48    ?ParseFirstAddress@@YAJPBGPAPAG1@Z (long __cdecl ParseFirstAddress(unsigned short const *,unsigned short * *,unsigned short * *))
       49    MimeParseAddress
       50    MimeFreeAddressList
       51    ?AddressListsToAdrList@@YAJPAUtagADDRESSLIST@@PAKKPAPAU_ADRLIST@@@Z (long __cdecl AddressListsToAdrList(struct tagADDRESSLIST *,unsigned long *,unsigned long,struct _ADRLIST * *))
       52    ?GetMsgStoreFromMessage@@YAJPAUIMessage@@PAPAUIMsgStore@@@Z (long __cdecl GetMsgStoreFromMessage(struct IMessage *,struct IMsgStore * *))
       53    ?GetMultiLanguage2@@YAJPAPAUIMultiLanguage2@@@Z (long __cdecl GetMultiLanguage2(struct IMultiLanguage2 * *))
       54    GetDisplayName2
       55    GetAbbreviation
       56    GetNewMessageString
       57    GetMessageSentString
       58    GetSendMessageString
       59    GetDeleteMessagesString
       61    GetDisplayName
       63    TransportNameToDisplayName
       64    ?TranslateToDeviceImportance@@YAKPAGW4MIMEHEADER_T@@@Z (unsigned long __cdecl TranslateToDeviceImportance(unsigned short *,enum MIMEHEADER_T))
       65    ?TranslateToExchangeImportance@@YAJKW4MIMEHEADER_T@@PAPAG@Z (long __cdecl TranslateToExchangeImportance(unsigned long,enum MIMEHEADER_T,unsigned short * *))
       66    ?ConvertToMultiByte@@YAJPAGPAPADI@Z (long __cdecl ConvertToMultiByte(unsigned short *,char * *,unsigned int))
       78    ?GetAddressTypeEx@@YAPBGPBGPAH11@Z (unsigned short const * __cdecl GetAddressTypeEx(unsigned short const *,int *,int *,int *))
       79    WrapCompressedRTFStream
       81    ?FullWidthToHalfWidth@@YAJPAGPAPAG@Z (long __cdecl FullWidthToHalfWidth(unsigned short *,unsigned short * *))
       82    ?GetBestPhoneForItem@@YAJPAUIItem2@@PAPAG@Z (long __cdecl GetBestPhoneForItem(struct IItem2 *,unsigned short * *))
       85    ?IsSupportedCodepage@@YAHI@Z (int __cdecl IsSupportedCodepage(unsigned int))
       87    ?TargetSecurityCheck@@YAJPBG@Z (long __cdecl TargetSecurityCheck(unsigned short const *))
       92    ?IsMsgAirSync@@YAHPAUIMessage@@@Z (int __cdecl IsMsgAirSync(struct IMessage *))
       99    ?QuerySmsOptionUi@@YAKW4SMSOPTUI@@@Z (unsigned long __cdecl QuerySmsOptionUi(enum SMSOPTUI))
      100    ?GetBoldDlgFont@@YAPAUHFONT__@@PAUHWND__@@@Z (struct HFONT__ * __cdecl GetBoldDlgFont(struct HWND__ *))
      102    GetSupportedImageFileExtensions
      109    ?IsMessageClassDeviceGenerated@@YAHW4eMsgClass@@PAG@Z (int __cdecl IsMessageClassDeviceGenerated(enum eMsgClass,unsigned short *))
      116    ?IsMessageClassReadRequest@@YAHPAG@Z (int __cdecl IsMessageClassReadRequest(unsigned short *))
      118    ?MsgClassSupportsIRM@@YAHW4eMsgClass@@@Z (int __cdecl MsgClassSupportsIRM(enum eMsgClass))
      119    ?MsgClassSupportsSMIME@@YAHW4eMsgClass@@@Z (int __cdecl MsgClassSupportsSMIME(enum eMsgClass))
      120    ?MsgSqmIncrement@@YAXK@Z (void __cdecl MsgSqmIncrement(unsigned long))
      121    ?MsgSqmIncrementPacked@@YAXKW4MSGSQMPACKING@@@Z (void __cdecl MsgSqmIncrementPacked(unsigned long,enum MSGSQMPACKING))
      122    ?MsgSqmIncrementForService@@YAXKPBGW4MSGSQMINCTOTAL@@@Z (void __cdecl MsgSqmIncrementForService(unsigned long,unsigned short const *,enum MSGSQMINCTOTAL))
      130    CreateMAPITableWalker
      132    ?GetMsgClassEnumFromMsg@@YAJPAUIMessage@@PAW4eMsgClass@@@Z (long __cdecl GetMsgClassEnumFromMsg(struct IMessage *,enum eMsgClass *))
      300    ?GetAttachmentInfo@@YAJPAUIMsgWrapper@@PAVMsgAttachInfo@@@Z (long __cdecl GetAttachmentInfo(struct IMsgWrapper *,class MsgAttachInfo *))
      303    ?IsHTMLEnabled@@YAHXZ (int __cdecl IsHTMLEnabled(void))
      304    ?GetSecurityDialogShowState@@YAJW4SecurityDialogType@@PAH@Z (long __cdecl GetSecurityDialogShowState(enum SecurityDialogType,int *))
      305    ?SetSecurityDialogShowState@@YAJW4SecurityDialogType@@H@Z (long __cdecl SetSecurityDialogShowState(enum SecurityDialogType,int))
      306    ?ConvertWideStreamToMultiByte@@YAJIPAUIStream@@PAPAU1@@Z (long __cdecl ConvertWideStreamToMultiByte(unsigned int,struct IStream *,struct IStream * *))
      307    ?GetNarrowSzCodepage@@YAJPBGPAPADI@Z (long __cdecl GetNarrowSzCodepage(unsigned short const *,char * *,unsigned int))
      308    ?GetWideSzAlloc@@YAJIPBDPAPAG@Z (long __cdecl GetWideSzAlloc(unsigned int,char const *,unsigned short * *))
      310    ?HTMLDocToPlainTextStringW@@YAJPAUIHTMLDocument2@@PAPAG@Z (long __cdecl HTMLDocToPlainTextStringW(struct IHTMLDocument2 *,unsigned short * *))
      311    ?HTMLStreamAToPlainTextStreamW@@YAJPAUIStream@@PAPAU1@I@Z (long __cdecl HTMLStreamAToPlainTextStreamW(struct IStream *,struct IStream * *,unsigned int))
      313    ?HTMLStringWToPlainTextStringW@@YAJPBGPAPAG@Z (long __cdecl HTMLStringWToPlainTextStringW(unsigned short const *,unsigned short * *))
      314    ?ReadStreamContent@@YAJPAUIStream@@PAPAGJ@Z (long __cdecl ReadStreamContent(struct IStream *,unsigned short * *,long))
      315    ?ReadStreamContentA@@YAJPAUIStream@@PAPADJ@Z (long __cdecl ReadStreamContentA(struct IStream *,char * *,long))
      319    ?GetAirSyncCPID@@YAJPAUIMessage@@PAI@Z (long __cdecl GetAirSyncCPID(struct IMessage *,unsigned int *))
      320    ?GetSignerCertInfo@@YAJPAXPAPBU_CERT_CONTEXT@@@Z (long __cdecl GetSignerCertInfo(void *,struct _CERT_CONTEXT const * *))
      321    ?DoesConformSoftwareCertPolicy@@YAHPBU_CERT_CONTEXT@@@Z (int __cdecl DoesConformSoftwareCertPolicy(struct _CERT_CONTEXT const *))
      322    ?IsSMIMESigningForcedByDevicePolicy@@YAHXZ (int __cdecl IsSMIMESigningForcedByDevicePolicy(void))
      323    ?IsSMIMEEncryptionForcedByDevicePolicy@@YAHXZ (int __cdecl IsSMIMEEncryptionForcedByDevicePolicy(void))
      325    ?GetSignatureText@@YAJPAUIMsgStore@@HPAPAG@Z (long __cdecl GetSignatureText(struct IMsgStore *,int,unsigned short * *))
      327    ?GetWideSzMapiAllocMore@@YAJIPADPAPAGPAU_SPropValue@@@Z (long __cdecl GetWideSzMapiAllocMore(unsigned int,char *,unsigned short * *,struct _SPropValue *))
      328    ?ConvertToWideStream@@YAJIPAUIStream@@PAPAU1@@Z (long __cdecl ConvertToWideStream(unsigned int,struct IStream *,struct IStream * *))
      329    ?IsAttachmentEmbedded@@YAHPAG00@Z (int __cdecl IsAttachmentEmbedded(unsigned short *,unsigned short *,unsigned short *))
      330    ?GetPhoneStatus@@YAJPAK@Z (long __cdecl GetPhoneStatus(unsigned long *))
      331    ?MakeCall@@YAJPAUHWND__@@PBG1@Z (long __cdecl MakeCall(struct HWND__ *,unsigned short const *,unsigned short const *))
      333    ?CreateHTMLDocFromStringA@@YAJPBDIPAPAUIHTMLDocument2@@@Z (long __cdecl CreateHTMLDocFromStringA(char const *,unsigned int,struct IHTMLDocument2 * *))
      334    ?CreateHTMLDocFromStringW@@YAJPBGPAPAUIHTMLDocument2@@@Z (long __cdecl CreateHTMLDocFromStringW(unsigned short const *,struct IHTMLDocument2 * *))
      335    ?GetAccountInboxUnreadCount@@YAJPAUIMsgStore@@PAK@Z (long __cdecl GetAccountInboxUnreadCount(struct IMsgStore *,unsigned long *))
      337    ?CreateWrapFileNameStm@@YAJPAGHHPAPAUIStream@@@Z (long __cdecl CreateWrapFileNameStm(unsigned short *,int,int,struct IStream * *))
      338    MAPI_GetStoreByName
      339    ?GetShellNotificationGuid@@YAJPAUIMsgStore@@PAU_GUID@@@Z (long __cdecl GetShellNotificationGuid(struct IMsgStore *,struct _GUID *))
      340    CreateWelcomeEmails
      341    ?MsgSqmIncrementForSendRecv@@YAXPAUIMsgStore@@W4MSGSQMEMAILACTIONS@@K@Z (void __cdecl MsgSqmIncrementForSendRecv(struct IMsgStore *,enum MSGSQMEMAILACTIONS,unsigned long))
      342    ?MsgSqmRecordStreamDataForWizard@@YAXPAUMsgSqmWizardData@@@Z (void __cdecl MsgSqmRecordStreamDataForWizard(struct MsgSqmWizardData *))
      343    ?GetNotifyRedirectorInstance@@YAJPAPAUIMAPINotifyRedirector@@@Z (long __cdecl GetNotifyRedirectorInstance(struct IMAPINotifyRedirector * *))
      344    ?IsActiveSyncAccountConfigured@@YAHXZ (int __cdecl IsActiveSyncAccountConfigured(void))
      345    ?GetEmailEngineInformation@@YAJPAU_GUID@@0@Z (long __cdecl GetEmailEngineInformation(struct _GUID *,struct _GUID *))
      348    ?DuplicateNotification@@YAJQAU_NOTIFICATION@@PAPAU1@@Z (long __cdecl DuplicateNotification(struct _NOTIFICATION * const,struct _NOTIFICATION * *))
