 wininet

 Timestamp is 5e0fd25c (Fri Jan 03 15:46:36 2020)

 Preferred load address is 10000000

 Start         Length     Name                   Class
 0001:00000000 00000004H .CRT$XCA                CODE
 0001:00000004 00000070H .CRT$XCU                CODE
 0001:00000074 00000004H .CRT$XCZ                CODE
 0001:00000078 00000004H .CRT$XIA                CODE
 0001:0000007c 00000004H .CRT$XIZ                CODE
 0001:00000080 00000004H .CRT$XPA                CODE
 0001:00000084 00000004H .CRT$XPZ                CODE
 0001:00000088 00000004H .CRT$XTA                CODE
 0001:0000008c 00000004H .CRT$XTZ                CODE
 0001:00000090 00010dbaH .rdata                  CODE
 0001:00010e4c 00000024H .rdata$debug            CODE
 0001:00010e70 0007412cH .text                   CODE
 0001:00084f9c 000002dcH .text$yc                CODE
 0001:00085278 000003dcH .text$yd                CODE
 0001:00085654 00000970H .xdata                  CODE
 0001:00085fc4 00000000H ATL$__a                 CODE
 0001:00085fc4 00000000H ATL$__z                 CODE
 0001:00085fc4 0000003cH .idata$2                CODE
 0001:00086000 00000014H .idata$3                CODE
 0001:00086014 00000380H .idata$4                CODE
 0001:00086394 00000386H .idata$6                CODE
 0001:00086720 0000164eH .edata                  CODE
 0002:00000000 00000380H .idata$5                DATA
 0002:00000380 00001408H .data                   DATA
 0002:000017a0 00003630H .bss                    DATA
 0003:00000000 00004160H .pdata                  DATA
 0004:00000000 00001060H .rsrc$01                DATA
 0004:00001060 000175e0H .rsrc$02                DATA

  Address         Publics by Value              Rva+Base       Lib:Object

 0000:00000000       ___safe_se_handler_count   00000000     <absolute>
 0000:00000000       ___safe_se_handler_table   00000000     <absolute>
 0001:00000000       __xc_a                     10001000     corelib0:crt0init.obj
 0001:00000074       __xc_z                     10001074     corelib0:crt0init.obj
 0001:00000078       __xi_a                     10001078     corelib0:crt0init.obj
 0001:0000007c       __xi_z                     1000107c     corelib0:crt0init.obj
 0001:00000080       __xp_a                     10001080     corelib0:crt0init.obj
 0001:00000084       __xp_z                     10001084     corelib0:crt0init.obj
 0001:00000088       __xt_a                     10001088     corelib0:crt0init.obj
 0001:0000008c       __xt_z                     1000108c     corelib0:crt0init.obj
 0001:000000ec       ??_C@_03LEMCFJEK@?$AN?6?5?$AA@ 100010ec     wininet_common:util.obj
 0001:000000f0       ??_C@_04JHBIMMCB@?4cgi?$AA@ 100010f0     wininet_common:util.obj
 0001:000000f8       ??_C@_04HLONOPDM@?4dll?$AA@ 100010f8     wininet_common:util.obj
 0001:00000100       ??_C@_04JLMDILM@?4exe?$AA@ 10001100     wininet_common:util.obj
 0001:00000108       ??_C@_01CLKCMJKC@?5?$AA@   10001108     wininet_common:util.obj
 0001:0000010c       ??_C@_0BC@MCMDOHGA@UpgradeInProgress?$AA@ 1000110c     wininet_common:util.obj
 0001:00000120       ??_C@_0BG@KHGDOHME@SystemSetupInProgress?$AA@ 10001120     wininet_common:util.obj
 0001:00000138       ??_C@_0N@JOLFNMBH@System?2Setup?$AA@ 10001138     wininet_common:util.obj
 0001:00000148       ??_C@_01KMDKNFGN@?1?$AA@   10001148     wininet_common:util.obj
 0001:0000014c       ??_C@_01EOFPKCAF@?$EA?$AA@ 1000114c     wininet_common:util.obj
 0001:00000150       ??_C@_01JLIPDDHJ@?3?$AA@   10001150     wininet_common:util.obj
 0001:00000154       ??_C@_07HKOKENHM@Cookie?3?$AA@ 10001154     wininet_common:util.obj
 0001:0000015c       ??_C@_07FMIIELEH@visited?$AA@ 1000115c     wininet_common:util.obj
 0001:00000164       ??_C@_06IJKGDEKF@cookie?$AA@ 10001164     wininet_common:util.obj
 0001:0000016c       ??_C@_05BCHGOAMK@https?$AA@ 1000116c     wininet_common:util.obj
 0001:00000174       ??_C@_04IAFLKNP@http?$AA@  10001174     wininet_common:util.obj
 0001:0000019c       ??_C@_00CNPNBAHC@?$AA@     1000119c     wininet_common:servinfo.obj
 0001:000001a0       ??_C@_0BH@MOIIDLCH@?5?5?5?5?5?5?5connection?$DN?$CFs?4?6?$AA@ 100011a0     wininet_common:servinfo.obj
 0001:000001b8       ??_7AcquiredConnSP@@6B@    100011b8     wininet_common:servinfo.obj
 0001:0000023c       ??_7ICSocket@@6B@          1000123c     wininet_common:icsocket.obj
 0001:00000254       ??_7CFsm_SocketSend@@6B@   10001254     wininet_common:icsocket.obj
 0001:00000258       ??_7CFsm_SocketReceive@@6B@ 10001258     wininet_common:icsocket.obj
 0001:0000025c       ??_7CFsm_SocketConnect@@6B@ 1000125c     wininet_common:icsocket.obj
 0001:00000280       ??_C@_01GBGANLPD@0?$AA@    10001280     wininet_common:icasync.obj
 0001:00000284       ??_C@_1BA@FFBLBHHL@?$AAW?$AAI?$AAN?$AAI?$AAN?$AAE?$AAT?$AA?$AA@ 10001284     wininet_common:icasync.obj
 0001:000002d4       ??_7CFsm_ResolveHost@@6B@  100012d4     wininet_common:caddrlst.obj
 0001:000002d8       ??_C@_0BE@POHACPBG@WSAAddressToStringW?$AA@ 100012d8     wininet_common:iwinsock.obj
 0001:000002ec       ??_C@_0BE@JNACCIMB@WSAStringToAddressW?$AA@ 100012ec     wininet_common:iwinsock.obj
 0001:00000300       ??_C@_0M@DCNHJPFN@WSANSPIoctl?$AA@ 10001300     wininet_common:iwinsock.obj
 0001:0000030c       ??_C@_0BE@JNCKODF@WSALookupServiceEnd?$AA@ 1000130c     wininet_common:iwinsock.obj
 0001:00000320       ??_C@_0BG@DCIFGHGB@WSALookupServiceNextW?$AA@ 10001320     wininet_common:iwinsock.obj
 0001:00000338       ??_C@_0BH@GDKECEEA@WSALookupServiceBeginW?$AA@ 10001338     wininet_common:iwinsock.obj
 0001:00000350       ??_C@_0M@NNJNLPKG@getnameinfo?$AA@ 10001350     wininet_common:iwinsock.obj
 0001:0000035c       ??_C@_0N@EHOPPMLH@freeaddrinfo?$AA@ 1000135c     wininet_common:iwinsock.obj
 0001:0000036c       ??_C@_0M@MBIPAJOD@getaddrinfo?$AA@ 1000136c     wininet_common:iwinsock.obj
 0001:00000378       ??_C@_0N@EPLFDCCC@__WSAFDIsSet?$AA@ 10001378     wininet_common:iwinsock.obj
 0001:00000388       ??_C@_0L@OPKENMEN@WSACleanup?$AA@ 10001388     wininet_common:iwinsock.obj
 0001:00000394       ??_C@_0L@EEFLCHHA@WSAStartup?$AA@ 10001394     wininet_common:iwinsock.obj
 0001:000003a0       ??_C@_0BA@JJKJLKCN@WSASetLastError?$AA@ 100013a0     wininet_common:iwinsock.obj
 0001:000003b0       ??_C@_0BA@ONBHHGGB@WSAGetLastError?$AA@ 100013b0     wininet_common:iwinsock.obj
 0001:000003c0       ??_C@_08LGAGEKPE@WSAIoctl?$AA@ 100013c0     wininet_common:iwinsock.obj
 0001:000003cc       ??_C@_0M@FIJPCJJO@gethostname?$AA@ 100013cc     wininet_common:iwinsock.obj
 0001:000003d8       ??_C@_0O@BFBCKHPD@gethostbyname?$AA@ 100013d8     wininet_common:iwinsock.obj
 0001:000003e8       ??_C@_06HBELJPBO@socket?$AA@ 100013e8     wininet_common:iwinsock.obj
 0001:000003f0       ??_C@_08FIACBBDA@shutdown?$AA@ 100013f0     wininet_common:iwinsock.obj
 0001:000003fc       ??_C@_0L@CKHNIFCM@setsockopt?$AA@ 100013fc     wininet_common:iwinsock.obj
 0001:00000408       ??_C@_06MEPBGKEC@sendto?$AA@ 10001408     wininet_common:iwinsock.obj
 0001:00000410       ??_C@_04MIIPNNEF@send?$AA@ 10001410     wininet_common:iwinsock.obj
 0001:00000418       ??_C@_06LGNCCACI@select?$AA@ 10001418     wininet_common:iwinsock.obj
 0001:00000420       ??_C@_08HMBBGFHE@recvfrom?$AA@ 10001420     wininet_common:iwinsock.obj
 0001:0000042c       ??_C@_04IFMDBHHF@recv?$AA@ 1000142c     wininet_common:iwinsock.obj
 0001:00000434       ??_C@_05FBACCBIB@ntohs?$AA@ 10001434     wininet_common:iwinsock.obj
 0001:0000043c       ??_C@_06OODDLKLE@listen?$AA@ 1000143c     wininet_common:iwinsock.obj
 0001:00000444       ??_C@_0M@PBPOCKDG@ioctlsocket?$AA@ 10001444     wininet_common:iwinsock.obj
 0001:00000450       ??_C@_09CFOACKNM@inet_ntoa?$AA@ 10001450     wininet_common:iwinsock.obj
 0001:0000045c       ??_C@_09JKBDEEOB@inet_addr?$AA@ 1000145c     wininet_common:iwinsock.obj
 0001:00000468       ??_C@_05IDNGLOCO@htons?$AA@ 10001468     wininet_common:iwinsock.obj
 0001:00000470       ??_C@_05EOIMLALA@htonl?$AA@ 10001470     wininet_common:iwinsock.obj
 0001:00000478       ??_C@_05JMFICPBP@ntohl?$AA@ 10001478     wininet_common:iwinsock.obj
 0001:00000480       ??_C@_0L@DEFCDCGF@getsockopt?$AA@ 10001480     wininet_common:iwinsock.obj
 0001:0000048c       ??_C@_0M@ODFENJLC@getsockname?$AA@ 1000148c     wininet_common:iwinsock.obj
 0001:00000498       ??_C@_0M@MBAJPNG@getpeername?$AA@ 10001498     wininet_common:iwinsock.obj
 0001:000004a4       ??_C@_07KAIBNCHO@connect?$AA@ 100014a4     wininet_common:iwinsock.obj
 0001:000004ac       ??_C@_0M@ODDJDCDK@closesocket?$AA@ 100014ac     wininet_common:iwinsock.obj
 0001:000004b8       ??_C@_04NPNJNMMP@bind?$AA@ 100014b8     wininet_common:iwinsock.obj
 0001:000004c0       ??_C@_06MPKMECK@accept?$AA@ 100014c0     wininet_common:iwinsock.obj
 0001:000004e8       ??_C@_08HAEGGJGF@loopback?$AA@ 100014e8     wininet_common:iwinsock.obj
 0001:000004f4       ??_C@_09IPAEKDAI@localhost?$AA@ 100014f4     wininet_common:iwinsock.obj
 0001:00000500       ??_C@_07OKEKDDNB@ws2?4dll?$AA@ 10001500     wininet_common:iwinsock.obj
 0001:00000528       ??_C@_0BA@NKNJIELL@DnsCacheEnabled?$AA@ 10001528     wininet_common:rescache.obj
 0001:00000538       ??_C@_0BA@NLHPPELF@DnsCacheEntries?$AA@ 10001538     wininet_common:rescache.obj
 0001:00000548       ??_C@_0BA@CONMIJCE@DnsCacheTimeout?$AA@ 10001548     wininet_common:rescache.obj
 0001:00000578       ??_7CFsm@@6B@              10001578     wininet_common:fsm.obj
 0001:000005bc       ??_7CFsm_FtpFindFirstFile@@6B@ 100015bc     wininet_ftp:ftpapia.obj
 0001:000005c0       ??_7CFsm_FtpDeleteFile@@6B@ 100015c0     wininet_ftp:ftpapia.obj
 0001:000005c4       ??_7CFsm_FtpRenameFile@@6B@ 100015c4     wininet_ftp:ftpapia.obj
 0001:000005c8       ??_7CFsm_FtpCommand@@6B@   100015c8     wininet_ftp:ftpapia.obj
 0001:000005cc       ??_7CFsm_FtpOpenFile@@6B@  100015cc     wininet_ftp:ftpapia.obj
 0001:000005d0       ??_7CFsm_FtpCreateDirectory@@6B@ 100015d0     wininet_ftp:ftpapia.obj
 0001:000005d4       ??_7CFsm_FtpRemoveDirectory@@6B@ 100015d4     wininet_ftp:ftpapia.obj
 0001:000005d8       ??_7CFsm_FtpSetCurrentDirectory@@6B@ 100015d8     wininet_ftp:ftpapia.obj
 0001:000005dc       ??_7CFsm_FtpGetCurrentDirectory@@6B@ 100015dc     wininet_ftp:ftpapia.obj
 0001:000005e0       ??_C@_03KDICCKGJ@htm?$AA@  100015e0     wininet_ftp:ftpapia.obj
 0001:00000604       ??_7CFsm_FtpGetFile@@6B@   10001604     wininet_ftp:ftpapiw.obj
 0001:00000608       ??_7CFsm_FtpPutFile@@6B@   10001608     wininet_ftp:ftpapiw.obj
 0001:0000062c       ??_C@_0M@BEPHJBJB@cannot?5find?$AA@ 1000162c     wininet_ftp:ftpapir.obj
 0001:00000638       ??_C@_09GNNAFPDF@not?5found?$AA@ 10001638     wininet_ftp:ftpapir.obj
 0001:00000644       ??_C@_07OIFDNFMM@LIST?5?$CFs?$AA@ 10001644     wininet_ftp:ftpapir.obj
 0001:0000064c       ??_C@_04PCOPKCKE@LIST?$AA@ 1000164c     wininet_ftp:ftpapir.obj
 0001:00000654       ??_C@_07FDBGKKHB@DELE?5?$CFs?$AA@ 10001654     wininet_ftp:ftpapir.obj
 0001:0000065c       ??_C@_07EOPAFOHA@RNTO?5?$CFs?$AA@ 1000165c     wininet_ftp:ftpapir.obj
 0001:00000664       ??_C@_07JIJOKOND@RNFR?5?$CFs?$AA@ 10001664     wininet_ftp:ftpapir.obj
 0001:0000066c       ??_C@_07LAJFDMAF@STOR?5?$CFs?$AA@ 1000166c     wininet_ftp:ftpapir.obj
 0001:00000674       ??_C@_07NEIHFJLJ@RETR?5?$CFs?$AA@ 10001674     wininet_ftp:ftpapir.obj
 0001:0000067c       ??_C@_06BFAFDBBO@MKD?5?$CFs?$AA@ 1000167c     wininet_ftp:ftpapir.obj
 0001:00000684       ??_C@_06FCMKDOCE@RMD?5?$CFs?$AA@ 10001684     wininet_ftp:ftpapir.obj
 0001:0000068c       ??_C@_06DBCOIIKD@CWD?5?$CFs?$AA@ 1000168c     wininet_ftp:ftpapir.obj
 0001:00000694       ??_C@_04JBGJDMCA@257?5?$AA@ 10001694     wininet_ftp:ftpapir.obj
 0001:0000069c       ??_C@_03OIFAJNHF@PWD?$AA@  1000169c     wininet_ftp:ftpapir.obj
 0001:000006a0       ??_C@_04GBOBDPBG@QUIT?$AA@ 100016a0     wininet_ftp:ftpapir.obj
 0001:000006a8       ??_C@_09BMFBKPHA@anonymous?$AA@ 100016a8     wininet_ftp:ftpapir.obj
 0001:000006b4       ??_C@_07ECIIGDNP@PASS?5?$CFs?$AA@ 100016b4     wininet_ftp:ftpapir.obj
 0001:000006bc       ??_C@_07BCMGCIGK@USER?5?$CFs?$AA@ 100016bc     wininet_ftp:ftpapir.obj
 0001:00000704       ??_C@_0CF@IFCHOFKA@janfebmaraprmayjunjulaugsepoctno@ 10001704     wininet_ftp:dirlist.obj
 0001:0000072c       ??_C@_05FIBHJBBH@?$DMDIR?$DO?$AA@ 1000172c     wininet_ftp:dirlist.obj
 0001:00000734       ??_C@_04BBDFLMDN@?5?9?$DO?5?$AA@ 10001734     wininet_ftp:dirlist.obj
 0001:0000073c       ??_C@_03DNALGGBA@DIR?$AA@  1000173c     wininet_ftp:dirlist.obj
 0001:00000740       ??_C@_05KBOMEDGA@total?$AA@ 10001740     wininet_ftp:dirlist.obj
 0001:00000768       ??_C@_0L@IKJJEIOE@?$PP?t?$PP?rABOR?$AN?6?$AA@ 10001768     wininet_ftp:protocol.obj
 0001:00000774       ??_C@_02PCIJFNDE@?$AN?6?$AA@ 10001774     wininet_ftp:protocol.obj
 0001:00000778       ??_C@_07EBPEELNJ@?5bytes?$CJ?$AA@ 10001778     wininet_ftp:protocol.obj
 0001:00000780       ??_C@_04NDIGFAHF@150?5?$AA@ 10001780     wininet_ftp:protocol.obj
 0001:00000788       ??_C@_04BJACADKL@213?5?$AA@ 10001788     wininet_ftp:protocol.obj
 0001:00000790       ??_C@_07DHEHBJLB@SIZE?5?$CFs?$AA@ 10001790     wininet_ftp:protocol.obj
 0001:00000798       ??_C@_04DEPMIFPM@RETR?$AA@ 10001798     wininet_ftp:protocol.obj
 0001:000007a0       ??_C@_04HOCEDKE@228?5?$AA@ 100017a0     wininet_ftp:protocol.obj
 0001:000007a8       ??_C@_04GCACJJD@229?5?$AA@ 100017a8     wininet_ftp:protocol.obj
 0001:000007b0       ??_C@_04MLOAEJJ@227?5?$AA@ 100017b0     wininet_ftp:protocol.obj
 0001:000007b8       ??_C@_04ONMINIDD@LPSV?$AA@ 100017b8     wininet_ftp:protocol.obj
 0001:000007c0       ??_C@_04OANILKEC@EPSV?$AA@ 100017c0     wininet_ftp:protocol.obj
 0001:000007c8       ??_C@_04KAHNJCEK@PASV?$AA@ 100017c8     wininet_ftp:protocol.obj
 0001:000007d0       ??_C@_0EC@EPGGHOOG@LPRT?56?016?0?$CFu?0?$CFu?0?$CFu?0?$CFu?0?$CFu?0?$CFu?0?$CFu?0?$CF@ 100017d0     wininet_ftp:protocol.obj
 0001:00000814       ??_C@_0P@FLGMDAKH@EPRT?5?$HM2?$HM?$CFs?$HM?$CFu?$HM?$AA@ 10001814     wininet_ftp:protocol.obj
 0001:00000824       ??_C@_0BH@DIBKCLLL@PORT?5?$CFd?0?$CFd?0?$CFd?0?$CFd?0?$CFd?0?$CFd?$AA@ 10001824     wininet_ftp:protocol.obj
 0001:0000083c       ??_C@_07PLMHKPAA@TYPE?5?$CFs?$AA@ 1000183c     wininet_ftp:protocol.obj
 0001:00000844       ??_C@_01JPJNBJEM@I?$AA@    10001844     wininet_ftp:protocol.obj
 0001:00000848       ??_C@_01FHEEJDEE@A?$AA@    10001848     wininet_ftp:protocol.obj
 0001:0000086c       ??_C@_09KLKMKELF@ftp?3?1?1?$CFs?1?$AA@ 1000186c     wininet_ftp:tcputil.obj
 0001:00000898       ??_C@_02DOGDOMPH@?$CK?4?$AA@ 10001898     wininet_ftp:name.obj
 0001:0000089c       ??_C@_03EMIMMIHL@?$CK?4?$CK?$AA@ 1000189c     wininet_ftp:name.obj
 0001:000008e8       ??_C@_03GACAABJG@?3?1?1?$AA@ 100018e8     wininet_hndlobj:proxysup.obj
 0001:000008ec       ??_C@_07KAALEJHI@?$DMlocal?$DO?$AA@ 100018ec     wininet_hndlobj:proxysup.obj
 0001:000008f4       ??_C@_05HKHMHAPI@SOCKS?$AA@ 100018f4     wininet_hndlobj:proxysup.obj
 0001:000008fc       ??_C@_05MKMBBLHO@PROXY?$AA@ 100018fc     wininet_hndlobj:proxysup.obj
 0001:00000904       ??_C@_06LIJCLFCC@DIRECT?$AA@ 10001904     wininet_hndlobj:proxysup.obj
 0001:0000090c       ??_C@_01NBENCBCI@?$CK?$AA@ 1000190c     wininet_hndlobj:proxysup.obj
 0001:00000950       ??_7HANDLE_OBJECT@@6B@     10001950     wininet_hndlobj:hinet.obj
 0001:00000980       ??_7INTERNET_HANDLE_OBJECT@@6B@ 10001980     wininet_hndlobj:hinet.obj
 0001:000009b0       ??_7PROXY_INFO@@6B@        100019b0     wininet_hndlobj:hinet.obj
 0001:000009d4       ??_7PROXY_INFO_GLOBAL_WRAPPER@@6B@ 100019d4     wininet_hndlobj:hinet.obj
 0001:00000a18       ??_C@_01OHGJGJJP@?$FL?$AA@ 10001a18     wininet_hndlobj:connect.obj
 0001:00000a1c       ??_C@_01LBDDMOBJ@?$FN?$AA@ 10001a1c     wininet_hndlobj:connect.obj
 0001:00000a20       ??_C@_02DJGKEECL@?4?4?$AA@ 10001a20     wininet_hndlobj:connect.obj
 0001:00000a24       ??_C@_03LOJJKLGJ@?4?4?1?$AA@ 10001a24     wininet_hndlobj:connect.obj
 0001:00000a28       ??_7INTERNET_CONNECT_HANDLE_OBJECT@@6B@ 10001a28     wininet_hndlobj:connect.obj
 0001:00000a78       ??_7FTP_FIND_HANDLE_OBJECT@@6B@ 10001a78     wininet_hndlobj:ftp.obj
 0001:00000aa8       ??_7FTP_FILE_HANDLE_OBJECT@@6B@ 10001aa8     wininet_hndlobj:ftp.obj
 0001:00000b38       ??_7CFsmWithProxy@@6B@     10001b38     wininet_http:sendapi.obj
 0001:00000b3c       ??_7CFsm_HttpSendRequest@@6B@ 10001b3c     wininet_http:sendapi.obj
 0001:00000b60       ??_C@_01ICJEACDI@?$DL?$AA@ 10001b60     wininet_http:open.obj
 0001:00000b64       ??_C@_08IJEMDJGI@HTTP?11?41?$AA@ 10001b64     wininet_http:open.obj
 0001:00000b70       ??_C@_0L@EPEIINOP@HTTP?1?$CFd?4?$CFd?$AA@ 10001b70     wininet_http:open.obj
 0001:00000b7c       ??_C@_05FKGKDBHO@HTTP?1?$AA@ 10001b7c     wininet_http:open.obj
 0001:00000b84       ??_C@_03HAPOJHBM@GET?$AA@  10001b84     wininet_http:open.obj
 0001:00000b88       ??_C@_05NJAIBCBJ@TRACK?$AA@ 10001b88     wininet_http:open.obj
 0001:00000b90       ??_C@_05EHILDPJH@TRACE?$AA@ 10001b90     wininet_http:open.obj
 0001:00000b98       ??_7CFsm_ParseHttpUrl@@6B@ 10001b98     wininet_http:open.obj
 0001:00000bdc       ??_C@_07IDJMCPCK@cookie?3?$AA@ 10001bdc     wininet_http:cookieprompt.obj
 0001:00000be4       ??_C@_03MBGLOMJA@TNI?$AA@  10001be4     wininet_http:cookie.obj
 0001:00000be8       ??_C@_03DFOFEAGB@LIM?$AA@  10001be8     wininet_http:cookie.obj
 0001:00000bec       ??_C@_03PECDGDKC@VOG?$AA@  10001bec     wininet_http:cookie.obj
 0001:00000bf0       ??_C@_03MAKBOJHD@GRO?$AA@  10001bf0     wininet_http:cookie.obj
 0001:00000bf4       ??_C@_03ICHPJFLG@TEN?$AA@  10001bf4     wininet_http:cookie.obj
 0001:00000bf8       ??_C@_03NIPFEBCP@UDE?$AA@  10001bf8     wininet_http:cookie.obj
 0001:00000bfc       ??_C@_03BHFHHGDI@MOC?$AA@  10001bfc     wininet_http:cookie.obj
 0001:00000c80       ??_C@_0P@HODIGFBE@SpecialDomains?$AA@ 10001c80     wininet_http:cookie.obj
 0001:00000c90       ??_C@_0EA@PIPMJBOH@Software?2Microsoft?2Windows?2Curre@ 10001c90     wininet_http:cookie.obj
 0001:00000cd0       ??_C@_09ICDPMJIN@?$HO?$HOlocal?$HO?$HO?$AA@ 10001cd0     wininet_http:cookie.obj
 0001:00000ce0       ??_C@_0FA@JGBMDHKH@Software?2Microsoft?2Windows?2Curre@ 10001ce0     wininet_http:cookie.obj
 0001:00000d30       ??_C@_04JBOKBMHA@HCP?3?$AA@ 10001d30     wininet_http:cookie.obj
 0001:00000d38       ??_C@_04MIFENKKK@hcp?3?$AA@ 10001d38     wininet_http:cookie.obj
 0001:00000d40       ??_C@_0BN@EMBHEKLD@?$CFs?6?$CFs?6?$CFs?$CFs?6?$CFu?6?$CFu?6?$CFu?6?$CFu?6?$CFu?6?$CK?6?$AA@ 10001d40     wininet_http:cookie.obj
 0001:00000d60       ??_C@_03CLFHJCDC@txt?$AA@  10001d60     wininet_http:cookie.obj
 0001:00000d64       ??_C@_07PEFKGEJF@max?9age?$AA@ 10001d64     wininet_http:cookie.obj
 0001:00000d6c       ??_C@_06CKKGAKDB@secure?$AA@ 10001d6c     wininet_http:cookie.obj
 0001:00000d74       ??_C@_06LKIIGAOE@domain?$AA@ 10001d74     wininet_http:cookie.obj
 0001:00000d7c       ??_C@_04LNEJFJGI@path?$AA@ 10001d7c     wininet_http:cookie.obj
 0001:00000d84       ??_C@_07MJGJEDBB@expires?$AA@ 10001d84     wininet_http:cookie.obj
 0001:00000d8c       ??_C@_02OLOABKKD@ID?$AA@   10001d8c     wininet_http:cookie.obj
 0001:00000d90       ??_C@_05NGJKLPCM@AA002?$AA@ 10001d90     wininet_http:cookie.obj
 0001:00000d98       ??_C@_02EGCJHIOB@id?$AA@   10001d98     wininet_http:cookie.obj
 0001:00000d9c       ??_C@_0BF@GMBBIBJH@CyberGlobalAnonymous?$AA@ 10001d9c     wininet_http:cookie.obj
 0001:00000db4       ??_C@_07BDDODHPL@OPT_OUT?$AA@ 10001db4     wininet_http:cookie.obj
 0001:00000dbc       ??_C@_06GCDBKGFP@optout?$AA@ 10001dbc     wininet_http:cookie.obj
 0001:00000dd0       ??_C@_03OPJJOGOD@?$CFs?$EA?$AA@ 10001dd0     wininet_http:cookie.obj
 0001:00000e64       ??_C@_03CKPJLAKP@TST?$AA@  10001e64     wininet_http:cookiepolicy.obj
 0001:00000e68       ??_C@_03ILNLOLAC@LAW?$AA@  10001e68     wininet_http:cookiepolicy.obj
 0001:00000e6c       ??_C@_03KCPJAIHF@MON?$AA@  10001e6c     wininet_http:cookiepolicy.obj
 0001:00000e70       ??_C@_03KEFBCCBL@COR?$AA@  10001e70     wininet_http:cookiepolicy.obj
 0001:00000e74       ??_C@_03LAEMKHJL@NON?$AA@  10001e74     wininet_http:cookiepolicy.obj
 0001:00000e78       ??_C@_03FHMCBKKI@OTI?$AA@  10001e78     wininet_http:cookiepolicy.obj
 0001:00000e7c       ??_C@_03JEGAAOIO@IDC?$AA@  10001e7c     wininet_http:cookiepolicy.obj
 0001:00000e80       ??_C@_03FBKDGDAN@CAO?$AA@  10001e80     wininet_http:cookiepolicy.obj
 0001:00000e84       ??_C@_03NIFPGLBG@ALL?$AA@  10001e84     wininet_http:cookiepolicy.obj
 0001:00000e88       ??_C@_03PPANDBFM@NOI?$AA@  10001e88     wininet_http:cookiepolicy.obj
 0001:00000e8c       ??_C@_03BOIMCCDE@DSP?$AA@  10001e8c     wininet_http:cookiepolicy.obj
 0001:00000e90       ??_C@_03EOCODDKD@NID?$AA@  10001e90     wininet_http:cookiepolicy.obj
 0001:00000e94       ??_C@_03KNCNPCCC@OTC?$AA@  10001e94     wininet_http:cookiepolicy.obj
 0001:00000e98       ??_C@_03EPFPHAEI@GOV?$AA@  10001e98     wininet_http:cookiepolicy.obj
 0001:00000e9c       ??_C@_03PHIAGONP@PRE?$AA@  10001e9c     wininet_http:cookiepolicy.obj
 0001:00000ea0       ??_C@_03BPCIGBFO@HEA?$AA@  10001ea0     wininet_http:cookiepolicy.obj
 0001:00000ea4       ??_C@_03DCLMOFLF@POL?$AA@  10001ea4     wininet_http:cookiepolicy.obj
 0001:00000ea8       ??_C@_03IFNEHIIH@STA?$AA@  10001ea8     wininet_http:cookiepolicy.obj
 0001:00000eac       ??_C@_03PDMJOPKK@CNT?$AA@  10001eac     wininet_http:cookiepolicy.obj
 0001:00000eb0       ??_C@_03PJELJBOK@DEM?$AA@  10001eb0     wininet_http:cookiepolicy.obj
 0001:00000eb4       ??_C@_03JMHEAPMO@INT?$AA@  10001eb4     wininet_http:cookiepolicy.obj
 0001:00000eb8       ??_C@_03DIMJBCMI@NAV?$AA@  10001eb8     wininet_http:cookiepolicy.obj
 0001:00000ebc       ??_C@_03GJALCMIF@COM?$AA@  10001ebc     wininet_http:cookiepolicy.obj
 0001:00000ec0       ??_C@_03HBHFPDMG@FIN?$AA@  10001ec0     wininet_http:cookiepolicy.obj
 0001:00000ec4       ??_C@_03PHEMPMMM@PUR?$AA@  10001ec4     wininet_http:cookiepolicy.obj
 0001:00000ec8       ??_C@_03HJNHILPF@UNI?$AA@  10001ec8     wininet_http:cookiepolicy.obj
 0001:00000ecc       ??_C@_03DLAEMIEL@ONL?$AA@  10001ecc     wininet_http:cookiepolicy.obj
 0001:00000ed0       ??_C@_03EGBFCE@PHY?$AA@    10001ed0     wininet_http:cookiepolicy.obj
 0001:00000ed4       ??_C@_03NGLGBNJP@IND?$AA@  10001ed4     wininet_http:cookiepolicy.obj
 0001:00000ed8       ??_C@_03BEEHFCJJ@BUS?$AA@  10001ed8     wininet_http:cookiepolicy.obj
 0001:00000edc       ??_C@_03MGBAFBIP@LEG?$AA@  10001edc     wininet_http:cookiepolicy.obj
 0001:00000ee0       ??_C@_03NGANFLJH@STP?$AA@  10001ee0     wininet_http:cookiepolicy.obj
 0001:00000ee4       ??_C@_03FGDLPKMG@NOR?$AA@  10001ee4     wininet_http:cookiepolicy.obj
 0001:00000ee8       ??_C@_04GMGGBGHP@PUBo?$AA@ 10001ee8     wininet_http:cookiepolicy.obj
 0001:00000ef0       ??_C@_04DKDMLBPJ@PUBi?$AA@ 10001ef0     wininet_http:cookiepolicy.obj
 0001:00000ef8       ??_C@_04PCOFDLPB@PUBa?$AA@ 10001ef8     wininet_http:cookiepolicy.obj
 0001:00000f00       ??_C@_04DPLIOKOB@UNRo?$AA@ 10001f00     wininet_http:cookiepolicy.obj
 0001:00000f08       ??_C@_04GJOCENGH@UNRi?$AA@ 10001f08     wininet_http:cookiepolicy.obj
 0001:00000f10       ??_C@_04KBDLMHGP@UNRa?$AA@ 10001f10     wininet_http:cookiepolicy.obj
 0001:00000f18       ??_C@_04CKEMNCDJ@OTRo?$AA@ 10001f18     wininet_http:cookiepolicy.obj
 0001:00000f20       ??_C@_04HMBGHFLP@OTRi?$AA@ 10001f20     wininet_http:cookiepolicy.obj
 0001:00000f28       ??_C@_04LEMPPPLH@OTRa?$AA@ 10001f28     wininet_http:cookiepolicy.obj
 0001:00000f30       ??_C@_04PPOBOLFK@SAMo?$AA@ 10001f30     wininet_http:cookiepolicy.obj
 0001:00000f38       ??_C@_04KJLLEMNM@SAMi?$AA@ 10001f38     wininet_http:cookiepolicy.obj
 0001:00000f40       ??_C@_04GBGCMGNE@SAMa?$AA@ 10001f40     wininet_http:cookiepolicy.obj
 0001:00000f48       ??_C@_04KDIBFNKI@DELo?$AA@ 10001f48     wininet_http:cookiepolicy.obj
 0001:00000f50       ??_C@_04PFNLPKCO@DELi?$AA@ 10001f50     wininet_http:cookiepolicy.obj
 0001:00000f58       ??_C@_04DNACHACG@DELa?$AA@ 10001f58     wininet_http:cookiepolicy.obj
 0001:00000f60       ??_C@_04JCPALFFM@OURo?$AA@ 10001f60     wininet_http:cookiepolicy.obj
 0001:00000f68       ??_C@_04MEKKBCNK@OURi?$AA@ 10001f68     wininet_http:cookiepolicy.obj
 0001:00000f70       ??_C@_04MHDJINC@OURa?$AA@  10001f70     wininet_http:cookiepolicy.obj
 0001:00000f78       ??_C@_04CJMIAGFH@OTPo?$AA@ 10001f78     wininet_http:cookiepolicy.obj
 0001:00000f80       ??_C@_04HPJCKBNB@OTPi?$AA@ 10001f80     wininet_http:cookiepolicy.obj
 0001:00000f88       ??_C@_04LHELCLNJ@OTPa?$AA@ 10001f88     wininet_http:cookiepolicy.obj
 0001:00000f90       ??_C@_04MDGBMKCK@TELo?$AA@ 10001f90     wininet_http:cookiepolicy.obj
 0001:00000f98       ??_C@_04JFDLGNKM@TELi?$AA@ 10001f98     wininet_http:cookiepolicy.obj
 0001:00000fa0       ??_C@_04FNOCOHKE@TELa?$AA@ 10001fa0     wininet_http:cookiepolicy.obj
 0001:00000fa8       ??_C@_04DLNNOLFM@HISo?$AA@ 10001fa8     wininet_http:cookiepolicy.obj
 0001:00000fb0       ??_C@_04GNIHEMNK@HISi?$AA@ 10001fb0     wininet_http:cookiepolicy.obj
 0001:00000fb8       ??_C@_04KFFOMGNC@HISa?$AA@ 10001fb8     wininet_http:cookiepolicy.obj
 0001:00000fc0       ??_C@_04HNJILFLC@CONo?$AA@ 10001fc0     wininet_http:cookiepolicy.obj
 0001:00000fc8       ??_C@_04CLMCBCDE@CONi?$AA@ 10001fc8     wininet_http:cookiepolicy.obj
 0001:00000fd0       ??_C@_04ODBLJIDM@CONa?$AA@ 10001fd0     wininet_http:cookiepolicy.obj
 0001:00000fd8       ??_C@_04BHKODANA@IVDo?$AA@ 10001fd8     wininet_http:cookiepolicy.obj
 0001:00000fe0       ??_C@_04EBPEJHFG@IVDi?$AA@ 10001fe0     wininet_http:cookiepolicy.obj
 0001:00000fe8       ??_C@_04IJCNBNFO@IVDa?$AA@ 10001fe8     wininet_http:cookiepolicy.obj
 0001:00000ff0       ??_C@_04BBGFPCDL@IVAo?$AA@ 10001ff0     wininet_http:cookiepolicy.obj
 0001:00000ff8       ??_C@_04EHDPFFLN@IVAi?$AA@ 10001ff8     wininet_http:cookiepolicy.obj
 0001:00001000       ??_C@_04IPOGNPLF@IVAa?$AA@ 10002000     wininet_http:cookiepolicy.obj
 0001:00001008       ??_C@_04ENIADFBB@PSDo?$AA@ 10002008     wininet_http:cookiepolicy.obj
 0001:00001010       ??_C@_04BLNKJCJH@PSDi?$AA@ 10002010     wininet_http:cookiepolicy.obj
 0001:00001018       ??_C@_04NDADBIJP@PSDa?$AA@ 10002018     wininet_http:cookiepolicy.obj
 0001:00001020       ??_C@_04ELELPHPK@PSAo?$AA@ 10002020     wininet_http:cookiepolicy.obj
 0001:00001028       ??_C@_04BNBBFAHM@PSAi?$AA@ 10002028     wininet_http:cookiepolicy.obj
 0001:00001030       ??_C@_04NFMINKHE@PSAa?$AA@ 10002030     wininet_http:cookiepolicy.obj
 0001:00001038       ??_C@_04EKMIJPJG@TAIo?$AA@ 10002038     wininet_http:cookiepolicy.obj
 0001:00001040       ??_C@_04BMJCDIBA@TAIi?$AA@ 10002040     wininet_http:cookiepolicy.obj
 0001:00001048       ??_C@_04NEELLCBI@TAIa?$AA@ 10002048     wininet_http:cookiepolicy.obj
 0001:00001050       ??_C@_04FGMCDCGK@CUSo?$AA@ 10002050     wininet_http:cookiepolicy.obj
 0001:00001058       ??_C@_04JIJFOM@CUSi?$AA@   10002058     wininet_http:cookiepolicy.obj
 0001:00001060       ??_C@_04MIEBBPOE@CUSa?$AA@ 10002060     wininet_http:cookiepolicy.obj
 0001:00001068       ??_C@_04LCDAHLAO@DEVo?$AA@ 10002068     wininet_http:cookiepolicy.obj
 0001:00001070       ??_C@_04OEGKNMII@DEVi?$AA@ 10002070     wininet_http:cookiepolicy.obj
 0001:00001078       ??_C@_04CMLDFGIA@DEVa?$AA@ 10002078     wininet_http:cookiepolicy.obj
 0001:00001080       ??_C@_04NCBPNPIK@ADMo?$AA@ 10002080     wininet_http:cookiepolicy.obj
 0001:00001088       ??_C@_04IEEFHIAM@ADMi?$AA@ 10002088     wininet_http:cookiepolicy.obj
 0001:00001090       ??_C@_04EMJMPCAE@ADMa?$AA@ 10002090     wininet_http:cookiepolicy.obj
 0001:00001098       ??_C@_04FHAAFIFN@CURo?$AA@ 10002098     wininet_http:cookiepolicy.obj
 0001:000010a0       ??_C@_04BFKPPNL@CURi?$AA@  100020a0     wininet_http:cookiepolicy.obj
 0001:000010a8       ??_C@_04MJIDHFND@CURa?$AA@ 100020a8     wininet_http:cookiepolicy.obj
 0001:00008330       ??_C@_1EO@GBCEDEPC@?$AA?$HL?$AAA?$AAE?$AAB?$AAA?$AA2?$AA1?$AAF?$AAA?$AA?9?$AA7?$AA8?$AA2?$AAA?$AA?9?$AA4?$AAA?$AA9?$AA0?$AA?9?$AA9?$AA7?$AA8?$AAD?$AA?9?$AAB?$AA7?$AA2?$AA1?$AA6?$AA4?$AAC@ 10009330     wininet_http:cookiepolicy.obj
 0001:00008380       ??_C@_1EO@BDBHFKK@?$AA?$HL?$AAA?$AA8?$AAA?$AA8?$AA8?$AAC?$AA4?$AA9?$AA?9?$AA5?$AAE?$AAB?$AA2?$AA?9?$AA4?$AA9?$AA9?$AA0?$AA?9?$AAA?$AA1?$AAA?$AA2?$AA?9?$AA0?$AA8?$AA7?$AA6?$AA0?$AA2?$AA2@ 10009380     wininet_http:cookiepolicy.obj
 0001:000083d0       ??_C@_1IE@EIOJFGGN@?$AAS?$AAo?$AAf?$AAt?$AAw?$AAa?$AAr?$AAe?$AA?2?$AAM?$AAi?$AAc?$AAr?$AAo?$AAs?$AAo?$AAf?$AAt?$AA?2?$AAW?$AAi?$AAn?$AAd?$AAo?$AAw?$AAs?$AA?2?$AAC?$AAu?$AAr?$AAr?$AAe@ 100093d0     wininet_http:cookiepolicy.obj
 0001:00008454       ??_C@_0BA@KMIEAMIN@PrivacyAdvanced?$AA@ 10009454     wininet_http:cookiepolicy.obj
 0001:00008464       ??_C@_1O@MLIDNEDF@?$AA?$CF?$AAw?$AAs?$AA?2?$AA?$CF?$AAd?$AA?$AA@ 10009464     wininet_http:cookiepolicy.obj
 0001:00008474       ??_C@_07KDKMIPIP@OPTIONS?$AA@ 10009474     wininet_http:headers.obj
 0001:0000847c       ??_C@_06LHDEKNMJ@M?9POST?$AA@ 1000947c     wininet_http:headers.obj
 0001:00008484       ??_C@_03EAHPLIF@PIN?$AA@   10009484     wininet_http:headers.obj
 0001:00008488       ??_C@_06GBNAAIDA@SEARCH?$AA@ 10009488     wininet_http:headers.obj
 0001:00008490       ??_C@_06DLHNAFG@INVOKE?$AA@ 10009490     wininet_http:headers.obj
 0001:00008498       ??_C@_08MDJKHKOP@CHECKOUT?$AA@ 10009498     wininet_http:headers.obj
 0001:000084a4       ??_C@_07FHEJGMDI@CHECKIN?$AA@ 100094a4     wininet_http:headers.obj
 0001:000084ac       ??_C@_04OHPFPLOP@POLL?$AA@ 100094ac     wininet_http:headers.obj
 0001:000084b4       ??_C@_06LMEIPPMP@NOTIFY?$AA@ 100094b4     wininet_http:headers.obj
 0001:000084bc       ??_C@_0M@GELMDIJN@UNSUBSCRIBE?$AA@ 100094bc     wininet_http:headers.obj
 0001:000084c8       ??_C@_09NMAFIJHB@SUBSCRIBE?$AA@ 100094c8     wininet_http:headers.obj
 0001:000084d4       ??_C@_07MJMGAPNI@BDELETE?$AA@ 100094d4     wininet_http:headers.obj
 0001:000084dc       ??_C@_0L@ELIKCPBM@BPROPPATCH?$AA@ 100094dc     wininet_http:headers.obj
 0001:000084e8       ??_C@_09ICBIGICL@BPROPFIND?$AA@ 100094e8     wininet_http:headers.obj
 0001:000084f4       ??_C@_05NHEMFHGE@BCOPY?$AA@ 100094f4     wininet_http:headers.obj
 0001:000084fc       ??_C@_05IKIGMIOK@BMOVE?$AA@ 100094fc     wininet_http:headers.obj
 0001:00008504       ??_C@_06DELKBJHG@UNLINK?$AA@ 10009504     wininet_http:headers.obj
 0001:0000850c       ??_C@_04CLELJMBJ@LINK?$AA@ 1000950c     wininet_http:headers.obj
 0001:00008514       ??_C@_06FKDAMKFP@DELETE?$AA@ 10009514     wininet_http:headers.obj
 0001:0000851c       ??_C@_07FNNMGOPK@CONNECT?$AA@ 1000951c     wininet_http:headers.obj
 0001:00008524       ??_C@_05HMHDBDJB@MKCOL?$AA@ 10009524     wininet_http:headers.obj
 0001:0000852c       ??_C@_04LPPGDFDD@MOVE?$AA@ 1000952c     wininet_http:headers.obj
 0001:00008534       ??_C@_04OCDMKKLN@COPY?$AA@ 10009534     wininet_http:headers.obj
 0001:0000853c       ??_C@_06BJAJNFPJ@UNLOCK?$AA@ 1000953c     wininet_http:headers.obj
 0001:00008544       ??_C@_04GPIFAJG@LOCK?$AA@  10009544     wininet_http:headers.obj
 0001:0000854c       ??_C@_09ENKDFGKI@PROPPATCH?$AA@ 1000954c     wininet_http:headers.obj
 0001:00008558       ??_C@_08BNNEMDGO@PROPFIND?$AA@ 10009558     wininet_http:headers.obj
 0001:00008564       ??_C@_03KBBGFLEK@PUT?$AA@  10009564     wininet_http:headers.obj
 0001:00008568       ??_C@_04HCJEIHPL@POST?$AA@ 10009568     wininet_http:headers.obj
 0001:00008570       ??_C@_04BINJNOJD@HEAD?$AA@ 10009570     wininet_http:headers.obj
 0001:00008578       ??_C@_0BE@KLEOFMOI@application?1x?9spoon?$AA@ 10009578     wininet_http:headers.obj
 0001:0000858c       ??_C@_0BJ@CNIELGBF@application?1x?9compressed?$AA@ 1000958c     wininet_http:headers.obj
 0001:000085a8       ??_C@_0BH@LHJCLOGD@application?1x?9compress?$AA@ 100095a8     wininet_http:headers.obj
 0001:000085c0       ??_C@_0BN@FEIOCMMH@application?1x?9zip?9compressed?$AA@ 100095c0     wininet_http:headers.obj
 0001:000085e0       ??_C@_0BD@GGBFOHK@application?1x?9gzip?$AA@ 100095e0     wininet_http:headers.obj
 0001:000085f4       ??_C@_0BA@LMDOGBAF@application?1zip?$AA@ 100095f4     wininet_http:headers.obj
 0001:00008604       ??_C@_0P@BADMENIP@x?9world?1x?9vrml?$AA@ 10009604     wininet_http:headers.obj
 0001:00008614       ??_C@_0BC@HMAHGLAD@application?1x?9tar?$AA@ 10009614     wininet_http:headers.obj
 0001:000087bc       ??_C@_06KICEPCA@Host?3?5?$AA@ 100097bc     wininet_http:headers.obj
 0001:000087c4       ??_C@_02GMHACPFF@?$CFu?$AA@ 100097c4     wininet_http:headers.obj
 0001:000087c8       ??_C@_0N@IKMILEBF@no?9transform?$AA@ 100097c8     wininet_http:headers.obj
 0001:000087d8       ??_C@_07FNHFFEJG@deflate?$AA@ 100097d8     wininet_http:headers.obj
 0001:000087e0       ??_C@_04HOHEGKBO@gzip?$AA@ 100097e0     wininet_http:headers.obj
 0001:000087e8       ??_C@_09BCBMLHGN@Referer?3?5?$AA@ 100097e8     wininet_http:headers.obj
 0001:000087f4       ??_C@_02LMMGGCAJ@?3?5?$AA@ 100097f4     wininet_http:headers.obj
 0001:000087f8       ??_C@_02KEGNLNML@?0?5?$AA@ 100097f8     wininet_http:headers.obj
 0001:000087fc       ??_C@_02LNAEAIDO@?$DL?5?$AA@ 100097fc     wininet_http:headers.obj
 0001:00008800       ??_C@_0BE@OLFDLLBP@Netscape?9Commerce?13?$AA@ 10009800     wininet_http:headers.obj
 0001:00008814       ??_C@_0BF@PMLACP@Netscape?9FastTrack?13?$AA@ 10009814     wininet_http:headers.obj
 0001:0000882c       ??_C@_0BG@IENFMPFM@Netscape?9Enterprise?13?$AA@ 1000982c     wininet_http:headers.obj
 0001:00008844       ??_C@_07KCKHAHHI@chunked?$AA@ 10009844     wininet_http:headers.obj
 0001:0000884c       ??_C@_05LGELBCGM@Close?$AA@ 1000984c     wininet_http:headers.obj
 0001:00008854       ??_C@_0L@NEAPGCKH@Keep?9Alive?$AA@ 10009854     wininet_http:headers.obj
 0001:00008860       ??_C@_06GLLGLBKG@?$DMHEAD?$DO?$AA@ 10009860     wininet_http:headers.obj
 0001:00008868       ??_C@_06HCPDOBJE@?$DMHTML?$DO?$AA@ 10009868     wininet_http:headers.obj
 0001:00008870       ??_C@_0O@BMBOKIOE@gzip?0?5deflate?$AA@ 10009870     wininet_http:headers.obj
 0001:00008880       ??_C@_0BA@CKKNJGFG@HTTP?11?40?5200?5OK?$AA@ 10009880     wininet_http:headers.obj
 0001:00008890       ??_C@_04MEDPFIKH@HTTP?$AA@ 10009890     wininet_http:headers.obj
 0001:000088b8       ??_7CFsm_SendRequest@@6B@  100098b8     wininet_http:sendreq.obj
 0001:000088bc       ??_7CFsm_ReceiveResponse@@6B@ 100098bc     wininet_http:sendreq.obj
 0001:000088c0       ??_C@_05HKPGCKL@?$CFs?3?$CFd?$AA@ 100098c0     wininet_http:sendreq.obj
 0001:000088c8       ??_C@_03HODKBCIO@?3?$CFd?$AA@ 100098c8     wininet_http:sendreq.obj
 0001:000088cc       ??_C@_08HHBJCFLC@no?9cache?$AA@ 100098cc     wininet_http:sendreq.obj
 0001:000088d8       ??_C@_08JAFHAICJ@HTTP?11?40?$AA@ 100098d8     wininet_http:sendreq.obj
 0001:000088e4       ??_C@_02DPKJAMEF@?$CFd?$AA@ 100098e4     wininet_http:sendreq.obj
 0001:00008908       ??_C@_0P@BCLIPCFL@PassportConfig?$AA@ 10009908     wininet_http:hhead.obj
 0001:00008918       ??_C@_0N@MOABICBG@PassportURLs?$AA@ 10009918     wininet_http:hhead.obj
 0001:00008928       ??_C@_0BE@KPJFGFDH@Authentication?9Info?$AA@ 10009928     wininet_http:hhead.obj
 0001:0000893c       ??_C@_0O@FMEIAODN@Proxy?9Support?$AA@ 1000993c     wininet_http:hhead.obj
 0001:0000894c       ??_C@_0O@EAOJAJEB@Ms?9Echo?9Reply?$AA@ 1000994c     wininet_http:hhead.obj
 0001:0000895c       ??_C@_0BA@DBDJCCID@Ms?9Echo?9Request?$AA@ 1000995c     wininet_http:hhead.obj
 0001:0000896c       ??_C@_0BG@BFPKBLEP@Unless?9Modified?9Since?$AA@ 1000996c     wininet_http:hhead.obj
 0001:00008984       ??_C@_0BB@MLFPABGO@Proxy?9Connection?$AA@ 10009984     wininet_http:hhead.obj
 0001:00008998       ??_C@_06GHDJNLIG@Expect?$AA@ 10009998     wininet_http:hhead.obj
 0001:000089a0       ??_C@_07KGMMFLDN@Warning?$AA@ 100099a0     wininet_http:hhead.obj
 0001:000089a8       ??_C@_03LDNNKNE@Via?$AA@   100099a8     wininet_http:hhead.obj
 0001:000089ac       ??_C@_04KEJMNMGO@Vary?$AA@ 100099ac     wininet_http:hhead.obj
 0001:000089b4       ??_C@_07CJFOONCK@Upgrade?$AA@ 100099b4     wininet_http:hhead.obj
 0001:000089bc       ??_C@_0BC@ELHLFCNH@Transfer?9Encoding?$AA@ 100099bc     wininet_http:hhead.obj
 0001:000089d0       ??_C@_05CFMCGLCK@Range?$AA@ 100099d0     wininet_http:hhead.obj
 0001:000089d8       ??_C@_0BE@DCLKKIPG@Proxy?9Authorization?$AA@ 100099d8     wininet_http:hhead.obj
 0001:000089ec       ??_C@_0N@KAKEBINL@Max?9Forwards?$AA@ 100099ec     wininet_http:hhead.obj
 0001:000089fc       ??_C@_0BE@DDBHAKNF@If?9Unmodified?9Since?$AA@ 100099fc     wininet_http:hhead.obj
 0001:00008a10       ??_C@_08LINGJKBL@If?9Range?$AA@ 10009a10     wininet_http:hhead.obj
 0001:00008a1c       ??_C@_0O@PLENHEOP@If?9None?9Match?$AA@ 10009a1c     wininet_http:hhead.obj
 0001:00008a2c       ??_C@_08MHFFELDP@If?9Match?$AA@ 10009a2c     wininet_http:hhead.obj
 0001:00008a38       ??_C@_04CPPPJGME@Host?$AA@ 10009a38     wininet_http:hhead.obj
 0001:00008a40       ??_C@_04CODKLEGH@Etag?$AA@ 10009a40     wininet_http:hhead.obj
 0001:00008a48       ??_C@_0O@PLGHKCFM@Content?9Range?$AA@ 10009a48     wininet_http:hhead.obj
 0001:00008a58       ??_C@_0M@MGLIENL@Content?9Md5?$AA@ 10009a58     wininet_http:hhead.obj
 0001:00008a64       ??_C@_0BB@EPBMDIDM@Content?9Location?$AA@ 10009a64     wininet_http:hhead.obj
 0001:00008a78       ??_C@_0N@MIBOGJKL@Content?9Base?$AA@ 10009a78     wininet_http:hhead.obj
 0001:00008a88       ??_C@_0O@JOOHCFAK@Cache?9Control?$AA@ 10009a88     wininet_http:hhead.obj
 0001:00008a98       ??_C@_03KIABFNPM@Age?$AA@  10009a98     wininet_http:hhead.obj
 0001:00008a9c       ??_C@_0BE@LMOOGHBG@Content?9Disposition?$AA@ 10009a9c     wininet_http:hhead.obj
 0001:00008ab0       ??_C@_07POIENIBA@Refresh?$AA@ 10009ab0     wininet_http:hhead.obj
 0001:00008ab8       ??_C@_06EGBLANDJ@Cookie?$AA@ 10009ab8     wininet_http:hhead.obj
 0001:00008ac0       ??_C@_0L@KJFOPCOE@Set?9Cookie?$AA@ 10009ac0     wininet_http:hhead.obj
 0001:00008acc       ??_C@_0O@LLOOMDGC@Accept?9Ranges?$AA@ 10009acc     wininet_http:hhead.obj
 0001:00008adc       ??_C@_0BD@GKJFGNG@Proxy?9Authenticate?$AA@ 10009adc     wininet_http:hhead.obj
 0001:00008af0       ??_C@_0BB@KEDJJIFI@WWW?9Authenticate?$AA@ 10009af0     wininet_http:hhead.obj
 0001:00008b04       ??_C@_0L@DMPACEMJ@User?9Agent?$AA@ 10009b04     wininet_http:hhead.obj
 0001:00008b10       ??_C@_05PABKJLOM@Title?$AA@ 10009b10     wininet_http:hhead.obj
 0001:00008b18       ??_C@_06LGMEBDBC@Server?$AA@ 10009b18     wininet_http:hhead.obj
 0001:00008b20       ??_C@_0M@CMFFKFHP@Retry?9After?$AA@ 10009b20     wininet_http:hhead.obj
 0001:00008b2c       ??_C@_07EJAMNJLN@Referer?$AA@ 10009b2c     wininet_http:hhead.obj
 0001:00008b34       ??_C@_08NLLPPPEL@Orig?9Uri?$AA@ 10009b34     wininet_http:hhead.obj
 0001:00008b40       ??_C@_08KDOEBHGA@Location?$AA@ 10009b40     wininet_http:hhead.obj
 0001:00008b4c       ??_C@_0BC@GJLFBBBL@If?9Modified?9Since?$AA@ 10009b4c     wininet_http:hhead.obj
 0001:00008b60       ??_C@_04LMIAFEOL@From?$AA@ 10009b60     wininet_http:hhead.obj
 0001:00008b68       ??_C@_09HAMCHODP@Forwarded?$AA@ 10009b68     wininet_http:hhead.obj
 0001:00008b74       ??_C@_0BB@KFPPKJHF@Content?9Encoding?$AA@ 10009b74     wininet_http:hhead.obj
 0001:00008b88       ??_C@_0O@NAFGPKMI@Authorization?$AA@ 10009b88     wininet_http:hhead.obj
 0001:00008b98       ??_C@_0BA@POEGPCPD@Accept?9Language?$AA@ 10009b98     wininet_http:hhead.obj
 0001:00008ba8       ??_C@_0BA@KDJCHKHJ@Accept?9Encoding?$AA@ 10009ba8     wininet_http:hhead.obj
 0001:00008bb8       ??_C@_0P@PJFCFLIF@Accept?9Charset?$AA@ 10009bb8     wininet_http:hhead.obj
 0001:00008bc8       ??_C@_06MDEHPNLG@Accept?$AA@ 10009bc8     wininet_http:hhead.obj
 0001:00008bd0       ??_C@_0L@PJJKMLL@Connection?$AA@ 10009bd0     wininet_http:hhead.obj
 0001:00008bdc       ??_C@_06DJOGPGCO@Pragma?$AA@ 10009bdc     wininet_http:hhead.obj
 0001:00008be4       ??_C@_04CGLAFBGF@Link?$AA@ 10009be4     wininet_http:hhead.obj
 0001:00008bec       ??_C@_04FICPKHNF@Cost?$AA@ 10009bec     wininet_http:hhead.obj
 0001:00008bf4       ??_C@_0N@OMNGKLEH@Derived?9From?$AA@ 10009bf4     wininet_http:hhead.obj
 0001:00008c04       ??_C@_03MBCCLDKD@Uri?$AA@  10009c04     wininet_http:hhead.obj
 0001:00008c08       ??_C@_0L@CILGBFMN@Message?9id?$AA@ 10009c08     wininet_http:hhead.obj
 0001:00008c14       ??_C@_0O@FICEOEAF@Last?9Modified?$AA@ 10009c14     wininet_http:hhead.obj
 0001:00008c24       ??_C@_07DABPCBEH@Expires?$AA@ 10009c24     wininet_http:hhead.obj
 0001:00008c2c       ??_C@_04FMEGDJGD@Date?$AA@ 10009c2c     wininet_http:hhead.obj
 0001:00008c34       ??_C@_06IBHNPBBJ@Public?$AA@ 10009c34     wininet_http:hhead.obj
 0001:00008c3c       ??_C@_05IEPODGEO@Allow?$AA@ 10009c3c     wininet_http:hhead.obj
 0001:00008c44       ??_C@_0BB@PICLCBPP@Content?9Language?$AA@ 10009c44     wininet_http:hhead.obj
 0001:00008c58       ??_C@_0P@HOJGPHBA@Content?9Length?$AA@ 10009c58     wininet_http:hhead.obj
 0001:00008c68       ??_C@_0BE@CDHADPEM@Content?9Description?$AA@ 10009c68     wininet_http:hhead.obj
 0001:00008c7c       ??_C@_0L@IMCFIPDE@Content?9Id?$AA@ 10009c7c     wininet_http:hhead.obj
 0001:00008c88       ??_C@_0BK@MJFMDPAI@Content?9Transfer?9Encoding?$AA@ 10009c88     wininet_http:hhead.obj
 0001:00008ca4       ??_C@_0N@LAFFMKKA@Content?9Type?$AA@ 10009ca4     wininet_http:hhead.obj
 0001:00008cb4       ??_C@_0N@CMGFLCKF@Mime?9Version?$AA@ 10009cb4     wininet_http:hhead.obj
 0001:00008ce8       ?GlobalHeaderHashs@@3QBEB  10009ce8     wininet_http:hhead.obj
 0001:00008d88       ?GlobalKnownHeaders@@3QBUKnownHeaderType@@B 10009d88     wininet_http:hhead.obj
 0001:00009298       ??_7CPEvalRule@@6B@        1000a298     wininet_http:cpevalrule.obj
 0001:000092a0       ??_7IncludeExcludeRule@@6B@ 1000a2a0     wininet_http:cpevalrule.obj
 0001:000092c8       ??_7CFsm_MakeConnection@@6B@ 1000a2c8     wininet_http:send.obj
 0001:000092ec       ??_C@_0P@LNCMCFFD@Microsoft?9PWS?1?$AA@ 1000a2ec     wininet_http:response.obj
 0001:000092fc       ??_C@_0P@GABKPAAM@Microsoft?9IIS?1?$AA@ 1000a2fc     wininet_http:response.obj
 0001:0000930c       ??_C@_0P@IGKODAMO@Accept?9Ranges?3?$AA@ 1000a30c     wininet_http:cache.obj
 0001:0000931c       ??_C@_0P@MFOCNAEC@Cache?9Control?3?$AA@ 1000a31c     wininet_http:cache.obj
 0001:0000932c       ??_C@_04JBAKGBBD@Age?3?$AA@ 1000a32c     wininet_http:cache.obj
 0001:00009334       ??_C@_04KEBMPFGO@Via?3?$AA@ 1000a334     wininet_http:cache.obj
 0001:0000933c       ??_C@_0BC@IPGIMNCH@Proxy?9Connection?3?$AA@ 1000a33c     wininet_http:cache.obj
 0001:00009350       ??_C@_0M@HJBFCNNB@Connection?3?$AA@ 1000a350     wininet_http:cache.obj
 0001:0000935c       ??_C@_08MNCBBFGL@Expires?3?$AA@ 1000a35c     wininet_http:cache.obj
 0001:00009368       ??_C@_05PBEOKIKC@Date?3?$AA@ 1000a368     wininet_http:cache.obj
 0001:00009370       ??_C@_07NGKGGLCC@Server?3?$AA@ 1000a370     wininet_http:cache.obj
 0001:00009378       ??_C@_0P@FFJLAOBC@Last?9Modified?3?$AA@ 1000a378     wininet_http:cache.obj
 0001:00009388       ??_C@_0M@ICGHKGOK@Set?9Cookie?3?$AA@ 1000a388     wininet_http:cache.obj
 0001:00009394       ??_C@_0BK@DAADMLOA@multipart?1x?9mixed?9replace?$AA@ 1000a394     wininet_http:cache.obj
 0001:000093b0       ??_C@_0BA@LBPJGHIO@multipart?1mixed?$AA@ 1000a3b0     wininet_http:cache.obj
 0001:000093ec       ?vszUserNameHeader@@3QBDB  1000a3ec     wininet_http:cache.obj
 0001:000093f0       ??_C@_07NMPLPEPB@private?$AA@ 1000a3f0     wininet_http:cache.obj
 0001:000093f8       ??_C@_08IHKIKGMF@no?9store?$AA@ 1000a3f8     wininet_http:cache.obj
 0001:00009404       ??_C@_0L@LNMAKOCI@user?9agent?$AA@ 1000a404     wininet_http:cache.obj
 0001:00009410       ??_C@_01BIAFAFID@F?$AA@    1000a410     wininet_http:cache.obj
 0001:00009414       ??_C@_09KMILOHFO@Translate?$AA@ 1000a414     wininet_http:cache.obj
 0001:00009420       ??_C@_0O@NBGCAEGC@?$CFs?$DL?5length?$DN?$CFd?$AA@ 1000a420     wininet_http:cache.obj
 0001:00009448       ??_C@_06GBEGMGE@?$CFs?3?5?$CFd?$AA@ 1000a448     wininet_http:cache.obj
 0001:00009450       ??_C@_05FBJAGGIG@bytes?$AA@ 1000a450     wininet_http:cache.obj
 0001:00009464       ??_C@_0BA@LFIGBNDD@must?9revalidate?$AA@ 1000a464     wininet_http:cache.obj
 0001:00009474       ??_C@_01IHBHIGKO@?0?$AA@   1000a474     wininet_http:cache.obj
 0001:00009478       ??_C@_06FNFBAEBE@binary?$AA@ 1000a478     wininet_http:cache.obj
 0001:00009480       ??_C@_08BABJIOEM@filename?$AA@ 1000a480     wininet_http:cache.obj
 0001:0000948c       ??_C@_06JGHEJFNC@image?1?$AA@ 1000a48c     wininet_http:cache.obj
 0001:00009494       ??_C@_04LLEBNMDN@?$CFs?$AN?6?$AA@ 1000a494     wininet_http:cache.obj
 0001:0000949c       ??_C@_08FPAHMOOH@?$CFs?3?5?$CFu?$AN?6?$AA@ 1000a49c     wininet_http:cache.obj
 0001:000094a8       ??_C@_09EIOMKPCF@bytes?$DN?$CFd?9?$AA@ 1000a4a8     wininet_http:cache.obj
 0001:000094d4       ??_C@_09HOLCPCNH@Refresh?3?5?$AA@ 1000a4d4     wininet_http:redirect.obj
 0001:000094e0       ??_7CFsm_Redirect@@6B@     1000a4e0     wininet_http:redirect.obj
 0001:00009504       ??_7CFsm_GetConnection@@6B@ 1000a504     wininet_http:socket.obj
 0001:00009508       ??_7CFsm_OpenConnection@@6B@ 1000a508     wininet_http:socket.obj
 0001:0000950c       ??_7CFsm_OpenProxyTunnel@@6B@ 1000a50c     wininet_http:socket.obj
 0001:00009530       ??_7CFsm_ReadLoop@@6B@     1000a530     wininet_http:read.obj
 0001:00009534       ??_C@_0BC@HDIONHAN@Microsoft?9PWS?995?1?$AA@ 1000a534     wininet_http:read.obj
 0001:00009548       ??_7CFsm_DrainResponse@@6B@ 1000a548     wininet_http:read.obj
 0001:0000954c       ??_7CFsm_ReadData@@6B@     1000a54c     wininet_http:read.obj
 0001:00009550       ??_7CFsm_HttpQueryAvailable@@6B@ 1000a550     wininet_http:read.obj
 0001:00009554       ??_7CFsm_HttpReadData@@6B@ 1000a554     wininet_http:read.obj
 0001:000095b8       ??_C@_0CF@JAJOBBMA@CURRENT?5CONNECTION?5CANDIDATE?3?5?$CC?$CF@ 1000a5b8     wininet_http:socket_cm.obj
 0001:000095e0       ??_C@_0CI@JNAFFICC@Attempting?5to?5acquire?5CANDIDATE?3@ 1000a5e0     wininet_http:socket_cm.obj
 0001:00009608       ??_C@_0DI@DCAOILNB@Attempting?5to?5get?5a?5k?9a?5socket?5f@ 1000a608     wininet_http:socket_cm.obj
 0001:00009640       ??_C@_0DN@DPLLMNEL@Attempting?5to?5make?5a?5new?5connect@ 1000a640     wininet_http:socket_cm.obj
 0001:000096e0       ??_C@_0CB@JOLEIINN@CoInternetIsFeatureEnabledForUrl@ 1000a6e0     wininet_httpauth:urlzone.obj
 0001:00009704       ??_C@_0BM@BODLDHAN@CoInternetCreateZoneManager?$AA@ 1000a704     wininet_httpauth:urlzone.obj
 0001:00009720       ??_C@_0CA@OOMLPODH@CoInternetCreateSecurityManager?$AA@ 1000a720     wininet_httpauth:urlzone.obj
 0001:00009740       ??_C@_0L@BFDIJHCF@urlmon?4dll?$AA@ 1000a740     wininet_httpauth:urlzone.obj
 0001:00009750       ??_C@_1EO@CEHNOFOA@?$AAR?$AAE?$AAT?$AAR?$AAY?$AA_?$AAH?$AAE?$AAA?$AAD?$AAE?$AAR?$AAO?$AAN?$AAL?$AAY?$AAP?$AAO?$AAS?$AAT?$AA_?$AAO?$AAN?$AAC?$AAO?$AAN?$AAN?$AAE?$AAC?$AAT?$AAI?$AAO@ 1000a750     wininet_httpauth:urlzone.obj
 0001:000097a0       ??_C@_1CM@DEFOECHP@?$AAF?$AAE?$AAA?$AAT?$AAU?$AAR?$AAE?$AA_?$AAM?$AAI?$AAM?$AAE?$AA_?$AAH?$AAA?$AAN?$AAD?$AAL?$AAI?$AAN?$AAG?$AA?$AA@ 1000a7a0     wininet_httpauth:urlzone.obj
 0001:000097d0       ??_C@_1EO@FIFPKCK@?$AAF?$AAE?$AAA?$AAT?$AAU?$AAR?$AAE?$AA_?$AAH?$AAT?$AAT?$AAP?$AA_?$AAU?$AAS?$AAE?$AAR?$AAN?$AAA?$AAM?$AAE?$AA_?$AAP?$AAA?$AAS?$AAS?$AAW?$AAO?$AAR?$AAD?$AA_?$AAD@ 1000a7d0     wininet_httpauth:urlzone.obj
 0001:00009820       ??_C@_1EO@NKFDFNPP@?$AAF?$AAE?$AAA?$AAT?$AAU?$AAR?$AAE?$AA_?$AAI?$AAG?$AAN?$AAO?$AAR?$AAE?$AA_?$AAM?$AAA?$AAP?$AAP?$AAI?$AAN?$AAG?$AAS?$AA_?$AAF?$AAO?$AAR?$AA_?$AAC?$AAR?$AAE?$AAD@ 1000a820     wininet_httpauth:urlzone.obj
 0001:00009890       ??_C@_0BP@EKLDMOBJ@HttpFilterBeginningTransaction?$AA@ 1000a890     wininet_httpauth:httpfilt.obj
 0001:000098b0       ??_C@_0BF@JBNBPBCB@HttpFilterOnResponse?$AA@ 1000a8b0     wininet_httpauth:httpfilt.obj
 0001:000098c8       ??_C@_0CA@EPBPCPDP@HttpFilterOnTransactionComplete?$AA@ 1000a8c8     wininet_httpauth:httpfilt.obj
 0001:000098e8       ??_C@_0BI@NIHKKAM@HttpFilterOnBlockingOps?$AA@ 1000a8e8     wininet_httpauth:httpfilt.obj
 0001:00009900       ??_C@_03DKGBLHDO@RPA?$AA@  1000a900     wininet_httpauth:httpfilt.obj
 0001:00009904       ??_C@_0P@JKECBOPI@HttpFilterOpen?$AA@ 1000a904     wininet_httpauth:httpfilt.obj
 0001:00009914       ??_C@_0N@GJOJGFEL@RPAWINET?4DLL?$AA@ 1000a914     wininet_httpauth:httpfilt.obj
 0001:00009924       ??_C@_0BA@COHMNGN@HttpFilterClose?$AA@ 1000a924     wininet_httpauth:httpfilt.obj
 0001:00009934       ??_C@_0DM@HBHJCANL@SOFTWARE?2Microsoft?2Windows?2Curre@ 1000a934     wininet_httpauth:httpfilt.obj
 0001:00009970       ??_C@_0BE@BCADGNCP@?$CFs?2Http?5Filters?2RPA?$AA@ 1000a970     wininet_httpauth:httpfilt.obj
 0001:000099a4       ??_C@_0BH@JDIAFNAN@CleanupCredentialCache?$AA@ 1000a9a4     wininet_httpauth:splugin.obj
 0001:000099bc       ??_C@_09OBFLGEDM@Negotiate?$AA@ 1000a9bc     wininet_httpauth:splugin.obj
 0001:000099c8       ??_C@_04KGCGDDND@NTLM?$AA@ 1000a9c8     wininet_httpauth:splugin.obj
 0001:000099d0       ??_C@_05NIKDGMHP@Basic?$AA@ 1000a9d0     wininet_httpauth:splugin.obj
 0001:000099d8       ??_7AUTHCTX@@6B@           1000a9d8     wininet_httpauth:splugin.obj
 0001:000099e8       ??_C@_0BK@KCHKNPIJ@CredUIConfirmCredentialsA?$AA@ 1000a9e8     wininet_httpauth:splugin.obj
 0001:00009a04       ??_C@_0BM@GJLLDODJ@CredUIPromptForCredentialsW?$AA@ 1000aa04     wininet_httpauth:splugin.obj
 0001:00009a20       ??_C@_0BM@HFCDILOO@CredUIPromptForCredentialsA?$AA@ 1000aa20     wininet_httpauth:splugin.obj
 0001:00009a3c       ??_C@_0L@DODMMHOF@credui?4dll?$AA@ 1000aa3c     wininet_httpauth:splugin.obj
 0001:00009a48       ??_C@_0P@LAMGMCAB@Authorization?3?$AA@ 1000aa48     wininet_httpauth:splugin.obj
 0001:00009a58       ??_C@_0BF@HBEFDDPI@Proxy?9Authorization?3?$AA@ 1000aa58     wininet_httpauth:splugin.obj
 0001:00009a70       ??_C@_0M@KHCDKLGP@Passport1?44?$AA@ 1000aa70     wininet_httpauth:splugin.obj
 0001:00009a7c       ??_C@_0BC@JJPFHCOD@SecurityProviders?$AA@ 1000aa7c     wininet_httpauth:splugin.obj
 0001:00009a90       ??_C@_0DD@FEKNANNC@SYSTEM?2CurrentControlSet?2Control@ 1000aa90     wininet_httpauth:splugin.obj
 0001:00009ac4       ??_C@_0M@DOGNDBPJ@MSNSSPC?4DLL?$AA@ 1000aac4     wininet_httpauth:splugin.obj
 0001:00009ad0       ??_C@_0M@DNLLDDGC@MSNSSPS?4DLL?$AA@ 1000aad0     wininet_httpauth:splugin.obj
 0001:00009adc       ??_C@_0N@JKLJLCHC@MSAPSSPC?4DLL?$AA@ 1000aadc     wininet_httpauth:splugin.obj
 0001:00009aec       ??_C@_0N@JJGPLAOJ@MSAPSSPS?4DLL?$AA@ 1000aaec     wininet_httpauth:splugin.obj
 0001:00009afc       ??_C@_03LHMFFCGB@MSN?$AA@  1000aafc     wininet_httpauth:sspspm.obj
 0001:00009b00       ??_C@_0BH@COAKKLLC@InitSecurityInterfaceA?$AA@ 1000ab00     wininet_httpauth:sspspm.obj
 0001:00009b18       ??_C@_1BI@HLLGKMIP@?$AAs?$AAe?$AAc?$AAu?$AAr?$AA3?$AA2?$AA?4?$AAd?$AAl?$AAl?$AA?$AA@ 1000ab18     wininet_httpauth:sspspm.obj
 0001:00009b30       ??_C@_07GAIPBDCG@WDigest?$AA@ 1000ab30     wininet_httpauth:sspspm.obj
 0001:00009b38       ??_C@_06MHCCOJOO@Digest?$AA@ 1000ab38     wininet_httpauth:sspspm.obj
 0001:00009b60       ??_7BASIC_CTX@@6B@         1000ab60     wininet_httpauth:basic.obj
 0001:00009b70       ??_C@_05CCMOGDN@?$CFs?3?$CFs?$AA@ 1000ab70     wininet_httpauth:basic.obj
 0001:00009b80       ??_C@_05EMKNLIFF@Realm?$AA@ 1000ab80     wininet_httpauth:basic.obj
 0001:00009ba8       ??_C@_08DEIMIBAF@Kerberos?$AA@ 1000aba8     wininet_httpauth:plug.obj
 0001:00009bb4       ??_7PLUG_CTX@@6B@          1000abb4     wininet_httpauth:plug.obj
 0001:00009bc4       ??_C@_0BN@OGNMADDO@Session?9Based?9Authentication?$AA@ 1000abc4     wininet_httpauth:plug.obj
 0001:00009be4       ??_C@_13FPGAJAPJ@?$AA?2?$AA?$AA@ 1000abe4     wininet_httpauth:sspi.obj
 0001:00009c28       ??_C@_03IKGEINEE@?$CFs?5?$AA@ 1000ac28     wininet_httpauth:sspcalls.obj
 0001:00009c2c       ??_C@_07NKPGKABG@HTTP?1?$CFs?$AA@ 1000ac2c     wininet_httpauth:sspcalls.obj
 0001:00009c34       ??_C@_0M@OABLMANC@HTTP?1?$CFs?3?$CFhu?$AA@ 1000ac34     wininet_httpauth:sspcalls.obj
 0001:00009c40       ??_C@_06FOAKIDDH@https?3?$AA@ 1000ac40     wininet_httpauth:sspcalls.obj
 0001:00009c48       ??_C@_05DDMNBEIG@http?3?$AA@ 1000ac48     wininet_httpauth:sspcalls.obj
 0001:00009ce0       ??_C@_0L@LNKKEMJM@Persistent?$AA@ 1000ace0     wininet_urlcache:cacheapi.obj
 0001:00009cf0       ??_C@_0EL@KHGPILCO@Software?2Policies?2Microsoft?2Wind@ 1000acf0     wininet_urlcache:cacheapi.obj
 0001:00009d40       ??_C@_0EC@BGBJLKHH@Software?2Microsoft?2Windows?2Curre@ 1000ad40     wininet_urlcache:cacheapi.obj
 0001:00009d84       ??_C@_07FLFBLJDA@Cookies?$AA@ 1000ad84     wininet_urlcache:cacheapi.obj
 0001:00009dac       ??_C@_06BCFBDPOE@Local?2?$AA@ 1000adac     wininet_urlcache:contain.obj
 0001:00009dd4       ??_C@_0CB@FCKEEIOK@SessionStartTimeDefaultDeltaSecs@ 1000add4     wininet_urlcache:initglob.obj
 0001:00009df8       ??_C@_0EG@COHGFGIG@Software?2Microsoft?2Windows?2Curre@ 1000adf8     wininet_urlcache:initglob.obj
 0001:00009e90       ??_C@_0BG@JABEFFJK@Local?2_?$CBMSFTHISTORY?$CB_?$AA@ 1000ae90     wininet_urlcache:conmgr.obj
 0001:00009ea8       ??_C@_0BL@PNEEBOEP@Local?2_?$CBMSFTHISTORY?$CB_LOW?$CB_?$AA@ 1000aea8     wininet_urlcache:conmgr.obj
 0001:00009ec4       ??_C@_0N@GDJDGFOC@CacheOptions?$AA@ 1000aec4     wininet_urlcache:conmgr.obj
 0001:00009ed4       ??_C@_0L@HDDIIHDG@CacheLimit?$AA@ 1000aed4     wininet_urlcache:conmgr.obj
 0001:00009ee0       ??_C@_0M@JNKNDBLG@CachePrefix?$AA@ 1000aee0     wininet_urlcache:conmgr.obj
 0001:00009eec       ??_C@_09NJLBPLHA@CachePath?$AA@ 1000aeec     wininet_urlcache:conmgr.obj
 0001:00009ef8       ??_C@_0M@DLHBNIDC@History?4IE5?$AA@ 1000aef8     wininet_urlcache:cachecfg.obj
 0001:00009f04       ??_C@_0M@PNCGEFIL@Content?4IE5?$AA@ 1000af04     wininet_urlcache:cachecfg.obj
 0001:00009f10       ??_C@_08EPLMAAKC@Visited?3?$AA@ 1000af10     wininet_urlcache:cachecfg.obj
 0001:00009f1c       ??_C@_0BJ@NOEDJBLN@Temporary?5Internet?5Files?$AA@ 1000af1c     wininet_urlcache:cachecfg.obj
 0001:00009f38       ??_C@_07HLHPKMFI@Content?$AA@ 1000af38     wininet_urlcache:cachecfg.obj
 0001:00009f40       ??_C@_07DFKCFAEM@History?$AA@ 1000af40     wininet_urlcache:cachecfg.obj
 0001:00009f48       ??_C@_05BEHOCFPE@Cache?$AA@ 1000af48     wininet_urlcache:cachecfg.obj
 0001:00009fb8       ??_C@_0EB@JCFECKEL@Software?2Microsoft?2Windows?2Curre@ 1000afb8     wininet_urlcache:cachecfg.obj
 0001:0000a000       ??_C@_0EJ@GKLCCFL@Software?2Microsoft?2Windows?2Curre@ 1000b000     wininet_urlcache:cachecfg.obj
 0001:0000a04c       ??_C@_01KICIPPFI@?2?$AA@   1000b04c     wininet_urlcache:cachecfg.obj
 0001:0000a050       ??_C@_0M@MBOBEAFD@PerUserItem?$AA@ 1000b050     wininet_urlcache:cachecfg.obj
 0001:0000a05c       ??_C@_0BM@HMOLHPLC@Client?5UrlCache?5MMF?5Ver?55?42?$AA@ 1000b05c     wininet_urlcache:cachecfg.obj
 0001:0000a078       ??_C@_09GDNFOKKF@Signature?$AA@ 1000b078     wininet_urlcache:cachecfg.obj
 0001:0000a084       ??_C@_0BA@KFCJFPHK@Profiles?2Guest?2?$AA@ 1000b084     wininet_urlcache:cachecfg.obj
 0001:0000a094       ??_C@_0M@NCLIIJAK@SystemCache?$AA@ 1000b094     wininet_urlcache:cachecfg.obj
 0001:0000a0a0       ??_C@_0BB@FJDLJCKG@Extensible?5Cache?$AA@ 1000b0a0     wininet_urlcache:cachecfg.obj
 0001:0000a0b4       ??_C@_0M@NLNJNKHN@CacheRepair?$AA@ 1000b0b4     wininet_urlcache:cachecfg.obj
 0001:0000a100       ??_C@_09HILEMHO@index?4dat?$AA@ 1000b100     wininet_urlcache:filemap.obj
 0001:0000a12c       ??_7CFileMgr@@6B@          1000b12c     wininet_urlcache:filemgr.obj
 0001:0000a14c       ??_C@_03ECCGHPEG@CON?$AA@  1000b14c     wininet_urlcache:filemgr.obj
 0001:0000a150       ??_C@_03BEHELHBE@PRN?$AA@  1000b150     wininet_urlcache:filemgr.obj
 0001:0000a154       ??_C@_03OFAGCELM@AUX?$AA@  1000b154     wininet_urlcache:filemgr.obj
 0001:0000a158       ??_C@_03JDMLODLP@NUL?$AA@  1000b158     wininet_urlcache:filemgr.obj
 0001:0000a15c       ??_C@_03LNBCHBIG@LPT?$AA@  1000b15c     wininet_urlcache:filemgr.obj
 0001:0000a160       ??_C@_04NOHONLOB@www?4?$AA@ 1000b160     wininet_urlcache:filemgr.obj
 0001:0000a168       ??_C@_04KBDJOJNB@?$FL?$CFd?$FN?$AA@ 1000b168     wininet_urlcache:filemgr.obj
 0001:0000a170       ??_C@_01LFCBOECM@?4?$AA@   1000b170     wininet_urlcache:filemgr.obj
 0001:0000a174       ??_7CSecFileMgr@@6B@       1000b174     wininet_urlcache:filemgr.obj
 0001:0000a2f8       ??_C@_0EC@MGGPAIDK@?$FL?4ShellClassInfo?$FN?$AN?6UICLSID?$DN?$HL7BD2@ 1000b2f8     wininet_urlcache:util_urlcache.obj
 0001:0000a340       ??_C@_0EA@JFNJKEB@?$FL?4ShellClassInfo?$FN?$AN?6CLSID?$DN?$HLFF3935@ 1000b340     wininet_urlcache:util_urlcache.obj
 0001:0000a3c8       ??_C@_0N@NAGBDEPH@?$CFSystemRoot?$CF?$AA@ 1000b3c8     wininet_urlcache:util_urlcache.obj
 0001:0000a3d8       ??_C@_0O@DGKNGEJG@?$CFUSERPROFILE?$CF?$AA@ 1000b3d8     wininet_urlcache:util_urlcache.obj
 0001:0000a3e8       ??_C@_0M@NNNKMEPA@desktop?4ini?$AA@ 1000b3e8     wininet_urlcache:util_urlcache.obj
 0001:0000a3f4       ??_C@_08KEPIKGMI@?2Windows?$AA@ 1000b3f4     wininet_urlcache:util_urlcache.obj
 0001:0000a460       ??_C@_1BE@BOHEBICI@?$AAn?$AAe?$AAt?$AAu?$AAi?$AA?4?$AAd?$AAl?$AAl?$AA?$AA@ 1000b460     wininet_inetui:ierrui.obj
 0001:0000a474       ??_C@_1CI@KLDEDPEF@?$AAG?$AAe?$AAt?$AAU?$AAs?$AAe?$AAr?$AAn?$AAa?$AAm?$AAe?$AAP?$AAa?$AAs?$AAs?$AAw?$AAo?$AAr?$AAd?$AA?$AA@ 1000b474     wininet_inetui:ierrui.obj
 0001:0000a49c       ??_C@_1CA@GOGEMIHH@?$AAW?$AAa?$AAi?$AAt?$AAF?$AAo?$AAr?$AAA?$AAP?$AAI?$AAR?$AAe?$AAa?$AAd?$AAy?$AA?$AA@ 1000b49c     wininet_inetui:ierrui.obj
 0001:0000a4bc       ??_C@_1BM@LLINKHBA@?$AAk?$AA?4?$AAc?$AAo?$AAr?$AAe?$AAd?$AAl?$AAl?$AA?4?$AAd?$AAl?$AAl?$AA?$AA@ 1000b4bc     wininet_inetui:ierrui.obj
 0001:0000a4d8       ??_C@_1BO@KLPJMMP@?$AAC?$AAe?$AAC?$AAa?$AAl?$AAl?$AAU?$AAs?$AAe?$AAr?$AAP?$AAr?$AAo?$AAc?$AA?$AA@ 1000b4d8     wininet_inetui:ierrui.obj
 0001:0000a4f8       ??_C@_1DC@OCDPGIJG@?$AAG?$AAe?$AAt?$AAU?$AAs?$AAe?$AAr?$AAn?$AAa?$AAm?$AAe?$AAP?$AAa?$AAs?$AAs?$AAw?$AAo?$AAr?$AAd?$AAE?$AAx?$AAE?$AAx?$AAt?$AA?$AA@ 1000b4f8     wininet_inetui:ierrui.obj
 0001:0000a52c       ??_C@_1CA@OJPLMFAG@?$AAP?$AAi?$AAc?$AAk?$AAC?$AAe?$AAr?$AAt?$AAi?$AAf?$AAi?$AAc?$AAa?$AAt?$AAe?$AA?$AA@ 1000b52c     wininet_inetui:ierrui.obj
 0001:0000a5cc       ??_C@_0CF@EOAKADJH@SYSTEM?2CurrentControlSet?2Control@ 1000b5cc     wininet_inetui:persist.obj
 0001:0000a5f4       ??_C@_1BI@LNCEEJJG@?$AAW?$AAI?$AAN?$AAI?$AAN?$AAE?$AAT?$AAC?$AAr?$AAe?$AAd?$AA?$AA@ 1000b5f4     wininet_inetui:persist.obj
 0001:0000a60c       ??_C@_0BF@NGKBJKDI@PStoreCreateInstance?$AA@ 1000b60c     wininet_inetui:persist.obj
 0001:0000a624       ??_C@_0M@EAHDIIIE@pstorec?4dll?$AA@ 1000b624     wininet_inetui:persist.obj
 0001:0000a630       ??_C@_0BD@KHJLPANG@DisableDomainCreds?$AA@ 1000b630     wininet_inetui:persist.obj
 0001:0000a644       ??_C@_0BH@FPMJAKGD@DisablePasswordCaching?$AA@ 1000b644     wininet_inetui:persist.obj
 0001:0000a65c       ??_C@_0BL@HENKIGOI@Microsoft_WinInet_?$CFs?3?$CFd?1?$CFs?$AA@ 1000b65c     wininet_inetui:persist.obj
 0001:0000a678       ??_C@_1M@CDCAHPKB@?$AA?$CF?$AAs?$AA?3?$AA?$CF?$AAs?$AA?$AA@ 1000b678     wininet_inetui:persist.obj
 0001:0000a688       ??_C@_1EK@IELPEELF@?$AAe?$AAa?$AAc?$AAe?$AA7?$AAc?$AA3?$AAa?$AA?9?$AA8?$AAc?$AA9?$AA6?$AA?9?$AA4?$AA2?$AA4?$AA9?$AA?9?$AA9?$AA5?$AA2?$AAe?$AA?9?$AA6?$AAd?$AA2?$AA8?$AA6?$AA4?$AAd?$AA1@ 1000b688     wininet_inetui:ierrdlg.obj
 0001:0000a6d4       ??_C@_1BM@EICPNIHJ@?$AAi?$AAe?$AAg?$AAe?$AAt?$AAs?$AAr?$AAt?$AA?4?$AAh?$AAt?$AAm?$AA?5?$AA?$AA@ 1000b6d4     wininet_inetui:ierrdlg.obj
 0001:0000a6f0       ??_C@_1HE@DOJJPHK@?$AAm?$AAs?$AAh?$AAe?$AAl?$AAp?$AA?3?$AA?1?$AA?1?$AAw?$AAi?$AAn?$AAd?$AAo?$AAw?$AAs?$AA?1?$AA?$DP?$AAi?$AAd?$AA?$DN?$AAc?$AA9?$AAd?$AAa?$AAa?$AA3?$AA6?$AAb?$AA?9?$AA3?$AAb@ 1000b6f0     wininet_inetui:ierrdlg.obj
 0001:0000a764       ??_C@_1CG@MIKIHPGA@?$AAI?$AAE?$AA_?$AAc?$AAo?$AAo?$AAk?$AAi?$AAe?$AAs?$AA_?$AAf?$AAa?$AAq?$AA?4?$AAh?$AAt?$AAm?$AA?$AA@ 1000b764     wininet_inetui:ierrdlg.obj
 0001:0000a790       ??_C@_1HE@FMDHIFDH@?$AAm?$AAs?$AAh?$AAe?$AAl?$AAp?$AA?3?$AA?1?$AA?1?$AAw?$AAi?$AAn?$AAd?$AAo?$AAw?$AAs?$AA?1?$AA?$DP?$AAi?$AAd?$AA?$DN?$AA7?$AA7?$AA1?$AAb?$AA5?$AA9?$AA9?$AAb?$AA?9?$AAc?$AAa@ 1000b790     wininet_inetui:ierrdlg.obj
 0001:0000a804       ??_C@_1CC@ILLJHKHL@?$AAs?$AAe?$AAc?$AA_?$AAo?$AAv?$AAe?$AAr?$AAv?$AAi?$AAe?$AAw?$AA?4?$AAh?$AAt?$AAm?$AA?$AA@ 1000b804     wininet_inetui:ierrdlg.obj
 0001:0000a828       ??_C@_1HE@LJGOPBN@?$AAm?$AAs?$AAh?$AAe?$AAl?$AAp?$AA?3?$AA?1?$AA?1?$AAw?$AAi?$AAn?$AAd?$AAo?$AAw?$AAs?$AA?1?$AA?$DP?$AAi?$AAd?$AA?$DN?$AA1?$AA6?$AAe?$AAe?$AA1?$AAf?$AAa?$AA9?$AA?9?$AA6?$AA0@ 1000b828     wininet_inetui:ierrdlg.obj
 0001:0000a89c       ??_C@_1DM@LENGANBC@?$AAi?$AAe?$AA_?$AAt?$AAr?$AAa?$AAn?$AAs?$AAa?$AAc?$AAt?$AAi?$AAo?$AAn?$AA_?$AAs?$AAe?$AAc?$AAu?$AAr?$AAe?$AA_?$AAf?$AAa?$AAq?$AA?4?$AAh?$AAt?$AAm?$AA?$AA@ 1000b89c     wininet_inetui:ierrdlg.obj
 0001:0000a8d8       ??_C@_1HE@LIPBMHMM@?$AAm?$AAs?$AAh?$AAe?$AAl?$AAp?$AA?3?$AA?1?$AA?1?$AAw?$AAi?$AAn?$AAd?$AAo?$AAw?$AAs?$AA?1?$AA?$DP?$AAi?$AAd?$AA?$DN?$AAd?$AAd?$AAf?$AAa?$AA6?$AA3?$AAe?$AAf?$AA?9?$AA1?$AA5@ 1000b8d8     wininet_inetui:ierrdlg.obj
 0001:0000a94c       ??_C@_1DA@HLGKJIMN@?$AAI?$AAE?$AA_?$AAS?$AAS?$AAL?$AA_?$AAc?$AAe?$AAr?$AAt?$AA_?$AAi?$AAn?$AAf?$AAo?$AA_?$AAI?$AAT?$AA?4?$AAh?$AAt?$AAm?$AA?$AA@ 1000b94c     wininet_inetui:ierrdlg.obj
 0001:0000a99c       ??_7BaseCmWrapper@@6B@     1000b99c     wininet_inetui:ierrdlg.obj
 0001:0000a9ac       ??_C@_1CI@GPIHHJHF@?$AAL?$AAa?$AAu?$AAn?$AAc?$AAh?$AAW?$AAi?$AAn?$AAi?$AAn?$AAe?$AAt?$AAD?$AAi?$AAa?$AAl?$AAo?$AAg?$AA?$AA@ 1000b9ac     wininet_inetui:ierrdlg.obj
 0001:0000a9d4       ??_C@_1CA@MCBDNCDH@?$AAS?$AAh?$AAo?$AAw?$AAC?$AAe?$AAr?$AAt?$AAi?$AAf?$AAi?$AAc?$AAa?$AAt?$AAe?$AA?$AA@ 1000b9d4     wininet_inetui:ierrdlg.obj
 0001:0000a9f4       ??_C@_0BD@JIMPAKNP@WarnOnPostRedirect?$AA@ 1000b9f4     wininet_inetui:ierrdlg.obj
 0001:0000aa08       ??_C@_0L@CGODJJPP@WarnOnPost?$AA@ 1000ba08     wininet_inetui:ierrdlg.obj
 0001:0000aa14       ??_C@_0BD@HMJAFACN@WarnOnZoneCrossing?$AA@ 1000ba14     wininet_inetui:ierrdlg.obj
 0001:0000aa28       ??_7NetuiWrapper@@6B@      1000ba28     wininet_inetui:ierrdlg.obj
 0001:0000aa38       ??_C@_1CK@OLCFOCLC@?$AAw?$AAi?$AAn?$AAi?$AAn?$AAe?$AAt?$AA?4?$AAh?$AAt?$AAm?$AA?$CD?$AAs?$AAe?$AAc?$AAu?$AAr?$AAi?$AAt?$AAy?$AA?$AA@ 1000ba38     wininet_inetui:ierrdlg.obj
 0001:0000aa64       ??_C@_1BI@CPLBOCHL@?$AAp?$AAe?$AAg?$AAh?$AAe?$AAl?$AAp?$AA?4?$AAe?$AAx?$AAe?$AA?$AA@ 1000ba64     wininet_inetui:ierrdlg.obj
 0001:0000aa7c       ??_C@_1BK@HFIHCFMH@?$AAS?$AAH?$AAI?$AAn?$AAi?$AAt?$AAD?$AAi?$AAa?$AAl?$AAo?$AAg?$AA?$AA@ 1000ba7c     wininet_inetui:ierrdlg.obj
 0001:0000aa98       ??_C@_1CI@EOPHAJLC@?$AAS?$AAH?$AAI?$AAn?$AAi?$AAt?$AAE?$AAx?$AAt?$AAr?$AAa?$AAC?$AAo?$AAn?$AAt?$AAr?$AAo?$AAl?$AAs?$AA?$AA@ 1000ba98     wininet_inetui:ierrdlg.obj
 0001:0000aac0       ??_C@_1BK@HMCKJION@?$AAa?$AAy?$AAg?$AAs?$AAh?$AAe?$AAl?$AAl?$AA?4?$AAd?$AAl?$AAl?$AA?$AA@ 1000bac0     wininet_inetui:ierrdlg.obj
 0001:0000aadc       ??_C@_1CI@CIBECEJJ@?$AAI?$AAs?$AAM?$AAe?$AAs?$AAs?$AAa?$AAg?$AAe?$AAB?$AAo?$AAx?$AAH?$AAa?$AAn?$AAd?$AAl?$AAe?$AAd?$AA?$AA@ 1000badc     wininet_inetui:wininetui.obj
 0001:0000ab04       ??_C@_1CG@PNKJKPDD@?$AAI?$AAs?$AAD?$AAi?$AAa?$AAl?$AAo?$AAg?$AAB?$AAo?$AAx?$AAH?$AAa?$AAn?$AAd?$AAl?$AAe?$AAd?$AA?$AA@ 1000bb04     wininet_inetui:wininetui.obj
 0001:0000ab2c       ??_C@_1BM@HKPMPHHD@?$AAw?$AAi?$AAn?$AAi?$AAn?$AAe?$AAt?$AAu?$AAi?$AA?4?$AAd?$AAl?$AAl?$AA?$AA@ 1000bb2c     wininet_inetui:wininetui.obj
 0001:0000ab48       ??_7WininetuiWrapper@@6B@  1000bb48     wininet_inetui:wininetui.obj
 0001:0000abb8       ??_C@_05MAJJAKPI@FALSE?$AA@ 1000bbb8     wininet_dll:cookexp.obj
 0001:0000abc0       ??_C@_04HCDDPBNL@TRUE?$AA@ 1000bbc0     wininet_dll:cookexp.obj
 0001:0000abc8       ??_C@_01GPOEFGEJ@?7?$AA@   1000bbc8     wininet_dll:cookexp.obj
 0001:0000abcc       ??_C@_04FMMHFHOO@?$AN?6?$AN?6?$AA@ 1000bbcc     wininet_dll:cookexp.obj
 0001:0000abd4       ??_C@_03FKNCMABI@?$CFlu?$AA@ 1000bbd4     wininet_dll:cookexp.obj
 0001:0000abd8       ??_C@_01EEMJAFIK@?6?$AA@   1000bbd8     wininet_dll:cookexp.obj
 0001:0000abe0       ??_C@_0EC@IPBPAEBK@?$CD?5?5Internet?5Explorer?5cookie?5file@ 1000bbe0     wininet_dll:cookexp.obj
 0001:0000ac44       ??_C@_07FGAOOBMN@http?3?1?1?$AA@ 1000bc44     wininet_dll:cookimp.obj
 0001:0000ac4c       ??_C@_06MONEMCJK@file?3?1?$AA@ 1000bc4c     wininet_dll:cookimp.obj
 0001:0000ac54       ??_C@_09JFABAEBI@?$DLexpires?$DN?$AA@ 1000bc54     wininet_dll:cookimp.obj
 0001:0000ac60       ??_C@_08OCHKHDHH@?$DLdomain?$DN?$AA@ 1000bc60     wininet_dll:cookimp.obj
 0001:0000ac6c       ??_C@_07KEPEFAN@?$DLsecure?$AA@ 1000bc6c     wininet_dll:cookimp.obj
 0001:0000ac94       ??_7CFsm_FtpConnect@@6B@   1000bc94     wininet_dll:inetapia.obj
 0001:0000ac98       ??_7CFsm_InternetFindNextFile@@6B@ 1000bc98     wininet_dll:inetapia.obj
 0001:0000ac9c       ??_7CFsm_InternetQueryDataAvailable@@6B@ 1000bc9c     wininet_dll:inetapia.obj
 0001:0000aca0       ??_7CFsm_InternetWriteFile@@6B@ 1000bca0     wininet_dll:inetapia.obj
 0001:0000aca4       ??_7CFsm_InternetReadFile@@6B@ 1000bca4     wininet_dll:inetapia.obj
 0001:0000aca8       ??_7CFsm_ParseUrlForHttp@@6B@ 1000bca8     wininet_dll:inetapia.obj
 0001:0000acac       ??_C@_03LMDBDBEG@ftp?$AA@  1000bcac     wininet_dll:inetapia.obj
 0001:0000acb0       ??_7CFsm_ReadFile@@6B@     1000bcb0     wininet_dll:inetapia.obj
 0001:0000acb4       ??_7CFsm_ReadFileEx@@6B@   1000bcb4     wininet_dll:inetapia.obj
 0001:0000acb8       ??_7CFsm_QueryAvailable@@6B@ 1000bcb8     wininet_dll:inetapia.obj
 0001:0000acbc       ??_C@_08DGAODAHG@Internal?$AA@ 1000bcbc     wininet_dll:inetapia.obj
 0001:0000ad44       ??_C@_0CA@GCMGPFLN@Local?2WininetProxyRegistryMutex?$AA@ 1000bd44     wininet_dll:autodial.obj
 0001:0000ad64       ??_C@_0BE@ECIAPBGI@SavedLegacySettings?$AA@ 1000bd64     wininet_dll:autodial.obj
 0001:0000adb8       ??_C@_0BC@FBOIEFIB@GlobalUserOffline?$AA@ 1000bdb8     wininet_dll:options.obj
 0001:0000adcc       ??_C@_17FFBLCHOA@?$AAr?$AAe?$AAs?$AA?$AA@ 1000bdcc     wininet_dll:parseurl.obj
 0001:0000add4       ??_C@_03FFIDGLAK@res?$AA@  1000bdd4     wininet_dll:parseurl.obj
 0001:0000add8       ??_C@_1BC@PKLEEMMC@?$AAv?$AAb?$AAs?$AAc?$AAr?$AAi?$AAp?$AAt?$AA?$AA@ 1000bdd8     wininet_dll:parseurl.obj
 0001:0000adec       ??_C@_08IBPPJOAO@vbscript?$AA@ 1000bdec     wininet_dll:parseurl.obj
 0001:0000adf8       ??_C@_1BG@IDOPBDEC@?$AAj?$AAa?$AAv?$AAa?$AAs?$AAc?$AAr?$AAi?$AAp?$AAt?$AA?$AA@ 1000bdf8     wininet_dll:parseurl.obj
 0001:0000ae10       ??_C@_0L@OKAJNFN@javascript?$AA@ 1000be10     wininet_dll:parseurl.obj
 0001:0000ae1c       ??_C@_1M@LCMPGCNK@?$AAs?$AAo?$AAc?$AAk?$AAs?$AA?$AA@ 1000be1c     wininet_dll:parseurl.obj
 0001:0000ae28       ??_C@_05LBOKJHLG@socks?$AA@ 1000be28     wininet_dll:parseurl.obj
 0001:0000ae30       ??_C@_1O@PPNEGLOB@?$AAm?$AAa?$AAi?$AAl?$AAt?$AAo?$AA?$AA@ 1000be30     wininet_dll:parseurl.obj
 0001:0000ae40       ??_C@_06BPBFDLDI@mailto?$AA@ 1000be40     wininet_dll:parseurl.obj
 0001:0000ae48       ??_C@_19CEPNDPJO@?$AAn?$AAe?$AAw?$AAs?$AA?$AA@ 1000be48     wininet_dll:parseurl.obj
 0001:0000ae54       ??_C@_04EGILJCBP@news?$AA@ 1000be54     wininet_dll:parseurl.obj
 0001:0000ae5c       ??_C@_19HMOGJADO@?$AAf?$AAi?$AAl?$AAe?$AA?$AA@ 1000be5c     wininet_dll:parseurl.obj
 0001:0000ae68       ??_C@_04DAMGJPCA@file?$AA@ 1000be68     wininet_dll:parseurl.obj
 0001:0000ae70       ??_C@_1M@PGEJLFN@?$AAh?$AAt?$AAt?$AAp?$AAs?$AA?$AA@ 1000be70     wininet_dll:parseurl.obj
 0001:0000ae7c       ??_C@_19NNDKDCM@?$AAh?$AAt?$AAt?$AAp?$AA?$AA@ 1000be7c     wininet_dll:parseurl.obj
 0001:0000ae88       ??_C@_1O@PBNKJIMA@?$AAg?$AAo?$AAp?$AAh?$AAe?$AAr?$AA?$AA@ 1000be88     wininet_dll:parseurl.obj
 0001:0000ae98       ??_C@_06IBHFMCPJ@gopher?$AA@ 1000be98     wininet_dll:parseurl.obj
 0001:0000aea0       ??_C@_17HHNFGGOB@?$AAf?$AAt?$AAp?$AA?$AA@ 1000bea0     wininet_dll:parseurl.obj
 0001:0000af88       ??_7INTERNET_FILE_HANDLE_OBJECT@@6B@ 1000bf88     wininet_dll:parseurl.obj
 0001:0000afd8       vszSyncMode                1000bfd8     wininet_dll:globals.obj
 0001:0000afe4       vszDisableSslCaching       1000bfe4     wininet_dll:globals.obj
 0001:0000b008       vszPerUserCookies          1000c008     wininet_dll:globals.obj
 0001:0000b018       vszInvalidFilenameChars    1000c018     wininet_dll:globals.obj
 0001:0000b038       gszDefaultUserAgent        1000c038     wininet_dll:globals.obj
 0001:0000b0ec       ??_C@_1CK@OGBELEGC@?$AAC?$AAm?$AAU?$AAp?$AAd?$AAa?$AAt?$AAe?$AAP?$AAo?$AAl?$AAi?$AAc?$AAy?$AAC?$AAo?$AAn?$AAf?$AAi?$AAg?$AA?$AA@ 1000c0ec     wininet_dll:globals.obj
 0001:0000b118       ??_C@_1DE@IDCLMEOO@?$AAC?$AAm?$AAG?$AAe?$AAt?$AAT?$AAo?$AAU?$AAp?$AAd?$AAa?$AAt?$AAe?$AAP?$AAo?$AAl?$AAi?$AAc?$AAy?$AAC?$AAo?$AAn?$AAf?$AAi?$AAg?$AA?$AA@ 1000c118     wininet_dll:globals.obj
 0001:0000b14c       ??_C@_1DC@GJGGKABF@?$AAC?$AAm?$AAD?$AAe?$AAl?$AAe?$AAt?$AAe?$AAC?$AAo?$AAn?$AAn?$AAe?$AAc?$AAt?$AAi?$AAo?$AAn?$AAC?$AAo?$AAn?$AAf?$AAi?$AAg?$AA?$AA@ 1000c14c     wininet_dll:globals.obj
 0001:0000b180       ??_C@_1DC@BDHALJND@?$AAC?$AAm?$AAU?$AAp?$AAd?$AAa?$AAt?$AAe?$AAC?$AAo?$AAn?$AAn?$AAe?$AAc?$AAt?$AAi?$AAo?$AAn?$AAC?$AAo?$AAn?$AAf?$AAi?$AAg?$AA?$AA@ 1000c180     wininet_dll:globals.obj
 0001:0000b1b4       ??_C@_1DM@FPHCLECI@?$AAC?$AAm?$AAG?$AAe?$AAt?$AAT?$AAo?$AAU?$AAp?$AAd?$AAa?$AAt?$AAe?$AAC?$AAo?$AAn?$AAn?$AAe?$AAc?$AAt?$AAi?$AAo?$AAn?$AAC?$AAo?$AAn?$AAf?$AAi?$AAg?$AA?$AA@ 1000c1b4     wininet_dll:globals.obj
 0001:0000b1f0       ??_C@_1CM@IGHBGMFA@?$AAC?$AAm?$AAA?$AAd?$AAd?$AAC?$AAo?$AAn?$AAn?$AAe?$AAc?$AAt?$AAi?$AAo?$AAn?$AAC?$AAo?$AAn?$AAf?$AAi?$AAg?$AA?$AA@ 1000c1f0     wininet_dll:globals.obj
 0001:0000b21c       ??_C@_1CA@BLKHIEBG@?$AAC?$AAm?$AAG?$AAe?$AAt?$AAN?$AAe?$AAx?$AAt?$AAI?$AAp?$AAA?$AAd?$AAd?$AAr?$AA?$AA@ 1000c21c     wininet_dll:globals.obj
 0001:0000b23c       ??_C@_1CC@LIAKENIN@?$AAC?$AAm?$AAG?$AAe?$AAt?$AAF?$AAi?$AAr?$AAs?$AAt?$AAI?$AAp?$AAA?$AAd?$AAd?$AAr?$AA?$AA@ 1000c23c     wininet_dll:globals.obj
 0001:0000b260       ??_C@_1CI@OJEPNJIE@?$AAC?$AAm?$AAR?$AAe?$AAl?$AAe?$AAa?$AAs?$AAe?$AAC?$AAo?$AAn?$AAn?$AAe?$AAc?$AAt?$AAi?$AAo?$AAn?$AA?$AA@ 1000c260     wininet_dll:globals.obj
 0001:0000b288       ??_C@_1CI@FDKABBNC@?$AAC?$AAm?$AAA?$AAc?$AAq?$AAu?$AAi?$AAr?$AAe?$AAC?$AAo?$AAn?$AAn?$AAe?$AAc?$AAt?$AAi?$AAo?$AAn?$AA?$AA@ 1000c288     wininet_dll:globals.obj
 0001:0000b2b0       ??_C@_1DO@EMLEGIHO@?$AAC?$AAm?$AAG?$AAe?$AAt?$AAC?$AAo?$AAn?$AAn?$AAe?$AAc?$AAt?$AAi?$AAo?$AAn?$AAD?$AAe?$AAt?$AAa?$AAi?$AAl?$AAs?$AAB?$AAy?$AAH?$AAa?$AAn?$AAd?$AAl?$AAe?$AA?$AA@ 1000c2b0     wininet_dll:globals.obj
 0001:0000b2f0       ??_C@_1DK@PNAIDCBH@?$AAC?$AAm?$AAG?$AAe?$AAt?$AAN?$AAe?$AAx?$AAt?$AAC?$AAa?$AAn?$AAd?$AAi?$AAd?$AAa?$AAt?$AAe?$AAC?$AAo?$AAn?$AAn?$AAe?$AAc?$AAt?$AAi?$AAo?$AAn?$AA?$AA@ 1000c2f0     wininet_dll:globals.obj
 0001:0000b32c       ??_C@_1DM@MLLDADMM@?$AAC?$AAm?$AAG?$AAe?$AAt?$AAF?$AAi?$AAr?$AAs?$AAt?$AAC?$AAa?$AAn?$AAd?$AAi?$AAd?$AAa?$AAt?$AAe?$AAC?$AAo?$AAn?$AAn?$AAe?$AAc?$AAt?$AAi?$AAo?$AAn?$AA?$AA@ 1000c32c     wininet_dll:globals.obj
 0001:0000b368       ??_C@_1CC@OLENIOLE@?$AAC?$AAm?$AAS?$AAe?$AAt?$AAP?$AAr?$AAe?$AAf?$AAe?$AAr?$AAe?$AAn?$AAc?$AAe?$AAs?$AA?$AA@ 1000c368     wininet_dll:globals.obj
 0001:0000b38c       ??_C@_1CE@DEDFOKHM@?$AAC?$AAm?$AAS?$AAe?$AAt?$AAR?$AAe?$AAq?$AAu?$AAi?$AAr?$AAe?$AAm?$AAe?$AAn?$AAt?$AAs?$AA?$AA@ 1000c38c     wininet_dll:globals.obj
 0001:0000b3b0       ??_C@_1BO@BALBFLOM@?$AAC?$AAm?$AAC?$AAl?$AAo?$AAs?$AAe?$AAS?$AAe?$AAs?$AAs?$AAi?$AAo?$AAn?$AA?$AA@ 1000c3b0     wininet_dll:globals.obj
 0001:0000b3d0       ??_C@_1DC@BCAGLNHJ@?$AAC?$AAm?$AAC?$AAr?$AAe?$AAa?$AAt?$AAe?$AAS?$AAe?$AAs?$AAs?$AAi?$AAo?$AAn?$AAR?$AAe?$AAf?$AAe?$AAr?$AAe?$AAn?$AAc?$AAe?$AA?$AA@ 1000c3d0     wininet_dll:globals.obj
 0001:0000b404       ??_C@_1CA@GAMBCEAI@?$AAC?$AAm?$AAC?$AAr?$AAe?$AAa?$AAt?$AAe?$AAS?$AAe?$AAs?$AAs?$AAi?$AAo?$AAn?$AA?$AA@ 1000c404     wininet_dll:globals.obj
 0001:0000b424       ??_C@_1BI@CEPLBNFP@?$AAC?$AAm?$AAA?$AAp?$AAi?$AAD?$AAe?$AAi?$AAn?$AAi?$AAt?$AA?$AA@ 1000c424     wininet_dll:globals.obj
 0001:0000b43c       ??_C@_1BE@MNPBPLBI@?$AAC?$AAm?$AAA?$AAp?$AAi?$AAI?$AAn?$AAi?$AAt?$AA?$AA@ 1000c43c     wininet_dll:globals.obj
 0001:0000b450       ??_C@_1CK@BGFKMGAO@?$AAC?$AAm?$AAI?$AAs?$AAS?$AAe?$AAr?$AAv?$AAi?$AAc?$AAe?$AAA?$AAv?$AAa?$AAi?$AAl?$AAa?$AAb?$AAl?$AAe?$AA?$AA@ 1000c450     wininet_dll:globals.obj
 0001:0000b47c       ??_C@_1BE@FECGMPDD@?$AAC?$AAm?$AAN?$AAe?$AAt?$AA?4?$AAd?$AAl?$AAl?$AA?$AA@ 1000c47c     wininet_dll:globals.obj
 0001:0000b490       ??_C@_1O@CHBCJGPP@?$AAG?$AAl?$AAo?$AAb?$AAa?$AAl?$AA?$AA@ 1000c490     wininet_dll:globals.obj
 0001:0000b4a0       ??_C@_0EC@HFPHHMLP@Software?2Policies?2Microsoft?2Inte@ 1000c4a0     wininet_dll:globals.obj
 0001:0000b4e4       ??_C@_0DJ@BFBIGAHA@Software?2Microsoft?2Internet?5Expl@ 1000c4e4     wininet_dll:globals.obj
 0001:0000b520       ??_C@_08EEOHOBEO@Settings?$AA@ 1000c520     wininet_dll:globals.obj
 0001:0000b52c       ??_C@_0BF@KEDJHPAH@WarnOnBadCertSending?$AA@ 1000c52c     wininet_dll:globals.obj
 0001:0000b544       ??_C@_0BF@MOCNKIKF@WarnOnBadCertRecving?$AA@ 1000c544     wininet_dll:globals.obj
 0001:0000b55c       ??_C@_0BG@NHGGBHGK@AlwaysDrainOnRedirect?$AA@ 1000c55c     wininet_dll:globals.obj
 0001:0000b574       ??_C@_0BK@DMEMGFAC@WarnOnHTTPSToHTTPRedirect?$AA@ 1000c574     wininet_dll:globals.obj
 0001:0000b590       ??_C@_0BB@DOIPKILJ@WarnAlwaysOnPost?$AA@ 1000c590     wininet_dll:globals.obj
 0001:0000b5a4       ??_C@_0BK@FNMOKHDE@Local?2WininetStartupMutex?$AA@ 1000c5a4     wininet_dll:globals.obj
 0001:0000b5c0       ??_7CmProxyWrapper@@6B@    1000c5c0     wininet_dll:globals.obj
 0001:0000b5d0       ??_C@_1BG@DGFLAFJM@?$AAP?$AAs?$AAD?$AAe?$AAl?$AAP?$AAr?$AAo?$AAx?$AAy?$AA?$AA@ 1000c5d0     wininet_dll:globals.obj
 0001:0000b5e8       ??_C@_1BG@KMDNHBLK@?$AAP?$AAs?$AAS?$AAe?$AAt?$AAP?$AAr?$AAo?$AAx?$AAy?$AA?$AA@ 1000c5e8     wininet_dll:globals.obj
 0001:0000b600       ??_C@_1BO@IACNJJHA@?$AAP?$AAs?$AAF?$AAr?$AAe?$AAe?$AAG?$AAe?$AAt?$AAP?$AAr?$AAo?$AAx?$AAy?$AA?$AA@ 1000c600     wininet_dll:globals.obj
 0001:0000b620       ??_C@_1BG@IJDGPKKE@?$AAP?$AAs?$AAG?$AAe?$AAt?$AAP?$AAr?$AAo?$AAx?$AAy?$AA?$AA@ 1000c620     wininet_dll:globals.obj
 0001:0000b638       ??_C@_1BC@HOOIIPGJ@?$AAP?$AAs?$AAD?$AAe?$AAI?$AAn?$AAi?$AAt?$AA?$AA@ 1000c638     wininet_dll:globals.obj
 0001:0000b64c       ??_C@_1O@DGPDOJBL@?$AAP?$AAs?$AAI?$AAn?$AAi?$AAt?$AA?$AA@ 1000c64c     wininet_dll:globals.obj
 0001:0000b65c       ??_C@_1BK@KHHGHJGF@?$AAP?$AAr?$AAo?$AAx?$AAy?$AAD?$AAB?$AAS?$AA?4?$AAd?$AAl?$AAl?$AA?$AA@ 1000c65c     wininet_dll:globals.obj
 0001:0000b678       ??_C@_0BA@EKPOBHCC@SecureProtocols?$AA@ 1000c678     wininet_dll:globals.obj
 0001:0000b688       ??_C@_0BG@GPFPEMHF@CertificateRevocation?$AA@ 1000c688     wininet_dll:globals.obj
 0001:0000b6a0       ??_C@_0EF@OOPFPNLH@SOFTWARE?2Policies?2Microsoft?2Wind@ 1000c6a0     wininet_dll:globals.obj
 0001:0000b6e8       ??_C@_0O@BLDPJFEC@EnableHttp1_1?$AA@ 1000c6e8     wininet_dll:globals.obj
 0001:0000b6f8       ??_C@_0N@HMOFDCJP@ProxyHttp1?41?$AA@ 1000c6f8     wininet_dll:globals.obj
 0001:0000b708       ??_7PROXY_INFO_GLOBAL@@6B@ 1000c708     wininet_dll:globals.obj
 0001:0000b72c       ??_C@_0P@BDJMKMGF@CmSkipLoopback?$AA@ 1000c72c     wininet_dll:globals.obj
 0001:0000b73c       ??_C@_0BE@DMPMNNKK@BadProxyExpiresTime?$AA@ 1000c73c     wininet_dll:globals.obj
 0001:0000b750       ??_C@_0BB@BGHAENPI@TruncateFileName?$AA@ 1000c750     wininet_dll:globals.obj
 0001:0000b764       ??_C@_0M@BNJGHGDI@UrlEncoding?$AA@ 1000c764     wininet_dll:globals.obj
 0001:0000b770       ??_C@_0N@HGEOGMG@IEXPLORE?4EXE?$AA@ 1000c770     wininet_dll:globals.obj
 0001:0000b780       ??_C@_0BH@NOEAMAM@BypassHTTPNoCacheCheck?$AA@ 1000c780     wininet_dll:globals.obj
 0001:0000b798       ??_C@_0BG@GANKMCHA@BypassSSLNoCacheCheck?$AA@ 1000c798     wininet_dll:globals.obj
 0001:0000b7b0       ??_C@_0BA@LKFEMBBG@EnableHttpTrace?$AA@ 1000c7b0     wininet_dll:globals.obj
 0001:0000b7c0       ??_C@_0BI@OAIHGJAL@DontUseDNSLoadBalancing?$AA@ 1000c7c0     wininet_dll:globals.obj
 0001:0000b7d8       ??_C@_0BD@GMLCGCDO@DisableNT4RasCheck?$AA@ 1000c7d8     wininet_dll:globals.obj
 0001:0000b7ec       ??_C@_0BF@IJLLHMDA@DialupUseLanSettings?$AA@ 1000c7ec     wininet_dll:globals.obj
 0001:0000b804       ??_C@_0O@EFMFANLG@SendExtraCRLF?$AA@ 1000c804     wininet_dll:globals.obj
 0001:0000b814       ??_C@_0BD@KJCFEBED@BypassFtpTimeCheck?$AA@ 1000c814     wininet_dll:globals.obj
 0001:0000b828       ??_C@_0BI@PPIHPFLI@ReleaseSocketDuringAuth?$AA@ 1000c828     wininet_dll:globals.obj
 0001:0000b840       ??_C@_0BL@BCKAMOCB@ReleaseSocketDuring401Auth?$AA@ 1000c840     wininet_dll:globals.obj
 0001:0000b85c       ??_C@_0BF@GGMOJJLH@WpadSearchAllDomains?$AA@ 1000c85c     wininet_dll:globals.obj
 0001:0000b874       ??_C@_0BN@DBANHGE@DisableLegacyPreAuthAsServer?$AA@ 1000c874     wininet_dll:globals.obj
 0001:0000b894       ??_C@_0BN@NAHOIOEK@DisableCmConnectionIteration?$AA@ 1000c894     wininet_dll:globals.obj
 0001:0000b8b4       ??_C@_0BJ@ENLFJPNH@FtpDefaultExpiryTimeSecs?$AA@ 1000c8b4     wininet_dll:globals.obj
 0001:0000b8d0       ??_C@_0BK@OCDKCKBK@HttpDefaultExpiryTimeSecs?$AA@ 1000c8d0     wininet_dll:globals.obj
 0001:0000b8ec       ??_C@_0BD@GKDMGIFC@DisableNTLMPreAuth?$AA@ 1000c8ec     wininet_dll:globals.obj
 0001:0000b900       ??_C@_0BI@PIAAGICB@ScavengeCacheLowerBound?$AA@ 1000c900     wininet_dll:globals.obj
 0001:0000b918       ??_C@_0BE@HCNPHPMO@CertCacheNoValidate?$AA@ 1000c918     wininet_dll:globals.obj
 0001:0000b92c       ??_C@_0BK@CJMBJKD@ScavengeCacheFileLifeTime?$AA@ 1000c92c     wininet_dll:globals.obj
 0001:0000b948       ??_C@_0P@DDFLDCGP@ReceiveTimeOut?$AA@ 1000c948     wininet_dll:globals.obj
 0001:0000b958       ??_C@_0M@NAAJCBOM@SendTimeOut?$AA@ 1000c958     wininet_dll:globals.obj
 0001:0000b964       ??_C@_0P@HLIFFIBN@ConnectRetries?$AA@ 1000c964     wininet_dll:globals.obj
 0001:0000b974       ??_C@_0BC@GPCMCBDH@ServerInfoTimeout?$AA@ 1000c974     wininet_dll:globals.obj
 0001:0000b988       ??_C@_0P@FKGNOGHK@ConnectTimeOut?$AA@ 1000c988     wininet_dll:globals.obj
 0001:0000b998       ??_C@_0BL@JJFGMJCF@MaxConnectionsPer1_0Server?$AA@ 1000c998     wininet_dll:globals.obj
 0001:0000b9b4       ??_C@_0BB@DLLBAKHH@DisableReadRange?$AA@ 1000c9b4     wininet_dll:globals.obj
 0001:0000b9c8       ??_C@_0BB@NNLNHGJB@KeepAliveTimeout?$AA@ 1000c9c8     wininet_dll:globals.obj
 0001:0000b9dc       ??_C@_0BB@HOAMAGHO@MaxHttpRedirects?$AA@ 1000c9dc     wininet_dll:globals.obj
 0001:0000b9f0       ??_C@_0BI@HAANBNML@MaxConnectionsPerServer?$AA@ 1000c9f0     wininet_dll:globals.obj
 0001:0000ba08       ??_C@_0BC@PEBOHHE@UTF8ServerNameRes?$AA@ 1000ca08     wininet_dll:globals.obj
 0001:0000ba1c       ??_C@_0BP@OLNBIEJN@DisableWorkerThreadHibernation?$AA@ 1000ca1c     wininet_dll:globals.obj
 0001:0000ba3c       ??_C@_0BD@FIPNBMPJ@BufferBreakingSize?$AA@ 1000ca3c     wininet_dll:globals.obj
 0001:0000ba50       ??_C@_0BN@FOFNIOFG@DisableBasicOverClearChannel?$AA@ 1000ca50     wininet_dll:globals.obj
 0001:0000ba70       ??_C@_0BN@HMHGJNFJ@Feature_ClientAuthCertFilter?$AA@ 1000ca70     wininet_dll:globals.obj
 0001:0000ba90       ??_C@_0BL@LEMAKDEK@EnableAutoProxyResultCache?$AA@ 1000ca90     wininet_dll:globals.obj
 0001:0000baac       ??_C@_0BP@PEAJODBN@DisplayScriptDownloadFailureUI?$AA@ 1000caac     wininet_dll:globals.obj
 0001:0000bacc       ??_C@_0P@PFCNOFKK@MBCSServername?$AA@ 1000cacc     wininet_dll:globals.obj
 0001:0000badc       ??_C@_0BA@HGNLFOIE@MBCSAPIforCrack?$AA@ 1000cadc     wininet_dll:globals.obj
 0001:0000baec       ??_C@_0BB@EHKBHPDD@FromCacheTimeout?$AA@ 1000caec     wininet_dll:globals.obj
 0001:0000bb00       ??_C@_0BB@KDAFDAI@DisableKeepAlive?$AA@ 1000cb00     wininet_dll:globals.obj
 0001:0000bb14       ??_C@_0BA@IJNBKDJO@DisablePassport?$AA@ 1000cb14     wininet_dll:globals.obj
[...]
 0002:00002510       ?pfnSHInitExtraControls@@3P6AHXZA 1008b510     wininet_inetui:ierrdlg.obj
 0002:00002514       ?pfnSHInitDialog@@3P6AHPAUtagSHINITDLGINFO@@@ZA 1008b514     wininet_inetui:ierrdlg.obj
 0002:00002518       ?g_hNetuiHandle@@3PAUHINSTANCE__@@A 1008b518     wininet_inetui:ierrdlg.obj
 0002:0000251c       ?ThreadInfoList@@3USERIALIZED_LIST@@A 1008b51c     wininet_dll:thrdinfo.obj
 0002:00002540       g_hinstMUI                 1008b540     wininet_dll:dllentry.obj
 0002:00002544       g_hinstMUIParent           1008b544     wininet_dll:dllentry.obj
 0002:00002548       ?g_pThreadPool@@3PAVSVSThreadPool@@A 1008b548     wininet_dll:dllentry.obj
 0002:0000254c       GeneralInitCritSec         1008b54c     wininet_dll:dllentry.obj
 0002:0000256c       ?g_fConnChecked@@3HA       1008b56c     wininet_dll:autodial.obj
 0002:00002570       ?g_hProxyRegMutex@@3PAXA   1008b570     wininet_dll:autodial.obj
 0002:00002574       ?g_fAutodialInitialized@@3HA 1008b574     wininet_dll:autodial.obj
 0002:000025a8       dwdwSessionStartTime       1008b5a8     wininet_dll:globals.obj
 0002:000025b0       ?g_fHasCredsTimestamp@@3HA 1008b5b0     wininet_dll:globals.obj
 0002:000025b4       ?g_TimeCredsEntered@@3U_SYSTEMTIME@@A 1008b5b4     wininet_dll:globals.obj
 0002:000025c4       ?g_sqmSession@@3KA         1008b5c4     wininet_dll:globals.obj
 0002:000025c8       ?g_pwcUserAndPassword@@3PAUPWC@@A 1008b5c8     wininet_dll:globals.obj
 0002:000025d0       vszCurrentUser             1008b5d0     wininet_dll:globals.obj
 0002:000026d4       GlobalDllHandle            1008b6d4     wininet_dll:globals.obj
 0002:000026d8       ?GlobalShowDialogFullScreen@@3HA 1008b6d8     wininet_dll:globals.obj
 0002:000026dc       ?GlobalTimeOutDialogs@@3HA 1008b6dc     wininet_dll:globals.obj
 0002:000026e0       ?GlobalCmSkipLoopback@@3HA 1008b6e0     wininet_dll:globals.obj
 0002:000026e4       GlobalDataInitialized      1008b6e4     wininet_dll:globals.obj
 0002:000026e8       GlobalTruncateFileName     1008b6e8     wininet_dll:globals.obj
 0002:000026ec       InternetBuildNumber        1008b6ec     wininet_dll:globals.obj
 0002:000026f0       GlobalHaveInternetOpened   1008b6f0     wininet_dll:globals.obj
 0002:000026f4       GlobalBypassEditedEntry    1008b6f4     wininet_dll:globals.obj
 0002:000026f8       GlobalCacheMode            1008b6f8     wininet_dll:globals.obj
 0002:000026fc       g_bHibernating             1008b6fc     wininet_dll:globals.obj
 0002:00002700       GlobalCertCacheNoValidate  1008b700     wininet_dll:globals.obj
 0002:00002704       InDllCleanup               1008b704     wininet_dll:globals.obj
 0002:00002708       GlobalPleaseQuitWhatYouAreDoing 1008b708     wininet_dll:globals.obj
 0002:0000270c       GlobalDynaUnload           1008b70c     wininet_dll:globals.obj
 0002:00002710       GlobalDisableKeepAlive     1008b710     wininet_dll:globals.obj
 0002:00002714       GlobalDisablePassport      1008b714     wininet_dll:globals.obj
 0002:00002718       GlobalEnableHttp1_1        1008b718     wininet_dll:globals.obj
 0002:0000271c       GlobalDisableReadRange     1008b71c     wininet_dll:globals.obj
 0002:00002720       GlobalUseCNameForSPN       1008b720     wininet_dll:globals.obj
 0002:00002724       GlobalIsProcessExplorer    1008b724     wininet_dll:globals.obj
 0002:00002728       GlobalEnableUtf8Encoding   1008b728     wininet_dll:globals.obj
 0002:0000272c       GlobalSafeToAssumeUTF8     1008b72c     wininet_dll:globals.obj
 0002:00002730       GlobalSslStateCount        1008b730     wininet_dll:globals.obj
 0002:00002734       GlobalProxyVersionCount    1008b734     wininet_dll:globals.obj
 0002:00002738       GlobalAutoProxyNeedsInit   1008b738     wininet_dll:globals.obj
 0002:0000273c       GlobalAutoProxyInInit      1008b73c     wininet_dll:globals.obj
 0002:00002740       GlobalDisplayScriptDownloadFailureUI 1008b740     wininet_dll:globals.obj
 0002:00002744       GlobalRetryHeaderOnlyPost  1008b744     wininet_dll:globals.obj
 0002:00002748       GlobalUseUTF8ServerForNameRes 1008b748     wininet_dll:globals.obj
 0002:0000274c       fDontUseDNSLoadBalancing   1008b74c     wininet_dll:globals.obj
 0002:00002750       GlobalDisableNT4RasCheck   1008b750     wininet_dll:globals.obj
 0002:00002754       GlobalUseLanSettings       1008b754     wininet_dll:globals.obj
 0002:00002758       GlobalBypassFtpTimeCheck   1008b758     wininet_dll:globals.obj
 0002:0000275c       GlobalEnableBufferBreaking 1008b75c     wininet_dll:globals.obj
 0002:00002760       dwdwSessionStartTimeDefaultDelta 1008b760     wininet_dll:globals.obj
 0002:00002768       GlobalSkipPostRetryIfWriteFile 1008b768     wininet_dll:globals.obj
 0002:0000276c       GlobalPermitCacheForAuthenticatedFTP 1008b76c     wininet_dll:globals.obj
 0002:00002770       GlobalDisableUnicodeHandleClosingCallback 1008b770     wininet_dll:globals.obj
 0002:00002774       GlobalDigestNoExtrasInURI  1008b774     wininet_dll:globals.obj
 0002:00002778       vszMimeExclusionList       1008b778     wininet_dll:globals.obj
 0002:0000277c       vszHeaderExclusionList     1008b77c     wininet_dll:globals.obj
 0002:00002780       lpvrgszMimeExclusionTable  1008b780     wininet_dll:globals.obj
 0002:00002784       lpvrgszHeaderExclusionTable 1008b784     wininet_dll:globals.obj
 0002:00002788       lpvrgdwMimeExclusionTableOfSizes 1008b788     wininet_dll:globals.obj
 0002:0000278c       vdwMimeExclusionTableCount 1008b78c     wininet_dll:globals.obj
 0002:00002790       vdwHeaderExclusionTableCount 1008b790     wininet_dll:globals.obj
 0002:00002794       GlobalWarnOnPost           1008b794     wininet_dll:globals.obj
 0002:00002798       GlobalWarnAlways           1008b798     wininet_dll:globals.obj
 0002:0000279c       GlobalWarnOnZoneCrossing   1008b79c     wininet_dll:globals.obj
 0002:000027a0       GlobalWarnOnBadCertSending 1008b7a0     wininet_dll:globals.obj
 0002:000027a4       GlobalDisableSslCaching    1008b7a4     wininet_dll:globals.obj
 0002:000027a8       GlobalAlwaysDrainOnRedirect 1008b7a8     wininet_dll:globals.obj
 0002:000027ac       GlobalBypassHTTPNoCacheCheck 1008b7ac     wininet_dll:globals.obj
 0002:000027b0       GlobalBypassSSLNoCacheCheck 1008b7b0     wininet_dll:globals.obj
 0002:000027b4       GlobalSettingsVersion      1008b7b4     wininet_dll:globals.obj
 0002:000027b8       GlobalSettingsLoaded       1008b7b8     wininet_dll:globals.obj
 0002:000027bc       GlobalDisableNTLMPreAuth   1008b7bc     wininet_dll:globals.obj
 0002:000027c0       GlobalDisableLegacyPreAuthAsServer 1008b7c0     wininet_dll:globals.obj
 0002:000027c4       vdwCurrentUserLen          1008b7c4     wininet_dll:globals.obj
 0002:000027c8       GlobalCookiePolicyChanged  1008b7c8     wininet_dll:globals.obj
 0002:000027cc       g_HMODSHFolder             1008b7cc     wininet_dll:globals.obj
 0002:000027d0       g_HMODShell32              1008b7d0     wininet_dll:globals.obj
 0002:000027d4       ?g_hAutodialMutex@@3PAXA   1008b7d4     wininet_dll:globals.obj
 0002:000027d8       ?g_pNetworkChange@@3PAVNLA_NET_CHANGE@@A 1008b7d8     wininet_dll:globals.obj
 0002:000027dc       GlobalSuppressCookiesPolicy 1008b7dc     wininet_dll:globals.obj
 0002:000027e0       ?GlobalSpecialDomains@@3PADA 1008b7e0     wininet_dll:globals.obj
 0002:000027e4       ?GlobalSDOffsets@@3PAPADA  1008b7e4     wininet_dll:globals.obj
 0002:000027e8       ?GlobalEnableNegotiate@@3KA 1008b7e8     wininet_dll:globals.obj
 0002:000027ec       ?GlobalDisableBasicOverClearChannel@@3KA 1008b7ec     wininet_dll:globals.obj
 0002:000027f0       GlobalIsProcessNtService   1008b7f0     wininet_dll:globals.obj
 0002:000027f4       IAPDCritSec                1008b7f4     wininet_dll:globals.obj
 0002:0000280c       ZoneMgrCritSec             1008b80c     wininet_dll:globals.obj
 0002:00002824       ?GlobalProxyInfo@@3VPROXY_INFO_GLOBAL@@A 1008b824     wininet_dll:globals.obj
 0002:00002a14       LockRequestFileCritSec     1008ba14     wininet_dll:globals.obj
 0002:00002a2c       GlobalUserName             1008ba2c     wininet_dll:globals.obj
 0002:00002a58       GlobalServerInfoList       1008ba58     wininet_dll:globals.obj
 0002:00002a7c       GlobalObjectList           1008ba7c     wininet_dll:globals.obj
 0002:00002aa0       g_csRasMutex               1008baa0     wininet_dll:globals.obj
 0002:00002ab8       GlobalEnableRevocation     1008bab8     wininet_dll:globals.obj
 0002:00002abc       GlobalCertCache            1008babc     wininet_dll:globals.obj
 0002:00003b6c       ?g_cmProxy@@3PAVCmProxyWrapper@@A 1008cb6c     wininet_dll:CmMisc.obj
 0002:00003b70       pCePerfInternal            1008cb70     wininet_dll:wininetperf.obj
 0002:00003b74       ?g_pPerf@@3PAVWininetPerf@@A 1008cb74     wininet_dll:wininetperf.obj
 0002:00003b78       ?g_prkInternetSettings@@3PAVCRefdKey@@A 1008cb78     wininet_dll:registry_dll.obj
 0002:00003b7c       ?szDir@@3PADA              1008cb7c     wininet_dll:readhtml.obj
 0002:00003b9c       ?szSearch@@3PADA           1008cb9c     wininet_dll:readhtml.obj
 0002:00003bbc       ?g_prkBase@@3PAVCRefdKey@@A 1008cbbc     wininet_dll:proxreg.obj
 0002:00003bc0       ?g_fGetHostByNameNULLFails@@3HA 1008cbc0     wininet_dll:proxreg.obj
 0002:00003bc4       ?BlockedRequestQueue@@3USERIALIZED_LIST@@A 1008cbc4     wininet_dll:blocklst.obj
 0002:00003be8       g_InitialisedStaticBlock   1008cbe8     gzip:api.obj
 0002:00003e00       ?g_FeatureArray@@3VCFeatureArray@@A 1008ce00     ieshare:features.obj
 0002:00003f34       g_pvAllocData              1008cf34     ceosutil:utilmem.obj
 0002:00003f38       g_pvFreeData               1008cf38     ceosutil:utilmem.obj
 0002:00003f3c       ?g_pWaitForEventsMgr@@3PAVCWaitForEventsManager@@A 1008cf3c     ceosutil:regwait.obj
 0002:00003f44       ?g_cTimerQueueCookie@@3KA  1008cf44     ceosutil:TimerQueue.obj
 0002:00003f48       ?g_pCeOsUtilThreadPool@@3PAVSVSThreadPool@@A 1008cf48     ceosutil:TimerQueue.obj
 0002:00003f4c       ?g_pDefaultTimer@@3PAVCTimerManager@@A 1008cf4c     ceosutil:TimerQueue.obj
 0002:00003f50       ?g_pTimerBlockList@@3PAVSVSLinkManager@@A 1008cf50     ceosutil:TimerQueue.obj
 0002:00003f54       ?g_pTimerManagerLock@@3PAVSVSSynch@@A 1008cf54     ceosutil:TimerQueue.obj
 0002:00003f58       ?g_pTimerManagerList@@3PAVSVSLinkManager@@A 1008cf58     ceosutil:TimerQueue.obj
 0002:0000401c       ?g_pcsLock@@3PAUCRITICAL_SECTION@@A 1008d01c     sqmproxy:sqmproxy.obj
 0002:00004020       _exitflag                  1008d020     corelib0:cexit.obj
 0002:00004024       pSslCrackCertificate       1008d024     wininet_common:secinit.obj
 0002:00004028       pWinVerifyTrust            1008d028     wininet_common:secinit.obj
 0002:0000402c       pSslFreeCertificate        1008d02c     wininet_common:secinit.obj
 0002:00004030       GlobalSecFuncTable         1008d030     wininet_common:secinit.obj
 0002:00004034       ?hSecurity@@3PAUHINSTANCE__@@A 1008d034     wininet_common:secinit.obj
 0002:00004038       ?hWinTrust@@3PAUHINSTANCE__@@A 1008d038     wininet_common:secinit.obj
 0002:0000403c       g_fDoSpecialMagicForSGCCerts 1008d03c     wininet_common:secinit.obj
 0002:00004040       g_hMyCertStore             1008d040     wininet_common:secinit.obj
 0002:00004044       g_bOpenMyCertStore         1008d044     wininet_common:secinit.obj
 0002:00004048       g_CryptInstallDefaultContext 1008d048     wininet_common:secinit.obj
 0002:0000404c       g_CryptUninstallDefaultContext 1008d04c     wininet_common:secinit.obj
 0002:00004050       g_CertFindChainInStore     1008d050     wininet_common:secinit.obj
 0002:00004054       g_CertFreeCertificateChain 1008d054     wininet_common:secinit.obj
 0002:00004058       InitializationSecLock      1008d058     wininet_common:secinit.obj
 0002:00004070       dwEncFlags                 1008d070     wininet_common:ssocket.obj
 0002:00004078       g_cSspiContexts            1008d078     <common>
 0002:0000407c       g_hSecLib                  1008d07c     <common>
 0002:00004080       g_pSspData                 1008d080     <common>
 0002:000040a0       g_StaticDistanceTreeTable  1008d0a0     <common>
 0002:000040e0       g_LengthLookup             1008d0e0     <common>
 0002:000041e0       g_FastEncoderTreeLength    1008d1e0     <common>
 0002:00004200       g_DistLookup               1008d200     <common>
 0002:00004400       g_StaticLiteralTreeLength  1008d400     <common>
 0002:00004520       g_StaticDistanceTreeCode   1008d520     <common>
 0002:00004560       g_StaticLiteralTreeTable   1008d560     <common>
 0002:00004960       g_FastEncoderPostTreeBitbuf 1008d960     <common>
 0002:00004964       g_FastEncoderPostTreeBitcount 1008d964     <common>
 0002:00004980       g_FastEncoderTreeStructureData 1008d980     <common>
 0002:00004b80       g_StaticLiteralTreeCode    1008db80     <common>
 0002:00004dc0       __onexitend                1008ddc0     <common>
 0002:00004dc4       __onexitbegin              1008ddc4     <common>
 0002:00004dc8       g_pcsExit                  1008ddc8     <common>
 0002:00004dcc       _pRawDllMain               1008ddcc     <common>

 entry point at        0001:0007e578

 Static symbols

 0001:0002f4ec       ?IsVerySpecialDomain@@YAHPBDHH@Z 100304ec f   wininet_http:cookie.obj
 0001:0002f724       ?IsDomainLegal@@YAHPBD0@Z  10030724 f   wininet_http:cookie.obj
 0001:0002f988       ?ReverseString@@YAXPAD@Z   10030988 f   wininet_http:cookie.obj
 0001:0002f9e4       ?PathAndRDomainFromURL@@YAHPBDPAPAD1PAHH@Z 100309e4 f   wininet_http:cookie.obj
 0001:000306e8       ?ScanNumber@@YAPADPADPAK@Z 100316e8 f   wininet_http:cookie.obj
 0001:00030834       ?ParseToken@@YAHPAUPARSE@@HH@Z 10031834 f   wininet_http:cookie.obj
 0001:00030990       ?ParseHeader@@YAXPADPAPAD111PAKPAU_FILETIME@@@Z 10031990 f   wininet_http:cookie.obj
 0001:00030d8c       ?DestroyInternetCookie@@YAXPAU_INTERNET_COOKIE@@@Z 10031d8c f   wininet_http:cookie.obj
 0001:00030e20       ?MakeInternetCookie@@YAPAU_INTERNET_COOKIE@@PBDPAD111KU_FILETIME@@0@Z 10031e20 f   wininet_http:cookie.obj
 0001:00075e40       decodeBlock                10076e40 f   gzip:inflate.obj
 0001:000786e0       countLen                   100796e0 f   gzip:deftree.obj
 0001:00078750       downHeap                   10079750 f   gzip:deftree.obj
 0001:00079204       ?_QueryFeatureControlPolicySetting@@YA_NPAUHKEY__@@PBG1HPAK@Z 1007a204 f   ieshare:features.obj
 0001:00079310       ?_QueryFeatureControlPreferenceSetting@@YA_NPAUHKEY__@@PBG1HPAK@Z 1007a310 f   ieshare:features.obj
 0001:00079cac       ?IERegInit@@YAXXZ          1007acac f   ieshare:ierapi.obj
 0001:0007b118       ?FindFileDataCopyW2A@@YAXPAU_WIN32_FIND_DATAA@@PAU_WIN32_FIND_DATAW@@@Z 1007c118 f   cecommon:filesysa.obj
 0001:0007e488       _DllMainCRTStartupHelper   1007f488 f   corelib0:pegdmain.obj
 0001:0007e890       doexit                     1007f890 f   corelib0:cexit.obj
 0001:00084f9c       ??__E?_factory@?$singleton@V?$free_list@$0GE@Vallocator@ce@@@ce@@$03V?$static_allocator@V?$free_list@$0GE@Vallocator@ce@@@ce@@$03@2@@ce@@1Ulock_factory@12@A@@YAXXZ 10085f9c f   dll_entry_point.obj
 0001:00084fa0       ??__EInitializationLock@@YAXXZ 10085fa0 f   wininet_common:iwinsock.obj
 0001:00084fac       ??__EResolverCache@@YAXXZ  10085fac f   wininet_common:rescache.obj
 0001:00084fd8       ??__EHandleMapCritSec@@YAXXZ 10085fd8 f   wininet_common:handle.obj
 0001:00084fe4       ??__EFtpSessionList@@YAXXZ 10085fe4 f   wininet_ftp:session.obj
 0001:00084ff0       ??__Es_csCookieJar@@YAXXZ  10085ff0 f   wininet_http:cookie.obj
 0001:00084ffc       ??__EcookieUIhistory@@YAXXZ 10085ffc f   wininet_http:cookie.obj
 0001:00085028       ??__E?cookiePrefsCache@CCookieSettings@@0VCP3PSettingsCache@@A@@YAXXZ 10086028 f   wininet_http:cookiepolicy.obj
 0001:00085064       ??__EhttpfiltRPA@@YAXXZ    10086064 f   wininet_httpauth:httpfilt.obj
 0001:00085070       ??__Eg_crstAuth@@YAXXZ     10086070 f   wininet_httpauth:splugin.obj
 0001:0008507c       ??__EGlobalCacheCritSect@@YAXXZ 1008607c f   wininet_urlcache:initglob.obj
 0001:00085088       ??__Es_provID@@YAXXZ       10086088 f   wininet_inetui:persist.obj
 0001:000850c0       ??__EThreadInfoList@@YAXXZ 100860c0 f   wininet_dll:thrdinfo.obj
 0001:000850cc       ??__EGeneralInitCritSec@@YAXXZ 100860cc f   wininet_dll:dllentry.obj
 0001:000850d8       ??__EGlobalEnableRevocation@@YAXXZ 100860d8 f   wininet_dll:globals.obj
 0001:00085104       ??__EGlobalObjectList@@YAXXZ 10086104 f   wininet_dll:globals.obj
 0001:00085130       ??__EGlobalServerInfoList@@YAXXZ 10086130 f   wininet_dll:globals.obj
 0001:0008515c       ??__EGlobalCertCache@@YAXXZ 1008615c f   wininet_dll:globals.obj
 0001:00085168       ??__ELockRequestFileCritSec@@YAXXZ 10086168 f   wininet_dll:globals.obj
 0001:00085174       ??__EZoneMgrCritSec@@YAXXZ 10086174 f   wininet_dll:globals.obj
 0001:00085180       ??__EIAPDCritSec@@YAXXZ    10086180 f   wininet_dll:globals.obj
 0001:0008518c       ??__Eg_csRasMutex@@YAXXZ   1008618c f   wininet_dll:globals.obj
 0001:00085198       ??__EGlobalUserName@@YAXXZ 10086198 f   wininet_dll:globals.obj
 0001:000851b8       ??__EGlobalProxyInfo@@YAXXZ 100861b8 f   wininet_dll:globals.obj
 0001:00085208       ??__Eg_cm@@YAXXZ           10086208 f   wininet_dll:CmMisc.obj
 0001:00085214       ??__EBlockedRequestQueue@@YAXXZ 10086214 f   wininet_dll:blocklst.obj
 0001:00085240       ??__Eg_FeatureArray@@YAXXZ 10086240 f   ieshare:features.obj
 0001:0008526c       ??__EInitializationSecLock@@YAXXZ 1008626c f   wininet_common:secinit.obj
 0001:00085284       ??__FInitializationLock@@YAXXZ 10086284 f   wininet_common:iwinsock.obj
 0001:000852b0       ??__FResolverCache@@YAXXZ  100862b0 f   wininet_common:rescache.obj
 0001:000852dc       ??__FHandleMapCritSec@@YAXXZ 100862dc f   wininet_common:handle.obj
 0001:00085308       ??__FFtpSessionList@@YAXXZ 10086308 f   wininet_ftp:session.obj
 0001:00085334       ??__FcookieUIhistory@@YAXXZ 10086334 f   wininet_http:cookie.obj
 0001:00085340       ??__Fs_csCookieJar@@YAXXZ  10086340 f   wininet_http:cookie.obj
 0001:0008536c       ??__FInvalidSettings@?1??GetSettings@CCookieSettings@@SA_NPAPAV1@KH@Z@YAXXZ 1008636c f   wininet_http:cookiepolicy.obj
 0001:00085378       ??__F?cookiePrefsCache@CCookieSettings@@0VCP3PSettingsCache@@A@@YAXXZ 10086378 f   wininet_http:cookiepolicy.obj
 0001:00085384       ??__FhttpfiltRPA@@YAXXZ    10086384 f   wininet_httpauth:httpfilt.obj
 0001:000853b0       ??__Fg_crstAuth@@YAXXZ     100863b0 f   wininet_httpauth:splugin.obj
 0001:000853dc       ??__FGlobalCacheCritSect@@YAXXZ 100863dc f   wininet_urlcache:initglob.obj
 0001:00085408       ??__FThreadInfoList@@YAXXZ 10086408 f   wininet_dll:thrdinfo.obj
 0001:00085434       ??__FGeneralInitCritSec@@YAXXZ 10086434 f   wininet_dll:dllentry.obj
 0001:00085460       ??__FGlobalObjectList@@YAXXZ 10086460 f   wininet_dll:globals.obj
 0001:0008548c       ??__FGlobalServerInfoList@@YAXXZ 1008648c f   wininet_dll:globals.obj
 0001:000854b8       ??__FLockRequestFileCritSec@@YAXXZ 100864b8 f   wininet_dll:globals.obj
 0001:000854e4       ??__FZoneMgrCritSec@@YAXXZ 100864e4 f   wininet_dll:globals.obj
 0001:00085510       ??__FIAPDCritSec@@YAXXZ    10086510 f   wininet_dll:globals.obj
 0001:0008553c       ??__Fg_csRasMutex@@YAXXZ   1008653c f   wininet_dll:globals.obj
 0001:00085568       ??__FGlobalUserName@@YAXXZ 10086568 f   wininet_dll:globals.obj
 0001:00085574       ??__FGlobalCertCache@@YAXXZ 10086574 f   wininet_dll:globals.obj
 0001:000855a0       ??__FGlobalProxyInfo@@YAXXZ 100865a0 f   wininet_dll:globals.obj
 0001:000855bc       ??__Fg_cm@@YAXXZ           100865bc f   wininet_dll:CmMisc.obj
 0001:000855f0       ??__FBlockedRequestQueue@@YAXXZ 100865f0 f   wininet_dll:blocklst.obj
 0001:0008561c       ??__Fg_FeatureArray@@YAXXZ 1008661c f   ieshare:features.obj
 0001:00085628       ??__FInitializationSecLock@@YAXXZ 10086628 f   wininet_common:secinit.obj
